2026-09-27 12:41:46,180 | INFO | task_id=22 bddl=/project/peilab/why/RoboMemArena/bddl/22_pour_tomato_cookies_microwave.bddl vlm_ckpt=/project/peilab/why/RoboMemArena/checkpoints/PrediMem/vlm_tasks1to26_ckpt74500
2026-09-27 12:41:46,182 | INFO | [redact] enabled task=22 registered_phrases=0 terms=[]
2026-09-27 12:41:47,878 | INFO | async VLM enabled: single-slot subtask buffer
2026-09-27 12:41:48,058 | INFO | [redact] enabled task=22 registered_phrases=0 terms=[]
2026-09-27 12:41:48,111 | INFO | [t=10] VLA chunk prompt=Pour tomato sauce over cookies twice, then put the cookies into the microwave.
2026-09-27 12:41:48,359 | INFO | [t=20] VLA chunk prompt=Pour tomato sauce over cookies twice, then put the cookies into the microwave.
2026-09-27 12:41:48,610 | INFO | [t=30] VLA chunk prompt=Pour tomato sauce over cookies twice, then put the cookies into the microwave.
2026-09-27 12:41:48,862 | INFO | [t=40] VLA chunk prompt=Pour tomato sauce over cookies twice, then put the cookies into the microwave.
2026-09-27 12:41:49,108 | INFO | [t=50] VLA chunk prompt=Pour tomato sauce over cookies twice, then put the cookies into the microwave.
2026-09-27 12:41:49,360 | INFO | [t=60] VLA chunk prompt=Pour tomato sauce over cookies twice, then put the cookies into the microwave.
2026-09-27 12:41:49,612 | INFO | [t=70] VLA chunk prompt=Pour tomato sauce over cookies twice, then put the cookies into the microwave.
2026-09-27 12:41:49,854 | INFO | [t=80] VLA chunk prompt=Pour tomato sauce over cookies twice, then put the cookies into the microwave.
2026-09-27 12:41:50,108 | INFO | [t=90] VLA chunk prompt=Pour tomato sauce over cookies twice, then put the cookies into the microwave.
2026-09-27 12:41:50,365 | INFO | [t=100] VLA chunk prompt=Pour tomato sauce over cookies twice, then put the cookies into the microwave.
2026-09-27 12:41:50,619 | INFO | [t=110] VLA chunk prompt=Pour tomato sauce over cookies twice, then put the cookies into the microwave.
2026-09-27 12:41:50,883 | INFO | [t=120] VLA chunk prompt=Pour tomato sauce over cookies twice, then put the cookies into the microwave.
2026-09-27 12:41:51,160 | INFO | [t=130] VLA chunk prompt=Pour tomato sauce over cookies twice, then put the cookies into the microwave.
2026-09-27 12:41:51,438 | INFO | [t=140] VLA chunk prompt=Pour tomato sauce over cookies twice, then put the cookies into the microwave.
2026-09-27 12:41:51,716 | INFO | [t=150] VLA chunk prompt=Pour tomato sauce over cookies twice, then put the cookies into the microwave.
2026-09-27 12:41:52,006 | INFO | [t=160] VLA chunk prompt=Pour tomato sauce over cookies twice, then put the cookies into the microwave.
2026-09-27 12:41:52,212 | INFO | API VLM @t=0 task=22 subtask=Reach for and lift the tomato sauce bottle. keyframes=[]
2026-09-27 12:41:52,214 | INFO | [redact] enabled task=22 registered_phrases=0 terms=[]
2026-09-27 12:41:52,274 | INFO | [t=170] VLM prompt update from step=0: Reach for and lift the tomato sauce bottle.
2026-09-27 12:41:52,327 | INFO | [t=170] VLA chunk prompt=Reach for and lift the tomato sauce bottle.
2026-09-27 12:41:52,630 | INFO | [t=180] VLA chunk prompt=Reach for and lift the tomato sauce bottle.
2026-09-27 12:41:52,929 | INFO | [t=190] VLA chunk prompt=Reach for and lift the tomato sauce bottle.
2026-09-27 12:41:53,230 | INFO | [t=200] VLA chunk prompt=Reach for and lift the tomato sauce bottle.
2026-09-27 12:41:53,535 | INFO | [t=210] VLA chunk prompt=Reach for and lift the tomato sauce bottle.
2026-09-27 12:41:53,847 | INFO | [t=220] VLA chunk prompt=Reach for and lift the tomato sauce bottle.
2026-09-27 12:41:54,165 | INFO | [t=230] VLA chunk prompt=Reach for and lift the tomato sauce bottle.
2026-09-27 12:41:54,488 | INFO | [t=240] VLA chunk prompt=Reach for and lift the tomato sauce bottle.
2026-09-27 12:41:54,813 | INFO | [t=250] VLA chunk prompt=Reach for and lift the tomato sauce bottle.
2026-09-27 12:41:55,145 | INFO | [t=260] VLA chunk prompt=Reach for and lift the tomato sauce bottle.
2026-09-27 12:41:55,480 | INFO | [t=270] VLA chunk prompt=Reach for and lift the tomato sauce bottle.
2026-09-27 12:41:55,816 | INFO | [t=280] VLA chunk prompt=Reach for and lift the tomato sauce bottle.
2026-09-27 12:41:56,164 | INFO | [t=290] VLA chunk prompt=Reach for and lift the tomato sauce bottle.
2026-09-27 12:41:56,493 | INFO | [t=300] VLA chunk prompt=Reach for and lift the tomato sauce bottle.
2026-09-27 12:41:56,820 | INFO | [t=310] VLA chunk prompt=Reach for and lift the tomato sauce bottle.
2026-09-27 12:41:57,096 | INFO | API VLM @t=155 task=22 subtask=Grasp the tomato sauce bottle and lift it off the table. keyframes=[]
2026-09-27 12:41:57,098 | INFO | [t=320] VLM prompt update from step=155: Grasp the tomato sauce bottle and lift it off the table.
2026-09-27 12:41:57,099 | INFO | [redact] enabled task=22 registered_phrases=0 terms=[]
2026-09-27 12:41:57,151 | INFO | [t=320] VLA chunk prompt=Grasp the tomato sauce bottle and lift it off the table.
2026-09-27 12:41:57,484 | INFO | [t=330] VLA chunk prompt=Grasp the tomato sauce bottle and lift it off the table.
2026-09-27 12:41:57,811 | INFO | [t=340] VLA chunk prompt=Grasp the tomato sauce bottle and lift it off the table.
2026-09-27 12:41:58,139 | INFO | [t=350] VLA chunk prompt=Grasp the tomato sauce bottle and lift it off the table.
2026-09-27 12:41:58,463 | INFO | [t=360] VLA chunk prompt=Grasp the tomato sauce bottle and lift it off the table.
2026-09-27 12:41:58,798 | INFO | [t=370] VLA chunk prompt=Grasp the tomato sauce bottle and lift it off the table.
2026-09-27 12:41:59,125 | INFO | [t=380] VLA chunk prompt=Grasp the tomato sauce bottle and lift it off the table.
2026-09-27 12:41:59,450 | INFO | [t=390] VLA chunk prompt=Grasp the tomato sauce bottle and lift it off the table.
2026-09-27 12:41:59,769 | INFO | [t=400] VLA chunk prompt=Grasp the tomato sauce bottle and lift it off the table.
2026-09-27 12:42:00,090 | INFO | [t=410] VLA chunk prompt=Grasp the tomato sauce bottle and lift it off the table.
2026-09-27 12:42:00,414 | INFO | [t=420] VLA chunk prompt=Grasp the tomato sauce bottle and lift it off the table.
2026-09-27 12:42:00,733 | INFO | [t=430] VLA chunk prompt=Grasp the tomato sauce bottle and lift it off the table.
2026-09-27 12:42:01,052 | INFO | [t=440] VLA chunk prompt=Grasp the tomato sauce bottle and lift it off the table.
2026-09-27 12:42:01,313 | INFO | API VLM @t=305 task=22 subtask=Grasp the tomato sauce bottle and lift it clear of the tabletop. keyframes=[]
2026-09-27 12:42:01,315 | INFO | [redact] enabled task=22 registered_phrases=0 terms=[]
2026-09-27 12:42:01,318 | INFO | [t=450] VLM prompt update from step=305: Grasp the tomato sauce bottle and lift it clear of the tabletop.
2026-09-27 12:42:01,371 | INFO | [t=450] VLA chunk prompt=Grasp the tomato sauce bottle and lift it clear of the tabletop.
2026-09-27 12:42:01,694 | INFO | [t=460] VLA chunk prompt=Grasp the tomato sauce bottle and lift it clear of the tabletop.
2026-09-27 12:42:02,021 | INFO | [t=470] VLA chunk prompt=Grasp the tomato sauce bottle and lift it clear of the tabletop.
2026-09-27 12:42:02,340 | INFO | [t=480] VLA chunk prompt=Grasp the tomato sauce bottle and lift it clear of the tabletop.
2026-09-27 12:42:02,657 | INFO | [t=490] VLA chunk prompt=Grasp the tomato sauce bottle and lift it clear of the tabletop.
2026-09-27 12:42:02,974 | INFO | [t=500] VLA chunk prompt=Grasp the tomato sauce bottle and lift it clear of the tabletop.
2026-09-27 12:42:03,294 | INFO | [t=510] VLA chunk prompt=Grasp the tomato sauce bottle and lift it clear of the tabletop.
2026-09-27 12:42:03,616 | INFO | [t=520] VLA chunk prompt=Grasp the tomato sauce bottle and lift it clear of the tabletop.
2026-09-27 12:42:03,938 | INFO | [t=530] VLA chunk prompt=Grasp the tomato sauce bottle and lift it clear of the tabletop.
2026-09-27 12:42:04,258 | INFO | [t=540] VLA chunk prompt=Grasp the tomato sauce bottle and lift it clear of the tabletop.
2026-09-27 12:42:04,574 | INFO | [t=550] VLA chunk prompt=Grasp the tomato sauce bottle and lift it clear of the tabletop.
2026-09-27 12:42:04,890 | INFO | [t=560] VLA chunk prompt=Grasp the tomato sauce bottle and lift it clear of the tabletop.
2026-09-27 12:42:05,213 | INFO | [t=570] VLA chunk prompt=Grasp the tomato sauce bottle and lift it clear of the tabletop.
2026-09-27 12:42:05,537 | INFO | [t=580] VLA chunk prompt=Grasp the tomato sauce bottle and lift it clear of the tabletop.
2026-09-27 12:42:05,784 | INFO | API VLM @t=435 task=22 subtask=Reach down, grasp the tomato sauce bottle securely, and lift it off the table. keyframes=[]
2026-09-27 12:42:05,787 | INFO | [redact] enabled task=22 registered_phrases=0 terms=[]
2026-09-27 12:42:05,816 | INFO | [t=590] VLM prompt update from step=435: Reach down, grasp the tomato sauce bottle securely, and lift it off the table.
2026-09-27 12:42:05,872 | INFO | [t=590] VLA chunk prompt=Reach down, grasp the tomato sauce bottle securely, and lift it off the table.
2026-09-27 12:42:06,197 | INFO | [t=600] VLA chunk prompt=Reach down, grasp the tomato sauce bottle securely, and lift it off the table.
2026-09-27 12:42:06,513 | INFO | [t=610] VLA chunk prompt=Reach down, grasp the tomato sauce bottle securely, and lift it off the table.
2026-09-27 12:42:06,835 | INFO | [t=620] VLA chunk prompt=Reach down, grasp the tomato sauce bottle securely, and lift it off the table.
2026-09-27 12:42:07,163 | INFO | [t=630] VLA chunk prompt=Reach down, grasp the tomato sauce bottle securely, and lift it off the table.
2026-09-27 12:42:07,485 | INFO | [t=640] VLA chunk prompt=Reach down, grasp the tomato sauce bottle securely, and lift it off the table.
2026-09-27 12:42:07,809 | INFO | [t=650] VLA chunk prompt=Reach down, grasp the tomato sauce bottle securely, and lift it off the table.
2026-09-27 12:42:08,133 | INFO | [t=660] VLA chunk prompt=Reach down, grasp the tomato sauce bottle securely, and lift it off the table.
2026-09-27 12:42:08,462 | INFO | [t=670] VLA chunk prompt=Reach down, grasp the tomato sauce bottle securely, and lift it off the table.
2026-09-27 12:42:08,782 | INFO | [t=680] VLA chunk prompt=Reach down, grasp the tomato sauce bottle securely, and lift it off the table.
2026-09-27 12:42:09,103 | INFO | [t=690] VLA chunk prompt=Reach down, grasp the tomato sauce bottle securely, and lift it off the table.
2026-09-27 12:42:09,430 | INFO | [t=700] VLA chunk prompt=Reach down, grasp the tomato sauce bottle securely, and lift it off the table.
2026-09-27 12:42:09,758 | INFO | [t=710] VLA chunk prompt=Reach down, grasp the tomato sauce bottle securely, and lift it off the table.
2026-09-27 12:42:10,085 | INFO | [t=720] VLA chunk prompt=Reach down, grasp the tomato sauce bottle securely, and lift it off the table.
2026-09-27 12:42:10,405 | INFO | [t=730] VLA chunk prompt=Reach down, grasp the tomato sauce bottle securely, and lift it off the table.
2026-09-27 12:42:10,722 | INFO | [t=740] VLA chunk prompt=Reach down, grasp the tomato sauce bottle securely, and lift it off the table.
2026-09-27 12:42:11,039 | INFO | [t=750] VLA chunk prompt=Reach down, grasp the tomato sauce bottle securely, and lift it off the table.
2026-09-27 12:42:11,361 | INFO | [t=760] VLA chunk prompt=Reach down, grasp the tomato sauce bottle securely, and lift it off the table.
2026-09-27 12:42:11,420 | INFO | API VLM @t=575 task=22 subtask=Reach for and grasp the tomato sauce bottle, then lift it. keyframes=[]
2026-09-27 12:42:11,423 | INFO | [redact] enabled task=22 registered_phrases=0 terms=[]
2026-09-27 12:42:11,636 | INFO | [t=770] VLM prompt update from step=575: Reach for and grasp the tomato sauce bottle, then lift it.
2026-09-27 12:42:11,688 | INFO | [t=770] VLA chunk prompt=Reach for and grasp the tomato sauce bottle, then lift it.
2026-09-27 12:42:12,013 | INFO | [t=780] VLA chunk prompt=Reach for and grasp the tomato sauce bottle, then lift it.
2026-09-27 12:42:12,338 | INFO | [t=790] VLA chunk prompt=Reach for and grasp the tomato sauce bottle, then lift it.
2026-09-27 12:42:12,658 | INFO | [t=800] VLA chunk prompt=Reach for and grasp the tomato sauce bottle, then lift it.
2026-09-27 12:42:12,975 | INFO | [t=810] VLA chunk prompt=Reach for and grasp the tomato sauce bottle, then lift it.
2026-09-27 12:42:13,297 | INFO | [t=820] VLA chunk prompt=Reach for and grasp the tomato sauce bottle, then lift it.
2026-09-27 12:42:13,625 | INFO | [t=830] VLA chunk prompt=Reach for and grasp the tomato sauce bottle, then lift it.
2026-09-27 12:42:13,948 | INFO | [t=840] VLA chunk prompt=Reach for and grasp the tomato sauce bottle, then lift it.
2026-09-27 12:42:14,268 | INFO | [t=850] VLA chunk prompt=Reach for and grasp the tomato sauce bottle, then lift it.
2026-09-27 12:42:14,591 | INFO | [t=860] VLA chunk prompt=Reach for and grasp the tomato sauce bottle, then lift it.
2026-09-27 12:42:14,930 | INFO | [t=870] VLA chunk prompt=Reach for and grasp the tomato sauce bottle, then lift it.
2026-09-27 12:42:15,260 | INFO | [t=880] VLA chunk prompt=Reach for and grasp the tomato sauce bottle, then lift it.
2026-09-27 12:42:15,584 | INFO | [t=890] VLA chunk prompt=Reach for and grasp the tomato sauce bottle, then lift it.
2026-09-27 12:42:15,911 | INFO | [t=900] VLA chunk prompt=Reach for and grasp the tomato sauce bottle, then lift it.
2026-09-27 12:42:16,230 | INFO | [t=910] VLA chunk prompt=Reach for and grasp the tomato sauce bottle, then lift it.
2026-09-27 12:42:16,411 | INFO | API VLM @t=750 task=22 subtask=Reach for the tomato sauce bottle, grasp it, and lift it until it is raised. keyframes=[]
2026-09-27 12:42:16,414 | INFO | [redact] enabled task=22 registered_phrases=0 terms=[]
2026-09-27 12:42:16,504 | INFO | [t=920] VLM prompt update from step=750: Reach for the tomato sauce bottle, grasp it, and lift it until it is raised.
2026-09-27 12:42:16,556 | INFO | [t=920] VLA chunk prompt=Reach for the tomato sauce bottle, grasp it, and lift it until it is raised.
2026-09-27 12:42:16,878 | INFO | [t=930] VLA chunk prompt=Reach for the tomato sauce bottle, grasp it, and lift it until it is raised.
2026-09-27 12:42:17,197 | INFO | [t=940] VLA chunk prompt=Reach for the tomato sauce bottle, grasp it, and lift it until it is raised.
2026-09-27 12:42:17,517 | INFO | [t=950] VLA chunk prompt=Reach for the tomato sauce bottle, grasp it, and lift it until it is raised.
2026-09-27 12:42:17,833 | INFO | [t=960] VLA chunk prompt=Reach for the tomato sauce bottle, grasp it, and lift it until it is raised.
2026-09-27 12:42:18,156 | INFO | [t=970] VLA chunk prompt=Reach for the tomato sauce bottle, grasp it, and lift it until it is raised.
2026-09-27 12:42:18,479 | INFO | [t=980] VLA chunk prompt=Reach for the tomato sauce bottle, grasp it, and lift it until it is raised.
2026-09-27 12:42:18,798 | INFO | [t=990] VLA chunk prompt=Reach for the tomato sauce bottle, grasp it, and lift it until it is raised.
2026-09-27 12:42:19,121 | INFO | [t=1000] VLA chunk prompt=Reach for the tomato sauce bottle, grasp it, and lift it until it is raised.
2026-09-27 12:42:19,438 | INFO | [t=1010] VLA chunk prompt=Reach for the tomato sauce bottle, grasp it, and lift it until it is raised.
2026-09-27 12:42:19,762 | INFO | [t=1020] VLA chunk prompt=Reach for the tomato sauce bottle, grasp it, and lift it until it is raised.
2026-09-27 12:42:20,094 | INFO | [t=1030] VLA chunk prompt=Reach for the tomato sauce bottle, grasp it, and lift it until it is raised.
2026-09-27 12:42:20,333 | INFO | API VLM @t=905 task=22 subtask=Reach for and grasp the tomato sauce bottle, then lift it. keyframes=[]
2026-09-27 12:42:20,335 | INFO | [redact] enabled task=22 registered_phrases=0 terms=[]
2026-09-27 12:42:20,362 | INFO | [t=1040] VLM prompt update from step=905: Reach for and grasp the tomato sauce bottle, then lift it.
2026-09-27 12:42:20,413 | INFO | [t=1040] VLA chunk prompt=Reach for and grasp the tomato sauce bottle, then lift it.
2026-09-27 12:42:20,735 | INFO | [t=1050] VLA chunk prompt=Reach for and grasp the tomato sauce bottle, then lift it.
2026-09-27 12:42:21,052 | INFO | [t=1060] VLA chunk prompt=Reach for and grasp the tomato sauce bottle, then lift it.
2026-09-27 12:42:21,373 | INFO | [t=1070] VLA chunk prompt=Reach for and grasp the tomato sauce bottle, then lift it.
2026-09-27 12:42:21,694 | INFO | [t=1080] VLA chunk prompt=Reach for and grasp the tomato sauce bottle, then lift it.
2026-09-27 12:42:22,010 | INFO | [t=1090] VLA chunk prompt=Reach for and grasp the tomato sauce bottle, then lift it.
2026-09-27 12:42:22,328 | INFO | [t=1100] VLA chunk prompt=Reach for and grasp the tomato sauce bottle, then lift it.
2026-09-27 12:42:22,646 | INFO | [t=1110] VLA chunk prompt=Reach for and grasp the tomato sauce bottle, then lift it.
2026-09-27 12:42:22,965 | INFO | [t=1120] VLA chunk prompt=Reach for and grasp the tomato sauce bottle, then lift it.
2026-09-27 12:42:23,288 | INFO | [t=1130] VLA chunk prompt=Reach for and grasp the tomato sauce bottle, then lift it.
2026-09-27 12:42:23,609 | INFO | [t=1140] VLA chunk prompt=Reach for and grasp the tomato sauce bottle, then lift it.
2026-09-27 12:42:23,931 | INFO | [t=1150] VLA chunk prompt=Reach for and grasp the tomato sauce bottle, then lift it.
2026-09-27 12:42:24,254 | INFO | [t=1160] VLA chunk prompt=Reach for and grasp the tomato sauce bottle, then lift it.
2026-09-27 12:42:24,578 | INFO | [t=1170] VLA chunk prompt=Reach for and grasp the tomato sauce bottle, then lift it.
2026-09-27 12:42:24,903 | INFO | [t=1180] VLA chunk prompt=Reach for and grasp the tomato sauce bottle, then lift it.
2026-09-27 12:42:25,094 | INFO | API VLM @t=1025 task=22 subtask=Reach for and grasp the tomato sauce bottle, then lift it. keyframes=[]
2026-09-27 12:42:25,096 | INFO | [redact] enabled task=22 registered_phrases=0 terms=[]
2026-09-27 12:42:25,227 | INFO | [t=1190] VLA chunk prompt=Reach for and grasp the tomato sauce bottle, then lift it.
2026-09-27 12:42:25,544 | INFO | [t=1200] VLA chunk prompt=Reach for and grasp the tomato sauce bottle, then lift it.
2026-09-27 12:42:25,870 | INFO | [t=1210] VLA chunk prompt=Reach for and grasp the tomato sauce bottle, then lift it.
2026-09-27 12:42:26,197 | INFO | [t=1220] VLA chunk prompt=Reach for and grasp the tomato sauce bottle, then lift it.
2026-09-27 12:42:26,516 | INFO | [t=1230] VLA chunk prompt=Reach for and grasp the tomato sauce bottle, then lift it.
2026-09-27 12:42:26,833 | INFO | [t=1240] VLA chunk prompt=Reach for and grasp the tomato sauce bottle, then lift it.
2026-09-27 12:42:27,152 | INFO | [t=1250] VLA chunk prompt=Reach for and grasp the tomato sauce bottle, then lift it.
2026-09-27 12:42:27,471 | INFO | [t=1260] VLA chunk prompt=Reach for and grasp the tomato sauce bottle, then lift it.
2026-09-27 12:42:27,795 | INFO | [t=1270] VLA chunk prompt=Reach for and grasp the tomato sauce bottle, then lift it.
2026-09-27 12:42:28,116 | INFO | [t=1280] VLA chunk prompt=Reach for and grasp the tomato sauce bottle, then lift it.
2026-09-27 12:42:28,437 | INFO | [t=1290] VLA chunk prompt=Reach for and grasp the tomato sauce bottle, then lift it.
2026-09-27 12:42:28,769 | INFO | [t=1300] VLA chunk prompt=Reach for and grasp the tomato sauce bottle, then lift it.
2026-09-27 12:42:29,094 | INFO | [t=1310] VLA chunk prompt=Reach for and grasp the tomato sauce bottle, then lift it.
2026-09-27 12:42:29,424 | INFO | [t=1320] VLA chunk prompt=Reach for and grasp the tomato sauce bottle, then lift it.
2026-09-27 12:42:29,462 | INFO | API VLM @t=1175 task=22 subtask=Reach for and grasp the tomato sauce bottle, then lift it off the table. keyframes=[]
2026-09-27 12:42:29,464 | INFO | [redact] enabled task=22 registered_phrases=0 terms=[]
2026-09-27 12:42:29,703 | INFO | [t=1330] VLM prompt update from step=1175: Reach for and grasp the tomato sauce bottle, then lift it off the table.
2026-09-27 12:42:29,755 | INFO | [t=1330] VLA chunk prompt=Reach for and grasp the tomato sauce bottle, then lift it off the table.
2026-09-27 12:42:30,080 | INFO | [t=1340] VLA chunk prompt=Reach for and grasp the tomato sauce bottle, then lift it off the table.
2026-09-27 12:42:30,405 | INFO | [t=1350] VLA chunk prompt=Reach for and grasp the tomato sauce bottle, then lift it off the table.
2026-09-27 12:42:30,725 | INFO | [t=1360] VLA chunk prompt=Reach for and grasp the tomato sauce bottle, then lift it off the table.
2026-09-27 12:42:31,041 | INFO | [t=1370] VLA chunk prompt=Reach for and grasp the tomato sauce bottle, then lift it off the table.
2026-09-27 12:42:31,365 | INFO | [t=1380] VLA chunk prompt=Reach for and grasp the tomato sauce bottle, then lift it off the table.
2026-09-27 12:42:31,686 | INFO | [t=1390] VLA chunk prompt=Reach for and grasp the tomato sauce bottle, then lift it off the table.
2026-09-27 12:42:32,011 | INFO | [t=1400] VLA chunk prompt=Reach for and grasp the tomato sauce bottle, then lift it off the table.
2026-09-27 12:42:32,331 | INFO | [t=1410] VLA chunk prompt=Reach for and grasp the tomato sauce bottle, then lift it off the table.
2026-09-27 12:42:32,659 | INFO | [t=1420] VLA chunk prompt=Reach for and grasp the tomato sauce bottle, then lift it off the table.
2026-09-27 12:42:32,982 | INFO | [t=1430] VLA chunk prompt=Reach for and grasp the tomato sauce bottle, then lift it off the table.
2026-09-27 12:42:33,305 | INFO | [t=1440] VLA chunk prompt=Reach for and grasp the tomato sauce bottle, then lift it off the table.
2026-09-27 12:42:33,627 | INFO | [t=1450] VLA chunk prompt=Reach for and grasp the tomato sauce bottle, then lift it off the table.
2026-09-27 12:42:33,953 | INFO | [t=1460] VLA chunk prompt=Reach for and grasp the tomato sauce bottle, then lift it off the table.
2026-09-27 12:42:34,274 | INFO | [t=1470] VLA chunk prompt=Reach for and grasp the tomato sauce bottle, then lift it off the table.
2026-09-27 12:42:34,503 | INFO | API VLM @t=1310 task=22 subtask=Reach for and pick up the tomato sauce bottle, lifting it off the table. keyframes=[]
2026-09-27 12:42:34,505 | INFO | [redact] enabled task=22 registered_phrases=0 terms=[]
2026-09-27 12:42:34,545 | INFO | [t=1480] VLM prompt update from step=1310: Reach for and pick up the tomato sauce bottle, lifting it off the table.
2026-09-27 12:42:34,597 | INFO | [t=1480] VLA chunk prompt=Reach for and pick up the tomato sauce bottle, lifting it off the table.
2026-09-27 12:42:34,916 | INFO | [t=1490] VLA chunk prompt=Reach for and pick up the tomato sauce bottle, lifting it off the table.
2026-09-27 12:42:35,237 | INFO | [t=1500] VLA chunk prompt=Reach for and pick up the tomato sauce bottle, lifting it off the table.
2026-09-27 12:42:35,559 | INFO | [t=1510] VLA chunk prompt=Reach for and pick up the tomato sauce bottle, lifting it off the table.
2026-09-27 12:42:35,887 | INFO | [t=1520] VLA chunk prompt=Reach for and pick up the tomato sauce bottle, lifting it off the table.
2026-09-27 12:42:36,212 | INFO | [t=1530] VLA chunk prompt=Reach for and pick up the tomato sauce bottle, lifting it off the table.
2026-09-27 12:42:36,529 | INFO | [t=1540] VLA chunk prompt=Reach for and pick up the tomato sauce bottle, lifting it off the table.
2026-09-27 12:42:36,848 | INFO | [t=1550] VLA chunk prompt=Reach for and pick up the tomato sauce bottle, lifting it off the table.
2026-09-27 12:42:37,167 | INFO | [t=1560] VLA chunk prompt=Reach for and pick up the tomato sauce bottle, lifting it off the table.
2026-09-27 12:42:37,487 | INFO | [t=1570] VLA chunk prompt=Reach for and pick up the tomato sauce bottle, lifting it off the table.
2026-09-27 12:42:37,808 | INFO | [t=1580] VLA chunk prompt=Reach for and pick up the tomato sauce bottle, lifting it off the table.
2026-09-27 12:42:38,130 | INFO | [t=1590] VLA chunk prompt=Reach for and pick up the tomato sauce bottle, lifting it off the table.
2026-09-27 12:42:38,451 | INFO | [t=1600] VLA chunk prompt=Reach for and pick up the tomato sauce bottle, lifting it off the table.
2026-09-27 12:42:38,773 | INFO | [t=1610] VLA chunk prompt=Reach for and pick up the tomato sauce bottle, lifting it off the table.
2026-09-27 12:42:39,089 | INFO | [t=1620] VLA chunk prompt=Reach for and pick up the tomato sauce bottle, lifting it off the table.
2026-09-27 12:42:39,325 | INFO | API VLM @t=1465 task=22 subtask=Reach for and grasp the tomato sauce bottle, then lift it until it is raised. keyframes=[]
2026-09-27 12:42:39,327 | INFO | [redact] enabled task=22 registered_phrases=0 terms=[]
2026-09-27 12:42:39,364 | INFO | [t=1630] VLM prompt update from step=1465: Reach for and grasp the tomato sauce bottle, then lift it until it is raised.
2026-09-27 12:42:39,417 | INFO | [t=1630] VLA chunk prompt=Reach for and grasp the tomato sauce bottle, then lift it until it is raised.
2026-09-27 12:42:39,738 | INFO | [t=1640] VLA chunk prompt=Reach for and grasp the tomato sauce bottle, then lift it until it is raised.
2026-09-27 12:42:40,054 | INFO | [t=1650] VLA chunk prompt=Reach for and grasp the tomato sauce bottle, then lift it until it is raised.
2026-09-27 12:42:40,371 | INFO | [t=1660] VLA chunk prompt=Reach for and grasp the tomato sauce bottle, then lift it until it is raised.
2026-09-27 12:42:40,693 | INFO | [t=1670] VLA chunk prompt=Reach for and grasp the tomato sauce bottle, then lift it until it is raised.
2026-09-27 12:42:41,011 | INFO | [t=1680] VLA chunk prompt=Reach for and grasp the tomato sauce bottle, then lift it until it is raised.
2026-09-27 12:42:41,329 | INFO | [t=1690] VLA chunk prompt=Reach for and grasp the tomato sauce bottle, then lift it until it is raised.
2026-09-27 12:42:41,652 | INFO | [t=1700] VLA chunk prompt=Reach for and grasp the tomato sauce bottle, then lift it until it is raised.
2026-09-27 12:42:41,986 | INFO | [t=1710] VLA chunk prompt=Reach for and grasp the tomato sauce bottle, then lift it until it is raised.
2026-09-27 12:42:42,323 | INFO | [t=1720] VLA chunk prompt=Reach for and grasp the tomato sauce bottle, then lift it until it is raised.
2026-09-27 12:42:42,644 | INFO | [t=1730] VLA chunk prompt=Reach for and grasp the tomato sauce bottle, then lift it until it is raised.
2026-09-27 12:42:42,969 | INFO | [t=1740] VLA chunk prompt=Reach for and grasp the tomato sauce bottle, then lift it until it is raised.
2026-09-27 12:42:43,291 | INFO | [t=1750] VLA chunk prompt=Reach for and grasp the tomato sauce bottle, then lift it until it is raised.
2026-09-27 12:42:43,611 | INFO | [t=1760] VLA chunk prompt=Reach for and grasp the tomato sauce bottle, then lift it until it is raised.
2026-09-27 12:42:43,945 | INFO | [t=1770] VLA chunk prompt=Reach for and grasp the tomato sauce bottle, then lift it until it is raised.
2026-09-27 12:42:44,115 | INFO | API VLM @t=1615 task=22 subtask=Reach for and grasp the tomato sauce bottle, then lift it up. keyframes=[]
2026-09-27 12:42:44,186 | INFO | [redact] enabled task=22 registered_phrases=0 terms=[]
2026-09-27 12:42:44,224 | INFO | [t=1780] VLM prompt update from step=1615: Reach for and grasp the tomato sauce bottle, then lift it up.
2026-09-27 12:42:44,277 | INFO | [t=1780] VLA chunk prompt=Reach for and grasp the tomato sauce bottle, then lift it up.
2026-09-27 12:42:44,596 | INFO | [t=1790] VLA chunk prompt=Reach for and grasp the tomato sauce bottle, then lift it up.
2026-09-27 12:42:44,918 | INFO | [t=1800] VLA chunk prompt=Reach for and grasp the tomato sauce bottle, then lift it up.
2026-09-27 12:42:45,242 | INFO | [t=1810] VLA chunk prompt=Reach for and grasp the tomato sauce bottle, then lift it up.
2026-09-27 12:42:45,581 | INFO | [t=1820] VLA chunk prompt=Reach for and grasp the tomato sauce bottle, then lift it up.
2026-09-27 12:42:45,916 | INFO | [t=1830] VLA chunk prompt=Reach for and grasp the tomato sauce bottle, then lift it up.
2026-09-27 12:42:46,234 | INFO | [t=1840] VLA chunk prompt=Reach for and grasp the tomato sauce bottle, then lift it up.
2026-09-27 12:42:46,555 | INFO | [t=1850] VLA chunk prompt=Reach for and grasp the tomato sauce bottle, then lift it up.
2026-09-27 12:42:46,873 | INFO | [t=1860] VLA chunk prompt=Reach for and grasp the tomato sauce bottle, then lift it up.
2026-09-27 12:42:47,205 | INFO | [t=1870] VLA chunk prompt=Reach for and grasp the tomato sauce bottle, then lift it up.
2026-09-27 12:42:47,535 | INFO | [t=1880] VLA chunk prompt=Reach for and grasp the tomato sauce bottle, then lift it up.
2026-09-27 12:42:47,859 | INFO | [t=1890] VLA chunk prompt=Reach for and grasp the tomato sauce bottle, then lift it up.
2026-09-27 12:42:48,185 | INFO | [t=1900] VLA chunk prompt=Reach for and grasp the tomato sauce bottle, then lift it up.
2026-09-27 12:42:48,393 | INFO | API VLM @t=1765 task=22 subtask=Reach for and grasp the tomato sauce bottle, then lift it. keyframes=[]
2026-09-27 12:42:48,395 | INFO | [redact] enabled task=22 registered_phrases=0 terms=[]
2026-09-27 12:42:48,461 | INFO | [t=1910] VLM prompt update from step=1765: Reach for and grasp the tomato sauce bottle, then lift it.
2026-09-27 12:42:48,512 | INFO | [t=1910] VLA chunk prompt=Reach for and grasp the tomato sauce bottle, then lift it.
2026-09-27 12:42:48,831 | INFO | [t=1920] VLA chunk prompt=Reach for and grasp the tomato sauce bottle, then lift it.
2026-09-27 12:42:49,152 | INFO | [t=1930] VLA chunk prompt=Reach for and grasp the tomato sauce bottle, then lift it.
2026-09-27 12:42:49,474 | INFO | [t=1940] VLA chunk prompt=Reach for and grasp the tomato sauce bottle, then lift it.
2026-09-27 12:42:49,801 | INFO | [t=1950] VLA chunk prompt=Reach for and grasp the tomato sauce bottle, then lift it.
2026-09-27 12:42:50,129 | INFO | [t=1960] VLA chunk prompt=Reach for and grasp the tomato sauce bottle, then lift it.
2026-09-27 12:42:50,454 | INFO | [t=1970] VLA chunk prompt=Reach for and grasp the tomato sauce bottle, then lift it.
2026-09-27 12:42:50,780 | INFO | [t=1980] VLA chunk prompt=Reach for and grasp the tomato sauce bottle, then lift it.
2026-09-27 12:42:51,109 | INFO | [t=1990] VLA chunk prompt=Reach for and grasp the tomato sauce bottle, then lift it.
2026-09-27 12:42:51,437 | INFO | [t=2000] VLA chunk prompt=Reach for and grasp the tomato sauce bottle, then lift it.
2026-09-27 12:42:51,762 | INFO | [t=2010] VLA chunk prompt=Reach for and grasp the tomato sauce bottle, then lift it.
2026-09-27 12:42:52,090 | INFO | [t=2020] VLA chunk prompt=Reach for and grasp the tomato sauce bottle, then lift it.
2026-09-27 12:42:52,409 | INFO | [t=2030] VLA chunk prompt=Reach for and grasp the tomato sauce bottle, then lift it.
2026-09-27 12:42:52,730 | INFO | [t=2040] VLA chunk prompt=Reach for and grasp the tomato sauce bottle, then lift it.
2026-09-27 12:42:52,757 | INFO | API VLM @t=1895 task=22 subtask=Reach for and grasp the tomato sauce bottle, then lift it. keyframes=[]
2026-09-27 12:42:52,760 | INFO | [redact] enabled task=22 registered_phrases=0 terms=[]
2026-09-27 12:42:53,067 | INFO | [t=2050] VLA chunk prompt=Reach for and grasp the tomato sauce bottle, then lift it.
2026-09-27 12:42:53,394 | INFO | [t=2060] VLA chunk prompt=Reach for and grasp the tomato sauce bottle, then lift it.
2026-09-27 12:42:53,715 | INFO | [t=2070] VLA chunk prompt=Reach for and grasp the tomato sauce bottle, then lift it.
2026-09-27 12:42:54,034 | INFO | [t=2080] VLA chunk prompt=Reach for and grasp the tomato sauce bottle, then lift it.
2026-09-27 12:42:54,354 | INFO | [t=2090] VLA chunk prompt=Reach for and grasp the tomato sauce bottle, then lift it.
2026-09-27 12:42:54,675 | INFO | [t=2100] VLA chunk prompt=Reach for and grasp the tomato sauce bottle, then lift it.
2026-09-27 12:42:54,993 | INFO | [t=2110] VLA chunk prompt=Reach for and grasp the tomato sauce bottle, then lift it.
2026-09-27 12:42:55,316 | INFO | [t=2120] VLA chunk prompt=Reach for and grasp the tomato sauce bottle, then lift it.
2026-09-27 12:42:55,644 | INFO | [t=2130] VLA chunk prompt=Reach for and grasp the tomato sauce bottle, then lift it.
2026-09-27 12:42:55,971 | INFO | [t=2140] VLA chunk prompt=Reach for and grasp the tomato sauce bottle, then lift it.
2026-09-27 12:42:56,300 | INFO | [t=2150] VLA chunk prompt=Reach for and grasp the tomato sauce bottle, then lift it.
2026-09-27 12:42:56,627 | INFO | [t=2160] VLA chunk prompt=Reach for and grasp the tomato sauce bottle, then lift it.
2026-09-27 12:42:56,950 | INFO | [t=2170] VLA chunk prompt=Reach for and grasp the tomato sauce bottle, then lift it.
2026-09-27 12:42:57,272 | INFO | [t=2180] VLA chunk prompt=Reach for and grasp the tomato sauce bottle, then lift it.
2026-09-27 12:42:57,599 | INFO | [t=2190] VLA chunk prompt=Reach for and grasp the tomato sauce bottle, then lift it.
2026-09-27 12:42:57,653 | INFO | API VLM @t=2030 task=22 subtask=Reach for and grasp the tomato sauce bottle, then lift it. keyframes=[]
2026-09-27 12:42:57,656 | INFO | [redact] enabled task=22 registered_phrases=0 terms=[]
2026-09-27 12:42:57,929 | INFO | [t=2200] VLA chunk prompt=Reach for and grasp the tomato sauce bottle, then lift it.
2026-09-27 12:42:58,255 | INFO | [t=2210] VLA chunk prompt=Reach for and grasp the tomato sauce bottle, then lift it.
2026-09-27 12:42:58,580 | INFO | [t=2220] VLA chunk prompt=Reach for and grasp the tomato sauce bottle, then lift it.
2026-09-27 12:42:58,907 | INFO | [t=2230] VLA chunk prompt=Reach for and grasp the tomato sauce bottle, then lift it.
2026-09-27 12:42:59,236 | INFO | [t=2240] VLA chunk prompt=Reach for and grasp the tomato sauce bottle, then lift it.
2026-09-27 12:42:59,567 | INFO | [t=2250] VLA chunk prompt=Reach for and grasp the tomato sauce bottle, then lift it.
2026-09-27 12:42:59,890 | INFO | [t=2260] VLA chunk prompt=Reach for and grasp the tomato sauce bottle, then lift it.
2026-09-27 12:43:00,222 | INFO | [t=2270] VLA chunk prompt=Reach for and grasp the tomato sauce bottle, then lift it.
2026-09-27 12:43:00,569 | INFO | [t=2280] VLA chunk prompt=Reach for and grasp the tomato sauce bottle, then lift it.
2026-09-27 12:43:00,931 | INFO | [t=2290] VLA chunk prompt=Reach for and grasp the tomato sauce bottle, then lift it.
2026-09-27 12:43:01,266 | INFO | [t=2300] VLA chunk prompt=Reach for and grasp the tomato sauce bottle, then lift it.
2026-09-27 12:43:01,607 | INFO | [t=2310] VLA chunk prompt=Reach for and grasp the tomato sauce bottle, then lift it.
2026-09-27 12:43:01,938 | INFO | [t=2320] VLA chunk prompt=Reach for and grasp the tomato sauce bottle, then lift it.
2026-09-27 12:43:02,269 | INFO | [t=2330] VLA chunk prompt=Reach for and grasp the tomato sauce bottle, then lift it.
2026-09-27 12:43:02,599 | INFO | [t=2340] VLA chunk prompt=Reach for and grasp the tomato sauce bottle, then lift it.
2026-09-27 12:43:02,910 | INFO | API VLM @t=2180 task=22 subtask=Grasp and lift the tomato sauce bottle. keyframes=[]
2026-09-27 12:43:02,912 | INFO | [redact] enabled task=22 registered_phrases=0 terms=[]
2026-09-27 12:43:02,932 | INFO | [t=2350] VLA chunk prompt=Reach for and grasp the tomato sauce bottle, then lift it.
2026-09-27 12:43:03,209 | INFO | [t=2360] VLM prompt update from step=2180: Grasp and lift the tomato sauce bottle.
2026-09-27 12:43:03,261 | INFO | [t=2360] VLA chunk prompt=Grasp and lift the tomato sauce bottle.
2026-09-27 12:43:03,585 | INFO | [t=2370] VLA chunk prompt=Grasp and lift the tomato sauce bottle.
2026-09-27 12:43:03,910 | INFO | [t=2380] VLA chunk prompt=Grasp and lift the tomato sauce bottle.
2026-09-27 12:43:04,238 | INFO | [t=2390] VLA chunk prompt=Grasp and lift the tomato sauce bottle.
2026-09-27 12:43:04,567 | INFO | [t=2400] VLA chunk prompt=Grasp and lift the tomato sauce bottle.
2026-09-27 12:43:04,892 | INFO | [t=2410] VLA chunk prompt=Grasp and lift the tomato sauce bottle.
2026-09-27 12:43:05,219 | INFO | [t=2420] VLA chunk prompt=Grasp and lift the tomato sauce bottle.
2026-09-27 12:43:05,538 | INFO | [t=2430] VLA chunk prompt=Grasp and lift the tomato sauce bottle.
2026-09-27 12:43:05,855 | INFO | [t=2440] VLA chunk prompt=Grasp and lift the tomato sauce bottle.
2026-09-27 12:43:06,175 | INFO | [t=2450] VLA chunk prompt=Grasp and lift the tomato sauce bottle.
2026-09-27 12:43:06,493 | INFO | [t=2460] VLA chunk prompt=Grasp and lift the tomato sauce bottle.
2026-09-27 12:43:06,816 | INFO | [t=2470] VLA chunk prompt=Grasp and lift the tomato sauce bottle.
2026-09-27 12:43:07,145 | INFO | [t=2480] VLA chunk prompt=Grasp and lift the tomato sauce bottle.
2026-09-27 12:43:07,463 | INFO | [t=2490] VLA chunk prompt=Grasp and lift the tomato sauce bottle.
2026-09-27 12:43:07,781 | INFO | [t=2500] VLA chunk prompt=Grasp and lift the tomato sauce bottle.
2026-09-27 12:43:07,832 | INFO | API VLM @t=2340 task=22 subtask=Reach for and grasp the tomato sauce bottle, then lift it until it is raised. keyframes=[]
2026-09-27 12:43:07,834 | INFO | [redact] enabled task=22 registered_phrases=0 terms=[]
2026-09-27 12:43:11,067 | INFO | attempt=0 stage_score=0.0 stage_success=False failure_reason=incomplete_stage
2026-09-27 12:43:11,067 | INFO | Episode 2 seed=102 stage_score=0.0 stage_success=0 goal=0.000 failure_reason=incomplete_stage | 01_Lift_Tomato_Sauce=N | 02_Pour_One=N | 03_Pour_Two=N
2026-09-27 12:43:12,054 | INFO | API VLM @t=2490 task=22 subtask=Reach down, grasp the tomato sauce bottle, and lift it clear of the table. keyframes=[]
