2026-09-18 13:34:01,934 | INFO | task_id=5 bddl=/project/peilab/why/RoboMemArena/bddl/5_butter_middle_drawer.bddl vlm_ckpt=/project/peilab/why/RoboMemArena/checkpoints/PrediMem/vlm_tasks1to26_ckpt74500
2026-09-18 13:34:03,957 | INFO | async VLM enabled: single-slot subtask buffer
2026-09-18 13:34:04,221 | INFO | [t=10] VLA chunk prompt=Open all drawers in order, remember the empty drawer, then put butter into that empty drawer.
2026-09-18 13:34:04,507 | INFO | [t=20] VLA chunk prompt=Open all drawers in order, remember the empty drawer, then put butter into that empty drawer.
2026-09-18 13:34:04,787 | INFO | [t=30] VLA chunk prompt=Open all drawers in order, remember the empty drawer, then put butter into that empty drawer.
2026-09-18 13:34:05,064 | INFO | [t=40] VLA chunk prompt=Open all drawers in order, remember the empty drawer, then put butter into that empty drawer.
2026-09-18 13:34:05,343 | INFO | [t=50] VLA chunk prompt=Open all drawers in order, remember the empty drawer, then put butter into that empty drawer.
2026-09-18 13:34:05,624 | INFO | [t=60] VLA chunk prompt=Open all drawers in order, remember the empty drawer, then put butter into that empty drawer.
2026-09-18 13:34:05,905 | INFO | [t=70] VLA chunk prompt=Open all drawers in order, remember the empty drawer, then put butter into that empty drawer.
2026-09-18 13:34:06,148 | INFO | [t=80] harness subtask override: open top drawer
2026-09-18 13:34:06,148 | INFO | [t=80] VLM prompt update from step=-1: open top drawer
2026-09-18 13:34:06,149 | INFO | [t=80] harness forced VLM replan after stall (pmh visual retrieve armed)
2026-09-18 13:34:06,199 | INFO | [t=80] VLA chunk prompt=open top drawer
2026-09-18 13:34:06,248 | INFO | [t=82] stage done: 01_Open_Top_Drawer
2026-09-18 13:34:06,489 | INFO | [t=90] VLA chunk prompt=open top drawer
2026-09-18 13:34:06,781 | INFO | [t=100] VLA chunk prompt=open top drawer
2026-09-18 13:34:07,062 | INFO | [t=110] VLA chunk prompt=open top drawer
2026-09-18 13:34:07,382 | INFO | [t=120] VLA chunk prompt=open top drawer
2026-09-18 13:34:07,713 | INFO | [t=130] VLA chunk prompt=open top drawer
2026-09-18 13:34:07,800 | INFO | [t=133] stage done: 02_Close_Top_Drawer
2026-09-18 13:34:08,053 | INFO | [t=140] VLA chunk prompt=open top drawer
2026-09-18 13:34:08,401 | INFO | [t=150] VLA chunk prompt=open top drawer
2026-09-18 13:34:08,751 | INFO | [t=160] VLA chunk prompt=open top drawer
2026-09-18 13:34:09,113 | INFO | [t=170] VLA chunk prompt=open top drawer
2026-09-18 13:34:09,468 | INFO | [t=180] VLA chunk prompt=open top drawer
2026-09-18 13:34:09,820 | INFO | [t=190] VLA chunk prompt=open top drawer
2026-09-18 13:34:10,178 | INFO | [t=200] VLA chunk prompt=open top drawer
2026-09-18 13:34:10,535 | INFO | [t=210] VLA chunk prompt=open top drawer
2026-09-18 13:34:10,849 | INFO | [t=220] harness subtask override: open middle drawer
2026-09-18 13:34:10,850 | INFO | [t=220] VLM prompt update from step=70: open middle drawer
2026-09-18 13:34:10,850 | INFO | [t=220] harness forced VLM replan after stall (pmh visual retrieve armed)
2026-09-18 13:34:10,900 | INFO | [t=220] VLA chunk prompt=open middle drawer
2026-09-18 13:34:11,266 | INFO | [t=230] VLA chunk prompt=open middle drawer
2026-09-18 13:34:11,634 | INFO | [t=240] VLA chunk prompt=open middle drawer
2026-09-18 13:34:12,006 | INFO | [t=250] VLA chunk prompt=open middle drawer
2026-09-18 13:34:12,384 | INFO | [t=260] VLA chunk prompt=open middle drawer
2026-09-18 13:34:12,761 | INFO | [t=270] VLA chunk prompt=open middle drawer
2026-09-18 13:34:13,141 | INFO | [t=280] VLA chunk prompt=open middle drawer
2026-09-18 13:34:13,518 | INFO | [t=290] VLA chunk prompt=open middle drawer
2026-09-18 13:34:13,890 | INFO | [t=300] VLA chunk prompt=open middle drawer
2026-09-18 13:34:14,261 | INFO | [t=310] VLA chunk prompt=open middle drawer
2026-09-18 13:34:14,631 | INFO | [t=320] VLA chunk prompt=open middle drawer
2026-09-18 13:34:15,005 | INFO | [t=330] VLA chunk prompt=open middle drawer
2026-09-18 13:34:15,385 | INFO | [t=340] VLA chunk prompt=open middle drawer
2026-09-18 13:34:15,768 | INFO | [t=350] VLA chunk prompt=open middle drawer
2026-09-18 13:34:16,153 | INFO | [t=360] VLA chunk prompt=open middle drawer
2026-09-18 13:34:16,540 | INFO | [t=370] VLA chunk prompt=open middle drawer
2026-09-18 13:34:16,928 | INFO | [t=380] VLA chunk prompt=open middle drawer
2026-09-18 13:34:17,323 | INFO | [t=390] VLA chunk prompt=open middle drawer
2026-09-18 13:34:17,711 | INFO | [t=400] VLA chunk prompt=open middle drawer
2026-09-18 13:34:18,098 | INFO | [t=410] VLA chunk prompt=open middle drawer
2026-09-18 13:34:18,475 | INFO | [t=420] VLA chunk prompt=open middle drawer
2026-09-18 13:34:18,845 | INFO | [t=430] VLA chunk prompt=open middle drawer
2026-09-18 13:34:19,212 | INFO | [t=440] VLA chunk prompt=open middle drawer
2026-09-18 13:34:19,574 | INFO | [t=450] VLA chunk prompt=open middle drawer
2026-09-18 13:34:19,934 | INFO | [t=460] VLA chunk prompt=open middle drawer
2026-09-18 13:34:20,297 | INFO | [t=470] VLA chunk prompt=open middle drawer
2026-09-18 13:34:20,660 | INFO | [t=480] VLA chunk prompt=open middle drawer
2026-09-18 13:34:21,026 | INFO | [t=490] VLA chunk prompt=open middle drawer
2026-09-18 13:34:21,411 | INFO | [t=500] VLA chunk prompt=open middle drawer
2026-09-18 13:34:21,786 | INFO | [t=510] VLA chunk prompt=open middle drawer
2026-09-18 13:34:22,157 | INFO | [t=520] VLA chunk prompt=open middle drawer
2026-09-18 13:34:22,529 | INFO | [t=530] VLA chunk prompt=open middle drawer
2026-09-18 13:34:22,900 | INFO | [t=540] VLA chunk prompt=open middle drawer
2026-09-18 13:34:23,271 | INFO | [t=550] VLA chunk prompt=open middle drawer
2026-09-18 13:34:23,648 | INFO | [t=560] VLA chunk prompt=open middle drawer
2026-09-18 13:34:24,024 | INFO | [t=570] VLA chunk prompt=open middle drawer
2026-09-18 13:34:24,402 | INFO | [t=580] VLA chunk prompt=open middle drawer
2026-09-18 13:34:24,774 | INFO | [t=590] VLA chunk prompt=open middle drawer
2026-09-18 13:34:25,146 | INFO | [t=600] VLA chunk prompt=open middle drawer
2026-09-18 13:34:25,520 | INFO | [t=610] VLA chunk prompt=open middle drawer
2026-09-18 13:34:25,523 | INFO | API VLM @t=2340 task=5 subtask=close the top drawer keyframes=[]
2026-09-18 13:34:25,901 | INFO | [t=620] VLA chunk prompt=open middle drawer
2026-09-18 13:34:26,287 | INFO | [t=630] VLA chunk prompt=open middle drawer
2026-09-18 13:34:26,684 | INFO | [t=640] VLA chunk prompt=open middle drawer
2026-09-18 13:34:27,087 | INFO | [t=650] VLA chunk prompt=open middle drawer
2026-09-18 13:34:27,487 | INFO | [t=660] VLA chunk prompt=open middle drawer
2026-09-18 13:34:27,889 | INFO | [t=670] VLA chunk prompt=open middle drawer
2026-09-18 13:34:28,297 | INFO | [t=680] VLA chunk prompt=open middle drawer
2026-09-18 13:34:28,705 | INFO | [t=690] VLA chunk prompt=open middle drawer
2026-09-18 13:34:29,102 | INFO | [t=700] VLA chunk prompt=open middle drawer
2026-09-18 13:34:29,489 | INFO | [t=710] VLA chunk prompt=open middle drawer
2026-09-18 13:34:29,876 | INFO | [t=720] VLA chunk prompt=open middle drawer
2026-09-18 13:34:30,263 | INFO | [t=730] VLA chunk prompt=open middle drawer
2026-09-18 13:34:30,649 | INFO | [t=740] VLA chunk prompt=open middle drawer
2026-09-18 13:34:31,043 | INFO | [t=750] VLA chunk prompt=open middle drawer
2026-09-18 13:34:31,434 | INFO | [t=760] VLA chunk prompt=open middle drawer
2026-09-18 13:34:31,825 | INFO | [t=770] VLA chunk prompt=open middle drawer
2026-09-18 13:34:32,217 | INFO | [t=780] VLA chunk prompt=open middle drawer
2026-09-18 13:34:32,608 | INFO | [t=790] VLA chunk prompt=open middle drawer
2026-09-18 13:34:33,001 | INFO | [t=800] VLA chunk prompt=open middle drawer
2026-09-18 13:34:33,388 | INFO | [t=810] VLA chunk prompt=open middle drawer
2026-09-18 13:34:33,767 | INFO | [t=820] VLA chunk prompt=open middle drawer
2026-09-18 13:34:34,147 | INFO | [t=830] VLA chunk prompt=open middle drawer
2026-09-18 13:34:34,395 | INFO | API VLM @t=0 task=5 subtask=open top drawer keyframes=[]
2026-09-18 13:34:34,483 | INFO | [t=840] VLM prompt update from step=0: open top drawer
2026-09-18 13:34:34,534 | INFO | [t=840] VLA chunk prompt=open top drawer
2026-09-18 13:34:34,906 | INFO | [t=850] VLA chunk prompt=open top drawer
2026-09-18 13:34:35,272 | INFO | [t=860] VLA chunk prompt=open top drawer
2026-09-18 13:34:35,632 | INFO | [t=870] VLA chunk prompt=open top drawer
2026-09-18 13:34:35,993 | INFO | [t=880] VLA chunk prompt=open top drawer
2026-09-18 13:34:36,344 | INFO | [t=890] VLA chunk prompt=open top drawer
2026-09-18 13:34:36,707 | INFO | [t=900] VLA chunk prompt=open top drawer
2026-09-18 13:34:37,056 | INFO | [t=910] VLA chunk prompt=open top drawer
2026-09-18 13:34:37,420 | INFO | [t=920] VLA chunk prompt=open top drawer
2026-09-18 13:34:37,786 | INFO | [t=930] VLA chunk prompt=open top drawer
2026-09-18 13:34:38,181 | INFO | [t=940] VLA chunk prompt=open top drawer
2026-09-18 13:34:38,583 | INFO | [t=950] VLA chunk prompt=open top drawer
2026-09-18 13:34:38,977 | INFO | [t=960] VLA chunk prompt=open top drawer
2026-09-18 13:34:39,377 | INFO | [t=970] VLA chunk prompt=open top drawer
2026-09-18 13:34:39,770 | INFO | [t=980] VLA chunk prompt=open top drawer
2026-09-18 13:34:40,165 | INFO | [t=990] VLA chunk prompt=open top drawer
2026-09-18 13:34:40,571 | INFO | [t=1000] VLA chunk prompt=open top drawer
2026-09-18 13:34:40,975 | INFO | [t=1010] VLA chunk prompt=open top drawer
2026-09-18 13:34:41,375 | INFO | [t=1020] VLA chunk prompt=open top drawer
2026-09-18 13:34:41,785 | INFO | [t=1030] VLA chunk prompt=open top drawer
2026-09-18 13:34:42,201 | INFO | [t=1040] VLA chunk prompt=open top drawer
2026-09-18 13:34:42,605 | INFO | [t=1050] VLA chunk prompt=open top drawer
2026-09-18 13:34:42,996 | INFO | [t=1060] VLA chunk prompt=open top drawer
2026-09-18 13:34:43,386 | INFO | [t=1070] VLA chunk prompt=open top drawer
2026-09-18 13:34:43,767 | INFO | [t=1080] VLA chunk prompt=open top drawer
2026-09-18 13:34:44,146 | INFO | [t=1090] VLA chunk prompt=open top drawer
2026-09-18 13:34:44,523 | INFO | [t=1100] VLA chunk prompt=open top drawer
2026-09-18 13:34:44,901 | INFO | [t=1110] VLA chunk prompt=open top drawer
2026-09-18 13:34:45,281 | INFO | [t=1120] VLA chunk prompt=open top drawer
2026-09-18 13:34:45,661 | INFO | [t=1130] VLA chunk prompt=open top drawer
2026-09-18 13:34:46,044 | INFO | [t=1140] VLA chunk prompt=open top drawer
2026-09-18 13:34:46,423 | INFO | [t=1150] VLA chunk prompt=open top drawer
2026-09-18 13:34:46,796 | INFO | [t=1160] VLA chunk prompt=open top drawer
2026-09-18 13:34:47,168 | INFO | [t=1170] VLA chunk prompt=open top drawer
2026-09-18 13:34:47,539 | INFO | [t=1180] VLA chunk prompt=open top drawer
2026-09-18 13:34:47,913 | INFO | [t=1190] VLA chunk prompt=open top drawer
2026-09-18 13:34:48,285 | INFO | [t=1200] VLA chunk prompt=open top drawer
2026-09-18 13:34:48,654 | INFO | [t=1210] VLA chunk prompt=open top drawer
2026-09-18 13:34:49,022 | INFO | [t=1220] VLA chunk prompt=open top drawer
2026-09-18 13:34:49,390 | INFO | [t=1230] VLA chunk prompt=open top drawer
2026-09-18 13:34:49,764 | INFO | [t=1240] VLA chunk prompt=open top drawer
2026-09-18 13:34:50,145 | INFO | [t=1250] VLA chunk prompt=open top drawer
2026-09-18 13:34:50,531 | INFO | [t=1260] VLA chunk prompt=open top drawer
2026-09-18 13:34:50,909 | INFO | [t=1270] VLA chunk prompt=open top drawer
2026-09-18 13:34:51,282 | INFO | [t=1280] VLA chunk prompt=open top drawer
2026-09-18 13:34:51,650 | INFO | [t=1290] VLA chunk prompt=open top drawer
2026-09-18 13:34:52,019 | INFO | [t=1300] VLA chunk prompt=open top drawer
2026-09-18 13:34:52,389 | INFO | [t=1310] VLA chunk prompt=open top drawer
2026-09-18 13:34:52,757 | INFO | [t=1320] VLA chunk prompt=open top drawer
2026-09-18 13:34:53,129 | INFO | [t=1330] VLA chunk prompt=open top drawer
2026-09-18 13:34:53,503 | INFO | [t=1340] VLA chunk prompt=open top drawer
2026-09-18 13:34:53,878 | INFO | [t=1350] VLA chunk prompt=open top drawer
2026-09-18 13:34:54,246 | INFO | [t=1360] VLA chunk prompt=open top drawer
2026-09-18 13:34:54,609 | INFO | [t=1370] VLA chunk prompt=open top drawer
2026-09-18 13:34:54,969 | INFO | [t=1380] VLA chunk prompt=open top drawer
2026-09-18 13:34:55,329 | INFO | [t=1390] VLA chunk prompt=open top drawer
2026-09-18 13:34:55,688 | INFO | [t=1400] VLA chunk prompt=open top drawer
2026-09-18 13:34:56,046 | INFO | [t=1410] VLA chunk prompt=open top drawer
2026-09-18 13:34:56,403 | INFO | [t=1420] VLA chunk prompt=open top drawer
2026-09-18 13:34:56,763 | INFO | [t=1430] VLA chunk prompt=open top drawer
2026-09-18 13:34:57,126 | INFO | [t=1440] VLA chunk prompt=open top drawer
2026-09-18 13:34:57,493 | INFO | [t=1450] VLA chunk prompt=open top drawer
2026-09-18 13:34:57,862 | INFO | [t=1460] VLA chunk prompt=open top drawer
2026-09-18 13:34:58,232 | INFO | [t=1470] VLA chunk prompt=open top drawer
2026-09-18 13:34:58,604 | INFO | [t=1480] VLA chunk prompt=open top drawer
2026-09-18 13:34:58,979 | INFO | [t=1490] VLA chunk prompt=open top drawer
2026-09-18 13:34:59,352 | INFO | [t=1500] VLA chunk prompt=open top drawer
2026-09-18 13:34:59,723 | INFO | [t=1510] VLA chunk prompt=open top drawer
2026-09-18 13:35:00,096 | INFO | [t=1520] VLA chunk prompt=open top drawer
2026-09-18 13:35:00,472 | INFO | [t=1530] VLA chunk prompt=open top drawer
2026-09-18 13:35:00,847 | INFO | [t=1540] VLA chunk prompt=open top drawer
2026-09-18 13:35:01,222 | INFO | [t=1550] VLA chunk prompt=open top drawer
2026-09-18 13:35:01,588 | INFO | [t=1560] VLA chunk prompt=open top drawer
2026-09-18 13:35:01,960 | INFO | [t=1570] VLA chunk prompt=open top drawer
2026-09-18 13:35:02,334 | INFO | [t=1580] VLA chunk prompt=open top drawer
2026-09-18 13:35:02,709 | INFO | [t=1590] VLA chunk prompt=open top drawer
2026-09-18 13:35:03,085 | INFO | [t=1600] VLA chunk prompt=open top drawer
2026-09-18 13:35:03,465 | INFO | [t=1610] VLA chunk prompt=open top drawer
2026-09-18 13:35:03,841 | INFO | [t=1620] VLA chunk prompt=open top drawer
2026-09-18 13:35:04,219 | INFO | [t=1630] VLA chunk prompt=open top drawer
2026-09-18 13:35:04,591 | INFO | [t=1640] VLA chunk prompt=open top drawer
2026-09-18 13:35:04,969 | INFO | [t=1650] VLA chunk prompt=open top drawer
2026-09-18 13:35:05,351 | INFO | [t=1660] VLA chunk prompt=open top drawer
2026-09-18 13:35:05,731 | INFO | [t=1670] VLA chunk prompt=open top drawer
2026-09-18 13:35:06,106 | INFO | [t=1680] VLA chunk prompt=open top drawer
2026-09-18 13:35:06,477 | INFO | [t=1690] VLA chunk prompt=open top drawer
2026-09-18 13:35:06,841 | INFO | [t=1700] VLA chunk prompt=open top drawer
2026-09-18 13:35:07,202 | INFO | [t=1710] VLA chunk prompt=open top drawer
2026-09-18 13:35:07,562 | INFO | [t=1720] VLA chunk prompt=open top drawer
2026-09-18 13:35:07,923 | INFO | [t=1730] VLA chunk prompt=open top drawer
2026-09-18 13:35:08,279 | INFO | [t=1740] VLA chunk prompt=open top drawer
2026-09-18 13:35:08,638 | INFO | [t=1750] VLA chunk prompt=open top drawer
2026-09-18 13:35:08,997 | INFO | [t=1760] VLA chunk prompt=open top drawer
2026-09-18 13:35:09,361 | INFO | [t=1770] VLA chunk prompt=open top drawer
2026-09-18 13:35:09,730 | INFO | [t=1780] VLA chunk prompt=open top drawer
2026-09-18 13:35:10,099 | INFO | [t=1790] VLA chunk prompt=open top drawer
2026-09-18 13:35:10,471 | INFO | [t=1800] VLA chunk prompt=open top drawer
2026-09-18 13:35:10,840 | INFO | [t=1810] VLA chunk prompt=open top drawer
2026-09-18 13:35:11,204 | INFO | [t=1820] VLA chunk prompt=open top drawer
2026-09-18 13:35:11,569 | INFO | [t=1830] VLA chunk prompt=open top drawer
2026-09-18 13:35:11,936 | INFO | [t=1840] VLA chunk prompt=open top drawer
2026-09-18 13:35:12,302 | INFO | [t=1850] VLA chunk prompt=open top drawer
2026-09-18 13:35:12,668 | INFO | [t=1860] VLA chunk prompt=open top drawer
2026-09-18 13:35:13,045 | INFO | [t=1870] VLA chunk prompt=open top drawer
2026-09-18 13:35:13,407 | INFO | [t=1880] VLA chunk prompt=open top drawer
2026-09-18 13:35:13,764 | INFO | [t=1890] VLA chunk prompt=open top drawer
2026-09-18 13:35:14,123 | INFO | [t=1900] VLA chunk prompt=open top drawer
2026-09-18 13:35:14,482 | INFO | [t=1910] VLA chunk prompt=open top drawer
2026-09-18 13:35:14,840 | INFO | [t=1920] VLA chunk prompt=open top drawer
2026-09-18 13:35:15,197 | INFO | [t=1930] VLA chunk prompt=open top drawer
2026-09-18 13:35:15,561 | INFO | [t=1940] VLA chunk prompt=open top drawer
2026-09-18 13:35:15,929 | INFO | [t=1950] VLA chunk prompt=open top drawer
2026-09-18 13:35:16,296 | INFO | [t=1960] VLA chunk prompt=open top drawer
2026-09-18 13:35:16,665 | INFO | [t=1970] VLA chunk prompt=open top drawer
2026-09-18 13:35:17,036 | INFO | [t=1980] VLA chunk prompt=open top drawer
2026-09-18 13:35:17,407 | INFO | [t=1990] VLA chunk prompt=open top drawer
2026-09-18 13:35:17,777 | INFO | [t=2000] VLA chunk prompt=open top drawer
2026-09-18 13:35:18,146 | INFO | [t=2010] VLA chunk prompt=open top drawer
2026-09-18 13:35:18,514 | INFO | [t=2020] VLA chunk prompt=open top drawer
2026-09-18 13:35:18,883 | INFO | [t=2030] VLA chunk prompt=open top drawer
2026-09-18 13:35:19,252 | INFO | [t=2040] VLA chunk prompt=open top drawer
2026-09-18 13:35:19,625 | INFO | [t=2050] VLA chunk prompt=open top drawer
2026-09-18 13:35:19,998 | INFO | [t=2060] VLA chunk prompt=open top drawer
2026-09-18 13:35:20,372 | INFO | [t=2070] VLA chunk prompt=open top drawer
2026-09-18 13:35:20,751 | INFO | [t=2080] VLA chunk prompt=open top drawer
2026-09-18 13:35:21,128 | INFO | [t=2090] VLA chunk prompt=open top drawer
2026-09-18 13:35:21,504 | INFO | [t=2100] VLA chunk prompt=open top drawer
2026-09-18 13:35:21,877 | INFO | [t=2110] VLA chunk prompt=open top drawer
2026-09-18 13:35:22,243 | INFO | [t=2120] VLA chunk prompt=open top drawer
2026-09-18 13:35:22,599 | INFO | [t=2130] VLA chunk prompt=open top drawer
2026-09-18 13:35:22,958 | INFO | [t=2140] VLA chunk prompt=open top drawer
2026-09-18 13:35:23,317 | INFO | [t=2150] VLA chunk prompt=open top drawer
2026-09-18 13:35:23,676 | INFO | [t=2160] VLA chunk prompt=open top drawer
2026-09-18 13:35:24,035 | INFO | [t=2170] VLA chunk prompt=open top drawer
2026-09-18 13:35:24,396 | INFO | [t=2180] VLA chunk prompt=open top drawer
2026-09-18 13:35:24,760 | INFO | [t=2190] VLA chunk prompt=open top drawer
2026-09-18 13:35:25,125 | INFO | [t=2200] VLA chunk prompt=open top drawer
2026-09-18 13:35:25,495 | INFO | [t=2210] VLA chunk prompt=open top drawer
2026-09-18 13:35:25,871 | INFO | [t=2220] VLA chunk prompt=open top drawer
2026-09-18 13:35:26,242 | INFO | [t=2230] VLA chunk prompt=open top drawer
2026-09-18 13:35:26,606 | INFO | [t=2240] VLA chunk prompt=open top drawer
2026-09-18 13:35:26,968 | INFO | [t=2250] VLA chunk prompt=open top drawer
2026-09-18 13:35:27,324 | INFO | [t=2260] VLA chunk prompt=open top drawer
2026-09-18 13:35:27,677 | INFO | [t=2270] VLA chunk prompt=open top drawer
2026-09-18 13:35:28,029 | INFO | [t=2280] VLA chunk prompt=open top drawer
2026-09-18 13:35:28,386 | INFO | [t=2290] VLA chunk prompt=open top drawer
2026-09-18 13:35:28,765 | INFO | [t=2300] VLA chunk prompt=open top drawer
2026-09-18 13:35:29,151 | INFO | [t=2310] VLA chunk prompt=open top drawer
2026-09-18 13:35:29,509 | INFO | [t=2320] VLA chunk prompt=open top drawer
2026-09-18 13:35:29,858 | INFO | [t=2330] VLA chunk prompt=open top drawer
2026-09-18 13:35:30,212 | INFO | [t=2340] VLA chunk prompt=open top drawer
2026-09-18 13:35:30,566 | INFO | [t=2350] VLA chunk prompt=open top drawer
2026-09-18 13:35:30,922 | INFO | [t=2360] VLA chunk prompt=open top drawer
2026-09-18 13:35:31,280 | INFO | [t=2370] VLA chunk prompt=open top drawer
2026-09-18 13:35:31,641 | INFO | [t=2380] VLA chunk prompt=open top drawer
2026-09-18 13:35:31,993 | INFO | [t=2390] VLA chunk prompt=open top drawer
2026-09-18 13:35:32,347 | INFO | [t=2400] VLA chunk prompt=open top drawer
2026-09-18 13:35:32,700 | INFO | [t=2410] VLA chunk prompt=open top drawer
2026-09-18 13:35:33,051 | INFO | [t=2420] VLA chunk prompt=open top drawer
2026-09-18 13:35:33,404 | INFO | [t=2430] VLA chunk prompt=open top drawer
2026-09-18 13:35:33,758 | INFO | [t=2440] VLA chunk prompt=open top drawer
2026-09-18 13:35:34,116 | INFO | [t=2450] VLA chunk prompt=open top drawer
2026-09-18 13:35:34,476 | INFO | [t=2460] VLA chunk prompt=open top drawer
2026-09-18 13:35:34,836 | INFO | [t=2470] VLA chunk prompt=open top drawer
2026-09-18 13:35:35,188 | INFO | [t=2480] VLA chunk prompt=open top drawer
2026-09-18 13:35:35,542 | INFO | [t=2490] VLA chunk prompt=open top drawer
2026-09-18 13:35:35,894 | INFO | [t=2500] VLA chunk prompt=open top drawer
2026-09-18 13:35:39,228 | INFO | attempt=0 stage_score=25.0 stage_success=False failure_reason=incomplete_stage
2026-09-18 13:35:41,272 | INFO | harness release_gripper after env.reset (attempt=1)
2026-09-18 13:35:41,272 | INFO | async VLM enabled: single-slot subtask buffer
2026-09-18 13:35:41,535 | INFO | [t=10] VLA chunk prompt=Open all drawers in order, remember the empty drawer, then put butter into that empty drawer.
2026-09-18 13:35:41,818 | INFO | [t=20] VLA chunk prompt=Open all drawers in order, remember the empty drawer, then put butter into that empty drawer.
2026-09-18 13:35:42,098 | INFO | [t=30] VLA chunk prompt=Open all drawers in order, remember the empty drawer, then put butter into that empty drawer.
2026-09-18 13:35:42,375 | INFO | [t=40] VLA chunk prompt=Open all drawers in order, remember the empty drawer, then put butter into that empty drawer.
2026-09-18 13:35:42,654 | INFO | [t=50] VLA chunk prompt=Open all drawers in order, remember the empty drawer, then put butter into that empty drawer.
2026-09-18 13:35:42,931 | INFO | [t=60] VLA chunk prompt=Open all drawers in order, remember the empty drawer, then put butter into that empty drawer.
2026-09-18 13:35:43,209 | INFO | [t=70] VLA chunk prompt=Open all drawers in order, remember the empty drawer, then put butter into that empty drawer.
2026-09-18 13:35:43,438 | INFO | [t=80] harness subtask override: open top drawer
2026-09-18 13:35:43,438 | INFO | [t=80] VLM prompt update from step=-1: open top drawer
2026-09-18 13:35:43,438 | INFO | [t=80] harness forced VLM replan after stall (pmh visual retrieve armed)
2026-09-18 13:35:43,488 | INFO | [t=80] VLA chunk prompt=open top drawer
2026-09-18 13:35:43,768 | INFO | [t=90] VLA chunk prompt=open top drawer
2026-09-18 13:35:44,051 | INFO | [t=100] VLA chunk prompt=open top drawer
2026-09-18 13:35:44,297 | INFO | [t=109] stage done: 01_Open_Top_Drawer
2026-09-18 13:35:44,374 | INFO | [t=110] VLA chunk prompt=open top drawer
2026-09-18 13:35:44,702 | INFO | [t=120] VLA chunk prompt=open top drawer
2026-09-18 13:35:45,036 | INFO | [t=130] VLA chunk prompt=open top drawer
2026-09-18 13:35:45,379 | INFO | [t=140] VLA chunk prompt=open top drawer
2026-09-18 13:35:45,729 | INFO | [t=150] VLA chunk prompt=open top drawer
2026-09-18 13:35:46,084 | INFO | [t=160] VLA chunk prompt=open top drawer
2026-09-18 13:35:46,445 | INFO | [t=170] VLA chunk prompt=open top drawer
2026-09-18 13:35:46,808 | INFO | [t=180] VLA chunk prompt=open top drawer
2026-09-18 13:35:47,127 | INFO | [t=190] harness subtask override: close top drawer
2026-09-18 13:35:47,127 | INFO | [t=190] VLM prompt update from step=70: close top drawer
2026-09-18 13:35:47,127 | INFO | [t=190] harness forced VLM replan after stall (pmh visual retrieve armed)
2026-09-18 13:35:47,177 | INFO | [t=190] VLA chunk prompt=close top drawer
2026-09-18 13:35:47,549 | INFO | [t=200] VLA chunk prompt=close top drawer
2026-09-18 13:35:47,928 | INFO | [t=210] VLA chunk prompt=close top drawer
2026-09-18 13:35:48,309 | INFO | [t=220] VLA chunk prompt=close top drawer
2026-09-18 13:35:48,699 | INFO | [t=230] VLA chunk prompt=close top drawer
2026-09-18 13:35:49,082 | INFO | [t=240] VLA chunk prompt=close top drawer
2026-09-18 13:35:49,468 | INFO | [t=250] VLA chunk prompt=close top drawer
2026-09-18 13:35:49,855 | INFO | [t=260] VLA chunk prompt=close top drawer
2026-09-18 13:35:50,245 | INFO | [t=270] VLA chunk prompt=close top drawer
2026-09-18 13:35:50,486 | INFO | [t=277] stage done: 02_Close_Top_Drawer
2026-09-18 13:35:50,638 | INFO | [t=280] VLA chunk prompt=close top drawer
2026-09-18 13:35:51,033 | INFO | [t=290] VLA chunk prompt=close top drawer
2026-09-18 13:35:51,426 | INFO | [t=300] VLA chunk prompt=close top drawer
2026-09-18 13:35:51,813 | INFO | [t=310] VLA chunk prompt=close top drawer
2026-09-18 13:35:52,201 | INFO | [t=320] VLA chunk prompt=close top drawer
2026-09-18 13:35:52,583 | INFO | [t=330] VLA chunk prompt=close top drawer
2026-09-18 13:35:52,962 | INFO | [t=340] VLA chunk prompt=close top drawer
2026-09-18 13:35:53,338 | INFO | [t=350] VLA chunk prompt=close top drawer
2026-09-18 13:35:53,627 | INFO | API VLM @t=0 task=5 subtask=open top drawer keyframes=[]
2026-09-18 13:35:53,667 | INFO | [t=360] harness subtask override: open middle drawer
2026-09-18 13:35:53,667 | INFO | [t=360] VLM prompt update from step=0: open middle drawer
2026-09-18 13:35:53,668 | INFO | [t=360] harness forced VLM replan after stall (pmh visual retrieve armed)
2026-09-18 13:35:53,718 | INFO | [t=360] VLA chunk prompt=open middle drawer
2026-09-18 13:35:54,088 | INFO | [t=370] VLA chunk prompt=open middle drawer
2026-09-18 13:35:54,457 | INFO | [t=380] VLA chunk prompt=open middle drawer
2026-09-18 13:35:54,825 | INFO | [t=390] VLA chunk prompt=open middle drawer
2026-09-18 13:35:55,193 | INFO | [t=400] VLA chunk prompt=open middle drawer
2026-09-18 13:35:55,567 | INFO | [t=410] VLA chunk prompt=open middle drawer
2026-09-18 13:35:55,949 | INFO | [t=420] VLA chunk prompt=open middle drawer
2026-09-18 13:35:56,331 | INFO | [t=430] VLA chunk prompt=open middle drawer
2026-09-18 13:35:56,713 | INFO | [t=440] VLA chunk prompt=open middle drawer
2026-09-18 13:35:57,093 | INFO | [t=450] VLA chunk prompt=open middle drawer
2026-09-18 13:35:57,472 | INFO | [t=460] VLA chunk prompt=open middle drawer
2026-09-18 13:35:57,849 | INFO | [t=470] VLA chunk prompt=open middle drawer
2026-09-18 13:35:58,224 | INFO | [t=480] VLA chunk prompt=open middle drawer
2026-09-18 13:35:58,598 | INFO | [t=490] VLA chunk prompt=open middle drawer
2026-09-18 13:35:58,973 | INFO | [t=500] VLA chunk prompt=open middle drawer
2026-09-18 13:35:59,349 | INFO | [t=510] VLA chunk prompt=open middle drawer
2026-09-18 13:35:59,726 | INFO | [t=520] VLA chunk prompt=open middle drawer
2026-09-18 13:36:00,107 | INFO | [t=530] VLA chunk prompt=open middle drawer
2026-09-18 13:36:00,491 | INFO | [t=540] VLA chunk prompt=open middle drawer
2026-09-18 13:36:00,876 | INFO | [t=550] VLA chunk prompt=open middle drawer
2026-09-18 13:36:01,272 | INFO | [t=560] VLA chunk prompt=open middle drawer
2026-09-18 13:36:01,654 | INFO | [t=570] VLA chunk prompt=open middle drawer
2026-09-18 13:36:02,044 | INFO | [t=580] VLA chunk prompt=open middle drawer
2026-09-18 13:36:02,443 | INFO | [t=590] VLA chunk prompt=open middle drawer
2026-09-18 13:36:02,842 | INFO | [t=600] VLA chunk prompt=open middle drawer
2026-09-18 13:36:03,236 | INFO | [t=610] VLA chunk prompt=open middle drawer
2026-09-18 13:36:03,629 | INFO | [t=620] VLA chunk prompt=open middle drawer
2026-09-18 13:36:04,023 | INFO | [t=630] VLA chunk prompt=open middle drawer
2026-09-18 13:36:04,412 | INFO | [t=640] VLA chunk prompt=open middle drawer
2026-09-18 13:36:04,801 | INFO | [t=650] VLA chunk prompt=open middle drawer
2026-09-18 13:36:05,184 | INFO | [t=660] VLA chunk prompt=open middle drawer
2026-09-18 13:36:05,567 | INFO | [t=670] VLA chunk prompt=open middle drawer
2026-09-18 13:36:05,951 | INFO | [t=680] VLA chunk prompt=open middle drawer
2026-09-18 13:36:06,334 | INFO | [t=690] VLA chunk prompt=open middle drawer
2026-09-18 13:36:06,716 | INFO | [t=700] VLA chunk prompt=open middle drawer
2026-09-18 13:36:07,101 | INFO | [t=710] VLA chunk prompt=open middle drawer
2026-09-18 13:36:07,482 | INFO | [t=720] VLA chunk prompt=open middle drawer
2026-09-18 13:36:07,873 | INFO | [t=730] VLA chunk prompt=open middle drawer
2026-09-18 13:36:08,256 | INFO | [t=740] VLA chunk prompt=open middle drawer
2026-09-18 13:36:08,637 | INFO | [t=750] VLA chunk prompt=open middle drawer
2026-09-18 13:36:09,015 | INFO | [t=760] VLA chunk prompt=open middle drawer
2026-09-18 13:36:09,389 | INFO | [t=770] VLA chunk prompt=open middle drawer
2026-09-18 13:36:09,770 | INFO | [t=780] VLA chunk prompt=open middle drawer
2026-09-18 13:36:10,148 | INFO | [t=790] VLA chunk prompt=open middle drawer
2026-09-18 13:36:10,527 | INFO | [t=800] VLA chunk prompt=open middle drawer
2026-09-18 13:36:10,908 | INFO | [t=810] VLA chunk prompt=open middle drawer
2026-09-18 13:36:11,293 | INFO | [t=820] VLA chunk prompt=open middle drawer
2026-09-18 13:36:11,680 | INFO | [t=830] VLA chunk prompt=open middle drawer
2026-09-18 13:36:12,065 | INFO | [t=840] VLA chunk prompt=open middle drawer
2026-09-18 13:36:12,447 | INFO | [t=850] VLA chunk prompt=open middle drawer
2026-09-18 13:36:12,832 | INFO | [t=860] VLA chunk prompt=open middle drawer
2026-09-18 13:36:13,221 | INFO | [t=870] VLA chunk prompt=open middle drawer
2026-09-18 13:36:13,607 | INFO | [t=880] VLA chunk prompt=open middle drawer
2026-09-18 13:36:13,987 | INFO | [t=890] VLA chunk prompt=open middle drawer
2026-09-18 13:36:14,367 | INFO | [t=900] VLA chunk prompt=open middle drawer
2026-09-18 13:36:14,748 | INFO | [t=910] VLA chunk prompt=open middle drawer
2026-09-18 13:36:15,127 | INFO | [t=920] VLA chunk prompt=open middle drawer
2026-09-18 13:36:15,502 | INFO | [t=930] VLA chunk prompt=open middle drawer
2026-09-18 13:36:15,879 | INFO | [t=940] VLA chunk prompt=open middle drawer
2026-09-18 13:36:16,246 | INFO | [t=950] VLA chunk prompt=open middle drawer
2026-09-18 13:36:16,607 | INFO | [t=960] VLA chunk prompt=open middle drawer
2026-09-18 13:36:16,969 | INFO | [t=970] VLA chunk prompt=open middle drawer
2026-09-18 13:36:17,331 | INFO | [t=980] VLA chunk prompt=open middle drawer
2026-09-18 13:36:17,698 | INFO | [t=990] VLA chunk prompt=open middle drawer
2026-09-18 13:36:18,078 | INFO | [t=1000] VLA chunk prompt=open middle drawer
2026-09-18 13:36:18,454 | INFO | [t=1010] VLA chunk prompt=open middle drawer
2026-09-18 13:36:18,841 | INFO | [t=1020] VLA chunk prompt=open middle drawer
2026-09-18 13:36:19,224 | INFO | [t=1030] VLA chunk prompt=open middle drawer
2026-09-18 13:36:19,608 | INFO | [t=1040] VLA chunk prompt=open middle drawer
2026-09-18 13:36:19,989 | INFO | [t=1050] VLA chunk prompt=open middle drawer
2026-09-18 13:36:20,370 | INFO | [t=1060] VLA chunk prompt=open middle drawer
2026-09-18 13:36:20,750 | INFO | [t=1070] VLA chunk prompt=open middle drawer
2026-09-18 13:36:21,041 | INFO | API VLM @t=825 task=5 subtask=open middle drawer keyframes=[]
2026-09-18 13:36:21,137 | INFO | [t=1080] VLA chunk prompt=open middle drawer
2026-09-18 13:36:21,515 | INFO | [t=1090] VLA chunk prompt=open middle drawer
2026-09-18 13:36:21,892 | INFO | [t=1100] VLA chunk prompt=open middle drawer
2026-09-18 13:36:22,266 | INFO | [t=1110] VLA chunk prompt=open middle drawer
2026-09-18 13:36:22,641 | INFO | [t=1120] VLA chunk prompt=open middle drawer
2026-09-18 13:36:23,015 | INFO | [t=1130] VLA chunk prompt=open middle drawer
2026-09-18 13:36:23,386 | INFO | [t=1140] VLA chunk prompt=open middle drawer
2026-09-18 13:36:23,759 | INFO | [t=1150] VLA chunk prompt=open middle drawer
2026-09-18 13:36:24,130 | INFO | [t=1160] VLA chunk prompt=open middle drawer
2026-09-18 13:36:24,502 | INFO | [t=1170] VLA chunk prompt=open middle drawer
2026-09-18 13:36:24,879 | INFO | [t=1180] VLA chunk prompt=open middle drawer
2026-09-18 13:36:25,258 | INFO | [t=1190] VLA chunk prompt=open middle drawer
2026-09-18 13:36:25,637 | INFO | [t=1200] VLA chunk prompt=open middle drawer
2026-09-18 13:36:26,016 | INFO | [t=1210] VLA chunk prompt=open middle drawer
2026-09-18 13:36:26,394 | INFO | [t=1220] VLA chunk prompt=open middle drawer
2026-09-18 13:36:26,770 | INFO | [t=1230] VLA chunk prompt=open middle drawer
2026-09-18 13:36:27,151 | INFO | [t=1240] VLA chunk prompt=open middle drawer
2026-09-18 13:36:27,529 | INFO | [t=1250] VLA chunk prompt=open middle drawer
2026-09-18 13:36:27,905 | INFO | [t=1260] VLA chunk prompt=open middle drawer
2026-09-18 13:36:28,278 | INFO | [t=1270] VLA chunk prompt=open middle drawer
2026-09-18 13:36:28,649 | INFO | [t=1280] VLA chunk prompt=open middle drawer
2026-09-18 13:36:29,021 | INFO | [t=1290] VLA chunk prompt=open middle drawer
2026-09-18 13:36:29,394 | INFO | [t=1300] VLA chunk prompt=open middle drawer
2026-09-18 13:36:29,764 | INFO | [t=1310] VLA chunk prompt=open middle drawer
2026-09-18 13:36:30,146 | INFO | [t=1320] VLA chunk prompt=open middle drawer
2026-09-18 13:36:30,533 | INFO | [t=1330] VLA chunk prompt=open middle drawer
2026-09-18 13:36:30,919 | INFO | [t=1340] VLA chunk prompt=open middle drawer
2026-09-18 13:36:31,300 | INFO | [t=1350] VLA chunk prompt=open middle drawer
2026-09-18 13:36:31,682 | INFO | [t=1360] VLA chunk prompt=open middle drawer
2026-09-18 13:36:32,063 | INFO | [t=1370] VLA chunk prompt=open middle drawer
2026-09-18 13:36:32,447 | INFO | [t=1380] VLA chunk prompt=open middle drawer
2026-09-18 13:36:32,829 | INFO | [t=1390] VLA chunk prompt=open middle drawer
2026-09-18 13:36:33,211 | INFO | [t=1400] VLA chunk prompt=open middle drawer
2026-09-18 13:36:33,592 | INFO | [t=1410] VLA chunk prompt=open middle drawer
2026-09-18 13:36:33,973 | INFO | [t=1420] VLA chunk prompt=open middle drawer
2026-09-18 13:36:34,360 | INFO | [t=1430] VLA chunk prompt=open middle drawer
2026-09-18 13:36:34,750 | INFO | [t=1440] VLA chunk prompt=open middle drawer
2026-09-18 13:36:35,136 | INFO | [t=1450] VLA chunk prompt=open middle drawer
2026-09-18 13:36:35,516 | INFO | [t=1460] VLA chunk prompt=open middle drawer
2026-09-18 13:36:35,892 | INFO | [t=1470] VLA chunk prompt=open middle drawer
2026-09-18 13:36:36,277 | INFO | [t=1480] VLA chunk prompt=open middle drawer
2026-09-18 13:36:36,654 | INFO | [t=1490] VLA chunk prompt=open middle drawer
2026-09-18 13:36:37,031 | INFO | [t=1500] VLA chunk prompt=open middle drawer
2026-09-18 13:36:37,411 | INFO | [t=1510] VLA chunk prompt=open middle drawer
2026-09-18 13:36:37,787 | INFO | [t=1520] VLA chunk prompt=open middle drawer
2026-09-18 13:36:38,168 | INFO | [t=1530] VLA chunk prompt=open middle drawer
2026-09-18 13:36:38,543 | INFO | [t=1540] VLA chunk prompt=open middle drawer
2026-09-18 13:36:38,921 | INFO | [t=1550] VLA chunk prompt=open middle drawer
2026-09-18 13:36:39,299 | INFO | [t=1560] VLA chunk prompt=open middle drawer
2026-09-18 13:36:39,680 | INFO | [t=1570] VLA chunk prompt=open middle drawer
2026-09-18 13:36:40,062 | INFO | [t=1580] VLA chunk prompt=open middle drawer
2026-09-18 13:36:40,443 | INFO | [t=1590] VLA chunk prompt=open middle drawer
2026-09-18 13:36:40,821 | INFO | [t=1600] VLA chunk prompt=open middle drawer
2026-09-18 13:36:41,197 | INFO | [t=1610] VLA chunk prompt=open middle drawer
2026-09-18 13:36:41,571 | INFO | [t=1620] VLA chunk prompt=open middle drawer
2026-09-18 13:36:41,947 | INFO | [t=1630] VLA chunk prompt=open middle drawer
2026-09-18 13:36:42,325 | INFO | [t=1640] VLA chunk prompt=open middle drawer
2026-09-18 13:36:42,709 | INFO | [t=1650] VLA chunk prompt=open middle drawer
2026-09-18 13:36:43,092 | INFO | [t=1660] VLA chunk prompt=open middle drawer
2026-09-18 13:36:43,476 | INFO | [t=1670] VLA chunk prompt=open middle drawer
2026-09-18 13:36:43,860 | INFO | [t=1680] VLA chunk prompt=open middle drawer
2026-09-18 13:36:44,246 | INFO | [t=1690] VLA chunk prompt=open middle drawer
2026-09-18 13:36:44,630 | INFO | [t=1700] VLA chunk prompt=open middle drawer
2026-09-18 13:36:45,020 | INFO | [t=1710] VLA chunk prompt=open middle drawer
2026-09-18 13:36:45,408 | INFO | [t=1720] VLA chunk prompt=open middle drawer
2026-09-18 13:36:45,792 | INFO | [t=1730] VLA chunk prompt=open middle drawer
2026-09-18 13:36:46,177 | INFO | [t=1740] VLA chunk prompt=open middle drawer
2026-09-18 13:36:46,561 | INFO | [t=1750] VLA chunk prompt=open middle drawer
2026-09-18 13:36:46,947 | INFO | [t=1760] VLA chunk prompt=open middle drawer
2026-09-18 13:36:47,332 | INFO | [t=1770] VLA chunk prompt=open middle drawer
2026-09-18 13:36:47,717 | INFO | [t=1780] VLA chunk prompt=open middle drawer
2026-09-18 13:36:48,105 | INFO | [t=1790] VLA chunk prompt=open middle drawer
2026-09-18 13:36:48,491 | INFO | [t=1800] VLA chunk prompt=open middle drawer
2026-09-18 13:36:48,879 | INFO | [t=1810] VLA chunk prompt=open middle drawer
2026-09-18 13:36:49,267 | INFO | [t=1820] VLA chunk prompt=open middle drawer
2026-09-18 13:36:49,600 | INFO | API VLM @t=345 task=5 subtask=open middle drawer keyframes=[]
2026-09-18 13:36:49,656 | INFO | [t=1830] VLA chunk prompt=open middle drawer
2026-09-18 13:36:50,044 | INFO | [t=1840] VLA chunk prompt=open middle drawer
2026-09-18 13:36:50,435 | INFO | [t=1850] VLA chunk prompt=open middle drawer
2026-09-18 13:36:50,468 | INFO | [t=1851] stage done: 03_Open_Middle_Drawer
2026-09-18 13:36:50,816 | INFO | [t=1860] VLA chunk prompt=open middle drawer
2026-09-18 13:36:51,190 | INFO | [t=1870] VLA chunk prompt=open middle drawer
2026-09-18 13:36:51,562 | INFO | [t=1880] VLA chunk prompt=open middle drawer
2026-09-18 13:36:51,935 | INFO | [t=1890] VLA chunk prompt=open middle drawer
2026-09-18 13:36:52,306 | INFO | [t=1900] VLA chunk prompt=open middle drawer
2026-09-18 13:36:52,669 | INFO | [t=1910] VLA chunk prompt=open middle drawer
2026-09-18 13:36:53,024 | INFO | [t=1920] VLA chunk prompt=open middle drawer
2026-09-18 13:36:53,376 | INFO | [t=1930] VLA chunk prompt=open middle drawer
2026-09-18 13:36:53,680 | INFO | [t=1940] harness subtask override: close middle drawer
2026-09-18 13:36:53,680 | INFO | [t=1940] VLM prompt update from step=345: close middle drawer
2026-09-18 13:36:53,681 | INFO | [t=1940] harness forced VLM replan after stall (pmh visual retrieve armed)
2026-09-18 13:36:53,731 | INFO | [t=1940] VLA chunk prompt=close middle drawer
2026-09-18 13:36:53,920 | INFO | [t=1946] stage done: 04_Close_Middle_Drawer
2026-09-18 13:36:54,098 | INFO | [t=1950] VLA chunk prompt=close middle drawer
2026-09-18 13:36:54,471 | INFO | [t=1960] VLA chunk prompt=close middle drawer
2026-09-18 13:36:54,844 | INFO | [t=1970] VLA chunk prompt=close middle drawer
2026-09-18 13:36:55,209 | INFO | [t=1980] VLA chunk prompt=close middle drawer
2026-09-18 13:36:55,572 | INFO | [t=1990] VLA chunk prompt=close middle drawer
2026-09-18 13:36:55,935 | INFO | [t=2000] VLA chunk prompt=close middle drawer
2026-09-18 13:36:56,292 | INFO | [t=2010] VLA chunk prompt=close middle drawer
2026-09-18 13:36:56,651 | INFO | [t=2020] VLA chunk prompt=close middle drawer
2026-09-18 13:36:56,959 | INFO | [t=2030] harness subtask override: open bottom drawer
2026-09-18 13:36:56,959 | INFO | [t=2030] VLM prompt update from step=345: open bottom drawer
2026-09-18 13:36:56,959 | INFO | [t=2030] harness forced VLM replan after stall (pmh visual retrieve armed)
2026-09-18 13:36:57,010 | INFO | [t=2030] VLA chunk prompt=open bottom drawer
2026-09-18 13:36:57,375 | INFO | [t=2040] VLA chunk prompt=open bottom drawer
2026-09-18 13:36:57,757 | INFO | [t=2050] VLA chunk prompt=open bottom drawer
2026-09-18 13:36:58,148 | INFO | [t=2060] VLA chunk prompt=open bottom drawer
2026-09-18 13:36:58,192 | WARNING | API planner returned empty response at step=1815
2026-09-18 13:36:58,506 | INFO | [t=2070] VLM prompt update from step=1815: open middle drawer
2026-09-18 13:36:58,556 | INFO | [t=2070] VLA chunk prompt=open middle drawer
2026-09-18 13:36:58,958 | INFO | [t=2080] VLA chunk prompt=open middle drawer
2026-09-18 13:36:59,370 | INFO | [t=2090] VLA chunk prompt=open middle drawer
2026-09-18 13:36:59,773 | INFO | [t=2100] VLA chunk prompt=open middle drawer
2026-09-18 13:37:00,178 | INFO | [t=2110] VLA chunk prompt=open middle drawer
2026-09-18 13:37:00,571 | INFO | [t=2120] VLA chunk prompt=open middle drawer
2026-09-18 13:37:00,961 | INFO | [t=2130] VLA chunk prompt=open middle drawer
2026-09-18 13:37:01,347 | INFO | [t=2140] VLA chunk prompt=open middle drawer
2026-09-18 13:37:01,724 | INFO | [t=2150] VLA chunk prompt=open middle drawer
2026-09-18 13:37:02,096 | INFO | [t=2160] VLA chunk prompt=open middle drawer
2026-09-18 13:37:02,468 | INFO | [t=2170] VLA chunk prompt=open middle drawer
2026-09-18 13:37:02,840 | INFO | [t=2180] VLA chunk prompt=open middle drawer
2026-09-18 13:37:03,209 | INFO | [t=2190] VLA chunk prompt=open middle drawer
2026-09-18 13:37:03,571 | INFO | [t=2200] VLA chunk prompt=open middle drawer
2026-09-18 13:37:03,933 | INFO | [t=2210] VLA chunk prompt=open middle drawer
2026-09-18 13:37:04,292 | INFO | [t=2220] VLA chunk prompt=open middle drawer
2026-09-18 13:37:04,651 | INFO | [t=2230] VLA chunk prompt=open middle drawer
2026-09-18 13:37:05,011 | INFO | [t=2240] VLA chunk prompt=open middle drawer
2026-09-18 13:37:05,366 | INFO | [t=2250] VLA chunk prompt=open middle drawer
2026-09-18 13:37:05,720 | INFO | [t=2260] VLA chunk prompt=open middle drawer
2026-09-18 13:37:06,072 | INFO | [t=2270] VLA chunk prompt=open middle drawer
2026-09-18 13:37:06,427 | INFO | [t=2280] VLA chunk prompt=open middle drawer
2026-09-18 13:37:06,780 | INFO | [t=2290] VLA chunk prompt=open middle drawer
2026-09-18 13:37:07,144 | INFO | [t=2300] VLA chunk prompt=open middle drawer
2026-09-18 13:37:07,508 | INFO | [t=2310] VLA chunk prompt=open middle drawer
2026-09-18 13:37:07,866 | INFO | [t=2320] VLA chunk prompt=open middle drawer
2026-09-18 13:37:08,221 | INFO | [t=2330] VLA chunk prompt=open middle drawer
2026-09-18 13:37:08,573 | INFO | [t=2340] VLA chunk prompt=open middle drawer
2026-09-18 13:37:08,925 | INFO | [t=2350] VLA chunk prompt=open middle drawer
2026-09-18 13:37:09,274 | INFO | [t=2360] VLA chunk prompt=open middle drawer
2026-09-18 13:37:09,624 | INFO | [t=2370] VLA chunk prompt=open middle drawer
2026-09-18 13:37:09,984 | INFO | [t=2380] VLA chunk prompt=open middle drawer
2026-09-18 13:37:10,352 | INFO | [t=2390] VLA chunk prompt=open middle drawer
2026-09-18 13:37:10,724 | INFO | [t=2400] VLA chunk prompt=open middle drawer
2026-09-18 13:37:11,096 | INFO | [t=2410] VLA chunk prompt=open middle drawer
2026-09-18 13:37:11,468 | INFO | [t=2420] VLA chunk prompt=open middle drawer
2026-09-18 13:37:11,834 | INFO | [t=2430] VLA chunk prompt=open middle drawer
2026-09-18 13:37:12,197 | INFO | [t=2440] VLA chunk prompt=open middle drawer
2026-09-18 13:37:12,559 | INFO | [t=2450] VLA chunk prompt=open middle drawer
2026-09-18 13:37:12,922 | INFO | [t=2460] VLA chunk prompt=open middle drawer
2026-09-18 13:37:13,288 | INFO | [t=2470] VLA chunk prompt=open middle drawer
2026-09-18 13:37:13,664 | INFO | [t=2480] VLA chunk prompt=open middle drawer
2026-09-18 13:37:14,035 | INFO | [t=2490] VLA chunk prompt=open middle drawer
2026-09-18 13:37:14,405 | INFO | [t=2500] VLA chunk prompt=open middle drawer
2026-09-18 13:37:17,756 | INFO | attempt=1 stage_score=50.0 stage_success=False failure_reason=incomplete_stage
2026-09-18 13:37:17,756 | INFO | Episode 5 seed=105 stage_score=50.0 stage_success=0 goal=0.500 failure_reason=incomplete_stage | 01_Open_Top_Drawer=Y | 02_Close_Top_Drawer=Y | 03_Open_Middle_Drawer=Y | 04_Close_Middle_Drawer=Y | 05_Open_Bottom_Drawer=N | 06_Close_Bottom_Drawer=N | 07_Open_Middle_Drawer_Again=N | 08_Put_Butter_Middle_Drawer=N | 09_Close_Middle_Drawer_Final=N
