2026-09-27 12:25:48,527 | INFO | task_id=8 bddl=/project/peilab/why/RoboMemArena/bddl/8_pick_chocolate_in_frypan_pour_tomato_sauce_twice.bddl vlm_ckpt=/project/peilab/why/RoboMemArena/checkpoints/PrediMem/vlm_tasks1to26_ckpt74500
2026-09-27 12:25:48,537 | INFO | [redact] enabled task=8 registered_phrases=0 terms=[]
2026-09-27 12:25:50,266 | INFO | async VLM enabled: single-slot subtask buffer
2026-09-27 12:25:50,453 | INFO | [redact] enabled task=8 registered_phrases=0 terms=[]
2026-09-27 12:25:50,507 | INFO | [t=10] VLA chunk prompt=Pick and place chocolate into the frypan, pour tomato sauce over it twice, then place the sauce bottle into the bowl drainer.
2026-09-27 12:25:50,758 | INFO | [t=20] VLA chunk prompt=Pick and place chocolate into the frypan, pour tomato sauce over it twice, then place the sauce bottle into the bowl drainer.
2026-09-27 12:25:51,009 | INFO | [t=30] VLA chunk prompt=Pick and place chocolate into the frypan, pour tomato sauce over it twice, then place the sauce bottle into the bowl drainer.
2026-09-27 12:25:51,260 | INFO | [t=40] VLA chunk prompt=Pick and place chocolate into the frypan, pour tomato sauce over it twice, then place the sauce bottle into the bowl drainer.
2026-09-27 12:25:51,513 | INFO | [t=50] VLA chunk prompt=Pick and place chocolate into the frypan, pour tomato sauce over it twice, then place the sauce bottle into the bowl drainer.
2026-09-27 12:25:51,762 | INFO | [t=60] VLA chunk prompt=Pick and place chocolate into the frypan, pour tomato sauce over it twice, then place the sauce bottle into the bowl drainer.
2026-09-27 12:25:52,009 | INFO | [t=70] VLA chunk prompt=Pick and place chocolate into the frypan, pour tomato sauce over it twice, then place the sauce bottle into the bowl drainer.
2026-09-27 12:25:52,254 | INFO | [t=80] VLA chunk prompt=Pick and place chocolate into the frypan, pour tomato sauce over it twice, then place the sauce bottle into the bowl drainer.
2026-09-27 12:25:52,497 | INFO | [t=90] VLA chunk prompt=Pick and place chocolate into the frypan, pour tomato sauce over it twice, then place the sauce bottle into the bowl drainer.
2026-09-27 12:25:52,739 | INFO | [t=100] VLA chunk prompt=Pick and place chocolate into the frypan, pour tomato sauce over it twice, then place the sauce bottle into the bowl drainer.
2026-09-27 12:25:52,982 | INFO | [t=110] VLA chunk prompt=Pick and place chocolate into the frypan, pour tomato sauce over it twice, then place the sauce bottle into the bowl drainer.
2026-09-27 12:25:53,246 | INFO | [t=120] VLA chunk prompt=Pick and place chocolate into the frypan, pour tomato sauce over it twice, then place the sauce bottle into the bowl drainer.
2026-09-27 12:25:53,524 | INFO | [t=130] VLA chunk prompt=Pick and place chocolate into the frypan, pour tomato sauce over it twice, then place the sauce bottle into the bowl drainer.
2026-09-27 12:25:53,819 | INFO | [t=140] VLA chunk prompt=Pick and place chocolate into the frypan, pour tomato sauce over it twice, then place the sauce bottle into the bowl drainer.
2026-09-27 12:25:54,117 | INFO | [t=150] VLA chunk prompt=Pick and place chocolate into the frypan, pour tomato sauce over it twice, then place the sauce bottle into the bowl drainer.
2026-09-27 12:25:54,417 | INFO | [t=160] VLA chunk prompt=Pick and place chocolate into the frypan, pour tomato sauce over it twice, then place the sauce bottle into the bowl drainer.
2026-09-27 12:25:54,720 | INFO | [t=170] VLA chunk prompt=Pick and place chocolate into the frypan, pour tomato sauce over it twice, then place the sauce bottle into the bowl drainer.
2026-09-27 12:25:55,024 | INFO | [t=180] VLA chunk prompt=Pick and place chocolate into the frypan, pour tomato sauce over it twice, then place the sauce bottle into the bowl drainer.
2026-09-27 12:25:55,329 | INFO | [t=190] VLA chunk prompt=Pick and place chocolate into the frypan, pour tomato sauce over it twice, then place the sauce bottle into the bowl drainer.
2026-09-27 12:25:55,385 | INFO | API VLM @t=0 task=8 subtask=Grasp the tomato sauce bottle and lift it. keyframes=[]
2026-09-27 12:25:55,388 | INFO | [redact] enabled task=8 registered_phrases=0 terms=[]
2026-09-27 12:25:55,593 | INFO | [t=200] VLM prompt update from step=0: Grasp the tomato sauce bottle and lift it.
2026-09-27 12:25:55,644 | INFO | [t=200] VLA chunk prompt=Grasp the tomato sauce bottle and lift it.
2026-09-27 12:25:55,959 | INFO | [t=210] VLA chunk prompt=Grasp the tomato sauce bottle and lift it.
2026-09-27 12:25:56,287 | INFO | [t=220] VLA chunk prompt=Grasp the tomato sauce bottle and lift it.
2026-09-27 12:25:56,623 | INFO | [t=230] VLA chunk prompt=Grasp the tomato sauce bottle and lift it.
2026-09-27 12:25:56,958 | INFO | [t=240] VLA chunk prompt=Grasp the tomato sauce bottle and lift it.
2026-09-27 12:25:57,295 | INFO | [t=250] VLA chunk prompt=Grasp the tomato sauce bottle and lift it.
2026-09-27 12:25:57,629 | INFO | [t=260] VLA chunk prompt=Grasp the tomato sauce bottle and lift it.
2026-09-27 12:25:57,965 | INFO | [t=270] VLA chunk prompt=Grasp the tomato sauce bottle and lift it.
2026-09-27 12:25:58,302 | INFO | [t=280] VLA chunk prompt=Grasp the tomato sauce bottle and lift it.
2026-09-27 12:25:58,649 | INFO | [t=290] VLA chunk prompt=Grasp the tomato sauce bottle and lift it.
2026-09-27 12:25:58,992 | INFO | [t=300] VLA chunk prompt=Grasp the tomato sauce bottle and lift it.
2026-09-27 12:25:59,327 | INFO | [t=310] VLA chunk prompt=Grasp the tomato sauce bottle and lift it.
2026-09-27 12:25:59,657 | INFO | [t=320] VLA chunk prompt=Grasp the tomato sauce bottle and lift it.
2026-09-27 12:25:59,986 | INFO | [t=330] VLA chunk prompt=Grasp the tomato sauce bottle and lift it.
2026-09-27 12:26:00,315 | INFO | [t=340] VLA chunk prompt=Grasp the tomato sauce bottle and lift it.
2026-09-27 12:26:00,642 | INFO | [t=350] VLA chunk prompt=Grasp the tomato sauce bottle and lift it.
2026-09-27 12:26:00,773 | INFO | API VLM @t=180 task=8 subtask=Grasp and lift the tomato sauce bottle. keyframes=[]
2026-09-27 12:26:00,775 | INFO | [redact] enabled task=8 registered_phrases=0 terms=[]
2026-09-27 12:26:00,928 | INFO | [t=360] VLM prompt update from step=180: Grasp and lift the tomato sauce bottle.
2026-09-27 12:26:00,981 | INFO | [t=360] VLA chunk prompt=Grasp and lift the tomato sauce bottle.
2026-09-27 12:26:01,320 | INFO | [t=370] VLA chunk prompt=Grasp and lift the tomato sauce bottle.
2026-09-27 12:26:01,651 | INFO | [t=380] VLA chunk prompt=Grasp and lift the tomato sauce bottle.
2026-09-27 12:26:01,978 | INFO | [t=390] VLA chunk prompt=Grasp and lift the tomato sauce bottle.
2026-09-27 12:26:02,305 | INFO | [t=400] VLA chunk prompt=Grasp and lift the tomato sauce bottle.
2026-09-27 12:26:02,629 | INFO | [t=410] VLA chunk prompt=Grasp and lift the tomato sauce bottle.
2026-09-27 12:26:02,952 | INFO | [t=420] VLA chunk prompt=Grasp and lift the tomato sauce bottle.
2026-09-27 12:26:03,282 | INFO | [t=430] VLA chunk prompt=Grasp and lift the tomato sauce bottle.
2026-09-27 12:26:03,620 | INFO | [t=440] VLA chunk prompt=Grasp and lift the tomato sauce bottle.
2026-09-27 12:26:03,949 | INFO | [t=450] VLA chunk prompt=Grasp and lift the tomato sauce bottle.
2026-09-27 12:26:04,277 | INFO | [t=460] VLA chunk prompt=Grasp and lift the tomato sauce bottle.
2026-09-27 12:26:04,605 | INFO | [t=470] VLA chunk prompt=Grasp and lift the tomato sauce bottle.
2026-09-27 12:26:04,961 | INFO | [t=480] VLA chunk prompt=Grasp and lift the tomato sauce bottle.
2026-09-27 12:26:05,075 | INFO | API VLM @t=340 task=8 subtask=Grasp and lift the tomato sauce bottle until it is raised. keyframes=[]
2026-09-27 12:26:05,077 | INFO | [redact] enabled task=8 registered_phrases=0 terms=[]
2026-09-27 12:26:05,283 | INFO | [t=490] VLM prompt update from step=340: Grasp and lift the tomato sauce bottle until it is raised.
2026-09-27 12:26:05,334 | INFO | [t=490] VLA chunk prompt=Grasp and lift the tomato sauce bottle until it is raised.
2026-09-27 12:26:05,704 | INFO | [t=500] VLA chunk prompt=Grasp and lift the tomato sauce bottle until it is raised.
2026-09-27 12:26:06,089 | INFO | [t=510] VLA chunk prompt=Grasp and lift the tomato sauce bottle until it is raised.
2026-09-27 12:26:06,456 | INFO | [t=520] VLA chunk prompt=Grasp and lift the tomato sauce bottle until it is raised.
2026-09-27 12:26:06,553 | INFO | [t=523] stage done: 01_Lift_Tomato_Sauce
2026-09-27 12:26:06,830 | INFO | [t=530] VLA chunk prompt=Grasp and lift the tomato sauce bottle until it is raised.
2026-09-27 12:26:07,199 | INFO | [t=540] VLA chunk prompt=Grasp and lift the tomato sauce bottle until it is raised.
2026-09-27 12:26:07,567 | INFO | [t=550] VLA chunk prompt=Grasp and lift the tomato sauce bottle until it is raised.
2026-09-27 12:26:07,927 | INFO | [t=560] VLA chunk prompt=Grasp and lift the tomato sauce bottle until it is raised.
2026-09-27 12:26:08,297 | INFO | [t=570] VLA chunk prompt=Grasp and lift the tomato sauce bottle until it is raised.
2026-09-27 12:26:08,659 | INFO | [t=580] VLA chunk prompt=Grasp and lift the tomato sauce bottle until it is raised.
2026-09-27 12:26:09,021 | INFO | [t=590] VLA chunk prompt=Grasp and lift the tomato sauce bottle until it is raised.
2026-09-27 12:26:09,380 | INFO | [t=600] VLA chunk prompt=Grasp and lift the tomato sauce bottle until it is raised.
2026-09-27 12:26:09,738 | INFO | [t=610] VLA chunk prompt=Grasp and lift the tomato sauce bottle until it is raised.
2026-09-27 12:26:09,993 | INFO | API VLM @t=470 task=8 subtask=Reach for and grasp the tomato sauce bottle, then lift it. keyframes=[]
2026-09-27 12:26:09,995 | INFO | [redact] enabled task=8 registered_phrases=0 terms=[]
2026-09-27 12:26:10,042 | INFO | [t=620] VLM prompt update from step=470: Reach for and grasp the tomato sauce bottle, then lift it.
2026-09-27 12:26:10,093 | INFO | [t=620] VLA chunk prompt=Reach for and grasp the tomato sauce bottle, then lift it.
2026-09-27 12:26:10,152 | INFO | [t=622] stage done: 02_Pour_One
2026-09-27 12:26:10,439 | INFO | [t=630] VLA chunk prompt=Reach for and grasp the tomato sauce bottle, then lift it.
2026-09-27 12:26:10,789 | INFO | [t=640] VLA chunk prompt=Reach for and grasp the tomato sauce bottle, then lift it.
2026-09-27 12:26:11,142 | INFO | [t=650] VLA chunk prompt=Reach for and grasp the tomato sauce bottle, then lift it.
2026-09-27 12:26:11,500 | INFO | [t=660] VLA chunk prompt=Reach for and grasp the tomato sauce bottle, then lift it.
2026-09-27 12:26:11,856 | INFO | [t=670] VLA chunk prompt=Reach for and grasp the tomato sauce bottle, then lift it.
2026-09-27 12:26:12,206 | INFO | [t=680] VLA chunk prompt=Reach for and grasp the tomato sauce bottle, then lift it.
2026-09-27 12:26:12,555 | INFO | [t=690] VLA chunk prompt=Reach for and grasp the tomato sauce bottle, then lift it.
2026-09-27 12:26:12,899 | INFO | [t=700] VLA chunk prompt=Reach for and grasp the tomato sauce bottle, then lift it.
2026-09-27 12:26:13,240 | INFO | [t=710] VLA chunk prompt=Reach for and grasp the tomato sauce bottle, then lift it.
2026-09-27 12:26:13,582 | INFO | [t=720] VLA chunk prompt=Reach for and grasp the tomato sauce bottle, then lift it.
2026-09-27 12:26:13,931 | INFO | [t=730] VLA chunk prompt=Reach for and grasp the tomato sauce bottle, then lift it.
2026-09-27 12:26:14,286 | INFO | [t=740] VLA chunk prompt=Reach for and grasp the tomato sauce bottle, then lift it.
2026-09-27 12:26:14,634 | INFO | [t=750] VLA chunk prompt=Reach for and grasp the tomato sauce bottle, then lift it.
2026-09-27 12:26:14,981 | INFO | [t=760] VLA chunk prompt=Reach for and grasp the tomato sauce bottle, then lift it.
2026-09-27 12:26:15,324 | INFO | [t=770] VLA chunk prompt=Reach for and grasp the tomato sauce bottle, then lift it.
2026-09-27 12:26:15,666 | INFO | [t=780] VLA chunk prompt=Reach for and grasp the tomato sauce bottle, then lift it.
2026-09-27 12:26:16,009 | INFO | [t=790] VLA chunk prompt=Reach for and grasp the tomato sauce bottle, then lift it.
2026-09-27 12:26:16,353 | INFO | [t=800] VLA chunk prompt=Reach for and grasp the tomato sauce bottle, then lift it.
2026-09-27 12:26:16,706 | INFO | [t=810] VLA chunk prompt=Reach for and grasp the tomato sauce bottle, then lift it.
2026-09-27 12:26:17,051 | INFO | [t=820] VLA chunk prompt=Reach for and grasp the tomato sauce bottle, then lift it.
2026-09-27 12:26:17,394 | INFO | [t=830] VLA chunk prompt=Reach for and grasp the tomato sauce bottle, then lift it.
2026-09-27 12:26:17,736 | INFO | [t=840] VLA chunk prompt=Reach for and grasp the tomato sauce bottle, then lift it.
2026-09-27 12:26:18,058 | INFO | API VLM @t=605 task=8 subtask=Pick up the tomato sauce bottle and pour it once over the chocolate in the frypan. keyframes=[]
2026-09-27 12:26:18,060 | INFO | [redact] enabled task=8 registered_phrases=0 terms=[]
2026-09-27 12:26:18,077 | INFO | [t=850] VLA chunk prompt=Reach for and grasp the tomato sauce bottle, then lift it.
2026-09-27 12:26:18,371 | INFO | [t=860] VLM prompt update from step=605: Pick up the tomato sauce bottle and pour it once over the chocolate in the frypan.
2026-09-27 12:26:18,421 | INFO | [t=860] VLA chunk prompt=Pick up the tomato sauce bottle and pour it once over the chocolate in the frypan.
2026-09-27 12:26:18,772 | INFO | [t=870] VLA chunk prompt=Pick up the tomato sauce bottle and pour it once over the chocolate in the frypan.
2026-09-27 12:26:19,135 | INFO | [t=880] VLA chunk prompt=Pick up the tomato sauce bottle and pour it once over the chocolate in the frypan.
2026-09-27 12:26:19,495 | INFO | [t=890] VLA chunk prompt=Pick up the tomato sauce bottle and pour it once over the chocolate in the frypan.
2026-09-27 12:26:19,848 | INFO | [t=900] VLA chunk prompt=Pick up the tomato sauce bottle and pour it once over the chocolate in the frypan.
2026-09-27 12:26:20,194 | INFO | [t=910] VLA chunk prompt=Pick up the tomato sauce bottle and pour it once over the chocolate in the frypan.
2026-09-27 12:26:20,537 | INFO | [t=920] VLA chunk prompt=Pick up the tomato sauce bottle and pour it once over the chocolate in the frypan.
2026-09-27 12:26:20,881 | INFO | [t=930] VLA chunk prompt=Pick up the tomato sauce bottle and pour it once over the chocolate in the frypan.
2026-09-27 12:26:21,227 | INFO | [t=940] VLA chunk prompt=Pick up the tomato sauce bottle and pour it once over the chocolate in the frypan.
2026-09-27 12:26:21,582 | INFO | [t=950] VLA chunk prompt=Pick up the tomato sauce bottle and pour it once over the chocolate in the frypan.
2026-09-27 12:26:21,931 | INFO | [t=960] VLA chunk prompt=Pick up the tomato sauce bottle and pour it once over the chocolate in the frypan.
2026-09-27 12:26:22,278 | INFO | [t=970] VLA chunk prompt=Pick up the tomato sauce bottle and pour it once over the chocolate in the frypan.
2026-09-27 12:26:22,621 | INFO | [t=980] VLA chunk prompt=Pick up the tomato sauce bottle and pour it once over the chocolate in the frypan.
2026-09-27 12:26:22,965 | INFO | [t=990] VLA chunk prompt=Pick up the tomato sauce bottle and pour it once over the chocolate in the frypan.
2026-09-27 12:26:23,311 | INFO | [t=1000] VLA chunk prompt=Pick up the tomato sauce bottle and pour it once over the chocolate in the frypan.
2026-09-27 12:26:23,658 | INFO | [t=1010] VLA chunk prompt=Pick up the tomato sauce bottle and pour it once over the chocolate in the frypan.
2026-09-27 12:26:24,017 | INFO | [t=1020] VLA chunk prompt=Pick up the tomato sauce bottle and pour it once over the chocolate in the frypan.
2026-09-27 12:26:24,370 | INFO | [t=1030] VLA chunk prompt=Pick up the tomato sauce bottle and pour it once over the chocolate in the frypan.
2026-09-27 12:26:24,720 | INFO | [t=1040] VLA chunk prompt=Pick up the tomato sauce bottle and pour it once over the chocolate in the frypan.
2026-09-27 12:26:25,069 | INFO | [t=1050] VLA chunk prompt=Pick up the tomato sauce bottle and pour it once over the chocolate in the frypan.
2026-09-27 12:26:25,382 | INFO | API VLM @t=840 task=8 subtask=Pour the tomato sauce over the chocolate in the frypan a second time. keyframes=[]
2026-09-27 12:26:25,384 | INFO | [redact] enabled task=8 registered_phrases=0 terms=[]
2026-09-27 12:26:25,419 | INFO | [t=1060] VLA chunk prompt=Pick up the tomato sauce bottle and pour it once over the chocolate in the frypan.
2026-09-27 12:26:25,716 | INFO | [t=1070] VLM prompt update from step=840: Pour the tomato sauce over the chocolate in the frypan a second time.
2026-09-27 12:26:25,767 | INFO | [t=1070] VLA chunk prompt=Pour the tomato sauce over the chocolate in the frypan a second time.
2026-09-27 12:26:26,116 | INFO | [t=1080] VLA chunk prompt=Pour the tomato sauce over the chocolate in the frypan a second time.
2026-09-27 12:26:26,479 | INFO | [t=1090] VLA chunk prompt=Pour the tomato sauce over the chocolate in the frypan a second time.
2026-09-27 12:26:26,839 | INFO | [t=1100] VLA chunk prompt=Pour the tomato sauce over the chocolate in the frypan a second time.
2026-09-27 12:26:27,201 | INFO | [t=1110] VLA chunk prompt=Pour the tomato sauce over the chocolate in the frypan a second time.
2026-09-27 12:26:27,560 | INFO | [t=1120] VLA chunk prompt=Pour the tomato sauce over the chocolate in the frypan a second time.
2026-09-27 12:26:27,916 | INFO | [t=1130] VLA chunk prompt=Pour the tomato sauce over the chocolate in the frypan a second time.
2026-09-27 12:26:28,270 | INFO | [t=1140] VLA chunk prompt=Pour the tomato sauce over the chocolate in the frypan a second time.
2026-09-27 12:26:28,632 | INFO | [t=1150] VLA chunk prompt=Pour the tomato sauce over the chocolate in the frypan a second time.
2026-09-27 12:26:28,988 | INFO | [t=1160] VLA chunk prompt=Pour the tomato sauce over the chocolate in the frypan a second time.
2026-09-27 12:26:29,328 | INFO | [t=1170] VLA chunk prompt=Pour the tomato sauce over the chocolate in the frypan a second time.
2026-09-27 12:26:29,669 | INFO | [t=1180] VLA chunk prompt=Pour the tomato sauce over the chocolate in the frypan a second time.
2026-09-27 12:26:30,008 | INFO | [t=1190] VLA chunk prompt=Pour the tomato sauce over the chocolate in the frypan a second time.
2026-09-27 12:26:30,340 | INFO | [t=1200] VLA chunk prompt=Pour the tomato sauce over the chocolate in the frypan a second time.
2026-09-27 12:26:30,669 | INFO | [t=1210] VLA chunk prompt=Pour the tomato sauce over the chocolate in the frypan a second time.
2026-09-27 12:26:31,000 | INFO | [t=1220] VLA chunk prompt=Pour the tomato sauce over the chocolate in the frypan a second time.
2026-09-27 12:26:31,036 | INFO | API VLM @t=1050 task=8 subtask=Pour the tomato sauce over the chocolate in the frypan a second time. keyframes=[]
2026-09-27 12:26:31,039 | INFO | [redact] enabled task=8 registered_phrases=0 terms=[]
2026-09-27 12:26:31,339 | INFO | [t=1230] VLA chunk prompt=Pour the tomato sauce over the chocolate in the frypan a second time.
2026-09-27 12:26:31,673 | INFO | [t=1240] VLA chunk prompt=Pour the tomato sauce over the chocolate in the frypan a second time.
2026-09-27 12:26:32,007 | INFO | [t=1250] VLA chunk prompt=Pour the tomato sauce over the chocolate in the frypan a second time.
2026-09-27 12:26:32,343 | INFO | [t=1260] VLA chunk prompt=Pour the tomato sauce over the chocolate in the frypan a second time.
2026-09-27 12:26:32,670 | INFO | [t=1270] VLA chunk prompt=Pour the tomato sauce over the chocolate in the frypan a second time.
2026-09-27 12:26:32,994 | INFO | [t=1280] VLA chunk prompt=Pour the tomato sauce over the chocolate in the frypan a second time.
2026-09-27 12:26:33,316 | INFO | [t=1290] VLA chunk prompt=Pour the tomato sauce over the chocolate in the frypan a second time.
2026-09-27 12:26:33,638 | INFO | [t=1300] VLA chunk prompt=Pour the tomato sauce over the chocolate in the frypan a second time.
2026-09-27 12:26:33,958 | INFO | [t=1310] VLA chunk prompt=Pour the tomato sauce over the chocolate in the frypan a second time.
2026-09-27 12:26:34,281 | INFO | [t=1320] VLA chunk prompt=Pour the tomato sauce over the chocolate in the frypan a second time.
2026-09-27 12:26:34,616 | INFO | [t=1330] VLA chunk prompt=Pour the tomato sauce over the chocolate in the frypan a second time.
2026-09-27 12:26:34,939 | INFO | [t=1340] VLA chunk prompt=Pour the tomato sauce over the chocolate in the frypan a second time.
2026-09-27 12:26:35,264 | INFO | [t=1350] VLA chunk prompt=Pour the tomato sauce over the chocolate in the frypan a second time.
2026-09-27 12:26:35,583 | INFO | [t=1360] VLA chunk prompt=Pour the tomato sauce over the chocolate in the frypan a second time.
2026-09-27 12:26:35,898 | INFO | [t=1370] VLA chunk prompt=Pour the tomato sauce over the chocolate in the frypan a second time.
2026-09-27 12:26:36,213 | INFO | [t=1380] VLA chunk prompt=Pour the tomato sauce over the chocolate in the frypan a second time.
2026-09-27 12:26:36,528 | INFO | [t=1390] VLA chunk prompt=Pour the tomato sauce over the chocolate in the frypan a second time.
2026-09-27 12:26:36,848 | INFO | [t=1400] VLA chunk prompt=Pour the tomato sauce over the chocolate in the frypan a second time.
2026-09-27 12:26:37,174 | INFO | [t=1410] VLA chunk prompt=Pour the tomato sauce over the chocolate in the frypan a second time.
2026-09-27 12:26:37,494 | INFO | [t=1420] VLA chunk prompt=Pour the tomato sauce over the chocolate in the frypan a second time.
2026-09-27 12:26:37,816 | INFO | [t=1430] VLA chunk prompt=Pour the tomato sauce over the chocolate in the frypan a second time.
2026-09-27 12:26:38,132 | INFO | [t=1440] VLA chunk prompt=Pour the tomato sauce over the chocolate in the frypan a second time.
2026-09-27 12:26:38,170 | INFO | API VLM @t=1210 task=8 subtask=Pick up the tomato sauce bottle to make the second pour over the chocolate in the frypan. keyframes=[]
2026-09-27 12:26:38,172 | INFO | [redact] enabled task=8 registered_phrases=0 terms=[]
2026-09-27 12:26:38,399 | INFO | [t=1450] VLM prompt update from step=1210: Pick up the tomato sauce bottle to make the second pour over the chocolate in the frypan.
2026-09-27 12:26:38,450 | INFO | [t=1450] VLA chunk prompt=Pick up the tomato sauce bottle to make the second pour over the chocolate in the frypan.
2026-09-27 12:26:38,768 | INFO | [t=1460] VLA chunk prompt=Pick up the tomato sauce bottle to make the second pour over the chocolate in the frypan.
2026-09-27 12:26:39,084 | INFO | [t=1470] VLA chunk prompt=Pick up the tomato sauce bottle to make the second pour over the chocolate in the frypan.
2026-09-27 12:26:39,411 | INFO | [t=1480] VLA chunk prompt=Pick up the tomato sauce bottle to make the second pour over the chocolate in the frypan.
2026-09-27 12:26:39,741 | INFO | [t=1490] VLA chunk prompt=Pick up the tomato sauce bottle to make the second pour over the chocolate in the frypan.
2026-09-27 12:26:40,063 | INFO | [t=1500] VLA chunk prompt=Pick up the tomato sauce bottle to make the second pour over the chocolate in the frypan.
2026-09-27 12:26:40,386 | INFO | [t=1510] VLA chunk prompt=Pick up the tomato sauce bottle to make the second pour over the chocolate in the frypan.
2026-09-27 12:26:40,704 | INFO | [t=1520] VLA chunk prompt=Pick up the tomato sauce bottle to make the second pour over the chocolate in the frypan.
2026-09-27 12:26:41,022 | INFO | [t=1530] VLA chunk prompt=Pick up the tomato sauce bottle to make the second pour over the chocolate in the frypan.
2026-09-27 12:26:41,341 | INFO | [t=1540] VLA chunk prompt=Pick up the tomato sauce bottle to make the second pour over the chocolate in the frypan.
2026-09-27 12:26:41,661 | INFO | [t=1550] VLA chunk prompt=Pick up the tomato sauce bottle to make the second pour over the chocolate in the frypan.
2026-09-27 12:26:41,987 | INFO | [t=1560] VLA chunk prompt=Pick up the tomato sauce bottle to make the second pour over the chocolate in the frypan.
2026-09-27 12:26:42,317 | INFO | [t=1570] VLA chunk prompt=Pick up the tomato sauce bottle to make the second pour over the chocolate in the frypan.
2026-09-27 12:26:42,651 | INFO | [t=1580] VLA chunk prompt=Pick up the tomato sauce bottle to make the second pour over the chocolate in the frypan.
2026-09-27 12:26:42,914 | INFO | API VLM @t=1430 task=8 subtask=Pick up the tomato sauce bottle and tilt it over the chocolate in the frypan to pour sauce onto it again. keyframes=[]
2026-09-27 12:26:42,916 | INFO | [redact] enabled task=8 registered_phrases=0 terms=[]
2026-09-27 12:26:42,922 | INFO | [t=1590] VLM prompt update from step=1430: Pick up the tomato sauce bottle and tilt it over the chocolate in the frypan to pour sauce onto it again.
2026-09-27 12:26:42,974 | INFO | [t=1590] VLA chunk prompt=Pick up the tomato sauce bottle and tilt it over the chocolate in the frypan to pour sauce onto it again.
2026-09-27 12:26:43,293 | INFO | [t=1600] VLA chunk prompt=Pick up the tomato sauce bottle and tilt it over the chocolate in the frypan to pour sauce onto it again.
2026-09-27 12:26:43,611 | INFO | [t=1610] VLA chunk prompt=Pick up the tomato sauce bottle and tilt it over the chocolate in the frypan to pour sauce onto it again.
2026-09-27 12:26:43,928 | INFO | [t=1620] VLA chunk prompt=Pick up the tomato sauce bottle and tilt it over the chocolate in the frypan to pour sauce onto it again.
2026-09-27 12:26:44,245 | INFO | [t=1630] VLA chunk prompt=Pick up the tomato sauce bottle and tilt it over the chocolate in the frypan to pour sauce onto it again.
2026-09-27 12:26:44,574 | INFO | [t=1640] VLA chunk prompt=Pick up the tomato sauce bottle and tilt it over the chocolate in the frypan to pour sauce onto it again.
2026-09-27 12:26:44,902 | INFO | [t=1650] VLA chunk prompt=Pick up the tomato sauce bottle and tilt it over the chocolate in the frypan to pour sauce onto it again.
2026-09-27 12:26:45,225 | INFO | [t=1660] VLA chunk prompt=Pick up the tomato sauce bottle and tilt it over the chocolate in the frypan to pour sauce onto it again.
2026-09-27 12:26:45,547 | INFO | [t=1670] VLA chunk prompt=Pick up the tomato sauce bottle and tilt it over the chocolate in the frypan to pour sauce onto it again.
2026-09-27 12:26:45,868 | INFO | [t=1680] VLA chunk prompt=Pick up the tomato sauce bottle and tilt it over the chocolate in the frypan to pour sauce onto it again.
2026-09-27 12:26:46,187 | INFO | [t=1690] VLA chunk prompt=Pick up the tomato sauce bottle and tilt it over the chocolate in the frypan to pour sauce onto it again.
2026-09-27 12:26:46,506 | INFO | [t=1700] VLA chunk prompt=Pick up the tomato sauce bottle and tilt it over the chocolate in the frypan to pour sauce onto it again.
2026-09-27 12:26:46,830 | INFO | [t=1710] VLA chunk prompt=Pick up the tomato sauce bottle and tilt it over the chocolate in the frypan to pour sauce onto it again.
2026-09-27 12:26:47,163 | INFO | [t=1720] VLA chunk prompt=Pick up the tomato sauce bottle and tilt it over the chocolate in the frypan to pour sauce onto it again.
2026-09-27 12:26:47,492 | INFO | [t=1730] VLA chunk prompt=Pick up the tomato sauce bottle and tilt it over the chocolate in the frypan to pour sauce onto it again.
2026-09-27 12:26:47,776 | INFO | API VLM @t=1575 task=8 subtask=Tilt the sauce bottle to pour sauce onto the chocolate in the frypan a second time. keyframes=[]
2026-09-27 12:26:47,778 | INFO | [redact] enabled task=8 registered_phrases=0 terms=[]
2026-09-27 12:26:47,820 | INFO | [t=1740] VLA chunk prompt=Pick up the tomato sauce bottle and tilt it over the chocolate in the frypan to pour sauce onto it again.
2026-09-27 12:26:48,094 | INFO | [t=1750] VLM prompt update from step=1575: Tilt the sauce bottle to pour sauce onto the chocolate in the frypan a second time.
2026-09-27 12:26:48,145 | INFO | [t=1750] VLA chunk prompt=Tilt the sauce bottle to pour sauce onto the chocolate in the frypan a second time.
2026-09-27 12:26:48,466 | INFO | [t=1760] VLA chunk prompt=Tilt the sauce bottle to pour sauce onto the chocolate in the frypan a second time.
2026-09-27 12:26:48,787 | INFO | [t=1770] VLA chunk prompt=Tilt the sauce bottle to pour sauce onto the chocolate in the frypan a second time.
2026-09-27 12:26:49,107 | INFO | [t=1780] VLA chunk prompt=Tilt the sauce bottle to pour sauce onto the chocolate in the frypan a second time.
2026-09-27 12:26:49,437 | INFO | [t=1790] VLA chunk prompt=Tilt the sauce bottle to pour sauce onto the chocolate in the frypan a second time.
2026-09-27 12:26:49,767 | INFO | [t=1800] VLA chunk prompt=Tilt the sauce bottle to pour sauce onto the chocolate in the frypan a second time.
2026-09-27 12:26:50,087 | INFO | [t=1810] VLA chunk prompt=Tilt the sauce bottle to pour sauce onto the chocolate in the frypan a second time.
2026-09-27 12:26:50,404 | INFO | [t=1820] VLA chunk prompt=Tilt the sauce bottle to pour sauce onto the chocolate in the frypan a second time.
2026-09-27 12:26:50,720 | INFO | [t=1830] VLA chunk prompt=Tilt the sauce bottle to pour sauce onto the chocolate in the frypan a second time.
2026-09-27 12:26:51,035 | INFO | [t=1840] VLA chunk prompt=Tilt the sauce bottle to pour sauce onto the chocolate in the frypan a second time.
2026-09-27 12:26:51,351 | INFO | [t=1850] VLA chunk prompt=Tilt the sauce bottle to pour sauce onto the chocolate in the frypan a second time.
2026-09-27 12:26:51,674 | INFO | [t=1860] VLA chunk prompt=Tilt the sauce bottle to pour sauce onto the chocolate in the frypan a second time.
2026-09-27 12:26:51,996 | INFO | [t=1870] VLA chunk prompt=Tilt the sauce bottle to pour sauce onto the chocolate in the frypan a second time.
2026-09-27 12:26:52,316 | INFO | [t=1880] VLA chunk prompt=Tilt the sauce bottle to pour sauce onto the chocolate in the frypan a second time.
2026-09-27 12:26:52,643 | INFO | [t=1890] VLA chunk prompt=Tilt the sauce bottle to pour sauce onto the chocolate in the frypan a second time.
2026-09-27 12:26:52,960 | INFO | [t=1900] VLA chunk prompt=Tilt the sauce bottle to pour sauce onto the chocolate in the frypan a second time.
2026-09-27 12:26:53,053 | INFO | API VLM @t=1730 task=8 subtask=Tilt the tomato sauce bottle to pour sauce onto the chocolate in the frypan again. keyframes=[]
2026-09-27 12:26:53,055 | INFO | [redact] enabled task=8 registered_phrases=0 terms=[]
2026-09-27 12:26:53,230 | INFO | [t=1910] VLM prompt update from step=1730: Tilt the tomato sauce bottle to pour sauce onto the chocolate in the frypan again.
2026-09-27 12:26:53,283 | INFO | [t=1910] VLA chunk prompt=Tilt the tomato sauce bottle to pour sauce onto the chocolate in the frypan again.
2026-09-27 12:26:53,597 | INFO | [t=1920] VLA chunk prompt=Tilt the tomato sauce bottle to pour sauce onto the chocolate in the frypan again.
2026-09-27 12:26:53,910 | INFO | [t=1930] VLA chunk prompt=Tilt the tomato sauce bottle to pour sauce onto the chocolate in the frypan again.
2026-09-27 12:26:54,223 | INFO | [t=1940] VLA chunk prompt=Tilt the tomato sauce bottle to pour sauce onto the chocolate in the frypan again.
2026-09-27 12:26:54,542 | INFO | [t=1950] VLA chunk prompt=Tilt the tomato sauce bottle to pour sauce onto the chocolate in the frypan again.
2026-09-27 12:26:54,865 | INFO | [t=1960] VLA chunk prompt=Tilt the tomato sauce bottle to pour sauce onto the chocolate in the frypan again.
2026-09-27 12:26:55,182 | INFO | [t=1970] VLA chunk prompt=Tilt the tomato sauce bottle to pour sauce onto the chocolate in the frypan again.
2026-09-27 12:26:55,499 | INFO | [t=1980] VLA chunk prompt=Tilt the tomato sauce bottle to pour sauce onto the chocolate in the frypan again.
2026-09-27 12:26:55,811 | INFO | [t=1990] VLA chunk prompt=Tilt the tomato sauce bottle to pour sauce onto the chocolate in the frypan again.
2026-09-27 12:26:56,122 | INFO | [t=2000] VLA chunk prompt=Tilt the tomato sauce bottle to pour sauce onto the chocolate in the frypan again.
2026-09-27 12:26:56,434 | INFO | [t=2010] VLA chunk prompt=Tilt the tomato sauce bottle to pour sauce onto the chocolate in the frypan again.
2026-09-27 12:26:56,745 | INFO | [t=2020] VLA chunk prompt=Tilt the tomato sauce bottle to pour sauce onto the chocolate in the frypan again.
2026-09-27 12:26:57,061 | INFO | [t=2030] VLA chunk prompt=Tilt the tomato sauce bottle to pour sauce onto the chocolate in the frypan again.
2026-09-27 12:26:57,384 | INFO | [t=2040] VLA chunk prompt=Tilt the tomato sauce bottle to pour sauce onto the chocolate in the frypan again.
2026-09-27 12:26:57,673 | INFO | API VLM @t=1890 task=8 subtask=Tilt the sauce bottle to pour sauce onto the chocolate in the frypan again. keyframes=[]
2026-09-27 12:26:57,675 | INFO | [redact] enabled task=8 registered_phrases=0 terms=[]
2026-09-27 12:26:57,699 | INFO | [t=2050] VLA chunk prompt=Tilt the tomato sauce bottle to pour sauce onto the chocolate in the frypan again.
2026-09-27 12:26:57,963 | INFO | [t=2060] VLM prompt update from step=1890: Tilt the sauce bottle to pour sauce onto the chocolate in the frypan again.
2026-09-27 12:26:58,016 | INFO | [t=2060] VLA chunk prompt=Tilt the sauce bottle to pour sauce onto the chocolate in the frypan again.
2026-09-27 12:26:58,328 | INFO | [t=2070] VLA chunk prompt=Tilt the sauce bottle to pour sauce onto the chocolate in the frypan again.
2026-09-27 12:26:58,639 | INFO | [t=2080] VLA chunk prompt=Tilt the sauce bottle to pour sauce onto the chocolate in the frypan again.
2026-09-27 12:26:58,950 | INFO | [t=2090] VLA chunk prompt=Tilt the sauce bottle to pour sauce onto the chocolate in the frypan again.
2026-09-27 12:26:59,260 | INFO | [t=2100] VLA chunk prompt=Tilt the sauce bottle to pour sauce onto the chocolate in the frypan again.
2026-09-27 12:26:59,580 | INFO | [t=2110] VLA chunk prompt=Tilt the sauce bottle to pour sauce onto the chocolate in the frypan again.
2026-09-27 12:26:59,900 | INFO | [t=2120] VLA chunk prompt=Tilt the sauce bottle to pour sauce onto the chocolate in the frypan again.
2026-09-27 12:27:00,212 | INFO | [t=2130] VLA chunk prompt=Tilt the sauce bottle to pour sauce onto the chocolate in the frypan again.
2026-09-27 12:27:00,524 | INFO | [t=2140] VLA chunk prompt=Tilt the sauce bottle to pour sauce onto the chocolate in the frypan again.
2026-09-27 12:27:00,835 | INFO | [t=2150] VLA chunk prompt=Tilt the sauce bottle to pour sauce onto the chocolate in the frypan again.
2026-09-27 12:27:01,146 | INFO | [t=2160] VLA chunk prompt=Tilt the sauce bottle to pour sauce onto the chocolate in the frypan again.
2026-09-27 12:27:01,458 | INFO | [t=2170] VLA chunk prompt=Tilt the sauce bottle to pour sauce onto the chocolate in the frypan again.
2026-09-27 12:27:01,781 | INFO | [t=2180] VLA chunk prompt=Tilt the sauce bottle to pour sauce onto the chocolate in the frypan again.
2026-09-27 12:27:02,100 | INFO | [t=2190] VLA chunk prompt=Tilt the sauce bottle to pour sauce onto the chocolate in the frypan again.
2026-09-27 12:27:02,417 | INFO | [t=2200] VLA chunk prompt=Tilt the sauce bottle to pour sauce onto the chocolate in the frypan again.
2026-09-27 12:27:02,730 | INFO | [t=2210] VLA chunk prompt=Tilt the sauce bottle to pour sauce onto the chocolate in the frypan again.
2026-09-27 12:27:02,949 | INFO | API VLM @t=2040 task=8 subtask=Tilt the sauce bottle over the chocolate in the frypan to pour sauce onto it again. keyframes=[]
2026-09-27 12:27:02,952 | INFO | [redact] enabled task=8 registered_phrases=0 terms=[]
2026-09-27 12:27:03,000 | INFO | [t=2220] VLM prompt update from step=2040: Tilt the sauce bottle over the chocolate in the frypan to pour sauce onto it again.
2026-09-27 12:27:03,051 | INFO | [t=2220] VLA chunk prompt=Tilt the sauce bottle over the chocolate in the frypan to pour sauce onto it again.
2026-09-27 12:27:03,366 | INFO | [t=2230] VLA chunk prompt=Tilt the sauce bottle over the chocolate in the frypan to pour sauce onto it again.
2026-09-27 12:27:03,680 | INFO | [t=2240] VLA chunk prompt=Tilt the sauce bottle over the chocolate in the frypan to pour sauce onto it again.
2026-09-27 12:27:04,001 | INFO | [t=2250] VLA chunk prompt=Tilt the sauce bottle over the chocolate in the frypan to pour sauce onto it again.
2026-09-27 12:27:04,327 | INFO | [t=2260] VLA chunk prompt=Tilt the sauce bottle over the chocolate in the frypan to pour sauce onto it again.
2026-09-27 12:27:04,646 | INFO | [t=2270] VLA chunk prompt=Tilt the sauce bottle over the chocolate in the frypan to pour sauce onto it again.
2026-09-27 12:27:04,962 | INFO | [t=2280] VLA chunk prompt=Tilt the sauce bottle over the chocolate in the frypan to pour sauce onto it again.
2026-09-27 12:27:05,277 | INFO | [t=2290] VLA chunk prompt=Tilt the sauce bottle over the chocolate in the frypan to pour sauce onto it again.
2026-09-27 12:27:05,591 | INFO | [t=2300] VLA chunk prompt=Tilt the sauce bottle over the chocolate in the frypan to pour sauce onto it again.
2026-09-27 12:27:05,905 | INFO | [t=2310] VLA chunk prompt=Tilt the sauce bottle over the chocolate in the frypan to pour sauce onto it again.
2026-09-27 12:27:06,222 | INFO | [t=2320] VLA chunk prompt=Tilt the sauce bottle over the chocolate in the frypan to pour sauce onto it again.
2026-09-27 12:27:06,554 | INFO | [t=2330] VLA chunk prompt=Tilt the sauce bottle over the chocolate in the frypan to pour sauce onto it again.
2026-09-27 12:27:06,881 | INFO | [t=2340] VLA chunk prompt=Tilt the sauce bottle over the chocolate in the frypan to pour sauce onto it again.
2026-09-27 12:27:07,198 | INFO | [t=2350] VLA chunk prompt=Tilt the sauce bottle over the chocolate in the frypan to pour sauce onto it again.
2026-09-27 12:27:07,513 | INFO | [t=2360] VLA chunk prompt=Tilt the sauce bottle over the chocolate in the frypan to pour sauce onto it again.
2026-09-27 12:27:07,828 | INFO | [t=2370] VLA chunk prompt=Tilt the sauce bottle over the chocolate in the frypan to pour sauce onto it again.
2026-09-27 12:27:08,143 | INFO | [t=2380] VLA chunk prompt=Tilt the sauce bottle over the chocolate in the frypan to pour sauce onto it again.
2026-09-27 12:27:08,460 | INFO | [t=2390] VLA chunk prompt=Tilt the sauce bottle over the chocolate in the frypan to pour sauce onto it again.
2026-09-27 12:27:08,488 | INFO | API VLM @t=2205 task=8 subtask=Tilt the tomato sauce bottle over the chocolate in the frypan to pour sauce onto it again. keyframes=[]
2026-09-27 12:27:08,491 | INFO | [redact] enabled task=8 registered_phrases=0 terms=[]
2026-09-27 12:27:08,740 | INFO | [t=2400] VLM prompt update from step=2205: Tilt the tomato sauce bottle over the chocolate in the frypan to pour sauce onto it again.
2026-09-27 12:27:08,793 | INFO | [t=2400] VLA chunk prompt=Tilt the tomato sauce bottle over the chocolate in the frypan to pour sauce onto it again.
2026-09-27 12:27:09,114 | INFO | [t=2410] VLA chunk prompt=Tilt the tomato sauce bottle over the chocolate in the frypan to pour sauce onto it again.
2026-09-27 12:27:09,433 | INFO | [t=2420] VLA chunk prompt=Tilt the tomato sauce bottle over the chocolate in the frypan to pour sauce onto it again.
2026-09-27 12:27:09,750 | INFO | [t=2430] VLA chunk prompt=Tilt the tomato sauce bottle over the chocolate in the frypan to pour sauce onto it again.
2026-09-27 12:27:10,065 | INFO | [t=2440] VLA chunk prompt=Tilt the tomato sauce bottle over the chocolate in the frypan to pour sauce onto it again.
2026-09-27 12:27:10,383 | INFO | [t=2450] VLA chunk prompt=Tilt the tomato sauce bottle over the chocolate in the frypan to pour sauce onto it again.
2026-09-27 12:27:10,700 | INFO | [t=2460] VLA chunk prompt=Tilt the tomato sauce bottle over the chocolate in the frypan to pour sauce onto it again.
2026-09-27 12:27:11,021 | INFO | [t=2470] VLA chunk prompt=Tilt the tomato sauce bottle over the chocolate in the frypan to pour sauce onto it again.
2026-09-27 12:27:11,345 | INFO | [t=2480] VLA chunk prompt=Tilt the tomato sauce bottle over the chocolate in the frypan to pour sauce onto it again.
2026-09-27 12:27:11,670 | INFO | [t=2490] VLA chunk prompt=Tilt the tomato sauce bottle over the chocolate in the frypan to pour sauce onto it again.
2026-09-27 12:27:11,995 | INFO | [t=2500] VLA chunk prompt=Tilt the tomato sauce bottle over the chocolate in the frypan to pour sauce onto it again.
2026-09-27 12:27:13,561 | INFO | API VLM @t=2380 task=8 subtask=Pick up the tomato sauce bottle and tilt it to pour sauce over the chocolate in the frypan again. keyframes=[]
2026-09-27 12:27:13,582 | INFO | attempt=0 stage_score=66.7 stage_success=False failure_reason=incomplete_stage
2026-09-27 12:27:13,582 | INFO | Episode 4 seed=104 stage_score=66.7 stage_success=0 goal=0.667 failure_reason=incomplete_stage | 01_Lift_Tomato_Sauce=Y | 02_Pour_One=Y | 03_Pour_Two=N
