2026-09-26 14:51:45,187 | INFO | task_id=5 bddl=/project/peilab/why/RoboMemArena/bddl/5_butter_middle_drawer.bddl vlm_ckpt=/project/peilab/why/RoboMemArena/checkpoints/PrediMem/vlm_tasks1to26_ckpt74500
2026-09-26 14:51:47,019 | INFO | async VLM enabled: single-slot subtask buffer
2026-09-26 14:51:47,274 | INFO | [t=10] VLA chunk prompt=Open all drawers in order, remember the empty drawer, then put butter into that empty drawer.
2026-09-26 14:51:47,550 | INFO | [t=20] VLA chunk prompt=Open all drawers in order, remember the empty drawer, then put butter into that empty drawer.
2026-09-26 14:51:47,823 | INFO | [t=30] VLA chunk prompt=Open all drawers in order, remember the empty drawer, then put butter into that empty drawer.
2026-09-26 14:51:48,097 | INFO | [t=40] VLA chunk prompt=Open all drawers in order, remember the empty drawer, then put butter into that empty drawer.
2026-09-26 14:51:48,367 | INFO | [t=50] VLA chunk prompt=Open all drawers in order, remember the empty drawer, then put butter into that empty drawer.
2026-09-26 14:51:48,638 | INFO | [t=60] VLA chunk prompt=Open all drawers in order, remember the empty drawer, then put butter into that empty drawer.
2026-09-26 14:51:48,926 | INFO | [t=70] VLA chunk prompt=Open all drawers in order, remember the empty drawer, then put butter into that empty drawer.
2026-09-26 14:51:49,215 | INFO | [t=80] VLA chunk prompt=Open all drawers in order, remember the empty drawer, then put butter into that empty drawer.
2026-09-26 14:51:49,503 | INFO | [t=90] VLA chunk prompt=Open all drawers in order, remember the empty drawer, then put butter into that empty drawer.
2026-09-26 14:51:49,780 | INFO | [t=100] VLA chunk prompt=Open all drawers in order, remember the empty drawer, then put butter into that empty drawer.
2026-09-26 14:51:50,056 | INFO | [t=110] VLA chunk prompt=Open all drawers in order, remember the empty drawer, then put butter into that empty drawer.
2026-09-26 14:51:50,329 | INFO | [t=120] VLA chunk prompt=Open all drawers in order, remember the empty drawer, then put butter into that empty drawer.
2026-09-26 14:51:50,602 | INFO | [t=130] VLA chunk prompt=Open all drawers in order, remember the empty drawer, then put butter into that empty drawer.
2026-09-26 14:51:50,909 | INFO | [t=140] VLA chunk prompt=Open all drawers in order, remember the empty drawer, then put butter into that empty drawer.
2026-09-26 14:51:51,230 | INFO | [t=150] VLA chunk prompt=Open all drawers in order, remember the empty drawer, then put butter into that empty drawer.
2026-09-26 14:51:51,551 | INFO | [t=160] VLA chunk prompt=Open all drawers in order, remember the empty drawer, then put butter into that empty drawer.
2026-09-26 14:51:51,875 | INFO | [t=170] VLA chunk prompt=Open all drawers in order, remember the empty drawer, then put butter into that empty drawer.
2026-09-26 14:51:52,206 | INFO | [t=180] VLA chunk prompt=Open all drawers in order, remember the empty drawer, then put butter into that empty drawer.
2026-09-26 14:51:52,541 | INFO | [t=190] VLA chunk prompt=Open all drawers in order, remember the empty drawer, then put butter into that empty drawer.
2026-09-26 14:51:52,880 | INFO | [t=200] VLA chunk prompt=Open all drawers in order, remember the empty drawer, then put butter into that empty drawer.
2026-09-26 14:51:53,224 | INFO | [t=210] VLA chunk prompt=Open all drawers in order, remember the empty drawer, then put butter into that empty drawer.
2026-09-26 14:51:53,571 | INFO | [t=220] VLA chunk prompt=Open all drawers in order, remember the empty drawer, then put butter into that empty drawer.
2026-09-26 14:51:53,921 | INFO | [t=230] VLA chunk prompt=Open all drawers in order, remember the empty drawer, then put butter into that empty drawer.
2026-09-26 14:51:54,275 | INFO | [t=240] VLA chunk prompt=Open all drawers in order, remember the empty drawer, then put butter into that empty drawer.
2026-09-26 14:51:54,640 | INFO | [t=250] VLA chunk prompt=Open all drawers in order, remember the empty drawer, then put butter into that empty drawer.
2026-09-26 14:51:55,002 | INFO | [t=260] VLA chunk prompt=Open all drawers in order, remember the empty drawer, then put butter into that empty drawer.
2026-09-26 14:51:55,362 | INFO | [t=270] VLA chunk prompt=Open all drawers in order, remember the empty drawer, then put butter into that empty drawer.
2026-09-26 14:51:55,726 | INFO | [t=280] VLA chunk prompt=Open all drawers in order, remember the empty drawer, then put butter into that empty drawer.
2026-09-26 14:51:56,087 | INFO | [t=290] VLA chunk prompt=Open all drawers in order, remember the empty drawer, then put butter into that empty drawer.
2026-09-26 14:51:56,447 | INFO | [t=300] VLA chunk prompt=Open all drawers in order, remember the empty drawer, then put butter into that empty drawer.
2026-09-26 14:51:56,806 | INFO | [t=310] VLA chunk prompt=Open all drawers in order, remember the empty drawer, then put butter into that empty drawer.
2026-09-26 14:51:57,174 | INFO | [t=320] VLA chunk prompt=Open all drawers in order, remember the empty drawer, then put butter into that empty drawer.
2026-09-26 14:51:57,543 | INFO | [t=330] VLA chunk prompt=Open all drawers in order, remember the empty drawer, then put butter into that empty drawer.
2026-09-26 14:51:57,713 | INFO | API VLM @t=0 task=5 subtask=Inspect the open drawer and remember whether it is empty. keyframes=[]
2026-09-26 14:51:57,861 | INFO | [t=340] VLM prompt update from step=0: Inspect the open drawer and remember whether it is empty.
2026-09-26 14:51:57,911 | INFO | [t=340] VLA chunk prompt=Inspect the open drawer and remember whether it is empty.
2026-09-26 14:51:58,278 | INFO | [t=350] VLA chunk prompt=Inspect the open drawer and remember whether it is empty.
2026-09-26 14:51:58,643 | INFO | [t=360] VLA chunk prompt=Inspect the open drawer and remember whether it is empty.
2026-09-26 14:51:59,009 | INFO | [t=370] VLA chunk prompt=Inspect the open drawer and remember whether it is empty.
2026-09-26 14:51:59,376 | INFO | [t=380] VLA chunk prompt=Inspect the open drawer and remember whether it is empty.
2026-09-26 14:51:59,745 | INFO | [t=390] VLA chunk prompt=Inspect the open drawer and remember whether it is empty.
2026-09-26 14:52:00,112 | INFO | [t=400] VLA chunk prompt=Inspect the open drawer and remember whether it is empty.
2026-09-26 14:52:00,480 | INFO | [t=410] VLA chunk prompt=Inspect the open drawer and remember whether it is empty.
2026-09-26 14:52:00,846 | INFO | [t=420] VLA chunk prompt=Inspect the open drawer and remember whether it is empty.
2026-09-26 14:52:01,211 | INFO | [t=430] VLA chunk prompt=Inspect the open drawer and remember whether it is empty.
2026-09-26 14:52:01,576 | INFO | [t=440] VLA chunk prompt=Inspect the open drawer and remember whether it is empty.
2026-09-26 14:52:01,944 | INFO | [t=450] VLA chunk prompt=Inspect the open drawer and remember whether it is empty.
2026-09-26 14:52:02,312 | INFO | [t=460] VLA chunk prompt=Inspect the open drawer and remember whether it is empty.
2026-09-26 14:52:02,679 | INFO | [t=470] VLA chunk prompt=Inspect the open drawer and remember whether it is empty.
2026-09-26 14:52:02,967 | INFO | API VLM @t=325 task=5 subtask=open the drawer keyframes=[]
2026-09-26 14:52:03,003 | INFO | [t=480] VLM prompt update from step=325: open the drawer
2026-09-26 14:52:03,052 | INFO | [t=480] VLA chunk prompt=open the drawer
2026-09-26 14:52:03,421 | INFO | [t=490] VLA chunk prompt=open the drawer
2026-09-26 14:52:03,792 | INFO | [t=500] VLA chunk prompt=open the drawer
2026-09-26 14:52:04,173 | INFO | [t=510] VLA chunk prompt=open the drawer
2026-09-26 14:52:04,553 | INFO | [t=520] VLA chunk prompt=open the drawer
2026-09-26 14:52:04,931 | INFO | [t=530] VLA chunk prompt=open the drawer
2026-09-26 14:52:05,306 | INFO | [t=540] VLA chunk prompt=open the drawer
2026-09-26 14:52:05,686 | INFO | [t=550] VLA chunk prompt=open the drawer
2026-09-26 14:52:06,062 | INFO | [t=560] VLA chunk prompt=open the drawer
2026-09-26 14:52:06,436 | INFO | [t=570] VLA chunk prompt=open the drawer
2026-09-26 14:52:06,805 | INFO | [t=580] VLA chunk prompt=open the drawer
2026-09-26 14:52:07,166 | INFO | [t=590] VLA chunk prompt=open the drawer
2026-09-26 14:52:07,525 | INFO | [t=600] VLA chunk prompt=open the drawer
2026-09-26 14:52:07,884 | INFO | [t=610] VLA chunk prompt=open the drawer
2026-09-26 14:52:08,238 | INFO | [t=620] VLA chunk prompt=open the drawer
2026-09-26 14:52:08,592 | INFO | [t=630] VLA chunk prompt=open the drawer
2026-09-26 14:52:08,944 | INFO | [t=640] VLA chunk prompt=open the drawer
2026-09-26 14:52:09,298 | INFO | [t=650] VLA chunk prompt=open the drawer
2026-09-26 14:52:09,359 | INFO | API VLM @t=465 task=5 subtask=open the top drawer keyframes=[]
2026-09-26 14:52:09,613 | INFO | [t=660] VLM prompt update from step=465: open the top drawer
2026-09-26 14:52:09,662 | INFO | [t=660] VLA chunk prompt=open the top drawer
2026-09-26 14:52:10,032 | INFO | [t=670] VLA chunk prompt=open the top drawer
2026-09-26 14:52:10,403 | INFO | [t=680] VLA chunk prompt=open the top drawer
2026-09-26 14:52:10,778 | INFO | [t=690] VLA chunk prompt=open the top drawer
2026-09-26 14:52:11,152 | INFO | [t=700] VLA chunk prompt=open the top drawer
2026-09-26 14:52:11,525 | INFO | [t=710] VLA chunk prompt=open the top drawer
2026-09-26 14:52:11,898 | INFO | [t=720] VLA chunk prompt=open the top drawer
2026-09-26 14:52:12,277 | INFO | [t=730] VLA chunk prompt=open the top drawer
2026-09-26 14:52:12,661 | INFO | [t=740] VLA chunk prompt=open the top drawer
2026-09-26 14:52:13,047 | INFO | [t=750] VLA chunk prompt=open the top drawer
2026-09-26 14:52:13,424 | INFO | [t=760] VLA chunk prompt=open the top drawer
2026-09-26 14:52:13,803 | INFO | [t=770] VLA chunk prompt=open the top drawer
2026-09-26 14:52:14,170 | INFO | [t=780] VLA chunk prompt=open the top drawer
2026-09-26 14:52:14,528 | INFO | [t=790] VLA chunk prompt=open the top drawer
2026-09-26 14:52:14,883 | INFO | [t=800] VLA chunk prompt=open the top drawer
2026-09-26 14:52:15,245 | INFO | [t=810] VLA chunk prompt=open the top drawer
2026-09-26 14:52:15,598 | INFO | [t=820] VLA chunk prompt=open the top drawer
2026-09-26 14:52:15,948 | INFO | [t=830] VLA chunk prompt=open the top drawer
2026-09-26 14:52:16,072 | INFO | API VLM @t=640 task=5 subtask=Place the butter into the remembered empty drawer. keyframes=[]
2026-09-26 14:52:16,251 | INFO | [t=840] VLM prompt update from step=640: Place the butter into the remembered empty drawer.
2026-09-26 14:52:16,301 | INFO | [t=840] VLA chunk prompt=Place the butter into the remembered empty drawer.
2026-09-26 14:52:16,650 | INFO | [t=850] VLA chunk prompt=Place the butter into the remembered empty drawer.
2026-09-26 14:52:16,998 | INFO | [t=860] VLA chunk prompt=Place the butter into the remembered empty drawer.
2026-09-26 14:52:17,348 | INFO | [t=870] VLA chunk prompt=Place the butter into the remembered empty drawer.
2026-09-26 14:52:17,701 | INFO | [t=880] VLA chunk prompt=Place the butter into the remembered empty drawer.
2026-09-26 14:52:18,058 | INFO | [t=890] VLA chunk prompt=Place the butter into the remembered empty drawer.
2026-09-26 14:52:18,419 | INFO | [t=900] VLA chunk prompt=Place the butter into the remembered empty drawer.
2026-09-26 14:52:18,782 | INFO | [t=910] VLA chunk prompt=Place the butter into the remembered empty drawer.
2026-09-26 14:52:19,149 | INFO | [t=920] VLA chunk prompt=Place the butter into the remembered empty drawer.
2026-09-26 14:52:19,511 | INFO | [t=930] VLA chunk prompt=Place the butter into the remembered empty drawer.
2026-09-26 14:52:19,872 | INFO | [t=940] VLA chunk prompt=Place the butter into the remembered empty drawer.
2026-09-26 14:52:20,228 | INFO | [t=950] VLA chunk prompt=Place the butter into the remembered empty drawer.
2026-09-26 14:52:20,578 | INFO | [t=960] VLA chunk prompt=Place the butter into the remembered empty drawer.
2026-09-26 14:52:20,928 | INFO | [t=970] VLA chunk prompt=Place the butter into the remembered empty drawer.
2026-09-26 14:52:21,277 | INFO | [t=980] VLA chunk prompt=Place the butter into the remembered empty drawer.
2026-09-26 14:52:21,626 | INFO | [t=990] VLA chunk prompt=Place the butter into the remembered empty drawer.
2026-09-26 14:52:21,981 | INFO | [t=1000] VLA chunk prompt=Place the butter into the remembered empty drawer.
2026-09-26 14:52:22,348 | INFO | [t=1010] VLA chunk prompt=Place the butter into the remembered empty drawer.
2026-09-26 14:52:22,716 | INFO | [t=1020] VLA chunk prompt=Place the butter into the remembered empty drawer.
2026-09-26 14:52:23,076 | INFO | [t=1030] VLA chunk prompt=Place the butter into the remembered empty drawer.
2026-09-26 14:52:23,437 | INFO | [t=1040] VLA chunk prompt=Place the butter into the remembered empty drawer.
2026-09-26 14:52:23,799 | INFO | [t=1050] VLA chunk prompt=Place the butter into the remembered empty drawer.
2026-09-26 14:52:24,153 | INFO | [t=1060] VLA chunk prompt=Place the butter into the remembered empty drawer.
2026-09-26 14:52:24,505 | INFO | [t=1070] VLA chunk prompt=Place the butter into the remembered empty drawer.
2026-09-26 14:52:24,857 | INFO | [t=1080] VLA chunk prompt=Place the butter into the remembered empty drawer.
2026-09-26 14:52:25,209 | INFO | [t=1090] VLA chunk prompt=Place the butter into the remembered empty drawer.
2026-09-26 14:52:25,563 | INFO | [t=1100] VLA chunk prompt=Place the butter into the remembered empty drawer.
2026-09-26 14:52:25,913 | INFO | [t=1110] VLA chunk prompt=Place the butter into the remembered empty drawer.
2026-09-26 14:52:25,993 | INFO | API VLM @t=820 task=5 subtask=Pick up the butter from the tabletop. keyframes=[]
2026-09-26 14:52:26,214 | INFO | [t=1120] VLM prompt update from step=820: Pick up the butter from the tabletop.
2026-09-26 14:52:26,264 | INFO | [t=1120] VLA chunk prompt=Pick up the butter from the tabletop.
2026-09-26 14:52:26,615 | INFO | [t=1130] VLA chunk prompt=Pick up the butter from the tabletop.
2026-09-26 14:52:26,968 | INFO | [t=1140] VLA chunk prompt=Pick up the butter from the tabletop.
2026-09-26 14:52:27,320 | INFO | [t=1150] VLA chunk prompt=Pick up the butter from the tabletop.
2026-09-26 14:52:27,677 | INFO | [t=1160] VLA chunk prompt=Pick up the butter from the tabletop.
2026-09-26 14:52:28,038 | INFO | [t=1170] VLA chunk prompt=Pick up the butter from the tabletop.
2026-09-26 14:52:28,396 | INFO | [t=1180] VLA chunk prompt=Pick up the butter from the tabletop.
2026-09-26 14:52:28,751 | INFO | [t=1190] VLA chunk prompt=Pick up the butter from the tabletop.
2026-09-26 14:52:29,105 | INFO | [t=1200] VLA chunk prompt=Pick up the butter from the tabletop.
2026-09-26 14:52:29,461 | INFO | [t=1210] VLA chunk prompt=Pick up the butter from the tabletop.
2026-09-26 14:52:29,818 | INFO | [t=1220] VLA chunk prompt=Pick up the butter from the tabletop.
2026-09-26 14:52:30,174 | INFO | [t=1230] VLA chunk prompt=Pick up the butter from the tabletop.
2026-09-26 14:52:30,531 | INFO | [t=1240] VLA chunk prompt=Pick up the butter from the tabletop.
2026-09-26 14:52:30,891 | INFO | [t=1250] VLA chunk prompt=Pick up the butter from the tabletop.
2026-09-26 14:52:31,253 | INFO | [t=1260] VLA chunk prompt=Pick up the butter from the tabletop.
2026-09-26 14:52:31,618 | INFO | [t=1270] VLA chunk prompt=Pick up the butter from the tabletop.
2026-09-26 14:52:31,987 | INFO | [t=1280] VLA chunk prompt=Pick up the butter from the tabletop.
2026-09-26 14:52:32,357 | INFO | [t=1290] VLA chunk prompt=Pick up the butter from the tabletop.
2026-09-26 14:52:32,726 | INFO | [t=1300] VLA chunk prompt=Pick up the butter from the tabletop.
2026-09-26 14:52:33,098 | INFO | [t=1310] VLA chunk prompt=Pick up the butter from the tabletop.
2026-09-26 14:52:33,478 | INFO | [t=1320] VLA chunk prompt=Pick up the butter from the tabletop.
2026-09-26 14:52:33,853 | INFO | [t=1330] VLA chunk prompt=Pick up the butter from the tabletop.
2026-09-26 14:52:34,226 | INFO | [t=1340] VLA chunk prompt=Pick up the butter from the tabletop.
2026-09-26 14:52:34,596 | INFO | [t=1350] VLA chunk prompt=Pick up the butter from the tabletop.
2026-09-26 14:52:34,967 | INFO | [t=1360] VLA chunk prompt=Pick up the butter from the tabletop.
2026-09-26 14:52:35,334 | INFO | [t=1370] VLA chunk prompt=Pick up the butter from the tabletop.
2026-09-26 14:52:35,523 | INFO | API VLM @t=1100 task=5 subtask=Reach for and grasp the butter from the tabletop. keyframes=[]
2026-09-26 14:52:35,650 | INFO | [t=1380] VLM prompt update from step=1100: Reach for and grasp the butter from the tabletop.
2026-09-26 14:52:35,700 | INFO | [t=1380] VLA chunk prompt=Reach for and grasp the butter from the tabletop.
2026-09-26 14:52:36,062 | INFO | [t=1390] VLA chunk prompt=Reach for and grasp the butter from the tabletop.
2026-09-26 14:52:36,424 | INFO | [t=1400] VLA chunk prompt=Reach for and grasp the butter from the tabletop.
2026-09-26 14:52:36,795 | INFO | [t=1410] VLA chunk prompt=Reach for and grasp the butter from the tabletop.
2026-09-26 14:52:37,166 | INFO | [t=1420] VLA chunk prompt=Reach for and grasp the butter from the tabletop.
2026-09-26 14:52:37,545 | INFO | [t=1430] VLA chunk prompt=Reach for and grasp the butter from the tabletop.
2026-09-26 14:52:37,922 | INFO | [t=1440] VLA chunk prompt=Reach for and grasp the butter from the tabletop.
2026-09-26 14:52:38,310 | INFO | [t=1450] VLA chunk prompt=Reach for and grasp the butter from the tabletop.
2026-09-26 14:52:38,698 | INFO | [t=1460] VLA chunk prompt=Reach for and grasp the butter from the tabletop.
2026-09-26 14:52:39,087 | INFO | [t=1470] VLA chunk prompt=Reach for and grasp the butter from the tabletop.
2026-09-26 14:52:39,477 | INFO | [t=1480] VLA chunk prompt=Reach for and grasp the butter from the tabletop.
2026-09-26 14:52:39,869 | INFO | [t=1490] VLA chunk prompt=Reach for and grasp the butter from the tabletop.
2026-09-26 14:52:40,252 | INFO | [t=1500] VLA chunk prompt=Reach for and grasp the butter from the tabletop.
2026-09-26 14:52:40,632 | INFO | [t=1510] VLA chunk prompt=Reach for and grasp the butter from the tabletop.
2026-09-26 14:52:41,010 | INFO | [t=1520] VLA chunk prompt=Reach for and grasp the butter from the tabletop.
2026-09-26 14:52:41,386 | INFO | [t=1530] VLA chunk prompt=Reach for and grasp the butter from the tabletop.
2026-09-26 14:52:41,760 | INFO | [t=1540] VLA chunk prompt=Reach for and grasp the butter from the tabletop.
2026-09-26 14:52:42,144 | INFO | [t=1550] VLA chunk prompt=Reach for and grasp the butter from the tabletop.
2026-09-26 14:52:42,533 | INFO | [t=1560] VLA chunk prompt=Reach for and grasp the butter from the tabletop.
2026-09-26 14:52:42,925 | INFO | [t=1570] VLA chunk prompt=Reach for and grasp the butter from the tabletop.
2026-09-26 14:52:43,314 | INFO | [t=1580] VLA chunk prompt=Reach for and grasp the butter from the tabletop.
2026-09-26 14:52:43,703 | INFO | [t=1590] VLA chunk prompt=Reach for and grasp the butter from the tabletop.
2026-09-26 14:52:43,999 | INFO | API VLM @t=1365 task=5 subtask=Place the butter into the remembered empty drawer. keyframes=[]
2026-09-26 14:52:44,035 | INFO | [t=1600] VLM prompt update from step=1365: Place the butter into the remembered empty drawer.
2026-09-26 14:52:44,085 | INFO | [t=1600] VLA chunk prompt=Place the butter into the remembered empty drawer.
2026-09-26 14:52:44,466 | INFO | [t=1610] VLA chunk prompt=Place the butter into the remembered empty drawer.
2026-09-26 14:52:44,833 | INFO | [t=1620] VLA chunk prompt=Place the butter into the remembered empty drawer.
2026-09-26 14:52:45,190 | INFO | [t=1630] VLA chunk prompt=Place the butter into the remembered empty drawer.
2026-09-26 14:52:45,545 | INFO | [t=1640] VLA chunk prompt=Place the butter into the remembered empty drawer.
2026-09-26 14:52:45,900 | INFO | [t=1650] VLA chunk prompt=Place the butter into the remembered empty drawer.
2026-09-26 14:52:46,252 | INFO | [t=1660] VLA chunk prompt=Place the butter into the remembered empty drawer.
2026-09-26 14:52:46,604 | INFO | [t=1670] VLA chunk prompt=Place the butter into the remembered empty drawer.
2026-09-26 14:52:46,958 | INFO | [t=1680] VLA chunk prompt=Place the butter into the remembered empty drawer.
2026-09-26 14:52:47,312 | INFO | [t=1690] VLA chunk prompt=Place the butter into the remembered empty drawer.
2026-09-26 14:52:47,667 | INFO | [t=1700] VLA chunk prompt=Place the butter into the remembered empty drawer.
2026-09-26 14:52:48,029 | INFO | [t=1710] VLA chunk prompt=Place the butter into the remembered empty drawer.
2026-09-26 14:52:48,387 | INFO | [t=1720] VLA chunk prompt=Place the butter into the remembered empty drawer.
2026-09-26 14:52:48,747 | INFO | [t=1730] VLA chunk prompt=Place the butter into the remembered empty drawer.
2026-09-26 14:52:49,108 | INFO | [t=1740] VLA chunk prompt=Place the butter into the remembered empty drawer.
2026-09-26 14:52:49,241 | INFO | API VLM @t=1585 task=5 subtask=placing the butter into the open drawer keyframes=[]
2026-09-26 14:52:49,420 | INFO | [t=1750] VLM prompt update from step=1585: placing the butter into the open drawer
2026-09-26 14:52:49,471 | INFO | [t=1750] VLA chunk prompt=placing the butter into the open drawer
2026-09-26 14:52:49,824 | INFO | [t=1760] VLA chunk prompt=placing the butter into the open drawer
2026-09-26 14:52:50,178 | INFO | [t=1770] VLA chunk prompt=placing the butter into the open drawer
2026-09-26 14:52:50,538 | INFO | [t=1780] VLA chunk prompt=placing the butter into the open drawer
2026-09-26 14:52:50,900 | INFO | [t=1790] VLA chunk prompt=placing the butter into the open drawer
2026-09-26 14:52:51,278 | INFO | [t=1800] VLA chunk prompt=placing the butter into the open drawer
2026-09-26 14:52:51,646 | INFO | [t=1810] VLA chunk prompt=placing the butter into the open drawer
2026-09-26 14:52:52,016 | INFO | [t=1820] VLA chunk prompt=placing the butter into the open drawer
2026-09-26 14:52:52,388 | INFO | [t=1830] VLA chunk prompt=placing the butter into the open drawer
2026-09-26 14:52:52,765 | INFO | [t=1840] VLA chunk prompt=placing the butter into the open drawer
2026-09-26 14:52:53,142 | INFO | [t=1850] VLA chunk prompt=placing the butter into the open drawer
2026-09-26 14:52:53,530 | INFO | [t=1860] VLA chunk prompt=placing the butter into the open drawer
2026-09-26 14:52:53,905 | INFO | [t=1870] VLA chunk prompt=placing the butter into the open drawer
2026-09-26 14:52:54,286 | INFO | [t=1880] VLA chunk prompt=placing the butter into the open drawer
2026-09-26 14:52:54,686 | INFO | [t=1890] VLA chunk prompt=placing the butter into the open drawer
2026-09-26 14:52:55,080 | INFO | [t=1900] VLA chunk prompt=placing the butter into the open drawer
2026-09-26 14:52:55,464 | INFO | [t=1910] VLA chunk prompt=placing the butter into the open drawer
2026-09-26 14:52:55,841 | INFO | [t=1920] VLA chunk prompt=placing the butter into the open drawer
2026-09-26 14:52:56,222 | INFO | [t=1930] VLA chunk prompt=placing the butter into the open drawer
2026-09-26 14:52:56,601 | INFO | [t=1940] VLA chunk prompt=placing the butter into the open drawer
2026-09-26 14:52:56,976 | INFO | [t=1950] VLA chunk prompt=placing the butter into the open drawer
2026-09-26 14:52:57,360 | INFO | [t=1960] VLA chunk prompt=placing the butter into the open drawer
2026-09-26 14:52:57,743 | INFO | [t=1970] VLA chunk prompt=placing the butter into the open drawer
2026-09-26 14:52:58,129 | INFO | [t=1980] VLA chunk prompt=placing the butter into the open drawer
2026-09-26 14:52:58,508 | INFO | [t=1990] VLA chunk prompt=placing the butter into the open drawer
2026-09-26 14:52:58,888 | INFO | [t=2000] VLA chunk prompt=placing the butter into the open drawer
2026-09-26 14:52:59,271 | INFO | [t=2010] VLA chunk prompt=placing the butter into the open drawer
2026-09-26 14:52:59,654 | INFO | [t=2020] VLA chunk prompt=placing the butter into the open drawer
2026-09-26 14:52:59,715 | INFO | API VLM @t=1730 task=5 subtask=Pick up the butter from the tabletop. keyframes=[]
2026-09-26 14:52:59,985 | INFO | [t=2030] VLM prompt update from step=1730: Pick up the butter from the tabletop.
2026-09-26 14:53:00,034 | INFO | [t=2030] VLA chunk prompt=Pick up the butter from the tabletop.
2026-09-26 14:53:00,411 | INFO | [t=2040] VLA chunk prompt=Pick up the butter from the tabletop.
2026-09-26 14:53:00,785 | INFO | [t=2050] VLA chunk prompt=Pick up the butter from the tabletop.
2026-09-26 14:53:01,164 | INFO | [t=2060] VLA chunk prompt=Pick up the butter from the tabletop.
2026-09-26 14:53:01,545 | INFO | [t=2070] VLA chunk prompt=Pick up the butter from the tabletop.
2026-09-26 14:53:01,926 | INFO | [t=2080] VLA chunk prompt=Pick up the butter from the tabletop.
2026-09-26 14:53:02,308 | INFO | [t=2090] VLA chunk prompt=Pick up the butter from the tabletop.
2026-09-26 14:53:02,697 | INFO | [t=2100] VLA chunk prompt=Pick up the butter from the tabletop.
2026-09-26 14:53:03,086 | INFO | [t=2110] VLA chunk prompt=Pick up the butter from the tabletop.
2026-09-26 14:53:03,478 | INFO | [t=2120] VLA chunk prompt=Pick up the butter from the tabletop.
2026-09-26 14:53:03,870 | INFO | [t=2130] VLA chunk prompt=Pick up the butter from the tabletop.
2026-09-26 14:53:04,261 | INFO | [t=2140] VLA chunk prompt=Pick up the butter from the tabletop.
2026-09-26 14:53:04,651 | INFO | [t=2150] VLA chunk prompt=Pick up the butter from the tabletop.
2026-09-26 14:53:05,039 | INFO | [t=2160] VLA chunk prompt=Pick up the butter from the tabletop.
2026-09-26 14:53:05,426 | INFO | [t=2170] VLA chunk prompt=Pick up the butter from the tabletop.
2026-09-26 14:53:05,815 | INFO | [t=2180] VLA chunk prompt=Pick up the butter from the tabletop.
2026-09-26 14:53:06,206 | INFO | [t=2190] VLA chunk prompt=Pick up the butter from the tabletop.
2026-09-26 14:53:06,268 | INFO | API VLM @t=2010 task=5 subtask=open the top drawer keyframes=[]
2026-09-26 14:53:06,547 | INFO | [t=2200] VLM prompt update from step=2010: open the top drawer
2026-09-26 14:53:06,599 | INFO | [t=2200] VLA chunk prompt=open the top drawer
2026-09-26 14:53:06,987 | INFO | [t=2210] VLA chunk prompt=open the top drawer
2026-09-26 14:53:07,375 | INFO | [t=2220] VLA chunk prompt=open the top drawer
2026-09-26 14:53:07,766 | INFO | [t=2230] VLA chunk prompt=open the top drawer
2026-09-26 14:53:08,158 | INFO | [t=2240] VLA chunk prompt=open the top drawer
2026-09-26 14:53:08,553 | INFO | [t=2250] VLA chunk prompt=open the top drawer
2026-09-26 14:53:08,949 | INFO | [t=2260] VLA chunk prompt=open the top drawer
2026-09-26 14:53:09,345 | INFO | [t=2270] VLA chunk prompt=open the top drawer
2026-09-26 14:53:09,739 | INFO | [t=2280] VLA chunk prompt=open the top drawer
2026-09-26 14:53:10,129 | INFO | [t=2290] VLA chunk prompt=open the top drawer
2026-09-26 14:53:10,516 | INFO | [t=2300] VLA chunk prompt=open the top drawer
2026-09-26 14:53:10,902 | INFO | [t=2310] VLA chunk prompt=open the top drawer
2026-09-26 14:53:11,291 | INFO | [t=2320] VLA chunk prompt=open the top drawer
2026-09-26 14:53:11,675 | INFO | [t=2330] VLA chunk prompt=open the top drawer
2026-09-26 14:53:11,734 | INFO | API VLM @t=2180 task=5 subtask=open drawer keyframes=[]
2026-09-26 14:53:12,018 | INFO | [t=2340] VLM prompt update from step=2180: open drawer
2026-09-26 14:53:12,070 | INFO | [t=2340] VLA chunk prompt=open drawer
2026-09-26 14:53:12,454 | INFO | [t=2350] VLA chunk prompt=open drawer
2026-09-26 14:53:12,836 | INFO | [t=2360] VLA chunk prompt=open drawer
2026-09-26 14:53:13,222 | INFO | [t=2370] VLA chunk prompt=open drawer
2026-09-26 14:53:13,607 | INFO | [t=2380] VLA chunk prompt=open drawer
2026-09-26 14:53:13,995 | INFO | [t=2390] VLA chunk prompt=open drawer
2026-09-26 14:53:14,381 | INFO | [t=2400] VLA chunk prompt=open drawer
2026-09-26 14:53:14,768 | INFO | [t=2410] VLA chunk prompt=open drawer
2026-09-26 14:53:15,152 | INFO | [t=2420] VLA chunk prompt=open drawer
2026-09-26 14:53:15,532 | INFO | [t=2430] VLA chunk prompt=open drawer
2026-09-26 14:53:15,905 | INFO | [t=2440] VLA chunk prompt=open drawer
2026-09-26 14:53:16,285 | INFO | [t=2450] VLA chunk prompt=open drawer
2026-09-26 14:53:16,661 | INFO | [t=2460] VLA chunk prompt=open drawer
2026-09-26 14:53:16,796 | INFO | API VLM @t=2320 task=5 subtask=Open the top drawer keyframes=[]
2026-09-26 14:53:16,991 | INFO | [t=2470] VLM prompt update from step=2320: Open the top drawer
2026-09-26 14:53:17,040 | INFO | [t=2470] VLA chunk prompt=Open the top drawer
2026-09-26 14:53:17,408 | INFO | [t=2480] VLA chunk prompt=Open the top drawer
2026-09-26 14:53:17,768 | INFO | [t=2490] VLA chunk prompt=Open the top drawer
2026-09-26 14:53:18,121 | INFO | [t=2500] VLA chunk prompt=Open the top drawer
2026-09-26 14:53:21,462 | INFO | attempt=0 stage_score=0.0 stage_success=False failure_reason=incomplete_stage
2026-09-26 14:53:21,462 | INFO | Episode 8 seed=108 stage_score=0.0 stage_success=0 goal=0.000 failure_reason=incomplete_stage | 01_Open_Top_Drawer=N | 02_Close_Top_Drawer=N | 03_Open_Middle_Drawer=N | 04_Close_Middle_Drawer=N | 05_Open_Bottom_Drawer=N | 06_Close_Bottom_Drawer=N | 07_Open_Middle_Drawer_Again=N | 08_Put_Butter_Middle_Drawer=N | 09_Close_Middle_Drawer_Final=N
