2026-09-19 15:47:21,961 | INFO | task_id=23 bddl=/project/peilab/why/RoboMemArena/bddl/23_cream_popcorn_microwave.bddl vlm_ckpt=/project/peilab/why/RoboMemArena/checkpoints/PrediMem/vlm_tasks1to26_ckpt74500
2026-09-19 15:47:23,532 | INFO | async VLM enabled: single-slot subtask buffer
2026-09-19 15:47:23,743 | INFO | [t=10] VLA chunk prompt=Put cream into the microwave and then put popcorn into the location where the cream was placed.
2026-09-19 15:47:23,973 | INFO | [t=20] VLA chunk prompt=Put cream into the microwave and then put popcorn into the location where the cream was placed.
2026-09-19 15:47:24,199 | INFO | [t=30] VLA chunk prompt=Put cream into the microwave and then put popcorn into the location where the cream was placed.
2026-09-19 15:47:24,427 | INFO | [t=40] VLA chunk prompt=Put cream into the microwave and then put popcorn into the location where the cream was placed.
2026-09-19 15:47:24,656 | INFO | [t=50] VLA chunk prompt=Put cream into the microwave and then put popcorn into the location where the cream was placed.
2026-09-19 15:47:24,885 | INFO | [t=60] VLA chunk prompt=Put cream into the microwave and then put popcorn into the location where the cream was placed.
2026-09-19 15:47:25,115 | INFO | [t=70] VLA chunk prompt=Put cream into the microwave and then put popcorn into the location where the cream was placed.
2026-09-19 15:47:25,295 | INFO | [t=80] harness subtask override: open microwave
2026-09-19 15:47:25,295 | INFO | [t=80] VLM prompt update from step=-1: open microwave
2026-09-19 15:47:25,295 | INFO | [t=80] harness forced VLM replan after stall (pmh visual retrieve armed)
2026-09-19 15:47:25,345 | INFO | [t=80] VLA chunk prompt=open microwave
2026-09-19 15:47:25,574 | INFO | [t=90] VLA chunk prompt=open microwave
2026-09-19 15:47:25,803 | INFO | [t=100] VLA chunk prompt=open microwave
2026-09-19 15:47:26,034 | INFO | [t=110] VLA chunk prompt=open microwave
2026-09-19 15:47:26,264 | INFO | [t=120] VLA chunk prompt=open microwave
2026-09-19 15:47:26,342 | INFO | API VLM @t=0 task=23 subtask=open the microwave keyframes=[]
2026-09-19 15:47:26,448 | INFO | [t=130] VLM prompt update from step=0: open the microwave
2026-09-19 15:47:26,498 | INFO | [t=130] VLA chunk prompt=open the microwave
2026-09-19 15:47:26,728 | INFO | [t=140] VLA chunk prompt=open the microwave
2026-09-19 15:47:26,958 | INFO | [t=150] VLA chunk prompt=open the microwave
2026-09-19 15:47:27,190 | INFO | [t=160] VLA chunk prompt=open the microwave
2026-09-19 15:47:27,446 | INFO | [t=170] VLA chunk prompt=open the microwave
2026-09-19 15:47:27,704 | INFO | [t=180] VLA chunk prompt=open the microwave
2026-09-19 15:47:27,966 | INFO | [t=190] VLA chunk prompt=open the microwave
2026-09-19 15:47:28,232 | INFO | [t=200] VLA chunk prompt=open the microwave
2026-09-19 15:47:28,501 | INFO | [t=210] VLA chunk prompt=open the microwave
2026-09-19 15:47:28,772 | INFO | [t=220] VLA chunk prompt=open the microwave
2026-09-19 15:47:29,047 | INFO | [t=230] VLA chunk prompt=open the microwave
2026-09-19 15:47:29,324 | INFO | [t=240] VLA chunk prompt=open the microwave
2026-09-19 15:47:29,397 | INFO | API VLM @t=110 task=23 subtask=open_microwave keyframes=[]
2026-09-19 15:47:29,561 | INFO | [t=250] VLM prompt update from step=110: open_microwave
2026-09-19 15:47:29,611 | INFO | [t=250] VLA chunk prompt=open_microwave
2026-09-19 15:47:29,897 | INFO | [t=260] VLA chunk prompt=open_microwave
2026-09-19 15:47:30,186 | INFO | [t=270] VLA chunk prompt=open_microwave
2026-09-19 15:47:30,480 | INFO | [t=280] VLA chunk prompt=open_microwave
2026-09-19 15:47:30,775 | INFO | [t=290] VLA chunk prompt=open_microwave
2026-09-19 15:47:31,073 | INFO | [t=300] VLA chunk prompt=open_microwave
2026-09-19 15:47:31,375 | INFO | [t=310] VLA chunk prompt=open_microwave
2026-09-19 15:47:31,679 | INFO | [t=320] VLA chunk prompt=open_microwave
2026-09-19 15:47:31,985 | INFO | [t=330] VLA chunk prompt=open_microwave
2026-09-19 15:47:31,990 | INFO | API VLM @t=230 task=23 subtask=open_microwave keyframes=[]
2026-09-19 15:47:32,297 | INFO | [t=340] VLA chunk prompt=open_microwave
2026-09-19 15:47:32,608 | INFO | [t=350] VLA chunk prompt=open_microwave
2026-09-19 15:47:32,930 | INFO | [t=360] VLA chunk prompt=open_microwave
2026-09-19 15:47:33,257 | INFO | [t=370] VLA chunk prompt=open_microwave
2026-09-19 15:47:33,564 | INFO | [t=380] VLA chunk prompt=open_microwave
2026-09-19 15:47:33,873 | INFO | [t=390] VLA chunk prompt=open_microwave
2026-09-19 15:47:34,181 | INFO | [t=400] VLA chunk prompt=open_microwave
2026-09-19 15:47:34,490 | INFO | [t=410] VLA chunk prompt=open_microwave
2026-09-19 15:47:34,800 | INFO | [t=420] VLA chunk prompt=open_microwave
2026-09-19 15:47:34,915 | INFO | API VLM @t=320 task=23 subtask=open_microwave keyframes=[]
2026-09-19 15:47:35,109 | INFO | [t=430] VLA chunk prompt=open_microwave
2026-09-19 15:47:35,417 | INFO | [t=440] VLA chunk prompt=open_microwave
2026-09-19 15:47:35,726 | INFO | [t=450] VLA chunk prompt=open_microwave
2026-09-19 15:47:36,036 | INFO | [t=460] VLA chunk prompt=open_microwave
2026-09-19 15:47:36,345 | INFO | [t=470] VLA chunk prompt=open_microwave
2026-09-19 15:47:36,654 | INFO | [t=480] VLA chunk prompt=open_microwave
2026-09-19 15:47:36,962 | INFO | [t=490] VLA chunk prompt=open_microwave
2026-09-19 15:47:37,271 | INFO | [t=500] VLA chunk prompt=open_microwave
2026-09-19 15:47:37,348 | INFO | [t=503] stage done: 01_Open_Microwave
2026-09-19 15:47:37,582 | INFO | [t=510] VLA chunk prompt=open_microwave
2026-09-19 15:47:37,889 | INFO | [t=520] VLA chunk prompt=open_microwave
2026-09-19 15:47:38,194 | INFO | [t=530] VLA chunk prompt=open_microwave
2026-09-19 15:47:38,501 | INFO | [t=540] VLA chunk prompt=open_microwave
2026-09-19 15:47:38,810 | INFO | [t=550] VLA chunk prompt=open_microwave
2026-09-19 15:47:39,120 | INFO | [t=560] VLA chunk prompt=open_microwave
2026-09-19 15:47:39,197 | INFO | API VLM @t=410 task=23 subtask=open_microwave keyframes=[]
2026-09-19 15:47:39,430 | INFO | [t=570] VLA chunk prompt=open_microwave
2026-09-19 15:47:39,727 | INFO | [t=580] VLA chunk prompt=open_microwave
2026-09-19 15:47:39,976 | INFO | [t=590] harness subtask override: place cream
2026-09-19 15:47:39,976 | INFO | [t=590] VLM prompt update from step=410: place cream
2026-09-19 15:47:39,976 | INFO | [t=590] harness forced VLM replan after stall (pmh visual retrieve armed)
2026-09-19 15:47:40,026 | INFO | [t=590] VLA chunk prompt=place cream
2026-09-19 15:47:40,326 | INFO | [t=600] VLA chunk prompt=place cream
2026-09-19 15:47:40,626 | INFO | [t=610] VLA chunk prompt=place cream
2026-09-19 15:47:40,926 | INFO | [t=620] VLA chunk prompt=place cream
2026-09-19 15:47:41,229 | INFO | [t=630] VLA chunk prompt=place cream
2026-09-19 15:47:41,531 | INFO | [t=640] VLA chunk prompt=place cream
2026-09-19 15:47:41,557 | INFO | API VLM @t=550 task=23 subtask=close_microwave keyframes=[]
2026-09-19 15:47:41,779 | INFO | [t=650] VLM prompt update from step=550: close_microwave
2026-09-19 15:47:41,829 | INFO | [t=650] VLA chunk prompt=close_microwave
2026-09-19 15:47:42,121 | INFO | [t=660] VLA chunk prompt=close_microwave
2026-09-19 15:47:42,413 | INFO | [t=670] VLA chunk prompt=close_microwave
2026-09-19 15:47:42,704 | INFO | [t=680] VLA chunk prompt=close_microwave
2026-09-19 15:47:42,992 | INFO | [t=690] VLA chunk prompt=close_microwave
2026-09-19 15:47:43,282 | INFO | [t=700] VLA chunk prompt=close_microwave
2026-09-19 15:47:43,571 | INFO | [t=710] VLA chunk prompt=close_microwave
2026-09-19 15:47:43,858 | INFO | [t=720] VLA chunk prompt=close_microwave
2026-09-19 15:47:44,144 | INFO | [t=730] VLA chunk prompt=close_microwave
2026-09-19 15:47:44,432 | INFO | [t=740] VLA chunk prompt=close_microwave
2026-09-19 15:47:44,579 | INFO | API VLM @t=630 task=23 subtask=open_microwave keyframes=[]
2026-09-19 15:47:44,675 | INFO | [t=750] VLM prompt update from step=630: open_microwave
2026-09-19 15:47:44,725 | INFO | [t=750] VLA chunk prompt=open_microwave
2026-09-19 15:47:45,014 | INFO | [t=760] VLA chunk prompt=open_microwave
2026-09-19 15:47:45,305 | INFO | [t=770] VLA chunk prompt=open_microwave
2026-09-19 15:47:45,598 | INFO | [t=780] VLA chunk prompt=open_microwave
2026-09-19 15:47:45,892 | INFO | [t=790] VLA chunk prompt=open_microwave
2026-09-19 15:47:46,185 | INFO | [t=800] VLA chunk prompt=open_microwave
2026-09-19 15:47:46,484 | INFO | [t=810] VLA chunk prompt=open_microwave
2026-09-19 15:47:46,779 | INFO | [t=820] VLA chunk prompt=open_microwave
2026-09-19 15:47:47,072 | INFO | [t=830] VLA chunk prompt=open_microwave
2026-09-19 15:47:47,364 | INFO | [t=840] VLA chunk prompt=open_microwave
2026-09-19 15:47:47,640 | INFO | API VLM @t=735 task=23 subtask=open_microwave keyframes=[]
2026-09-19 15:47:47,656 | INFO | [t=850] VLA chunk prompt=open_microwave
2026-09-19 15:47:47,952 | INFO | [t=860] VLA chunk prompt=open_microwave
2026-09-19 15:47:48,245 | INFO | [t=870] VLA chunk prompt=open_microwave
2026-09-19 15:47:48,537 | INFO | [t=880] VLA chunk prompt=open_microwave
2026-09-19 15:47:48,830 | INFO | [t=890] VLA chunk prompt=open_microwave
2026-09-19 15:47:49,123 | INFO | [t=900] VLA chunk prompt=open_microwave
2026-09-19 15:47:49,415 | INFO | [t=910] VLA chunk prompt=open_microwave
2026-09-19 15:47:49,705 | INFO | [t=920] VLA chunk prompt=open_microwave
2026-09-19 15:47:49,927 | INFO | API VLM @t=840 task=23 subtask=open_microwave keyframes=[]
2026-09-19 15:47:50,001 | INFO | [t=930] VLA chunk prompt=open_microwave
2026-09-19 15:47:50,291 | INFO | [t=940] VLA chunk prompt=open_microwave
2026-09-19 15:47:50,583 | INFO | [t=950] VLA chunk prompt=open_microwave
2026-09-19 15:47:50,876 | INFO | [t=960] VLA chunk prompt=open_microwave
2026-09-19 15:47:51,171 | INFO | [t=970] VLA chunk prompt=open_microwave
2026-09-19 15:47:51,466 | INFO | [t=980] VLA chunk prompt=open_microwave
2026-09-19 15:47:51,762 | INFO | [t=990] VLA chunk prompt=open_microwave
2026-09-19 15:47:52,056 | INFO | [t=1000] VLA chunk prompt=open_microwave
2026-09-19 15:47:52,350 | INFO | [t=1010] VLA chunk prompt=open_microwave
2026-09-19 15:47:52,640 | INFO | [t=1020] VLA chunk prompt=open_microwave
2026-09-19 15:47:52,731 | INFO | API VLM @t=915 task=23 subtask=open_microwave keyframes=[]
2026-09-19 15:47:52,932 | INFO | [t=1030] VLA chunk prompt=open_microwave
2026-09-19 15:47:53,222 | INFO | [t=1040] VLA chunk prompt=open_microwave
2026-09-19 15:47:53,511 | INFO | [t=1050] VLA chunk prompt=open_microwave
2026-09-19 15:47:53,806 | INFO | [t=1060] VLA chunk prompt=open_microwave
2026-09-19 15:47:54,093 | INFO | [t=1070] VLA chunk prompt=open_microwave
2026-09-19 15:47:54,380 | INFO | [t=1080] VLA chunk prompt=open_microwave
2026-09-19 15:47:54,669 | INFO | [t=1090] VLA chunk prompt=open_microwave
2026-09-19 15:47:54,958 | INFO | [t=1100] VLA chunk prompt=open_microwave
2026-09-19 15:47:55,246 | INFO | [t=1110] VLA chunk prompt=open_microwave
2026-09-19 15:47:55,354 | INFO | API VLM @t=1010 task=23 subtask=open_microwave keyframes=[]
2026-09-19 15:47:55,538 | INFO | [t=1120] VLA chunk prompt=open_microwave
2026-09-19 15:47:55,829 | INFO | [t=1130] VLA chunk prompt=open_microwave
2026-09-19 15:47:56,119 | INFO | [t=1140] VLA chunk prompt=open_microwave
2026-09-19 15:47:56,409 | INFO | [t=1150] VLA chunk prompt=open_microwave
2026-09-19 15:47:56,697 | INFO | [t=1160] VLA chunk prompt=open_microwave
2026-09-19 15:47:56,986 | INFO | [t=1170] VLA chunk prompt=open_microwave
2026-09-19 15:47:57,274 | INFO | [t=1180] VLA chunk prompt=open_microwave
2026-09-19 15:47:57,562 | INFO | [t=1190] VLA chunk prompt=open_microwave
2026-09-19 15:47:57,852 | INFO | [t=1200] VLA chunk prompt=open_microwave
2026-09-19 15:47:57,935 | INFO | API VLM @t=1100 task=23 subtask=open_microwave keyframes=[]
2026-09-19 15:47:58,150 | INFO | [t=1210] VLA chunk prompt=open_microwave
2026-09-19 15:47:58,451 | INFO | [t=1220] VLA chunk prompt=open_microwave
2026-09-19 15:47:58,752 | INFO | [t=1230] VLA chunk prompt=open_microwave
2026-09-19 15:47:59,052 | INFO | [t=1240] VLA chunk prompt=open_microwave
2026-09-19 15:47:59,350 | INFO | [t=1250] VLA chunk prompt=open_microwave
2026-09-19 15:47:59,646 | INFO | [t=1260] VLA chunk prompt=open_microwave
2026-09-19 15:47:59,942 | INFO | [t=1270] VLA chunk prompt=open_microwave
2026-09-19 15:48:00,272 | INFO | [t=1280] VLA chunk prompt=open_microwave
2026-09-19 15:48:00,570 | INFO | [t=1290] VLA chunk prompt=open_microwave
2026-09-19 15:48:00,814 | INFO | API VLM @t=1190 task=23 subtask=open_microwave keyframes=[]
2026-09-19 15:48:00,865 | INFO | [t=1300] VLA chunk prompt=open_microwave
2026-09-19 15:48:01,159 | INFO | [t=1310] VLA chunk prompt=open_microwave
2026-09-19 15:48:01,455 | INFO | [t=1320] VLA chunk prompt=open_microwave
2026-09-19 15:48:01,748 | INFO | [t=1330] VLA chunk prompt=open_microwave
2026-09-19 15:48:02,046 | INFO | [t=1340] VLA chunk prompt=open_microwave
2026-09-19 15:48:02,348 | INFO | [t=1350] VLA chunk prompt=open_microwave
2026-09-19 15:48:02,645 | INFO | [t=1360] VLA chunk prompt=open_microwave
2026-09-19 15:48:02,942 | INFO | [t=1370] VLA chunk prompt=open_microwave
2026-09-19 15:48:03,242 | INFO | [t=1380] VLA chunk prompt=open_microwave
2026-09-19 15:48:03,321 | INFO | API VLM @t=1290 task=23 subtask=open_microwave keyframes=[]
2026-09-19 15:48:03,560 | INFO | [t=1390] VLA chunk prompt=open_microwave
2026-09-19 15:48:03,866 | INFO | [t=1400] VLA chunk prompt=open_microwave
2026-09-19 15:48:04,160 | INFO | [t=1410] VLA chunk prompt=open_microwave
2026-09-19 15:48:04,460 | INFO | [t=1420] VLA chunk prompt=open_microwave
2026-09-19 15:48:04,757 | INFO | [t=1430] VLA chunk prompt=open_microwave
2026-09-19 15:48:05,050 | INFO | [t=1440] VLA chunk prompt=open_microwave
2026-09-19 15:48:05,339 | INFO | [t=1450] VLA chunk prompt=open_microwave
2026-09-19 15:48:05,629 | INFO | [t=1460] VLA chunk prompt=open_microwave
2026-09-19 15:48:05,923 | INFO | [t=1470] VLA chunk prompt=open_microwave
2026-09-19 15:48:06,217 | INFO | [t=1480] VLA chunk prompt=open_microwave
2026-09-19 15:48:06,449 | INFO | API VLM @t=1370 task=23 subtask=open_microwave keyframes=[]
2026-09-19 15:48:06,511 | INFO | [t=1490] VLA chunk prompt=open_microwave
2026-09-19 15:48:06,805 | INFO | [t=1500] VLA chunk prompt=open_microwave
2026-09-19 15:48:07,098 | INFO | [t=1510] VLA chunk prompt=open_microwave
2026-09-19 15:48:07,391 | INFO | [t=1520] VLA chunk prompt=open_microwave
2026-09-19 15:48:07,684 | INFO | [t=1530] VLA chunk prompt=open_microwave
2026-09-19 15:48:07,977 | INFO | [t=1540] VLA chunk prompt=open_microwave
2026-09-19 15:48:08,267 | INFO | [t=1550] VLA chunk prompt=open_microwave
2026-09-19 15:48:08,557 | INFO | [t=1560] VLA chunk prompt=open_microwave
2026-09-19 15:48:08,847 | INFO | [t=1570] VLA chunk prompt=open_microwave
2026-09-19 15:48:08,928 | INFO | API VLM @t=1475 task=23 subtask=open_microwave keyframes=[]
2026-09-19 15:48:09,141 | INFO | [t=1580] VLA chunk prompt=open_microwave
2026-09-19 15:48:09,431 | INFO | [t=1590] VLA chunk prompt=open_microwave
2026-09-19 15:48:09,721 | INFO | [t=1600] VLA chunk prompt=open_microwave
2026-09-19 15:48:10,013 | INFO | [t=1610] VLA chunk prompt=open_microwave
2026-09-19 15:48:10,303 | INFO | [t=1620] VLA chunk prompt=open_microwave
2026-09-19 15:48:10,596 | INFO | [t=1630] VLA chunk prompt=open_microwave
2026-09-19 15:48:10,887 | INFO | [t=1640] VLA chunk prompt=open_microwave
2026-09-19 15:48:11,177 | INFO | [t=1650] VLA chunk prompt=open_microwave
2026-09-19 15:48:11,466 | INFO | [t=1660] VLA chunk prompt=open_microwave
2026-09-19 15:48:11,757 | INFO | [t=1670] VLA chunk prompt=open_microwave
2026-09-19 15:48:12,047 | INFO | [t=1680] VLA chunk prompt=open_microwave
2026-09-19 15:48:12,146 | INFO | API VLM @t=1560 task=23 subtask=open_microwave keyframes=[]
2026-09-19 15:48:12,345 | INFO | [t=1690] VLA chunk prompt=open_microwave
2026-09-19 15:48:12,641 | INFO | [t=1700] VLA chunk prompt=open_microwave
2026-09-19 15:48:12,938 | INFO | [t=1710] VLA chunk prompt=open_microwave
2026-09-19 15:48:13,237 | INFO | [t=1720] VLA chunk prompt=open_microwave
2026-09-19 15:48:13,535 | INFO | [t=1730] VLA chunk prompt=open_microwave
2026-09-19 15:48:13,824 | INFO | [t=1740] VLA chunk prompt=open_microwave
2026-09-19 15:48:14,114 | INFO | [t=1750] VLA chunk prompt=open_microwave
2026-09-19 15:48:14,401 | INFO | [t=1760] VLA chunk prompt=open_microwave
2026-09-19 15:48:14,690 | INFO | [t=1770] VLA chunk prompt=open_microwave
2026-09-19 15:48:14,979 | INFO | [t=1780] VLA chunk prompt=open_microwave
2026-09-19 15:48:15,124 | INFO | API VLM @t=1670 task=23 subtask=close_microwave keyframes=[]
2026-09-19 15:48:15,223 | INFO | [t=1790] VLM prompt update from step=1670: close_microwave
2026-09-19 15:48:15,273 | INFO | [t=1790] VLA chunk prompt=close_microwave
2026-09-19 15:48:15,562 | INFO | [t=1800] VLA chunk prompt=close_microwave
2026-09-19 15:48:15,853 | INFO | [t=1810] VLA chunk prompt=close_microwave
2026-09-19 15:48:16,145 | INFO | [t=1820] VLA chunk prompt=close_microwave
2026-09-19 15:48:16,437 | INFO | [t=1830] VLA chunk prompt=close_microwave
2026-09-19 15:48:16,729 | INFO | [t=1840] VLA chunk prompt=close_microwave
2026-09-19 15:48:17,018 | INFO | [t=1850] VLA chunk prompt=close_microwave
2026-09-19 15:48:17,306 | INFO | [t=1860] VLA chunk prompt=close_microwave
2026-09-19 15:48:17,596 | INFO | [t=1870] VLA chunk prompt=close_microwave
2026-09-19 15:48:17,726 | INFO | API VLM @t=1775 task=23 subtask=open_microwave keyframes=[]
2026-09-19 15:48:17,839 | INFO | [t=1880] VLM prompt update from step=1775: open_microwave
2026-09-19 15:48:17,889 | INFO | [t=1880] VLA chunk prompt=open_microwave
2026-09-19 15:48:18,180 | INFO | [t=1890] VLA chunk prompt=open_microwave
2026-09-19 15:48:18,472 | INFO | [t=1900] VLA chunk prompt=open_microwave
2026-09-19 15:48:18,766 | INFO | [t=1910] VLA chunk prompt=open_microwave
2026-09-19 15:48:19,059 | INFO | [t=1920] VLA chunk prompt=open_microwave
2026-09-19 15:48:19,351 | INFO | [t=1930] VLA chunk prompt=open_microwave
2026-09-19 15:48:19,640 | INFO | [t=1940] VLA chunk prompt=open_microwave
2026-09-19 15:48:19,929 | INFO | [t=1950] VLA chunk prompt=open_microwave
2026-09-19 15:48:20,218 | INFO | [t=1960] VLA chunk prompt=open_microwave
2026-09-19 15:48:20,324 | INFO | API VLM @t=1865 task=23 subtask=open_microwave keyframes=[]
2026-09-19 15:48:20,511 | INFO | [t=1970] VLA chunk prompt=open_microwave
2026-09-19 15:48:20,800 | INFO | [t=1980] VLA chunk prompt=open_microwave
2026-09-19 15:48:21,088 | INFO | [t=1990] VLA chunk prompt=open_microwave
2026-09-19 15:48:21,377 | INFO | [t=2000] VLA chunk prompt=open_microwave
2026-09-19 15:48:21,669 | INFO | [t=2010] VLA chunk prompt=open_microwave
2026-09-19 15:48:21,962 | INFO | [t=2020] VLA chunk prompt=open_microwave
2026-09-19 15:48:22,254 | INFO | [t=2030] VLA chunk prompt=open_microwave
2026-09-19 15:48:22,547 | INFO | [t=2040] VLA chunk prompt=open_microwave
2026-09-19 15:48:22,837 | INFO | [t=2050] VLA chunk prompt=open_microwave
2026-09-19 15:48:23,128 | INFO | [t=2060] VLA chunk prompt=open_microwave
2026-09-19 15:48:23,418 | INFO | [t=2070] VLA chunk prompt=open_microwave
2026-09-19 15:48:23,560 | INFO | API VLM @t=1950 task=23 subtask=open_microwave keyframes=[]
2026-09-19 15:48:23,709 | INFO | [t=2080] VLA chunk prompt=open_microwave
2026-09-19 15:48:23,998 | INFO | [t=2090] VLA chunk prompt=open_microwave
2026-09-19 15:48:24,286 | INFO | [t=2100] VLA chunk prompt=open_microwave
2026-09-19 15:48:24,574 | INFO | [t=2110] VLA chunk prompt=open_microwave
2026-09-19 15:48:24,863 | INFO | [t=2120] VLA chunk prompt=open_microwave
2026-09-19 15:48:25,153 | INFO | [t=2130] VLA chunk prompt=open_microwave
2026-09-19 15:48:25,442 | INFO | [t=2140] VLA chunk prompt=open_microwave
2026-09-19 15:48:25,733 | INFO | [t=2150] VLA chunk prompt=open_microwave
2026-09-19 15:48:26,023 | INFO | [t=2160] VLA chunk prompt=open_microwave
2026-09-19 15:48:26,315 | INFO | [t=2170] VLA chunk prompt=open_microwave
2026-09-19 15:48:26,607 | INFO | API VLM @t=2065 task=23 subtask=close_microwave keyframes=[]
2026-09-19 15:48:26,608 | INFO | [t=2180] VLA chunk prompt=open_microwave
2026-09-19 15:48:26,849 | INFO | [t=2190] VLM prompt update from step=2065: close_microwave
2026-09-19 15:48:26,899 | INFO | [t=2190] VLA chunk prompt=close_microwave
2026-09-19 15:48:27,190 | INFO | [t=2200] VLA chunk prompt=close_microwave
2026-09-19 15:48:27,483 | INFO | [t=2210] VLA chunk prompt=close_microwave
2026-09-19 15:48:27,776 | INFO | [t=2220] VLA chunk prompt=close_microwave
2026-09-19 15:48:28,071 | INFO | [t=2230] VLA chunk prompt=close_microwave
2026-09-19 15:48:28,367 | INFO | [t=2240] VLA chunk prompt=close_microwave
2026-09-19 15:48:28,661 | INFO | [t=2250] VLA chunk prompt=close_microwave
2026-09-19 15:48:28,951 | INFO | [t=2260] VLA chunk prompt=close_microwave
2026-09-19 15:48:29,243 | INFO | [t=2270] VLA chunk prompt=close_microwave
2026-09-19 15:48:29,535 | INFO | [t=2280] VLA chunk prompt=close_microwave
2026-09-19 15:48:29,825 | INFO | [t=2290] VLA chunk prompt=close_microwave
2026-09-19 15:48:29,964 | INFO | API VLM @t=2170 task=23 subtask=close_microwave keyframes=[]
2026-09-19 15:48:30,116 | INFO | [t=2300] VLA chunk prompt=close_microwave
2026-09-19 15:48:30,409 | INFO | [t=2310] VLA chunk prompt=close_microwave
2026-09-19 15:48:30,700 | INFO | [t=2320] VLA chunk prompt=close_microwave
2026-09-19 15:48:30,990 | INFO | [t=2330] VLA chunk prompt=close_microwave
2026-09-19 15:48:31,282 | INFO | [t=2340] VLA chunk prompt=close_microwave
2026-09-19 15:48:31,573 | INFO | [t=2350] VLA chunk prompt=close_microwave
2026-09-19 15:48:31,862 | INFO | [t=2360] VLA chunk prompt=close_microwave
2026-09-19 15:48:32,152 | INFO | [t=2370] VLA chunk prompt=close_microwave
2026-09-19 15:48:32,442 | INFO | [t=2380] VLA chunk prompt=close_microwave
2026-09-19 15:48:32,594 | INFO | API VLM @t=2285 task=23 subtask=open_microwave keyframes=[]
2026-09-19 15:48:32,690 | INFO | [t=2390] VLM prompt update from step=2285: open_microwave
2026-09-19 15:48:32,742 | INFO | [t=2390] VLA chunk prompt=open_microwave
2026-09-19 15:48:33,037 | INFO | [t=2400] VLA chunk prompt=open_microwave
2026-09-19 15:48:33,331 | INFO | [t=2410] VLA chunk prompt=open_microwave
2026-09-19 15:48:33,625 | INFO | [t=2420] VLA chunk prompt=open_microwave
2026-09-19 15:48:33,931 | INFO | [t=2430] VLA chunk prompt=open_microwave
2026-09-19 15:48:34,251 | INFO | [t=2440] VLA chunk prompt=open_microwave
2026-09-19 15:48:34,542 | INFO | [t=2450] VLA chunk prompt=open_microwave
2026-09-19 15:48:34,832 | INFO | [t=2460] VLA chunk prompt=open_microwave
2026-09-19 15:48:35,124 | INFO | [t=2470] VLA chunk prompt=open_microwave
2026-09-19 15:48:35,125 | INFO | API VLM @t=2375 task=23 subtask=open_microwave keyframes=[]
2026-09-19 15:48:35,417 | INFO | [t=2480] VLA chunk prompt=open_microwave
2026-09-19 15:48:35,708 | INFO | [t=2490] VLA chunk prompt=open_microwave
2026-09-19 15:48:36,001 | INFO | [t=2500] VLA chunk prompt=open_microwave
2026-09-19 15:48:38,616 | INFO | API VLM @t=2460 task=23 subtask=open_microwave keyframes=[]
2026-09-19 15:48:38,640 | INFO | attempt=0 stage_score=33.3 stage_success=False failure_reason=incomplete_stage
2026-09-19 15:48:38,640 | INFO | Episode 3 seed=103 stage_score=33.3 stage_success=0 goal=0.333 failure_reason=incomplete_stage | 01_Open_Microwave=Y | 02_Place_Cream_Microwave=N | 03_Place_Popcorn_Microwave=N
