2026-09-27 12:27:45,009 | INFO | task_id=8 bddl=/project/peilab/why/RoboMemArena/bddl/8_pick_chocolate_in_frypan_pour_tomato_sauce_twice.bddl vlm_ckpt=/project/peilab/why/RoboMemArena/checkpoints/PrediMem/vlm_tasks1to26_ckpt74500
2026-09-27 12:27:45,013 | INFO | [redact] enabled task=8 registered_phrases=0 terms=[]
2026-09-27 12:27:46,755 | INFO | async VLM enabled: single-slot subtask buffer
2026-09-27 12:27:46,938 | INFO | [redact] enabled task=8 registered_phrases=0 terms=[]
2026-09-27 12:27:46,990 | INFO | [t=10] VLA chunk prompt=Pick and place chocolate into the frypan, pour tomato sauce over it twice, then place the sauce bottle into the bowl drainer.
2026-09-27 12:27:47,235 | INFO | [t=20] VLA chunk prompt=Pick and place chocolate into the frypan, pour tomato sauce over it twice, then place the sauce bottle into the bowl drainer.
2026-09-27 12:27:47,483 | INFO | [t=30] VLA chunk prompt=Pick and place chocolate into the frypan, pour tomato sauce over it twice, then place the sauce bottle into the bowl drainer.
2026-09-27 12:27:47,740 | INFO | [t=40] VLA chunk prompt=Pick and place chocolate into the frypan, pour tomato sauce over it twice, then place the sauce bottle into the bowl drainer.
2026-09-27 12:27:47,988 | INFO | [t=50] VLA chunk prompt=Pick and place chocolate into the frypan, pour tomato sauce over it twice, then place the sauce bottle into the bowl drainer.
2026-09-27 12:27:48,234 | INFO | [t=60] VLA chunk prompt=Pick and place chocolate into the frypan, pour tomato sauce over it twice, then place the sauce bottle into the bowl drainer.
2026-09-27 12:27:48,480 | INFO | [t=70] VLA chunk prompt=Pick and place chocolate into the frypan, pour tomato sauce over it twice, then place the sauce bottle into the bowl drainer.
2026-09-27 12:27:48,723 | INFO | [t=80] VLA chunk prompt=Pick and place chocolate into the frypan, pour tomato sauce over it twice, then place the sauce bottle into the bowl drainer.
2026-09-27 12:27:48,968 | INFO | [t=90] VLA chunk prompt=Pick and place chocolate into the frypan, pour tomato sauce over it twice, then place the sauce bottle into the bowl drainer.
2026-09-27 12:27:49,211 | INFO | [t=100] VLA chunk prompt=Pick and place chocolate into the frypan, pour tomato sauce over it twice, then place the sauce bottle into the bowl drainer.
2026-09-27 12:27:49,452 | INFO | [t=110] VLA chunk prompt=Pick and place chocolate into the frypan, pour tomato sauce over it twice, then place the sauce bottle into the bowl drainer.
2026-09-27 12:27:49,699 | INFO | [t=120] VLA chunk prompt=Pick and place chocolate into the frypan, pour tomato sauce over it twice, then place the sauce bottle into the bowl drainer.
2026-09-27 12:27:49,954 | INFO | [t=130] VLA chunk prompt=Pick and place chocolate into the frypan, pour tomato sauce over it twice, then place the sauce bottle into the bowl drainer.
2026-09-27 12:27:50,248 | INFO | [t=140] VLA chunk prompt=Pick and place chocolate into the frypan, pour tomato sauce over it twice, then place the sauce bottle into the bowl drainer.
2026-09-27 12:27:50,546 | INFO | [t=150] VLA chunk prompt=Pick and place chocolate into the frypan, pour tomato sauce over it twice, then place the sauce bottle into the bowl drainer.
2026-09-27 12:27:50,849 | INFO | [t=160] VLA chunk prompt=Pick and place chocolate into the frypan, pour tomato sauce over it twice, then place the sauce bottle into the bowl drainer.
2026-09-27 12:27:50,906 | INFO | API VLM @t=0 task=8 subtask=Grasp the tomato sauce bottle and lift it. keyframes=[]
2026-09-27 12:27:50,908 | INFO | [redact] enabled task=8 registered_phrases=0 terms=[]
2026-09-27 12:27:51,101 | INFO | [t=170] VLM prompt update from step=0: Grasp the tomato sauce bottle and lift it.
2026-09-27 12:27:51,152 | INFO | [t=170] VLA chunk prompt=Grasp the tomato sauce bottle and lift it.
2026-09-27 12:27:51,455 | INFO | [t=180] VLA chunk prompt=Grasp the tomato sauce bottle and lift it.
2026-09-27 12:27:51,760 | INFO | [t=190] VLA chunk prompt=Grasp the tomato sauce bottle and lift it.
2026-09-27 12:27:52,066 | INFO | [t=200] VLA chunk prompt=Grasp the tomato sauce bottle and lift it.
2026-09-27 12:27:52,380 | INFO | [t=210] VLA chunk prompt=Grasp the tomato sauce bottle and lift it.
2026-09-27 12:27:52,704 | INFO | [t=220] VLA chunk prompt=Grasp the tomato sauce bottle and lift it.
2026-09-27 12:27:53,032 | INFO | [t=230] VLA chunk prompt=Grasp the tomato sauce bottle and lift it.
2026-09-27 12:27:53,369 | INFO | [t=240] VLA chunk prompt=Grasp the tomato sauce bottle and lift it.
2026-09-27 12:27:53,714 | INFO | [t=250] VLA chunk prompt=Grasp the tomato sauce bottle and lift it.
2026-09-27 12:27:54,051 | INFO | [t=260] VLA chunk prompt=Grasp the tomato sauce bottle and lift it.
2026-09-27 12:27:54,392 | INFO | [t=270] VLA chunk prompt=Grasp the tomato sauce bottle and lift it.
2026-09-27 12:27:54,731 | INFO | [t=280] VLA chunk prompt=Grasp the tomato sauce bottle and lift it.
2026-09-27 12:27:55,066 | INFO | [t=290] VLA chunk prompt=Grasp the tomato sauce bottle and lift it.
2026-09-27 12:27:55,073 | INFO | API VLM @t=150 task=8 subtask=Reach for and grasp the tomato sauce bottle, then lift it. keyframes=[]
2026-09-27 12:27:55,076 | INFO | [redact] enabled task=8 registered_phrases=0 terms=[]
2026-09-27 12:27:55,350 | INFO | [t=300] VLM prompt update from step=150: Reach for and grasp the tomato sauce bottle, then lift it.
2026-09-27 12:27:55,400 | INFO | [t=300] VLA chunk prompt=Reach for and grasp the tomato sauce bottle, then lift it.
2026-09-27 12:27:55,727 | INFO | [t=310] VLA chunk prompt=Reach for and grasp the tomato sauce bottle, then lift it.
2026-09-27 12:27:56,064 | INFO | [t=320] VLA chunk prompt=Reach for and grasp the tomato sauce bottle, then lift it.
2026-09-27 12:27:56,398 | INFO | [t=330] VLA chunk prompt=Reach for and grasp the tomato sauce bottle, then lift it.
2026-09-27 12:27:56,729 | INFO | [t=340] VLA chunk prompt=Reach for and grasp the tomato sauce bottle, then lift it.
2026-09-27 12:27:57,057 | INFO | [t=350] VLA chunk prompt=Reach for and grasp the tomato sauce bottle, then lift it.
2026-09-27 12:27:57,386 | INFO | [t=360] VLA chunk prompt=Reach for and grasp the tomato sauce bottle, then lift it.
2026-09-27 12:27:57,712 | INFO | [t=370] VLA chunk prompt=Reach for and grasp the tomato sauce bottle, then lift it.
2026-09-27 12:27:58,040 | INFO | [t=380] VLA chunk prompt=Reach for and grasp the tomato sauce bottle, then lift it.
2026-09-27 12:27:58,370 | INFO | [t=390] VLA chunk prompt=Reach for and grasp the tomato sauce bottle, then lift it.
2026-09-27 12:27:58,707 | INFO | [t=400] VLA chunk prompt=Reach for and grasp the tomato sauce bottle, then lift it.
2026-09-27 12:27:59,040 | INFO | [t=410] VLA chunk prompt=Reach for and grasp the tomato sauce bottle, then lift it.
2026-09-27 12:27:59,195 | INFO | API VLM @t=280 task=8 subtask=Grasp the tomato sauce bottle and lift it until it is raised. keyframes=[]
2026-09-27 12:27:59,197 | INFO | [redact] enabled task=8 registered_phrases=0 terms=[]
2026-09-27 12:27:59,319 | INFO | [t=420] VLM prompt update from step=280: Grasp the tomato sauce bottle and lift it until it is raised.
2026-09-27 12:27:59,372 | INFO | [t=420] VLA chunk prompt=Grasp the tomato sauce bottle and lift it until it is raised.
2026-09-27 12:27:59,696 | INFO | [t=430] VLA chunk prompt=Grasp the tomato sauce bottle and lift it until it is raised.
2026-09-27 12:28:00,019 | INFO | [t=440] VLA chunk prompt=Grasp the tomato sauce bottle and lift it until it is raised.
2026-09-27 12:28:00,343 | INFO | [t=450] VLA chunk prompt=Grasp the tomato sauce bottle and lift it until it is raised.
2026-09-27 12:28:00,667 | INFO | [t=460] VLA chunk prompt=Grasp the tomato sauce bottle and lift it until it is raised.
2026-09-27 12:28:01,014 | INFO | [t=470] VLA chunk prompt=Grasp the tomato sauce bottle and lift it until it is raised.
2026-09-27 12:28:01,392 | INFO | [t=480] VLA chunk prompt=Grasp the tomato sauce bottle and lift it until it is raised.
2026-09-27 12:28:01,759 | INFO | [t=490] VLA chunk prompt=Grasp the tomato sauce bottle and lift it until it is raised.
2026-09-27 12:28:02,123 | INFO | [t=500] VLA chunk prompt=Grasp the tomato sauce bottle and lift it until it is raised.
2026-09-27 12:28:02,479 | INFO | [t=510] VLA chunk prompt=Grasp the tomato sauce bottle and lift it until it is raised.
2026-09-27 12:28:02,835 | INFO | [t=520] VLA chunk prompt=Grasp the tomato sauce bottle and lift it until it is raised.
2026-09-27 12:28:03,185 | INFO | [t=530] VLA chunk prompt=Grasp the tomato sauce bottle and lift it until it is raised.
2026-09-27 12:28:03,541 | INFO | [t=540] VLA chunk prompt=Grasp the tomato sauce bottle and lift it until it is raised.
2026-09-27 12:28:03,750 | INFO | API VLM @t=405 task=8 subtask=Reach for and grasp the tomato sauce bottle, then lift it. keyframes=[]
2026-09-27 12:28:03,753 | INFO | [redact] enabled task=8 registered_phrases=0 terms=[]
2026-09-27 12:28:03,854 | INFO | [t=550] VLM prompt update from step=405: Reach for and grasp the tomato sauce bottle, then lift it.
2026-09-27 12:28:03,907 | INFO | [t=550] VLA chunk prompt=Reach for and grasp the tomato sauce bottle, then lift it.
2026-09-27 12:28:04,262 | INFO | [t=560] VLA chunk prompt=Reach for and grasp the tomato sauce bottle, then lift it.
2026-09-27 12:28:04,613 | INFO | [t=570] VLA chunk prompt=Reach for and grasp the tomato sauce bottle, then lift it.
2026-09-27 12:28:04,964 | INFO | [t=580] VLA chunk prompt=Reach for and grasp the tomato sauce bottle, then lift it.
2026-09-27 12:28:05,312 | INFO | [t=590] VLA chunk prompt=Reach for and grasp the tomato sauce bottle, then lift it.
2026-09-27 12:28:05,664 | INFO | [t=600] VLA chunk prompt=Reach for and grasp the tomato sauce bottle, then lift it.
2026-09-27 12:28:06,029 | INFO | [t=610] VLA chunk prompt=Reach for and grasp the tomato sauce bottle, then lift it.
2026-09-27 12:28:06,387 | INFO | [t=620] VLA chunk prompt=Reach for and grasp the tomato sauce bottle, then lift it.
2026-09-27 12:28:06,737 | INFO | [t=630] VLA chunk prompt=Reach for and grasp the tomato sauce bottle, then lift it.
2026-09-27 12:28:07,082 | INFO | [t=640] VLA chunk prompt=Reach for and grasp the tomato sauce bottle, then lift it.
2026-09-27 12:28:07,428 | INFO | [t=650] VLA chunk prompt=Reach for and grasp the tomato sauce bottle, then lift it.
2026-09-27 12:28:07,653 | INFO | API VLM @t=535 task=8 subtask=Reach for and grasp the tomato sauce bottle, then lift it until it is raised. keyframes=[]
2026-09-27 12:28:07,654 | INFO | [redact] enabled task=8 registered_phrases=0 terms=[]
2026-09-27 12:28:07,726 | INFO | [t=660] VLM prompt update from step=535: Reach for and grasp the tomato sauce bottle, then lift it until it is raised.
2026-09-27 12:28:07,777 | INFO | [t=660] VLA chunk prompt=Reach for and grasp the tomato sauce bottle, then lift it until it is raised.
2026-09-27 12:28:08,122 | INFO | [t=670] VLA chunk prompt=Reach for and grasp the tomato sauce bottle, then lift it until it is raised.
2026-09-27 12:28:08,477 | INFO | [t=680] VLA chunk prompt=Reach for and grasp the tomato sauce bottle, then lift it until it is raised.
2026-09-27 12:28:08,824 | INFO | [t=690] VLA chunk prompt=Reach for and grasp the tomato sauce bottle, then lift it until it is raised.
2026-09-27 12:28:09,167 | INFO | [t=700] VLA chunk prompt=Reach for and grasp the tomato sauce bottle, then lift it until it is raised.
2026-09-27 12:28:09,505 | INFO | [t=710] VLA chunk prompt=Reach for and grasp the tomato sauce bottle, then lift it until it is raised.
2026-09-27 12:28:09,844 | INFO | [t=720] VLA chunk prompt=Reach for and grasp the tomato sauce bottle, then lift it until it is raised.
2026-09-27 12:28:10,186 | INFO | [t=730] VLA chunk prompt=Reach for and grasp the tomato sauce bottle, then lift it until it is raised.
2026-09-27 12:28:10,529 | INFO | [t=740] VLA chunk prompt=Reach for and grasp the tomato sauce bottle, then lift it until it is raised.
2026-09-27 12:28:10,886 | INFO | [t=750] VLA chunk prompt=Reach for and grasp the tomato sauce bottle, then lift it until it is raised.
2026-09-27 12:28:11,234 | INFO | [t=760] VLA chunk prompt=Reach for and grasp the tomato sauce bottle, then lift it until it is raised.
2026-09-27 12:28:11,581 | INFO | [t=770] VLA chunk prompt=Reach for and grasp the tomato sauce bottle, then lift it until it is raised.
2026-09-27 12:28:11,921 | INFO | [t=780] VLA chunk prompt=Reach for and grasp the tomato sauce bottle, then lift it until it is raised.
2026-09-27 12:28:12,115 | INFO | API VLM @t=645 task=8 subtask=Reach for and grasp the tomato sauce bottle, then lift it. keyframes=[]
2026-09-27 12:28:12,117 | INFO | [redact] enabled task=8 registered_phrases=0 terms=[]
2026-09-27 12:28:12,214 | INFO | [t=790] VLM prompt update from step=645: Reach for and grasp the tomato sauce bottle, then lift it.
2026-09-27 12:28:12,265 | INFO | [t=790] VLA chunk prompt=Reach for and grasp the tomato sauce bottle, then lift it.
2026-09-27 12:28:12,603 | INFO | [t=800] VLA chunk prompt=Reach for and grasp the tomato sauce bottle, then lift it.
2026-09-27 12:28:12,942 | INFO | [t=810] VLA chunk prompt=Reach for and grasp the tomato sauce bottle, then lift it.
2026-09-27 12:28:13,291 | INFO | [t=820] VLA chunk prompt=Reach for and grasp the tomato sauce bottle, then lift it.
2026-09-27 12:28:13,640 | INFO | [t=830] VLA chunk prompt=Reach for and grasp the tomato sauce bottle, then lift it.
2026-09-27 12:28:13,989 | INFO | [t=840] VLA chunk prompt=Reach for and grasp the tomato sauce bottle, then lift it.
2026-09-27 12:28:14,341 | INFO | [t=850] VLA chunk prompt=Reach for and grasp the tomato sauce bottle, then lift it.
2026-09-27 12:28:14,685 | INFO | [t=860] VLA chunk prompt=Reach for and grasp the tomato sauce bottle, then lift it.
2026-09-27 12:28:15,031 | INFO | [t=870] VLA chunk prompt=Reach for and grasp the tomato sauce bottle, then lift it.
2026-09-27 12:28:15,373 | INFO | [t=880] VLA chunk prompt=Reach for and grasp the tomato sauce bottle, then lift it.
2026-09-27 12:28:15,717 | INFO | [t=890] VLA chunk prompt=Reach for and grasp the tomato sauce bottle, then lift it.
2026-09-27 12:28:16,067 | INFO | [t=900] VLA chunk prompt=Reach for and grasp the tomato sauce bottle, then lift it.
2026-09-27 12:28:16,414 | INFO | [t=910] VLA chunk prompt=Reach for and grasp the tomato sauce bottle, then lift it.
2026-09-27 12:28:16,443 | INFO | API VLM @t=775 task=8 subtask=Reach for and grasp the tomato sauce bottle, then lift it. keyframes=[]
2026-09-27 12:28:16,446 | INFO | [redact] enabled task=8 registered_phrases=0 terms=[]
2026-09-27 12:28:16,770 | INFO | [t=920] VLA chunk prompt=Reach for and grasp the tomato sauce bottle, then lift it.
2026-09-27 12:28:17,118 | INFO | [t=930] VLA chunk prompt=Reach for and grasp the tomato sauce bottle, then lift it.
2026-09-27 12:28:17,465 | INFO | [t=940] VLA chunk prompt=Reach for and grasp the tomato sauce bottle, then lift it.
2026-09-27 12:28:17,807 | INFO | [t=950] VLA chunk prompt=Reach for and grasp the tomato sauce bottle, then lift it.
2026-09-27 12:28:18,148 | INFO | [t=960] VLA chunk prompt=Reach for and grasp the tomato sauce bottle, then lift it.
2026-09-27 12:28:18,492 | INFO | [t=970] VLA chunk prompt=Reach for and grasp the tomato sauce bottle, then lift it.
2026-09-27 12:28:18,830 | INFO | [t=980] VLA chunk prompt=Reach for and grasp the tomato sauce bottle, then lift it.
2026-09-27 12:28:19,182 | INFO | [t=990] VLA chunk prompt=Reach for and grasp the tomato sauce bottle, then lift it.
2026-09-27 12:28:19,525 | INFO | [t=1000] VLA chunk prompt=Reach for and grasp the tomato sauce bottle, then lift it.
2026-09-27 12:28:19,862 | INFO | [t=1010] VLA chunk prompt=Reach for and grasp the tomato sauce bottle, then lift it.
2026-09-27 12:28:20,193 | INFO | [t=1020] VLA chunk prompt=Reach for and grasp the tomato sauce bottle, then lift it.
2026-09-27 12:28:20,524 | INFO | [t=1030] VLA chunk prompt=Reach for and grasp the tomato sauce bottle, then lift it.
2026-09-27 12:28:20,854 | INFO | [t=1040] VLA chunk prompt=Reach for and grasp the tomato sauce bottle, then lift it.
2026-09-27 12:28:21,117 | INFO | API VLM @t=900 task=8 subtask=Reach for and grasp the tomato sauce bottle, lifting it from the table. keyframes=[]
2026-09-27 12:28:21,120 | INFO | [redact] enabled task=8 registered_phrases=0 terms=[]
2026-09-27 12:28:21,144 | INFO | [t=1050] VLM prompt update from step=900: Reach for and grasp the tomato sauce bottle, lifting it from the table.
2026-09-27 12:28:21,194 | INFO | [t=1050] VLA chunk prompt=Reach for and grasp the tomato sauce bottle, lifting it from the table.
2026-09-27 12:28:21,531 | INFO | [t=1060] VLA chunk prompt=Reach for and grasp the tomato sauce bottle, lifting it from the table.
2026-09-27 12:28:21,870 | INFO | [t=1070] VLA chunk prompt=Reach for and grasp the tomato sauce bottle, lifting it from the table.
2026-09-27 12:28:22,201 | INFO | [t=1080] VLA chunk prompt=Reach for and grasp the tomato sauce bottle, lifting it from the table.
2026-09-27 12:28:22,528 | INFO | [t=1090] VLA chunk prompt=Reach for and grasp the tomato sauce bottle, lifting it from the table.
2026-09-27 12:28:22,855 | INFO | [t=1100] VLA chunk prompt=Reach for and grasp the tomato sauce bottle, lifting it from the table.
2026-09-27 12:28:23,182 | INFO | [t=1110] VLA chunk prompt=Reach for and grasp the tomato sauce bottle, lifting it from the table.
2026-09-27 12:28:23,508 | INFO | [t=1120] VLA chunk prompt=Reach for and grasp the tomato sauce bottle, lifting it from the table.
2026-09-27 12:28:23,839 | INFO | [t=1130] VLA chunk prompt=Reach for and grasp the tomato sauce bottle, lifting it from the table.
2026-09-27 12:28:24,180 | INFO | [t=1140] VLA chunk prompt=Reach for and grasp the tomato sauce bottle, lifting it from the table.
2026-09-27 12:28:24,512 | INFO | [t=1150] VLA chunk prompt=Reach for and grasp the tomato sauce bottle, lifting it from the table.
2026-09-27 12:28:24,844 | INFO | [t=1160] VLA chunk prompt=Reach for and grasp the tomato sauce bottle, lifting it from the table.
2026-09-27 12:28:25,175 | INFO | [t=1170] VLA chunk prompt=Reach for and grasp the tomato sauce bottle, lifting it from the table.
2026-09-27 12:28:25,501 | INFO | [t=1180] VLA chunk prompt=Reach for and grasp the tomato sauce bottle, lifting it from the table.
2026-09-27 12:28:25,820 | INFO | [t=1190] VLA chunk prompt=Reach for and grasp the tomato sauce bottle, lifting it from the table.
2026-09-27 12:28:26,140 | INFO | [t=1200] VLA chunk prompt=Reach for and grasp the tomato sauce bottle, lifting it from the table.
2026-09-27 12:28:26,469 | INFO | [t=1210] VLA chunk prompt=Reach for and grasp the tomato sauce bottle, lifting it from the table.
2026-09-27 12:28:26,800 | INFO | [t=1220] VLA chunk prompt=Reach for and grasp the tomato sauce bottle, lifting it from the table.
2026-09-27 12:28:26,908 | INFO | API VLM @t=1035 task=8 subtask=Reach for and grasp the tomato sauce bottle, then lift it. keyframes=[]
2026-09-27 12:28:26,911 | INFO | [redact] enabled task=8 registered_phrases=0 terms=[]
2026-09-27 12:28:27,073 | INFO | [t=1230] VLM prompt update from step=1035: Reach for and grasp the tomato sauce bottle, then lift it.
2026-09-27 12:28:27,126 | INFO | [t=1230] VLA chunk prompt=Reach for and grasp the tomato sauce bottle, then lift it.
2026-09-27 12:28:27,452 | INFO | [t=1240] VLA chunk prompt=Reach for and grasp the tomato sauce bottle, then lift it.
2026-09-27 12:28:27,776 | INFO | [t=1250] VLA chunk prompt=Reach for and grasp the tomato sauce bottle, then lift it.
2026-09-27 12:28:28,100 | INFO | [t=1260] VLA chunk prompt=Reach for and grasp the tomato sauce bottle, then lift it.
2026-09-27 12:28:28,423 | INFO | [t=1270] VLA chunk prompt=Reach for and grasp the tomato sauce bottle, then lift it.
2026-09-27 12:28:28,753 | INFO | [t=1280] VLA chunk prompt=Reach for and grasp the tomato sauce bottle, then lift it.
2026-09-27 12:28:29,090 | INFO | [t=1290] VLA chunk prompt=Reach for and grasp the tomato sauce bottle, then lift it.
2026-09-27 12:28:29,420 | INFO | [t=1300] VLA chunk prompt=Reach for and grasp the tomato sauce bottle, then lift it.
2026-09-27 12:28:29,748 | INFO | [t=1310] VLA chunk prompt=Reach for and grasp the tomato sauce bottle, then lift it.
2026-09-27 12:28:30,072 | INFO | [t=1320] VLA chunk prompt=Reach for and grasp the tomato sauce bottle, then lift it.
2026-09-27 12:28:30,397 | INFO | [t=1330] VLA chunk prompt=Reach for and grasp the tomato sauce bottle, then lift it.
2026-09-27 12:28:30,721 | INFO | [t=1340] VLA chunk prompt=Reach for and grasp the tomato sauce bottle, then lift it.
2026-09-27 12:28:31,045 | INFO | [t=1350] VLA chunk prompt=Reach for and grasp the tomato sauce bottle, then lift it.
2026-09-27 12:28:31,377 | INFO | [t=1360] VLA chunk prompt=Reach for and grasp the tomato sauce bottle, then lift it.
2026-09-27 12:28:31,711 | INFO | [t=1370] VLA chunk prompt=Reach for and grasp the tomato sauce bottle, then lift it.
2026-09-27 12:28:31,750 | INFO | API VLM @t=1210 task=8 subtask=Reach for and grasp the tomato sauce bottle, then lift it. keyframes=[]
2026-09-27 12:28:31,752 | INFO | [redact] enabled task=8 registered_phrases=0 terms=[]
2026-09-27 12:28:32,043 | INFO | [t=1380] VLA chunk prompt=Reach for and grasp the tomato sauce bottle, then lift it.
2026-09-27 12:28:32,369 | INFO | [t=1390] VLA chunk prompt=Reach for and grasp the tomato sauce bottle, then lift it.
2026-09-27 12:28:32,694 | INFO | [t=1400] VLA chunk prompt=Reach for and grasp the tomato sauce bottle, then lift it.
2026-09-27 12:28:33,018 | INFO | [t=1410] VLA chunk prompt=Reach for and grasp the tomato sauce bottle, then lift it.
2026-09-27 12:28:33,343 | INFO | [t=1420] VLA chunk prompt=Reach for and grasp the tomato sauce bottle, then lift it.
2026-09-27 12:28:33,667 | INFO | [t=1430] VLA chunk prompt=Reach for and grasp the tomato sauce bottle, then lift it.
2026-09-27 12:28:33,998 | INFO | [t=1440] VLA chunk prompt=Reach for and grasp the tomato sauce bottle, then lift it.
2026-09-27 12:28:34,330 | INFO | [t=1450] VLA chunk prompt=Reach for and grasp the tomato sauce bottle, then lift it.
2026-09-27 12:28:34,663 | INFO | [t=1460] VLA chunk prompt=Reach for and grasp the tomato sauce bottle, then lift it.
2026-09-27 12:28:34,999 | INFO | [t=1470] VLA chunk prompt=Reach for and grasp the tomato sauce bottle, then lift it.
2026-09-27 12:28:35,334 | INFO | [t=1480] VLA chunk prompt=Reach for and grasp the tomato sauce bottle, then lift it.
2026-09-27 12:28:35,663 | INFO | [t=1490] VLA chunk prompt=Reach for and grasp the tomato sauce bottle, then lift it.
2026-09-27 12:28:35,987 | INFO | [t=1500] VLA chunk prompt=Reach for and grasp the tomato sauce bottle, then lift it.
2026-09-27 12:28:36,174 | INFO | API VLM @t=1360 task=8 subtask=Reach for and grasp the tomato sauce bottle, then lift it. keyframes=[]
2026-09-27 12:28:36,310 | INFO | [t=1510] VLA chunk prompt=Reach for and grasp the tomato sauce bottle, then lift it.
2026-09-27 12:28:36,371 | INFO | [redact] enabled task=8 registered_phrases=0 terms=[]
2026-09-27 12:28:36,696 | INFO | [t=1520] VLA chunk prompt=Reach for and grasp the tomato sauce bottle, then lift it.
2026-09-27 12:28:37,020 | INFO | [t=1530] VLA chunk prompt=Reach for and grasp the tomato sauce bottle, then lift it.
2026-09-27 12:28:37,352 | INFO | [t=1540] VLA chunk prompt=Reach for and grasp the tomato sauce bottle, then lift it.
2026-09-27 12:28:37,684 | INFO | [t=1550] VLA chunk prompt=Reach for and grasp the tomato sauce bottle, then lift it.
2026-09-27 12:28:38,013 | INFO | [t=1560] VLA chunk prompt=Reach for and grasp the tomato sauce bottle, then lift it.
2026-09-27 12:28:38,339 | INFO | [t=1570] VLA chunk prompt=Reach for and grasp the tomato sauce bottle, then lift it.
2026-09-27 12:28:38,664 | INFO | [t=1580] VLA chunk prompt=Reach for and grasp the tomato sauce bottle, then lift it.
2026-09-27 12:28:38,991 | INFO | [t=1590] VLA chunk prompt=Reach for and grasp the tomato sauce bottle, then lift it.
2026-09-27 12:28:39,320 | INFO | [t=1600] VLA chunk prompt=Reach for and grasp the tomato sauce bottle, then lift it.
2026-09-27 12:28:39,658 | INFO | [t=1610] VLA chunk prompt=Reach for and grasp the tomato sauce bottle, then lift it.
2026-09-27 12:28:40,002 | INFO | [t=1620] VLA chunk prompt=Reach for and grasp the tomato sauce bottle, then lift it.
2026-09-27 12:28:40,333 | INFO | [t=1630] VLA chunk prompt=Reach for and grasp the tomato sauce bottle, then lift it.
2026-09-27 12:28:40,660 | INFO | [t=1640] VLA chunk prompt=Reach for and grasp the tomato sauce bottle, then lift it.
2026-09-27 12:28:40,988 | INFO | [t=1650] VLA chunk prompt=Reach for and grasp the tomato sauce bottle, then lift it.
2026-09-27 12:28:41,316 | INFO | [t=1660] VLA chunk prompt=Reach for and grasp the tomato sauce bottle, then lift it.
2026-09-27 12:28:41,607 | INFO | API VLM @t=1500 task=8 subtask=Reach for and pick up the tomato sauce bottle. keyframes=[]
2026-09-27 12:28:41,609 | INFO | [redact] enabled task=8 registered_phrases=0 terms=[]
2026-09-27 12:28:41,643 | INFO | [t=1670] VLA chunk prompt=Reach for and grasp the tomato sauce bottle, then lift it.
2026-09-27 12:28:41,925 | INFO | [t=1680] VLM prompt update from step=1500: Reach for and pick up the tomato sauce bottle.
2026-09-27 12:28:41,978 | INFO | [t=1680] VLA chunk prompt=Reach for and pick up the tomato sauce bottle.
2026-09-27 12:28:42,315 | INFO | [t=1690] VLA chunk prompt=Reach for and pick up the tomato sauce bottle.
2026-09-27 12:28:42,647 | INFO | [t=1700] VLA chunk prompt=Reach for and pick up the tomato sauce bottle.
2026-09-27 12:28:42,978 | INFO | [t=1710] VLA chunk prompt=Reach for and pick up the tomato sauce bottle.
2026-09-27 12:28:43,307 | INFO | [t=1720] VLA chunk prompt=Reach for and pick up the tomato sauce bottle.
2026-09-27 12:28:43,635 | INFO | [t=1730] VLA chunk prompt=Reach for and pick up the tomato sauce bottle.
2026-09-27 12:28:43,968 | INFO | [t=1740] VLA chunk prompt=Reach for and pick up the tomato sauce bottle.
2026-09-27 12:28:44,311 | INFO | [t=1750] VLA chunk prompt=Reach for and pick up the tomato sauce bottle.
2026-09-27 12:28:44,643 | INFO | [t=1760] VLA chunk prompt=Reach for and pick up the tomato sauce bottle.
2026-09-27 12:28:44,976 | INFO | [t=1770] VLA chunk prompt=Reach for and pick up the tomato sauce bottle.
2026-09-27 12:28:45,305 | INFO | [t=1780] VLA chunk prompt=Reach for and pick up the tomato sauce bottle.
2026-09-27 12:28:45,631 | INFO | [t=1790] VLA chunk prompt=Reach for and pick up the tomato sauce bottle.
2026-09-27 12:28:45,956 | INFO | [t=1800] VLA chunk prompt=Reach for and pick up the tomato sauce bottle.
2026-09-27 12:28:46,034 | INFO | API VLM @t=1660 task=8 subtask=Reach for and grasp the tomato sauce bottle, then lift it. keyframes=[]
2026-09-27 12:28:46,036 | INFO | [redact] enabled task=8 registered_phrases=0 terms=[]
2026-09-27 12:28:46,232 | INFO | [t=1810] VLM prompt update from step=1660: Reach for and grasp the tomato sauce bottle, then lift it.
2026-09-27 12:28:46,283 | INFO | [t=1810] VLA chunk prompt=Reach for and grasp the tomato sauce bottle, then lift it.
2026-09-27 12:28:46,615 | INFO | [t=1820] VLA chunk prompt=Reach for and grasp the tomato sauce bottle, then lift it.
2026-09-27 12:28:46,951 | INFO | [t=1830] VLA chunk prompt=Reach for and grasp the tomato sauce bottle, then lift it.
2026-09-27 12:28:47,280 | INFO | [t=1840] VLA chunk prompt=Reach for and grasp the tomato sauce bottle, then lift it.
2026-09-27 12:28:47,610 | INFO | [t=1850] VLA chunk prompt=Reach for and grasp the tomato sauce bottle, then lift it.
2026-09-27 12:28:47,936 | INFO | [t=1860] VLA chunk prompt=Reach for and grasp the tomato sauce bottle, then lift it.
2026-09-27 12:28:48,262 | INFO | [t=1870] VLA chunk prompt=Reach for and grasp the tomato sauce bottle, then lift it.
2026-09-27 12:28:48,588 | INFO | [t=1880] VLA chunk prompt=Reach for and grasp the tomato sauce bottle, then lift it.
2026-09-27 12:28:48,916 | INFO | [t=1890] VLA chunk prompt=Reach for and grasp the tomato sauce bottle, then lift it.
2026-09-27 12:28:49,260 | INFO | [t=1900] VLA chunk prompt=Reach for and grasp the tomato sauce bottle, then lift it.
2026-09-27 12:28:49,592 | INFO | [t=1910] VLA chunk prompt=Reach for and grasp the tomato sauce bottle, then lift it.
2026-09-27 12:28:49,923 | INFO | [t=1920] VLA chunk prompt=Reach for and grasp the tomato sauce bottle, then lift it.
2026-09-27 12:28:50,252 | INFO | [t=1930] VLA chunk prompt=Reach for and grasp the tomato sauce bottle, then lift it.
2026-09-27 12:28:50,440 | INFO | API VLM @t=1790 task=8 subtask=Reach for and grasp the tomato sauce bottle, then lift it until it is raised. keyframes=[]
2026-09-27 12:28:50,442 | INFO | [redact] enabled task=8 registered_phrases=0 terms=[]
2026-09-27 12:28:50,536 | INFO | [t=1940] VLM prompt update from step=1790: Reach for and grasp the tomato sauce bottle, then lift it until it is raised.
2026-09-27 12:28:50,588 | INFO | [t=1940] VLA chunk prompt=Reach for and grasp the tomato sauce bottle, then lift it until it is raised.
2026-09-27 12:28:50,914 | INFO | [t=1950] VLA chunk prompt=Reach for and grasp the tomato sauce bottle, then lift it until it is raised.
2026-09-27 12:28:51,238 | INFO | [t=1960] VLA chunk prompt=Reach for and grasp the tomato sauce bottle, then lift it until it is raised.
2026-09-27 12:28:51,568 | INFO | [t=1970] VLA chunk prompt=Reach for and grasp the tomato sauce bottle, then lift it until it is raised.
2026-09-27 12:28:51,904 | INFO | [t=1980] VLA chunk prompt=Reach for and grasp the tomato sauce bottle, then lift it until it is raised.
2026-09-27 12:28:52,232 | INFO | [t=1990] VLA chunk prompt=Reach for and grasp the tomato sauce bottle, then lift it until it is raised.
2026-09-27 12:28:52,561 | INFO | [t=2000] VLA chunk prompt=Reach for and grasp the tomato sauce bottle, then lift it until it is raised.
2026-09-27 12:28:52,886 | INFO | [t=2010] VLA chunk prompt=Reach for and grasp the tomato sauce bottle, then lift it until it is raised.
2026-09-27 12:28:53,209 | INFO | [t=2020] VLA chunk prompt=Reach for and grasp the tomato sauce bottle, then lift it until it is raised.
2026-09-27 12:28:53,533 | INFO | [t=2030] VLA chunk prompt=Reach for and grasp the tomato sauce bottle, then lift it until it is raised.
2026-09-27 12:28:53,857 | INFO | [t=2040] VLA chunk prompt=Reach for and grasp the tomato sauce bottle, then lift it until it is raised.
2026-09-27 12:28:54,186 | INFO | [t=2050] VLA chunk prompt=Reach for and grasp the tomato sauce bottle, then lift it until it is raised.
2026-09-27 12:28:54,520 | INFO | [t=2060] VLA chunk prompt=Reach for and grasp the tomato sauce bottle, then lift it until it is raised.
2026-09-27 12:28:54,716 | INFO | API VLM @t=1925 task=8 subtask=Reach for and grasp the tomato sauce bottle, then lift it. keyframes=[]
2026-09-27 12:28:54,719 | INFO | [redact] enabled task=8 registered_phrases=0 terms=[]
2026-09-27 12:28:54,804 | INFO | [t=2070] VLM prompt update from step=1925: Reach for and grasp the tomato sauce bottle, then lift it.
2026-09-27 12:28:54,856 | INFO | [t=2070] VLA chunk prompt=Reach for and grasp the tomato sauce bottle, then lift it.
2026-09-27 12:28:55,193 | INFO | [t=2080] VLA chunk prompt=Reach for and grasp the tomato sauce bottle, then lift it.
2026-09-27 12:28:55,523 | INFO | [t=2090] VLA chunk prompt=Reach for and grasp the tomato sauce bottle, then lift it.
2026-09-27 12:28:55,851 | INFO | [t=2100] VLA chunk prompt=Reach for and grasp the tomato sauce bottle, then lift it.
2026-09-27 12:28:56,182 | INFO | [t=2110] VLA chunk prompt=Reach for and grasp the tomato sauce bottle, then lift it.
2026-09-27 12:28:56,504 | INFO | [t=2120] VLA chunk prompt=Reach for and grasp the tomato sauce bottle, then lift it.
2026-09-27 12:28:56,827 | INFO | [t=2130] VLA chunk prompt=Reach for and grasp the tomato sauce bottle, then lift it.
2026-09-27 12:28:57,153 | INFO | [t=2140] VLA chunk prompt=Reach for and grasp the tomato sauce bottle, then lift it.
2026-09-27 12:28:57,480 | INFO | [t=2150] VLA chunk prompt=Reach for and grasp the tomato sauce bottle, then lift it.
2026-09-27 12:28:57,816 | INFO | [t=2160] VLA chunk prompt=Reach for and grasp the tomato sauce bottle, then lift it.
2026-09-27 12:28:58,145 | INFO | [t=2170] VLA chunk prompt=Reach for and grasp the tomato sauce bottle, then lift it.
2026-09-27 12:28:58,473 | INFO | [t=2180] VLA chunk prompt=Reach for and grasp the tomato sauce bottle, then lift it.
2026-09-27 12:28:58,797 | INFO | [t=2190] VLA chunk prompt=Reach for and grasp the tomato sauce bottle, then lift it.
2026-09-27 12:28:59,121 | INFO | [t=2200] VLA chunk prompt=Reach for and grasp the tomato sauce bottle, then lift it.
2026-09-27 12:28:59,445 | INFO | [t=2210] VLA chunk prompt=Reach for and grasp the tomato sauce bottle, then lift it.
2026-09-27 12:28:59,768 | INFO | [t=2220] VLA chunk prompt=Reach for and grasp the tomato sauce bottle, then lift it.
2026-09-27 12:28:59,791 | INFO | API VLM @t=2055 task=8 subtask=Reach for and grasp the tomato sauce bottle, then lift it. keyframes=[]
2026-09-27 12:28:59,793 | INFO | [redact] enabled task=8 registered_phrases=0 terms=[]
2026-09-27 12:29:00,103 | INFO | [t=2230] VLA chunk prompt=Reach for and grasp the tomato sauce bottle, then lift it.
2026-09-27 12:29:00,434 | INFO | [t=2240] VLA chunk prompt=Reach for and grasp the tomato sauce bottle, then lift it.
2026-09-27 12:29:00,762 | INFO | [t=2250] VLA chunk prompt=Reach for and grasp the tomato sauce bottle, then lift it.
2026-09-27 12:29:01,085 | INFO | [t=2260] VLA chunk prompt=Reach for and grasp the tomato sauce bottle, then lift it.
2026-09-27 12:29:01,407 | INFO | [t=2270] VLA chunk prompt=Reach for and grasp the tomato sauce bottle, then lift it.
2026-09-27 12:29:01,731 | INFO | [t=2280] VLA chunk prompt=Reach for and grasp the tomato sauce bottle, then lift it.
2026-09-27 12:29:02,056 | INFO | [t=2290] VLA chunk prompt=Reach for and grasp the tomato sauce bottle, then lift it.
2026-09-27 12:29:02,390 | INFO | [t=2300] VLA chunk prompt=Reach for and grasp the tomato sauce bottle, then lift it.
2026-09-27 12:29:02,725 | INFO | [t=2310] VLA chunk prompt=Reach for and grasp the tomato sauce bottle, then lift it.
2026-09-27 12:29:03,055 | INFO | [t=2320] VLA chunk prompt=Reach for and grasp the tomato sauce bottle, then lift it.
2026-09-27 12:29:03,384 | INFO | [t=2330] VLA chunk prompt=Reach for and grasp the tomato sauce bottle, then lift it.
2026-09-27 12:29:03,710 | INFO | [t=2340] VLA chunk prompt=Reach for and grasp the tomato sauce bottle, then lift it.
2026-09-27 12:29:04,036 | INFO | [t=2350] VLA chunk prompt=Reach for and grasp the tomato sauce bottle, then lift it.
2026-09-27 12:29:04,363 | INFO | [t=2360] VLA chunk prompt=Reach for and grasp the tomato sauce bottle, then lift it.
2026-09-27 12:29:04,687 | INFO | [t=2370] VLA chunk prompt=Reach for and grasp the tomato sauce bottle, then lift it.
2026-09-27 12:29:05,021 | INFO | [t=2380] VLA chunk prompt=Reach for and grasp the tomato sauce bottle, then lift it.
2026-09-27 12:29:05,351 | INFO | [t=2390] VLA chunk prompt=Reach for and grasp the tomato sauce bottle, then lift it.
2026-09-27 12:29:05,413 | INFO | API VLM @t=2210 task=8 subtask=Reach for and grasp the tomato sauce bottle, then lift it until it is raised. keyframes=[]
2026-09-27 12:29:05,416 | INFO | [redact] enabled task=8 registered_phrases=0 terms=[]
2026-09-27 12:29:05,632 | INFO | [t=2400] VLM prompt update from step=2210: Reach for and grasp the tomato sauce bottle, then lift it until it is raised.
2026-09-27 12:29:05,685 | INFO | [t=2400] VLA chunk prompt=Reach for and grasp the tomato sauce bottle, then lift it until it is raised.
2026-09-27 12:29:06,011 | INFO | [t=2410] VLA chunk prompt=Reach for and grasp the tomato sauce bottle, then lift it until it is raised.
2026-09-27 12:29:06,335 | INFO | [t=2420] VLA chunk prompt=Reach for and grasp the tomato sauce bottle, then lift it until it is raised.
2026-09-27 12:29:06,661 | INFO | [t=2430] VLA chunk prompt=Reach for and grasp the tomato sauce bottle, then lift it until it is raised.
2026-09-27 12:29:06,985 | INFO | [t=2440] VLA chunk prompt=Reach for and grasp the tomato sauce bottle, then lift it until it is raised.
2026-09-27 12:29:07,315 | INFO | [t=2450] VLA chunk prompt=Reach for and grasp the tomato sauce bottle, then lift it until it is raised.
2026-09-27 12:29:07,652 | INFO | [t=2460] VLA chunk prompt=Reach for and grasp the tomato sauce bottle, then lift it until it is raised.
2026-09-27 12:29:07,981 | INFO | [t=2470] VLA chunk prompt=Reach for and grasp the tomato sauce bottle, then lift it until it is raised.
2026-09-27 12:29:08,309 | INFO | [t=2480] VLA chunk prompt=Reach for and grasp the tomato sauce bottle, then lift it until it is raised.
2026-09-27 12:29:08,635 | INFO | [t=2490] VLA chunk prompt=Reach for and grasp the tomato sauce bottle, then lift it until it is raised.
2026-09-27 12:29:08,960 | INFO | [t=2500] VLA chunk prompt=Reach for and grasp the tomato sauce bottle, then lift it until it is raised.
2026-09-27 12:29:10,942 | INFO | API VLM @t=2380 task=8 subtask=Reach for and grasp the tomato sauce bottle, then lift it. keyframes=[]
2026-09-27 12:29:10,957 | INFO | attempt=0 stage_score=0.0 stage_success=False failure_reason=incomplete_stage
2026-09-27 12:29:10,957 | INFO | Episode 6 seed=106 stage_score=0.0 stage_success=0 goal=0.000 failure_reason=incomplete_stage | 01_Lift_Tomato_Sauce=N | 02_Pour_One=N | 03_Pour_Two=N
