2026-09-26 19:58:56,350 | INFO | task_id=22 bddl=/project/peilab/why/RoboMemArena/bddl/22_pour_tomato_cookies_microwave.bddl vlm_ckpt=/project/peilab/why/RoboMemArena/checkpoints/PrediMem/vlm_tasks1to26_ckpt74500
2026-09-26 19:58:57,925 | INFO | async VLM enabled: single-slot subtask buffer
2026-09-26 19:58:58,067 | INFO | API VLM @t=445 task=22 subtask=Grasp the tomato sauce bottle keyframes=[]
2026-09-26 19:58:58,148 | INFO | [t=10] VLA chunk prompt=Pour tomato sauce over cookies twice, then put the cookies into the microwave.
2026-09-26 19:58:58,380 | INFO | [t=20] VLA chunk prompt=Pour tomato sauce over cookies twice, then put the cookies into the microwave.
2026-09-26 19:58:58,610 | INFO | [t=30] VLA chunk prompt=Pour tomato sauce over cookies twice, then put the cookies into the microwave.
2026-09-26 19:58:58,842 | INFO | [t=40] VLA chunk prompt=Pour tomato sauce over cookies twice, then put the cookies into the microwave.
2026-09-26 19:58:59,072 | INFO | [t=50] VLA chunk prompt=Pour tomato sauce over cookies twice, then put the cookies into the microwave.
2026-09-26 19:58:59,303 | INFO | [t=60] VLA chunk prompt=Pour tomato sauce over cookies twice, then put the cookies into the microwave.
2026-09-26 19:58:59,532 | INFO | [t=70] VLA chunk prompt=Pour tomato sauce over cookies twice, then put the cookies into the microwave.
2026-09-26 19:58:59,761 | INFO | [t=80] VLA chunk prompt=Pour tomato sauce over cookies twice, then put the cookies into the microwave.
2026-09-26 19:58:59,989 | INFO | [t=90] VLA chunk prompt=Pour tomato sauce over cookies twice, then put the cookies into the microwave.
2026-09-26 19:59:00,220 | INFO | [t=100] VLA chunk prompt=Pour tomato sauce over cookies twice, then put the cookies into the microwave.
2026-09-26 19:59:00,450 | INFO | [t=110] VLA chunk prompt=Pour tomato sauce over cookies twice, then put the cookies into the microwave.
2026-09-26 19:59:00,681 | INFO | [t=120] VLA chunk prompt=Pour tomato sauce over cookies twice, then put the cookies into the microwave.
2026-09-26 19:59:00,913 | INFO | [t=130] VLA chunk prompt=Pour tomato sauce over cookies twice, then put the cookies into the microwave.
2026-09-26 19:59:01,145 | INFO | [t=140] VLA chunk prompt=Pour tomato sauce over cookies twice, then put the cookies into the microwave.
2026-09-26 19:59:01,378 | INFO | [t=150] VLA chunk prompt=Pour tomato sauce over cookies twice, then put the cookies into the microwave.
2026-09-26 19:59:01,609 | INFO | [t=160] VLA chunk prompt=Pour tomato sauce over cookies twice, then put the cookies into the microwave.
2026-09-26 19:59:01,864 | INFO | [t=170] VLA chunk prompt=Pour tomato sauce over cookies twice, then put the cookies into the microwave.
2026-09-26 19:59:02,126 | INFO | [t=180] VLA chunk prompt=Pour tomato sauce over cookies twice, then put the cookies into the microwave.
2026-09-26 19:59:02,395 | INFO | [t=190] VLA chunk prompt=Pour tomato sauce over cookies twice, then put the cookies into the microwave.
2026-09-26 19:59:02,665 | INFO | [t=200] VLA chunk prompt=Pour tomato sauce over cookies twice, then put the cookies into the microwave.
2026-09-26 19:59:02,935 | INFO | [t=210] VLA chunk prompt=Pour tomato sauce over cookies twice, then put the cookies into the microwave.
2026-09-26 19:59:03,207 | INFO | [t=220] VLA chunk prompt=Pour tomato sauce over cookies twice, then put the cookies into the microwave.
2026-09-26 19:59:03,482 | INFO | [t=230] VLA chunk prompt=Pour tomato sauce over cookies twice, then put the cookies into the microwave.
2026-09-26 19:59:03,764 | INFO | [t=240] VLA chunk prompt=Pour tomato sauce over cookies twice, then put the cookies into the microwave.
2026-09-26 19:59:04,053 | INFO | [t=250] VLA chunk prompt=Pour tomato sauce over cookies twice, then put the cookies into the microwave.
2026-09-26 19:59:04,345 | INFO | [t=260] VLA chunk prompt=Pour tomato sauce over cookies twice, then put the cookies into the microwave.
2026-09-26 19:59:04,642 | INFO | [t=270] VLA chunk prompt=Pour tomato sauce over cookies twice, then put the cookies into the microwave.
2026-09-26 19:59:04,930 | INFO | API VLM @t=0 task=22 subtask=Reach for and grasp the tomato sauce bottle keyframes=[]
2026-09-26 19:59:04,940 | INFO | [t=280] VLA chunk prompt=Pour tomato sauce over cookies twice, then put the cookies into the microwave.
2026-09-26 19:59:05,189 | INFO | [t=290] VLM prompt update from step=0: Reach for and grasp the tomato sauce bottle
2026-09-26 19:59:05,239 | INFO | [t=290] VLA chunk prompt=Reach for and grasp the tomato sauce bottle
2026-09-26 19:59:05,538 | INFO | [t=300] VLA chunk prompt=Reach for and grasp the tomato sauce bottle
2026-09-26 19:59:05,839 | INFO | [t=310] VLA chunk prompt=Reach for and grasp the tomato sauce bottle
2026-09-26 19:59:06,153 | INFO | [t=320] VLA chunk prompt=Reach for and grasp the tomato sauce bottle
2026-09-26 19:59:06,467 | INFO | [t=330] VLA chunk prompt=Reach for and grasp the tomato sauce bottle
2026-09-26 19:59:06,780 | INFO | [t=340] VLA chunk prompt=Reach for and grasp the tomato sauce bottle
2026-09-26 19:59:07,093 | INFO | [t=350] VLA chunk prompt=Reach for and grasp the tomato sauce bottle
2026-09-26 19:59:07,406 | INFO | [t=360] VLA chunk prompt=Reach for and grasp the tomato sauce bottle
2026-09-26 19:59:07,719 | INFO | [t=370] VLA chunk prompt=Reach for and grasp the tomato sauce bottle
2026-09-26 19:59:08,031 | INFO | [t=380] VLA chunk prompt=Reach for and grasp the tomato sauce bottle
2026-09-26 19:59:08,344 | INFO | [t=390] VLA chunk prompt=Reach for and grasp the tomato sauce bottle
2026-09-26 19:59:08,659 | INFO | [t=400] VLA chunk prompt=Reach for and grasp the tomato sauce bottle
2026-09-26 19:59:08,972 | INFO | [t=410] VLA chunk prompt=Reach for and grasp the tomato sauce bottle
2026-09-26 19:59:09,286 | INFO | [t=420] VLA chunk prompt=Reach for and grasp the tomato sauce bottle
2026-09-26 19:59:09,598 | INFO | [t=430] VLA chunk prompt=Reach for and grasp the tomato sauce bottle
2026-09-26 19:59:09,911 | INFO | [t=440] VLA chunk prompt=Reach for and grasp the tomato sauce bottle
2026-09-26 19:59:10,220 | INFO | [t=450] VLA chunk prompt=Reach for and grasp the tomato sauce bottle
2026-09-26 19:59:10,530 | INFO | [t=460] VLA chunk prompt=Reach for and grasp the tomato sauce bottle
2026-09-26 19:59:10,839 | INFO | [t=470] VLA chunk prompt=Reach for and grasp the tomato sauce bottle
2026-09-26 19:59:11,149 | INFO | [t=480] VLA chunk prompt=Reach for and grasp the tomato sauce bottle
2026-09-26 19:59:11,458 | INFO | [t=490] VLA chunk prompt=Reach for and grasp the tomato sauce bottle
2026-09-26 19:59:11,768 | INFO | [t=500] VLA chunk prompt=Reach for and grasp the tomato sauce bottle
2026-09-26 19:59:12,077 | INFO | [t=510] VLA chunk prompt=Reach for and grasp the tomato sauce bottle
2026-09-26 19:59:12,386 | INFO | [t=520] VLA chunk prompt=Reach for and grasp the tomato sauce bottle
2026-09-26 19:59:12,702 | INFO | [t=530] VLA chunk prompt=Reach for and grasp the tomato sauce bottle
2026-09-26 19:59:13,020 | INFO | [t=540] VLA chunk prompt=Reach for and grasp the tomato sauce bottle
2026-09-26 19:59:13,330 | INFO | [t=550] VLA chunk prompt=Reach for and grasp the tomato sauce bottle
2026-09-26 19:59:13,640 | INFO | [t=560] VLA chunk prompt=Reach for and grasp the tomato sauce bottle
2026-09-26 19:59:13,950 | INFO | [t=570] VLA chunk prompt=Reach for and grasp the tomato sauce bottle
2026-09-26 19:59:14,259 | INFO | [t=580] VLA chunk prompt=Reach for and grasp the tomato sauce bottle
2026-09-26 19:59:14,566 | INFO | [t=590] VLA chunk prompt=Reach for and grasp the tomato sauce bottle
2026-09-26 19:59:14,874 | INFO | [t=600] VLA chunk prompt=Reach for and grasp the tomato sauce bottle
2026-09-26 19:59:15,183 | INFO | [t=610] VLA chunk prompt=Reach for and grasp the tomato sauce bottle
2026-09-26 19:59:15,491 | INFO | [t=620] VLA chunk prompt=Reach for and grasp the tomato sauce bottle
2026-09-26 19:59:15,800 | INFO | [t=630] VLA chunk prompt=Reach for and grasp the tomato sauce bottle
2026-09-26 19:59:16,108 | INFO | [t=640] VLA chunk prompt=Reach for and grasp the tomato sauce bottle
2026-09-26 19:59:16,417 | INFO | [t=650] VLA chunk prompt=Reach for and grasp the tomato sauce bottle
2026-09-26 19:59:16,531 | INFO | API VLM @t=270 task=22 subtask=Pour tomato sauce over the cookies. keyframes=[]
2026-09-26 19:59:16,677 | INFO | [t=660] VLM prompt update from step=270: Pour tomato sauce over the cookies.
2026-09-26 19:59:16,727 | INFO | [t=660] VLA chunk prompt=Pour tomato sauce over the cookies.
2026-09-26 19:59:17,034 | INFO | [t=670] VLA chunk prompt=Pour tomato sauce over the cookies.
2026-09-26 19:59:17,347 | INFO | [t=680] VLA chunk prompt=Pour tomato sauce over the cookies.
2026-09-26 19:59:17,657 | INFO | [t=690] VLA chunk prompt=Pour tomato sauce over the cookies.
2026-09-26 19:59:17,969 | INFO | [t=700] VLA chunk prompt=Pour tomato sauce over the cookies.
2026-09-26 19:59:18,281 | INFO | [t=710] VLA chunk prompt=Pour tomato sauce over the cookies.
2026-09-26 19:59:18,590 | INFO | [t=720] VLA chunk prompt=Pour tomato sauce over the cookies.
2026-09-26 19:59:18,898 | INFO | [t=730] VLA chunk prompt=Pour tomato sauce over the cookies.
2026-09-26 19:59:19,207 | INFO | [t=740] VLA chunk prompt=Pour tomato sauce over the cookies.
2026-09-26 19:59:19,519 | INFO | [t=750] VLA chunk prompt=Pour tomato sauce over the cookies.
2026-09-26 19:59:19,828 | INFO | [t=760] VLA chunk prompt=Pour tomato sauce over the cookies.
2026-09-26 19:59:20,139 | INFO | [t=770] VLA chunk prompt=Pour tomato sauce over the cookies.
2026-09-26 19:59:20,449 | INFO | [t=780] VLA chunk prompt=Pour tomato sauce over the cookies.
2026-09-26 19:59:20,760 | INFO | [t=790] VLA chunk prompt=Pour tomato sauce over the cookies.
2026-09-26 19:59:21,074 | INFO | [t=800] VLA chunk prompt=Pour tomato sauce over the cookies.
2026-09-26 19:59:21,386 | INFO | [t=810] VLA chunk prompt=Pour tomato sauce over the cookies.
2026-09-26 19:59:21,699 | INFO | [t=820] VLA chunk prompt=Pour tomato sauce over the cookies.
2026-09-26 19:59:22,011 | INFO | [t=830] VLA chunk prompt=Pour tomato sauce over the cookies.
2026-09-26 19:59:22,320 | INFO | [t=840] VLA chunk prompt=Pour tomato sauce over the cookies.
2026-09-26 19:59:22,625 | INFO | [t=850] VLA chunk prompt=Pour tomato sauce over the cookies.
2026-09-26 19:59:22,933 | INFO | [t=860] VLA chunk prompt=Pour tomato sauce over the cookies.
2026-09-26 19:59:23,243 | INFO | [t=870] VLA chunk prompt=Pour tomato sauce over the cookies.
2026-09-26 19:59:23,551 | INFO | [t=880] VLA chunk prompt=Pour tomato sauce over the cookies.
2026-09-26 19:59:23,856 | INFO | [t=890] VLA chunk prompt=Pour tomato sauce over the cookies.
2026-09-26 19:59:24,158 | INFO | [t=900] VLA chunk prompt=Pour tomato sauce over the cookies.
2026-09-26 19:59:24,468 | INFO | [t=910] VLA chunk prompt=Pour tomato sauce over the cookies.
2026-09-26 19:59:24,789 | INFO | [t=920] VLA chunk prompt=Pour tomato sauce over the cookies.
2026-09-26 19:59:25,004 | INFO | API VLM @t=640 task=22 subtask=Pick up the cookies to place them in the open microwave keyframes=[]
2026-09-26 19:59:25,056 | INFO | [t=930] VLM prompt update from step=640: Pick up the cookies to place them in the open microwave
2026-09-26 19:59:25,106 | INFO | [t=930] VLA chunk prompt=Pick up the cookies to place them in the open microwave
2026-09-26 19:59:25,417 | INFO | [t=940] VLA chunk prompt=Pick up the cookies to place them in the open microwave
2026-09-26 19:59:25,729 | INFO | [t=950] VLA chunk prompt=Pick up the cookies to place them in the open microwave
2026-09-26 19:59:26,040 | INFO | [t=960] VLA chunk prompt=Pick up the cookies to place them in the open microwave
2026-09-26 19:59:26,352 | INFO | [t=970] VLA chunk prompt=Pick up the cookies to place them in the open microwave
2026-09-26 19:59:26,662 | INFO | [t=980] VLA chunk prompt=Pick up the cookies to place them in the open microwave
2026-09-26 19:59:26,976 | INFO | [t=990] VLA chunk prompt=Pick up the cookies to place them in the open microwave
2026-09-26 19:59:27,292 | INFO | [t=1000] VLA chunk prompt=Pick up the cookies to place them in the open microwave
2026-09-26 19:59:27,612 | INFO | [t=1010] VLA chunk prompt=Pick up the cookies to place them in the open microwave
2026-09-26 19:59:27,924 | INFO | [t=1020] VLA chunk prompt=Pick up the cookies to place them in the open microwave
2026-09-26 19:59:28,235 | INFO | [t=1030] VLA chunk prompt=Pick up the cookies to place them in the open microwave
2026-09-26 19:59:28,545 | INFO | [t=1040] VLA chunk prompt=Pick up the cookies to place them in the open microwave
2026-09-26 19:59:28,856 | INFO | [t=1050] VLA chunk prompt=Pick up the cookies to place them in the open microwave
2026-09-26 19:59:29,168 | INFO | [t=1060] VLA chunk prompt=Pick up the cookies to place them in the open microwave
2026-09-26 19:59:29,478 | INFO | [t=1070] VLA chunk prompt=Pick up the cookies to place them in the open microwave
2026-09-26 19:59:29,790 | INFO | [t=1080] VLA chunk prompt=Pick up the cookies to place them in the open microwave
2026-09-26 19:59:30,102 | INFO | [t=1090] VLA chunk prompt=Pick up the cookies to place them in the open microwave
2026-09-26 19:59:30,412 | INFO | [t=1100] VLA chunk prompt=Pick up the cookies to place them in the open microwave
2026-09-26 19:59:30,723 | INFO | [t=1110] VLA chunk prompt=Pick up the cookies to place them in the open microwave
2026-09-26 19:59:31,034 | INFO | [t=1120] VLA chunk prompt=Pick up the cookies to place them in the open microwave
2026-09-26 19:59:31,348 | INFO | [t=1130] VLA chunk prompt=Pick up the cookies to place them in the open microwave
2026-09-26 19:59:31,664 | INFO | [t=1140] VLA chunk prompt=Pick up the cookies to place them in the open microwave
2026-09-26 19:59:31,980 | INFO | [t=1150] VLA chunk prompt=Pick up the cookies to place them in the open microwave
2026-09-26 19:59:32,294 | INFO | [t=1160] VLA chunk prompt=Pick up the cookies to place them in the open microwave
2026-09-26 19:59:32,602 | INFO | [t=1170] VLA chunk prompt=Pick up the cookies to place them in the open microwave
2026-09-26 19:59:32,909 | INFO | [t=1180] VLA chunk prompt=Pick up the cookies to place them in the open microwave
2026-09-26 19:59:33,214 | INFO | [t=1190] VLA chunk prompt=Pick up the cookies to place them in the open microwave
2026-09-26 19:59:33,519 | INFO | [t=1200] VLA chunk prompt=Pick up the cookies to place them in the open microwave
2026-09-26 19:59:33,824 | INFO | [t=1210] VLA chunk prompt=Pick up the cookies to place them in the open microwave
2026-09-26 19:59:34,131 | INFO | [t=1220] VLA chunk prompt=Pick up the cookies to place them in the open microwave
2026-09-26 19:59:34,440 | INFO | [t=1230] VLA chunk prompt=Pick up the cookies to place them in the open microwave
2026-09-26 19:59:34,750 | INFO | [t=1240] VLA chunk prompt=Pick up the cookies to place them in the open microwave
2026-09-26 19:59:35,061 | INFO | [t=1250] VLA chunk prompt=Pick up the cookies to place them in the open microwave
2026-09-26 19:59:35,374 | INFO | [t=1260] VLA chunk prompt=Pick up the cookies to place them in the open microwave
2026-09-26 19:59:35,688 | INFO | [t=1270] VLA chunk prompt=Pick up the cookies to place them in the open microwave
2026-09-26 19:59:36,005 | INFO | [t=1280] VLA chunk prompt=Pick up the cookies to place them in the open microwave
2026-09-26 19:59:36,319 | INFO | [t=1290] VLA chunk prompt=Pick up the cookies to place them in the open microwave
2026-09-26 19:59:36,626 | INFO | [t=1300] VLA chunk prompt=Pick up the cookies to place them in the open microwave
2026-09-26 19:59:36,934 | INFO | [t=1310] VLA chunk prompt=Pick up the cookies to place them in the open microwave
2026-09-26 19:59:37,134 | INFO | API VLM @t=915 task=22 subtask=Pick up the cookies to place them in the microwave keyframes=[]
2026-09-26 19:59:37,197 | INFO | [t=1320] VLM prompt update from step=915: Pick up the cookies to place them in the microwave
2026-09-26 19:59:37,248 | INFO | [t=1320] VLA chunk prompt=Pick up the cookies to place them in the microwave
2026-09-26 19:59:37,558 | INFO | [t=1330] VLA chunk prompt=Pick up the cookies to place them in the microwave
2026-09-26 19:59:37,879 | INFO | [t=1340] VLA chunk prompt=Pick up the cookies to place them in the microwave
2026-09-26 19:59:38,197 | INFO | [t=1350] VLA chunk prompt=Pick up the cookies to place them in the microwave
2026-09-26 19:59:38,519 | INFO | [t=1360] VLA chunk prompt=Pick up the cookies to place them in the microwave
2026-09-26 19:59:38,826 | INFO | [t=1370] VLA chunk prompt=Pick up the cookies to place them in the microwave
2026-09-26 19:59:39,133 | INFO | [t=1380] VLA chunk prompt=Pick up the cookies to place them in the microwave
2026-09-26 19:59:39,439 | INFO | [t=1390] VLA chunk prompt=Pick up the cookies to place them in the microwave
2026-09-26 19:59:39,745 | INFO | [t=1400] VLA chunk prompt=Pick up the cookies to place them in the microwave
2026-09-26 19:59:40,054 | INFO | [t=1410] VLA chunk prompt=Pick up the cookies to place them in the microwave
2026-09-26 19:59:40,367 | INFO | [t=1420] VLA chunk prompt=Pick up the cookies to place them in the microwave
2026-09-26 19:59:40,679 | INFO | [t=1430] VLA chunk prompt=Pick up the cookies to place them in the microwave
2026-09-26 19:59:40,988 | INFO | [t=1440] VLA chunk prompt=Pick up the cookies to place them in the microwave
2026-09-26 19:59:41,299 | INFO | [t=1450] VLA chunk prompt=Pick up the cookies to place them in the microwave
2026-09-26 19:59:41,609 | INFO | [t=1460] VLA chunk prompt=Pick up the cookies to place them in the microwave
2026-09-26 19:59:41,919 | INFO | [t=1470] VLA chunk prompt=Pick up the cookies to place them in the microwave
2026-09-26 19:59:42,231 | INFO | [t=1480] VLA chunk prompt=Pick up the cookies to place them in the microwave
2026-09-26 19:59:42,544 | INFO | [t=1490] VLA chunk prompt=Pick up the cookies to place them in the microwave
2026-09-26 19:59:42,856 | INFO | [t=1500] VLA chunk prompt=Pick up the cookies to place them in the microwave
2026-09-26 19:59:43,176 | INFO | [t=1510] VLA chunk prompt=Pick up the cookies to place them in the microwave
2026-09-26 19:59:43,508 | INFO | [t=1520] VLA chunk prompt=Pick up the cookies to place them in the microwave
2026-09-26 19:59:43,534 | INFO | API VLM @t=1305 task=22 subtask=open the microwave keyframes=[]
2026-09-26 19:59:43,773 | INFO | [t=1530] VLM prompt update from step=1305: open the microwave
2026-09-26 19:59:43,823 | INFO | [t=1530] VLA chunk prompt=open the microwave
2026-09-26 19:59:44,133 | INFO | [t=1540] VLA chunk prompt=open the microwave
2026-09-26 19:59:44,438 | INFO | [t=1550] VLA chunk prompt=open the microwave
2026-09-26 19:59:44,741 | INFO | [t=1560] VLA chunk prompt=open the microwave
2026-09-26 19:59:45,045 | INFO | [t=1570] VLA chunk prompt=open the microwave
2026-09-26 19:59:45,349 | INFO | [t=1580] VLA chunk prompt=open the microwave
2026-09-26 19:59:45,653 | INFO | [t=1590] VLA chunk prompt=open the microwave
2026-09-26 19:59:45,960 | INFO | [t=1600] VLA chunk prompt=open the microwave
2026-09-26 19:59:46,270 | INFO | [t=1610] VLA chunk prompt=open the microwave
2026-09-26 19:59:46,581 | INFO | [t=1620] VLA chunk prompt=open the microwave
2026-09-26 19:59:46,888 | INFO | [t=1630] VLA chunk prompt=open the microwave
2026-09-26 19:59:47,195 | INFO | [t=1640] VLA chunk prompt=open the microwave
2026-09-26 19:59:47,503 | INFO | [t=1650] VLA chunk prompt=open the microwave
2026-09-26 19:59:47,811 | INFO | [t=1660] VLA chunk prompt=open the microwave
2026-09-26 19:59:48,121 | INFO | [t=1670] VLA chunk prompt=open the microwave
2026-09-26 19:59:48,432 | INFO | [t=1680] VLA chunk prompt=open the microwave
2026-09-26 19:59:48,526 | INFO | API VLM @t=1510 task=22 subtask=open microwave keyframes=[]
2026-09-26 19:59:48,695 | INFO | [t=1690] VLM prompt update from step=1510: open microwave
2026-09-26 19:59:48,745 | INFO | [t=1690] VLA chunk prompt=open microwave
2026-09-26 19:59:49,056 | INFO | [t=1700] VLA chunk prompt=open microwave
2026-09-26 19:59:49,366 | INFO | [t=1710] VLA chunk prompt=open microwave
2026-09-26 19:59:49,687 | INFO | [t=1720] VLA chunk prompt=open microwave
2026-09-26 19:59:50,004 | INFO | [t=1730] VLA chunk prompt=open microwave
2026-09-26 19:59:50,321 | INFO | [t=1740] VLA chunk prompt=open microwave
2026-09-26 19:59:50,638 | INFO | [t=1750] VLA chunk prompt=open microwave
2026-09-26 19:59:50,956 | INFO | [t=1760] VLA chunk prompt=open microwave
2026-09-26 19:59:51,274 | INFO | [t=1770] VLA chunk prompt=open microwave
2026-09-26 19:59:51,593 | INFO | [t=1780] VLA chunk prompt=open microwave
2026-09-26 19:59:51,914 | INFO | [t=1790] VLA chunk prompt=open microwave
2026-09-26 19:59:52,230 | INFO | [t=1800] VLA chunk prompt=open microwave
2026-09-26 19:59:52,545 | INFO | [t=1810] VLA chunk prompt=open microwave
2026-09-26 19:59:52,860 | INFO | [t=1820] VLA chunk prompt=open microwave
2026-09-26 19:59:53,175 | INFO | [t=1830] VLA chunk prompt=open microwave
2026-09-26 19:59:53,491 | INFO | [t=1840] VLA chunk prompt=open microwave
2026-09-26 19:59:53,655 | INFO | API VLM @t=1670 task=22 subtask=Open the microwave door keyframes=[]
2026-09-26 19:59:53,761 | INFO | [t=1850] VLM prompt update from step=1670: Open the microwave door
2026-09-26 19:59:53,811 | INFO | [t=1850] VLA chunk prompt=Open the microwave door
2026-09-26 19:59:54,127 | INFO | [t=1860] VLA chunk prompt=Open the microwave door
2026-09-26 19:59:54,442 | INFO | [t=1870] VLA chunk prompt=Open the microwave door
2026-09-26 19:59:54,758 | INFO | [t=1880] VLA chunk prompt=Open the microwave door
2026-09-26 19:59:55,072 | INFO | [t=1890] VLA chunk prompt=Open the microwave door
2026-09-26 19:59:55,385 | INFO | [t=1900] VLA chunk prompt=Open the microwave door
2026-09-26 19:59:55,698 | INFO | [t=1910] VLA chunk prompt=Open the microwave door
2026-09-26 19:59:56,012 | INFO | [t=1920] VLA chunk prompt=Open the microwave door
2026-09-26 19:59:56,328 | INFO | [t=1930] VLA chunk prompt=Open the microwave door
2026-09-26 19:59:56,644 | INFO | [t=1940] VLA chunk prompt=Open the microwave door
2026-09-26 19:59:56,962 | INFO | [t=1950] VLA chunk prompt=Open the microwave door
2026-09-26 19:59:57,284 | INFO | [t=1960] VLA chunk prompt=Open the microwave door
2026-09-26 19:59:57,607 | INFO | [t=1970] VLA chunk prompt=Open the microwave door
2026-09-26 19:59:57,929 | INFO | [t=1980] VLA chunk prompt=Open the microwave door
2026-09-26 19:59:58,250 | INFO | [t=1990] VLA chunk prompt=Open the microwave door
2026-09-26 19:59:58,565 | INFO | [t=2000] VLA chunk prompt=Open the microwave door
2026-09-26 19:59:58,882 | INFO | [t=2010] VLA chunk prompt=Open the microwave door
2026-09-26 19:59:59,199 | INFO | [t=2020] VLA chunk prompt=Open the microwave door
2026-09-26 19:59:59,518 | INFO | [t=2030] VLA chunk prompt=Open the microwave door
2026-09-26 19:59:59,837 | INFO | [t=2040] VLA chunk prompt=Open the microwave door
2026-09-26 20:00:00,173 | INFO | [t=2050] VLA chunk prompt=Open the microwave door
2026-09-26 20:00:00,527 | INFO | [t=2060] VLA chunk prompt=Open the microwave door
2026-09-26 20:00:00,846 | INFO | [t=2070] VLA chunk prompt=Open the microwave door
2026-09-26 20:00:00,909 | INFO | API VLM @t=1835 task=22 subtask=open the microwave keyframes=[]
2026-09-26 20:00:01,126 | INFO | [t=2080] VLM prompt update from step=1835: open the microwave
2026-09-26 20:00:01,177 | INFO | [t=2080] VLA chunk prompt=open the microwave
2026-09-26 20:00:01,501 | INFO | [t=2090] VLA chunk prompt=open the microwave
2026-09-26 20:00:01,833 | INFO | [t=2100] VLA chunk prompt=open the microwave
2026-09-26 20:00:02,171 | INFO | [t=2110] VLA chunk prompt=open the microwave
2026-09-26 20:00:02,499 | INFO | [t=2120] VLA chunk prompt=open the microwave
2026-09-26 20:00:02,825 | INFO | [t=2130] VLA chunk prompt=open the microwave
2026-09-26 20:00:03,163 | INFO | [t=2140] VLA chunk prompt=open the microwave
2026-09-26 20:00:03,488 | INFO | [t=2150] VLA chunk prompt=open the microwave
2026-09-26 20:00:03,810 | INFO | [t=2160] VLA chunk prompt=open the microwave
2026-09-26 20:00:04,136 | INFO | [t=2170] VLA chunk prompt=open the microwave
2026-09-26 20:00:04,466 | INFO | [t=2180] VLA chunk prompt=open the microwave
2026-09-26 20:00:04,797 | INFO | [t=2190] VLA chunk prompt=open the microwave
2026-09-26 20:00:05,126 | INFO | [t=2200] VLA chunk prompt=open the microwave
2026-09-26 20:00:05,452 | INFO | [t=2210] VLA chunk prompt=open the microwave
2026-09-26 20:00:05,775 | INFO | [t=2220] VLA chunk prompt=open the microwave
2026-09-26 20:00:06,100 | INFO | [t=2230] VLA chunk prompt=open the microwave
2026-09-26 20:00:06,430 | INFO | [t=2240] VLA chunk prompt=open the microwave
2026-09-26 20:00:06,551 | INFO | API VLM @t=2060 task=22 subtask=open the microwave keyframes=[]
2026-09-26 20:00:06,752 | INFO | [t=2250] VLA chunk prompt=open the microwave
2026-09-26 20:00:07,076 | INFO | [t=2260] VLA chunk prompt=open the microwave
2026-09-26 20:00:07,400 | INFO | [t=2270] VLA chunk prompt=open the microwave
2026-09-26 20:00:07,726 | INFO | [t=2280] VLA chunk prompt=open the microwave
2026-09-26 20:00:08,048 | INFO | [t=2290] VLA chunk prompt=open the microwave
2026-09-26 20:00:08,371 | INFO | [t=2300] VLA chunk prompt=open the microwave
2026-09-26 20:00:08,696 | INFO | [t=2310] VLA chunk prompt=open the microwave
2026-09-26 20:00:09,017 | INFO | [t=2320] VLA chunk prompt=open the microwave
2026-09-26 20:00:09,337 | INFO | [t=2330] VLA chunk prompt=open the microwave
2026-09-26 20:00:09,664 | INFO | [t=2340] VLA chunk prompt=open the microwave
2026-09-26 20:00:09,989 | INFO | [t=2350] VLA chunk prompt=open the microwave
2026-09-26 20:00:10,313 | INFO | [t=2360] VLA chunk prompt=open the microwave
2026-09-26 20:00:10,636 | INFO | [t=2370] VLA chunk prompt=open the microwave
2026-09-26 20:00:10,963 | INFO | [t=2380] VLA chunk prompt=open the microwave
2026-09-26 20:00:11,284 | INFO | [t=2390] VLA chunk prompt=open the microwave
2026-09-26 20:00:11,611 | INFO | [t=2400] VLA chunk prompt=open the microwave
2026-09-26 20:00:11,934 | INFO | [t=2410] VLA chunk prompt=open the microwave
2026-09-26 20:00:12,265 | INFO | [t=2420] VLA chunk prompt=open the microwave
2026-09-26 20:00:12,591 | INFO | [t=2430] VLA chunk prompt=open the microwave
2026-09-26 20:00:12,915 | INFO | [t=2440] VLA chunk prompt=open the microwave
2026-09-26 20:00:13,188 | INFO | API VLM @t=2230 task=22 subtask=open the microwave keyframes=[]
2026-09-26 20:00:13,237 | INFO | [t=2450] VLA chunk prompt=open the microwave
2026-09-26 20:00:13,567 | INFO | [t=2460] VLA chunk prompt=open the microwave
2026-09-26 20:00:13,925 | INFO | [t=2470] VLA chunk prompt=open the microwave
2026-09-26 20:00:14,260 | INFO | [t=2480] VLA chunk prompt=open the microwave
2026-09-26 20:00:14,582 | INFO | [t=2490] VLA chunk prompt=open the microwave
2026-09-26 20:00:14,908 | INFO | [t=2500] VLA chunk prompt=open the microwave
2026-09-26 20:00:18,192 | INFO | attempt=0 stage_score=0.0 stage_success=False failure_reason=incomplete_stage
2026-09-26 20:00:18,192 | INFO | Episode 1 seed=101 stage_score=0.0 stage_success=0 goal=0.000 failure_reason=incomplete_stage | 01_Lift_Tomato_Sauce=N | 02_Pour_One=N | 03_Pour_Two=N
2026-09-26 20:00:18,717 | INFO | API VLM @t=2440 task=22 subtask=open the microwave keyframes=[]
