2026-09-27 12:54:02,039 | INFO | task_id=19 bddl=/project/peilab/why/RoboMemArena/bddl/19_tomato_milk_orange_cabinet.bddl vlm_ckpt=/project/peilab/why/RoboMemArena/checkpoints/PrediMem/vlm_tasks1to26_ckpt74500
2026-09-27 12:54:02,044 | INFO | [redact] enabled task=19 registered_phrases=0 terms=[]
2026-09-27 12:54:02,667 | INFO | API VLM @t=2490 task=19 subtask=Place the milk into the open container. keyframes=[]
2026-09-27 12:54:04,457 | INFO | async VLM enabled: single-slot subtask buffer
2026-09-27 12:54:04,695 | INFO | [redact] enabled task=19 registered_phrases=0 terms=[]
2026-09-27 12:54:04,748 | INFO | [t=10] VLA chunk prompt=Pick and place tomato sauce, milk, and orange juice from cabinet1 to cabinet2.
2026-09-27 12:54:05,051 | INFO | [t=20] VLA chunk prompt=Pick and place tomato sauce, milk, and orange juice from cabinet1 to cabinet2.
2026-09-27 12:54:05,356 | INFO | [t=30] VLA chunk prompt=Pick and place tomato sauce, milk, and orange juice from cabinet1 to cabinet2.
2026-09-27 12:54:05,664 | INFO | [t=40] VLA chunk prompt=Pick and place tomato sauce, milk, and orange juice from cabinet1 to cabinet2.
2026-09-27 12:54:05,986 | INFO | [t=50] VLA chunk prompt=Pick and place tomato sauce, milk, and orange juice from cabinet1 to cabinet2.
2026-09-27 12:54:06,306 | INFO | [t=60] VLA chunk prompt=Pick and place tomato sauce, milk, and orange juice from cabinet1 to cabinet2.
2026-09-27 12:54:06,634 | INFO | [t=70] VLA chunk prompt=Pick and place tomato sauce, milk, and orange juice from cabinet1 to cabinet2.
2026-09-27 12:54:06,969 | INFO | [t=80] VLA chunk prompt=Pick and place tomato sauce, milk, and orange juice from cabinet1 to cabinet2.
2026-09-27 12:54:07,292 | INFO | [t=90] VLA chunk prompt=Pick and place tomato sauce, milk, and orange juice from cabinet1 to cabinet2.
2026-09-27 12:54:07,618 | INFO | [t=100] VLA chunk prompt=Pick and place tomato sauce, milk, and orange juice from cabinet1 to cabinet2.
2026-09-27 12:54:07,968 | INFO | [t=110] VLA chunk prompt=Pick and place tomato sauce, milk, and orange juice from cabinet1 to cabinet2.
2026-09-27 12:54:08,345 | INFO | [t=120] VLA chunk prompt=Pick and place tomato sauce, milk, and orange juice from cabinet1 to cabinet2.
2026-09-27 12:54:08,714 | INFO | [t=130] VLA chunk prompt=Pick and place tomato sauce, milk, and orange juice from cabinet1 to cabinet2.
2026-09-27 12:54:09,083 | INFO | [t=140] VLA chunk prompt=Pick and place tomato sauce, milk, and orange juice from cabinet1 to cabinet2.
2026-09-27 12:54:09,455 | INFO | [t=150] VLA chunk prompt=Pick and place tomato sauce, milk, and orange juice from cabinet1 to cabinet2.
2026-09-27 12:54:09,573 | INFO | API VLM @t=0 task=19 subtask=Place the tomato sauce in cabinet2 keyframes=[]
2026-09-27 12:54:09,576 | INFO | [redact] enabled task=19 registered_phrases=0 terms=[]
2026-09-27 12:54:09,794 | INFO | [t=160] VLM prompt update from step=0: Place the tomato sauce in cabinet2
2026-09-27 12:54:09,848 | INFO | [t=160] VLA chunk prompt=Place the tomato sauce in cabinet2
2026-09-27 12:54:10,244 | INFO | [t=170] VLA chunk prompt=Place the tomato sauce in cabinet2
2026-09-27 12:54:10,642 | INFO | [t=180] VLA chunk prompt=Place the tomato sauce in cabinet2
2026-09-27 12:54:11,052 | INFO | [t=190] VLA chunk prompt=Place the tomato sauce in cabinet2
2026-09-27 12:54:11,463 | INFO | [t=200] VLA chunk prompt=Place the tomato sauce in cabinet2
2026-09-27 12:54:11,872 | INFO | [t=210] VLA chunk prompt=Place the tomato sauce in cabinet2
2026-09-27 12:54:12,273 | INFO | [t=220] VLA chunk prompt=Place the tomato sauce in cabinet2
2026-09-27 12:54:12,677 | INFO | [t=230] VLA chunk prompt=Place the tomato sauce in cabinet2
2026-09-27 12:54:13,072 | INFO | [t=240] VLA chunk prompt=Place the tomato sauce in cabinet2
2026-09-27 12:54:13,469 | INFO | [t=250] VLA chunk prompt=Place the tomato sauce in cabinet2
2026-09-27 12:54:13,869 | INFO | [t=260] VLA chunk prompt=Place the tomato sauce in cabinet2
2026-09-27 12:54:14,148 | INFO | API VLM @t=140 task=19 subtask=Place the tomato sauce into the target cabinet. keyframes=[]
2026-09-27 12:54:14,151 | INFO | [redact] enabled task=19 registered_phrases=0 terms=[]
2026-09-27 12:54:14,241 | INFO | [t=270] VLM prompt update from step=140: Place the tomato sauce into the target cabinet.
2026-09-27 12:54:14,296 | INFO | [t=270] VLA chunk prompt=Place the tomato sauce into the target cabinet.
2026-09-27 12:54:14,703 | INFO | [t=280] VLA chunk prompt=Place the tomato sauce into the target cabinet.
2026-09-27 12:54:15,110 | INFO | [t=290] VLA chunk prompt=Place the tomato sauce into the target cabinet.
2026-09-27 12:54:15,514 | INFO | [t=300] VLA chunk prompt=Place the tomato sauce into the target cabinet.
2026-09-27 12:54:15,923 | INFO | [t=310] VLA chunk prompt=Place the tomato sauce into the target cabinet.
2026-09-27 12:54:16,333 | INFO | [t=320] VLA chunk prompt=Place the tomato sauce into the target cabinet.
2026-09-27 12:54:16,742 | INFO | [t=330] VLA chunk prompt=Place the tomato sauce into the target cabinet.
2026-09-27 12:54:17,143 | INFO | [t=340] VLA chunk prompt=Place the tomato sauce into the target cabinet.
2026-09-27 12:54:17,542 | INFO | [t=350] VLA chunk prompt=Place the tomato sauce into the target cabinet.
2026-09-27 12:54:17,935 | INFO | [t=360] VLA chunk prompt=Place the tomato sauce into the target cabinet.
2026-09-27 12:54:18,334 | INFO | [t=370] VLA chunk prompt=Place the tomato sauce into the target cabinet.
2026-09-27 12:54:18,735 | INFO | [t=380] VLA chunk prompt=Place the tomato sauce into the target cabinet.
2026-09-27 12:54:19,135 | INFO | API VLM @t=255 task=19 subtask=Place the tomato sauce in cabinet2. keyframes=[]
2026-09-27 12:54:19,137 | INFO | [redact] enabled task=19 registered_phrases=0 terms=[]
2026-09-27 12:54:19,144 | INFO | [t=390] VLA chunk prompt=Place the tomato sauce into the target cabinet.
2026-09-27 12:54:19,507 | INFO | [t=400] VLM prompt update from step=255: Place the tomato sauce in cabinet2.
2026-09-27 12:54:19,565 | INFO | [t=400] VLA chunk prompt=Place the tomato sauce in cabinet2.
2026-09-27 12:54:19,976 | INFO | [t=410] VLA chunk prompt=Place the tomato sauce in cabinet2.
2026-09-27 12:54:20,386 | INFO | [t=420] VLA chunk prompt=Place the tomato sauce in cabinet2.
2026-09-27 12:54:20,798 | INFO | [t=430] VLA chunk prompt=Place the tomato sauce in cabinet2.
2026-09-27 12:54:21,209 | INFO | [t=440] VLA chunk prompt=Place the tomato sauce in cabinet2.
2026-09-27 12:54:21,624 | INFO | [t=450] VLA chunk prompt=Place the tomato sauce in cabinet2.
2026-09-27 12:54:22,033 | INFO | [t=460] VLA chunk prompt=Place the tomato sauce in cabinet2.
2026-09-27 12:54:22,442 | INFO | [t=470] VLA chunk prompt=Place the tomato sauce in cabinet2.
2026-09-27 12:54:22,856 | INFO | [t=480] VLA chunk prompt=Place the tomato sauce in cabinet2.
2026-09-27 12:54:23,276 | INFO | [t=490] VLA chunk prompt=Place the tomato sauce in cabinet2.
2026-09-27 12:54:23,696 | INFO | [t=500] VLA chunk prompt=Place the tomato sauce in cabinet2.
2026-09-27 12:54:24,123 | INFO | [t=510] VLA chunk prompt=Place the tomato sauce in cabinet2.
2026-09-27 12:54:24,558 | INFO | [t=520] VLA chunk prompt=Place the tomato sauce in cabinet2.
2026-09-27 12:54:24,820 | INFO | API VLM @t=380 task=19 subtask=Place the tomato sauce into the open container. keyframes=[]
2026-09-27 12:54:24,822 | INFO | [redact] enabled task=19 registered_phrases=0 terms=[]
2026-09-27 12:54:24,937 | INFO | [t=530] VLM prompt update from step=380: Place the tomato sauce into the open container.
2026-09-27 12:54:24,991 | INFO | [t=530] VLA chunk prompt=Place the tomato sauce into the open container.
2026-09-27 12:54:25,408 | INFO | [t=540] VLA chunk prompt=Place the tomato sauce into the open container.
2026-09-27 12:54:25,808 | INFO | [t=550] VLA chunk prompt=Place the tomato sauce into the open container.
2026-09-27 12:54:26,211 | INFO | [t=560] VLA chunk prompt=Place the tomato sauce into the open container.
2026-09-27 12:54:26,619 | INFO | [t=570] VLA chunk prompt=Place the tomato sauce into the open container.
2026-09-27 12:54:27,026 | INFO | [t=580] VLA chunk prompt=Place the tomato sauce into the open container.
2026-09-27 12:54:27,431 | INFO | [t=590] VLA chunk prompt=Place the tomato sauce into the open container.
2026-09-27 12:54:27,832 | INFO | [t=600] VLA chunk prompt=Place the tomato sauce into the open container.
2026-09-27 12:54:28,241 | INFO | [t=610] VLA chunk prompt=Place the tomato sauce into the open container.
2026-09-27 12:54:28,649 | INFO | [t=620] VLA chunk prompt=Place the tomato sauce into the open container.
2026-09-27 12:54:29,058 | INFO | [t=630] VLA chunk prompt=Place the tomato sauce into the open container.
2026-09-27 12:54:29,436 | INFO | API VLM @t=515 task=19 subtask=Place the tomato sauce into the open container. keyframes=[]
2026-09-27 12:54:29,439 | INFO | [redact] enabled task=19 registered_phrases=0 terms=[]
2026-09-27 12:54:29,464 | INFO | [t=640] VLA chunk prompt=Place the tomato sauce into the open container.
2026-09-27 12:54:29,861 | INFO | [t=650] VLA chunk prompt=Place the tomato sauce into the open container.
2026-09-27 12:54:30,260 | INFO | [t=660] VLA chunk prompt=Place the tomato sauce into the open container.
2026-09-27 12:54:30,653 | INFO | [t=670] VLA chunk prompt=Place the tomato sauce into the open container.
2026-09-27 12:54:31,043 | INFO | [t=680] VLA chunk prompt=Place the tomato sauce into the open container.
2026-09-27 12:54:31,427 | INFO | [t=690] VLA chunk prompt=Place the tomato sauce into the open container.
2026-09-27 12:54:31,831 | INFO | [t=700] VLA chunk prompt=Place the tomato sauce into the open container.
2026-09-27 12:54:32,234 | INFO | [t=710] VLA chunk prompt=Place the tomato sauce into the open container.
2026-09-27 12:54:32,633 | INFO | [t=720] VLA chunk prompt=Place the tomato sauce into the open container.
2026-09-27 12:54:33,017 | INFO | [t=730] VLA chunk prompt=Place the tomato sauce into the open container.
2026-09-27 12:54:33,357 | INFO | API VLM @t=630 task=19 subtask=Place the tomato sauce into the open container. keyframes=[]
2026-09-27 12:54:33,359 | INFO | [redact] enabled task=19 registered_phrases=0 terms=[]
2026-09-27 12:54:33,397 | INFO | [t=740] VLA chunk prompt=Place the tomato sauce into the open container.
2026-09-27 12:54:33,783 | INFO | [t=750] VLA chunk prompt=Place the tomato sauce into the open container.
2026-09-27 12:54:34,185 | INFO | [t=760] VLA chunk prompt=Place the tomato sauce into the open container.
2026-09-27 12:54:34,585 | INFO | [t=770] VLA chunk prompt=Place the tomato sauce into the open container.
2026-09-27 12:54:34,966 | INFO | [t=780] VLA chunk prompt=Place the tomato sauce into the open container.
2026-09-27 12:54:35,366 | INFO | [t=790] VLA chunk prompt=Place the tomato sauce into the open container.
2026-09-27 12:54:35,774 | INFO | [t=800] VLA chunk prompt=Place the tomato sauce into the open container.
2026-09-27 12:54:36,180 | INFO | [t=810] VLA chunk prompt=Place the tomato sauce into the open container.
2026-09-27 12:54:36,586 | INFO | [t=820] VLA chunk prompt=Place the tomato sauce into the open container.
2026-09-27 12:54:36,997 | INFO | [t=830] VLA chunk prompt=Place the tomato sauce into the open container.
2026-09-27 12:54:37,417 | INFO | [t=840] VLA chunk prompt=Place the tomato sauce into the open container.
2026-09-27 12:54:37,829 | INFO | [t=850] VLA chunk prompt=Place the tomato sauce into the open container.
2026-09-27 12:54:38,225 | INFO | [t=860] VLA chunk prompt=Place the tomato sauce into the open container.
2026-09-27 12:54:38,616 | INFO | [t=870] VLA chunk prompt=Place the tomato sauce into the open container.
2026-09-27 12:54:38,941 | INFO | API VLM @t=730 task=19 subtask=Place the tomato sauce into the open target container. keyframes=[]
2026-09-27 12:54:38,944 | INFO | [redact] enabled task=19 registered_phrases=0 terms=[]
2026-09-27 12:54:38,948 | INFO | [t=880] VLM prompt update from step=730: Place the tomato sauce into the open target container.
2026-09-27 12:54:39,003 | INFO | [t=880] VLA chunk prompt=Place the tomato sauce into the open target container.
2026-09-27 12:54:39,393 | INFO | [t=890] VLA chunk prompt=Place the tomato sauce into the open target container.
2026-09-27 12:54:39,784 | INFO | [t=900] VLA chunk prompt=Place the tomato sauce into the open target container.
2026-09-27 12:54:40,181 | INFO | [t=910] VLA chunk prompt=Place the tomato sauce into the open target container.
2026-09-27 12:54:40,575 | INFO | [t=920] VLA chunk prompt=Place the tomato sauce into the open target container.
2026-09-27 12:54:40,970 | INFO | [t=930] VLA chunk prompt=Place the tomato sauce into the open target container.
2026-09-27 12:54:41,357 | INFO | [t=940] VLA chunk prompt=Place the tomato sauce into the open target container.
2026-09-27 12:54:41,772 | INFO | [t=950] VLA chunk prompt=Place the tomato sauce into the open target container.
2026-09-27 12:54:42,190 | INFO | [t=960] VLA chunk prompt=Place the tomato sauce into the open target container.
2026-09-27 12:54:42,595 | INFO | [t=970] VLA chunk prompt=Place the tomato sauce into the open target container.
2026-09-27 12:54:43,004 | INFO | [t=980] VLA chunk prompt=Place the tomato sauce into the open target container.
2026-09-27 12:54:43,408 | INFO | [t=990] VLA chunk prompt=Place the tomato sauce into the open target container.
2026-09-27 12:54:43,816 | INFO | [t=1000] VLA chunk prompt=Place the tomato sauce into the open target container.
2026-09-27 12:54:44,167 | INFO | API VLM @t=865 task=19 subtask=Place the tomato sauce into the open container. keyframes=[]
2026-09-27 12:54:44,170 | INFO | [redact] enabled task=19 registered_phrases=0 terms=[]
2026-09-27 12:54:44,210 | INFO | [t=1010] VLM prompt update from step=865: Place the tomato sauce into the open container.
2026-09-27 12:54:44,264 | INFO | [t=1010] VLA chunk prompt=Place the tomato sauce into the open container.
2026-09-27 12:54:44,696 | INFO | [t=1020] VLA chunk prompt=Place the tomato sauce into the open container.
2026-09-27 12:54:45,118 | INFO | [t=1030] VLA chunk prompt=Place the tomato sauce into the open container.
2026-09-27 12:54:45,536 | INFO | [t=1040] VLA chunk prompt=Place the tomato sauce into the open container.
2026-09-27 12:54:45,942 | INFO | [t=1050] VLA chunk prompt=Place the tomato sauce into the open container.
2026-09-27 12:54:46,328 | INFO | [t=1060] VLA chunk prompt=Place the tomato sauce into the open container.
2026-09-27 12:54:46,725 | INFO | [t=1070] VLA chunk prompt=Place the tomato sauce into the open container.
2026-09-27 12:54:47,110 | INFO | [t=1080] VLA chunk prompt=Place the tomato sauce into the open container.
2026-09-27 12:54:47,501 | INFO | [t=1090] VLA chunk prompt=Place the tomato sauce into the open container.
2026-09-27 12:54:47,896 | INFO | [t=1100] VLA chunk prompt=Place the tomato sauce into the open container.
2026-09-27 12:54:48,295 | INFO | [t=1110] VLA chunk prompt=Place the tomato sauce into the open container.
2026-09-27 12:54:48,688 | INFO | [t=1120] VLA chunk prompt=Place the tomato sauce into the open container.
2026-09-27 12:54:48,906 | INFO | API VLM @t=995 task=19 subtask=Place the tomato sauce into the open container. keyframes=[]
2026-09-27 12:54:48,908 | INFO | [redact] enabled task=19 registered_phrases=0 terms=[]
2026-09-27 12:54:49,083 | INFO | [t=1130] VLA chunk prompt=Place the tomato sauce into the open container.
2026-09-27 12:54:49,475 | INFO | [t=1140] VLA chunk prompt=Place the tomato sauce into the open container.
2026-09-27 12:54:49,862 | INFO | [t=1150] VLA chunk prompt=Place the tomato sauce into the open container.
2026-09-27 12:54:50,257 | INFO | [t=1160] VLA chunk prompt=Place the tomato sauce into the open container.
2026-09-27 12:54:50,657 | INFO | [t=1170] VLA chunk prompt=Place the tomato sauce into the open container.
2026-09-27 12:54:51,055 | INFO | [t=1180] VLA chunk prompt=Place the tomato sauce into the open container.
2026-09-27 12:54:51,439 | INFO | [t=1190] VLA chunk prompt=Place the tomato sauce into the open container.
2026-09-27 12:54:51,823 | INFO | [t=1200] VLA chunk prompt=Place the tomato sauce into the open container.
2026-09-27 12:54:52,208 | INFO | [t=1210] VLA chunk prompt=Place the tomato sauce into the open container.
2026-09-27 12:54:52,611 | INFO | [t=1220] VLA chunk prompt=Place the tomato sauce into the open container.
2026-09-27 12:54:52,997 | INFO | [t=1230] VLA chunk prompt=Place the tomato sauce into the open container.
2026-09-27 12:54:53,387 | INFO | [t=1240] VLA chunk prompt=Place the tomato sauce into the open container.
2026-09-27 12:54:53,773 | INFO | [t=1250] VLA chunk prompt=Place the tomato sauce into the open container.
2026-09-27 12:54:54,163 | INFO | [t=1260] VLA chunk prompt=Place the tomato sauce into the open container.
2026-09-27 12:54:54,411 | INFO | API VLM @t=1115 task=19 subtask=Place the tomato sauce into the open container. keyframes=[]
2026-09-27 12:54:54,414 | INFO | [redact] enabled task=19 registered_phrases=0 terms=[]
2026-09-27 12:54:54,561 | INFO | [t=1270] VLA chunk prompt=Place the tomato sauce into the open container.
2026-09-27 12:54:54,965 | INFO | [t=1280] VLA chunk prompt=Place the tomato sauce into the open container.
2026-09-27 12:54:55,359 | INFO | [t=1290] VLA chunk prompt=Place the tomato sauce into the open container.
2026-09-27 12:54:55,760 | INFO | [t=1300] VLA chunk prompt=Place the tomato sauce into the open container.
2026-09-27 12:54:56,166 | INFO | [t=1310] VLA chunk prompt=Place the tomato sauce into the open container.
2026-09-27 12:54:56,575 | INFO | [t=1320] VLA chunk prompt=Place the tomato sauce into the open container.
2026-09-27 12:54:56,985 | INFO | [t=1330] VLA chunk prompt=Place the tomato sauce into the open container.
2026-09-27 12:54:57,391 | INFO | [t=1340] VLA chunk prompt=Place the tomato sauce into the open container.
2026-09-27 12:54:57,799 | INFO | [t=1350] VLA chunk prompt=Place the tomato sauce into the open container.
2026-09-27 12:54:58,209 | INFO | [t=1360] VLA chunk prompt=Place the tomato sauce into the open container.
2026-09-27 12:54:58,618 | INFO | [t=1370] VLA chunk prompt=Place the tomato sauce into the open container.
2026-09-27 12:54:59,023 | INFO | API VLM @t=1255 task=19 subtask=Place the tomato sauce into the open container. keyframes=[]
2026-09-27 12:54:59,026 | INFO | [redact] enabled task=19 registered_phrases=0 terms=[]
2026-09-27 12:54:59,027 | INFO | [t=1380] VLA chunk prompt=Place the tomato sauce into the open container.
2026-09-27 12:54:59,440 | INFO | [t=1390] VLA chunk prompt=Place the tomato sauce into the open container.
2026-09-27 12:54:59,861 | INFO | [t=1400] VLA chunk prompt=Place the tomato sauce into the open container.
2026-09-27 12:55:00,271 | INFO | [t=1410] VLA chunk prompt=Place the tomato sauce into the open container.
2026-09-27 12:55:00,689 | INFO | [t=1420] VLA chunk prompt=Place the tomato sauce into the open container.
2026-09-27 12:55:01,107 | INFO | [t=1430] VLA chunk prompt=Place the tomato sauce into the open container.
2026-09-27 12:55:01,517 | INFO | [t=1440] VLA chunk prompt=Place the tomato sauce into the open container.
2026-09-27 12:55:01,929 | INFO | [t=1450] VLA chunk prompt=Place the tomato sauce into the open container.
2026-09-27 12:55:02,341 | INFO | [t=1460] VLA chunk prompt=Place the tomato sauce into the open container.
2026-09-27 12:55:02,754 | INFO | [t=1470] VLA chunk prompt=Place the tomato sauce into the open container.
2026-09-27 12:55:03,166 | INFO | [t=1480] VLA chunk prompt=Place the tomato sauce into the open container.
2026-09-27 12:55:03,569 | INFO | [t=1490] VLA chunk prompt=Place the tomato sauce into the open container.
2026-09-27 12:55:03,975 | INFO | [t=1500] VLA chunk prompt=Place the tomato sauce into the open container.
2026-09-27 12:55:04,380 | INFO | [t=1510] VLA chunk prompt=Place the tomato sauce into the open container.
2026-09-27 12:55:04,785 | INFO | [t=1520] VLA chunk prompt=Place the tomato sauce into the open container.
2026-09-27 12:55:05,184 | INFO | [t=1530] VLA chunk prompt=Place the tomato sauce into the open container.
2026-09-27 12:55:05,345 | INFO | API VLM @t=1370 task=19 subtask=Place the tomato sauce into the open container. keyframes=[]
2026-09-27 12:55:05,347 | INFO | [redact] enabled task=19 registered_phrases=0 terms=[]
2026-09-27 12:55:05,593 | INFO | [t=1540] VLA chunk prompt=Place the tomato sauce into the open container.
2026-09-27 12:55:05,994 | INFO | [t=1550] VLA chunk prompt=Place the tomato sauce into the open container.
2026-09-27 12:55:06,386 | INFO | [t=1560] VLA chunk prompt=Place the tomato sauce into the open container.
2026-09-27 12:55:06,800 | INFO | [t=1570] VLA chunk prompt=Place the tomato sauce into the open container.
2026-09-27 12:55:07,198 | INFO | [t=1580] VLA chunk prompt=Place the tomato sauce into the open container.
2026-09-27 12:55:07,594 | INFO | [t=1590] VLA chunk prompt=Place the tomato sauce into the open container.
2026-09-27 12:55:08,009 | INFO | [t=1600] VLA chunk prompt=Place the tomato sauce into the open container.
2026-09-27 12:55:08,407 | INFO | [t=1610] VLA chunk prompt=Place the tomato sauce into the open container.
2026-09-27 12:55:08,813 | INFO | [t=1620] VLA chunk prompt=Place the tomato sauce into the open container.
2026-09-27 12:55:09,210 | INFO | [t=1630] VLA chunk prompt=Place the tomato sauce into the open container.
2026-09-27 12:55:09,605 | INFO | [t=1640] VLA chunk prompt=Place the tomato sauce into the open container.
2026-09-27 12:55:09,822 | INFO | API VLM @t=1520 task=19 subtask=Place the tomato sauce into the open container. keyframes=[]
2026-09-27 12:55:09,825 | INFO | [redact] enabled task=19 registered_phrases=0 terms=[]
2026-09-27 12:55:10,010 | INFO | [t=1650] VLA chunk prompt=Place the tomato sauce into the open container.
2026-09-27 12:55:10,399 | INFO | [t=1660] VLA chunk prompt=Place the tomato sauce into the open container.
2026-09-27 12:55:10,809 | INFO | [t=1670] VLA chunk prompt=Place the tomato sauce into the open container.
2026-09-27 12:55:11,212 | INFO | [t=1680] VLA chunk prompt=Place the tomato sauce into the open container.
2026-09-27 12:55:11,607 | INFO | [t=1690] VLA chunk prompt=Place the tomato sauce into the open container.
2026-09-27 12:55:12,011 | INFO | [t=1700] VLA chunk prompt=Place the tomato sauce into the open container.
2026-09-27 12:55:12,416 | INFO | [t=1710] VLA chunk prompt=Place the tomato sauce into the open container.
2026-09-27 12:55:12,841 | INFO | [t=1720] VLA chunk prompt=Place the tomato sauce into the open container.
2026-09-27 12:55:13,269 | INFO | [t=1730] VLA chunk prompt=Place the tomato sauce into the open container.
2026-09-27 12:55:13,694 | INFO | [t=1740] VLA chunk prompt=Place the tomato sauce into the open container.
2026-09-27 12:55:14,118 | INFO | [t=1750] VLA chunk prompt=Place the tomato sauce into the open container.
2026-09-27 12:55:14,534 | INFO | [t=1760] VLA chunk prompt=Place the tomato sauce into the open container.
2026-09-27 12:55:14,565 | INFO | API VLM @t=1635 task=19 subtask=Place the tomato sauce into the open container. keyframes=[]
2026-09-27 12:55:14,568 | INFO | [redact] enabled task=19 registered_phrases=0 terms=[]
2026-09-27 12:55:14,960 | INFO | [t=1770] VLA chunk prompt=Place the tomato sauce into the open container.
2026-09-27 12:55:15,378 | INFO | [t=1780] VLA chunk prompt=Place the tomato sauce into the open container.
2026-09-27 12:55:15,783 | INFO | [t=1790] VLA chunk prompt=Place the tomato sauce into the open container.
2026-09-27 12:55:16,190 | INFO | [t=1800] VLA chunk prompt=Place the tomato sauce into the open container.
2026-09-27 12:55:16,595 | INFO | [t=1810] VLA chunk prompt=Place the tomato sauce into the open container.
2026-09-27 12:55:17,003 | INFO | [t=1820] VLA chunk prompt=Place the tomato sauce into the open container.
2026-09-27 12:55:17,417 | INFO | [t=1830] VLA chunk prompt=Place the tomato sauce into the open container.
2026-09-27 12:55:17,825 | INFO | [t=1840] VLA chunk prompt=Place the tomato sauce into the open container.
2026-09-27 12:55:18,232 | INFO | [t=1850] VLA chunk prompt=Place the tomato sauce into the open container.
2026-09-27 12:55:18,642 | INFO | [t=1860] VLA chunk prompt=Place the tomato sauce into the open container.
2026-09-27 12:55:18,712 | INFO | API VLM @t=1750 task=19 subtask=Place the tomato sauce into the open container. keyframes=[]
2026-09-27 12:55:18,715 | INFO | [redact] enabled task=19 registered_phrases=0 terms=[]
2026-09-27 12:55:19,057 | INFO | [t=1870] VLA chunk prompt=Place the tomato sauce into the open container.
2026-09-27 12:55:19,468 | INFO | [t=1880] VLA chunk prompt=Place the tomato sauce into the open container.
2026-09-27 12:55:19,866 | INFO | [t=1890] VLA chunk prompt=Place the tomato sauce into the open container.
2026-09-27 12:55:20,274 | INFO | [t=1900] VLA chunk prompt=Place the tomato sauce into the open container.
2026-09-27 12:55:20,677 | INFO | [t=1910] VLA chunk prompt=Place the tomato sauce into the open container.
2026-09-27 12:55:21,082 | INFO | [t=1920] VLA chunk prompt=Place the tomato sauce into the open container.
2026-09-27 12:55:21,482 | INFO | [t=1930] VLA chunk prompt=Place the tomato sauce into the open container.
2026-09-27 12:55:21,862 | INFO | [t=1940] VLA chunk prompt=Place the tomato sauce into the open container.
2026-09-27 12:55:22,241 | INFO | [t=1950] VLA chunk prompt=Place the tomato sauce into the open container.
2026-09-27 12:55:22,638 | INFO | [t=1960] VLA chunk prompt=Place the tomato sauce into the open container.
2026-09-27 12:55:23,024 | INFO | [t=1970] VLA chunk prompt=Place the tomato sauce into the open container.
2026-09-27 12:55:23,415 | INFO | [t=1980] VLA chunk prompt=Place the tomato sauce into the open container.
2026-09-27 12:55:23,811 | INFO | [t=1990] VLA chunk prompt=Place the tomato sauce into the open container.
2026-09-27 12:55:24,088 | INFO | API VLM @t=1850 task=19 subtask=Place the tomato sauce into the open container. keyframes=[]
2026-09-27 12:55:24,091 | INFO | [redact] enabled task=19 registered_phrases=0 terms=[]
2026-09-27 12:55:24,213 | INFO | [t=2000] VLA chunk prompt=Place the tomato sauce into the open container.
2026-09-27 12:55:24,611 | INFO | [t=2010] VLA chunk prompt=Place the tomato sauce into the open container.
2026-09-27 12:55:24,995 | INFO | [t=2020] VLA chunk prompt=Place the tomato sauce into the open container.
2026-09-27 12:55:25,385 | INFO | [t=2030] VLA chunk prompt=Place the tomato sauce into the open container.
2026-09-27 12:55:25,788 | INFO | [t=2040] VLA chunk prompt=Place the tomato sauce into the open container.
2026-09-27 12:55:26,193 | INFO | [t=2050] VLA chunk prompt=Place the tomato sauce into the open container.
2026-09-27 12:55:26,588 | INFO | [t=2060] VLA chunk prompt=Place the tomato sauce into the open container.
2026-09-27 12:55:26,986 | INFO | [t=2070] VLA chunk prompt=Place the tomato sauce into the open container.
2026-09-27 12:55:27,370 | INFO | [t=2080] VLA chunk prompt=Place the tomato sauce into the open container.
2026-09-27 12:55:27,761 | INFO | [t=2090] VLA chunk prompt=Place the tomato sauce into the open container.
2026-09-27 12:55:28,155 | INFO | [t=2100] VLA chunk prompt=Place the tomato sauce into the open container.
2026-09-27 12:55:28,556 | INFO | [t=2110] VLA chunk prompt=Place the tomato sauce into the open container.
2026-09-27 12:55:28,947 | INFO | [t=2120] VLA chunk prompt=Place the tomato sauce into the open container.
2026-09-27 12:55:29,141 | INFO | API VLM @t=1985 task=19 subtask=Place the tomato sauce into the open container. keyframes=[]
2026-09-27 12:55:29,143 | INFO | [redact] enabled task=19 registered_phrases=0 terms=[]
2026-09-27 12:55:29,350 | INFO | [t=2130] VLA chunk prompt=Place the tomato sauce into the open container.
2026-09-27 12:55:29,745 | INFO | [t=2140] VLA chunk prompt=Place the tomato sauce into the open container.
2026-09-27 12:55:30,136 | INFO | [t=2150] VLA chunk prompt=Place the tomato sauce into the open container.
2026-09-27 12:55:30,524 | INFO | [t=2160] VLA chunk prompt=Place the tomato sauce into the open container.
2026-09-27 12:55:30,923 | INFO | [t=2170] VLA chunk prompt=Place the tomato sauce into the open container.
2026-09-27 12:55:31,325 | INFO | [t=2180] VLA chunk prompt=Place the tomato sauce into the open container.
2026-09-27 12:55:31,718 | INFO | [t=2190] VLA chunk prompt=Place the tomato sauce into the open container.
2026-09-27 12:55:32,118 | INFO | [t=2200] VLA chunk prompt=Place the tomato sauce into the open container.
2026-09-27 12:55:32,506 | INFO | [t=2210] VLA chunk prompt=Place the tomato sauce into the open container.
2026-09-27 12:55:32,895 | INFO | [t=2220] VLA chunk prompt=Place the tomato sauce into the open container.
2026-09-27 12:55:33,297 | INFO | [t=2230] VLA chunk prompt=Place the tomato sauce into the open container.
2026-09-27 12:55:33,702 | INFO | [t=2240] VLA chunk prompt=Place the tomato sauce into the open container.
2026-09-27 12:55:33,757 | INFO | API VLM @t=2115 task=19 subtask=Place the tomato sauce into the open container. keyframes=[]
2026-09-27 12:55:33,759 | INFO | [redact] enabled task=19 registered_phrases=0 terms=[]
2026-09-27 12:55:34,111 | INFO | [t=2250] VLA chunk prompt=Place the tomato sauce into the open container.
2026-09-27 12:55:34,513 | INFO | [t=2260] VLA chunk prompt=Place the tomato sauce into the open container.
2026-09-27 12:55:34,915 | INFO | [t=2270] VLA chunk prompt=Place the tomato sauce into the open container.
2026-09-27 12:55:35,319 | INFO | [t=2280] VLA chunk prompt=Place the tomato sauce into the open container.
2026-09-27 12:55:35,729 | INFO | [t=2290] VLA chunk prompt=Place the tomato sauce into the open container.
2026-09-27 12:55:36,141 | INFO | [t=2300] VLA chunk prompt=Place the tomato sauce into the open container.
2026-09-27 12:55:36,542 | INFO | [t=2310] VLA chunk prompt=Place the tomato sauce into the open container.
2026-09-27 12:55:36,947 | INFO | [t=2320] VLA chunk prompt=Place the tomato sauce into the open container.
2026-09-27 12:55:37,336 | INFO | [t=2330] VLA chunk prompt=Place the tomato sauce into the open container.
2026-09-27 12:55:37,718 | INFO | [t=2340] VLA chunk prompt=Place the tomato sauce into the open container.
2026-09-27 12:55:37,964 | INFO | API VLM @t=2230 task=19 subtask=Place the tomato sauce into the open container. keyframes=[]
2026-09-27 12:55:37,967 | INFO | [redact] enabled task=19 registered_phrases=0 terms=[]
2026-09-27 12:55:38,119 | INFO | [t=2350] VLA chunk prompt=Place the tomato sauce into the open container.
2026-09-27 12:55:38,537 | INFO | [t=2360] VLA chunk prompt=Place the tomato sauce into the open container.
2026-09-27 12:55:38,945 | INFO | [t=2370] VLA chunk prompt=Place the tomato sauce into the open container.
2026-09-27 12:55:39,340 | INFO | [t=2380] VLA chunk prompt=Place the tomato sauce into the open container.
2026-09-27 12:55:39,724 | INFO | [t=2390] VLA chunk prompt=Place the tomato sauce into the open container.
2026-09-27 12:55:40,108 | INFO | [t=2400] VLA chunk prompt=Place the tomato sauce into the open container.
2026-09-27 12:55:40,490 | INFO | [t=2410] VLA chunk prompt=Place the tomato sauce into the open container.
2026-09-27 12:55:40,886 | INFO | [t=2420] VLA chunk prompt=Place the tomato sauce into the open container.
2026-09-27 12:55:41,287 | INFO | [t=2430] VLA chunk prompt=Place the tomato sauce into the open container.
2026-09-27 12:55:41,680 | INFO | [t=2440] VLA chunk prompt=Place the tomato sauce into the open container.
2026-09-27 12:55:42,080 | INFO | [t=2450] VLA chunk prompt=Place the tomato sauce into the open container.
2026-09-27 12:55:42,470 | INFO | [t=2460] VLA chunk prompt=Place the tomato sauce into the open container.
2026-09-27 12:55:42,862 | INFO | [t=2470] VLA chunk prompt=Place the tomato sauce into the open container.
2026-09-27 12:55:43,271 | INFO | [t=2480] VLA chunk prompt=Place the tomato sauce into the open container.
2026-09-27 12:55:43,677 | INFO | [t=2490] VLA chunk prompt=Place the tomato sauce into the open container.
2026-09-27 12:55:43,843 | INFO | API VLM @t=2335 task=19 subtask=Place the tomato sauce inside the open container. keyframes=[]
2026-09-27 12:55:43,845 | INFO | [redact] enabled task=19 registered_phrases=0 terms=[]
2026-09-27 12:55:44,045 | INFO | [t=2500] VLM prompt update from step=2335: Place the tomato sauce inside the open container.
2026-09-27 12:55:44,098 | INFO | [t=2500] VLA chunk prompt=Place the tomato sauce inside the open container.
2026-09-27 12:55:47,489 | INFO | attempt=0 stage_score=0.0 stage_success=False failure_reason=incomplete_stage
2026-09-27 12:55:47,490 | INFO | Episode 7 seed=107 stage_score=0.0 stage_success=0 goal=0.000 failure_reason=incomplete_stage | 01_Place_Tomato_Sauce_Cabinet2=N | 02_Place_Milk_Cabinet2=N | 03_Place_Orange_Juice_Cabinet2=N
2026-09-27 12:55:48,401 | INFO | API VLM @t=2480 task=19 subtask=Place the tomato sauce into the open container. keyframes=[]
