2026-09-18 14:20:52,323 | INFO | task_id=5 bddl=/project/peilab/why/RoboMemArena/bddl/5_butter_middle_drawer.bddl vlm_ckpt=/project/peilab/why/RoboMemArena/checkpoints/PrediMem/vlm_tasks1to26_ckpt74500
2026-09-18 14:20:54,258 | INFO | async VLM enabled: single-slot subtask buffer
2026-09-18 14:20:54,514 | INFO | [t=10] VLA chunk prompt=Open all drawers in order, remember the empty drawer, then put butter into that empty drawer.
2026-09-18 14:20:54,793 | INFO | [t=20] VLA chunk prompt=Open all drawers in order, remember the empty drawer, then put butter into that empty drawer.
2026-09-18 14:20:55,065 | INFO | [t=30] VLA chunk prompt=Open all drawers in order, remember the empty drawer, then put butter into that empty drawer.
2026-09-18 14:20:55,336 | INFO | [t=40] VLA chunk prompt=Open all drawers in order, remember the empty drawer, then put butter into that empty drawer.
2026-09-18 14:20:55,607 | INFO | [t=50] VLA chunk prompt=Open all drawers in order, remember the empty drawer, then put butter into that empty drawer.
2026-09-18 14:20:55,879 | INFO | [t=60] VLA chunk prompt=Open all drawers in order, remember the empty drawer, then put butter into that empty drawer.
2026-09-18 14:20:56,156 | INFO | [t=70] VLA chunk prompt=Open all drawers in order, remember the empty drawer, then put butter into that empty drawer.
2026-09-18 14:20:56,385 | INFO | [t=80] harness subtask override: open top drawer
2026-09-18 14:20:56,385 | INFO | [t=80] VLM prompt update from step=-1: open top drawer
2026-09-18 14:20:56,385 | INFO | [t=80] harness forced VLM replan after stall (pmh visual retrieve armed)
2026-09-18 14:20:56,436 | INFO | [t=80] VLA chunk prompt=open top drawer
2026-09-18 14:20:56,718 | INFO | [t=90] VLA chunk prompt=open top drawer
2026-09-18 14:20:56,999 | INFO | [t=100] VLA chunk prompt=open top drawer
2026-09-18 14:20:57,279 | INFO | [t=110] VLA chunk prompt=open top drawer
2026-09-18 14:20:57,567 | INFO | [t=120] VLA chunk prompt=open top drawer
2026-09-18 14:20:57,875 | INFO | [t=130] VLA chunk prompt=open top drawer
2026-09-18 14:20:58,185 | INFO | [t=140] VLA chunk prompt=open top drawer
2026-09-18 14:20:58,500 | INFO | [t=150] VLA chunk prompt=open top drawer
2026-09-18 14:20:58,818 | INFO | [t=160] VLA chunk prompt=open top drawer
2026-09-18 14:20:59,144 | INFO | [t=170] VLA chunk prompt=open top drawer
2026-09-18 14:20:59,489 | INFO | [t=180] VLA chunk prompt=open top drawer
2026-09-18 14:20:59,840 | INFO | [t=190] VLA chunk prompt=open top drawer
2026-09-18 14:21:00,185 | INFO | [t=200] VLA chunk prompt=open top drawer
2026-09-18 14:21:00,529 | INFO | [t=210] VLA chunk prompt=open top drawer
2026-09-18 14:21:00,876 | INFO | [t=220] VLA chunk prompt=open top drawer
2026-09-18 14:21:01,225 | INFO | [t=230] VLA chunk prompt=open top drawer
2026-09-18 14:21:01,577 | INFO | [t=240] VLA chunk prompt=open top drawer
2026-09-18 14:21:01,930 | INFO | [t=250] VLA chunk prompt=open top drawer
2026-09-18 14:21:02,292 | INFO | [t=260] VLA chunk prompt=open top drawer
2026-09-18 14:21:02,656 | INFO | [t=270] VLA chunk prompt=open top drawer
2026-09-18 14:21:03,024 | INFO | [t=280] VLA chunk prompt=open top drawer
2026-09-18 14:21:03,403 | INFO | [t=290] VLA chunk prompt=open top drawer
2026-09-18 14:21:03,771 | INFO | [t=300] VLA chunk prompt=open top drawer
2026-09-18 14:21:04,142 | INFO | [t=310] VLA chunk prompt=open top drawer
2026-09-18 14:21:04,512 | INFO | [t=320] VLA chunk prompt=open top drawer
2026-09-18 14:21:04,878 | INFO | [t=330] VLA chunk prompt=open top drawer
2026-09-18 14:21:05,243 | INFO | [t=340] VLA chunk prompt=open top drawer
2026-09-18 14:21:05,605 | INFO | [t=350] VLA chunk prompt=open top drawer
2026-09-18 14:21:05,966 | INFO | [t=360] VLA chunk prompt=open top drawer
2026-09-18 14:21:06,326 | INFO | [t=370] VLA chunk prompt=open top drawer
2026-09-18 14:21:06,685 | INFO | [t=380] VLA chunk prompt=open top drawer
2026-09-18 14:21:07,045 | INFO | [t=390] VLA chunk prompt=open top drawer
2026-09-18 14:21:07,411 | INFO | [t=400] VLA chunk prompt=open top drawer
2026-09-18 14:21:07,773 | INFO | [t=410] VLA chunk prompt=open top drawer
2026-09-18 14:21:08,132 | INFO | [t=420] VLA chunk prompt=open top drawer
2026-09-18 14:21:08,492 | INFO | [t=430] VLA chunk prompt=open top drawer
2026-09-18 14:21:08,850 | INFO | [t=440] VLA chunk prompt=open top drawer
2026-09-18 14:21:09,210 | INFO | [t=450] VLA chunk prompt=open top drawer
2026-09-18 14:21:09,571 | INFO | [t=460] VLA chunk prompt=open top drawer
2026-09-18 14:21:09,934 | INFO | [t=470] VLA chunk prompt=open top drawer
2026-09-18 14:21:10,301 | INFO | [t=480] VLA chunk prompt=open top drawer
2026-09-18 14:21:10,667 | INFO | [t=490] VLA chunk prompt=open top drawer
2026-09-18 14:21:11,034 | INFO | [t=500] VLA chunk prompt=open top drawer
2026-09-18 14:21:11,400 | INFO | [t=510] VLA chunk prompt=open top drawer
2026-09-18 14:21:11,766 | INFO | [t=520] VLA chunk prompt=open top drawer
2026-09-18 14:21:12,135 | INFO | [t=530] VLA chunk prompt=open top drawer
2026-09-18 14:21:12,509 | INFO | [t=540] VLA chunk prompt=open top drawer
2026-09-18 14:21:12,878 | INFO | [t=550] VLA chunk prompt=open top drawer
2026-09-18 14:21:13,241 | INFO | [t=560] VLA chunk prompt=open top drawer
2026-09-18 14:21:13,599 | INFO | [t=570] VLA chunk prompt=open top drawer
2026-09-18 14:21:13,956 | INFO | [t=580] VLA chunk prompt=open top drawer
2026-09-18 14:21:14,314 | INFO | [t=590] VLA chunk prompt=open top drawer
2026-09-18 14:21:14,676 | INFO | [t=600] VLA chunk prompt=open top drawer
2026-09-18 14:21:15,035 | INFO | [t=610] VLA chunk prompt=open top drawer
2026-09-18 14:21:15,404 | INFO | [t=620] VLA chunk prompt=open top drawer
2026-09-18 14:21:15,773 | INFO | [t=630] VLA chunk prompt=open top drawer
2026-09-18 14:21:16,145 | INFO | [t=640] VLA chunk prompt=open top drawer
2026-09-18 14:21:16,520 | INFO | [t=650] VLA chunk prompt=open top drawer
2026-09-18 14:21:16,897 | INFO | [t=660] VLA chunk prompt=open top drawer
2026-09-18 14:21:17,274 | INFO | [t=670] VLA chunk prompt=open top drawer
2026-09-18 14:21:17,644 | INFO | [t=680] VLA chunk prompt=open top drawer
2026-09-18 14:21:18,011 | INFO | [t=690] VLA chunk prompt=open top drawer
2026-09-18 14:21:18,373 | INFO | [t=700] VLA chunk prompt=open top drawer
2026-09-18 14:21:18,737 | INFO | [t=710] VLA chunk prompt=open top drawer
2026-09-18 14:21:19,101 | INFO | [t=720] VLA chunk prompt=open top drawer
2026-09-18 14:21:19,464 | INFO | [t=730] VLA chunk prompt=open top drawer
2026-09-18 14:21:19,834 | INFO | [t=740] VLA chunk prompt=open top drawer
2026-09-18 14:21:20,205 | INFO | [t=750] VLA chunk prompt=open top drawer
2026-09-18 14:21:20,584 | INFO | [t=760] VLA chunk prompt=open top drawer
2026-09-18 14:21:20,962 | INFO | [t=770] VLA chunk prompt=open top drawer
2026-09-18 14:21:21,345 | INFO | [t=780] VLA chunk prompt=open top drawer
2026-09-18 14:21:21,724 | INFO | [t=790] VLA chunk prompt=open top drawer
2026-09-18 14:21:22,098 | INFO | [t=800] VLA chunk prompt=open top drawer
2026-09-18 14:21:22,473 | INFO | [t=810] VLA chunk prompt=open top drawer
2026-09-18 14:21:22,846 | INFO | [t=820] VLA chunk prompt=open top drawer
2026-09-18 14:21:23,210 | INFO | [t=830] VLA chunk prompt=open top drawer
2026-09-18 14:21:23,562 | INFO | API VLM @t=0 task=5 subtask=open top drawer keyframes=[]
2026-09-18 14:21:23,570 | INFO | [t=840] VLA chunk prompt=open top drawer
2026-09-18 14:21:23,933 | INFO | [t=850] VLA chunk prompt=open top drawer
2026-09-18 14:21:24,294 | INFO | [t=860] VLA chunk prompt=open top drawer
2026-09-18 14:21:24,655 | INFO | [t=870] VLA chunk prompt=open top drawer
2026-09-18 14:21:25,017 | INFO | [t=880] VLA chunk prompt=open top drawer
2026-09-18 14:21:25,386 | INFO | [t=890] VLA chunk prompt=open top drawer
2026-09-18 14:21:25,753 | INFO | [t=900] VLA chunk prompt=open top drawer
2026-09-18 14:21:26,123 | INFO | [t=910] VLA chunk prompt=open top drawer
2026-09-18 14:21:26,500 | INFO | [t=920] VLA chunk prompt=open top drawer
2026-09-18 14:21:26,877 | INFO | [t=930] VLA chunk prompt=open top drawer
2026-09-18 14:21:27,245 | INFO | [t=940] VLA chunk prompt=open top drawer
2026-09-18 14:21:27,608 | INFO | [t=950] VLA chunk prompt=open top drawer
2026-09-18 14:21:27,966 | INFO | [t=960] VLA chunk prompt=open top drawer
2026-09-18 14:21:28,326 | INFO | [t=970] VLA chunk prompt=open top drawer
2026-09-18 14:21:28,686 | INFO | [t=980] VLA chunk prompt=open top drawer
2026-09-18 14:21:29,044 | INFO | [t=990] VLA chunk prompt=open top drawer
2026-09-18 14:21:29,403 | INFO | [t=1000] VLA chunk prompt=open top drawer
2026-09-18 14:21:29,766 | INFO | [t=1010] VLA chunk prompt=open top drawer
2026-09-18 14:21:30,131 | INFO | [t=1020] VLA chunk prompt=open top drawer
2026-09-18 14:21:30,501 | INFO | [t=1030] VLA chunk prompt=open top drawer
2026-09-18 14:21:30,882 | INFO | [t=1040] VLA chunk prompt=open top drawer
2026-09-18 14:21:31,257 | INFO | [t=1050] VLA chunk prompt=open top drawer
2026-09-18 14:21:31,627 | INFO | [t=1060] VLA chunk prompt=open top drawer
2026-09-18 14:21:31,999 | INFO | [t=1070] VLA chunk prompt=open top drawer
2026-09-18 14:21:32,380 | INFO | [t=1080] VLA chunk prompt=open top drawer
2026-09-18 14:21:32,753 | INFO | [t=1090] VLA chunk prompt=open top drawer
2026-09-18 14:21:33,119 | INFO | [t=1100] VLA chunk prompt=open top drawer
2026-09-18 14:21:33,488 | INFO | [t=1110] VLA chunk prompt=open top drawer
2026-09-18 14:21:33,858 | INFO | [t=1120] VLA chunk prompt=open top drawer
2026-09-18 14:21:34,227 | INFO | [t=1130] VLA chunk prompt=open top drawer
2026-09-18 14:21:34,597 | INFO | [t=1140] VLA chunk prompt=open top drawer
2026-09-18 14:21:34,967 | INFO | [t=1150] VLA chunk prompt=open top drawer
2026-09-18 14:21:35,337 | INFO | [t=1160] VLA chunk prompt=open top drawer
2026-09-18 14:21:35,702 | INFO | [t=1170] VLA chunk prompt=open top drawer
2026-09-18 14:21:36,062 | INFO | [t=1180] VLA chunk prompt=open top drawer
2026-09-18 14:21:36,418 | INFO | [t=1190] VLA chunk prompt=open top drawer
2026-09-18 14:21:36,774 | INFO | [t=1200] VLA chunk prompt=open top drawer
2026-09-18 14:21:37,134 | INFO | [t=1210] VLA chunk prompt=open top drawer
2026-09-18 14:21:37,495 | INFO | [t=1220] VLA chunk prompt=open top drawer
2026-09-18 14:21:37,853 | INFO | [t=1230] VLA chunk prompt=open top drawer
2026-09-18 14:21:38,214 | INFO | [t=1240] VLA chunk prompt=open top drawer
2026-09-18 14:21:38,569 | INFO | [t=1250] VLA chunk prompt=open top drawer
2026-09-18 14:21:38,925 | INFO | [t=1260] VLA chunk prompt=open top drawer
2026-09-18 14:21:39,280 | INFO | [t=1270] VLA chunk prompt=open top drawer
2026-09-18 14:21:39,636 | INFO | [t=1280] VLA chunk prompt=open top drawer
2026-09-18 14:21:39,990 | INFO | [t=1290] VLA chunk prompt=open top drawer
2026-09-18 14:21:40,343 | INFO | [t=1300] VLA chunk prompt=open top drawer
2026-09-18 14:21:40,698 | INFO | [t=1310] VLA chunk prompt=open top drawer
2026-09-18 14:21:41,054 | INFO | [t=1320] VLA chunk prompt=open top drawer
2026-09-18 14:21:41,417 | INFO | [t=1330] VLA chunk prompt=open top drawer
2026-09-18 14:21:41,778 | INFO | [t=1340] VLA chunk prompt=open top drawer
2026-09-18 14:21:42,145 | INFO | [t=1350] VLA chunk prompt=open top drawer
2026-09-18 14:21:42,518 | INFO | [t=1360] VLA chunk prompt=open top drawer
2026-09-18 14:21:42,895 | INFO | [t=1370] VLA chunk prompt=open top drawer
2026-09-18 14:21:43,273 | INFO | [t=1380] VLA chunk prompt=open top drawer
2026-09-18 14:21:43,652 | INFO | [t=1390] VLA chunk prompt=open top drawer
2026-09-18 14:21:44,033 | INFO | [t=1400] VLA chunk prompt=open top drawer
2026-09-18 14:21:44,408 | INFO | [t=1410] VLA chunk prompt=open top drawer
2026-09-18 14:21:44,781 | INFO | [t=1420] VLA chunk prompt=open top drawer
2026-09-18 14:21:45,156 | INFO | [t=1430] VLA chunk prompt=open top drawer
2026-09-18 14:21:45,200 | INFO | API VLM @t=2215 task=5 subtask=open middle drawer keyframes=[]
2026-09-18 14:21:45,460 | INFO | [t=1439] stage done: 01_Open_Top_Drawer
2026-09-18 14:21:45,545 | INFO | [t=1440] VLA chunk prompt=open top drawer
2026-09-18 14:21:45,925 | INFO | [t=1450] VLA chunk prompt=open top drawer
2026-09-18 14:21:46,305 | INFO | [t=1460] VLA chunk prompt=open top drawer
2026-09-18 14:21:46,573 | INFO | [t=1468] stage done: 02_Close_Top_Drawer
2026-09-18 14:21:46,692 | INFO | [t=1470] VLA chunk prompt=open top drawer
2026-09-18 14:21:47,072 | INFO | [t=1480] VLA chunk prompt=open top drawer
2026-09-18 14:21:47,453 | INFO | [t=1490] VLA chunk prompt=open top drawer
2026-09-18 14:21:47,832 | INFO | [t=1500] VLA chunk prompt=open top drawer
2026-09-18 14:21:48,210 | INFO | [t=1510] VLA chunk prompt=open top drawer
2026-09-18 14:21:48,578 | INFO | [t=1520] VLA chunk prompt=open top drawer
2026-09-18 14:21:48,945 | INFO | [t=1530] VLA chunk prompt=open top drawer
2026-09-18 14:21:49,310 | INFO | [t=1540] VLA chunk prompt=open top drawer
2026-09-18 14:21:49,618 | INFO | [t=1550] harness subtask override: open middle drawer
2026-09-18 14:21:49,618 | INFO | [t=1550] VLM prompt update from step=0: open middle drawer
2026-09-18 14:21:49,618 | INFO | [t=1550] harness forced VLM replan after stall (pmh visual retrieve armed)
2026-09-18 14:21:49,668 | INFO | [t=1550] VLA chunk prompt=open middle drawer
2026-09-18 14:21:50,024 | INFO | [t=1560] VLA chunk prompt=open middle drawer
2026-09-18 14:21:50,377 | INFO | [t=1570] VLA chunk prompt=open middle drawer
2026-09-18 14:21:50,732 | INFO | [t=1580] VLA chunk prompt=open middle drawer
2026-09-18 14:21:51,086 | INFO | [t=1590] VLA chunk prompt=open middle drawer
2026-09-18 14:21:51,439 | INFO | [t=1600] VLA chunk prompt=open middle drawer
2026-09-18 14:21:51,793 | INFO | [t=1610] VLA chunk prompt=open middle drawer
2026-09-18 14:21:52,151 | INFO | [t=1620] VLA chunk prompt=open middle drawer
2026-09-18 14:21:52,513 | INFO | [t=1630] VLA chunk prompt=open middle drawer
2026-09-18 14:21:52,873 | INFO | [t=1640] VLA chunk prompt=open middle drawer
2026-09-18 14:21:53,229 | INFO | [t=1650] VLA chunk prompt=open middle drawer
2026-09-18 14:21:53,587 | INFO | [t=1660] VLA chunk prompt=open middle drawer
2026-09-18 14:21:53,956 | INFO | [t=1670] VLA chunk prompt=open middle drawer
2026-09-18 14:21:54,320 | INFO | [t=1680] VLA chunk prompt=open middle drawer
2026-09-18 14:21:54,687 | INFO | [t=1690] VLA chunk prompt=open middle drawer
2026-09-18 14:21:55,063 | INFO | [t=1700] VLA chunk prompt=open middle drawer
2026-09-18 14:21:55,438 | INFO | [t=1710] VLA chunk prompt=open middle drawer
2026-09-18 14:21:55,815 | INFO | [t=1720] VLA chunk prompt=open middle drawer
2026-09-18 14:21:56,182 | INFO | [t=1730] VLA chunk prompt=open middle drawer
2026-09-18 14:21:56,552 | INFO | [t=1740] VLA chunk prompt=open middle drawer
2026-09-18 14:21:56,921 | INFO | [t=1750] VLA chunk prompt=open middle drawer
2026-09-18 14:21:57,290 | INFO | [t=1760] VLA chunk prompt=open middle drawer
2026-09-18 14:21:57,658 | INFO | [t=1770] VLA chunk prompt=open middle drawer
2026-09-18 14:21:58,033 | INFO | [t=1780] VLA chunk prompt=open middle drawer
2026-09-18 14:21:58,406 | INFO | [t=1790] VLA chunk prompt=open middle drawer
2026-09-18 14:21:58,779 | INFO | [t=1800] VLA chunk prompt=open middle drawer
2026-09-18 14:21:59,155 | INFO | [t=1810] VLA chunk prompt=open middle drawer
2026-09-18 14:21:59,539 | INFO | [t=1820] VLA chunk prompt=open middle drawer
2026-09-18 14:21:59,604 | INFO | [t=1822] stage done: 03_Open_Middle_Drawer
2026-09-18 14:21:59,909 | INFO | [t=1830] VLA chunk prompt=open middle drawer
2026-09-18 14:22:00,268 | INFO | [t=1840] VLA chunk prompt=open middle drawer
2026-09-18 14:22:00,619 | INFO | [t=1850] VLA chunk prompt=open middle drawer
2026-09-18 14:22:00,970 | INFO | [t=1860] VLA chunk prompt=open middle drawer
2026-09-18 14:22:01,320 | INFO | [t=1870] VLA chunk prompt=open middle drawer
2026-09-18 14:22:01,675 | INFO | [t=1880] VLA chunk prompt=open middle drawer
2026-09-18 14:22:01,767 | INFO | [t=1883] stage done: 04_Close_Middle_Drawer
2026-09-18 14:22:02,035 | INFO | [t=1890] VLA chunk prompt=open middle drawer
2026-09-18 14:22:02,405 | INFO | [t=1900] VLA chunk prompt=open middle drawer
2026-09-18 14:22:02,779 | INFO | [t=1910] VLA chunk prompt=open middle drawer
2026-09-18 14:22:03,162 | INFO | [t=1920] VLA chunk prompt=open middle drawer
2026-09-18 14:22:03,539 | INFO | [t=1930] VLA chunk prompt=open middle drawer
2026-09-18 14:22:03,908 | INFO | [t=1940] VLA chunk prompt=open middle drawer
2026-09-18 14:22:04,268 | INFO | [t=1950] VLA chunk prompt=open middle drawer
2026-09-18 14:22:04,623 | INFO | [t=1960] VLA chunk prompt=open middle drawer
2026-09-18 14:22:04,925 | INFO | [t=1970] harness subtask override: open bottom drawer
2026-09-18 14:22:04,925 | INFO | [t=1970] VLM prompt update from step=0: open bottom drawer
2026-09-18 14:22:04,925 | INFO | [t=1970] harness forced VLM replan after stall (pmh visual retrieve armed)
2026-09-18 14:22:04,976 | INFO | [t=1970] VLA chunk prompt=open bottom drawer
2026-09-18 14:22:05,327 | INFO | [t=1980] VLA chunk prompt=open bottom drawer
2026-09-18 14:22:05,677 | INFO | [t=1990] VLA chunk prompt=open bottom drawer
2026-09-18 14:22:06,029 | INFO | [t=2000] VLA chunk prompt=open bottom drawer
2026-09-18 14:22:06,387 | INFO | [t=2010] VLA chunk prompt=open bottom drawer
2026-09-18 14:22:06,758 | INFO | [t=2020] VLA chunk prompt=open bottom drawer
2026-09-18 14:22:07,138 | INFO | [t=2030] VLA chunk prompt=open bottom drawer
2026-09-18 14:22:07,520 | INFO | [t=2040] VLA chunk prompt=open bottom drawer
2026-09-18 14:22:07,900 | INFO | [t=2050] VLA chunk prompt=open bottom drawer
2026-09-18 14:22:08,278 | INFO | [t=2060] VLA chunk prompt=open bottom drawer
2026-09-18 14:22:08,660 | INFO | [t=2070] VLA chunk prompt=open bottom drawer
2026-09-18 14:22:09,033 | INFO | [t=2080] VLA chunk prompt=open bottom drawer
2026-09-18 14:22:09,407 | INFO | [t=2090] VLA chunk prompt=open bottom drawer
2026-09-18 14:22:09,777 | INFO | [t=2100] VLA chunk prompt=open bottom drawer
2026-09-18 14:22:10,147 | INFO | [t=2110] VLA chunk prompt=open bottom drawer
2026-09-18 14:22:10,516 | INFO | [t=2120] VLA chunk prompt=open bottom drawer
2026-09-18 14:22:10,885 | INFO | [t=2130] VLA chunk prompt=open bottom drawer
2026-09-18 14:22:11,254 | INFO | [t=2140] VLA chunk prompt=open bottom drawer
2026-09-18 14:22:11,631 | INFO | [t=2150] VLA chunk prompt=open bottom drawer
2026-09-18 14:22:12,007 | INFO | [t=2160] VLA chunk prompt=open bottom drawer
2026-09-18 14:22:12,380 | INFO | [t=2170] VLA chunk prompt=open bottom drawer
2026-09-18 14:22:12,751 | INFO | [t=2180] VLA chunk prompt=open bottom drawer
2026-09-18 14:22:13,122 | INFO | [t=2190] VLA chunk prompt=open bottom drawer
2026-09-18 14:22:13,493 | INFO | [t=2200] VLA chunk prompt=open bottom drawer
2026-09-18 14:22:13,866 | INFO | [t=2210] VLA chunk prompt=open bottom drawer
2026-09-18 14:22:14,241 | INFO | [t=2220] VLA chunk prompt=open bottom drawer
2026-09-18 14:22:14,609 | INFO | [t=2230] VLA chunk prompt=open bottom drawer
2026-09-18 14:22:14,969 | INFO | [t=2240] VLA chunk prompt=open bottom drawer
2026-09-18 14:22:15,328 | INFO | [t=2250] VLA chunk prompt=open bottom drawer
2026-09-18 14:22:15,689 | INFO | [t=2260] VLA chunk prompt=open bottom drawer
2026-09-18 14:22:16,050 | INFO | [t=2270] VLA chunk prompt=open bottom drawer
2026-09-18 14:22:16,410 | INFO | [t=2280] VLA chunk prompt=open bottom drawer
2026-09-18 14:22:16,767 | INFO | [t=2290] VLA chunk prompt=open bottom drawer
2026-09-18 14:22:17,125 | INFO | [t=2300] VLA chunk prompt=open bottom drawer
2026-09-18 14:22:17,484 | INFO | [t=2310] VLA chunk prompt=open bottom drawer
2026-09-18 14:22:17,842 | INFO | [t=2320] VLA chunk prompt=open bottom drawer
2026-09-18 14:22:18,197 | INFO | [t=2330] VLA chunk prompt=open bottom drawer
2026-09-18 14:22:18,559 | INFO | [t=2340] VLA chunk prompt=open bottom drawer
2026-09-18 14:22:18,926 | INFO | [t=2350] VLA chunk prompt=open bottom drawer
2026-09-18 14:22:19,295 | INFO | [t=2360] VLA chunk prompt=open bottom drawer
2026-09-18 14:22:19,665 | INFO | [t=2370] VLA chunk prompt=open bottom drawer
2026-09-18 14:22:20,039 | INFO | [t=2380] VLA chunk prompt=open bottom drawer
2026-09-18 14:22:20,409 | INFO | [t=2390] VLA chunk prompt=open bottom drawer
2026-09-18 14:22:20,783 | INFO | [t=2400] VLA chunk prompt=open bottom drawer
2026-09-18 14:22:21,150 | INFO | [t=2410] VLA chunk prompt=open bottom drawer
2026-09-18 14:22:21,511 | INFO | [t=2420] VLA chunk prompt=open bottom drawer
2026-09-18 14:22:21,871 | INFO | [t=2430] VLA chunk prompt=open bottom drawer
2026-09-18 14:22:22,231 | INFO | [t=2440] VLA chunk prompt=open bottom drawer
2026-09-18 14:22:22,595 | INFO | [t=2450] VLA chunk prompt=open bottom drawer
2026-09-18 14:22:22,953 | INFO | [t=2460] VLA chunk prompt=open bottom drawer
2026-09-18 14:22:23,310 | INFO | [t=2470] VLA chunk prompt=open bottom drawer
2026-09-18 14:22:23,682 | INFO | [t=2480] VLA chunk prompt=open bottom drawer
2026-09-18 14:22:24,066 | INFO | [t=2490] VLA chunk prompt=open bottom drawer
2026-09-18 14:22:24,435 | INFO | [t=2500] VLA chunk prompt=open bottom drawer
2026-09-18 14:22:27,777 | INFO | attempt=0 stage_score=50.0 stage_success=False failure_reason=incomplete_stage
2026-09-18 14:22:29,668 | INFO | harness release_gripper after env.reset (attempt=1)
2026-09-18 14:22:29,668 | INFO | async VLM enabled: single-slot subtask buffer
2026-09-18 14:22:29,924 | INFO | [t=10] VLA chunk prompt=Open all drawers in order, remember the empty drawer, then put butter into that empty drawer.
2026-09-18 14:22:30,201 | INFO | [t=20] VLA chunk prompt=Open all drawers in order, remember the empty drawer, then put butter into that empty drawer.
2026-09-18 14:22:30,474 | INFO | [t=30] VLA chunk prompt=Open all drawers in order, remember the empty drawer, then put butter into that empty drawer.
2026-09-18 14:22:30,743 | INFO | [t=40] VLA chunk prompt=Open all drawers in order, remember the empty drawer, then put butter into that empty drawer.
2026-09-18 14:22:31,014 | INFO | [t=50] VLA chunk prompt=Open all drawers in order, remember the empty drawer, then put butter into that empty drawer.
2026-09-18 14:22:31,284 | INFO | [t=60] VLA chunk prompt=Open all drawers in order, remember the empty drawer, then put butter into that empty drawer.
2026-09-18 14:22:31,554 | INFO | [t=70] VLA chunk prompt=Open all drawers in order, remember the empty drawer, then put butter into that empty drawer.
2026-09-18 14:22:31,774 | INFO | [t=80] harness subtask override: open top drawer
2026-09-18 14:22:31,774 | INFO | [t=80] VLM prompt update from step=-1: open top drawer
2026-09-18 14:22:31,775 | INFO | [t=80] harness forced VLM replan after stall (pmh visual retrieve armed)
2026-09-18 14:22:31,825 | INFO | [t=80] VLA chunk prompt=open top drawer
2026-09-18 14:22:32,097 | INFO | [t=90] VLA chunk prompt=open top drawer
2026-09-18 14:22:32,381 | INFO | [t=100] VLA chunk prompt=open top drawer
2026-09-18 14:22:32,685 | INFO | [t=110] VLA chunk prompt=open top drawer
2026-09-18 14:22:32,996 | INFO | [t=120] VLA chunk prompt=open top drawer
2026-09-18 14:22:33,306 | INFO | [t=130] VLA chunk prompt=open top drawer
2026-09-18 14:22:33,621 | INFO | [t=140] VLA chunk prompt=open top drawer
2026-09-18 14:22:33,940 | INFO | [t=150] VLA chunk prompt=open top drawer
2026-09-18 14:22:34,263 | INFO | [t=160] VLA chunk prompt=open top drawer
2026-09-18 14:22:34,589 | INFO | [t=170] VLA chunk prompt=open top drawer
2026-09-18 14:22:34,918 | INFO | [t=180] VLA chunk prompt=open top drawer
2026-09-18 14:22:35,253 | INFO | [t=190] VLA chunk prompt=open top drawer
2026-09-18 14:22:35,592 | INFO | [t=200] VLA chunk prompt=open top drawer
2026-09-18 14:22:35,936 | INFO | [t=210] VLA chunk prompt=open top drawer
2026-09-18 14:22:36,286 | INFO | [t=220] VLA chunk prompt=open top drawer
2026-09-18 14:22:36,640 | INFO | [t=230] VLA chunk prompt=open top drawer
2026-09-18 14:22:37,002 | INFO | [t=240] VLA chunk prompt=open top drawer
2026-09-18 14:22:37,367 | INFO | [t=250] VLA chunk prompt=open top drawer
2026-09-18 14:22:37,735 | INFO | [t=260] VLA chunk prompt=open top drawer
2026-09-18 14:22:38,105 | INFO | [t=270] VLA chunk prompt=open top drawer
2026-09-18 14:22:38,469 | INFO | [t=280] VLA chunk prompt=open top drawer
2026-09-18 14:22:38,830 | INFO | [t=290] VLA chunk prompt=open top drawer
2026-09-18 14:22:39,192 | INFO | [t=300] VLA chunk prompt=open top drawer
2026-09-18 14:22:39,553 | INFO | [t=310] VLA chunk prompt=open top drawer
2026-09-18 14:22:39,915 | INFO | [t=320] VLA chunk prompt=open top drawer
2026-09-18 14:22:40,280 | INFO | [t=330] VLA chunk prompt=open top drawer
2026-09-18 14:22:40,646 | INFO | [t=340] VLA chunk prompt=open top drawer
2026-09-18 14:22:41,012 | INFO | [t=350] VLA chunk prompt=open top drawer
2026-09-18 14:22:41,371 | INFO | [t=360] VLA chunk prompt=open top drawer
2026-09-18 14:22:41,732 | INFO | [t=370] VLA chunk prompt=open top drawer
2026-09-18 14:22:42,092 | INFO | [t=380] VLA chunk prompt=open top drawer
2026-09-18 14:22:42,453 | INFO | [t=390] VLA chunk prompt=open top drawer
2026-09-18 14:22:42,815 | INFO | [t=400] VLA chunk prompt=open top drawer
2026-09-18 14:22:43,182 | INFO | [t=410] VLA chunk prompt=open top drawer
2026-09-18 14:22:43,550 | INFO | [t=420] VLA chunk prompt=open top drawer
2026-09-18 14:22:43,922 | INFO | [t=430] VLA chunk prompt=open top drawer
2026-09-18 14:22:44,297 | INFO | [t=440] VLA chunk prompt=open top drawer
2026-09-18 14:22:44,671 | INFO | [t=450] VLA chunk prompt=open top drawer
2026-09-18 14:22:45,043 | INFO | [t=460] VLA chunk prompt=open top drawer
2026-09-18 14:22:45,412 | INFO | [t=470] VLA chunk prompt=open top drawer
2026-09-18 14:22:45,773 | INFO | [t=480] VLA chunk prompt=open top drawer
2026-09-18 14:22:46,135 | INFO | [t=490] VLA chunk prompt=open top drawer
2026-09-18 14:22:46,496 | INFO | [t=500] VLA chunk prompt=open top drawer
2026-09-18 14:22:46,858 | INFO | [t=510] VLA chunk prompt=open top drawer
2026-09-18 14:22:47,221 | INFO | [t=520] VLA chunk prompt=open top drawer
2026-09-18 14:22:47,593 | INFO | [t=530] VLA chunk prompt=open top drawer
2026-09-18 14:22:47,967 | INFO | [t=540] VLA chunk prompt=open top drawer
2026-09-18 14:22:48,344 | INFO | [t=550] VLA chunk prompt=open top drawer
2026-09-18 14:22:48,722 | INFO | [t=560] VLA chunk prompt=open top drawer
2026-09-18 14:22:49,098 | INFO | [t=570] VLA chunk prompt=open top drawer
2026-09-18 14:22:49,472 | INFO | [t=580] VLA chunk prompt=open top drawer
2026-09-18 14:22:49,847 | INFO | [t=590] VLA chunk prompt=open top drawer
2026-09-18 14:22:50,220 | INFO | [t=600] VLA chunk prompt=open top drawer
2026-09-18 14:22:50,581 | INFO | [t=610] VLA chunk prompt=open top drawer
2026-09-18 14:22:50,941 | INFO | [t=620] VLA chunk prompt=open top drawer
2026-09-18 14:22:51,299 | INFO | [t=630] VLA chunk prompt=open top drawer
2026-09-18 14:22:51,651 | INFO | [t=640] VLA chunk prompt=open top drawer
2026-09-18 14:22:52,004 | INFO | [t=650] VLA chunk prompt=open top drawer
2026-09-18 14:22:52,359 | INFO | [t=660] VLA chunk prompt=open top drawer
2026-09-18 14:22:52,716 | INFO | [t=670] VLA chunk prompt=open top drawer
2026-09-18 14:22:53,074 | INFO | [t=680] VLA chunk prompt=open top drawer
2026-09-18 14:22:53,442 | INFO | [t=690] VLA chunk prompt=open top drawer
2026-09-18 14:22:53,807 | INFO | [t=700] VLA chunk prompt=open top drawer
2026-09-18 14:22:54,173 | INFO | [t=710] VLA chunk prompt=open top drawer
2026-09-18 14:22:54,537 | INFO | [t=720] VLA chunk prompt=open top drawer
2026-09-18 14:22:54,904 | INFO | [t=730] VLA chunk prompt=open top drawer
2026-09-18 14:22:55,267 | INFO | [t=740] VLA chunk prompt=open top drawer
2026-09-18 14:22:55,629 | INFO | [t=750] VLA chunk prompt=open top drawer
2026-09-18 14:22:55,993 | INFO | [t=760] VLA chunk prompt=open top drawer
2026-09-18 14:22:56,354 | INFO | [t=770] VLA chunk prompt=open top drawer
2026-09-18 14:22:56,720 | INFO | [t=780] VLA chunk prompt=open top drawer
2026-09-18 14:22:57,096 | INFO | [t=790] VLA chunk prompt=open top drawer
2026-09-18 14:22:57,204 | INFO | API VLM @t=0 task=5 subtask=open top drawer keyframes=[]
2026-09-18 14:22:57,478 | INFO | [t=800] VLA chunk prompt=open top drawer
2026-09-18 14:22:57,860 | INFO | [t=810] VLA chunk prompt=open top drawer
2026-09-18 14:22:58,240 | INFO | [t=820] VLA chunk prompt=open top drawer
2026-09-18 14:22:58,618 | INFO | [t=830] VLA chunk prompt=open top drawer
2026-09-18 14:22:58,992 | INFO | [t=840] VLA chunk prompt=open top drawer
2026-09-18 14:22:59,368 | INFO | [t=850] VLA chunk prompt=open top drawer
2026-09-18 14:22:59,737 | INFO | [t=860] VLA chunk prompt=open top drawer
2026-09-18 14:23:00,102 | INFO | [t=870] VLA chunk prompt=open top drawer
2026-09-18 14:23:00,470 | INFO | [t=880] VLA chunk prompt=open top drawer
2026-09-18 14:23:00,836 | INFO | [t=890] VLA chunk prompt=open top drawer
2026-09-18 14:23:01,198 | INFO | [t=900] VLA chunk prompt=open top drawer
2026-09-18 14:23:01,562 | INFO | [t=910] VLA chunk prompt=open top drawer
2026-09-18 14:23:01,931 | INFO | [t=920] VLA chunk prompt=open top drawer
2026-09-18 14:23:02,314 | INFO | [t=930] VLA chunk prompt=open top drawer
2026-09-18 14:23:02,693 | INFO | [t=940] VLA chunk prompt=open top drawer
2026-09-18 14:23:03,076 | INFO | [t=950] VLA chunk prompt=open top drawer
2026-09-18 14:23:03,460 | INFO | [t=960] VLA chunk prompt=open top drawer
2026-09-18 14:23:03,841 | INFO | [t=970] VLA chunk prompt=open top drawer
2026-09-18 14:23:04,215 | INFO | [t=980] VLA chunk prompt=open top drawer
2026-09-18 14:23:04,585 | INFO | [t=990] VLA chunk prompt=open top drawer
2026-09-18 14:23:04,955 | INFO | [t=1000] VLA chunk prompt=open top drawer
2026-09-18 14:23:05,328 | INFO | [t=1010] VLA chunk prompt=open top drawer
2026-09-18 14:23:05,700 | INFO | [t=1020] VLA chunk prompt=open top drawer
2026-09-18 14:23:06,072 | INFO | [t=1030] VLA chunk prompt=open top drawer
2026-09-18 14:23:06,445 | INFO | [t=1040] VLA chunk prompt=open top drawer
2026-09-18 14:23:06,816 | INFO | [t=1050] VLA chunk prompt=open top drawer
2026-09-18 14:23:07,183 | INFO | [t=1060] VLA chunk prompt=open top drawer
2026-09-18 14:23:07,551 | INFO | [t=1070] VLA chunk prompt=open top drawer
2026-09-18 14:23:07,918 | INFO | [t=1080] VLA chunk prompt=open top drawer
2026-09-18 14:23:08,285 | INFO | [t=1090] VLA chunk prompt=open top drawer
2026-09-18 14:23:08,654 | INFO | [t=1100] VLA chunk prompt=open top drawer
2026-09-18 14:23:09,029 | INFO | [t=1110] VLA chunk prompt=open top drawer
2026-09-18 14:23:09,406 | INFO | [t=1120] VLA chunk prompt=open top drawer
2026-09-18 14:23:09,788 | INFO | [t=1130] VLA chunk prompt=open top drawer
2026-09-18 14:23:10,171 | INFO | [t=1140] VLA chunk prompt=open top drawer
2026-09-18 14:23:10,558 | INFO | [t=1150] VLA chunk prompt=open top drawer
2026-09-18 14:23:10,942 | INFO | [t=1160] VLA chunk prompt=open top drawer
2026-09-18 14:23:11,321 | INFO | [t=1170] VLA chunk prompt=open top drawer
2026-09-18 14:23:11,700 | INFO | [t=1180] VLA chunk prompt=open top drawer
2026-09-18 14:23:12,079 | INFO | [t=1190] VLA chunk prompt=open top drawer
2026-09-18 14:23:12,456 | INFO | [t=1200] VLA chunk prompt=open top drawer
2026-09-18 14:23:12,832 | INFO | [t=1210] VLA chunk prompt=open top drawer
2026-09-18 14:23:13,209 | INFO | [t=1220] VLA chunk prompt=open top drawer
2026-09-18 14:23:13,585 | INFO | [t=1230] VLA chunk prompt=open top drawer
2026-09-18 14:23:13,962 | INFO | [t=1240] VLA chunk prompt=open top drawer
2026-09-18 14:23:14,341 | INFO | [t=1250] VLA chunk prompt=open top drawer
2026-09-18 14:23:14,723 | INFO | [t=1260] VLA chunk prompt=open top drawer
2026-09-18 14:23:15,102 | INFO | [t=1270] VLA chunk prompt=open top drawer
2026-09-18 14:23:15,481 | INFO | [t=1280] VLA chunk prompt=open top drawer
2026-09-18 14:23:15,856 | INFO | [t=1290] VLA chunk prompt=open top drawer
2026-09-18 14:23:16,232 | INFO | [t=1300] VLA chunk prompt=open top drawer
2026-09-18 14:23:16,607 | INFO | [t=1310] VLA chunk prompt=open top drawer
2026-09-18 14:23:16,981 | INFO | [t=1320] VLA chunk prompt=open top drawer
2026-09-18 14:23:17,360 | INFO | [t=1330] VLA chunk prompt=open top drawer
2026-09-18 14:23:17,741 | INFO | [t=1340] VLA chunk prompt=open top drawer
2026-09-18 14:23:18,125 | INFO | [t=1350] VLA chunk prompt=open top drawer
2026-09-18 14:23:18,504 | INFO | [t=1360] VLA chunk prompt=open top drawer
2026-09-18 14:23:18,881 | INFO | [t=1370] VLA chunk prompt=open top drawer
2026-09-18 14:23:19,254 | INFO | [t=1380] VLA chunk prompt=open top drawer
2026-09-18 14:23:19,629 | INFO | [t=1390] VLA chunk prompt=open top drawer
2026-09-18 14:23:20,004 | INFO | [t=1400] VLA chunk prompt=open top drawer
2026-09-18 14:23:20,380 | INFO | [t=1410] VLA chunk prompt=open top drawer
2026-09-18 14:23:20,764 | INFO | [t=1420] VLA chunk prompt=open top drawer
2026-09-18 14:23:21,165 | INFO | [t=1430] VLA chunk prompt=open top drawer
2026-09-18 14:23:21,556 | INFO | [t=1440] VLA chunk prompt=open top drawer
2026-09-18 14:23:21,944 | INFO | [t=1450] VLA chunk prompt=open top drawer
2026-09-18 14:23:22,328 | INFO | [t=1460] VLA chunk prompt=open top drawer
2026-09-18 14:23:22,709 | INFO | [t=1470] VLA chunk prompt=open top drawer
2026-09-18 14:23:23,083 | INFO | [t=1480] VLA chunk prompt=open top drawer
2026-09-18 14:23:23,461 | INFO | [t=1490] VLA chunk prompt=open top drawer
2026-09-18 14:23:23,835 | INFO | [t=1500] VLA chunk prompt=open top drawer
2026-09-18 14:23:24,201 | INFO | [t=1510] VLA chunk prompt=open top drawer
2026-09-18 14:23:24,562 | INFO | [t=1520] VLA chunk prompt=open top drawer
2026-09-18 14:23:24,925 | INFO | [t=1530] VLA chunk prompt=open top drawer
2026-09-18 14:23:25,292 | INFO | [t=1540] VLA chunk prompt=open top drawer
2026-09-18 14:23:25,662 | INFO | [t=1550] VLA chunk prompt=open top drawer
2026-09-18 14:23:26,033 | INFO | [t=1560] VLA chunk prompt=open top drawer
2026-09-18 14:23:26,406 | INFO | [t=1570] VLA chunk prompt=open top drawer
2026-09-18 14:23:26,776 | INFO | [t=1580] VLA chunk prompt=open top drawer
2026-09-18 14:23:27,152 | INFO | [t=1590] VLA chunk prompt=open top drawer
2026-09-18 14:23:27,538 | INFO | [t=1600] VLA chunk prompt=open top drawer
2026-09-18 14:23:27,571 | INFO | [t=1601] stage done: 01_Open_Top_Drawer
2026-09-18 14:23:27,916 | INFO | [t=1610] VLA chunk prompt=open top drawer
2026-09-18 14:23:28,294 | INFO | [t=1620] VLA chunk prompt=open top drawer
2026-09-18 14:23:28,559 | INFO | [t=1628] stage done: 02_Close_Top_Drawer
2026-09-18 14:23:28,676 | INFO | [t=1630] VLA chunk prompt=open top drawer
2026-09-18 14:23:29,059 | INFO | [t=1640] VLA chunk prompt=open top drawer
2026-09-18 14:23:29,445 | INFO | [t=1650] VLA chunk prompt=open top drawer
2026-09-18 14:23:29,837 | INFO | [t=1660] VLA chunk prompt=open top drawer
2026-09-18 14:23:30,222 | INFO | [t=1670] VLA chunk prompt=open top drawer
2026-09-18 14:23:30,596 | INFO | [t=1680] VLA chunk prompt=open top drawer
2026-09-18 14:23:30,967 | INFO | [t=1690] VLA chunk prompt=open top drawer
2026-09-18 14:23:31,335 | INFO | [t=1700] VLA chunk prompt=open top drawer
2026-09-18 14:23:31,649 | INFO | [t=1710] harness subtask override: open middle drawer
2026-09-18 14:23:31,649 | INFO | [t=1710] VLM prompt update from step=0: open middle drawer
2026-09-18 14:23:31,649 | INFO | [t=1710] harness forced VLM replan after stall (pmh visual retrieve armed)
2026-09-18 14:23:31,700 | INFO | [t=1710] VLA chunk prompt=open middle drawer
2026-09-18 14:23:32,057 | INFO | [t=1720] VLA chunk prompt=open middle drawer
2026-09-18 14:23:32,415 | INFO | [t=1730] VLA chunk prompt=open middle drawer
2026-09-18 14:23:32,772 | INFO | [t=1740] VLA chunk prompt=open middle drawer
2026-09-18 14:23:33,129 | INFO | [t=1750] VLA chunk prompt=open middle drawer
2026-09-18 14:23:33,493 | INFO | [t=1760] VLA chunk prompt=open middle drawer
2026-09-18 14:23:33,860 | INFO | [t=1770] VLA chunk prompt=open middle drawer
2026-09-18 14:23:34,230 | INFO | [t=1780] VLA chunk prompt=open middle drawer
2026-09-18 14:23:34,600 | INFO | [t=1790] VLA chunk prompt=open middle drawer
2026-09-18 14:23:34,972 | INFO | [t=1800] VLA chunk prompt=open middle drawer
2026-09-18 14:23:35,349 | INFO | [t=1810] VLA chunk prompt=open middle drawer
2026-09-18 14:23:35,726 | INFO | [t=1820] VLA chunk prompt=open middle drawer
2026-09-18 14:23:36,097 | INFO | [t=1830] VLA chunk prompt=open middle drawer
2026-09-18 14:23:36,468 | INFO | [t=1840] VLA chunk prompt=open middle drawer
2026-09-18 14:23:36,842 | INFO | [t=1850] VLA chunk prompt=open middle drawer
2026-09-18 14:23:37,220 | INFO | [t=1860] VLA chunk prompt=open middle drawer
2026-09-18 14:23:37,596 | INFO | [t=1870] VLA chunk prompt=open middle drawer
2026-09-18 14:23:37,973 | INFO | [t=1880] VLA chunk prompt=open middle drawer
2026-09-18 14:23:38,340 | INFO | [t=1890] VLA chunk prompt=open middle drawer
2026-09-18 14:23:38,698 | INFO | [t=1900] VLA chunk prompt=open middle drawer
2026-09-18 14:23:39,049 | INFO | [t=1910] VLA chunk prompt=open middle drawer
2026-09-18 14:23:39,397 | INFO | [t=1920] VLA chunk prompt=open middle drawer
2026-09-18 14:23:39,745 | INFO | [t=1930] VLA chunk prompt=open middle drawer
2026-09-18 14:23:40,096 | INFO | [t=1940] VLA chunk prompt=open middle drawer
2026-09-18 14:23:40,451 | INFO | [t=1950] VLA chunk prompt=open middle drawer
2026-09-18 14:23:40,812 | INFO | [t=1960] VLA chunk prompt=open middle drawer
2026-09-18 14:23:41,167 | INFO | [t=1970] VLA chunk prompt=open middle drawer
2026-09-18 14:23:41,524 | INFO | [t=1980] VLA chunk prompt=open middle drawer
2026-09-18 14:23:41,887 | INFO | [t=1990] VLA chunk prompt=open middle drawer
2026-09-18 14:23:42,246 | INFO | [t=2000] VLA chunk prompt=open middle drawer
2026-09-18 14:23:42,599 | INFO | [t=2010] VLA chunk prompt=open middle drawer
2026-09-18 14:23:42,956 | INFO | [t=2020] VLA chunk prompt=open middle drawer
2026-09-18 14:23:43,317 | INFO | [t=2030] VLA chunk prompt=open middle drawer
2026-09-18 14:23:43,679 | INFO | [t=2040] VLA chunk prompt=open middle drawer
2026-09-18 14:23:44,042 | INFO | [t=2050] VLA chunk prompt=open middle drawer
2026-09-18 14:23:44,400 | INFO | [t=2060] VLA chunk prompt=open middle drawer
2026-09-18 14:23:44,758 | INFO | [t=2070] VLA chunk prompt=open middle drawer
2026-09-18 14:23:45,116 | INFO | [t=2080] VLA chunk prompt=open middle drawer
2026-09-18 14:23:45,474 | INFO | [t=2090] VLA chunk prompt=open middle drawer
2026-09-18 14:23:45,831 | INFO | [t=2100] VLA chunk prompt=open middle drawer
2026-09-18 14:23:46,192 | INFO | [t=2110] VLA chunk prompt=open middle drawer
2026-09-18 14:23:46,554 | INFO | [t=2120] VLA chunk prompt=open middle drawer
2026-09-18 14:23:46,920 | INFO | [t=2130] VLA chunk prompt=open middle drawer
2026-09-18 14:23:47,287 | INFO | [t=2140] VLA chunk prompt=open middle drawer
2026-09-18 14:23:47,655 | INFO | [t=2150] VLA chunk prompt=open middle drawer
2026-09-18 14:23:48,024 | INFO | [t=2160] VLA chunk prompt=open middle drawer
2026-09-18 14:23:48,391 | INFO | [t=2170] VLA chunk prompt=open middle drawer
2026-09-18 14:23:48,759 | INFO | [t=2180] VLA chunk prompt=open middle drawer
2026-09-18 14:23:49,127 | INFO | [t=2190] VLA chunk prompt=open middle drawer
2026-09-18 14:23:49,493 | INFO | [t=2200] VLA chunk prompt=open middle drawer
2026-09-18 14:23:49,858 | INFO | [t=2210] VLA chunk prompt=open middle drawer
2026-09-18 14:23:50,221 | INFO | [t=2220] VLA chunk prompt=open middle drawer
2026-09-18 14:23:50,584 | INFO | [t=2230] VLA chunk prompt=open middle drawer
2026-09-18 14:23:50,948 | INFO | [t=2240] VLA chunk prompt=open middle drawer
2026-09-18 14:23:51,319 | INFO | [t=2250] VLA chunk prompt=open middle drawer
2026-09-18 14:23:51,689 | INFO | [t=2260] VLA chunk prompt=open middle drawer
2026-09-18 14:23:52,059 | INFO | [t=2270] VLA chunk prompt=open middle drawer
2026-09-18 14:23:52,428 | INFO | [t=2280] VLA chunk prompt=open middle drawer
2026-09-18 14:23:52,796 | INFO | [t=2290] VLA chunk prompt=open middle drawer
2026-09-18 14:23:53,165 | INFO | [t=2300] VLA chunk prompt=open middle drawer
2026-09-18 14:23:53,533 | INFO | [t=2310] VLA chunk prompt=open middle drawer
2026-09-18 14:23:53,895 | INFO | [t=2320] VLA chunk prompt=open middle drawer
2026-09-18 14:23:54,260 | INFO | [t=2330] VLA chunk prompt=open middle drawer
2026-09-18 14:23:54,634 | INFO | [t=2340] VLA chunk prompt=open middle drawer
2026-09-18 14:23:55,018 | INFO | [t=2350] VLA chunk prompt=open middle drawer
2026-09-18 14:23:55,410 | INFO | [t=2360] VLA chunk prompt=open middle drawer
2026-09-18 14:23:55,779 | INFO | [t=2370] VLA chunk prompt=open middle drawer
2026-09-18 14:23:56,145 | INFO | [t=2380] VLA chunk prompt=open middle drawer
2026-09-18 14:23:56,500 | INFO | [t=2390] VLA chunk prompt=open middle drawer
2026-09-18 14:23:56,844 | INFO | [t=2400] VLA chunk prompt=open middle drawer
2026-09-18 14:23:57,184 | INFO | [t=2410] VLA chunk prompt=open middle drawer
2026-09-18 14:23:57,526 | INFO | [t=2420] VLA chunk prompt=open middle drawer
2026-09-18 14:23:57,869 | INFO | [t=2430] VLA chunk prompt=open middle drawer
2026-09-18 14:23:58,210 | INFO | [t=2440] VLA chunk prompt=open middle drawer
2026-09-18 14:23:58,524 | INFO | API VLM @t=780 task=5 subtask=open top drawer keyframes=[]
2026-09-18 14:23:58,556 | INFO | [t=2450] VLA chunk prompt=open middle drawer
2026-09-18 14:23:58,849 | INFO | [t=2460] VLM prompt update from step=780: open top drawer
2026-09-18 14:23:58,899 | INFO | [t=2460] VLA chunk prompt=open top drawer
2026-09-18 14:23:59,244 | INFO | [t=2470] VLA chunk prompt=open top drawer
2026-09-18 14:23:59,594 | INFO | [t=2480] VLA chunk prompt=open top drawer
2026-09-18 14:23:59,950 | INFO | [t=2490] VLA chunk prompt=open top drawer
2026-09-18 14:24:00,317 | INFO | [t=2500] VLA chunk prompt=open top drawer
2026-09-18 14:24:03,647 | INFO | attempt=1 stage_score=25.0 stage_success=False failure_reason=incomplete_stage
2026-09-18 14:24:03,650 | INFO | Episode 1 seed=101 stage_score=50.0 stage_success=0 goal=0.500 failure_reason=incomplete_stage | 01_Open_Top_Drawer=Y | 02_Close_Top_Drawer=Y | 03_Open_Middle_Drawer=Y | 04_Close_Middle_Drawer=Y | 05_Open_Bottom_Drawer=N | 06_Close_Bottom_Drawer=N | 07_Open_Middle_Drawer_Again=N | 08_Put_Butter_Middle_Drawer=N | 09_Close_Middle_Drawer_Final=N
2026-09-18 14:24:05,476 | INFO | API VLM @t=830 task=5 subtask=open the top drawer keyframes=[]
