2026-09-26 20:09:09,353 | INFO | task_id=8 bddl=/project/peilab/why/RoboMemArena/bddl/8_pick_chocolate_in_frypan_pour_tomato_sauce_twice.bddl vlm_ckpt=/project/peilab/why/RoboMemArena/checkpoints/PrediMem/vlm_tasks1to26_ckpt74500
2026-09-26 20:09:11,038 | INFO | async VLM enabled: single-slot subtask buffer
2026-09-26 20:09:11,273 | INFO | [t=10] VLA chunk prompt=Pick and place chocolate into the frypan, pour tomato sauce over it twice, then place the sauce bottle into the bowl drainer.
2026-09-26 20:09:11,516 | INFO | [t=20] VLA chunk prompt=Pick and place chocolate into the frypan, pour tomato sauce over it twice, then place the sauce bottle into the bowl drainer.
2026-09-26 20:09:11,757 | INFO | [t=30] VLA chunk prompt=Pick and place chocolate into the frypan, pour tomato sauce over it twice, then place the sauce bottle into the bowl drainer.
2026-09-26 20:09:12,004 | INFO | [t=40] VLA chunk prompt=Pick and place chocolate into the frypan, pour tomato sauce over it twice, then place the sauce bottle into the bowl drainer.
2026-09-26 20:09:12,245 | INFO | [t=50] VLA chunk prompt=Pick and place chocolate into the frypan, pour tomato sauce over it twice, then place the sauce bottle into the bowl drainer.
2026-09-26 20:09:12,486 | INFO | [t=60] VLA chunk prompt=Pick and place chocolate into the frypan, pour tomato sauce over it twice, then place the sauce bottle into the bowl drainer.
2026-09-26 20:09:12,726 | INFO | [t=70] VLA chunk prompt=Pick and place chocolate into the frypan, pour tomato sauce over it twice, then place the sauce bottle into the bowl drainer.
2026-09-26 20:09:12,967 | INFO | [t=80] VLA chunk prompt=Pick and place chocolate into the frypan, pour tomato sauce over it twice, then place the sauce bottle into the bowl drainer.
2026-09-26 20:09:13,208 | INFO | [t=90] VLA chunk prompt=Pick and place chocolate into the frypan, pour tomato sauce over it twice, then place the sauce bottle into the bowl drainer.
2026-09-26 20:09:13,448 | INFO | [t=100] VLA chunk prompt=Pick and place chocolate into the frypan, pour tomato sauce over it twice, then place the sauce bottle into the bowl drainer.
2026-09-26 20:09:13,688 | INFO | [t=110] VLA chunk prompt=Pick and place chocolate into the frypan, pour tomato sauce over it twice, then place the sauce bottle into the bowl drainer.
2026-09-26 20:09:13,927 | INFO | [t=120] VLA chunk prompt=Pick and place chocolate into the frypan, pour tomato sauce over it twice, then place the sauce bottle into the bowl drainer.
2026-09-26 20:09:14,180 | INFO | [t=130] VLA chunk prompt=Pick and place chocolate into the frypan, pour tomato sauce over it twice, then place the sauce bottle into the bowl drainer.
2026-09-26 20:09:14,448 | INFO | [t=140] VLA chunk prompt=Pick and place chocolate into the frypan, pour tomato sauce over it twice, then place the sauce bottle into the bowl drainer.
2026-09-26 20:09:14,720 | INFO | [t=150] VLA chunk prompt=Pick and place chocolate into the frypan, pour tomato sauce over it twice, then place the sauce bottle into the bowl drainer.
2026-09-26 20:09:15,004 | INFO | [t=160] VLA chunk prompt=Pick and place chocolate into the frypan, pour tomato sauce over it twice, then place the sauce bottle into the bowl drainer.
2026-09-26 20:09:15,290 | INFO | [t=170] VLA chunk prompt=Pick and place chocolate into the frypan, pour tomato sauce over it twice, then place the sauce bottle into the bowl drainer.
2026-09-26 20:09:15,583 | INFO | [t=180] VLA chunk prompt=Pick and place chocolate into the frypan, pour tomato sauce over it twice, then place the sauce bottle into the bowl drainer.
2026-09-26 20:09:15,880 | INFO | [t=190] VLA chunk prompt=Pick and place chocolate into the frypan, pour tomato sauce over it twice, then place the sauce bottle into the bowl drainer.
2026-09-26 20:09:16,179 | INFO | [t=200] VLA chunk prompt=Pick and place chocolate into the frypan, pour tomato sauce over it twice, then place the sauce bottle into the bowl drainer.
2026-09-26 20:09:16,485 | INFO | [t=210] VLA chunk prompt=Pick and place chocolate into the frypan, pour tomato sauce over it twice, then place the sauce bottle into the bowl drainer.
2026-09-26 20:09:16,791 | INFO | [t=220] VLA chunk prompt=Pick and place chocolate into the frypan, pour tomato sauce over it twice, then place the sauce bottle into the bowl drainer.
2026-09-26 20:09:17,098 | INFO | API VLM @t=0 task=8 subtask=Pick up the chocolate and place it into the frypan keyframes=[]
2026-09-26 20:09:17,102 | INFO | [t=230] VLA chunk prompt=Pick and place chocolate into the frypan, pour tomato sauce over it twice, then place the sauce bottle into the bowl drainer.
2026-09-26 20:09:17,368 | INFO | [t=240] VLM prompt update from step=0: Pick up the chocolate and place it into the frypan
2026-09-26 20:09:17,419 | INFO | [t=240] VLA chunk prompt=Pick up the chocolate and place it into the frypan
2026-09-26 20:09:17,738 | INFO | [t=250] VLA chunk prompt=Pick up the chocolate and place it into the frypan
2026-09-26 20:09:18,062 | INFO | [t=260] VLA chunk prompt=Pick up the chocolate and place it into the frypan
2026-09-26 20:09:18,389 | INFO | [t=270] VLA chunk prompt=Pick up the chocolate and place it into the frypan
2026-09-26 20:09:18,718 | INFO | [t=280] VLA chunk prompt=Pick up the chocolate and place it into the frypan
2026-09-26 20:09:19,049 | INFO | [t=290] VLA chunk prompt=Pick up the chocolate and place it into the frypan
2026-09-26 20:09:19,378 | INFO | [t=300] VLA chunk prompt=Pick up the chocolate and place it into the frypan
2026-09-26 20:09:19,706 | INFO | [t=310] VLA chunk prompt=Pick up the chocolate and place it into the frypan
2026-09-26 20:09:20,034 | INFO | [t=320] VLA chunk prompt=Pick up the chocolate and place it into the frypan
2026-09-26 20:09:20,361 | INFO | [t=330] VLA chunk prompt=Pick up the chocolate and place it into the frypan
2026-09-26 20:09:20,688 | INFO | [t=340] VLA chunk prompt=Pick up the chocolate and place it into the frypan
2026-09-26 20:09:21,014 | INFO | [t=350] VLA chunk prompt=Pick up the chocolate and place it into the frypan
2026-09-26 20:09:21,331 | INFO | [t=360] VLA chunk prompt=Pick up the chocolate and place it into the frypan
2026-09-26 20:09:21,653 | INFO | [t=370] VLA chunk prompt=Pick up the chocolate and place it into the frypan
2026-09-26 20:09:21,977 | INFO | [t=380] VLA chunk prompt=Pick up the chocolate and place it into the frypan
2026-09-26 20:09:22,301 | INFO | [t=390] VLA chunk prompt=Pick up the chocolate and place it into the frypan
2026-09-26 20:09:22,625 | INFO | [t=400] VLA chunk prompt=Pick up the chocolate and place it into the frypan
2026-09-26 20:09:22,950 | INFO | [t=410] VLA chunk prompt=Pick up the chocolate and place it into the frypan
2026-09-26 20:09:23,273 | INFO | [t=420] VLA chunk prompt=Pick up the chocolate and place it into the frypan
2026-09-26 20:09:23,596 | INFO | [t=430] VLA chunk prompt=Pick up the chocolate and place it into the frypan
2026-09-26 20:09:23,921 | INFO | [t=440] VLA chunk prompt=Pick up the chocolate and place it into the frypan
2026-09-26 20:09:24,248 | INFO | [t=450] VLA chunk prompt=Pick up the chocolate and place it into the frypan
2026-09-26 20:09:24,574 | INFO | [t=460] VLA chunk prompt=Pick up the chocolate and place it into the frypan
2026-09-26 20:09:24,900 | INFO | [t=470] VLA chunk prompt=Pick up the chocolate and place it into the frypan
2026-09-26 20:09:25,223 | INFO | [t=480] VLA chunk prompt=Pick up the chocolate and place it into the frypan
2026-09-26 20:09:25,543 | INFO | [t=490] VLA chunk prompt=Pick up the chocolate and place it into the frypan
2026-09-26 20:09:25,864 | INFO | [t=500] VLA chunk prompt=Pick up the chocolate and place it into the frypan
2026-09-26 20:09:26,185 | INFO | [t=510] VLA chunk prompt=Pick up the chocolate and place it into the frypan
2026-09-26 20:09:26,504 | INFO | [t=520] VLA chunk prompt=Pick up the chocolate and place it into the frypan
2026-09-26 20:09:26,823 | INFO | [t=530] VLA chunk prompt=Pick up the chocolate and place it into the frypan
2026-09-26 20:09:27,142 | INFO | [t=540] VLA chunk prompt=Pick up the chocolate and place it into the frypan
2026-09-26 20:09:27,480 | INFO | [t=550] VLA chunk prompt=Pick up the chocolate and place it into the frypan
2026-09-26 20:09:27,829 | INFO | [t=560] VLA chunk prompt=Pick up the chocolate and place it into the frypan
2026-09-26 20:09:27,945 | INFO | [t=564] stage done: 01_Lift_Tomato_Sauce
2026-09-26 20:09:28,173 | INFO | [t=570] VLA chunk prompt=Pick up the chocolate and place it into the frypan
2026-09-26 20:09:28,519 | INFO | [t=580] VLA chunk prompt=Pick up the chocolate and place it into the frypan
2026-09-26 20:09:28,721 | INFO | API VLM @t=220 task=8 subtask=Pick up the chocolate and place it into the frypan. keyframes=[]
2026-09-26 20:09:28,819 | INFO | [t=590] VLM prompt update from step=220: Pick up the chocolate and place it into the frypan.
2026-09-26 20:09:28,869 | INFO | [t=590] VLA chunk prompt=Pick up the chocolate and place it into the frypan.
2026-09-26 20:09:29,217 | INFO | [t=600] VLA chunk prompt=Pick up the chocolate and place it into the frypan.
2026-09-26 20:09:29,565 | INFO | [t=610] VLA chunk prompt=Pick up the chocolate and place it into the frypan.
2026-09-26 20:09:29,911 | INFO | [t=620] VLA chunk prompt=Pick up the chocolate and place it into the frypan.
2026-09-26 20:09:30,258 | INFO | [t=630] VLA chunk prompt=Pick up the chocolate and place it into the frypan.
2026-09-26 20:09:30,607 | INFO | [t=640] VLA chunk prompt=Pick up the chocolate and place it into the frypan.
2026-09-26 20:09:30,958 | INFO | [t=650] VLA chunk prompt=Pick up the chocolate and place it into the frypan.
2026-09-26 20:09:31,306 | INFO | [t=660] VLA chunk prompt=Pick up the chocolate and place it into the frypan.
2026-09-26 20:09:31,646 | INFO | [t=670] VLA chunk prompt=Pick up the chocolate and place it into the frypan.
2026-09-26 20:09:31,983 | INFO | [t=680] VLA chunk prompt=Pick up the chocolate and place it into the frypan.
2026-09-26 20:09:32,321 | INFO | [t=690] VLA chunk prompt=Pick up the chocolate and place it into the frypan.
2026-09-26 20:09:32,658 | INFO | [t=700] VLA chunk prompt=Pick up the chocolate and place it into the frypan.
2026-09-26 20:09:32,996 | INFO | [t=710] VLA chunk prompt=Pick up the chocolate and place it into the frypan.
2026-09-26 20:09:33,334 | INFO | [t=720] VLA chunk prompt=Pick up the chocolate and place it into the frypan.
2026-09-26 20:09:33,670 | INFO | [t=730] VLA chunk prompt=Pick up the chocolate and place it into the frypan.
2026-09-26 20:09:34,007 | INFO | [t=740] VLA chunk prompt=Pick up the chocolate and place it into the frypan.
2026-09-26 20:09:34,345 | INFO | [t=750] VLA chunk prompt=Pick up the chocolate and place it into the frypan.
2026-09-26 20:09:34,684 | INFO | [t=760] VLA chunk prompt=Pick up the chocolate and place it into the frypan.
2026-09-26 20:09:35,023 | INFO | [t=770] VLA chunk prompt=Pick up the chocolate and place it into the frypan.
2026-09-26 20:09:35,360 | INFO | [t=780] VLA chunk prompt=Pick up the chocolate and place it into the frypan.
2026-09-26 20:09:35,698 | INFO | [t=790] VLA chunk prompt=Pick up the chocolate and place it into the frypan.
2026-09-26 20:09:35,906 | INFO | API VLM @t=575 task=8 subtask=pick up the tomato sauce bottle keyframes=[]
2026-09-26 20:09:35,989 | INFO | [t=800] VLM prompt update from step=575: pick up the tomato sauce bottle
2026-09-26 20:09:36,039 | INFO | [t=800] VLA chunk prompt=pick up the tomato sauce bottle
2026-09-26 20:09:36,376 | INFO | [t=810] VLA chunk prompt=pick up the tomato sauce bottle
2026-09-26 20:09:36,714 | INFO | [t=820] VLA chunk prompt=pick up the tomato sauce bottle
2026-09-26 20:09:37,051 | INFO | [t=830] VLA chunk prompt=pick up the tomato sauce bottle
2026-09-26 20:09:37,387 | INFO | [t=840] VLA chunk prompt=pick up the tomato sauce bottle
2026-09-26 20:09:37,722 | INFO | [t=850] VLA chunk prompt=pick up the tomato sauce bottle
2026-09-26 20:09:38,058 | INFO | [t=860] VLA chunk prompt=pick up the tomato sauce bottle
2026-09-26 20:09:38,392 | INFO | [t=870] VLA chunk prompt=pick up the tomato sauce bottle
2026-09-26 20:09:38,730 | INFO | [t=880] VLA chunk prompt=pick up the tomato sauce bottle
2026-09-26 20:09:39,073 | INFO | [t=890] VLA chunk prompt=pick up the tomato sauce bottle
2026-09-26 20:09:39,417 | INFO | [t=900] VLA chunk prompt=pick up the tomato sauce bottle
2026-09-26 20:09:39,765 | INFO | [t=910] VLA chunk prompt=pick up the tomato sauce bottle
2026-09-26 20:09:40,112 | INFO | [t=920] VLA chunk prompt=pick up the tomato sauce bottle
2026-09-26 20:09:40,459 | INFO | [t=930] VLA chunk prompt=pick up the tomato sauce bottle
2026-09-26 20:09:40,806 | INFO | [t=940] VLA chunk prompt=pick up the tomato sauce bottle
2026-09-26 20:09:41,152 | INFO | [t=950] VLA chunk prompt=pick up the tomato sauce bottle
2026-09-26 20:09:41,502 | INFO | [t=960] VLA chunk prompt=pick up the tomato sauce bottle
2026-09-26 20:09:41,849 | INFO | [t=970] VLA chunk prompt=pick up the tomato sauce bottle
2026-09-26 20:09:42,196 | INFO | [t=980] VLA chunk prompt=pick up the tomato sauce bottle
2026-09-26 20:09:42,212 | INFO | API VLM @t=785 task=8 subtask=Place the tomato sauce bottle into the bowl drainer keyframes=[]
2026-09-26 20:09:42,494 | INFO | [t=990] VLM prompt update from step=785: Place the tomato sauce bottle into the bowl drainer
2026-09-26 20:09:42,545 | INFO | [t=990] VLA chunk prompt=Place the tomato sauce bottle into the bowl drainer
2026-09-26 20:09:42,888 | INFO | [t=1000] VLA chunk prompt=Place the tomato sauce bottle into the bowl drainer
2026-09-26 20:09:43,227 | INFO | [t=1010] VLA chunk prompt=Place the tomato sauce bottle into the bowl drainer
2026-09-26 20:09:43,565 | INFO | [t=1020] VLA chunk prompt=Place the tomato sauce bottle into the bowl drainer
2026-09-26 20:09:43,903 | INFO | [t=1030] VLA chunk prompt=Place the tomato sauce bottle into the bowl drainer
2026-09-26 20:09:44,240 | INFO | [t=1040] VLA chunk prompt=Place the tomato sauce bottle into the bowl drainer
2026-09-26 20:09:44,577 | INFO | [t=1050] VLA chunk prompt=Place the tomato sauce bottle into the bowl drainer
2026-09-26 20:09:44,914 | INFO | [t=1060] VLA chunk prompt=Place the tomato sauce bottle into the bowl drainer
2026-09-26 20:09:45,251 | INFO | [t=1070] VLA chunk prompt=Place the tomato sauce bottle into the bowl drainer
2026-09-26 20:09:45,589 | INFO | [t=1080] VLA chunk prompt=Place the tomato sauce bottle into the bowl drainer
2026-09-26 20:09:45,926 | INFO | [t=1090] VLA chunk prompt=Place the tomato sauce bottle into the bowl drainer
2026-09-26 20:09:46,264 | INFO | [t=1100] VLA chunk prompt=Place the tomato sauce bottle into the bowl drainer
2026-09-26 20:09:46,603 | INFO | [t=1110] VLA chunk prompt=Place the tomato sauce bottle into the bowl drainer
2026-09-26 20:09:46,940 | INFO | [t=1120] VLA chunk prompt=Place the tomato sauce bottle into the bowl drainer
2026-09-26 20:09:47,278 | INFO | [t=1130] VLA chunk prompt=Place the tomato sauce bottle into the bowl drainer
2026-09-26 20:09:47,615 | INFO | [t=1140] VLA chunk prompt=Place the tomato sauce bottle into the bowl drainer
2026-09-26 20:09:47,954 | INFO | [t=1150] VLA chunk prompt=Place the tomato sauce bottle into the bowl drainer
2026-09-26 20:09:48,292 | INFO | [t=1160] VLA chunk prompt=Place the tomato sauce bottle into the bowl drainer
2026-09-26 20:09:48,630 | INFO | [t=1170] VLA chunk prompt=Place the tomato sauce bottle into the bowl drainer
2026-09-26 20:09:48,968 | INFO | [t=1180] VLA chunk prompt=Place the tomato sauce bottle into the bowl drainer
2026-09-26 20:09:49,311 | INFO | [t=1190] VLA chunk prompt=Place the tomato sauce bottle into the bowl drainer
2026-09-26 20:09:49,652 | INFO | [t=1200] VLA chunk prompt=Place the tomato sauce bottle into the bowl drainer
2026-09-26 20:09:49,990 | INFO | [t=1210] VLA chunk prompt=Place the tomato sauce bottle into the bowl drainer
2026-09-26 20:09:50,328 | INFO | [t=1220] VLA chunk prompt=Place the tomato sauce bottle into the bowl drainer
2026-09-26 20:09:50,665 | INFO | [t=1230] VLA chunk prompt=Place the tomato sauce bottle into the bowl drainer
2026-09-26 20:09:50,836 | INFO | API VLM @t=970 task=8 subtask=Pour tomato sauce over the chocolate in the frypan. keyframes=[]
2026-09-26 20:09:50,955 | INFO | [t=1240] VLM prompt update from step=970: Pour tomato sauce over the chocolate in the frypan.
2026-09-26 20:09:51,005 | INFO | [t=1240] VLA chunk prompt=Pour tomato sauce over the chocolate in the frypan.
2026-09-26 20:09:51,343 | INFO | [t=1250] VLA chunk prompt=Pour tomato sauce over the chocolate in the frypan.
2026-09-26 20:09:51,681 | INFO | [t=1260] VLA chunk prompt=Pour tomato sauce over the chocolate in the frypan.
2026-09-26 20:09:52,019 | INFO | [t=1270] VLA chunk prompt=Pour tomato sauce over the chocolate in the frypan.
2026-09-26 20:09:52,358 | INFO | [t=1280] VLA chunk prompt=Pour tomato sauce over the chocolate in the frypan.
2026-09-26 20:09:52,695 | INFO | [t=1290] VLA chunk prompt=Pour tomato sauce over the chocolate in the frypan.
2026-09-26 20:09:53,033 | INFO | [t=1300] VLA chunk prompt=Pour tomato sauce over the chocolate in the frypan.
2026-09-26 20:09:53,371 | INFO | [t=1310] VLA chunk prompt=Pour tomato sauce over the chocolate in the frypan.
2026-09-26 20:09:53,708 | INFO | [t=1320] VLA chunk prompt=Pour tomato sauce over the chocolate in the frypan.
2026-09-26 20:09:54,044 | INFO | [t=1330] VLA chunk prompt=Pour tomato sauce over the chocolate in the frypan.
2026-09-26 20:09:54,381 | INFO | [t=1340] VLA chunk prompt=Pour tomato sauce over the chocolate in the frypan.
2026-09-26 20:09:54,719 | INFO | [t=1350] VLA chunk prompt=Pour tomato sauce over the chocolate in the frypan.
2026-09-26 20:09:55,057 | INFO | [t=1360] VLA chunk prompt=Pour tomato sauce over the chocolate in the frypan.
2026-09-26 20:09:55,393 | INFO | [t=1370] VLA chunk prompt=Pour tomato sauce over the chocolate in the frypan.
2026-09-26 20:09:55,728 | INFO | [t=1380] VLA chunk prompt=Pour tomato sauce over the chocolate in the frypan.
2026-09-26 20:09:56,066 | INFO | [t=1390] VLA chunk prompt=Pour tomato sauce over the chocolate in the frypan.
2026-09-26 20:09:56,403 | INFO | [t=1400] VLA chunk prompt=Pour tomato sauce over the chocolate in the frypan.
2026-09-26 20:09:56,738 | INFO | [t=1410] VLA chunk prompt=Pour tomato sauce over the chocolate in the frypan.
2026-09-26 20:09:57,076 | INFO | [t=1420] VLA chunk prompt=Pour tomato sauce over the chocolate in the frypan.
2026-09-26 20:09:57,414 | INFO | [t=1430] VLA chunk prompt=Pour tomato sauce over the chocolate in the frypan.
2026-09-26 20:09:57,751 | INFO | [t=1440] VLA chunk prompt=Pour tomato sauce over the chocolate in the frypan.
2026-09-26 20:09:58,089 | INFO | [t=1450] VLA chunk prompt=Pour tomato sauce over the chocolate in the frypan.
2026-09-26 20:09:58,427 | INFO | [t=1460] VLA chunk prompt=Pour tomato sauce over the chocolate in the frypan.
2026-09-26 20:09:58,765 | INFO | [t=1470] VLA chunk prompt=Pour tomato sauce over the chocolate in the frypan.
2026-09-26 20:09:59,102 | INFO | [t=1480] VLA chunk prompt=Pour tomato sauce over the chocolate in the frypan.
2026-09-26 20:09:59,438 | INFO | [t=1490] VLA chunk prompt=Pour tomato sauce over the chocolate in the frypan.
2026-09-26 20:09:59,775 | INFO | [t=1500] VLA chunk prompt=Pour tomato sauce over the chocolate in the frypan.
2026-09-26 20:09:59,980 | INFO | API VLM @t=1225 task=8 subtask=pick up the tomato sauce bottle keyframes=[]
2026-09-26 20:10:00,066 | INFO | [t=1510] VLM prompt update from step=1225: pick up the tomato sauce bottle
2026-09-26 20:10:00,116 | INFO | [t=1510] VLA chunk prompt=pick up the tomato sauce bottle
2026-09-26 20:10:00,456 | INFO | [t=1520] VLA chunk prompt=pick up the tomato sauce bottle
2026-09-26 20:10:00,794 | INFO | [t=1530] VLA chunk prompt=pick up the tomato sauce bottle
2026-09-26 20:10:01,131 | INFO | [t=1540] VLA chunk prompt=pick up the tomato sauce bottle
2026-09-26 20:10:01,468 | INFO | [t=1550] VLA chunk prompt=pick up the tomato sauce bottle
2026-09-26 20:10:01,805 | INFO | [t=1560] VLA chunk prompt=pick up the tomato sauce bottle
2026-09-26 20:10:02,142 | INFO | [t=1570] VLA chunk prompt=pick up the tomato sauce bottle
2026-09-26 20:10:02,478 | INFO | [t=1580] VLA chunk prompt=pick up the tomato sauce bottle
2026-09-26 20:10:02,815 | INFO | [t=1590] VLA chunk prompt=pick up the tomato sauce bottle
2026-09-26 20:10:03,153 | INFO | [t=1600] VLA chunk prompt=pick up the tomato sauce bottle
2026-09-26 20:10:03,490 | INFO | [t=1610] VLA chunk prompt=pick up the tomato sauce bottle
2026-09-26 20:10:03,827 | INFO | [t=1620] VLA chunk prompt=pick up the tomato sauce bottle
2026-09-26 20:10:04,164 | INFO | [t=1630] VLA chunk prompt=pick up the tomato sauce bottle
2026-09-26 20:10:04,501 | INFO | [t=1640] VLA chunk prompt=pick up the tomato sauce bottle
2026-09-26 20:10:04,838 | INFO | [t=1650] VLA chunk prompt=pick up the tomato sauce bottle
2026-09-26 20:10:05,176 | INFO | [t=1660] VLA chunk prompt=pick up the tomato sauce bottle
2026-09-26 20:10:05,514 | INFO | [t=1670] VLA chunk prompt=pick up the tomato sauce bottle
2026-09-26 20:10:05,851 | INFO | [t=1680] VLA chunk prompt=pick up the tomato sauce bottle
2026-09-26 20:10:06,190 | INFO | [t=1690] VLA chunk prompt=pick up the tomato sauce bottle
2026-09-26 20:10:06,527 | INFO | [t=1700] VLA chunk prompt=pick up the tomato sauce bottle
2026-09-26 20:10:06,864 | INFO | [t=1710] VLA chunk prompt=pick up the tomato sauce bottle
2026-09-26 20:10:07,148 | INFO | API VLM @t=1495 task=8 subtask=pour tomato sauce over the chocolate in the frypan keyframes=[]
2026-09-26 20:10:07,150 | INFO | [t=1720] VLM prompt update from step=1495: pour tomato sauce over the chocolate in the frypan
2026-09-26 20:10:07,201 | INFO | [t=1720] VLA chunk prompt=pour tomato sauce over the chocolate in the frypan
2026-09-26 20:10:07,539 | INFO | [t=1730] VLA chunk prompt=pour tomato sauce over the chocolate in the frypan
2026-09-26 20:10:07,876 | INFO | [t=1740] VLA chunk prompt=pour tomato sauce over the chocolate in the frypan
2026-09-26 20:10:08,213 | INFO | [t=1750] VLA chunk prompt=pour tomato sauce over the chocolate in the frypan
2026-09-26 20:10:08,551 | INFO | [t=1760] VLA chunk prompt=pour tomato sauce over the chocolate in the frypan
2026-09-26 20:10:08,889 | INFO | [t=1770] VLA chunk prompt=pour tomato sauce over the chocolate in the frypan
2026-09-26 20:10:09,227 | INFO | [t=1780] VLA chunk prompt=pour tomato sauce over the chocolate in the frypan
2026-09-26 20:10:09,565 | INFO | [t=1790] VLA chunk prompt=pour tomato sauce over the chocolate in the frypan
2026-09-26 20:10:09,903 | INFO | [t=1800] VLA chunk prompt=pour tomato sauce over the chocolate in the frypan
2026-09-26 20:10:10,240 | INFO | [t=1810] VLA chunk prompt=pour tomato sauce over the chocolate in the frypan
2026-09-26 20:10:10,577 | INFO | [t=1820] VLA chunk prompt=pour tomato sauce over the chocolate in the frypan
2026-09-26 20:10:10,914 | INFO | [t=1830] VLA chunk prompt=pour tomato sauce over the chocolate in the frypan
2026-09-26 20:10:11,251 | INFO | [t=1840] VLA chunk prompt=pour tomato sauce over the chocolate in the frypan
2026-09-26 20:10:11,589 | INFO | [t=1850] VLA chunk prompt=pour tomato sauce over the chocolate in the frypan
2026-09-26 20:10:11,926 | INFO | [t=1860] VLA chunk prompt=pour tomato sauce over the chocolate in the frypan
2026-09-26 20:10:12,263 | INFO | [t=1870] VLA chunk prompt=pour tomato sauce over the chocolate in the frypan
2026-09-26 20:10:12,600 | INFO | [t=1880] VLA chunk prompt=pour tomato sauce over the chocolate in the frypan
2026-09-26 20:10:12,937 | INFO | [t=1890] VLA chunk prompt=pour tomato sauce over the chocolate in the frypan
2026-09-26 20:10:13,274 | INFO | [t=1900] VLA chunk prompt=pour tomato sauce over the chocolate in the frypan
2026-09-26 20:10:13,610 | INFO | [t=1910] VLA chunk prompt=pour tomato sauce over the chocolate in the frypan
2026-09-26 20:10:13,947 | INFO | [t=1920] VLA chunk prompt=pour tomato sauce over the chocolate in the frypan
2026-09-26 20:10:14,283 | INFO | [t=1930] VLA chunk prompt=pour tomato sauce over the chocolate in the frypan
2026-09-26 20:10:14,619 | INFO | [t=1940] VLA chunk prompt=pour tomato sauce over the chocolate in the frypan
2026-09-26 20:10:14,956 | INFO | [t=1950] VLA chunk prompt=pour tomato sauce over the chocolate in the frypan
2026-09-26 20:10:15,291 | INFO | [t=1960] VLA chunk prompt=pour tomato sauce over the chocolate in the frypan
2026-09-26 20:10:15,627 | INFO | [t=1970] VLA chunk prompt=pour tomato sauce over the chocolate in the frypan
2026-09-26 20:10:15,963 | INFO | [t=1980] VLA chunk prompt=pour tomato sauce over the chocolate in the frypan
2026-09-26 20:10:16,300 | INFO | [t=1990] VLA chunk prompt=pour tomato sauce over the chocolate in the frypan
2026-09-26 20:10:16,638 | INFO | [t=2000] VLA chunk prompt=pour tomato sauce over the chocolate in the frypan
2026-09-26 20:10:16,663 | INFO | API VLM @t=1705 task=8 subtask=Pour the tomato sauce over the chocolate in the frypan. keyframes=[]
2026-09-26 20:10:16,929 | INFO | [t=2010] VLM prompt update from step=1705: Pour the tomato sauce over the chocolate in the frypan.
2026-09-26 20:10:16,979 | INFO | [t=2010] VLA chunk prompt=Pour the tomato sauce over the chocolate in the frypan.
2026-09-26 20:10:17,334 | INFO | [t=2020] VLA chunk prompt=Pour the tomato sauce over the chocolate in the frypan.
2026-09-26 20:10:17,686 | INFO | [t=2030] VLA chunk prompt=Pour the tomato sauce over the chocolate in the frypan.
2026-09-26 20:10:18,034 | INFO | [t=2040] VLA chunk prompt=Pour the tomato sauce over the chocolate in the frypan.
2026-09-26 20:10:18,387 | INFO | [t=2050] VLA chunk prompt=Pour the tomato sauce over the chocolate in the frypan.
2026-09-26 20:10:18,731 | INFO | [t=2060] VLA chunk prompt=Pour the tomato sauce over the chocolate in the frypan.
2026-09-26 20:10:19,071 | INFO | [t=2070] VLA chunk prompt=Pour the tomato sauce over the chocolate in the frypan.
2026-09-26 20:10:19,409 | INFO | [t=2080] VLA chunk prompt=Pour the tomato sauce over the chocolate in the frypan.
2026-09-26 20:10:19,748 | INFO | [t=2090] VLA chunk prompt=Pour the tomato sauce over the chocolate in the frypan.
2026-09-26 20:10:20,086 | INFO | [t=2100] VLA chunk prompt=Pour the tomato sauce over the chocolate in the frypan.
2026-09-26 20:10:20,435 | INFO | [t=2110] VLA chunk prompt=Pour the tomato sauce over the chocolate in the frypan.
2026-09-26 20:10:20,773 | INFO | [t=2120] VLA chunk prompt=Pour the tomato sauce over the chocolate in the frypan.
2026-09-26 20:10:21,110 | INFO | [t=2130] VLA chunk prompt=Pour the tomato sauce over the chocolate in the frypan.
2026-09-26 20:10:21,450 | INFO | [t=2140] VLA chunk prompt=Pour the tomato sauce over the chocolate in the frypan.
2026-09-26 20:10:21,794 | INFO | [t=2150] VLA chunk prompt=Pour the tomato sauce over the chocolate in the frypan.
2026-09-26 20:10:22,137 | INFO | [t=2160] VLA chunk prompt=Pour the tomato sauce over the chocolate in the frypan.
2026-09-26 20:10:22,480 | INFO | [t=2170] VLA chunk prompt=Pour the tomato sauce over the chocolate in the frypan.
2026-09-26 20:10:22,826 | INFO | [t=2180] VLA chunk prompt=Pour the tomato sauce over the chocolate in the frypan.
2026-09-26 20:10:23,173 | INFO | [t=2190] VLA chunk prompt=Pour the tomato sauce over the chocolate in the frypan.
2026-09-26 20:10:23,522 | INFO | [t=2200] VLA chunk prompt=Pour the tomato sauce over the chocolate in the frypan.
2026-09-26 20:10:23,878 | INFO | [t=2210] VLA chunk prompt=Pour the tomato sauce over the chocolate in the frypan.
2026-09-26 20:10:24,224 | INFO | [t=2220] VLA chunk prompt=Pour the tomato sauce over the chocolate in the frypan.
2026-09-26 20:10:24,570 | INFO | [t=2230] VLA chunk prompt=Pour the tomato sauce over the chocolate in the frypan.
2026-09-26 20:10:24,901 | INFO | [t=2240] VLA chunk prompt=Pour the tomato sauce over the chocolate in the frypan.
2026-09-26 20:10:25,231 | INFO | [t=2250] VLA chunk prompt=Pour the tomato sauce over the chocolate in the frypan.
2026-09-26 20:10:25,432 | INFO | API VLM @t=1990 task=8 subtask=pick up the tomato sauce bottle keyframes=[]
2026-09-26 20:10:25,503 | INFO | [t=2260] VLM prompt update from step=1990: pick up the tomato sauce bottle
2026-09-26 20:10:25,554 | INFO | [t=2260] VLA chunk prompt=pick up the tomato sauce bottle
2026-09-26 20:10:25,872 | INFO | [t=2270] VLA chunk prompt=pick up the tomato sauce bottle
2026-09-26 20:10:26,190 | INFO | [t=2280] VLA chunk prompt=pick up the tomato sauce bottle
2026-09-26 20:10:26,506 | INFO | [t=2290] VLA chunk prompt=pick up the tomato sauce bottle
2026-09-26 20:10:26,822 | INFO | [t=2300] VLA chunk prompt=pick up the tomato sauce bottle
2026-09-26 20:10:27,139 | INFO | [t=2310] VLA chunk prompt=pick up the tomato sauce bottle
2026-09-26 20:10:27,458 | INFO | [t=2320] VLA chunk prompt=pick up the tomato sauce bottle
2026-09-26 20:10:27,776 | INFO | [t=2330] VLA chunk prompt=pick up the tomato sauce bottle
2026-09-26 20:10:28,092 | INFO | [t=2340] VLA chunk prompt=pick up the tomato sauce bottle
2026-09-26 20:10:28,408 | INFO | [t=2350] VLA chunk prompt=pick up the tomato sauce bottle
2026-09-26 20:10:28,724 | INFO | [t=2360] VLA chunk prompt=pick up the tomato sauce bottle
2026-09-26 20:10:29,039 | INFO | [t=2370] VLA chunk prompt=pick up the tomato sauce bottle
2026-09-26 20:10:29,354 | INFO | [t=2380] VLA chunk prompt=pick up the tomato sauce bottle
2026-09-26 20:10:29,669 | INFO | [t=2390] VLA chunk prompt=pick up the tomato sauce bottle
2026-09-26 20:10:29,984 | INFO | [t=2400] VLA chunk prompt=pick up the tomato sauce bottle
2026-09-26 20:10:30,299 | INFO | [t=2410] VLA chunk prompt=pick up the tomato sauce bottle
2026-09-26 20:10:30,612 | INFO | [t=2420] VLA chunk prompt=pick up the tomato sauce bottle
2026-09-26 20:10:30,925 | INFO | [t=2430] VLA chunk prompt=pick up the tomato sauce bottle
2026-09-26 20:10:31,234 | INFO | [t=2440] VLA chunk prompt=pick up the tomato sauce bottle
2026-09-26 20:10:31,543 | INFO | [t=2450] VLA chunk prompt=pick up the tomato sauce bottle
2026-09-26 20:10:31,852 | INFO | [t=2460] VLA chunk prompt=pick up the tomato sauce bottle
2026-09-26 20:10:32,101 | INFO | API VLM @t=2245 task=8 subtask=Place the tomato sauce bottle into the bowl drainer. keyframes=[]
2026-09-26 20:10:32,110 | INFO | [t=2470] VLM prompt update from step=2245: Place the tomato sauce bottle into the bowl drainer.
2026-09-26 20:10:32,160 | INFO | [t=2470] VLA chunk prompt=Place the tomato sauce bottle into the bowl drainer.
2026-09-26 20:10:32,468 | INFO | [t=2480] VLA chunk prompt=Place the tomato sauce bottle into the bowl drainer.
2026-09-26 20:10:32,775 | INFO | [t=2490] VLA chunk prompt=Place the tomato sauce bottle into the bowl drainer.
2026-09-26 20:10:33,083 | INFO | [t=2500] VLA chunk prompt=Place the tomato sauce bottle into the bowl drainer.
2026-09-26 20:10:36,367 | INFO | attempt=0 stage_score=33.3 stage_success=False failure_reason=incomplete_stage
2026-09-26 20:10:36,367 | INFO | Episode 7 seed=107 stage_score=33.3 stage_success=0 goal=0.333 failure_reason=incomplete_stage | 01_Lift_Tomato_Sauce=Y | 02_Pour_One=N | 03_Pour_Two=N
