2026-09-26 14:46:45,951 | INFO | task_id=5 bddl=/project/peilab/why/RoboMemArena/bddl/5_butter_middle_drawer.bddl vlm_ckpt=/project/peilab/why/RoboMemArena/checkpoints/PrediMem/vlm_tasks1to26_ckpt74500
2026-09-26 14:46:47,926 | INFO | async VLM enabled: single-slot subtask buffer
2026-09-26 14:46:48,183 | INFO | [t=10] VLA chunk prompt=Open all drawers in order, remember the empty drawer, then put butter into that empty drawer.
2026-09-26 14:46:48,462 | INFO | [t=20] VLA chunk prompt=Open all drawers in order, remember the empty drawer, then put butter into that empty drawer.
2026-09-26 14:46:48,738 | INFO | [t=30] VLA chunk prompt=Open all drawers in order, remember the empty drawer, then put butter into that empty drawer.
2026-09-26 14:46:49,010 | INFO | [t=40] VLA chunk prompt=Open all drawers in order, remember the empty drawer, then put butter into that empty drawer.
2026-09-26 14:46:49,284 | INFO | [t=50] VLA chunk prompt=Open all drawers in order, remember the empty drawer, then put butter into that empty drawer.
2026-09-26 14:46:49,560 | INFO | [t=60] VLA chunk prompt=Open all drawers in order, remember the empty drawer, then put butter into that empty drawer.
2026-09-26 14:46:49,714 | INFO | API VLM @t=2405 task=5 subtask=Reach for and grasp the butter keyframes=[]
2026-09-26 14:46:49,837 | INFO | [t=70] VLA chunk prompt=Open all drawers in order, remember the empty drawer, then put butter into that empty drawer.
2026-09-26 14:46:50,123 | INFO | [t=80] VLA chunk prompt=Open all drawers in order, remember the empty drawer, then put butter into that empty drawer.
2026-09-26 14:46:50,414 | INFO | [t=90] VLA chunk prompt=Open all drawers in order, remember the empty drawer, then put butter into that empty drawer.
2026-09-26 14:46:50,718 | INFO | [t=100] VLA chunk prompt=Open all drawers in order, remember the empty drawer, then put butter into that empty drawer.
2026-09-26 14:46:51,046 | INFO | [t=110] VLA chunk prompt=Open all drawers in order, remember the empty drawer, then put butter into that empty drawer.
2026-09-26 14:46:51,379 | INFO | [t=120] VLA chunk prompt=Open all drawers in order, remember the empty drawer, then put butter into that empty drawer.
2026-09-26 14:46:51,714 | INFO | [t=130] VLA chunk prompt=Open all drawers in order, remember the empty drawer, then put butter into that empty drawer.
2026-09-26 14:46:52,055 | INFO | [t=140] VLA chunk prompt=Open all drawers in order, remember the empty drawer, then put butter into that empty drawer.
2026-09-26 14:46:52,403 | INFO | [t=150] VLA chunk prompt=Open all drawers in order, remember the empty drawer, then put butter into that empty drawer.
2026-09-26 14:46:52,753 | INFO | [t=160] VLA chunk prompt=Open all drawers in order, remember the empty drawer, then put butter into that empty drawer.
2026-09-26 14:46:53,108 | INFO | [t=170] VLA chunk prompt=Open all drawers in order, remember the empty drawer, then put butter into that empty drawer.
2026-09-26 14:46:53,465 | INFO | [t=180] VLA chunk prompt=Open all drawers in order, remember the empty drawer, then put butter into that empty drawer.
2026-09-26 14:46:53,827 | INFO | [t=190] VLA chunk prompt=Open all drawers in order, remember the empty drawer, then put butter into that empty drawer.
2026-09-26 14:46:54,194 | INFO | [t=200] VLA chunk prompt=Open all drawers in order, remember the empty drawer, then put butter into that empty drawer.
2026-09-26 14:46:54,562 | INFO | [t=210] VLA chunk prompt=Open all drawers in order, remember the empty drawer, then put butter into that empty drawer.
2026-09-26 14:46:54,935 | INFO | [t=220] VLA chunk prompt=Open all drawers in order, remember the empty drawer, then put butter into that empty drawer.
2026-09-26 14:46:55,310 | INFO | [t=230] VLA chunk prompt=Open all drawers in order, remember the empty drawer, then put butter into that empty drawer.
2026-09-26 14:46:55,690 | INFO | [t=240] VLA chunk prompt=Open all drawers in order, remember the empty drawer, then put butter into that empty drawer.
2026-09-26 14:46:56,074 | INFO | [t=250] VLA chunk prompt=Open all drawers in order, remember the empty drawer, then put butter into that empty drawer.
2026-09-26 14:46:56,462 | INFO | [t=260] VLA chunk prompt=Open all drawers in order, remember the empty drawer, then put butter into that empty drawer.
2026-09-26 14:46:56,831 | INFO | API VLM @t=0 task=5 subtask=open the top drawer keyframes=[]
2026-09-26 14:46:56,849 | INFO | [t=270] VLA chunk prompt=Open all drawers in order, remember the empty drawer, then put butter into that empty drawer.
2026-09-26 14:46:57,185 | INFO | [t=280] VLM prompt update from step=0: open the top drawer
2026-09-26 14:46:57,238 | INFO | [t=280] VLA chunk prompt=open the top drawer
2026-09-26 14:46:57,626 | INFO | [t=290] VLA chunk prompt=open the top drawer
2026-09-26 14:46:58,011 | INFO | [t=300] VLA chunk prompt=open the top drawer
2026-09-26 14:46:58,398 | INFO | [t=310] VLA chunk prompt=open the top drawer
2026-09-26 14:46:58,782 | INFO | [t=320] VLA chunk prompt=open the top drawer
2026-09-26 14:46:59,165 | INFO | [t=330] VLA chunk prompt=open the top drawer
2026-09-26 14:46:59,549 | INFO | [t=340] VLA chunk prompt=open the top drawer
2026-09-26 14:46:59,929 | INFO | [t=350] VLA chunk prompt=open the top drawer
2026-09-26 14:47:00,306 | INFO | [t=360] VLA chunk prompt=open the top drawer
2026-09-26 14:47:00,683 | INFO | [t=370] VLA chunk prompt=open the top drawer
2026-09-26 14:47:01,061 | INFO | [t=380] VLA chunk prompt=open the top drawer
2026-09-26 14:47:01,445 | INFO | [t=390] VLA chunk prompt=open the top drawer
2026-09-26 14:47:01,826 | INFO | [t=400] VLA chunk prompt=open the top drawer
2026-09-26 14:47:02,211 | INFO | [t=410] VLA chunk prompt=open the top drawer
2026-09-26 14:47:02,596 | INFO | [t=420] VLA chunk prompt=open the top drawer
2026-09-26 14:47:02,979 | INFO | [t=430] VLA chunk prompt=open the top drawer
2026-09-26 14:47:03,366 | INFO | [t=440] VLA chunk prompt=open the top drawer
2026-09-26 14:47:03,752 | INFO | [t=450] VLA chunk prompt=open the top drawer
2026-09-26 14:47:04,135 | INFO | [t=460] VLA chunk prompt=open the top drawer
2026-09-26 14:47:04,338 | INFO | API VLM @t=260 task=5 subtask=Open the top drawer of the cabinet. keyframes=[]
2026-09-26 14:47:04,473 | INFO | [t=470] VLM prompt update from step=260: Open the top drawer of the cabinet.
2026-09-26 14:47:04,523 | INFO | [t=470] VLA chunk prompt=Open the top drawer of the cabinet.
2026-09-26 14:47:04,908 | INFO | [t=480] VLA chunk prompt=Open the top drawer of the cabinet.
2026-09-26 14:47:05,298 | INFO | [t=490] VLA chunk prompt=Open the top drawer of the cabinet.
2026-09-26 14:47:05,693 | INFO | [t=500] VLA chunk prompt=Open the top drawer of the cabinet.
2026-09-26 14:47:06,090 | INFO | [t=510] VLA chunk prompt=Open the top drawer of the cabinet.
2026-09-26 14:47:06,482 | INFO | [t=520] VLA chunk prompt=Open the top drawer of the cabinet.
2026-09-26 14:47:06,869 | INFO | [t=530] VLA chunk prompt=Open the top drawer of the cabinet.
2026-09-26 14:47:07,252 | INFO | [t=540] VLA chunk prompt=Open the top drawer of the cabinet.
2026-09-26 14:47:07,637 | INFO | [t=550] VLA chunk prompt=Open the top drawer of the cabinet.
2026-09-26 14:47:08,018 | INFO | [t=560] VLA chunk prompt=Open the top drawer of the cabinet.
2026-09-26 14:47:08,401 | INFO | [t=570] VLA chunk prompt=Open the top drawer of the cabinet.
2026-09-26 14:47:08,784 | INFO | [t=580] VLA chunk prompt=Open the top drawer of the cabinet.
2026-09-26 14:47:09,014 | INFO | API VLM @t=455 task=5 subtask=open the top drawer keyframes=[]
2026-09-26 14:47:09,117 | INFO | [t=590] VLM prompt update from step=455: open the top drawer
2026-09-26 14:47:09,168 | INFO | [t=590] VLA chunk prompt=open the top drawer
2026-09-26 14:47:09,554 | INFO | [t=600] VLA chunk prompt=open the top drawer
2026-09-26 14:47:09,937 | INFO | [t=610] VLA chunk prompt=open the top drawer
2026-09-26 14:47:10,319 | INFO | [t=620] VLA chunk prompt=open the top drawer
2026-09-26 14:47:10,705 | INFO | [t=630] VLA chunk prompt=open the top drawer
2026-09-26 14:47:11,095 | INFO | [t=640] VLA chunk prompt=open the top drawer
2026-09-26 14:47:11,489 | INFO | [t=650] VLA chunk prompt=open the top drawer
2026-09-26 14:47:11,885 | INFO | [t=660] VLA chunk prompt=open the top drawer
2026-09-26 14:47:12,273 | INFO | [t=670] VLA chunk prompt=open the top drawer
2026-09-26 14:47:12,656 | INFO | [t=680] VLA chunk prompt=open the top drawer
2026-09-26 14:47:13,040 | INFO | [t=690] VLA chunk prompt=open the top drawer
2026-09-26 14:47:13,421 | INFO | [t=700] VLA chunk prompt=open the top drawer
2026-09-26 14:47:13,793 | INFO | API VLM @t=575 task=5 subtask=open drawer keyframes=[]
2026-09-26 14:47:13,806 | INFO | [t=710] VLA chunk prompt=open the top drawer
2026-09-26 14:47:14,141 | INFO | [t=720] VLM prompt update from step=575: open drawer
2026-09-26 14:47:14,192 | INFO | [t=720] VLA chunk prompt=open drawer
2026-09-26 14:47:14,574 | INFO | [t=730] VLA chunk prompt=open drawer
2026-09-26 14:47:14,958 | INFO | [t=740] VLA chunk prompt=open drawer
2026-09-26 14:47:15,340 | INFO | [t=750] VLA chunk prompt=open drawer
2026-09-26 14:47:15,724 | INFO | [t=760] VLA chunk prompt=open drawer
2026-09-26 14:47:16,112 | INFO | [t=770] VLA chunk prompt=open drawer
2026-09-26 14:47:16,502 | INFO | [t=780] VLA chunk prompt=open drawer
2026-09-26 14:47:16,893 | INFO | [t=790] VLA chunk prompt=open drawer
2026-09-26 14:47:17,284 | INFO | [t=800] VLA chunk prompt=open drawer
2026-09-26 14:47:17,673 | INFO | [t=810] VLA chunk prompt=open drawer
2026-09-26 14:47:17,728 | INFO | API VLM @t=700 task=5 subtask=Open the drawer. keyframes=[]
2026-09-26 14:47:18,010 | INFO | [t=820] VLM prompt update from step=700: Open the drawer.
2026-09-26 14:47:18,061 | INFO | [t=820] VLA chunk prompt=Open the drawer.
2026-09-26 14:47:18,446 | INFO | [t=830] VLA chunk prompt=Open the drawer.
2026-09-26 14:47:18,829 | INFO | [t=840] VLA chunk prompt=Open the drawer.
2026-09-26 14:47:19,214 | INFO | [t=850] VLA chunk prompt=Open the drawer.
2026-09-26 14:47:19,603 | INFO | [t=860] VLA chunk prompt=Open the drawer.
2026-09-26 14:47:19,987 | INFO | [t=870] VLA chunk prompt=Open the drawer.
2026-09-26 14:47:20,370 | INFO | [t=880] VLA chunk prompt=Open the drawer.
2026-09-26 14:47:20,753 | INFO | [t=890] VLA chunk prompt=Open the drawer.
2026-09-26 14:47:21,131 | INFO | [t=900] VLA chunk prompt=Open the drawer.
2026-09-26 14:47:21,509 | INFO | [t=910] VLA chunk prompt=Open the drawer.
2026-09-26 14:47:21,888 | INFO | [t=920] VLA chunk prompt=Open the drawer.
2026-09-26 14:47:22,266 | INFO | [t=930] VLA chunk prompt=Open the drawer.
2026-09-26 14:47:22,641 | INFO | [t=940] VLA chunk prompt=Open the drawer.
2026-09-26 14:47:23,014 | INFO | [t=950] VLA chunk prompt=Open the drawer.
2026-09-26 14:47:23,387 | INFO | [t=960] VLA chunk prompt=Open the drawer.
2026-09-26 14:47:23,760 | INFO | [t=970] VLA chunk prompt=Open the drawer.
2026-09-26 14:47:24,133 | INFO | [t=980] VLA chunk prompt=Open the drawer.
2026-09-26 14:47:24,509 | INFO | [t=990] VLA chunk prompt=Open the drawer.
2026-09-26 14:47:24,892 | INFO | [t=1000] VLA chunk prompt=Open the drawer.
2026-09-26 14:47:25,273 | INFO | [t=1010] VLA chunk prompt=Open the drawer.
2026-09-26 14:47:25,652 | INFO | [t=1020] VLA chunk prompt=Open the drawer.
2026-09-26 14:47:26,032 | INFO | [t=1030] VLA chunk prompt=Open the drawer.
2026-09-26 14:47:26,411 | INFO | [t=1040] VLA chunk prompt=Open the drawer.
2026-09-26 14:47:26,786 | INFO | [t=1050] VLA chunk prompt=Open the drawer.
2026-09-26 14:47:27,161 | INFO | [t=1060] VLA chunk prompt=Open the drawer.
2026-09-26 14:47:27,540 | INFO | [t=1070] VLA chunk prompt=Open the drawer.
2026-09-26 14:47:27,555 | INFO | API VLM @t=800 task=5 subtask=open the top drawer keyframes=[]
2026-09-26 14:47:27,867 | INFO | [t=1080] VLM prompt update from step=800: open the top drawer
2026-09-26 14:47:27,917 | INFO | [t=1080] VLA chunk prompt=open the top drawer
2026-09-26 14:47:28,301 | INFO | [t=1090] VLA chunk prompt=open the top drawer
2026-09-26 14:47:28,688 | INFO | [t=1100] VLA chunk prompt=open the top drawer
2026-09-26 14:47:29,080 | INFO | [t=1110] VLA chunk prompt=open the top drawer
2026-09-26 14:47:29,467 | INFO | [t=1120] VLA chunk prompt=open the top drawer
2026-09-26 14:47:29,852 | INFO | [t=1130] VLA chunk prompt=open the top drawer
2026-09-26 14:47:30,237 | INFO | [t=1140] VLA chunk prompt=open the top drawer
2026-09-26 14:47:30,622 | INFO | [t=1150] VLA chunk prompt=open the top drawer
2026-09-26 14:47:31,006 | INFO | [t=1160] VLA chunk prompt=open the top drawer
2026-09-26 14:47:31,394 | INFO | [t=1170] VLA chunk prompt=open the top drawer
2026-09-26 14:47:31,781 | INFO | [t=1180] VLA chunk prompt=open the top drawer
2026-09-26 14:47:32,167 | INFO | [t=1190] VLA chunk prompt=open the top drawer
2026-09-26 14:47:32,553 | INFO | [t=1200] VLA chunk prompt=open the top drawer
2026-09-26 14:47:32,600 | INFO | API VLM @t=1060 task=5 subtask=open drawer keyframes=[]
2026-09-26 14:47:32,889 | INFO | [t=1210] VLM prompt update from step=1060: open drawer
2026-09-26 14:47:32,939 | INFO | [t=1210] VLA chunk prompt=open drawer
2026-09-26 14:47:33,324 | INFO | [t=1220] VLA chunk prompt=open drawer
2026-09-26 14:47:33,707 | INFO | [t=1230] VLA chunk prompt=open drawer
2026-09-26 14:47:34,086 | INFO | [t=1240] VLA chunk prompt=open drawer
2026-09-26 14:47:34,473 | INFO | [t=1250] VLA chunk prompt=open drawer
2026-09-26 14:47:34,860 | INFO | [t=1260] VLA chunk prompt=open drawer
2026-09-26 14:47:35,252 | INFO | [t=1270] VLA chunk prompt=open drawer
2026-09-26 14:47:35,639 | INFO | [t=1280] VLA chunk prompt=open drawer
2026-09-26 14:47:36,022 | INFO | [t=1290] VLA chunk prompt=open drawer
2026-09-26 14:47:36,407 | INFO | [t=1300] VLA chunk prompt=open drawer
2026-09-26 14:47:36,796 | INFO | [t=1310] VLA chunk prompt=open drawer
2026-09-26 14:47:37,183 | INFO | [t=1320] VLA chunk prompt=open drawer
2026-09-26 14:47:37,572 | INFO | [t=1330] VLA chunk prompt=open drawer
2026-09-26 14:47:37,958 | INFO | [t=1340] VLA chunk prompt=open drawer
2026-09-26 14:47:38,299 | INFO | API VLM @t=1190 task=5 subtask=open the top drawer keyframes=[]
2026-09-26 14:47:38,350 | INFO | [t=1350] VLA chunk prompt=open drawer
2026-09-26 14:47:38,686 | INFO | [t=1360] VLM prompt update from step=1190: open the top drawer
2026-09-26 14:47:38,737 | INFO | [t=1360] VLA chunk prompt=open the top drawer
2026-09-26 14:47:39,124 | INFO | [t=1370] VLA chunk prompt=open the top drawer
2026-09-26 14:47:39,510 | INFO | [t=1380] VLA chunk prompt=open the top drawer
2026-09-26 14:47:39,900 | INFO | [t=1390] VLA chunk prompt=open the top drawer
2026-09-26 14:47:40,292 | INFO | [t=1400] VLA chunk prompt=open the top drawer
2026-09-26 14:47:40,690 | INFO | [t=1410] VLA chunk prompt=open the top drawer
2026-09-26 14:47:41,085 | INFO | [t=1420] VLA chunk prompt=open the top drawer
2026-09-26 14:47:41,478 | INFO | [t=1430] VLA chunk prompt=open the top drawer
2026-09-26 14:47:41,867 | INFO | [t=1440] VLA chunk prompt=open the top drawer
2026-09-26 14:47:42,262 | INFO | [t=1450] VLA chunk prompt=open the top drawer
2026-09-26 14:47:42,657 | INFO | [t=1460] VLA chunk prompt=open the top drawer
2026-09-26 14:47:43,052 | INFO | [t=1470] VLA chunk prompt=open the top drawer
2026-09-26 14:47:43,445 | INFO | [t=1480] VLA chunk prompt=open the top drawer
2026-09-26 14:47:43,782 | INFO | API VLM @t=1340 task=5 subtask=open the drawer keyframes=[]
2026-09-26 14:47:43,792 | INFO | [t=1490] VLM prompt update from step=1340: open the drawer
2026-09-26 14:47:43,845 | INFO | [t=1490] VLA chunk prompt=open the drawer
2026-09-26 14:47:44,244 | INFO | [t=1500] VLA chunk prompt=open the drawer
2026-09-26 14:47:44,639 | INFO | [t=1510] VLA chunk prompt=open the drawer
2026-09-26 14:47:45,035 | INFO | [t=1520] VLA chunk prompt=open the drawer
2026-09-26 14:47:45,421 | INFO | [t=1530] VLA chunk prompt=open the drawer
2026-09-26 14:47:45,805 | INFO | [t=1540] VLA chunk prompt=open the drawer
2026-09-26 14:47:46,191 | INFO | [t=1550] VLA chunk prompt=open the drawer
2026-09-26 14:47:46,574 | INFO | [t=1560] VLA chunk prompt=open the drawer
2026-09-26 14:47:46,957 | INFO | [t=1570] VLA chunk prompt=open the drawer
2026-09-26 14:47:47,336 | INFO | [t=1580] VLA chunk prompt=open the drawer
2026-09-26 14:47:47,718 | INFO | [t=1590] VLA chunk prompt=open the drawer
2026-09-26 14:47:48,109 | INFO | [t=1600] VLA chunk prompt=open the drawer
2026-09-26 14:47:48,505 | INFO | [t=1610] VLA chunk prompt=open the drawer
2026-09-26 14:47:48,902 | INFO | [t=1620] VLA chunk prompt=open the drawer
2026-09-26 14:47:49,295 | INFO | [t=1630] VLA chunk prompt=open the drawer
2026-09-26 14:47:49,689 | INFO | [t=1640] VLA chunk prompt=open the drawer
2026-09-26 14:47:50,088 | INFO | [t=1650] VLA chunk prompt=open the drawer
2026-09-26 14:47:50,477 | INFO | [t=1660] VLA chunk prompt=open the drawer
2026-09-26 14:47:50,642 | INFO | API VLM @t=1475 task=5 subtask=open the drawer keyframes=[]
2026-09-26 14:47:50,867 | INFO | [t=1670] VLA chunk prompt=open the drawer
2026-09-26 14:47:51,257 | INFO | [t=1680] VLA chunk prompt=open the drawer
2026-09-26 14:47:51,644 | INFO | [t=1690] VLA chunk prompt=open the drawer
2026-09-26 14:47:52,028 | INFO | [t=1700] VLA chunk prompt=open the drawer
2026-09-26 14:47:52,406 | INFO | [t=1710] VLA chunk prompt=open the drawer
2026-09-26 14:47:52,783 | INFO | [t=1720] VLA chunk prompt=open the drawer
2026-09-26 14:47:53,158 | INFO | [t=1730] VLA chunk prompt=open the drawer
2026-09-26 14:47:53,537 | INFO | [t=1740] VLA chunk prompt=open the drawer
2026-09-26 14:47:53,922 | INFO | [t=1750] VLA chunk prompt=open the drawer
2026-09-26 14:47:54,306 | INFO | [t=1760] VLA chunk prompt=open the drawer
2026-09-26 14:47:54,690 | INFO | [t=1770] VLA chunk prompt=open the drawer
2026-09-26 14:47:55,083 | INFO | [t=1780] VLA chunk prompt=open the drawer
2026-09-26 14:47:55,473 | INFO | [t=1790] VLA chunk prompt=open the drawer
2026-09-26 14:47:55,860 | INFO | [t=1800] VLA chunk prompt=open the drawer
2026-09-26 14:47:56,241 | INFO | [t=1810] VLA chunk prompt=open the drawer
2026-09-26 14:47:56,627 | INFO | [t=1820] VLA chunk prompt=open the drawer
2026-09-26 14:47:57,011 | INFO | [t=1830] VLA chunk prompt=open the drawer
2026-09-26 14:47:57,395 | INFO | [t=1840] VLA chunk prompt=open the drawer
2026-09-26 14:47:57,776 | INFO | [t=1850] VLA chunk prompt=open the drawer
2026-09-26 14:47:58,163 | INFO | [t=1860] VLA chunk prompt=open the drawer
2026-09-26 14:47:58,165 | INFO | API VLM @t=1650 task=5 subtask=open the drawer keyframes=[]
2026-09-26 14:47:58,547 | INFO | [t=1870] VLA chunk prompt=open the drawer
2026-09-26 14:47:58,935 | INFO | [t=1880] VLA chunk prompt=open the drawer
2026-09-26 14:47:59,325 | INFO | [t=1890] VLA chunk prompt=open the drawer
2026-09-26 14:47:59,708 | INFO | [t=1900] VLA chunk prompt=open the drawer
2026-09-26 14:48:00,094 | INFO | [t=1910] VLA chunk prompt=open the drawer
2026-09-26 14:48:00,494 | INFO | [t=1920] VLA chunk prompt=open the drawer
2026-09-26 14:48:00,886 | INFO | [t=1930] VLA chunk prompt=open the drawer
2026-09-26 14:48:01,273 | INFO | [t=1940] VLA chunk prompt=open the drawer
2026-09-26 14:48:01,655 | INFO | [t=1950] VLA chunk prompt=open the drawer
2026-09-26 14:48:02,035 | INFO | [t=1960] VLA chunk prompt=open the drawer
2026-09-26 14:48:02,415 | INFO | [t=1970] VLA chunk prompt=open the drawer
2026-09-26 14:48:02,791 | INFO | [t=1980] VLA chunk prompt=open the drawer
2026-09-26 14:48:03,164 | INFO | [t=1990] VLA chunk prompt=open the drawer
2026-09-26 14:48:03,496 | INFO | API VLM @t=1850 task=5 subtask=open the drawer keyframes=[]
2026-09-26 14:48:03,540 | INFO | [t=2000] VLA chunk prompt=open the drawer
2026-09-26 14:48:03,914 | INFO | [t=2010] VLA chunk prompt=open the drawer
2026-09-26 14:48:04,292 | INFO | [t=2020] VLA chunk prompt=open the drawer
2026-09-26 14:48:04,676 | INFO | [t=2030] VLA chunk prompt=open the drawer
2026-09-26 14:48:05,062 | INFO | [t=2040] VLA chunk prompt=open the drawer
2026-09-26 14:48:05,442 | INFO | [t=2050] VLA chunk prompt=open the drawer
2026-09-26 14:48:05,820 | INFO | [t=2060] VLA chunk prompt=open the drawer
2026-09-26 14:48:06,198 | INFO | [t=2070] VLA chunk prompt=open the drawer
2026-09-26 14:48:06,576 | INFO | [t=2080] VLA chunk prompt=open the drawer
2026-09-26 14:48:06,956 | INFO | [t=2090] VLA chunk prompt=open the drawer
2026-09-26 14:48:07,332 | INFO | [t=2100] VLA chunk prompt=open the drawer
2026-09-26 14:48:07,709 | INFO | [t=2110] VLA chunk prompt=open the drawer
2026-09-26 14:48:08,086 | INFO | [t=2120] VLA chunk prompt=open the drawer
2026-09-26 14:48:08,470 | INFO | [t=2130] VLA chunk prompt=open the drawer
2026-09-26 14:48:08,852 | INFO | [t=2140] VLA chunk prompt=open the drawer
2026-09-26 14:48:09,231 | INFO | [t=2150] VLA chunk prompt=open the drawer
2026-09-26 14:48:09,609 | INFO | [t=2160] VLA chunk prompt=open the drawer
2026-09-26 14:48:09,983 | INFO | [t=2170] VLA chunk prompt=open the drawer
2026-09-26 14:48:10,357 | INFO | [t=2180] VLA chunk prompt=open the drawer
2026-09-26 14:48:10,734 | INFO | [t=2190] VLA chunk prompt=open the drawer
2026-09-26 14:48:11,110 | INFO | [t=2200] VLA chunk prompt=open the drawer
2026-09-26 14:48:11,488 | INFO | [t=2210] VLA chunk prompt=open the drawer
2026-09-26 14:48:11,875 | INFO | [t=2220] VLA chunk prompt=open the drawer
2026-09-26 14:48:12,194 | INFO | API VLM @t=1990 task=5 subtask=Open the drawer keyframes=[]
2026-09-26 14:48:12,208 | INFO | [t=2230] VLM prompt update from step=1990: Open the drawer
2026-09-26 14:48:12,259 | INFO | [t=2230] VLA chunk prompt=Open the drawer
2026-09-26 14:48:12,644 | INFO | [t=2240] VLA chunk prompt=Open the drawer
2026-09-26 14:48:13,033 | INFO | [t=2250] VLA chunk prompt=Open the drawer
2026-09-26 14:48:13,413 | INFO | [t=2260] VLA chunk prompt=Open the drawer
2026-09-26 14:48:13,790 | INFO | [t=2270] VLA chunk prompt=Open the drawer
2026-09-26 14:48:14,168 | INFO | [t=2280] VLA chunk prompt=Open the drawer
2026-09-26 14:48:14,538 | INFO | [t=2290] VLA chunk prompt=Open the drawer
2026-09-26 14:48:14,915 | INFO | [t=2300] VLA chunk prompt=Open the drawer
2026-09-26 14:48:15,293 | INFO | [t=2310] VLA chunk prompt=Open the drawer
2026-09-26 14:48:15,676 | INFO | [t=2320] VLA chunk prompt=Open the drawer
2026-09-26 14:48:16,060 | INFO | [t=2330] VLA chunk prompt=Open the drawer
2026-09-26 14:48:16,441 | INFO | [t=2340] VLA chunk prompt=Open the drawer
2026-09-26 14:48:16,817 | INFO | [t=2350] VLA chunk prompt=Open the drawer
2026-09-26 14:48:17,190 | INFO | [t=2360] VLA chunk prompt=Open the drawer
2026-09-26 14:48:17,563 | INFO | [t=2370] VLA chunk prompt=Open the drawer
2026-09-26 14:48:17,935 | INFO | [t=2380] VLA chunk prompt=Open the drawer
2026-09-26 14:48:18,305 | INFO | [t=2390] VLA chunk prompt=Open the drawer
2026-09-26 14:48:18,685 | INFO | [t=2400] VLA chunk prompt=Open the drawer
2026-09-26 14:48:19,070 | INFO | [t=2410] VLA chunk prompt=Open the drawer
2026-09-26 14:48:19,455 | INFO | [t=2420] VLA chunk prompt=Open the drawer
2026-09-26 14:48:19,836 | INFO | [t=2430] VLA chunk prompt=Open the drawer
2026-09-26 14:48:20,218 | INFO | [t=2440] VLA chunk prompt=Open the drawer
2026-09-26 14:48:20,489 | INFO | API VLM @t=2215 task=5 subtask=Open the current drawer to inspect whether it is empty. keyframes=[]
2026-09-26 14:48:20,550 | INFO | [t=2450] VLM prompt update from step=2215: Open the current drawer to inspect whether it is empty.
2026-09-26 14:48:20,603 | INFO | [t=2450] VLA chunk prompt=Open the current drawer to inspect whether it is empty.
2026-09-26 14:48:20,982 | INFO | [t=2460] VLA chunk prompt=Open the current drawer to inspect whether it is empty.
2026-09-26 14:48:21,356 | INFO | [t=2470] VLA chunk prompt=Open the current drawer to inspect whether it is empty.
2026-09-26 14:48:21,747 | INFO | [t=2480] VLA chunk prompt=Open the current drawer to inspect whether it is empty.
2026-09-26 14:48:22,131 | INFO | [t=2490] VLA chunk prompt=Open the current drawer to inspect whether it is empty.
2026-09-26 14:48:22,509 | INFO | [t=2500] VLA chunk prompt=Open the current drawer to inspect whether it is empty.
2026-09-26 14:48:25,867 | INFO | attempt=0 stage_score=0.0 stage_success=False failure_reason=incomplete_stage
2026-09-26 14:48:25,867 | INFO | Episode 5 seed=105 stage_score=0.0 stage_success=0 goal=0.000 failure_reason=incomplete_stage | 01_Open_Top_Drawer=N | 02_Close_Top_Drawer=N | 03_Open_Middle_Drawer=N | 04_Close_Middle_Drawer=N | 05_Open_Bottom_Drawer=N | 06_Close_Bottom_Drawer=N | 07_Open_Middle_Drawer_Again=N | 08_Put_Butter_Middle_Drawer=N | 09_Close_Middle_Drawer_Final=N
2026-09-26 14:48:26,225 | INFO | API VLM @t=2435 task=5 subtask=Open the drawer keyframes=[]
