2026-09-18 12:21:39,421 | INFO | task_id=5 bddl=/project/peilab/why/RoboMemArena/bddl/5_butter_middle_drawer.bddl vlm_ckpt=/project/peilab/why/RoboMemArena/checkpoints/PrediMem/vlm_tasks1to26_ckpt74500
2026-09-18 12:21:41,432 | INFO | async VLM enabled: single-slot subtask buffer
2026-09-18 12:21:41,700 | INFO | [t=10] VLA chunk prompt=Open all drawers in order, remember the empty drawer, then put butter into that empty drawer.
2026-09-18 12:21:41,983 | INFO | [t=20] VLA chunk prompt=Open all drawers in order, remember the empty drawer, then put butter into that empty drawer.
2026-09-18 12:21:42,262 | INFO | [t=30] VLA chunk prompt=Open all drawers in order, remember the empty drawer, then put butter into that empty drawer.
2026-09-18 12:21:42,539 | INFO | [t=40] VLA chunk prompt=Open all drawers in order, remember the empty drawer, then put butter into that empty drawer.
2026-09-18 12:21:42,816 | INFO | [t=50] VLA chunk prompt=Open all drawers in order, remember the empty drawer, then put butter into that empty drawer.
2026-09-18 12:21:43,095 | INFO | [t=60] VLA chunk prompt=Open all drawers in order, remember the empty drawer, then put butter into that empty drawer.
2026-09-18 12:21:43,384 | INFO | [t=70] VLA chunk prompt=Open all drawers in order, remember the empty drawer, then put butter into that empty drawer.
2026-09-18 12:21:43,630 | INFO | [t=80] harness subtask override: open top drawer
2026-09-18 12:21:43,630 | INFO | [t=80] VLM prompt update from step=-1: open top drawer
2026-09-18 12:21:43,630 | INFO | [t=80] harness forced VLM replan after stall (pmh visual retrieve armed)
2026-09-18 12:21:43,681 | INFO | [t=80] VLA chunk prompt=open top drawer
2026-09-18 12:21:43,967 | INFO | [t=90] VLA chunk prompt=open top drawer
2026-09-18 12:21:44,265 | INFO | [t=100] VLA chunk prompt=open top drawer
2026-09-18 12:21:44,599 | INFO | [t=110] VLA chunk prompt=open top drawer
2026-09-18 12:21:44,932 | INFO | [t=120] VLA chunk prompt=open top drawer
2026-09-18 12:21:45,264 | INFO | [t=130] VLA chunk prompt=open top drawer
2026-09-18 12:21:45,604 | INFO | [t=140] VLA chunk prompt=open top drawer
2026-09-18 12:21:45,952 | INFO | [t=150] VLA chunk prompt=open top drawer
2026-09-18 12:21:46,304 | INFO | [t=160] VLA chunk prompt=open top drawer
2026-09-18 12:21:46,657 | INFO | [t=170] VLA chunk prompt=open top drawer
2026-09-18 12:21:47,013 | INFO | [t=180] VLA chunk prompt=open top drawer
2026-09-18 12:21:47,372 | INFO | [t=190] VLA chunk prompt=open top drawer
2026-09-18 12:21:47,736 | INFO | [t=200] VLA chunk prompt=open top drawer
2026-09-18 12:21:48,102 | INFO | [t=210] VLA chunk prompt=open top drawer
2026-09-18 12:21:48,472 | INFO | [t=220] VLA chunk prompt=open top drawer
2026-09-18 12:21:48,848 | INFO | [t=230] VLA chunk prompt=open top drawer
2026-09-18 12:21:49,227 | INFO | [t=240] VLA chunk prompt=open top drawer
2026-09-18 12:21:49,608 | INFO | [t=250] VLA chunk prompt=open top drawer
2026-09-18 12:21:49,986 | INFO | [t=260] VLA chunk prompt=open top drawer
2026-09-18 12:21:50,366 | INFO | [t=270] VLA chunk prompt=open top drawer
2026-09-18 12:21:50,747 | INFO | [t=280] VLA chunk prompt=open top drawer
2026-09-18 12:21:51,134 | INFO | [t=290] VLA chunk prompt=open top drawer
2026-09-18 12:21:51,528 | INFO | [t=300] VLA chunk prompt=open top drawer
2026-09-18 12:21:51,929 | INFO | [t=310] VLA chunk prompt=open top drawer
2026-09-18 12:21:52,312 | INFO | [t=320] VLA chunk prompt=open top drawer
2026-09-18 12:21:52,690 | INFO | [t=330] VLA chunk prompt=open top drawer
2026-09-18 12:21:53,065 | INFO | [t=340] VLA chunk prompt=open top drawer
2026-09-18 12:21:53,443 | INFO | [t=350] VLA chunk prompt=open top drawer
2026-09-18 12:21:53,825 | INFO | [t=360] VLA chunk prompt=open top drawer
2026-09-18 12:21:54,139 | INFO | API VLM @t=0 task=5 subtask=open the top drawer keyframes=[]
2026-09-18 12:21:54,165 | INFO | [t=370] VLM prompt update from step=0: open the top drawer
2026-09-18 12:21:54,216 | INFO | [t=370] VLA chunk prompt=open the top drawer
2026-09-18 12:21:54,609 | INFO | [t=380] VLA chunk prompt=open the top drawer
2026-09-18 12:21:55,005 | INFO | [t=390] VLA chunk prompt=open the top drawer
2026-09-18 12:21:55,403 | INFO | [t=400] VLA chunk prompt=open the top drawer
2026-09-18 12:21:55,807 | INFO | [t=410] VLA chunk prompt=open the top drawer
2026-09-18 12:21:56,219 | INFO | [t=420] VLA chunk prompt=open the top drawer
2026-09-18 12:21:56,631 | INFO | [t=430] VLA chunk prompt=open the top drawer
2026-09-18 12:21:57,048 | INFO | [t=440] VLA chunk prompt=open the top drawer
2026-09-18 12:21:57,446 | INFO | [t=450] VLA chunk prompt=open the top drawer
2026-09-18 12:21:57,843 | INFO | [t=460] VLA chunk prompt=open the top drawer
2026-09-18 12:21:58,237 | INFO | [t=470] VLA chunk prompt=open the top drawer
2026-09-18 12:21:58,630 | INFO | [t=480] VLA chunk prompt=open the top drawer
2026-09-18 12:21:59,023 | INFO | [t=490] VLA chunk prompt=open the top drawer
2026-09-18 12:21:59,422 | INFO | [t=500] VLA chunk prompt=open the top drawer
2026-09-18 12:21:59,825 | INFO | [t=510] VLA chunk prompt=open the top drawer
2026-09-18 12:22:00,244 | INFO | [t=520] VLA chunk prompt=open the top drawer
2026-09-18 12:22:00,656 | INFO | [t=530] VLA chunk prompt=open the top drawer
2026-09-18 12:22:01,061 | INFO | [t=540] VLA chunk prompt=open the top drawer
2026-09-18 12:22:01,464 | INFO | [t=550] VLA chunk prompt=open the top drawer
2026-09-18 12:22:01,868 | INFO | [t=560] VLA chunk prompt=open the top drawer
2026-09-18 12:22:02,264 | INFO | [t=570] VLA chunk prompt=open the top drawer
2026-09-18 12:22:02,661 | INFO | [t=580] VLA chunk prompt=open the top drawer
2026-09-18 12:22:03,062 | INFO | [t=590] VLA chunk prompt=open the top drawer
2026-09-18 12:22:03,455 | INFO | [t=600] VLA chunk prompt=open the top drawer
2026-09-18 12:22:03,853 | INFO | [t=610] VLA chunk prompt=open the top drawer
2026-09-18 12:22:04,248 | INFO | [t=620] VLA chunk prompt=open the top drawer
2026-09-18 12:22:04,645 | INFO | [t=630] VLA chunk prompt=open the top drawer
2026-09-18 12:22:05,035 | INFO | [t=640] VLA chunk prompt=open the top drawer
2026-09-18 12:22:05,428 | INFO | [t=650] VLA chunk prompt=open the top drawer
2026-09-18 12:22:05,819 | INFO | [t=660] VLA chunk prompt=open the top drawer
2026-09-18 12:22:06,118 | INFO | API VLM @t=355 task=5 subtask=open the top drawer keyframes=[5]
2026-09-18 12:22:06,211 | INFO | [t=670] VLA chunk prompt=open the top drawer
2026-09-18 12:22:06,289 | INFO | API VLM @t=1400 task=5 subtask=open the top drawer keyframes=[]
2026-09-18 12:22:06,611 | INFO | [t=680] VLA chunk prompt=open the top drawer
2026-09-18 12:22:07,017 | INFO | [t=690] VLA chunk prompt=open the top drawer
2026-09-18 12:22:07,426 | INFO | [t=700] VLA chunk prompt=open the top drawer
2026-09-18 12:22:07,840 | INFO | [t=710] VLA chunk prompt=open the top drawer
2026-09-18 12:22:08,236 | INFO | [t=720] VLA chunk prompt=open the top drawer
2026-09-18 12:22:08,626 | INFO | [t=730] VLA chunk prompt=open the top drawer
2026-09-18 12:22:09,013 | INFO | [t=740] VLA chunk prompt=open the top drawer
2026-09-18 12:22:09,400 | INFO | [t=750] VLA chunk prompt=open the top drawer
2026-09-18 12:22:09,789 | INFO | [t=760] VLA chunk prompt=open the top drawer
2026-09-18 12:22:10,188 | INFO | [t=770] VLA chunk prompt=open the top drawer
2026-09-18 12:22:10,576 | INFO | [t=780] VLA chunk prompt=open the top drawer
2026-09-18 12:22:10,968 | INFO | [t=790] VLA chunk prompt=open the top drawer
2026-09-18 12:22:11,357 | INFO | [t=800] VLA chunk prompt=open the top drawer
2026-09-18 12:22:11,750 | INFO | [t=810] VLA chunk prompt=open the top drawer
2026-09-18 12:22:12,143 | INFO | [t=820] VLA chunk prompt=open the top drawer
2026-09-18 12:22:12,538 | INFO | [t=830] VLA chunk prompt=open the top drawer
2026-09-18 12:22:12,926 | INFO | [t=840] VLA chunk prompt=open the top drawer
2026-09-18 12:22:13,314 | INFO | [t=850] VLA chunk prompt=open the top drawer
2026-09-18 12:22:13,702 | INFO | [t=860] VLA chunk prompt=open the top drawer
2026-09-18 12:22:14,088 | INFO | [t=870] VLA chunk prompt=open the top drawer
2026-09-18 12:22:14,475 | INFO | [t=880] VLA chunk prompt=open the top drawer
2026-09-18 12:22:14,870 | INFO | [t=890] VLA chunk prompt=open the top drawer
2026-09-18 12:22:15,257 | INFO | [t=900] VLA chunk prompt=open the top drawer
2026-09-18 12:22:15,645 | INFO | [t=910] VLA chunk prompt=open the top drawer
2026-09-18 12:22:16,031 | INFO | [t=920] VLA chunk prompt=open the top drawer
2026-09-18 12:22:16,417 | INFO | [t=930] VLA chunk prompt=open the top drawer
2026-09-18 12:22:16,801 | INFO | [t=940] VLA chunk prompt=open the top drawer
2026-09-18 12:22:17,199 | INFO | [t=950] VLA chunk prompt=open the top drawer
2026-09-18 12:22:17,598 | INFO | [t=960] VLA chunk prompt=open the top drawer
2026-09-18 12:22:18,004 | INFO | [t=970] VLA chunk prompt=open the top drawer
2026-09-18 12:22:18,403 | INFO | [t=980] VLA chunk prompt=open the top drawer
2026-09-18 12:22:18,801 | INFO | [t=990] VLA chunk prompt=open the top drawer
2026-09-18 12:22:19,198 | INFO | [t=1000] VLA chunk prompt=open the top drawer
2026-09-18 12:22:19,599 | INFO | [t=1010] VLA chunk prompt=open the top drawer
2026-09-18 12:22:20,003 | INFO | [t=1020] VLA chunk prompt=open the top drawer
2026-09-18 12:22:20,409 | INFO | [t=1030] VLA chunk prompt=open the top drawer
2026-09-18 12:22:20,815 | INFO | [t=1040] VLA chunk prompt=open the top drawer
2026-09-18 12:22:21,229 | INFO | [t=1050] VLA chunk prompt=open the top drawer
2026-09-18 12:22:21,645 | INFO | [t=1060] VLA chunk prompt=open the top drawer
2026-09-18 12:22:22,042 | INFO | [t=1070] VLA chunk prompt=open the top drawer
2026-09-18 12:22:22,437 | INFO | [t=1080] VLA chunk prompt=open the top drawer
2026-09-18 12:22:22,837 | INFO | [t=1090] VLA chunk prompt=open the top drawer
2026-09-18 12:22:23,230 | INFO | [t=1100] VLA chunk prompt=open the top drawer
2026-09-18 12:22:23,624 | INFO | [t=1110] VLA chunk prompt=open the top drawer
2026-09-18 12:22:24,022 | INFO | [t=1120] VLA chunk prompt=open the top drawer
2026-09-18 12:22:24,424 | INFO | [t=1130] VLA chunk prompt=open the top drawer
2026-09-18 12:22:24,832 | INFO | [t=1140] VLA chunk prompt=open the top drawer
2026-09-18 12:22:25,244 | INFO | [t=1150] VLA chunk prompt=open the top drawer
2026-09-18 12:22:25,640 | INFO | [t=1160] VLA chunk prompt=open the top drawer
2026-09-18 12:22:26,034 | INFO | [t=1170] VLA chunk prompt=open the top drawer
2026-09-18 12:22:26,426 | INFO | [t=1180] VLA chunk prompt=open the top drawer
2026-09-18 12:22:26,813 | INFO | [t=1190] VLA chunk prompt=open the top drawer
2026-09-18 12:22:27,207 | INFO | [t=1200] VLA chunk prompt=open the top drawer
2026-09-18 12:22:27,609 | INFO | [t=1210] VLA chunk prompt=open the top drawer
2026-09-18 12:22:28,005 | INFO | [t=1220] VLA chunk prompt=open the top drawer
2026-09-18 12:22:28,406 | INFO | [t=1230] VLA chunk prompt=open the top drawer
2026-09-18 12:22:28,808 | INFO | [t=1240] VLA chunk prompt=open the top drawer
2026-09-18 12:22:29,216 | INFO | [t=1250] VLA chunk prompt=open the top drawer
2026-09-18 12:22:29,626 | INFO | [t=1260] VLA chunk prompt=open the top drawer
2026-09-18 12:22:30,036 | INFO | [t=1270] VLA chunk prompt=open the top drawer
2026-09-18 12:22:30,442 | INFO | [t=1280] VLA chunk prompt=open the top drawer
2026-09-18 12:22:30,827 | INFO | [t=1290] VLA chunk prompt=open the top drawer
2026-09-18 12:22:31,185 | INFO | API VLM @t=655 task=5 subtask=open top drawer keyframes=[5]
2026-09-18 12:22:31,207 | INFO | [t=1300] VLA chunk prompt=open the top drawer
2026-09-18 12:22:31,538 | INFO | [t=1310] VLM prompt update from step=655: open top drawer
2026-09-18 12:22:31,590 | INFO | [t=1310] VLA chunk prompt=open top drawer
2026-09-18 12:22:31,968 | INFO | [t=1320] VLA chunk prompt=open top drawer
2026-09-18 12:22:32,342 | INFO | [t=1330] VLA chunk prompt=open top drawer
2026-09-18 12:22:32,711 | INFO | [t=1340] VLA chunk prompt=open top drawer
2026-09-18 12:22:33,076 | INFO | [t=1350] VLA chunk prompt=open top drawer
2026-09-18 12:22:33,437 | INFO | [t=1360] VLA chunk prompt=open top drawer
2026-09-18 12:22:33,801 | INFO | [t=1370] VLA chunk prompt=open top drawer
2026-09-18 12:22:34,160 | INFO | [t=1380] VLA chunk prompt=open top drawer
2026-09-18 12:22:34,520 | INFO | [t=1390] VLA chunk prompt=open top drawer
2026-09-18 12:22:34,880 | INFO | [t=1400] VLA chunk prompt=open top drawer
2026-09-18 12:22:35,245 | INFO | [t=1410] VLA chunk prompt=open top drawer
2026-09-18 12:22:35,616 | INFO | [t=1420] VLA chunk prompt=open top drawer
2026-09-18 12:22:35,978 | INFO | [t=1430] VLA chunk prompt=open top drawer
2026-09-18 12:22:36,341 | INFO | [t=1440] VLA chunk prompt=open top drawer
2026-09-18 12:22:36,701 | INFO | [t=1450] VLA chunk prompt=open top drawer
2026-09-18 12:22:37,063 | INFO | [t=1460] VLA chunk prompt=open top drawer
2026-09-18 12:22:37,433 | INFO | [t=1470] VLA chunk prompt=open top drawer
2026-09-18 12:22:37,803 | INFO | [t=1480] VLA chunk prompt=open top drawer
2026-09-18 12:22:38,179 | INFO | [t=1490] VLA chunk prompt=open top drawer
2026-09-18 12:22:38,552 | INFO | [t=1500] VLA chunk prompt=open top drawer
2026-09-18 12:22:38,920 | INFO | [t=1510] VLA chunk prompt=open top drawer
2026-09-18 12:22:39,289 | INFO | [t=1520] VLA chunk prompt=open top drawer
2026-09-18 12:22:39,660 | INFO | [t=1530] VLA chunk prompt=open top drawer
2026-09-18 12:22:40,032 | INFO | [t=1540] VLA chunk prompt=open top drawer
2026-09-18 12:22:40,407 | INFO | [t=1550] VLA chunk prompt=open top drawer
2026-09-18 12:22:40,784 | INFO | [t=1560] VLA chunk prompt=open top drawer
2026-09-18 12:22:41,165 | INFO | [t=1570] VLA chunk prompt=open top drawer
2026-09-18 12:22:41,540 | INFO | [t=1580] VLA chunk prompt=open top drawer
2026-09-18 12:22:41,910 | INFO | [t=1590] VLA chunk prompt=open top drawer
2026-09-18 12:22:42,271 | INFO | [t=1600] VLA chunk prompt=open top drawer
2026-09-18 12:22:42,645 | INFO | [t=1610] VLA chunk prompt=open top drawer
2026-09-18 12:22:43,009 | INFO | [t=1620] VLA chunk prompt=open top drawer
2026-09-18 12:22:43,374 | INFO | [t=1630] VLA chunk prompt=open top drawer
2026-09-18 12:22:43,735 | INFO | [t=1640] VLA chunk prompt=open top drawer
2026-09-18 12:22:44,096 | INFO | [t=1650] VLA chunk prompt=open top drawer
2026-09-18 12:22:44,454 | INFO | [t=1660] VLA chunk prompt=open top drawer
2026-09-18 12:22:44,813 | INFO | [t=1670] VLA chunk prompt=open top drawer
2026-09-18 12:22:45,171 | INFO | [t=1680] VLA chunk prompt=open top drawer
2026-09-18 12:22:45,532 | INFO | [t=1690] VLA chunk prompt=open top drawer
2026-09-18 12:22:45,898 | INFO | [t=1700] VLA chunk prompt=open top drawer
2026-09-18 12:22:46,268 | INFO | [t=1710] VLA chunk prompt=open top drawer
2026-09-18 12:22:46,637 | INFO | [t=1720] VLA chunk prompt=open top drawer
2026-09-18 12:22:47,011 | INFO | [t=1730] VLA chunk prompt=open top drawer
2026-09-18 12:22:47,390 | INFO | [t=1740] VLA chunk prompt=open top drawer
2026-09-18 12:22:47,766 | INFO | [t=1750] VLA chunk prompt=open top drawer
2026-09-18 12:22:48,139 | INFO | [t=1760] VLA chunk prompt=open top drawer
2026-09-18 12:22:48,516 | INFO | [t=1770] VLA chunk prompt=open top drawer
2026-09-18 12:22:48,891 | INFO | [t=1780] VLA chunk prompt=open top drawer
2026-09-18 12:22:49,266 | INFO | [t=1790] VLA chunk prompt=open top drawer
2026-09-18 12:22:49,655 | INFO | [t=1800] VLA chunk prompt=open top drawer
2026-09-18 12:22:50,045 | INFO | [t=1810] VLA chunk prompt=open top drawer
2026-09-18 12:22:50,434 | INFO | [t=1820] VLA chunk prompt=open top drawer
2026-09-18 12:22:50,829 | INFO | [t=1830] VLA chunk prompt=open top drawer
2026-09-18 12:22:51,227 | INFO | [t=1840] VLA chunk prompt=open top drawer
2026-09-18 12:22:51,628 | INFO | [t=1850] VLA chunk prompt=open top drawer
2026-09-18 12:22:52,035 | INFO | [t=1860] VLA chunk prompt=open top drawer
2026-09-18 12:22:52,436 | INFO | [t=1870] VLA chunk prompt=open top drawer
2026-09-18 12:22:52,828 | INFO | [t=1880] VLA chunk prompt=open top drawer
2026-09-18 12:22:53,219 | INFO | [t=1890] VLA chunk prompt=open top drawer
2026-09-18 12:22:53,612 | INFO | [t=1900] VLA chunk prompt=open top drawer
2026-09-18 12:22:54,002 | INFO | [t=1910] VLA chunk prompt=open top drawer
2026-09-18 12:22:54,395 | INFO | [t=1920] VLA chunk prompt=open top drawer
2026-09-18 12:22:54,799 | INFO | [t=1930] VLA chunk prompt=open top drawer
2026-09-18 12:22:55,205 | INFO | [t=1940] VLA chunk prompt=open top drawer
2026-09-18 12:22:55,620 | INFO | [t=1950] VLA chunk prompt=open top drawer
2026-09-18 12:22:56,022 | INFO | [t=1960] VLA chunk prompt=open top drawer
2026-09-18 12:22:56,424 | INFO | [t=1970] VLA chunk prompt=open top drawer
2026-09-18 12:22:56,823 | INFO | [t=1980] VLA chunk prompt=open top drawer
2026-09-18 12:22:57,216 | INFO | [t=1990] VLA chunk prompt=open top drawer
2026-09-18 12:22:57,608 | INFO | [t=2000] VLA chunk prompt=open top drawer
2026-09-18 12:22:58,021 | INFO | [t=2010] VLA chunk prompt=open top drawer
2026-09-18 12:22:58,422 | INFO | [t=2020] VLA chunk prompt=open top drawer
2026-09-18 12:22:58,810 | INFO | [t=2030] VLA chunk prompt=open top drawer
2026-09-18 12:22:59,194 | INFO | [t=2040] VLA chunk prompt=open top drawer
2026-09-18 12:22:59,574 | INFO | [t=2050] VLA chunk prompt=open top drawer
2026-09-18 12:22:59,949 | INFO | [t=2060] VLA chunk prompt=open top drawer
2026-09-18 12:23:00,321 | INFO | [t=2070] VLA chunk prompt=open top drawer
2026-09-18 12:23:00,694 | INFO | [t=2080] VLA chunk prompt=open top drawer
2026-09-18 12:23:01,066 | INFO | [t=2090] VLA chunk prompt=open top drawer
2026-09-18 12:23:01,438 | INFO | [t=2100] VLA chunk prompt=open top drawer
2026-09-18 12:23:01,812 | INFO | [t=2110] VLA chunk prompt=open top drawer
2026-09-18 12:23:02,193 | INFO | [t=2120] VLA chunk prompt=open top drawer
2026-09-18 12:23:02,575 | INFO | [t=2130] VLA chunk prompt=open top drawer
2026-09-18 12:23:02,947 | INFO | [t=2140] VLA chunk prompt=open top drawer
2026-09-18 12:23:03,313 | INFO | [t=2150] VLA chunk prompt=open top drawer
2026-09-18 12:23:03,678 | INFO | [t=2160] VLA chunk prompt=open top drawer
2026-09-18 12:23:04,049 | INFO | [t=2170] VLA chunk prompt=open top drawer
2026-09-18 12:23:04,421 | INFO | [t=2180] VLA chunk prompt=open top drawer
2026-09-18 12:23:04,795 | INFO | [t=2190] VLA chunk prompt=open top drawer
2026-09-18 12:23:05,171 | INFO | [t=2200] VLA chunk prompt=open top drawer
2026-09-18 12:23:05,176 | INFO | API VLM @t=1290 task=5 subtask=open middle drawer keyframes=[]
2026-09-18 12:23:05,499 | INFO | [t=2210] VLM prompt update from step=1290: open middle drawer
2026-09-18 12:23:05,551 | INFO | [t=2210] VLA chunk prompt=open middle drawer
2026-09-18 12:23:05,928 | INFO | [t=2220] VLA chunk prompt=open middle drawer
2026-09-18 12:23:06,307 | INFO | [t=2230] VLA chunk prompt=open middle drawer
2026-09-18 12:23:06,690 | INFO | [t=2240] VLA chunk prompt=open middle drawer
2026-09-18 12:23:07,077 | INFO | [t=2250] VLA chunk prompt=open middle drawer
2026-09-18 12:23:07,464 | INFO | [t=2260] VLA chunk prompt=open middle drawer
2026-09-18 12:23:07,849 | INFO | [t=2270] VLA chunk prompt=open middle drawer
2026-09-18 12:23:08,233 | INFO | [t=2280] VLA chunk prompt=open middle drawer
2026-09-18 12:23:08,620 | INFO | [t=2290] VLA chunk prompt=open middle drawer
2026-09-18 12:23:09,009 | INFO | [t=2300] VLA chunk prompt=open middle drawer
2026-09-18 12:23:09,410 | INFO | [t=2310] VLA chunk prompt=open middle drawer
2026-09-18 12:23:09,811 | INFO | [t=2320] VLA chunk prompt=open middle drawer
2026-09-18 12:23:10,218 | INFO | [t=2330] VLA chunk prompt=open middle drawer
2026-09-18 12:23:10,618 | INFO | [t=2340] VLA chunk prompt=open middle drawer
2026-09-18 12:23:11,021 | INFO | [t=2350] VLA chunk prompt=open middle drawer
2026-09-18 12:23:11,426 | INFO | [t=2360] VLA chunk prompt=open middle drawer
2026-09-18 12:23:11,826 | INFO | [t=2370] VLA chunk prompt=open middle drawer
2026-09-18 12:23:12,228 | INFO | [t=2380] VLA chunk prompt=open middle drawer
2026-09-18 12:23:12,625 | INFO | [t=2390] VLA chunk prompt=open middle drawer
2026-09-18 12:23:13,020 | INFO | [t=2400] VLA chunk prompt=open middle drawer
2026-09-18 12:23:13,418 | INFO | [t=2410] VLA chunk prompt=open middle drawer
2026-09-18 12:23:13,816 | INFO | [t=2420] VLA chunk prompt=open middle drawer
2026-09-18 12:23:14,219 | INFO | [t=2430] VLA chunk prompt=open middle drawer
2026-09-18 12:23:14,627 | INFO | [t=2440] VLA chunk prompt=open middle drawer
2026-09-18 12:23:15,034 | INFO | [t=2450] VLA chunk prompt=open middle drawer
2026-09-18 12:23:15,429 | INFO | [t=2460] VLA chunk prompt=open middle drawer
2026-09-18 12:23:15,822 | INFO | [t=2470] VLA chunk prompt=open middle drawer
2026-09-18 12:23:16,214 | INFO | [t=2480] VLA chunk prompt=open middle drawer
2026-09-18 12:23:16,605 | INFO | [t=2490] VLA chunk prompt=open middle drawer
2026-09-18 12:23:16,999 | INFO | [t=2500] VLA chunk prompt=open middle drawer
2026-09-18 12:23:20,371 | INFO | attempt=0 stage_score=0.0 stage_success=False failure_reason=incomplete_stage
2026-09-18 12:23:22,380 | INFO | harness release_gripper after env.reset (attempt=1)
2026-09-18 12:23:22,381 | INFO | async VLM enabled: single-slot subtask buffer
2026-09-18 12:23:22,643 | INFO | [t=10] VLA chunk prompt=Open all drawers in order, remember the empty drawer, then put butter into that empty drawer.
2026-09-18 12:23:22,923 | INFO | [t=20] VLA chunk prompt=Open all drawers in order, remember the empty drawer, then put butter into that empty drawer.
2026-09-18 12:23:23,202 | INFO | [t=30] VLA chunk prompt=Open all drawers in order, remember the empty drawer, then put butter into that empty drawer.
2026-09-18 12:23:23,478 | INFO | [t=40] VLA chunk prompt=Open all drawers in order, remember the empty drawer, then put butter into that empty drawer.
2026-09-18 12:23:23,753 | INFO | [t=50] VLA chunk prompt=Open all drawers in order, remember the empty drawer, then put butter into that empty drawer.
2026-09-18 12:23:24,030 | INFO | [t=60] VLA chunk prompt=Open all drawers in order, remember the empty drawer, then put butter into that empty drawer.
2026-09-18 12:23:24,316 | INFO | [t=70] VLA chunk prompt=Open all drawers in order, remember the empty drawer, then put butter into that empty drawer.
2026-09-18 12:23:24,560 | INFO | [t=80] harness subtask override: open top drawer
2026-09-18 12:23:24,560 | INFO | [t=80] VLM prompt update from step=-1: open top drawer
2026-09-18 12:23:24,560 | INFO | [t=80] harness forced VLM replan after stall (pmh visual retrieve armed)
2026-09-18 12:23:24,611 | INFO | [t=80] VLA chunk prompt=open top drawer
2026-09-18 12:23:24,905 | INFO | [t=90] VLA chunk prompt=open top drawer
2026-09-18 12:23:25,197 | INFO | [t=100] VLA chunk prompt=open top drawer
2026-09-18 12:23:25,509 | INFO | [t=110] VLA chunk prompt=open top drawer
2026-09-18 12:23:25,838 | INFO | [t=120] VLA chunk prompt=open top drawer
2026-09-18 12:23:26,184 | INFO | [t=130] VLA chunk prompt=open top drawer
2026-09-18 12:23:26,527 | INFO | [t=140] VLA chunk prompt=open top drawer
2026-09-18 12:23:26,875 | INFO | [t=150] VLA chunk prompt=open top drawer
2026-09-18 12:23:27,231 | INFO | [t=160] VLA chunk prompt=open top drawer
2026-09-18 12:23:27,588 | INFO | [t=170] VLA chunk prompt=open top drawer
2026-09-18 12:23:27,942 | INFO | [t=180] VLA chunk prompt=open top drawer
2026-09-18 12:23:28,318 | INFO | [t=190] VLA chunk prompt=open top drawer
2026-09-18 12:23:28,710 | INFO | [t=200] VLA chunk prompt=open top drawer
2026-09-18 12:23:28,903 | INFO | API VLM @t=2190 task=5 subtask=open the top drawer keyframes=[]
2026-09-18 12:23:29,079 | INFO | [t=210] VLA chunk prompt=open top drawer
2026-09-18 12:23:29,450 | INFO | [t=220] VLA chunk prompt=open top drawer
2026-09-18 12:23:29,829 | INFO | [t=230] VLA chunk prompt=open top drawer
2026-09-18 12:23:30,207 | INFO | [t=240] VLA chunk prompt=open top drawer
2026-09-18 12:23:30,605 | INFO | [t=250] VLA chunk prompt=open top drawer
2026-09-18 12:23:31,009 | INFO | [t=260] VLA chunk prompt=open top drawer
2026-09-18 12:23:31,415 | INFO | [t=270] VLA chunk prompt=open top drawer
2026-09-18 12:23:31,819 | INFO | [t=280] VLA chunk prompt=open top drawer
2026-09-18 12:23:32,219 | INFO | [t=290] VLA chunk prompt=open top drawer
2026-09-18 12:23:32,619 | INFO | [t=300] VLA chunk prompt=open top drawer
2026-09-18 12:23:33,023 | INFO | [t=310] VLA chunk prompt=open top drawer
2026-09-18 12:23:33,329 | INFO | API VLM @t=0 task=5 subtask=05_Open_Bottom_Drawer keyframes=[]
2026-09-18 12:23:33,377 | INFO | [t=320] VLM prompt update from step=0: 05_Open_Bottom_Drawer
2026-09-18 12:23:33,429 | INFO | [t=320] VLA chunk prompt=05_Open_Bottom_Drawer
2026-09-18 12:23:33,842 | INFO | [t=330] VLA chunk prompt=05_Open_Bottom_Drawer
2026-09-18 12:23:34,235 | INFO | [t=340] VLA chunk prompt=05_Open_Bottom_Drawer
2026-09-18 12:23:34,618 | INFO | [t=350] VLA chunk prompt=05_Open_Bottom_Drawer
2026-09-18 12:23:34,997 | INFO | [t=360] VLA chunk prompt=05_Open_Bottom_Drawer
2026-09-18 12:23:35,376 | INFO | [t=370] VLA chunk prompt=05_Open_Bottom_Drawer
2026-09-18 12:23:35,756 | INFO | [t=380] VLA chunk prompt=05_Open_Bottom_Drawer
2026-09-18 12:23:36,140 | INFO | [t=390] VLA chunk prompt=05_Open_Bottom_Drawer
2026-09-18 12:23:36,522 | INFO | [t=400] VLA chunk prompt=05_Open_Bottom_Drawer
2026-09-18 12:23:36,904 | INFO | [t=410] VLA chunk prompt=05_Open_Bottom_Drawer
2026-09-18 12:23:37,290 | INFO | [t=420] VLA chunk prompt=05_Open_Bottom_Drawer
2026-09-18 12:23:37,681 | INFO | [t=430] VLA chunk prompt=05_Open_Bottom_Drawer
2026-09-18 12:23:38,072 | INFO | [t=440] VLA chunk prompt=05_Open_Bottom_Drawer
2026-09-18 12:23:38,464 | INFO | [t=450] VLA chunk prompt=05_Open_Bottom_Drawer
2026-09-18 12:23:38,863 | INFO | [t=460] VLA chunk prompt=05_Open_Bottom_Drawer
2026-09-18 12:23:39,266 | INFO | [t=470] VLA chunk prompt=05_Open_Bottom_Drawer
2026-09-18 12:23:39,673 | INFO | [t=480] VLA chunk prompt=05_Open_Bottom_Drawer
2026-09-18 12:23:40,080 | INFO | [t=490] VLA chunk prompt=05_Open_Bottom_Drawer
2026-09-18 12:23:40,479 | INFO | [t=500] VLA chunk prompt=05_Open_Bottom_Drawer
2026-09-18 12:23:40,680 | INFO | API VLM @t=305 task=5 subtask=grasp top drawer handle keyframes=[]
2026-09-18 12:23:40,828 | INFO | [t=510] VLM prompt update from step=305: grasp top drawer handle
2026-09-18 12:23:40,880 | INFO | [t=510] VLA chunk prompt=grasp top drawer handle
2026-09-18 12:23:41,279 | INFO | [t=520] VLA chunk prompt=grasp top drawer handle
2026-09-18 12:23:41,670 | INFO | [t=530] VLA chunk prompt=grasp top drawer handle
2026-09-18 12:23:42,063 | INFO | [t=540] VLA chunk prompt=grasp top drawer handle
2026-09-18 12:23:42,458 | INFO | [t=550] VLA chunk prompt=grasp top drawer handle
2026-09-18 12:23:42,852 | INFO | [t=560] VLA chunk prompt=grasp top drawer handle
2026-09-18 12:23:43,252 | INFO | [t=570] VLA chunk prompt=grasp top drawer handle
2026-09-18 12:23:43,655 | INFO | [t=580] VLA chunk prompt=grasp top drawer handle
2026-09-18 12:23:44,064 | INFO | [t=590] VLA chunk prompt=grasp top drawer handle
2026-09-18 12:23:44,473 | INFO | [t=600] VLA chunk prompt=grasp top drawer handle
2026-09-18 12:23:44,873 | INFO | [t=610] VLA chunk prompt=grasp top drawer handle
2026-09-18 12:23:45,264 | INFO | [t=620] VLA chunk prompt=grasp top drawer handle
2026-09-18 12:23:45,659 | INFO | [t=630] VLA chunk prompt=grasp top drawer handle
2026-09-18 12:23:46,050 | INFO | [t=640] VLA chunk prompt=grasp top drawer handle
2026-09-18 12:23:46,440 | INFO | [t=650] VLA chunk prompt=grasp top drawer handle
2026-09-18 12:23:46,828 | INFO | [t=660] VLA chunk prompt=grasp top drawer handle
2026-09-18 12:23:47,205 | INFO | [t=670] VLA chunk prompt=grasp top drawer handle
2026-09-18 12:23:47,583 | INFO | [t=680] VLA chunk prompt=grasp top drawer handle
2026-09-18 12:23:47,961 | INFO | [t=690] VLA chunk prompt=grasp top drawer handle
2026-09-18 12:23:48,338 | INFO | [t=700] VLA chunk prompt=grasp top drawer handle
2026-09-18 12:23:48,713 | INFO | [t=710] VLA chunk prompt=grasp top drawer handle
2026-09-18 12:23:49,091 | INFO | [t=720] VLA chunk prompt=grasp top drawer handle
2026-09-18 12:23:49,464 | INFO | [t=730] VLA chunk prompt=grasp top drawer handle
2026-09-18 12:23:49,830 | INFO | [t=740] VLA chunk prompt=grasp top drawer handle
2026-09-18 12:23:50,198 | INFO | [t=750] VLA chunk prompt=grasp top drawer handle
2026-09-18 12:23:50,565 | INFO | [t=760] VLA chunk prompt=grasp top drawer handle
2026-09-18 12:23:50,932 | INFO | [t=770] VLA chunk prompt=grasp top drawer handle
2026-09-18 12:23:51,304 | INFO | [t=780] VLA chunk prompt=grasp top drawer handle
2026-09-18 12:23:51,678 | INFO | [t=790] VLA chunk prompt=grasp top drawer handle
2026-09-18 12:23:52,044 | INFO | [t=800] VLA chunk prompt=grasp top drawer handle
2026-09-18 12:23:52,404 | INFO | [t=810] VLA chunk prompt=grasp top drawer handle
2026-09-18 12:23:52,775 | INFO | [t=820] VLA chunk prompt=grasp top drawer handle
2026-09-18 12:23:53,143 | INFO | [t=830] VLA chunk prompt=grasp top drawer handle
2026-09-18 12:23:53,502 | INFO | [t=840] VLA chunk prompt=grasp top drawer handle
2026-09-18 12:23:53,862 | INFO | [t=850] VLA chunk prompt=grasp top drawer handle
2026-09-18 12:23:54,217 | INFO | [t=860] VLA chunk prompt=grasp top drawer handle
2026-09-18 12:23:54,571 | INFO | [t=870] VLA chunk prompt=grasp top drawer handle
2026-09-18 12:23:54,929 | INFO | [t=880] VLA chunk prompt=grasp top drawer handle
2026-09-18 12:23:55,305 | INFO | [t=890] VLA chunk prompt=grasp top drawer handle
2026-09-18 12:23:55,681 | INFO | [t=900] VLA chunk prompt=grasp top drawer handle
2026-09-18 12:23:56,055 | INFO | [t=910] VLA chunk prompt=grasp top drawer handle
2026-09-18 12:23:56,421 | INFO | [t=920] VLA chunk prompt=grasp top drawer handle
2026-09-18 12:23:56,787 | INFO | [t=930] VLA chunk prompt=grasp top drawer handle
2026-09-18 12:23:57,153 | INFO | [t=940] VLA chunk prompt=grasp top drawer handle
2026-09-18 12:23:57,522 | INFO | [t=950] VLA chunk prompt=grasp top drawer handle
2026-09-18 12:23:57,893 | INFO | [t=960] VLA chunk prompt=grasp top drawer handle
2026-09-18 12:23:58,277 | INFO | [t=970] VLA chunk prompt=grasp top drawer handle
2026-09-18 12:23:58,673 | INFO | [t=980] VLA chunk prompt=grasp top drawer handle
2026-09-18 12:23:59,086 | INFO | [t=990] VLA chunk prompt=grasp top drawer handle
2026-09-18 12:23:59,488 | INFO | [t=1000] VLA chunk prompt=grasp top drawer handle
2026-09-18 12:23:59,887 | INFO | [t=1010] VLA chunk prompt=grasp top drawer handle
2026-09-18 12:24:00,320 | INFO | [t=1020] VLA chunk prompt=grasp top drawer handle
2026-09-18 12:24:00,745 | INFO | [t=1030] VLA chunk prompt=grasp top drawer handle
2026-09-18 12:24:01,160 | INFO | [t=1040] VLA chunk prompt=grasp top drawer handle
2026-09-18 12:24:01,568 | INFO | [t=1050] VLA chunk prompt=grasp top drawer handle
2026-09-18 12:24:01,972 | INFO | [t=1060] VLA chunk prompt=grasp top drawer handle
2026-09-18 12:24:02,370 | INFO | [t=1070] VLA chunk prompt=grasp top drawer handle
2026-09-18 12:24:02,762 | INFO | [t=1080] VLA chunk prompt=grasp top drawer handle
2026-09-18 12:24:03,151 | INFO | [t=1090] VLA chunk prompt=grasp top drawer handle
2026-09-18 12:24:03,540 | INFO | [t=1100] VLA chunk prompt=grasp top drawer handle
2026-09-18 12:24:03,922 | INFO | [t=1110] VLA chunk prompt=grasp top drawer handle
2026-09-18 12:24:04,301 | INFO | [t=1120] VLA chunk prompt=grasp top drawer handle
2026-09-18 12:24:04,682 | INFO | [t=1130] VLA chunk prompt=grasp top drawer handle
2026-09-18 12:24:05,058 | INFO | [t=1140] VLA chunk prompt=grasp top drawer handle
2026-09-18 12:24:05,436 | INFO | [t=1150] VLA chunk prompt=grasp top drawer handle
2026-09-18 12:24:05,810 | INFO | [t=1160] VLA chunk prompt=grasp top drawer handle
2026-09-18 12:24:06,180 | INFO | [t=1170] VLA chunk prompt=grasp top drawer handle
2026-09-18 12:24:06,550 | INFO | [t=1180] VLA chunk prompt=grasp top drawer handle
2026-09-18 12:24:06,916 | INFO | [t=1190] VLA chunk prompt=grasp top drawer handle
2026-09-18 12:24:07,284 | INFO | [t=1200] VLA chunk prompt=grasp top drawer handle
2026-09-18 12:24:07,648 | INFO | [t=1210] VLA chunk prompt=grasp top drawer handle
2026-09-18 12:24:08,012 | INFO | [t=1220] VLA chunk prompt=grasp top drawer handle
2026-09-18 12:24:08,373 | INFO | [t=1230] VLA chunk prompt=grasp top drawer handle
2026-09-18 12:24:08,735 | INFO | [t=1240] VLA chunk prompt=grasp top drawer handle
2026-09-18 12:24:09,096 | INFO | [t=1250] VLA chunk prompt=grasp top drawer handle
2026-09-18 12:24:09,460 | INFO | [t=1260] VLA chunk prompt=grasp top drawer handle
2026-09-18 12:24:09,834 | INFO | [t=1270] VLA chunk prompt=grasp top drawer handle
2026-09-18 12:24:10,208 | INFO | [t=1280] VLA chunk prompt=grasp top drawer handle
2026-09-18 12:24:10,588 | INFO | [t=1290] VLA chunk prompt=grasp top drawer handle
2026-09-18 12:24:10,968 | INFO | [t=1300] VLA chunk prompt=grasp top drawer handle
2026-09-18 12:24:11,343 | INFO | [t=1310] VLA chunk prompt=grasp top drawer handle
2026-09-18 12:24:11,713 | INFO | [t=1320] VLA chunk prompt=grasp top drawer handle
2026-09-18 12:24:12,087 | INFO | [t=1330] VLA chunk prompt=grasp top drawer handle
2026-09-18 12:24:12,461 | INFO | [t=1340] VLA chunk prompt=grasp top drawer handle
2026-09-18 12:24:12,835 | INFO | [t=1350] VLA chunk prompt=grasp top drawer handle
2026-09-18 12:24:13,206 | INFO | [t=1360] VLA chunk prompt=grasp top drawer handle
2026-09-18 12:24:13,589 | INFO | [t=1370] VLA chunk prompt=grasp top drawer handle
2026-09-18 12:24:13,972 | INFO | [t=1380] VLA chunk prompt=grasp top drawer handle
2026-09-18 12:24:14,351 | INFO | [t=1390] VLA chunk prompt=grasp top drawer handle
2026-09-18 12:24:14,739 | INFO | [t=1400] VLA chunk prompt=grasp top drawer handle
2026-09-18 12:24:14,981 | INFO | API VLM @t=495 task=5 subtask=open top drawer keyframes=[]
2026-09-18 12:24:15,072 | INFO | [t=1410] VLM prompt update from step=495: open top drawer
2026-09-18 12:24:15,124 | INFO | [t=1410] VLA chunk prompt=open top drawer
2026-09-18 12:24:15,512 | INFO | [t=1420] VLA chunk prompt=open top drawer
2026-09-18 12:24:15,900 | INFO | [t=1430] VLA chunk prompt=open top drawer
2026-09-18 12:24:16,281 | INFO | [t=1440] VLA chunk prompt=open top drawer
2026-09-18 12:24:16,667 | INFO | [t=1450] VLA chunk prompt=open top drawer
2026-09-18 12:24:17,049 | INFO | [t=1460] VLA chunk prompt=open top drawer
2026-09-18 12:24:17,431 | INFO | [t=1470] VLA chunk prompt=open top drawer
2026-09-18 12:24:17,812 | INFO | [t=1480] VLA chunk prompt=open top drawer
2026-09-18 12:24:18,194 | INFO | [t=1490] VLA chunk prompt=open top drawer
2026-09-18 12:24:18,575 | INFO | [t=1500] VLA chunk prompt=open top drawer
2026-09-18 12:24:18,960 | INFO | [t=1510] VLA chunk prompt=open top drawer
2026-09-18 12:24:19,341 | INFO | [t=1520] VLA chunk prompt=open top drawer
2026-09-18 12:24:19,723 | INFO | [t=1530] VLA chunk prompt=open top drawer
2026-09-18 12:24:20,105 | INFO | [t=1540] VLA chunk prompt=open top drawer
2026-09-18 12:24:20,486 | INFO | [t=1550] VLA chunk prompt=open top drawer
2026-09-18 12:24:20,864 | INFO | [t=1560] VLA chunk prompt=open top drawer
2026-09-18 12:24:21,242 | INFO | [t=1570] VLA chunk prompt=open top drawer
2026-09-18 12:24:21,616 | INFO | [t=1580] VLA chunk prompt=open top drawer
2026-09-18 12:24:21,992 | INFO | [t=1590] VLA chunk prompt=open top drawer
2026-09-18 12:24:22,363 | INFO | [t=1600] VLA chunk prompt=open top drawer
2026-09-18 12:24:22,737 | INFO | [t=1610] VLA chunk prompt=open top drawer
2026-09-18 12:24:23,108 | INFO | [t=1620] VLA chunk prompt=open top drawer
2026-09-18 12:24:23,474 | INFO | [t=1630] VLA chunk prompt=open top drawer
2026-09-18 12:24:23,834 | INFO | [t=1640] VLA chunk prompt=open top drawer
2026-09-18 12:24:24,195 | INFO | [t=1650] VLA chunk prompt=open top drawer
2026-09-18 12:24:24,556 | INFO | [t=1660] VLA chunk prompt=open top drawer
2026-09-18 12:24:24,915 | INFO | [t=1670] VLA chunk prompt=open top drawer
2026-09-18 12:24:25,276 | INFO | [t=1680] VLA chunk prompt=open top drawer
2026-09-18 12:24:25,637 | INFO | [t=1690] VLA chunk prompt=open top drawer
2026-09-18 12:24:25,999 | INFO | [t=1700] VLA chunk prompt=open top drawer
2026-09-18 12:24:26,364 | INFO | [t=1710] VLA chunk prompt=open top drawer
2026-09-18 12:24:26,728 | INFO | [t=1720] VLA chunk prompt=open top drawer
2026-09-18 12:24:27,093 | INFO | [t=1730] VLA chunk prompt=open top drawer
2026-09-18 12:24:27,471 | INFO | [t=1740] VLA chunk prompt=open top drawer
2026-09-18 12:24:27,852 | INFO | [t=1750] VLA chunk prompt=open top drawer
2026-09-18 12:24:28,230 | INFO | [t=1760] VLA chunk prompt=open top drawer
2026-09-18 12:24:28,614 | INFO | [t=1770] VLA chunk prompt=open top drawer
2026-09-18 12:24:29,000 | INFO | [t=1780] VLA chunk prompt=open top drawer
2026-09-18 12:24:29,388 | INFO | [t=1790] VLA chunk prompt=open top drawer
2026-09-18 12:24:29,776 | INFO | [t=1800] VLA chunk prompt=open top drawer
2026-09-18 12:24:30,170 | INFO | [t=1810] VLA chunk prompt=open top drawer
2026-09-18 12:24:30,545 | INFO | [t=1820] VLA chunk prompt=open top drawer
2026-09-18 12:24:30,917 | INFO | [t=1830] VLA chunk prompt=open top drawer
2026-09-18 12:24:31,286 | INFO | [t=1840] VLA chunk prompt=open top drawer
2026-09-18 12:24:31,656 | INFO | [t=1850] VLA chunk prompt=open top drawer
2026-09-18 12:24:32,023 | INFO | [t=1860] VLA chunk prompt=open top drawer
2026-09-18 12:24:32,394 | INFO | [t=1870] VLA chunk prompt=open top drawer
2026-09-18 12:24:32,769 | INFO | [t=1880] VLA chunk prompt=open top drawer
2026-09-18 12:24:33,138 | INFO | [t=1890] VLA chunk prompt=open top drawer
2026-09-18 12:24:33,503 | INFO | [t=1900] VLA chunk prompt=open top drawer
2026-09-18 12:24:33,870 | INFO | [t=1910] VLA chunk prompt=open top drawer
2026-09-18 12:24:34,235 | INFO | [t=1920] VLA chunk prompt=open top drawer
2026-09-18 12:24:34,602 | INFO | [t=1930] VLA chunk prompt=open top drawer
2026-09-18 12:24:34,971 | INFO | [t=1940] VLA chunk prompt=open top drawer
2026-09-18 12:24:35,344 | INFO | [t=1950] VLA chunk prompt=open top drawer
2026-09-18 12:24:35,712 | INFO | [t=1960] VLA chunk prompt=open top drawer
2026-09-18 12:24:36,072 | INFO | [t=1970] VLA chunk prompt=open top drawer
2026-09-18 12:24:36,430 | INFO | [t=1980] VLA chunk prompt=open top drawer
2026-09-18 12:24:36,787 | INFO | [t=1990] VLA chunk prompt=open top drawer
2026-09-18 12:24:37,143 | INFO | [t=2000] VLA chunk prompt=open top drawer
2026-09-18 12:24:37,500 | INFO | [t=2010] VLA chunk prompt=open top drawer
2026-09-18 12:24:37,856 | INFO | [t=2020] VLA chunk prompt=open top drawer
2026-09-18 12:24:38,219 | INFO | [t=2030] VLA chunk prompt=open top drawer
2026-09-18 12:24:38,583 | INFO | [t=2040] VLA chunk prompt=open top drawer
2026-09-18 12:24:38,951 | INFO | [t=2050] VLA chunk prompt=open top drawer
2026-09-18 12:24:39,323 | INFO | [t=2060] VLA chunk prompt=open top drawer
2026-09-18 12:24:39,697 | INFO | [t=2070] VLA chunk prompt=open top drawer
2026-09-18 12:24:40,071 | INFO | [t=2080] VLA chunk prompt=open top drawer
2026-09-18 12:24:40,448 | INFO | [t=2090] VLA chunk prompt=open top drawer
2026-09-18 12:24:40,813 | INFO | [t=2100] VLA chunk prompt=open top drawer
2026-09-18 12:24:41,180 | INFO | [t=2110] VLA chunk prompt=open top drawer
2026-09-18 12:24:41,543 | INFO | [t=2120] VLA chunk prompt=open top drawer
2026-09-18 12:24:41,903 | INFO | [t=2130] VLA chunk prompt=open top drawer
2026-09-18 12:24:42,260 | INFO | [t=2140] VLA chunk prompt=open top drawer
2026-09-18 12:24:42,616 | INFO | [t=2150] VLA chunk prompt=open top drawer
2026-09-18 12:24:42,974 | INFO | [t=2160] VLA chunk prompt=open top drawer
2026-09-18 12:24:43,332 | INFO | [t=2170] VLA chunk prompt=open top drawer
2026-09-18 12:24:43,696 | INFO | [t=2180] VLA chunk prompt=open top drawer
2026-09-18 12:24:44,053 | INFO | [t=2190] VLA chunk prompt=open top drawer
2026-09-18 12:24:44,411 | INFO | [t=2200] VLA chunk prompt=open top drawer
2026-09-18 12:24:44,769 | INFO | [t=2210] VLA chunk prompt=open top drawer
2026-09-18 12:24:45,128 | INFO | [t=2220] VLA chunk prompt=open top drawer
2026-09-18 12:24:45,504 | INFO | [t=2230] VLA chunk prompt=open top drawer
2026-09-18 12:24:45,878 | INFO | [t=2240] VLA chunk prompt=open top drawer
2026-09-18 12:24:46,241 | INFO | [t=2250] VLA chunk prompt=open top drawer
2026-09-18 12:24:46,434 | INFO | API VLM @t=1395 task=5 subtask=open the top drawer keyframes=[1]
2026-09-18 12:24:46,557 | INFO | [t=2260] VLM prompt update from step=1395: open the top drawer
2026-09-18 12:24:46,608 | INFO | [t=2260] VLA chunk prompt=open the top drawer
2026-09-18 12:24:46,980 | INFO | [t=2270] VLA chunk prompt=open the top drawer
2026-09-18 12:24:47,372 | INFO | [t=2280] VLA chunk prompt=open the top drawer
2026-09-18 12:24:47,766 | INFO | [t=2290] VLA chunk prompt=open the top drawer
2026-09-18 12:24:48,150 | INFO | [t=2300] VLA chunk prompt=open the top drawer
2026-09-18 12:24:48,531 | INFO | [t=2310] VLA chunk prompt=open the top drawer
2026-09-18 12:24:48,909 | INFO | [t=2320] VLA chunk prompt=open the top drawer
2026-09-18 12:24:49,284 | INFO | [t=2330] VLA chunk prompt=open the top drawer
2026-09-18 12:24:49,653 | INFO | [t=2340] VLA chunk prompt=open the top drawer
2026-09-18 12:24:50,011 | INFO | [t=2350] VLA chunk prompt=open the top drawer
2026-09-18 12:24:50,366 | INFO | [t=2360] VLA chunk prompt=open the top drawer
2026-09-18 12:24:50,728 | INFO | [t=2370] VLA chunk prompt=open the top drawer
2026-09-18 12:24:51,089 | INFO | [t=2380] VLA chunk prompt=open the top drawer
2026-09-18 12:24:51,460 | INFO | [t=2390] VLA chunk prompt=open the top drawer
2026-09-18 12:24:51,837 | INFO | [t=2400] VLA chunk prompt=open the top drawer
2026-09-18 12:24:52,208 | INFO | [t=2410] VLA chunk prompt=open the top drawer
2026-09-18 12:24:52,574 | INFO | [t=2420] VLA chunk prompt=open the top drawer
2026-09-18 12:24:52,935 | INFO | [t=2430] VLA chunk prompt=open the top drawer
2026-09-18 12:24:53,286 | INFO | [t=2440] VLA chunk prompt=open the top drawer
2026-09-18 12:24:53,631 | INFO | [t=2450] VLA chunk prompt=open the top drawer
2026-09-18 12:24:53,973 | INFO | [t=2460] VLA chunk prompt=open the top drawer
2026-09-18 12:24:54,315 | INFO | [t=2470] VLA chunk prompt=open the top drawer
2026-09-18 12:24:54,652 | INFO | [t=2480] VLA chunk prompt=open the top drawer
2026-09-18 12:24:55,003 | INFO | [t=2490] VLA chunk prompt=open the top drawer
2026-09-18 12:24:55,357 | INFO | [t=2500] VLA chunk prompt=open the top drawer
2026-09-18 12:24:58,678 | INFO | attempt=1 stage_score=0.0 stage_success=False failure_reason=incomplete_stage
2026-09-18 12:24:58,682 | INFO | Episode 4 seed=104 stage_score=0.0 stage_success=0 goal=0.000 failure_reason=incomplete_stage | 01_Open_Top_Drawer=N | 02_Close_Top_Drawer=N | 03_Open_Middle_Drawer=N | 04_Close_Middle_Drawer=N | 05_Open_Bottom_Drawer=N | 06_Close_Bottom_Drawer=N | 07_Open_Middle_Drawer_Again=N | 08_Put_Butter_Middle_Drawer=N | 09_Close_Middle_Drawer_Final=N
