2026-09-18 13:09:27,664 | INFO | task_id=5 bddl=/project/peilab/why/RoboMemArena/bddl/5_butter_middle_drawer.bddl vlm_ckpt=/project/peilab/why/RoboMemArena/checkpoints/PrediMem/vlm_tasks1to26_ckpt74500
2026-09-18 13:09:30,165 | INFO | async VLM enabled: single-slot subtask buffer
2026-09-18 13:09:30,441 | INFO | [t=10] VLA chunk prompt=Open all drawers in order, remember the empty drawer, then put butter into that empty drawer.
2026-09-18 13:09:30,729 | INFO | [t=20] VLA chunk prompt=Open all drawers in order, remember the empty drawer, then put butter into that empty drawer.
2026-09-18 13:09:31,012 | INFO | [t=30] VLA chunk prompt=Open all drawers in order, remember the empty drawer, then put butter into that empty drawer.
2026-09-18 13:09:31,230 | INFO | API VLM @t=1955 task=5 subtask="

Wait! What are the primitives for this task?
Let's list the steps of the task:
1. open top drawer
2. close top drawer (or observe top drawer)
3. open middle drawer
4. close middle drawer
5. open bottom drawer
6. close bottom drawer
7. pick butter / grasp butter
8. open target drawer / place butter into target drawer?
Wait, what did the drawers contain?
Let's look at historical keyframe 5:
Top drawer: has a blue object inside (so top drawer is NOT empty!).
Wait, where is the middle drawer?
Did the robot open the middle drawer?
Look at Image 6: Top drawer is closed. The arm is at the middle drawer! keyframes=[]
2026-09-18 13:09:31,292 | INFO | [t=40] VLA chunk prompt=Open all drawers in order, remember the empty drawer, then put butter into that empty drawer.
2026-09-18 13:09:31,571 | INFO | [t=50] VLA chunk prompt=Open all drawers in order, remember the empty drawer, then put butter into that empty drawer.
2026-09-18 13:09:31,908 | INFO | [t=60] VLA chunk prompt=Open all drawers in order, remember the empty drawer, then put butter into that empty drawer.
2026-09-18 13:09:32,191 | INFO | [t=70] VLA chunk prompt=Open all drawers in order, remember the empty drawer, then put butter into that empty drawer.
2026-09-18 13:09:32,428 | INFO | [t=80] harness subtask override: open top drawer
2026-09-18 13:09:32,428 | INFO | [t=80] VLM prompt update from step=-1: open top drawer
2026-09-18 13:09:32,429 | INFO | [t=80] harness forced VLM replan after stall (pmh visual retrieve armed)
2026-09-18 13:09:32,479 | INFO | [t=80] VLA chunk prompt=open top drawer
2026-09-18 13:09:32,774 | INFO | [t=90] VLA chunk prompt=open top drawer
2026-09-18 13:09:33,101 | INFO | [t=100] VLA chunk prompt=open top drawer
2026-09-18 13:09:33,431 | INFO | [t=110] VLA chunk prompt=open top drawer
2026-09-18 13:09:33,803 | INFO | [t=120] VLA chunk prompt=open top drawer
2026-09-18 13:09:34,180 | INFO | [t=130] VLA chunk prompt=open top drawer
2026-09-18 13:09:34,526 | INFO | [t=140] VLA chunk prompt=open top drawer
2026-09-18 13:09:34,879 | INFO | [t=150] VLA chunk prompt=open top drawer
2026-09-18 13:09:35,236 | INFO | [t=160] VLA chunk prompt=open top drawer
2026-09-18 13:09:35,596 | INFO | [t=170] VLA chunk prompt=open top drawer
2026-09-18 13:09:35,963 | INFO | [t=180] VLA chunk prompt=open top drawer
2026-09-18 13:09:36,337 | INFO | [t=190] VLA chunk prompt=open top drawer
2026-09-18 13:09:36,715 | INFO | [t=200] VLA chunk prompt=open top drawer
2026-09-18 13:09:37,100 | INFO | [t=210] VLA chunk prompt=open top drawer
2026-09-18 13:09:37,566 | INFO | [t=220] VLA chunk prompt=open top drawer
2026-09-18 13:09:37,959 | INFO | [t=230] VLA chunk prompt=open top drawer
2026-09-18 13:09:38,351 | INFO | [t=240] VLA chunk prompt=open top drawer
2026-09-18 13:09:38,749 | INFO | [t=250] VLA chunk prompt=open top drawer
2026-09-18 13:09:39,136 | INFO | [t=260] VLA chunk prompt=open top drawer
2026-09-18 13:09:39,233 | INFO | API VLM @t=0 task=5 subtask=open the top drawer keyframes=[]
2026-09-18 13:09:39,477 | INFO | [t=270] VLM prompt update from step=0: open the top drawer
2026-09-18 13:09:39,528 | INFO | [t=270] VLA chunk prompt=open the top drawer
2026-09-18 13:09:40,040 | INFO | [t=280] VLA chunk prompt=open the top drawer
2026-09-18 13:09:40,445 | INFO | [t=290] VLA chunk prompt=open the top drawer
2026-09-18 13:09:40,844 | INFO | [t=300] VLA chunk prompt=open the top drawer
2026-09-18 13:09:41,234 | INFO | [t=310] VLA chunk prompt=open the top drawer
2026-09-18 13:09:41,624 | INFO | [t=320] VLA chunk prompt=open the top drawer
2026-09-18 13:09:42,010 | INFO | [t=330] VLA chunk prompt=open the top drawer
2026-09-18 13:09:42,395 | INFO | [t=340] VLA chunk prompt=open the top drawer
2026-09-18 13:09:42,782 | INFO | [t=350] VLA chunk prompt=open the top drawer
2026-09-18 13:09:43,174 | INFO | [t=360] VLA chunk prompt=open the top drawer
2026-09-18 13:09:43,567 | INFO | [t=370] VLA chunk prompt=open the top drawer
2026-09-18 13:09:43,961 | INFO | [t=380] VLA chunk prompt=open the top drawer
2026-09-18 13:09:44,349 | INFO | [t=390] VLA chunk prompt=open the top drawer
2026-09-18 13:09:44,733 | INFO | [t=400] VLA chunk prompt=open the top drawer
2026-09-18 13:09:45,118 | INFO | [t=410] VLA chunk prompt=open the top drawer
2026-09-18 13:09:45,503 | INFO | [t=420] VLA chunk prompt=open the top drawer
2026-09-18 13:09:45,890 | INFO | [t=430] VLA chunk prompt=open the top drawer
2026-09-18 13:09:46,277 | INFO | [t=440] VLA chunk prompt=open the top drawer
2026-09-18 13:09:46,677 | INFO | [t=450] VLA chunk prompt=open the top drawer
2026-09-18 13:09:47,088 | INFO | [t=460] VLA chunk prompt=open the top drawer
2026-09-18 13:09:47,474 | INFO | [t=470] VLA chunk prompt=open the top drawer
2026-09-18 13:09:47,860 | INFO | [t=480] VLA chunk prompt=open the top drawer
2026-09-18 13:09:48,248 | INFO | [t=490] VLA chunk prompt=open the top drawer
2026-09-18 13:09:48,644 | INFO | [t=500] VLA chunk prompt=open the top drawer
2026-09-18 13:09:49,031 | INFO | [t=510] VLA chunk prompt=open the top drawer
2026-09-18 13:09:49,421 | INFO | [t=520] VLA chunk prompt=open the top drawer
2026-09-18 13:09:49,820 | INFO | [t=530] VLA chunk prompt=open the top drawer
2026-09-18 13:09:49,996 | INFO | [t=535] stage done: 01_Open_Top_Drawer
2026-09-18 13:09:50,222 | INFO | [t=540] VLA chunk prompt=open the top drawer
2026-09-18 13:09:50,617 | INFO | [t=550] VLA chunk prompt=open the top drawer
2026-09-18 13:09:51,002 | INFO | [t=560] VLA chunk prompt=open the top drawer
2026-09-18 13:09:51,385 | INFO | [t=570] VLA chunk prompt=open the top drawer
2026-09-18 13:09:51,776 | INFO | [t=580] VLA chunk prompt=open the top drawer
2026-09-18 13:09:51,810 | INFO | [t=581] stage done: 02_Close_Top_Drawer
2026-09-18 13:09:52,172 | INFO | [t=590] VLA chunk prompt=open the top drawer
2026-09-18 13:09:52,576 | INFO | [t=600] VLA chunk prompt=open the top drawer
2026-09-18 13:09:52,985 | INFO | [t=610] VLA chunk prompt=open the top drawer
2026-09-18 13:09:53,393 | INFO | [t=620] VLA chunk prompt=open the top drawer
2026-09-18 13:09:53,803 | INFO | [t=630] VLA chunk prompt=open the top drawer
2026-09-18 13:09:54,215 | INFO | [t=640] VLA chunk prompt=open the top drawer
2026-09-18 13:09:54,615 | INFO | [t=650] VLA chunk prompt=open the top drawer
2026-09-18 13:09:55,012 | INFO | [t=660] VLA chunk prompt=open the top drawer
2026-09-18 13:09:55,351 | INFO | [t=670] harness subtask override: open middle drawer
2026-09-18 13:09:55,351 | INFO | [t=670] VLM prompt update from step=0: open middle drawer
2026-09-18 13:09:55,352 | INFO | [t=670] harness forced VLM replan after stall (pmh visual retrieve armed)
2026-09-18 13:09:55,402 | INFO | [t=670] VLA chunk prompt=open middle drawer
2026-09-18 13:09:55,791 | INFO | [t=680] VLA chunk prompt=open middle drawer
2026-09-18 13:09:56,178 | INFO | [t=690] VLA chunk prompt=open middle drawer
2026-09-18 13:09:56,570 | INFO | [t=700] VLA chunk prompt=open middle drawer
2026-09-18 13:09:56,969 | INFO | [t=710] VLA chunk prompt=open middle drawer
2026-09-18 13:09:57,369 | INFO | [t=720] VLA chunk prompt=open middle drawer
2026-09-18 13:09:57,774 | INFO | [t=730] VLA chunk prompt=open middle drawer
2026-09-18 13:09:58,177 | INFO | [t=740] VLA chunk prompt=open middle drawer
2026-09-18 13:09:58,586 | INFO | [t=750] VLA chunk prompt=open middle drawer
2026-09-18 13:09:58,995 | INFO | [t=760] VLA chunk prompt=open middle drawer
2026-09-18 13:09:59,408 | INFO | [t=770] VLA chunk prompt=open middle drawer
2026-09-18 13:09:59,815 | INFO | [t=780] VLA chunk prompt=open middle drawer
2026-09-18 13:10:00,238 | INFO | [t=790] VLA chunk prompt=open middle drawer
2026-09-18 13:10:00,637 | INFO | [t=800] VLA chunk prompt=open middle drawer
2026-09-18 13:10:01,032 | INFO | [t=810] VLA chunk prompt=open middle drawer
2026-09-18 13:10:01,423 | INFO | [t=820] VLA chunk prompt=open middle drawer
2026-09-18 13:10:01,822 | INFO | [t=830] VLA chunk prompt=open middle drawer
2026-09-18 13:10:02,213 | INFO | [t=840] VLA chunk prompt=open middle drawer
2026-09-18 13:10:02,601 | INFO | [t=850] VLA chunk prompt=open middle drawer
2026-09-18 13:10:02,990 | INFO | [t=860] VLA chunk prompt=open middle drawer
2026-09-18 13:10:03,380 | INFO | [t=870] VLA chunk prompt=open middle drawer
2026-09-18 13:10:03,776 | INFO | [t=880] VLA chunk prompt=open middle drawer
2026-09-18 13:10:04,140 | INFO | API VLM @t=250 task=5 subtask=open the top drawer keyframes=[1]
2026-09-18 13:10:04,184 | INFO | [t=890] VLA chunk prompt=open middle drawer
2026-09-18 13:10:04,538 | INFO | [t=900] VLM prompt update from step=250: open the top drawer
2026-09-18 13:10:04,589 | INFO | [t=900] VLA chunk prompt=open the top drawer
2026-09-18 13:10:04,988 | INFO | [t=910] VLA chunk prompt=open the top drawer
2026-09-18 13:10:05,388 | INFO | [t=920] VLA chunk prompt=open the top drawer
2026-09-18 13:10:05,787 | INFO | [t=930] VLA chunk prompt=open the top drawer
2026-09-18 13:10:06,188 | INFO | [t=940] VLA chunk prompt=open the top drawer
2026-09-18 13:10:06,592 | INFO | [t=950] VLA chunk prompt=open the top drawer
2026-09-18 13:10:06,998 | INFO | [t=960] VLA chunk prompt=open the top drawer
2026-09-18 13:10:07,404 | INFO | [t=970] VLA chunk prompt=open the top drawer
2026-09-18 13:10:07,821 | INFO | [t=980] VLA chunk prompt=open the top drawer
2026-09-18 13:10:08,211 | INFO | [t=990] VLA chunk prompt=open the top drawer
2026-09-18 13:10:08,596 | INFO | [t=1000] VLA chunk prompt=open the top drawer
2026-09-18 13:10:08,986 | INFO | [t=1010] VLA chunk prompt=open the top drawer
2026-09-18 13:10:09,377 | INFO | [t=1020] VLA chunk prompt=open the top drawer
2026-09-18 13:10:09,781 | INFO | [t=1030] VLA chunk prompt=open the top drawer
2026-09-18 13:10:10,202 | INFO | [t=1040] VLA chunk prompt=open the top drawer
2026-09-18 13:10:10,613 | INFO | [t=1050] VLA chunk prompt=open the top drawer
2026-09-18 13:10:11,013 | INFO | [t=1060] VLA chunk prompt=open the top drawer
2026-09-18 13:10:11,407 | INFO | [t=1070] VLA chunk prompt=open the top drawer
2026-09-18 13:10:11,804 | INFO | [t=1080] VLA chunk prompt=open the top drawer
2026-09-18 13:10:12,195 | INFO | [t=1090] VLA chunk prompt=open the top drawer
2026-09-18 13:10:12,600 | INFO | [t=1100] VLA chunk prompt=open the top drawer
2026-09-18 13:10:13,000 | INFO | [t=1110] VLA chunk prompt=open the top drawer
2026-09-18 13:10:13,398 | INFO | [t=1120] VLA chunk prompt=open the top drawer
2026-09-18 13:10:13,794 | INFO | [t=1130] VLA chunk prompt=open the top drawer
2026-09-18 13:10:14,196 | INFO | [t=1140] VLA chunk prompt=open the top drawer
2026-09-18 13:10:14,594 | INFO | [t=1150] VLA chunk prompt=open the top drawer
2026-09-18 13:10:14,991 | INFO | [t=1160] VLA chunk prompt=open the top drawer
2026-09-18 13:10:15,391 | INFO | [t=1170] VLA chunk prompt=open the top drawer
2026-09-18 13:10:15,788 | INFO | [t=1180] VLA chunk prompt=open the top drawer
2026-09-18 13:10:16,192 | INFO | [t=1190] VLA chunk prompt=open the top drawer
2026-09-18 13:10:16,596 | INFO | [t=1200] VLA chunk prompt=open the top drawer
2026-09-18 13:10:17,003 | INFO | [t=1210] VLA chunk prompt=open the top drawer
2026-09-18 13:10:17,420 | INFO | [t=1220] VLA chunk prompt=open the top drawer
2026-09-18 13:10:17,812 | INFO | [t=1230] VLA chunk prompt=open the top drawer
2026-09-18 13:10:18,191 | INFO | [t=1240] VLA chunk prompt=open the top drawer
2026-09-18 13:10:18,576 | INFO | [t=1250] VLA chunk prompt=open the top drawer
2026-09-18 13:10:18,962 | INFO | [t=1260] VLA chunk prompt=open the top drawer
2026-09-18 13:10:19,351 | INFO | [t=1270] VLA chunk prompt=open the top drawer
2026-09-18 13:10:19,738 | INFO | [t=1280] VLA chunk prompt=open the top drawer
2026-09-18 13:10:20,126 | INFO | [t=1290] VLA chunk prompt=open the top drawer
2026-09-18 13:10:20,503 | INFO | [t=1300] VLA chunk prompt=open the top drawer
2026-09-18 13:10:20,878 | INFO | [t=1310] VLA chunk prompt=open the top drawer
2026-09-18 13:10:21,253 | INFO | [t=1320] VLA chunk prompt=open the top drawer
2026-09-18 13:10:21,623 | INFO | API VLM @t=880 task=5 subtask=open the top drawer keyframes=[]
2026-09-18 13:10:21,628 | INFO | [t=1330] VLA chunk prompt=open the top drawer
2026-09-18 13:10:22,004 | INFO | [t=1340] VLA chunk prompt=open the top drawer
2026-09-18 13:10:22,374 | INFO | [t=1350] VLA chunk prompt=open the top drawer
2026-09-18 13:10:22,745 | INFO | [t=1360] VLA chunk prompt=open the top drawer
2026-09-18 13:10:23,116 | INFO | [t=1370] VLA chunk prompt=open the top drawer
2026-09-18 13:10:23,485 | INFO | [t=1380] VLA chunk prompt=open the top drawer
2026-09-18 13:10:23,852 | INFO | [t=1390] VLA chunk prompt=open the top drawer
2026-09-18 13:10:24,223 | INFO | [t=1400] VLA chunk prompt=open the top drawer
2026-09-18 13:10:24,598 | INFO | [t=1410] VLA chunk prompt=open the top drawer
2026-09-18 13:10:24,983 | INFO | [t=1420] VLA chunk prompt=open the top drawer
2026-09-18 13:10:25,356 | INFO | [t=1430] VLA chunk prompt=open the top drawer
2026-09-18 13:10:25,730 | INFO | [t=1440] VLA chunk prompt=open the top drawer
2026-09-18 13:10:26,109 | INFO | [t=1450] VLA chunk prompt=open the top drawer
2026-09-18 13:10:26,493 | INFO | [t=1460] VLA chunk prompt=open the top drawer
2026-09-18 13:10:26,879 | INFO | [t=1470] VLA chunk prompt=open the top drawer
2026-09-18 13:10:27,261 | INFO | [t=1480] VLA chunk prompt=open the top drawer
2026-09-18 13:10:27,642 | INFO | [t=1490] VLA chunk prompt=open the top drawer
2026-09-18 13:10:28,025 | INFO | [t=1500] VLA chunk prompt=open the top drawer
2026-09-18 13:10:28,404 | INFO | [t=1510] VLA chunk prompt=open the top drawer
2026-09-18 13:10:28,781 | INFO | [t=1520] VLA chunk prompt=open the top drawer
2026-09-18 13:10:29,162 | INFO | [t=1530] VLA chunk prompt=open the top drawer
2026-09-18 13:10:29,541 | INFO | [t=1540] VLA chunk prompt=open the top drawer
2026-09-18 13:10:29,920 | INFO | [t=1550] VLA chunk prompt=open the top drawer
2026-09-18 13:10:30,302 | INFO | [t=1560] VLA chunk prompt=open the top drawer
2026-09-18 13:10:30,692 | INFO | [t=1570] VLA chunk prompt=open the top drawer
2026-09-18 13:10:31,076 | INFO | [t=1580] VLA chunk prompt=open the top drawer
2026-09-18 13:10:31,464 | INFO | [t=1590] VLA chunk prompt=open the top drawer
2026-09-18 13:10:31,845 | INFO | [t=1600] VLA chunk prompt=open the top drawer
2026-09-18 13:10:32,223 | INFO | [t=1610] VLA chunk prompt=open the top drawer
2026-09-18 13:10:32,597 | INFO | [t=1620] VLA chunk prompt=open the top drawer
2026-09-18 13:10:32,971 | INFO | [t=1630] VLA chunk prompt=open the top drawer
2026-09-18 13:10:33,345 | INFO | [t=1640] VLA chunk prompt=open the top drawer
2026-09-18 13:10:33,719 | INFO | [t=1650] VLA chunk prompt=open the top drawer
2026-09-18 13:10:34,095 | INFO | [t=1660] VLA chunk prompt=open the top drawer
2026-09-18 13:10:34,470 | INFO | [t=1670] VLA chunk prompt=open the top drawer
2026-09-18 13:10:34,850 | INFO | [t=1680] VLA chunk prompt=open the top drawer
2026-09-18 13:10:35,232 | INFO | [t=1690] VLA chunk prompt=open the top drawer
2026-09-18 13:10:35,609 | INFO | [t=1700] VLA chunk prompt=open the top drawer
2026-09-18 13:10:35,986 | INFO | [t=1710] VLA chunk prompt=open the top drawer
2026-09-18 13:10:36,363 | INFO | [t=1720] VLA chunk prompt=open the top drawer
2026-09-18 13:10:36,741 | INFO | [t=1730] VLA chunk prompt=open the top drawer
2026-09-18 13:10:37,130 | INFO | [t=1740] VLA chunk prompt=open the top drawer
2026-09-18 13:10:37,513 | INFO | [t=1750] VLA chunk prompt=open the top drawer
2026-09-18 13:10:37,895 | INFO | [t=1760] VLA chunk prompt=open the top drawer
2026-09-18 13:10:38,275 | INFO | [t=1770] VLA chunk prompt=open the top drawer
2026-09-18 13:10:38,655 | INFO | [t=1780] VLA chunk prompt=open the top drawer
2026-09-18 13:10:39,035 | INFO | [t=1790] VLA chunk prompt=open the top drawer
2026-09-18 13:10:39,415 | INFO | [t=1800] VLA chunk prompt=open the top drawer
2026-09-18 13:10:39,801 | INFO | [t=1810] VLA chunk prompt=open the top drawer
2026-09-18 13:10:40,191 | INFO | [t=1820] VLA chunk prompt=open the top drawer
2026-09-18 13:10:40,583 | INFO | [t=1830] VLA chunk prompt=open the top drawer
2026-09-18 13:10:40,981 | INFO | [t=1840] VLA chunk prompt=open the top drawer
2026-09-18 13:10:41,379 | INFO | [t=1850] VLA chunk prompt=open the top drawer
2026-09-18 13:10:41,787 | INFO | [t=1860] VLA chunk prompt=open the top drawer
2026-09-18 13:10:42,188 | INFO | [t=1870] VLA chunk prompt=open the top drawer
2026-09-18 13:10:42,588 | INFO | [t=1880] VLA chunk prompt=open the top drawer
2026-09-18 13:10:42,990 | INFO | [t=1890] VLA chunk prompt=open the top drawer
2026-09-18 13:10:43,405 | INFO | [t=1900] VLA chunk prompt=open the top drawer
2026-09-18 13:10:43,811 | INFO | [t=1910] VLA chunk prompt=open the top drawer
2026-09-18 13:10:44,200 | INFO | [t=1920] VLA chunk prompt=open the top drawer
2026-09-18 13:10:44,592 | INFO | [t=1930] VLA chunk prompt=open the top drawer
2026-09-18 13:10:44,989 | INFO | [t=1940] VLA chunk prompt=open the top drawer
2026-09-18 13:10:45,383 | INFO | [t=1950] VLA chunk prompt=open the top drawer
2026-09-18 13:10:45,794 | INFO | [t=1960] VLA chunk prompt=open the top drawer
2026-09-18 13:10:46,174 | INFO | API VLM @t=1320 task=5 subtask=open the middle drawer keyframes=[]
2026-09-18 13:10:46,202 | INFO | [t=1970] VLA chunk prompt=open the top drawer
2026-09-18 13:10:46,559 | INFO | [t=1980] VLM prompt update from step=1320: open the middle drawer
2026-09-18 13:10:46,610 | INFO | [t=1980] VLA chunk prompt=open the middle drawer
2026-09-18 13:10:47,006 | INFO | [t=1990] VLA chunk prompt=open the middle drawer
2026-09-18 13:10:47,406 | INFO | [t=2000] VLA chunk prompt=open the middle drawer
2026-09-18 13:10:47,821 | INFO | [t=2010] VLA chunk prompt=open the middle drawer
2026-09-18 13:10:48,222 | INFO | [t=2020] VLA chunk prompt=open the middle drawer
2026-09-18 13:10:48,607 | INFO | [t=2030] VLA chunk prompt=open the middle drawer
2026-09-18 13:10:48,986 | INFO | [t=2040] VLA chunk prompt=open the middle drawer
2026-09-18 13:10:49,362 | INFO | [t=2050] VLA chunk prompt=open the middle drawer
2026-09-18 13:10:49,736 | INFO | [t=2060] VLA chunk prompt=open the middle drawer
2026-09-18 13:10:50,109 | INFO | [t=2070] VLA chunk prompt=open the middle drawer
2026-09-18 13:10:50,485 | INFO | [t=2080] VLA chunk prompt=open the middle drawer
2026-09-18 13:10:50,854 | INFO | [t=2090] VLA chunk prompt=open the middle drawer
2026-09-18 13:10:51,216 | INFO | [t=2100] VLA chunk prompt=open the middle drawer
2026-09-18 13:10:51,579 | INFO | [t=2110] VLA chunk prompt=open the middle drawer
2026-09-18 13:10:51,942 | INFO | [t=2120] VLA chunk prompt=open the middle drawer
2026-09-18 13:10:52,303 | INFO | [t=2130] VLA chunk prompt=open the middle drawer
2026-09-18 13:10:52,663 | INFO | [t=2140] VLA chunk prompt=open the middle drawer
2026-09-18 13:10:53,031 | INFO | [t=2150] VLA chunk prompt=open the middle drawer
2026-09-18 13:10:53,400 | INFO | [t=2160] VLA chunk prompt=open the middle drawer
2026-09-18 13:10:53,771 | INFO | [t=2170] VLA chunk prompt=open the middle drawer
2026-09-18 13:10:54,146 | INFO | [t=2180] VLA chunk prompt=open the middle drawer
2026-09-18 13:10:54,521 | INFO | [t=2190] VLA chunk prompt=open the middle drawer
2026-09-18 13:10:54,889 | INFO | [t=2200] VLA chunk prompt=open the middle drawer
2026-09-18 13:10:55,255 | INFO | [t=2210] VLA chunk prompt=open the middle drawer
2026-09-18 13:10:55,617 | INFO | [t=2220] VLA chunk prompt=open the middle drawer
2026-09-18 13:10:55,981 | INFO | [t=2230] VLA chunk prompt=open the middle drawer
2026-09-18 13:10:56,347 | INFO | [t=2240] VLA chunk prompt=open the middle drawer
2026-09-18 13:10:56,710 | INFO | [t=2250] VLA chunk prompt=open the middle drawer
2026-09-18 13:10:57,071 | INFO | [t=2260] VLA chunk prompt=open the middle drawer
2026-09-18 13:10:57,438 | INFO | [t=2270] VLA chunk prompt=open the middle drawer
2026-09-18 13:10:57,818 | INFO | [t=2280] VLA chunk prompt=open the middle drawer
2026-09-18 13:10:58,200 | INFO | [t=2290] VLA chunk prompt=open the middle drawer
2026-09-18 13:10:58,582 | INFO | [t=2300] VLA chunk prompt=open the middle drawer
2026-09-18 13:10:58,963 | INFO | [t=2310] VLA chunk prompt=open the middle drawer
2026-09-18 13:10:59,352 | INFO | [t=2320] VLA chunk prompt=open the middle drawer
2026-09-18 13:10:59,727 | INFO | [t=2330] VLA chunk prompt=open the middle drawer
2026-09-18 13:11:00,103 | INFO | [t=2340] VLA chunk prompt=open the middle drawer
2026-09-18 13:11:00,486 | INFO | [t=2350] VLA chunk prompt=open the middle drawer
2026-09-18 13:11:00,862 | INFO | [t=2360] VLA chunk prompt=open the middle drawer
2026-09-18 13:11:01,231 | INFO | [t=2370] VLA chunk prompt=open the middle drawer
2026-09-18 13:11:01,602 | INFO | [t=2380] VLA chunk prompt=open the middle drawer
2026-09-18 13:11:01,973 | INFO | [t=2390] VLA chunk prompt=open the middle drawer
2026-09-18 13:11:02,340 | INFO | [t=2400] VLA chunk prompt=open the middle drawer
2026-09-18 13:11:02,712 | INFO | [t=2410] VLA chunk prompt=open the middle drawer
2026-09-18 13:11:03,088 | INFO | [t=2420] VLA chunk prompt=open the middle drawer
2026-09-18 13:11:03,461 | INFO | [t=2430] VLA chunk prompt=open the middle drawer
2026-09-18 13:11:03,834 | INFO | [t=2440] VLA chunk prompt=open the middle drawer
2026-09-18 13:11:04,201 | INFO | [t=2450] VLA chunk prompt=open the middle drawer
2026-09-18 13:11:04,567 | INFO | [t=2460] VLA chunk prompt=open the middle drawer
2026-09-18 13:11:04,934 | INFO | [t=2470] VLA chunk prompt=open the middle drawer
2026-09-18 13:11:05,307 | INFO | [t=2480] VLA chunk prompt=open the middle drawer
2026-09-18 13:11:05,678 | INFO | [t=2490] VLA chunk prompt=open the middle drawer
2026-09-18 13:11:06,051 | INFO | [t=2500] VLA chunk prompt=open the middle drawer
2026-09-18 13:11:09,402 | INFO | attempt=0 stage_score=25.0 stage_success=False failure_reason=incomplete_stage
2026-09-18 13:11:11,382 | INFO | harness release_gripper after env.reset (attempt=1)
2026-09-18 13:11:11,383 | INFO | async VLM enabled: single-slot subtask buffer
2026-09-18 13:11:11,649 | INFO | [t=10] VLA chunk prompt=Open all drawers in order, remember the empty drawer, then put butter into that empty drawer.
2026-09-18 13:11:11,935 | INFO | [t=20] VLA chunk prompt=Open all drawers in order, remember the empty drawer, then put butter into that empty drawer.
2026-09-18 13:11:12,215 | INFO | [t=30] VLA chunk prompt=Open all drawers in order, remember the empty drawer, then put butter into that empty drawer.
2026-09-18 13:11:12,494 | INFO | [t=40] VLA chunk prompt=Open all drawers in order, remember the empty drawer, then put butter into that empty drawer.
2026-09-18 13:11:12,773 | INFO | [t=50] VLA chunk prompt=Open all drawers in order, remember the empty drawer, then put butter into that empty drawer.
2026-09-18 13:11:13,056 | INFO | [t=60] VLA chunk prompt=Open all drawers in order, remember the empty drawer, then put butter into that empty drawer.
2026-09-18 13:11:13,354 | INFO | [t=70] VLA chunk prompt=Open all drawers in order, remember the empty drawer, then put butter into that empty drawer.
2026-09-18 13:11:13,515 | INFO | API VLM @t=1960 task=5 subtask=open the middle drawer keyframes=[]
2026-09-18 13:11:13,588 | INFO | [t=80] harness subtask override: open top drawer
2026-09-18 13:11:13,588 | INFO | [t=80] VLM prompt update from step=-1: open top drawer
2026-09-18 13:11:13,589 | INFO | [t=80] harness forced VLM replan after stall (pmh visual retrieve armed)
2026-09-18 13:11:13,639 | INFO | [t=80] VLA chunk prompt=open top drawer
2026-09-18 13:11:13,919 | INFO | [t=90] VLA chunk prompt=open top drawer
2026-09-18 13:11:14,197 | INFO | [t=100] VLA chunk prompt=open top drawer
2026-09-18 13:11:14,477 | INFO | [t=110] VLA chunk prompt=open top drawer
2026-09-18 13:11:14,760 | INFO | [t=120] VLA chunk prompt=open top drawer
2026-09-18 13:11:15,072 | INFO | [t=130] VLA chunk prompt=open top drawer
2026-09-18 13:11:15,413 | INFO | [t=140] VLA chunk prompt=open top drawer
2026-09-18 13:11:15,756 | INFO | [t=150] VLA chunk prompt=open top drawer
2026-09-18 13:11:16,105 | INFO | [t=160] VLA chunk prompt=open top drawer
2026-09-18 13:11:16,457 | INFO | [t=170] VLA chunk prompt=open top drawer
2026-09-18 13:11:16,816 | INFO | [t=180] VLA chunk prompt=open top drawer
2026-09-18 13:11:17,177 | INFO | [t=190] VLA chunk prompt=open top drawer
2026-09-18 13:11:17,544 | INFO | [t=200] VLA chunk prompt=open top drawer
2026-09-18 13:11:17,921 | INFO | [t=210] VLA chunk prompt=open top drawer
2026-09-18 13:11:18,320 | INFO | [t=220] VLA chunk prompt=open top drawer
2026-09-18 13:11:18,730 | INFO | [t=230] VLA chunk prompt=open top drawer
2026-09-18 13:11:19,126 | INFO | [t=240] VLA chunk prompt=open top drawer
2026-09-18 13:11:19,525 | INFO | [t=250] VLA chunk prompt=open top drawer
2026-09-18 13:11:19,929 | INFO | [t=260] VLA chunk prompt=open top drawer
2026-09-18 13:11:20,327 | INFO | [t=270] VLA chunk prompt=open top drawer
2026-09-18 13:11:20,727 | INFO | [t=280] VLA chunk prompt=open top drawer
2026-09-18 13:11:21,132 | INFO | [t=290] VLA chunk prompt=open top drawer
2026-09-18 13:11:21,539 | INFO | [t=300] VLA chunk prompt=open top drawer
2026-09-18 13:11:21,941 | INFO | [t=310] VLA chunk prompt=open top drawer
2026-09-18 13:11:22,336 | INFO | [t=320] VLA chunk prompt=open top drawer
2026-09-18 13:11:22,744 | INFO | [t=330] VLA chunk prompt=open top drawer
2026-09-18 13:11:23,149 | INFO | [t=340] VLA chunk prompt=open top drawer
2026-09-18 13:11:23,555 | INFO | [t=350] VLA chunk prompt=open top drawer
2026-09-18 13:11:23,946 | INFO | [t=360] VLA chunk prompt=open top drawer
2026-09-18 13:11:24,344 | INFO | [t=370] VLA chunk prompt=open top drawer
2026-09-18 13:11:24,743 | INFO | [t=380] VLA chunk prompt=open top drawer
2026-09-18 13:11:25,145 | INFO | [t=390] VLA chunk prompt=open top drawer
2026-09-18 13:11:25,551 | INFO | [t=400] VLA chunk prompt=open top drawer
2026-09-18 13:11:25,962 | INFO | [t=410] VLA chunk prompt=open top drawer
2026-09-18 13:11:26,362 | INFO | [t=420] VLA chunk prompt=open top drawer
2026-09-18 13:11:26,759 | INFO | [t=430] VLA chunk prompt=open top drawer
2026-09-18 13:11:27,153 | INFO | [t=440] VLA chunk prompt=open top drawer
2026-09-18 13:11:27,549 | INFO | [t=450] VLA chunk prompt=open top drawer
2026-09-18 13:11:27,951 | INFO | [t=460] VLA chunk prompt=open top drawer
2026-09-18 13:11:28,356 | INFO | [t=470] VLA chunk prompt=open top drawer
2026-09-18 13:11:28,750 | INFO | [t=480] VLA chunk prompt=open top drawer
2026-09-18 13:11:29,151 | INFO | [t=490] VLA chunk prompt=open top drawer
2026-09-18 13:11:29,556 | INFO | [t=500] VLA chunk prompt=open top drawer
2026-09-18 13:11:29,963 | INFO | [t=510] VLA chunk prompt=open top drawer
2026-09-18 13:11:30,365 | INFO | [t=520] VLA chunk prompt=open top drawer
2026-09-18 13:11:30,770 | INFO | [t=530] VLA chunk prompt=open top drawer
2026-09-18 13:11:31,173 | INFO | [t=540] VLA chunk prompt=open top drawer
2026-09-18 13:11:31,579 | INFO | [t=550] VLA chunk prompt=open top drawer
2026-09-18 13:11:31,993 | INFO | [t=560] VLA chunk prompt=open top drawer
2026-09-18 13:11:32,412 | INFO | [t=570] VLA chunk prompt=open top drawer
2026-09-18 13:11:32,771 | INFO | API VLM @t=0 task=5 subtask=open the top drawer keyframes=[]
2026-09-18 13:11:32,773 | INFO | [t=580] VLM prompt update from step=0: open the top drawer
2026-09-18 13:11:32,825 | INFO | [t=580] VLA chunk prompt=open the top drawer
2026-09-18 13:11:33,226 | INFO | [t=590] VLA chunk prompt=open the top drawer
2026-09-18 13:11:33,628 | INFO | [t=600] VLA chunk prompt=open the top drawer
2026-09-18 13:11:34,031 | INFO | [t=610] VLA chunk prompt=open the top drawer
2026-09-18 13:11:34,433 | INFO | [t=620] VLA chunk prompt=open the top drawer
2026-09-18 13:11:34,852 | INFO | [t=630] VLA chunk prompt=open the top drawer
2026-09-18 13:11:35,268 | INFO | [t=640] VLA chunk prompt=open the top drawer
2026-09-18 13:11:35,675 | INFO | [t=650] VLA chunk prompt=open the top drawer
2026-09-18 13:11:36,081 | INFO | [t=660] VLA chunk prompt=open the top drawer
2026-09-18 13:11:36,482 | INFO | [t=670] VLA chunk prompt=open the top drawer
2026-09-18 13:11:36,870 | INFO | [t=680] VLA chunk prompt=open the top drawer
2026-09-18 13:11:37,264 | INFO | [t=690] VLA chunk prompt=open the top drawer
2026-09-18 13:11:37,646 | INFO | [t=700] VLA chunk prompt=open the top drawer
2026-09-18 13:11:38,025 | INFO | [t=710] VLA chunk prompt=open the top drawer
2026-09-18 13:11:38,394 | INFO | [t=720] VLA chunk prompt=open the top drawer
2026-09-18 13:11:38,762 | INFO | [t=730] VLA chunk prompt=open the top drawer
2026-09-18 13:11:39,133 | INFO | [t=740] VLA chunk prompt=open the top drawer
2026-09-18 13:11:39,504 | INFO | [t=750] VLA chunk prompt=open the top drawer
2026-09-18 13:11:39,876 | INFO | [t=760] VLA chunk prompt=open the top drawer
2026-09-18 13:11:40,262 | INFO | [t=770] VLA chunk prompt=open the top drawer
2026-09-18 13:11:40,657 | INFO | [t=780] VLA chunk prompt=open the top drawer
2026-09-18 13:11:41,059 | INFO | [t=790] VLA chunk prompt=open the top drawer
2026-09-18 13:11:41,473 | INFO | [t=800] VLA chunk prompt=open the top drawer
2026-09-18 13:11:41,887 | INFO | [t=810] VLA chunk prompt=open the top drawer
2026-09-18 13:11:42,284 | INFO | [t=820] VLA chunk prompt=open the top drawer
2026-09-18 13:11:42,679 | INFO | [t=830] VLA chunk prompt=open the top drawer
2026-09-18 13:11:43,072 | INFO | [t=840] VLA chunk prompt=open the top drawer
2026-09-18 13:11:43,461 | INFO | [t=850] VLA chunk prompt=open the top drawer
2026-09-18 13:11:43,866 | INFO | [t=860] VLA chunk prompt=open the top drawer
2026-09-18 13:11:44,266 | INFO | [t=870] VLA chunk prompt=open the top drawer
2026-09-18 13:11:44,668 | INFO | [t=880] VLA chunk prompt=open the top drawer
2026-09-18 13:11:45,057 | INFO | [t=890] VLA chunk prompt=open the top drawer
2026-09-18 13:11:45,438 | INFO | [t=900] VLA chunk prompt=open the top drawer
2026-09-18 13:11:45,820 | INFO | [t=910] VLA chunk prompt=open the top drawer
2026-09-18 13:11:46,217 | INFO | [t=920] VLA chunk prompt=open the top drawer
2026-09-18 13:11:46,610 | INFO | [t=930] VLA chunk prompt=open the top drawer
2026-09-18 13:11:47,000 | INFO | [t=940] VLA chunk prompt=open the top drawer
2026-09-18 13:11:47,385 | INFO | [t=950] VLA chunk prompt=open the top drawer
2026-09-18 13:11:47,619 | INFO | API VLM @t=565 task=5 subtask=open the top drawer keyframes=[]
2026-09-18 13:11:47,781 | INFO | [t=960] VLA chunk prompt=open the top drawer
2026-09-18 13:11:48,189 | INFO | [t=970] VLA chunk prompt=open the top drawer
2026-09-18 13:11:48,607 | INFO | [t=980] VLA chunk prompt=open the top drawer
2026-09-18 13:11:49,077 | INFO | [t=990] VLA chunk prompt=open the top drawer
2026-09-18 13:11:49,501 | INFO | [t=1000] VLA chunk prompt=open the top drawer
2026-09-18 13:11:49,908 | INFO | [t=1010] VLA chunk prompt=open the top drawer
2026-09-18 13:11:50,314 | INFO | [t=1020] VLA chunk prompt=open the top drawer
2026-09-18 13:11:50,728 | INFO | [t=1030] VLA chunk prompt=open the top drawer
2026-09-18 13:11:51,124 | INFO | [t=1040] VLA chunk prompt=open the top drawer
2026-09-18 13:11:51,528 | INFO | [t=1050] VLA chunk prompt=open the top drawer
2026-09-18 13:11:51,933 | INFO | [t=1060] VLA chunk prompt=open the top drawer
2026-09-18 13:11:52,321 | INFO | [t=1070] VLA chunk prompt=open the top drawer
2026-09-18 13:11:52,704 | INFO | [t=1080] VLA chunk prompt=open the top drawer
2026-09-18 13:11:53,089 | INFO | [t=1090] VLA chunk prompt=open the top drawer
2026-09-18 13:11:53,484 | INFO | [t=1100] VLA chunk prompt=open the top drawer
2026-09-18 13:11:53,891 | INFO | [t=1110] VLA chunk prompt=open the top drawer
2026-09-18 13:11:54,280 | INFO | [t=1120] VLA chunk prompt=open the top drawer
2026-09-18 13:11:54,676 | INFO | [t=1130] VLA chunk prompt=open the top drawer
2026-09-18 13:11:55,068 | INFO | [t=1140] VLA chunk prompt=open the top drawer
2026-09-18 13:11:55,467 | INFO | [t=1150] VLA chunk prompt=open the top drawer
2026-09-18 13:11:55,866 | INFO | [t=1160] VLA chunk prompt=open the top drawer
2026-09-18 13:11:56,259 | INFO | [t=1170] VLA chunk prompt=open the top drawer
2026-09-18 13:11:56,644 | INFO | [t=1180] VLA chunk prompt=open the top drawer
2026-09-18 13:11:57,026 | INFO | [t=1190] VLA chunk prompt=open the top drawer
2026-09-18 13:11:57,409 | INFO | [t=1200] VLA chunk prompt=open the top drawer
2026-09-18 13:11:57,793 | INFO | [t=1210] VLA chunk prompt=open the top drawer
2026-09-18 13:11:58,174 | INFO | [t=1220] VLA chunk prompt=open the top drawer
2026-09-18 13:11:58,560 | INFO | [t=1230] VLA chunk prompt=open the top drawer
2026-09-18 13:11:58,949 | INFO | [t=1240] VLA chunk prompt=open the top drawer
2026-09-18 13:11:59,330 | INFO | [t=1250] VLA chunk prompt=open the top drawer
2026-09-18 13:11:59,711 | INFO | [t=1260] VLA chunk prompt=open the top drawer
2026-09-18 13:11:59,732 | INFO | API VLM @t=945 task=5 subtask=open top drawer keyframes=[]
2026-09-18 13:12:00,049 | INFO | [t=1270] VLM prompt update from step=945: open top drawer
2026-09-18 13:12:00,104 | INFO | [t=1270] VLA chunk prompt=open top drawer
2026-09-18 13:12:00,509 | INFO | [t=1280] VLA chunk prompt=open top drawer
2026-09-18 13:12:00,893 | INFO | [t=1290] VLA chunk prompt=open top drawer
2026-09-18 13:12:01,286 | INFO | [t=1300] VLA chunk prompt=open top drawer
2026-09-18 13:12:01,673 | INFO | [t=1310] VLA chunk prompt=open top drawer
2026-09-18 13:12:02,060 | INFO | [t=1320] VLA chunk prompt=open top drawer
2026-09-18 13:12:02,446 | INFO | [t=1330] VLA chunk prompt=open top drawer
2026-09-18 13:12:02,827 | INFO | [t=1340] VLA chunk prompt=open top drawer
2026-09-18 13:12:03,203 | INFO | [t=1350] VLA chunk prompt=open top drawer
2026-09-18 13:12:03,579 | INFO | [t=1360] VLA chunk prompt=open top drawer
2026-09-18 13:12:03,962 | INFO | [t=1370] VLA chunk prompt=open top drawer
2026-09-18 13:12:04,349 | INFO | [t=1380] VLA chunk prompt=open top drawer
2026-09-18 13:12:04,736 | INFO | [t=1390] VLA chunk prompt=open top drawer
2026-09-18 13:12:05,123 | INFO | [t=1400] VLA chunk prompt=open top drawer
2026-09-18 13:12:05,505 | INFO | [t=1410] VLA chunk prompt=open top drawer
2026-09-18 13:12:05,887 | INFO | [t=1420] VLA chunk prompt=open top drawer
2026-09-18 13:12:06,265 | INFO | [t=1430] VLA chunk prompt=open top drawer
2026-09-18 13:12:06,645 | INFO | [t=1440] VLA chunk prompt=open top drawer
2026-09-18 13:12:07,025 | INFO | [t=1450] VLA chunk prompt=open top drawer
2026-09-18 13:12:07,401 | INFO | [t=1460] VLA chunk prompt=open top drawer
2026-09-18 13:12:07,778 | INFO | [t=1470] VLA chunk prompt=open top drawer
2026-09-18 13:12:08,153 | INFO | [t=1480] VLA chunk prompt=open top drawer
2026-09-18 13:12:08,529 | INFO | [t=1490] VLA chunk prompt=open top drawer
2026-09-18 13:12:08,905 | INFO | [t=1500] VLA chunk prompt=open top drawer
2026-09-18 13:12:09,285 | INFO | [t=1510] VLA chunk prompt=open top drawer
2026-09-18 13:12:09,668 | INFO | [t=1520] VLA chunk prompt=open top drawer
2026-09-18 13:12:10,048 | INFO | [t=1530] VLA chunk prompt=open top drawer
2026-09-18 13:12:10,434 | INFO | [t=1540] VLA chunk prompt=open top drawer
2026-09-18 13:12:10,822 | INFO | [t=1550] VLA chunk prompt=open top drawer
2026-09-18 13:12:11,213 | INFO | [t=1560] VLA chunk prompt=open top drawer
2026-09-18 13:12:11,598 | INFO | [t=1570] VLA chunk prompt=open top drawer
2026-09-18 13:12:11,985 | INFO | [t=1580] VLA chunk prompt=open top drawer
2026-09-18 13:12:12,365 | INFO | [t=1590] VLA chunk prompt=open top drawer
2026-09-18 13:12:12,746 | INFO | [t=1600] VLA chunk prompt=open top drawer
2026-09-18 13:12:13,125 | INFO | [t=1610] VLA chunk prompt=open top drawer
2026-09-18 13:12:13,497 | INFO | [t=1620] VLA chunk prompt=open top drawer
2026-09-18 13:12:13,868 | INFO | [t=1630] VLA chunk prompt=open top drawer
2026-09-18 13:12:14,238 | INFO | [t=1640] VLA chunk prompt=open top drawer
2026-09-18 13:12:14,619 | INFO | [t=1650] VLA chunk prompt=open top drawer
2026-09-18 13:12:15,010 | INFO | [t=1660] VLA chunk prompt=open top drawer
2026-09-18 13:12:15,405 | INFO | [t=1670] VLA chunk prompt=open top drawer
2026-09-18 13:12:15,540 | INFO | API VLM @t=1250 task=5 subtask=open the middle drawer keyframes=[]
2026-09-18 13:12:15,755 | INFO | [t=1680] VLM prompt update from step=1250: open the middle drawer
2026-09-18 13:12:15,806 | INFO | [t=1680] VLA chunk prompt=open the middle drawer
2026-09-18 13:12:16,205 | INFO | [t=1690] VLA chunk prompt=open the middle drawer
2026-09-18 13:12:16,600 | INFO | [t=1700] VLA chunk prompt=open the middle drawer
2026-09-18 13:12:16,992 | INFO | [t=1710] VLA chunk prompt=open the middle drawer
2026-09-18 13:12:17,383 | INFO | [t=1720] VLA chunk prompt=open the middle drawer
2026-09-18 13:12:17,774 | INFO | [t=1730] VLA chunk prompt=open the middle drawer
2026-09-18 13:12:18,168 | INFO | [t=1740] VLA chunk prompt=open the middle drawer
2026-09-18 13:12:18,584 | INFO | [t=1750] VLA chunk prompt=open the middle drawer
2026-09-18 13:12:18,997 | INFO | [t=1760] VLA chunk prompt=open the middle drawer
2026-09-18 13:12:19,426 | INFO | [t=1770] VLA chunk prompt=open the middle drawer
2026-09-18 13:12:19,839 | INFO | [t=1780] VLA chunk prompt=open the middle drawer
2026-09-18 13:12:20,236 | INFO | [t=1790] VLA chunk prompt=open the middle drawer
2026-09-18 13:12:20,639 | INFO | [t=1800] VLA chunk prompt=open the middle drawer
2026-09-18 13:12:21,028 | INFO | [t=1810] VLA chunk prompt=open the middle drawer
2026-09-18 13:12:21,414 | INFO | [t=1820] VLA chunk prompt=open the middle drawer
2026-09-18 13:12:21,808 | INFO | [t=1830] VLA chunk prompt=open the middle drawer
2026-09-18 13:12:22,198 | INFO | [t=1840] VLA chunk prompt=open the middle drawer
2026-09-18 13:12:22,588 | INFO | [t=1850] VLA chunk prompt=open the middle drawer
2026-09-18 13:12:22,977 | INFO | [t=1860] VLA chunk prompt=open the middle drawer
2026-09-18 13:12:23,362 | INFO | [t=1870] VLA chunk prompt=open the middle drawer
2026-09-18 13:12:23,741 | INFO | [t=1880] VLA chunk prompt=open the middle drawer
2026-09-18 13:12:24,131 | INFO | [t=1890] VLA chunk prompt=open the middle drawer
2026-09-18 13:12:24,516 | INFO | [t=1900] VLA chunk prompt=open the middle drawer
2026-09-18 13:12:24,902 | INFO | [t=1910] VLA chunk prompt=open the middle drawer
2026-09-18 13:12:25,287 | INFO | [t=1920] VLA chunk prompt=open the middle drawer
2026-09-18 13:12:25,674 | INFO | [t=1930] VLA chunk prompt=open the middle drawer
2026-09-18 13:12:26,060 | INFO | [t=1940] VLA chunk prompt=open the middle drawer
2026-09-18 13:12:26,463 | INFO | [t=1950] VLA chunk prompt=open the middle drawer
2026-09-18 13:12:26,850 | INFO | [t=1960] VLA chunk prompt=open the middle drawer
2026-09-18 13:12:27,236 | INFO | [t=1970] VLA chunk prompt=open the middle drawer
2026-09-18 13:12:27,623 | INFO | [t=1980] VLA chunk prompt=open the middle drawer
2026-09-18 13:12:28,014 | INFO | [t=1990] VLA chunk prompt=open the middle drawer
2026-09-18 13:12:28,396 | INFO | [t=2000] VLA chunk prompt=open the middle drawer
2026-09-18 13:12:28,772 | INFO | [t=2010] VLA chunk prompt=open the middle drawer
2026-09-18 13:12:29,141 | INFO | [t=2020] VLA chunk prompt=open the middle drawer
2026-09-18 13:12:29,507 | INFO | [t=2030] VLA chunk prompt=open the middle drawer
2026-09-18 13:12:29,875 | INFO | [t=2040] VLA chunk prompt=open the middle drawer
2026-09-18 13:12:30,249 | INFO | [t=2050] VLA chunk prompt=open the middle drawer
2026-09-18 13:12:30,625 | INFO | [t=2060] VLA chunk prompt=open the middle drawer
2026-09-18 13:12:31,001 | INFO | [t=2070] VLA chunk prompt=open the middle drawer
2026-09-18 13:12:31,380 | INFO | [t=2080] VLA chunk prompt=open the middle drawer
2026-09-18 13:12:31,756 | INFO | [t=2090] VLA chunk prompt=open the middle drawer
2026-09-18 13:12:32,141 | INFO | [t=2100] VLA chunk prompt=open the middle drawer
2026-09-18 13:12:32,530 | INFO | [t=2110] VLA chunk prompt=open the middle drawer
2026-09-18 13:12:32,929 | INFO | [t=2120] VLA chunk prompt=open the middle drawer
2026-09-18 13:12:33,323 | INFO | [t=2130] VLA chunk prompt=open the middle drawer
2026-09-18 13:12:33,705 | INFO | [t=2140] VLA chunk prompt=open the middle drawer
2026-09-18 13:12:34,079 | INFO | [t=2150] VLA chunk prompt=open the middle drawer
2026-09-18 13:12:34,454 | INFO | [t=2160] VLA chunk prompt=open the middle drawer
2026-09-18 13:12:34,828 | INFO | [t=2170] VLA chunk prompt=open the middle drawer
2026-09-18 13:12:35,197 | INFO | [t=2180] VLA chunk prompt=open the middle drawer
2026-09-18 13:12:35,563 | INFO | [t=2190] VLA chunk prompt=open the middle drawer
2026-09-18 13:12:35,929 | INFO | [t=2200] VLA chunk prompt=open the middle drawer
2026-09-18 13:12:36,301 | INFO | [t=2210] VLA chunk prompt=open the middle drawer
2026-09-18 13:12:36,679 | INFO | [t=2220] VLA chunk prompt=open the middle drawer
2026-09-18 13:12:37,058 | INFO | [t=2230] VLA chunk prompt=open the middle drawer
2026-09-18 13:12:37,437 | INFO | [t=2240] VLA chunk prompt=open the middle drawer
2026-09-18 13:12:37,501 | INFO | API VLM @t=1660 task=5 subtask=open the bottom drawer keyframes=[]
2026-09-18 13:12:37,770 | INFO | [t=2250] VLM prompt update from step=1660: open the bottom drawer
2026-09-18 13:12:37,822 | INFO | [t=2250] VLA chunk prompt=open the bottom drawer
2026-09-18 13:12:38,200 | INFO | [t=2260] VLA chunk prompt=open the bottom drawer
2026-09-18 13:12:38,584 | INFO | [t=2270] VLA chunk prompt=open the bottom drawer
2026-09-18 13:12:38,989 | INFO | [t=2280] VLA chunk prompt=open the bottom drawer
2026-09-18 13:12:39,392 | INFO | [t=2290] VLA chunk prompt=open the bottom drawer
2026-09-18 13:12:39,793 | INFO | [t=2300] VLA chunk prompt=open the bottom drawer
2026-09-18 13:12:40,189 | INFO | [t=2310] VLA chunk prompt=open the bottom drawer
2026-09-18 13:12:40,583 | INFO | [t=2320] VLA chunk prompt=open the bottom drawer
2026-09-18 13:12:40,967 | INFO | [t=2330] VLA chunk prompt=open the bottom drawer
2026-09-18 13:12:41,347 | INFO | [t=2340] VLA chunk prompt=open the bottom drawer
2026-09-18 13:12:41,730 | INFO | [t=2350] VLA chunk prompt=open the bottom drawer
2026-09-18 13:12:42,115 | INFO | [t=2360] VLA chunk prompt=open the bottom drawer
2026-09-18 13:12:42,498 | INFO | [t=2370] VLA chunk prompt=open the bottom drawer
2026-09-18 13:12:42,884 | INFO | [t=2380] VLA chunk prompt=open the bottom drawer
2026-09-18 13:12:43,269 | INFO | [t=2390] VLA chunk prompt=open the bottom drawer
2026-09-18 13:12:43,654 | INFO | [t=2400] VLA chunk prompt=open the bottom drawer
2026-09-18 13:12:44,034 | INFO | [t=2410] VLA chunk prompt=open the bottom drawer
2026-09-18 13:12:44,416 | INFO | [t=2420] VLA chunk prompt=open the bottom drawer
2026-09-18 13:12:44,795 | INFO | [t=2430] VLA chunk prompt=open the bottom drawer
2026-09-18 13:12:45,175 | INFO | [t=2440] VLA chunk prompt=open the bottom drawer
2026-09-18 13:12:45,559 | INFO | [t=2450] VLA chunk prompt=open the bottom drawer
2026-09-18 13:12:45,947 | INFO | [t=2460] VLA chunk prompt=open the bottom drawer
2026-09-18 13:12:46,330 | INFO | [t=2470] VLA chunk prompt=open the bottom drawer
2026-09-18 13:12:46,717 | INFO | [t=2480] VLA chunk prompt=open the bottom drawer
2026-09-18 13:12:47,102 | INFO | [t=2490] VLA chunk prompt=open the bottom drawer
2026-09-18 13:12:47,487 | INFO | [t=2500] VLA chunk prompt=open the bottom drawer
2026-09-18 13:12:50,846 | INFO | attempt=1 stage_score=0.0 stage_success=False failure_reason=incomplete_stage
2026-09-18 13:12:50,851 | INFO | Episode 8 seed=108 stage_score=25.0 stage_success=0 goal=0.250 failure_reason=incomplete_stage | 01_Open_Top_Drawer=Y | 02_Close_Top_Drawer=Y | 03_Open_Middle_Drawer=N | 04_Close_Middle_Drawer=N | 05_Open_Bottom_Drawer=N | 06_Close_Bottom_Drawer=N | 07_Open_Middle_Drawer_Again=N | 08_Put_Butter_Middle_Drawer=N | 09_Close_Middle_Drawer_Final=N
