2026-09-18 13:20:37,793 | INFO | task_id=5 bddl=/project/peilab/why/RoboMemArena/bddl/5_butter_middle_drawer.bddl vlm_ckpt=/project/peilab/why/RoboMemArena/checkpoints/PrediMem/vlm_tasks1to26_ckpt74500
2026-09-18 13:20:39,850 | INFO | async VLM enabled: single-slot subtask buffer
2026-09-18 13:20:40,118 | INFO | [t=10] VLA chunk prompt=Open all drawers in order, remember the empty drawer, then put butter into that empty drawer.
2026-09-18 13:20:40,404 | INFO | [t=20] VLA chunk prompt=Open all drawers in order, remember the empty drawer, then put butter into that empty drawer.
2026-09-18 13:20:40,685 | INFO | [t=30] VLA chunk prompt=Open all drawers in order, remember the empty drawer, then put butter into that empty drawer.
2026-09-18 13:20:40,965 | INFO | [t=40] VLA chunk prompt=Open all drawers in order, remember the empty drawer, then put butter into that empty drawer.
2026-09-18 13:20:41,246 | INFO | [t=50] VLA chunk prompt=Open all drawers in order, remember the empty drawer, then put butter into that empty drawer.
2026-09-18 13:20:41,526 | INFO | [t=60] VLA chunk prompt=Open all drawers in order, remember the empty drawer, then put butter into that empty drawer.
2026-09-18 13:20:41,812 | INFO | [t=70] VLA chunk prompt=Open all drawers in order, remember the empty drawer, then put butter into that empty drawer.
2026-09-18 13:20:42,061 | INFO | [t=80] harness subtask override: open top drawer
2026-09-18 13:20:42,061 | INFO | [t=80] VLM prompt update from step=-1: open top drawer
2026-09-18 13:20:42,062 | INFO | [t=80] harness forced VLM replan after stall (pmh visual retrieve armed)
2026-09-18 13:20:42,112 | INFO | [t=80] VLA chunk prompt=open top drawer
2026-09-18 13:20:42,412 | INFO | [t=90] VLA chunk prompt=open top drawer
2026-09-18 13:20:42,701 | INFO | [t=100] VLA chunk prompt=open top drawer
2026-09-18 13:20:42,997 | INFO | [t=110] VLA chunk prompt=open top drawer
2026-09-18 13:20:43,328 | INFO | [t=120] VLA chunk prompt=open top drawer
2026-09-18 13:20:43,664 | INFO | [t=130] VLA chunk prompt=open top drawer
2026-09-18 13:20:44,011 | INFO | [t=140] VLA chunk prompt=open top drawer
2026-09-18 13:20:44,365 | INFO | [t=150] VLA chunk prompt=open top drawer
2026-09-18 13:20:44,716 | INFO | [t=160] VLA chunk prompt=open top drawer
2026-09-18 13:20:45,074 | INFO | [t=170] VLA chunk prompt=open top drawer
2026-09-18 13:20:45,435 | INFO | [t=180] VLA chunk prompt=open top drawer
2026-09-18 13:20:45,806 | INFO | [t=190] VLA chunk prompt=open top drawer
2026-09-18 13:20:46,185 | INFO | [t=200] VLA chunk prompt=open top drawer
2026-09-18 13:20:46,563 | INFO | [t=210] VLA chunk prompt=open top drawer
2026-09-18 13:20:46,944 | INFO | [t=220] VLA chunk prompt=open top drawer
2026-09-18 13:20:47,324 | INFO | [t=230] VLA chunk prompt=open top drawer
2026-09-18 13:20:47,695 | INFO | [t=240] VLA chunk prompt=open top drawer
2026-09-18 13:20:48,071 | INFO | [t=250] VLA chunk prompt=open top drawer
2026-09-18 13:20:48,450 | INFO | [t=260] VLA chunk prompt=open top drawer
2026-09-18 13:20:48,824 | INFO | [t=270] VLA chunk prompt=open top drawer
2026-09-18 13:20:49,194 | INFO | [t=280] VLA chunk prompt=open top drawer
2026-09-18 13:20:49,566 | INFO | [t=290] VLA chunk prompt=open top drawer
2026-09-18 13:20:49,940 | INFO | [t=300] VLA chunk prompt=open top drawer
2026-09-18 13:20:50,313 | INFO | [t=310] VLA chunk prompt=open top drawer
2026-09-18 13:20:50,700 | INFO | [t=320] VLA chunk prompt=open top drawer
2026-09-18 13:20:51,077 | INFO | [t=330] VLA chunk prompt=open top drawer
2026-09-18 13:20:51,459 | INFO | [t=340] VLA chunk prompt=open top drawer
2026-09-18 13:20:51,837 | INFO | [t=350] VLA chunk prompt=open top drawer
2026-09-18 13:20:52,219 | INFO | [t=360] VLA chunk prompt=open top drawer
2026-09-18 13:20:52,606 | INFO | [t=370] VLA chunk prompt=open top drawer
2026-09-18 13:20:52,991 | INFO | [t=380] VLA chunk prompt=open top drawer
2026-09-18 13:20:53,375 | INFO | [t=390] VLA chunk prompt=open top drawer
2026-09-18 13:20:53,760 | INFO | [t=400] VLA chunk prompt=open top drawer
2026-09-18 13:20:54,144 | INFO | [t=410] VLA chunk prompt=open top drawer
2026-09-18 13:20:54,528 | INFO | [t=420] VLA chunk prompt=open top drawer
2026-09-18 13:20:54,914 | INFO | [t=430] VLA chunk prompt=open top drawer
2026-09-18 13:20:55,300 | INFO | [t=440] VLA chunk prompt=open top drawer
2026-09-18 13:20:55,684 | INFO | [t=450] VLA chunk prompt=open top drawer
2026-09-18 13:20:56,069 | INFO | [t=460] VLA chunk prompt=open top drawer
2026-09-18 13:20:56,456 | INFO | [t=470] VLA chunk prompt=open top drawer
2026-09-18 13:20:56,841 | INFO | [t=480] VLA chunk prompt=open top drawer
2026-09-18 13:20:57,225 | INFO | [t=490] VLA chunk prompt=open top drawer
2026-09-18 13:20:57,612 | INFO | [t=500] VLA chunk prompt=open top drawer
2026-09-18 13:20:57,995 | INFO | [t=510] VLA chunk prompt=open top drawer
2026-09-18 13:20:58,378 | INFO | [t=520] VLA chunk prompt=open top drawer
2026-09-18 13:20:58,763 | INFO | [t=530] VLA chunk prompt=open top drawer
2026-09-18 13:20:59,147 | INFO | [t=540] VLA chunk prompt=open top drawer
2026-09-18 13:20:59,529 | INFO | [t=550] VLA chunk prompt=open top drawer
2026-09-18 13:20:59,912 | INFO | [t=560] VLA chunk prompt=open top drawer
2026-09-18 13:21:00,297 | INFO | [t=570] VLA chunk prompt=open top drawer
2026-09-18 13:21:00,681 | INFO | [t=580] VLA chunk prompt=open top drawer
2026-09-18 13:21:01,063 | INFO | [t=590] VLA chunk prompt=open top drawer
2026-09-18 13:21:01,444 | INFO | [t=600] VLA chunk prompt=open top drawer
2026-09-18 13:21:01,827 | INFO | [t=610] VLA chunk prompt=open top drawer
2026-09-18 13:21:02,216 | INFO | [t=620] VLA chunk prompt=open top drawer
2026-09-18 13:21:02,605 | INFO | [t=630] VLA chunk prompt=open top drawer
2026-09-18 13:21:02,995 | INFO | [t=640] VLA chunk prompt=open top drawer
2026-09-18 13:21:03,061 | INFO | API VLM @t=1825 task=5 subtask=open middle drawer keyframes=[]
2026-09-18 13:21:03,387 | INFO | [t=650] VLA chunk prompt=open top drawer
2026-09-18 13:21:03,776 | INFO | [t=660] VLA chunk prompt=open top drawer
2026-09-18 13:21:04,163 | INFO | [t=670] VLA chunk prompt=open top drawer
2026-09-18 13:21:04,545 | INFO | [t=680] VLA chunk prompt=open top drawer
2026-09-18 13:21:04,924 | INFO | [t=690] VLA chunk prompt=open top drawer
2026-09-18 13:21:05,303 | INFO | [t=700] VLA chunk prompt=open top drawer
2026-09-18 13:21:05,679 | INFO | [t=710] VLA chunk prompt=open top drawer
2026-09-18 13:21:06,051 | INFO | [t=720] VLA chunk prompt=open top drawer
2026-09-18 13:21:06,423 | INFO | [t=730] VLA chunk prompt=open top drawer
2026-09-18 13:21:06,794 | INFO | [t=740] VLA chunk prompt=open top drawer
2026-09-18 13:21:07,166 | INFO | [t=750] VLA chunk prompt=open top drawer
2026-09-18 13:21:07,545 | INFO | [t=760] VLA chunk prompt=open top drawer
2026-09-18 13:21:07,919 | INFO | [t=770] VLA chunk prompt=open top drawer
2026-09-18 13:21:08,292 | INFO | [t=780] VLA chunk prompt=open top drawer
2026-09-18 13:21:08,669 | INFO | [t=790] VLA chunk prompt=open top drawer
2026-09-18 13:21:09,043 | INFO | [t=800] VLA chunk prompt=open top drawer
2026-09-18 13:21:09,428 | INFO | [t=810] VLA chunk prompt=open top drawer
2026-09-18 13:21:09,809 | INFO | [t=820] VLA chunk prompt=open top drawer
2026-09-18 13:21:10,196 | INFO | [t=830] VLA chunk prompt=open top drawer
2026-09-18 13:21:10,582 | INFO | [t=840] VLA chunk prompt=open top drawer
2026-09-18 13:21:10,966 | INFO | [t=850] VLA chunk prompt=open top drawer
2026-09-18 13:21:11,350 | INFO | [t=860] VLA chunk prompt=open top drawer
2026-09-18 13:21:11,733 | INFO | [t=870] VLA chunk prompt=open top drawer
2026-09-18 13:21:12,116 | INFO | [t=880] VLA chunk prompt=open top drawer
2026-09-18 13:21:12,497 | INFO | [t=890] VLA chunk prompt=open top drawer
2026-09-18 13:21:12,876 | INFO | [t=900] VLA chunk prompt=open top drawer
2026-09-18 13:21:13,257 | INFO | [t=910] VLA chunk prompt=open top drawer
2026-09-18 13:21:13,641 | INFO | [t=920] VLA chunk prompt=open top drawer
2026-09-18 13:21:14,025 | INFO | [t=930] VLA chunk prompt=open top drawer
2026-09-18 13:21:14,409 | INFO | [t=940] VLA chunk prompt=open top drawer
2026-09-18 13:21:14,795 | INFO | [t=950] VLA chunk prompt=open top drawer
2026-09-18 13:21:15,184 | INFO | [t=960] VLA chunk prompt=open top drawer
2026-09-18 13:21:15,575 | INFO | [t=970] VLA chunk prompt=open top drawer
2026-09-18 13:21:15,969 | INFO | [t=980] VLA chunk prompt=open top drawer
2026-09-18 13:21:16,364 | INFO | [t=990] VLA chunk prompt=open top drawer
2026-09-18 13:21:16,760 | INFO | [t=1000] VLA chunk prompt=open top drawer
2026-09-18 13:21:17,149 | INFO | [t=1010] VLA chunk prompt=open top drawer
2026-09-18 13:21:17,532 | INFO | [t=1020] VLA chunk prompt=open top drawer
2026-09-18 13:21:17,917 | INFO | [t=1030] VLA chunk prompt=open top drawer
2026-09-18 13:21:18,301 | INFO | [t=1040] VLA chunk prompt=open top drawer
2026-09-18 13:21:18,687 | INFO | [t=1050] VLA chunk prompt=open top drawer
2026-09-18 13:21:19,075 | INFO | [t=1060] VLA chunk prompt=open top drawer
2026-09-18 13:21:19,459 | INFO | [t=1070] VLA chunk prompt=open top drawer
2026-09-18 13:21:19,849 | INFO | [t=1080] VLA chunk prompt=open top drawer
2026-09-18 13:21:20,234 | INFO | [t=1090] VLA chunk prompt=open top drawer
2026-09-18 13:21:20,616 | INFO | [t=1100] VLA chunk prompt=open top drawer
2026-09-18 13:21:21,004 | INFO | [t=1110] VLA chunk prompt=open top drawer
2026-09-18 13:21:21,387 | INFO | [t=1120] VLA chunk prompt=open top drawer
2026-09-18 13:21:21,771 | INFO | [t=1130] VLA chunk prompt=open top drawer
2026-09-18 13:21:22,155 | INFO | [t=1140] VLA chunk prompt=open top drawer
2026-09-18 13:21:22,540 | INFO | [t=1150] VLA chunk prompt=open top drawer
2026-09-18 13:21:22,918 | INFO | [t=1160] VLA chunk prompt=open top drawer
2026-09-18 13:21:23,303 | INFO | [t=1170] VLA chunk prompt=open top drawer
2026-09-18 13:21:23,682 | INFO | [t=1180] VLA chunk prompt=open top drawer
2026-09-18 13:21:24,063 | INFO | [t=1190] VLA chunk prompt=open top drawer
2026-09-18 13:21:24,444 | INFO | [t=1200] VLA chunk prompt=open top drawer
2026-09-18 13:21:24,829 | INFO | [t=1210] VLA chunk prompt=open top drawer
2026-09-18 13:21:25,223 | INFO | [t=1220] VLA chunk prompt=open top drawer
2026-09-18 13:21:25,618 | INFO | [t=1230] VLA chunk prompt=open top drawer
2026-09-18 13:21:26,008 | INFO | [t=1240] VLA chunk prompt=open top drawer
2026-09-18 13:21:26,396 | INFO | [t=1250] VLA chunk prompt=open top drawer
2026-09-18 13:21:26,784 | INFO | [t=1260] VLA chunk prompt=open top drawer
2026-09-18 13:21:27,172 | INFO | [t=1270] VLA chunk prompt=open top drawer
2026-09-18 13:21:27,564 | INFO | [t=1280] VLA chunk prompt=open top drawer
2026-09-18 13:21:27,969 | INFO | [t=1290] VLA chunk prompt=open top drawer
2026-09-18 13:21:28,372 | INFO | [t=1300] VLA chunk prompt=open top drawer
2026-09-18 13:21:28,785 | INFO | [t=1310] VLA chunk prompt=open top drawer
2026-09-18 13:21:28,905 | INFO | API VLM @t=0 task=5 subtask=open top drawer keyframes=[]
2026-09-18 13:21:29,204 | INFO | [t=1320] VLA chunk prompt=open top drawer
2026-09-18 13:21:29,612 | INFO | [t=1330] VLA chunk prompt=open top drawer
2026-09-18 13:21:29,997 | INFO | [t=1340] VLA chunk prompt=open top drawer
2026-09-18 13:21:30,381 | INFO | [t=1350] VLA chunk prompt=open top drawer
2026-09-18 13:21:30,767 | INFO | [t=1360] VLA chunk prompt=open top drawer
2026-09-18 13:21:31,153 | INFO | [t=1370] VLA chunk prompt=open top drawer
2026-09-18 13:21:31,536 | INFO | [t=1380] VLA chunk prompt=open top drawer
2026-09-18 13:21:31,925 | INFO | [t=1390] VLA chunk prompt=open top drawer
2026-09-18 13:21:32,312 | INFO | [t=1400] VLA chunk prompt=open top drawer
2026-09-18 13:21:32,697 | INFO | [t=1410] VLA chunk prompt=open top drawer
2026-09-18 13:21:33,082 | INFO | [t=1420] VLA chunk prompt=open top drawer
2026-09-18 13:21:33,469 | INFO | [t=1430] VLA chunk prompt=open top drawer
2026-09-18 13:21:33,855 | INFO | [t=1440] VLA chunk prompt=open top drawer
2026-09-18 13:21:34,244 | INFO | [t=1450] VLA chunk prompt=open top drawer
2026-09-18 13:21:34,628 | INFO | [t=1460] VLA chunk prompt=open top drawer
2026-09-18 13:21:35,014 | INFO | [t=1470] VLA chunk prompt=open top drawer
2026-09-18 13:21:35,408 | INFO | [t=1480] VLA chunk prompt=open top drawer
2026-09-18 13:21:35,794 | INFO | [t=1490] VLA chunk prompt=open top drawer
2026-09-18 13:21:36,183 | INFO | [t=1500] VLA chunk prompt=open top drawer
2026-09-18 13:21:36,580 | INFO | [t=1510] VLA chunk prompt=open top drawer
2026-09-18 13:21:36,981 | INFO | [t=1520] VLA chunk prompt=open top drawer
2026-09-18 13:21:37,386 | INFO | [t=1530] VLA chunk prompt=open top drawer
2026-09-18 13:21:37,785 | INFO | [t=1540] VLA chunk prompt=open top drawer
2026-09-18 13:21:38,192 | INFO | [t=1550] VLA chunk prompt=open top drawer
2026-09-18 13:21:38,597 | INFO | [t=1560] VLA chunk prompt=open top drawer
2026-09-18 13:21:38,998 | INFO | [t=1570] VLA chunk prompt=open top drawer
2026-09-18 13:21:39,387 | INFO | [t=1580] VLA chunk prompt=open top drawer
2026-09-18 13:21:39,776 | INFO | [t=1590] VLA chunk prompt=open top drawer
2026-09-18 13:21:40,167 | INFO | [t=1600] VLA chunk prompt=open top drawer
2026-09-18 13:21:40,552 | INFO | [t=1610] VLA chunk prompt=open top drawer
2026-09-18 13:21:40,933 | INFO | [t=1620] VLA chunk prompt=open top drawer
2026-09-18 13:21:41,311 | INFO | [t=1630] VLA chunk prompt=open top drawer
2026-09-18 13:21:41,683 | INFO | [t=1640] VLA chunk prompt=open top drawer
2026-09-18 13:21:42,054 | INFO | [t=1650] VLA chunk prompt=open top drawer
2026-09-18 13:21:42,422 | INFO | [t=1660] VLA chunk prompt=open top drawer
2026-09-18 13:21:42,789 | INFO | [t=1670] VLA chunk prompt=open top drawer
2026-09-18 13:21:43,156 | INFO | [t=1680] VLA chunk prompt=open top drawer
2026-09-18 13:21:43,522 | INFO | [t=1690] VLA chunk prompt=open top drawer
2026-09-18 13:21:43,888 | INFO | [t=1700] VLA chunk prompt=open top drawer
2026-09-18 13:21:44,257 | INFO | [t=1710] VLA chunk prompt=open top drawer
2026-09-18 13:21:44,630 | INFO | [t=1720] VLA chunk prompt=open top drawer
2026-09-18 13:21:45,003 | INFO | [t=1730] VLA chunk prompt=open top drawer
2026-09-18 13:21:45,377 | INFO | [t=1740] VLA chunk prompt=open top drawer
2026-09-18 13:21:45,754 | INFO | [t=1750] VLA chunk prompt=open top drawer
2026-09-18 13:21:46,135 | INFO | [t=1760] VLA chunk prompt=open top drawer
2026-09-18 13:21:46,513 | INFO | [t=1770] VLA chunk prompt=open top drawer
2026-09-18 13:21:46,813 | WARNING | API planner returned empty response at step=1300
2026-09-18 13:21:46,893 | INFO | [t=1780] VLA chunk prompt=open top drawer
2026-09-18 13:21:47,272 | INFO | [t=1790] VLA chunk prompt=open top drawer
2026-09-18 13:21:47,637 | INFO | [t=1800] VLA chunk prompt=open top drawer
2026-09-18 13:21:48,003 | INFO | [t=1810] VLA chunk prompt=open top drawer
2026-09-18 13:21:48,364 | INFO | [t=1820] VLA chunk prompt=open top drawer
2026-09-18 13:21:48,726 | INFO | [t=1830] VLA chunk prompt=open top drawer
2026-09-18 13:21:49,090 | INFO | [t=1840] VLA chunk prompt=open top drawer
2026-09-18 13:21:49,464 | INFO | [t=1850] VLA chunk prompt=open top drawer
2026-09-18 13:21:49,838 | INFO | [t=1860] VLA chunk prompt=open top drawer
2026-09-18 13:21:50,214 | INFO | [t=1870] VLA chunk prompt=open top drawer
2026-09-18 13:21:50,589 | INFO | [t=1880] VLA chunk prompt=open top drawer
2026-09-18 13:21:50,963 | INFO | [t=1890] VLA chunk prompt=open top drawer
2026-09-18 13:21:51,340 | INFO | [t=1900] VLA chunk prompt=open top drawer
2026-09-18 13:21:51,714 | INFO | [t=1910] VLA chunk prompt=open top drawer
2026-09-18 13:21:52,088 | INFO | [t=1920] VLA chunk prompt=open top drawer
2026-09-18 13:21:52,460 | INFO | [t=1930] VLA chunk prompt=open top drawer
2026-09-18 13:21:52,833 | INFO | [t=1940] VLA chunk prompt=open top drawer
2026-09-18 13:21:53,204 | INFO | [t=1950] VLA chunk prompt=open top drawer
2026-09-18 13:21:53,579 | INFO | [t=1960] VLA chunk prompt=open top drawer
2026-09-18 13:21:53,961 | INFO | [t=1970] VLA chunk prompt=open top drawer
2026-09-18 13:21:54,343 | INFO | [t=1980] VLA chunk prompt=open top drawer
2026-09-18 13:21:54,723 | INFO | [t=1990] VLA chunk prompt=open top drawer
2026-09-18 13:21:55,102 | INFO | [t=2000] VLA chunk prompt=open top drawer
2026-09-18 13:21:55,481 | INFO | [t=2010] VLA chunk prompt=open top drawer
2026-09-18 13:21:55,856 | INFO | [t=2020] VLA chunk prompt=open top drawer
2026-09-18 13:21:56,226 | INFO | [t=2030] VLA chunk prompt=open top drawer
2026-09-18 13:21:56,597 | INFO | [t=2040] VLA chunk prompt=open top drawer
2026-09-18 13:21:56,967 | INFO | [t=2050] VLA chunk prompt=open top drawer
2026-09-18 13:21:57,338 | INFO | [t=2060] VLA chunk prompt=open top drawer
2026-09-18 13:21:57,709 | INFO | [t=2070] VLA chunk prompt=open top drawer
2026-09-18 13:21:58,082 | INFO | [t=2080] VLA chunk prompt=open top drawer
2026-09-18 13:21:58,453 | INFO | [t=2090] VLA chunk prompt=open top drawer
2026-09-18 13:21:58,821 | INFO | [t=2100] VLA chunk prompt=open top drawer
2026-09-18 13:21:59,193 | INFO | [t=2110] VLA chunk prompt=open top drawer
2026-09-18 13:21:59,569 | INFO | [t=2120] VLA chunk prompt=open top drawer
2026-09-18 13:21:59,942 | INFO | [t=2130] VLA chunk prompt=open top drawer
2026-09-18 13:22:00,321 | INFO | [t=2140] VLA chunk prompt=open top drawer
2026-09-18 13:22:00,696 | INFO | [t=2150] VLA chunk prompt=open top drawer
2026-09-18 13:22:01,075 | INFO | [t=2160] VLA chunk prompt=open top drawer
2026-09-18 13:22:01,456 | INFO | [t=2170] VLA chunk prompt=open top drawer
2026-09-18 13:22:01,836 | INFO | [t=2180] VLA chunk prompt=open top drawer
2026-09-18 13:22:02,212 | INFO | [t=2190] VLA chunk prompt=open top drawer
2026-09-18 13:22:02,591 | INFO | [t=2200] VLA chunk prompt=open top drawer
2026-09-18 13:22:02,970 | INFO | [t=2210] VLA chunk prompt=open top drawer
2026-09-18 13:22:03,349 | INFO | [t=2220] VLA chunk prompt=open top drawer
2026-09-18 13:22:03,728 | INFO | [t=2230] VLA chunk prompt=open top drawer
2026-09-18 13:22:04,112 | INFO | [t=2240] VLA chunk prompt=open top drawer
2026-09-18 13:22:04,497 | INFO | [t=2250] VLA chunk prompt=open top drawer
2026-09-18 13:22:04,880 | INFO | [t=2260] VLA chunk prompt=open top drawer
2026-09-18 13:22:05,264 | INFO | [t=2270] VLA chunk prompt=open top drawer
2026-09-18 13:22:05,644 | INFO | [t=2280] VLA chunk prompt=open top drawer
2026-09-18 13:22:06,026 | INFO | [t=2290] VLA chunk prompt=open top drawer
2026-09-18 13:22:06,405 | INFO | [t=2300] VLA chunk prompt=open top drawer
2026-09-18 13:22:06,786 | INFO | [t=2310] VLA chunk prompt=open top drawer
2026-09-18 13:22:07,170 | INFO | [t=2320] VLA chunk prompt=open top drawer
2026-09-18 13:22:07,556 | INFO | [t=2330] VLA chunk prompt=open top drawer
2026-09-18 13:22:07,938 | INFO | [t=2340] VLA chunk prompt=open top drawer
2026-09-18 13:22:08,312 | INFO | [t=2350] VLA chunk prompt=open top drawer
2026-09-18 13:22:08,684 | INFO | [t=2360] VLA chunk prompt=open top drawer
2026-09-18 13:22:09,051 | INFO | [t=2370] VLA chunk prompt=open top drawer
2026-09-18 13:22:09,415 | INFO | [t=2380] VLA chunk prompt=open top drawer
2026-09-18 13:22:09,778 | INFO | [t=2390] VLA chunk prompt=open top drawer
2026-09-18 13:22:10,145 | INFO | [t=2400] VLA chunk prompt=open top drawer
2026-09-18 13:22:10,521 | INFO | [t=2410] VLA chunk prompt=open top drawer
2026-09-18 13:22:10,884 | INFO | [t=2420] VLA chunk prompt=open top drawer
2026-09-18 13:22:11,242 | INFO | [t=2430] VLA chunk prompt=open top drawer
2026-09-18 13:22:11,603 | INFO | [t=2440] VLA chunk prompt=open top drawer
2026-09-18 13:22:11,970 | INFO | [t=2450] VLA chunk prompt=open top drawer
2026-09-18 13:22:12,341 | INFO | [t=2460] VLA chunk prompt=open top drawer
2026-09-18 13:22:12,717 | INFO | [t=2470] VLA chunk prompt=open top drawer
2026-09-18 13:22:13,092 | INFO | [t=2480] VLA chunk prompt=open top drawer
2026-09-18 13:22:13,473 | INFO | [t=2490] VLA chunk prompt=open top drawer
2026-09-18 13:22:13,850 | INFO | [t=2500] VLA chunk prompt=open top drawer
2026-09-18 13:22:17,192 | INFO | attempt=0 stage_score=0.0 stage_success=False failure_reason=incomplete_stage
2026-09-18 13:22:18,103 | WARNING | API planner returned empty response at step=1765
2026-09-18 13:22:19,204 | INFO | harness release_gripper after env.reset (attempt=1)
2026-09-18 13:22:19,204 | INFO | async VLM enabled: single-slot subtask buffer
2026-09-18 13:22:19,468 | INFO | [t=10] VLA chunk prompt=Open all drawers in order, remember the empty drawer, then put butter into that empty drawer.
2026-09-18 13:22:19,754 | INFO | [t=20] VLA chunk prompt=Open all drawers in order, remember the empty drawer, then put butter into that empty drawer.
2026-09-18 13:22:20,037 | INFO | [t=30] VLA chunk prompt=Open all drawers in order, remember the empty drawer, then put butter into that empty drawer.
2026-09-18 13:22:20,317 | INFO | [t=40] VLA chunk prompt=Open all drawers in order, remember the empty drawer, then put butter into that empty drawer.
2026-09-18 13:22:20,596 | INFO | [t=50] VLA chunk prompt=Open all drawers in order, remember the empty drawer, then put butter into that empty drawer.
2026-09-18 13:22:20,876 | INFO | [t=60] VLA chunk prompt=Open all drawers in order, remember the empty drawer, then put butter into that empty drawer.
2026-09-18 13:22:21,155 | INFO | [t=70] VLA chunk prompt=Open all drawers in order, remember the empty drawer, then put butter into that empty drawer.
2026-09-18 13:22:21,383 | INFO | [t=80] harness subtask override: open top drawer
2026-09-18 13:22:21,383 | INFO | [t=80] VLM prompt update from step=-1: open top drawer
2026-09-18 13:22:21,384 | INFO | [t=80] harness forced VLM replan after stall (pmh visual retrieve armed)
2026-09-18 13:22:21,433 | INFO | [t=80] VLA chunk prompt=open top drawer
2026-09-18 13:22:21,713 | INFO | [t=90] VLA chunk prompt=open top drawer
2026-09-18 13:22:21,997 | INFO | [t=100] VLA chunk prompt=open top drawer
2026-09-18 13:22:22,318 | INFO | [t=110] VLA chunk prompt=open top drawer
2026-09-18 13:22:22,652 | INFO | [t=120] VLA chunk prompt=open top drawer
2026-09-18 13:22:22,989 | INFO | [t=130] VLA chunk prompt=open top drawer
2026-09-18 13:22:23,324 | INFO | [t=140] VLA chunk prompt=open top drawer
2026-09-18 13:22:23,667 | INFO | [t=150] VLA chunk prompt=open top drawer
2026-09-18 13:22:24,014 | INFO | [t=160] VLA chunk prompt=open top drawer
2026-09-18 13:22:24,363 | INFO | [t=170] VLA chunk prompt=open top drawer
2026-09-18 13:22:24,719 | INFO | [t=180] VLA chunk prompt=open top drawer
2026-09-18 13:22:25,083 | INFO | [t=190] VLA chunk prompt=open top drawer
2026-09-18 13:22:25,449 | INFO | [t=200] VLA chunk prompt=open top drawer
2026-09-18 13:22:25,819 | INFO | [t=210] VLA chunk prompt=open top drawer
2026-09-18 13:22:26,197 | INFO | [t=220] VLA chunk prompt=open top drawer
2026-09-18 13:22:26,574 | INFO | [t=230] VLA chunk prompt=open top drawer
2026-09-18 13:22:26,958 | INFO | [t=240] VLA chunk prompt=open top drawer
2026-09-18 13:22:27,339 | INFO | [t=250] VLA chunk prompt=open top drawer
2026-09-18 13:22:27,729 | INFO | [t=260] VLA chunk prompt=open top drawer
2026-09-18 13:22:28,125 | INFO | [t=270] VLA chunk prompt=open top drawer
2026-09-18 13:22:28,523 | INFO | [t=280] VLA chunk prompt=open top drawer
2026-09-18 13:22:28,918 | INFO | [t=290] VLA chunk prompt=open top drawer
2026-09-18 13:22:29,309 | INFO | [t=300] VLA chunk prompt=open top drawer
2026-09-18 13:22:29,698 | INFO | [t=310] VLA chunk prompt=open top drawer
2026-09-18 13:22:30,112 | INFO | [t=320] VLA chunk prompt=open top drawer
2026-09-18 13:22:30,502 | INFO | [t=330] VLA chunk prompt=open top drawer
2026-09-18 13:22:30,890 | INFO | [t=340] VLA chunk prompt=open top drawer
2026-09-18 13:22:31,281 | INFO | [t=350] VLA chunk prompt=open top drawer
2026-09-18 13:22:31,667 | INFO | [t=360] VLA chunk prompt=open top drawer
2026-09-18 13:22:32,054 | INFO | [t=370] VLA chunk prompt=open top drawer
2026-09-18 13:22:32,445 | INFO | [t=380] VLA chunk prompt=open top drawer
2026-09-18 13:22:32,836 | INFO | [t=390] VLA chunk prompt=open top drawer
2026-09-18 13:22:33,223 | INFO | [t=400] VLA chunk prompt=open top drawer
2026-09-18 13:22:33,612 | INFO | [t=410] VLA chunk prompt=open top drawer
2026-09-18 13:22:34,000 | INFO | [t=420] VLA chunk prompt=open top drawer
2026-09-18 13:22:34,386 | INFO | [t=430] VLA chunk prompt=open top drawer
2026-09-18 13:22:34,774 | INFO | [t=440] VLA chunk prompt=open top drawer
2026-09-18 13:22:35,160 | INFO | [t=450] VLA chunk prompt=open top drawer
2026-09-18 13:22:35,264 | INFO | [t=453] stage done: 01_Open_Top_Drawer
2026-09-18 13:22:35,555 | INFO | [t=460] VLA chunk prompt=open top drawer
2026-09-18 13:22:35,937 | INFO | [t=470] VLA chunk prompt=open top drawer
2026-09-18 13:22:36,314 | INFO | [t=480] VLA chunk prompt=open top drawer
2026-09-18 13:22:36,697 | INFO | [t=490] VLA chunk prompt=open top drawer
2026-09-18 13:22:37,085 | INFO | [t=500] VLA chunk prompt=open top drawer
2026-09-18 13:22:37,473 | INFO | [t=510] VLA chunk prompt=open top drawer
2026-09-18 13:22:37,868 | INFO | [t=520] VLA chunk prompt=open top drawer
2026-09-18 13:22:38,256 | INFO | [t=530] VLA chunk prompt=open top drawer
2026-09-18 13:22:38,595 | INFO | [t=540] harness subtask override: close top drawer
2026-09-18 13:22:38,595 | INFO | [t=540] VLM prompt update from step=70: close top drawer
2026-09-18 13:22:38,595 | INFO | [t=540] harness forced VLM replan after stall (pmh visual retrieve armed)
2026-09-18 13:22:38,646 | INFO | [t=540] VLA chunk prompt=close top drawer
2026-09-18 13:22:39,030 | INFO | [t=550] VLA chunk prompt=close top drawer
2026-09-18 13:22:39,375 | INFO | [t=560] stage done: 02_Close_Top_Drawer
2026-09-18 13:22:39,425 | INFO | [t=560] VLA chunk prompt=close top drawer
2026-09-18 13:22:39,816 | INFO | [t=570] VLA chunk prompt=close top drawer
2026-09-18 13:22:40,214 | INFO | [t=580] VLA chunk prompt=close top drawer
2026-09-18 13:22:40,600 | INFO | [t=590] VLA chunk prompt=close top drawer
2026-09-18 13:22:40,984 | INFO | [t=600] VLA chunk prompt=close top drawer
2026-09-18 13:22:41,369 | INFO | [t=610] VLA chunk prompt=close top drawer
2026-09-18 13:22:41,754 | INFO | [t=620] VLA chunk prompt=close top drawer
2026-09-18 13:22:42,137 | INFO | [t=630] VLA chunk prompt=close top drawer
2026-09-18 13:22:42,472 | INFO | [t=640] harness subtask override: open middle drawer
2026-09-18 13:22:42,472 | INFO | [t=640] VLM prompt update from step=70: open middle drawer
2026-09-18 13:22:42,473 | INFO | [t=640] harness forced VLM replan after stall (pmh visual retrieve armed)
2026-09-18 13:22:42,524 | INFO | [t=640] VLA chunk prompt=open middle drawer
2026-09-18 13:22:42,904 | INFO | [t=650] VLA chunk prompt=open middle drawer
2026-09-18 13:22:43,282 | INFO | [t=660] VLA chunk prompt=open middle drawer
2026-09-18 13:22:43,652 | INFO | [t=670] VLA chunk prompt=open middle drawer
2026-09-18 13:22:44,020 | INFO | [t=680] VLA chunk prompt=open middle drawer
2026-09-18 13:22:44,384 | INFO | [t=690] VLA chunk prompt=open middle drawer
2026-09-18 13:22:44,746 | INFO | [t=700] VLA chunk prompt=open middle drawer
2026-09-18 13:22:45,107 | INFO | [t=710] VLA chunk prompt=open middle drawer
2026-09-18 13:22:45,467 | INFO | [t=720] VLA chunk prompt=open middle drawer
2026-09-18 13:22:45,826 | INFO | [t=730] VLA chunk prompt=open middle drawer
2026-09-18 13:22:46,185 | INFO | [t=740] VLA chunk prompt=open middle drawer
2026-09-18 13:22:46,543 | INFO | [t=750] VLA chunk prompt=open middle drawer
2026-09-18 13:22:46,903 | INFO | [t=760] VLA chunk prompt=open middle drawer
2026-09-18 13:22:47,268 | INFO | [t=770] VLA chunk prompt=open middle drawer
2026-09-18 13:22:47,635 | INFO | [t=780] VLA chunk prompt=open middle drawer
2026-09-18 13:22:48,003 | INFO | [t=790] VLA chunk prompt=open middle drawer
2026-09-18 13:22:48,379 | INFO | [t=800] VLA chunk prompt=open middle drawer
2026-09-18 13:22:48,761 | INFO | [t=810] VLA chunk prompt=open middle drawer
2026-09-18 13:22:49,141 | INFO | [t=820] VLA chunk prompt=open middle drawer
2026-09-18 13:22:49,526 | INFO | [t=830] VLA chunk prompt=open middle drawer
2026-09-18 13:22:49,909 | INFO | [t=840] VLA chunk prompt=open middle drawer
2026-09-18 13:22:50,297 | INFO | [t=850] VLA chunk prompt=open middle drawer
2026-09-18 13:22:50,671 | INFO | [t=860] VLA chunk prompt=open middle drawer
2026-09-18 13:22:51,045 | INFO | [t=870] VLA chunk prompt=open middle drawer
2026-09-18 13:22:51,207 | INFO | API VLM @t=0 task=5 subtask=open top drawer keyframes=[]
2026-09-18 13:22:51,374 | INFO | [t=880] VLM prompt update from step=0: open top drawer
2026-09-18 13:22:51,424 | INFO | [t=880] VLA chunk prompt=open top drawer
2026-09-18 13:22:51,798 | INFO | [t=890] VLA chunk prompt=open top drawer
2026-09-18 13:22:52,176 | INFO | [t=900] VLA chunk prompt=open top drawer
2026-09-18 13:22:52,555 | INFO | [t=910] VLA chunk prompt=open top drawer
2026-09-18 13:22:52,934 | INFO | [t=920] VLA chunk prompt=open top drawer
2026-09-18 13:22:53,314 | INFO | [t=930] VLA chunk prompt=open top drawer
2026-09-18 13:22:53,688 | INFO | [t=940] VLA chunk prompt=open top drawer
2026-09-18 13:22:54,059 | INFO | [t=950] VLA chunk prompt=open top drawer
2026-09-18 13:22:54,430 | INFO | [t=960] VLA chunk prompt=open top drawer
2026-09-18 13:22:54,796 | INFO | [t=970] VLA chunk prompt=open top drawer
2026-09-18 13:22:55,162 | INFO | [t=980] VLA chunk prompt=open top drawer
2026-09-18 13:22:55,531 | INFO | [t=990] VLA chunk prompt=open top drawer
2026-09-18 13:22:55,906 | INFO | [t=1000] VLA chunk prompt=open top drawer
2026-09-18 13:22:56,287 | INFO | [t=1010] VLA chunk prompt=open top drawer
2026-09-18 13:22:56,669 | INFO | [t=1020] VLA chunk prompt=open top drawer
2026-09-18 13:22:57,049 | INFO | [t=1030] VLA chunk prompt=open top drawer
2026-09-18 13:22:57,420 | INFO | [t=1040] VLA chunk prompt=open top drawer
2026-09-18 13:22:57,781 | INFO | [t=1050] VLA chunk prompt=open top drawer
2026-09-18 13:22:58,143 | INFO | [t=1060] VLA chunk prompt=open top drawer
2026-09-18 13:22:58,503 | INFO | [t=1070] VLA chunk prompt=open top drawer
2026-09-18 13:22:58,864 | INFO | [t=1080] VLA chunk prompt=open top drawer
2026-09-18 13:22:59,228 | INFO | [t=1090] VLA chunk prompt=open top drawer
2026-09-18 13:22:59,603 | INFO | [t=1100] VLA chunk prompt=open top drawer
2026-09-18 13:22:59,980 | INFO | [t=1110] VLA chunk prompt=open top drawer
2026-09-18 13:23:00,365 | INFO | [t=1120] VLA chunk prompt=open top drawer
2026-09-18 13:23:00,749 | INFO | [t=1130] VLA chunk prompt=open top drawer
2026-09-18 13:23:01,144 | INFO | [t=1140] VLA chunk prompt=open top drawer
2026-09-18 13:23:01,530 | INFO | [t=1150] VLA chunk prompt=open top drawer
2026-09-18 13:23:01,896 | INFO | [t=1160] VLA chunk prompt=open top drawer
2026-09-18 13:23:02,251 | INFO | [t=1170] VLA chunk prompt=open top drawer
2026-09-18 13:23:02,589 | INFO | [t=1180] VLA chunk prompt=open top drawer
2026-09-18 13:23:02,923 | INFO | [t=1190] VLA chunk prompt=open top drawer
2026-09-18 13:23:03,261 | INFO | [t=1200] VLA chunk prompt=open top drawer
2026-09-18 13:23:03,613 | INFO | [t=1210] VLA chunk prompt=open top drawer
2026-09-18 13:23:03,972 | INFO | [t=1220] VLA chunk prompt=open top drawer
2026-09-18 13:23:04,337 | INFO | [t=1230] VLA chunk prompt=open top drawer
2026-09-18 13:23:04,703 | INFO | [t=1240] VLA chunk prompt=open top drawer
2026-09-18 13:23:05,073 | INFO | [t=1250] VLA chunk prompt=open top drawer
2026-09-18 13:23:05,444 | INFO | [t=1260] VLA chunk prompt=open top drawer
2026-09-18 13:23:05,816 | INFO | [t=1270] VLA chunk prompt=open top drawer
2026-09-18 13:23:06,187 | INFO | [t=1280] VLA chunk prompt=open top drawer
2026-09-18 13:23:06,559 | INFO | [t=1290] VLA chunk prompt=open top drawer
2026-09-18 13:23:06,929 | INFO | [t=1300] VLA chunk prompt=open top drawer
2026-09-18 13:23:07,301 | INFO | [t=1310] VLA chunk prompt=open top drawer
2026-09-18 13:23:07,681 | INFO | [t=1320] VLA chunk prompt=open top drawer
2026-09-18 13:23:08,074 | INFO | [t=1330] VLA chunk prompt=open top drawer
2026-09-18 13:23:08,457 | INFO | [t=1340] VLA chunk prompt=open top drawer
2026-09-18 13:23:08,845 | INFO | [t=1350] VLA chunk prompt=open top drawer
2026-09-18 13:23:09,223 | INFO | [t=1360] VLA chunk prompt=open top drawer
2026-09-18 13:23:09,598 | INFO | [t=1370] VLA chunk prompt=open top drawer
2026-09-18 13:23:09,973 | INFO | [t=1380] VLA chunk prompt=open top drawer
2026-09-18 13:23:10,344 | INFO | [t=1390] VLA chunk prompt=open top drawer
2026-09-18 13:23:10,719 | INFO | [t=1400] VLA chunk prompt=open top drawer
2026-09-18 13:23:11,095 | INFO | [t=1410] VLA chunk prompt=open top drawer
2026-09-18 13:23:11,471 | INFO | [t=1420] VLA chunk prompt=open top drawer
2026-09-18 13:23:11,849 | INFO | [t=1430] VLA chunk prompt=open top drawer
2026-09-18 13:23:12,221 | INFO | [t=1440] VLA chunk prompt=open top drawer
2026-09-18 13:23:12,593 | INFO | [t=1450] VLA chunk prompt=open top drawer
2026-09-18 13:23:12,968 | INFO | [t=1460] VLA chunk prompt=open top drawer
2026-09-18 13:23:13,352 | INFO | [t=1470] VLA chunk prompt=open top drawer
2026-09-18 13:23:13,736 | INFO | [t=1480] VLA chunk prompt=open top drawer
2026-09-18 13:23:14,126 | INFO | [t=1490] VLA chunk prompt=open top drawer
2026-09-18 13:23:14,513 | INFO | [t=1500] VLA chunk prompt=open top drawer
2026-09-18 13:23:14,903 | INFO | [t=1510] VLA chunk prompt=open top drawer
2026-09-18 13:23:15,284 | INFO | [t=1520] VLA chunk prompt=open top drawer
2026-09-18 13:23:15,664 | INFO | [t=1530] VLA chunk prompt=open top drawer
2026-09-18 13:23:16,043 | INFO | [t=1540] VLA chunk prompt=open top drawer
2026-09-18 13:23:16,413 | INFO | [t=1550] VLA chunk prompt=open top drawer
2026-09-18 13:23:16,776 | INFO | [t=1560] VLA chunk prompt=open top drawer
2026-09-18 13:23:17,140 | INFO | [t=1570] VLA chunk prompt=open top drawer
2026-09-18 13:23:17,503 | INFO | [t=1580] VLA chunk prompt=open top drawer
2026-09-18 13:23:17,862 | INFO | [t=1590] VLA chunk prompt=open top drawer
2026-09-18 13:23:18,223 | INFO | [t=1600] VLA chunk prompt=open top drawer
2026-09-18 13:23:18,587 | INFO | [t=1610] VLA chunk prompt=open top drawer
2026-09-18 13:23:18,953 | INFO | [t=1620] VLA chunk prompt=open top drawer
2026-09-18 13:23:19,323 | INFO | [t=1630] VLA chunk prompt=open top drawer
2026-09-18 13:23:19,699 | INFO | [t=1640] VLA chunk prompt=open top drawer
2026-09-18 13:23:20,075 | INFO | [t=1650] VLA chunk prompt=open top drawer
2026-09-18 13:23:20,368 | INFO | API VLM @t=860 task=5 subtask=open middle drawer keyframes=[]
2026-09-18 13:23:20,408 | INFO | [t=1660] VLM prompt update from step=860: open middle drawer
2026-09-18 13:23:20,459 | INFO | [t=1660] VLA chunk prompt=open middle drawer
2026-09-18 13:23:20,828 | INFO | [t=1670] VLA chunk prompt=open middle drawer
2026-09-18 13:23:21,196 | INFO | [t=1680] VLA chunk prompt=open middle drawer
2026-09-18 13:23:21,564 | INFO | [t=1690] VLA chunk prompt=open middle drawer
2026-09-18 13:23:21,931 | INFO | [t=1700] VLA chunk prompt=open middle drawer
2026-09-18 13:23:22,302 | INFO | [t=1710] VLA chunk prompt=open middle drawer
2026-09-18 13:23:22,677 | INFO | [t=1720] VLA chunk prompt=open middle drawer
2026-09-18 13:23:23,044 | INFO | [t=1730] VLA chunk prompt=open middle drawer
2026-09-18 13:23:23,408 | INFO | [t=1740] VLA chunk prompt=open middle drawer
2026-09-18 13:23:23,771 | INFO | [t=1750] VLA chunk prompt=open middle drawer
2026-09-18 13:23:24,134 | INFO | [t=1760] VLA chunk prompt=open middle drawer
2026-09-18 13:23:24,503 | INFO | [t=1770] VLA chunk prompt=open middle drawer
2026-09-18 13:23:24,872 | INFO | [t=1780] VLA chunk prompt=open middle drawer
2026-09-18 13:23:25,245 | INFO | [t=1790] VLA chunk prompt=open middle drawer
2026-09-18 13:23:25,611 | INFO | [t=1800] VLA chunk prompt=open middle drawer
2026-09-18 13:23:25,979 | INFO | [t=1810] VLA chunk prompt=open middle drawer
2026-09-18 13:23:26,351 | INFO | [t=1820] VLA chunk prompt=open middle drawer
2026-09-18 13:23:26,728 | INFO | [t=1830] VLA chunk prompt=open middle drawer
2026-09-18 13:23:27,098 | INFO | [t=1840] VLA chunk prompt=open middle drawer
2026-09-18 13:23:27,477 | INFO | [t=1850] VLA chunk prompt=open middle drawer
2026-09-18 13:23:27,865 | INFO | [t=1860] VLA chunk prompt=open middle drawer
2026-09-18 13:23:28,256 | INFO | [t=1870] VLA chunk prompt=open middle drawer
2026-09-18 13:23:28,639 | INFO | [t=1880] VLA chunk prompt=open middle drawer
2026-09-18 13:23:29,023 | INFO | [t=1890] VLA chunk prompt=open middle drawer
2026-09-18 13:23:29,397 | INFO | [t=1900] VLA chunk prompt=open middle drawer
2026-09-18 13:23:29,772 | INFO | [t=1910] VLA chunk prompt=open middle drawer
2026-09-18 13:23:30,147 | INFO | [t=1920] VLA chunk prompt=open middle drawer
2026-09-18 13:23:30,522 | INFO | [t=1930] VLA chunk prompt=open middle drawer
2026-09-18 13:23:30,893 | INFO | [t=1940] VLA chunk prompt=open middle drawer
2026-09-18 13:23:31,265 | INFO | [t=1950] VLA chunk prompt=open middle drawer
2026-09-18 13:23:31,633 | INFO | [t=1960] VLA chunk prompt=open middle drawer
2026-09-18 13:23:32,003 | INFO | [t=1970] VLA chunk prompt=open middle drawer
2026-09-18 13:23:32,375 | INFO | [t=1980] VLA chunk prompt=open middle drawer
2026-09-18 13:23:32,754 | INFO | [t=1990] VLA chunk prompt=open middle drawer
2026-09-18 13:23:33,130 | INFO | [t=2000] VLA chunk prompt=open middle drawer
2026-09-18 13:23:33,503 | INFO | [t=2010] VLA chunk prompt=open middle drawer
2026-09-18 13:23:33,875 | INFO | [t=2020] VLA chunk prompt=open middle drawer
2026-09-18 13:23:34,245 | INFO | [t=2030] VLA chunk prompt=open middle drawer
2026-09-18 13:23:34,616 | INFO | [t=2040] VLA chunk prompt=open middle drawer
2026-09-18 13:23:34,982 | INFO | [t=2050] VLA chunk prompt=open middle drawer
2026-09-18 13:23:35,349 | INFO | [t=2060] VLA chunk prompt=open middle drawer
2026-09-18 13:23:35,717 | INFO | [t=2070] VLA chunk prompt=open middle drawer
2026-09-18 13:23:36,083 | INFO | [t=2080] VLA chunk prompt=open middle drawer
2026-09-18 13:23:36,450 | INFO | [t=2090] VLA chunk prompt=open middle drawer
2026-09-18 13:23:36,812 | INFO | [t=2100] VLA chunk prompt=open middle drawer
2026-09-18 13:23:37,173 | INFO | [t=2110] VLA chunk prompt=open middle drawer
2026-09-18 13:23:37,539 | INFO | [t=2120] VLA chunk prompt=open middle drawer
2026-09-18 13:23:37,907 | INFO | [t=2130] VLA chunk prompt=open middle drawer
2026-09-18 13:23:38,276 | INFO | [t=2140] VLA chunk prompt=open middle drawer
2026-09-18 13:23:38,643 | INFO | [t=2150] VLA chunk prompt=open middle drawer
2026-09-18 13:23:39,007 | INFO | [t=2160] VLA chunk prompt=open middle drawer
2026-09-18 13:23:39,371 | INFO | [t=2170] VLA chunk prompt=open middle drawer
2026-09-18 13:23:39,734 | INFO | [t=2180] VLA chunk prompt=open middle drawer
2026-09-18 13:23:40,100 | INFO | [t=2190] VLA chunk prompt=open middle drawer
2026-09-18 13:23:40,473 | INFO | [t=2200] VLA chunk prompt=open middle drawer
2026-09-18 13:23:40,848 | INFO | [t=2210] VLA chunk prompt=open middle drawer
2026-09-18 13:23:41,217 | INFO | [t=2220] VLA chunk prompt=open middle drawer
2026-09-18 13:23:41,577 | INFO | [t=2230] VLA chunk prompt=open middle drawer
2026-09-18 13:23:41,942 | INFO | [t=2240] VLA chunk prompt=open middle drawer
2026-09-18 13:23:42,309 | INFO | [t=2250] VLA chunk prompt=open middle drawer
2026-09-18 13:23:42,671 | INFO | [t=2260] VLA chunk prompt=open middle drawer
2026-09-18 13:23:43,027 | INFO | [t=2270] VLA chunk prompt=open middle drawer
2026-09-18 13:23:43,381 | INFO | [t=2280] VLA chunk prompt=open middle drawer
2026-09-18 13:23:43,735 | INFO | [t=2290] VLA chunk prompt=open middle drawer
2026-09-18 13:23:44,093 | INFO | [t=2300] VLA chunk prompt=open middle drawer
2026-09-18 13:23:44,463 | INFO | [t=2310] VLA chunk prompt=open middle drawer
2026-09-18 13:23:44,840 | INFO | [t=2320] VLA chunk prompt=open middle drawer
2026-09-18 13:23:45,216 | INFO | [t=2330] VLA chunk prompt=open middle drawer
2026-09-18 13:23:45,589 | INFO | [t=2340] VLA chunk prompt=open middle drawer
2026-09-18 13:23:45,961 | INFO | [t=2350] VLA chunk prompt=open middle drawer
2026-09-18 13:23:46,332 | INFO | [t=2360] VLA chunk prompt=open middle drawer
2026-09-18 13:23:46,700 | INFO | [t=2370] VLA chunk prompt=open middle drawer
2026-09-18 13:23:47,067 | INFO | [t=2380] VLA chunk prompt=open middle drawer
2026-09-18 13:23:47,442 | INFO | [t=2390] VLA chunk prompt=open middle drawer
2026-09-18 13:23:47,818 | INFO | [t=2400] VLA chunk prompt=open middle drawer
2026-09-18 13:23:48,185 | INFO | [t=2410] VLA chunk prompt=open middle drawer
2026-09-18 13:23:48,552 | INFO | [t=2420] VLA chunk prompt=open middle drawer
2026-09-18 13:23:48,915 | INFO | [t=2430] VLA chunk prompt=open middle drawer
2026-09-18 13:23:49,278 | INFO | [t=2440] VLA chunk prompt=open middle drawer
2026-09-18 13:23:49,636 | INFO | [t=2450] VLA chunk prompt=open middle drawer
2026-09-18 13:23:49,993 | INFO | [t=2460] VLA chunk prompt=open middle drawer
2026-09-18 13:23:50,350 | INFO | [t=2470] VLA chunk prompt=open middle drawer
2026-09-18 13:23:50,705 | INFO | [t=2480] VLA chunk prompt=open middle drawer
2026-09-18 13:23:51,055 | INFO | [t=2490] VLA chunk prompt=open middle drawer
2026-09-18 13:23:51,407 | INFO | [t=2500] VLA chunk prompt=open middle drawer
2026-09-18 13:23:54,727 | INFO | attempt=1 stage_score=25.0 stage_success=False failure_reason=incomplete_stage
2026-09-18 13:23:54,727 | INFO | Episode 1 seed=101 stage_score=25.0 stage_success=0 goal=0.250 failure_reason=incomplete_stage | 01_Open_Top_Drawer=Y | 02_Close_Top_Drawer=Y | 03_Open_Middle_Drawer=N | 04_Close_Middle_Drawer=N | 05_Open_Bottom_Drawer=N | 06_Close_Bottom_Drawer=N | 07_Open_Middle_Drawer_Again=N | 08_Put_Butter_Middle_Drawer=N | 09_Close_Middle_Drawer_Final=N
2026-09-18 13:23:55,815 | INFO | API VLM @t=1645 task=5 subtask=open middle drawer keyframes=[]
