2026-09-27 12:54:13,289 | INFO | task_id=5 bddl=/project/peilab/why/RoboMemArena/bddl/5_butter_middle_drawer.bddl vlm_ckpt=/project/peilab/why/RoboMemArena/checkpoints/PrediMem/vlm_tasks1to26_ckpt74500
2026-09-27 12:54:13,299 | INFO | [redact] enabled task=5 registered_phrases=6 terms=['bottom drawer', 'bottom_drawer', 'middle drawer', 'middle_drawer', 'top drawer', 'top_drawer']
2026-09-27 12:54:15,178 | INFO | async VLM enabled: single-slot subtask buffer
2026-09-27 12:54:15,382 | INFO | [redact] enabled task=5 registered_phrases=0 terms=['bottom drawer', 'bottom_drawer', 'middle drawer', 'middle_drawer', 'top drawer', 'top_drawer']
2026-09-27 12:54:15,434 | INFO | [t=10] VLA chunk prompt=Open all drawers in order, remember the empty drawer, then put butter into that empty drawer.
2026-09-27 12:54:15,717 | INFO | [t=20] VLA chunk prompt=Open all drawers in order, remember the empty drawer, then put butter into that empty drawer.
2026-09-27 12:54:16,003 | INFO | [t=30] VLA chunk prompt=Open all drawers in order, remember the empty drawer, then put butter into that empty drawer.
2026-09-27 12:54:16,278 | INFO | [t=40] VLA chunk prompt=Open all drawers in order, remember the empty drawer, then put butter into that empty drawer.
2026-09-27 12:54:16,553 | INFO | [t=50] VLA chunk prompt=Open all drawers in order, remember the empty drawer, then put butter into that empty drawer.
2026-09-27 12:54:16,826 | INFO | [t=60] VLA chunk prompt=Open all drawers in order, remember the empty drawer, then put butter into that empty drawer.
2026-09-27 12:54:17,116 | INFO | [t=70] VLA chunk prompt=Open all drawers in order, remember the empty drawer, then put butter into that empty drawer.
2026-09-27 12:54:17,407 | INFO | [t=80] VLA chunk prompt=Open all drawers in order, remember the empty drawer, then put butter into that empty drawer.
2026-09-27 12:54:17,692 | INFO | [t=90] VLA chunk prompt=Open all drawers in order, remember the empty drawer, then put butter into that empty drawer.
2026-09-27 12:54:17,971 | INFO | [t=100] VLA chunk prompt=Open all drawers in order, remember the empty drawer, then put butter into that empty drawer.
2026-09-27 12:54:18,265 | INFO | [t=110] VLA chunk prompt=Open all drawers in order, remember the empty drawer, then put butter into that empty drawer.
2026-09-27 12:54:18,587 | INFO | [t=120] VLA chunk prompt=Open all drawers in order, remember the empty drawer, then put butter into that empty drawer.
2026-09-27 12:54:18,908 | INFO | [t=130] VLA chunk prompt=Open all drawers in order, remember the empty drawer, then put butter into that empty drawer.
2026-09-27 12:54:19,238 | INFO | [t=140] VLA chunk prompt=Open all drawers in order, remember the empty drawer, then put butter into that empty drawer.
2026-09-27 12:54:19,560 | INFO | API VLM @t=0 task=5 subtask=Reach to the drawer handle and pull the drawer open to inspect its contents. keyframes=[]
2026-09-27 12:54:19,562 | INFO | [redact] enabled task=5 registered_phrases=0 terms=['bottom drawer', 'bottom_drawer', 'middle drawer', 'middle_drawer', 'top drawer', 'top_drawer']
2026-09-27 12:54:19,574 | INFO | [t=150] VLA chunk prompt=Open all drawers in order, remember the empty drawer, then put butter into that empty drawer.
2026-09-27 12:54:19,861 | INFO | [t=160] VLM prompt update from step=0: Reach to the drawer handle and pull the drawer open to inspect its contents.
2026-09-27 12:54:19,912 | INFO | [t=160] VLA chunk prompt=Reach to the drawer handle and pull the drawer open to inspect its contents.
2026-09-27 12:54:20,270 | INFO | [t=170] VLA chunk prompt=Reach to the drawer handle and pull the drawer open to inspect its contents.
2026-09-27 12:54:20,620 | INFO | [t=180] VLA chunk prompt=Reach to the drawer handle and pull the drawer open to inspect its contents.
2026-09-27 12:54:20,979 | INFO | [t=190] VLA chunk prompt=Reach to the drawer handle and pull the drawer open to inspect its contents.
2026-09-27 12:54:21,341 | INFO | [t=200] VLA chunk prompt=Reach to the drawer handle and pull the drawer open to inspect its contents.
2026-09-27 12:54:21,712 | INFO | [t=210] VLA chunk prompt=Reach to the drawer handle and pull the drawer open to inspect its contents.
2026-09-27 12:54:22,084 | INFO | [t=220] VLA chunk prompt=Reach to the drawer handle and pull the drawer open to inspect its contents.
2026-09-27 12:54:22,456 | INFO | [t=230] VLA chunk prompt=Reach to the drawer handle and pull the drawer open to inspect its contents.
2026-09-27 12:54:22,828 | INFO | [t=240] VLA chunk prompt=Reach to the drawer handle and pull the drawer open to inspect its contents.
2026-09-27 12:54:23,202 | INFO | [t=250] VLA chunk prompt=Reach to the drawer handle and pull the drawer open to inspect its contents.
2026-09-27 12:54:23,572 | INFO | [t=260] VLA chunk prompt=Reach to the drawer handle and pull the drawer open to inspect its contents.
2026-09-27 12:54:23,944 | INFO | [t=270] VLA chunk prompt=Reach to the drawer handle and pull the drawer open to inspect its contents.
2026-09-27 12:54:24,327 | INFO | [t=280] VLA chunk prompt=Reach to the drawer handle and pull the drawer open to inspect its contents.
2026-09-27 12:54:24,705 | INFO | [t=290] VLA chunk prompt=Reach to the drawer handle and pull the drawer open to inspect its contents.
2026-09-27 12:54:25,078 | INFO | [t=300] VLA chunk prompt=Reach to the drawer handle and pull the drawer open to inspect its contents.
2026-09-27 12:54:25,453 | INFO | [t=310] VLA chunk prompt=Reach to the drawer handle and pull the drawer open to inspect its contents.
2026-09-27 12:54:25,830 | INFO | [t=320] VLA chunk prompt=Reach to the drawer handle and pull the drawer open to inspect its contents.
2026-09-27 12:54:26,067 | INFO | API VLM @t=140 task=5 subtask=Open the next drawer and inspect its contents. keyframes=[]
2026-09-27 12:54:26,070 | INFO | [redact] enabled task=5 registered_phrases=0 terms=['bottom drawer', 'bottom_drawer', 'middle drawer', 'middle_drawer', 'top drawer', 'top_drawer']
2026-09-27 12:54:26,164 | INFO | [t=330] VLM prompt update from step=140: Open the next drawer and inspect its contents.
2026-09-27 12:54:26,215 | INFO | [t=330] VLA chunk prompt=Open the next drawer and inspect its contents.
2026-09-27 12:54:26,608 | INFO | [t=340] VLA chunk prompt=Open the next drawer and inspect its contents.
2026-09-27 12:54:26,998 | INFO | [t=350] VLA chunk prompt=Open the next drawer and inspect its contents.
2026-09-27 12:54:27,382 | INFO | [t=360] VLA chunk prompt=Open the next drawer and inspect its contents.
2026-09-27 12:54:27,763 | INFO | [t=370] VLA chunk prompt=Open the next drawer and inspect its contents.
2026-09-27 12:54:28,142 | INFO | [t=380] VLA chunk prompt=Open the next drawer and inspect its contents.
2026-09-27 12:54:28,521 | INFO | [t=390] VLA chunk prompt=Open the next drawer and inspect its contents.
2026-09-27 12:54:28,899 | INFO | [t=400] VLA chunk prompt=Open the next drawer and inspect its contents.
2026-09-27 12:54:29,287 | INFO | [t=410] VLA chunk prompt=Open the next drawer and inspect its contents.
2026-09-27 12:54:29,670 | INFO | [t=420] VLA chunk prompt=Open the next drawer and inspect its contents.
2026-09-27 12:54:30,051 | INFO | [t=430] VLA chunk prompt=Open the next drawer and inspect its contents.
2026-09-27 12:54:30,426 | INFO | [t=440] VLA chunk prompt=Open the next drawer and inspect its contents.
2026-09-27 12:54:30,803 | INFO | [t=450] VLA chunk prompt=Open the next drawer and inspect its contents.
2026-09-27 12:54:31,177 | INFO | [t=460] VLA chunk prompt=Open the next drawer and inspect its contents.
2026-09-27 12:54:31,496 | INFO | API VLM @t=315 task=5 subtask=Open the drawer and inspect its contents. keyframes=[]
2026-09-27 12:54:31,499 | INFO | [redact] enabled task=5 registered_phrases=0 terms=['bottom drawer', 'bottom_drawer', 'middle drawer', 'middle_drawer', 'top drawer', 'top_drawer']
2026-09-27 12:54:31,503 | INFO | [t=470] VLM prompt update from step=315: Open the drawer and inspect its contents.
2026-09-27 12:54:31,555 | INFO | [t=470] VLA chunk prompt=Open the drawer and inspect its contents.
2026-09-27 12:54:31,945 | INFO | [t=480] VLA chunk prompt=Open the drawer and inspect its contents.
2026-09-27 12:54:32,328 | INFO | [t=490] VLA chunk prompt=Open the drawer and inspect its contents.
2026-09-27 12:54:32,708 | INFO | [t=500] VLA chunk prompt=Open the drawer and inspect its contents.
2026-09-27 12:54:33,083 | INFO | [t=510] VLA chunk prompt=Open the drawer and inspect its contents.
2026-09-27 12:54:33,457 | INFO | [t=520] VLA chunk prompt=Open the drawer and inspect its contents.
2026-09-27 12:54:33,830 | INFO | [t=530] VLA chunk prompt=Open the drawer and inspect its contents.
2026-09-27 12:54:34,207 | INFO | [t=540] VLA chunk prompt=Open the drawer and inspect its contents.
2026-09-27 12:54:34,594 | INFO | [t=550] VLA chunk prompt=Open the drawer and inspect its contents.
2026-09-27 12:54:34,971 | INFO | [t=560] VLA chunk prompt=Open the drawer and inspect its contents.
2026-09-27 12:54:35,350 | INFO | [t=570] VLA chunk prompt=Open the drawer and inspect its contents.
2026-09-27 12:54:35,724 | INFO | [t=580] VLA chunk prompt=Open the drawer and inspect its contents.
2026-09-27 12:54:36,092 | INFO | [t=590] VLA chunk prompt=Open the drawer and inspect its contents.
2026-09-27 12:54:36,443 | INFO | API VLM @t=455 task=5 subtask=Pull the next drawer open to inspect its contents. keyframes=[]
2026-09-27 12:54:36,445 | INFO | [redact] enabled task=5 registered_phrases=0 terms=['bottom drawer', 'bottom_drawer', 'middle drawer', 'middle_drawer', 'top drawer', 'top_drawer']
2026-09-27 12:54:36,464 | INFO | [t=600] VLA chunk prompt=Open the drawer and inspect its contents.
2026-09-27 12:54:36,791 | INFO | [t=610] VLM prompt update from step=455: Pull the next drawer open to inspect its contents.
2026-09-27 12:54:36,844 | INFO | [t=610] VLA chunk prompt=Pull the next drawer open to inspect its contents.
2026-09-27 12:54:37,214 | INFO | [t=620] VLA chunk prompt=Pull the next drawer open to inspect its contents.
2026-09-27 12:54:37,590 | INFO | [t=630] VLA chunk prompt=Pull the next drawer open to inspect its contents.
2026-09-27 12:54:37,965 | INFO | [t=640] VLA chunk prompt=Pull the next drawer open to inspect its contents.
2026-09-27 12:54:38,348 | INFO | [t=650] VLA chunk prompt=Pull the next drawer open to inspect its contents.
2026-09-27 12:54:38,733 | INFO | [t=660] VLA chunk prompt=Pull the next drawer open to inspect its contents.
2026-09-27 12:54:39,116 | INFO | [t=670] VLA chunk prompt=Pull the next drawer open to inspect its contents.
2026-09-27 12:54:39,509 | INFO | [t=680] VLA chunk prompt=Pull the next drawer open to inspect its contents.
2026-09-27 12:54:39,893 | INFO | [t=690] VLA chunk prompt=Pull the next drawer open to inspect its contents.
2026-09-27 12:54:40,271 | INFO | [t=700] VLA chunk prompt=Pull the next drawer open to inspect its contents.
2026-09-27 12:54:40,636 | INFO | [t=710] VLA chunk prompt=Pull the next drawer open to inspect its contents.
2026-09-27 12:54:40,991 | INFO | [t=720] VLA chunk prompt=Pull the next drawer open to inspect its contents.
2026-09-27 12:54:41,348 | INFO | [t=730] VLA chunk prompt=Pull the next drawer open to inspect its contents.
2026-09-27 12:54:41,709 | INFO | [t=740] VLA chunk prompt=Pull the next drawer open to inspect its contents.
2026-09-27 12:54:42,055 | INFO | API VLM @t=590 task=5 subtask=Pull the next drawer open to inspect its contents. keyframes=[]
2026-09-27 12:54:42,057 | INFO | [redact] enabled task=5 registered_phrases=0 terms=['bottom drawer', 'bottom_drawer', 'middle drawer', 'middle_drawer', 'top drawer', 'top_drawer']
2026-09-27 12:54:42,073 | INFO | [t=750] VLA chunk prompt=Pull the next drawer open to inspect its contents.
2026-09-27 12:54:42,436 | INFO | [t=760] VLA chunk prompt=Pull the next drawer open to inspect its contents.
2026-09-27 12:54:42,809 | INFO | [t=770] VLA chunk prompt=Pull the next drawer open to inspect its contents.
2026-09-27 12:54:43,176 | INFO | [t=780] VLA chunk prompt=Pull the next drawer open to inspect its contents.
2026-09-27 12:54:43,542 | INFO | [t=790] VLA chunk prompt=Pull the next drawer open to inspect its contents.
2026-09-27 12:54:43,910 | INFO | [t=800] VLA chunk prompt=Pull the next drawer open to inspect its contents.
2026-09-27 12:54:44,282 | INFO | [t=810] VLA chunk prompt=Pull the next drawer open to inspect its contents.
2026-09-27 12:54:44,656 | INFO | [t=820] VLA chunk prompt=Pull the next drawer open to inspect its contents.
2026-09-27 12:54:45,044 | INFO | [t=830] VLA chunk prompt=Pull the next drawer open to inspect its contents.
2026-09-27 12:54:45,440 | INFO | [t=840] VLA chunk prompt=Pull the next drawer open to inspect its contents.
2026-09-27 12:54:45,834 | INFO | [t=850] VLA chunk prompt=Pull the next drawer open to inspect its contents.
2026-09-27 12:54:46,209 | INFO | [t=860] VLA chunk prompt=Pull the next drawer open to inspect its contents.
2026-09-27 12:54:46,571 | INFO | [t=870] VLA chunk prompt=Pull the next drawer open to inspect its contents.
2026-09-27 12:54:46,930 | INFO | [t=880] VLA chunk prompt=Pull the next drawer open to inspect its contents.
2026-09-27 12:54:47,106 | INFO | API VLM @t=740 task=5 subtask=Pull the next drawer open to inspect its contents. keyframes=[]
2026-09-27 12:54:47,108 | INFO | [redact] enabled task=5 registered_phrases=0 terms=['bottom drawer', 'bottom_drawer', 'middle drawer', 'middle_drawer', 'top drawer', 'top_drawer']
2026-09-27 12:54:47,301 | INFO | [t=890] VLA chunk prompt=Pull the next drawer open to inspect its contents.
2026-09-27 12:54:47,674 | INFO | [t=900] VLA chunk prompt=Pull the next drawer open to inspect its contents.
2026-09-27 12:54:48,040 | INFO | [t=910] VLA chunk prompt=Pull the next drawer open to inspect its contents.
2026-09-27 12:54:48,408 | INFO | [t=920] VLA chunk prompt=Pull the next drawer open to inspect its contents.
2026-09-27 12:54:48,771 | INFO | [t=930] VLA chunk prompt=Pull the next drawer open to inspect its contents.
2026-09-27 12:54:49,130 | INFO | [t=940] VLA chunk prompt=Pull the next drawer open to inspect its contents.
2026-09-27 12:54:49,488 | INFO | [t=950] VLA chunk prompt=Pull the next drawer open to inspect its contents.
2026-09-27 12:54:49,850 | INFO | [t=960] VLA chunk prompt=Pull the next drawer open to inspect its contents.
2026-09-27 12:54:50,223 | INFO | [t=970] VLA chunk prompt=Pull the next drawer open to inspect its contents.
2026-09-27 12:54:50,601 | INFO | [t=980] VLA chunk prompt=Pull the next drawer open to inspect its contents.
2026-09-27 12:54:50,976 | INFO | [t=990] VLA chunk prompt=Pull the next drawer open to inspect its contents.
2026-09-27 12:54:51,359 | INFO | [t=1000] VLA chunk prompt=Pull the next drawer open to inspect its contents.
2026-09-27 12:54:51,749 | INFO | [t=1010] VLA chunk prompt=Pull the next drawer open to inspect its contents.
2026-09-27 12:54:52,135 | INFO | [t=1020] VLA chunk prompt=Pull the next drawer open to inspect its contents.
2026-09-27 12:54:52,525 | INFO | [t=1030] VLA chunk prompt=Pull the next drawer open to inspect its contents.
2026-09-27 12:54:52,820 | INFO | API VLM @t=875 task=5 subtask=Grip the next drawer’s handle and pull it straight out to inspect inside. keyframes=[]
2026-09-27 12:54:52,823 | INFO | [redact] enabled task=5 registered_phrases=0 terms=['bottom drawer', 'bottom_drawer', 'middle drawer', 'middle_drawer', 'top drawer', 'top_drawer']
2026-09-27 12:54:52,867 | INFO | [t=1040] VLM prompt update from step=875: Grip the next drawer’s handle and pull it straight out to inspect inside.
2026-09-27 12:54:52,920 | INFO | [t=1040] VLA chunk prompt=Grip the next drawer’s handle and pull it straight out to inspect inside.
2026-09-27 12:54:53,308 | INFO | [t=1050] VLA chunk prompt=Grip the next drawer’s handle and pull it straight out to inspect inside.
2026-09-27 12:54:53,693 | INFO | [t=1060] VLA chunk prompt=Grip the next drawer’s handle and pull it straight out to inspect inside.
2026-09-27 12:54:54,076 | INFO | [t=1070] VLA chunk prompt=Grip the next drawer’s handle and pull it straight out to inspect inside.
2026-09-27 12:54:54,454 | INFO | [t=1080] VLA chunk prompt=Grip the next drawer’s handle and pull it straight out to inspect inside.
2026-09-27 12:54:54,837 | INFO | [t=1090] VLA chunk prompt=Grip the next drawer’s handle and pull it straight out to inspect inside.
2026-09-27 12:54:55,230 | INFO | [t=1100] VLA chunk prompt=Grip the next drawer’s handle and pull it straight out to inspect inside.
2026-09-27 12:54:55,614 | INFO | [t=1110] VLA chunk prompt=Grip the next drawer’s handle and pull it straight out to inspect inside.
2026-09-27 12:54:56,003 | INFO | [t=1120] VLA chunk prompt=Grip the next drawer’s handle and pull it straight out to inspect inside.
2026-09-27 12:54:56,389 | INFO | [t=1130] VLA chunk prompt=Grip the next drawer’s handle and pull it straight out to inspect inside.
2026-09-27 12:54:56,775 | INFO | [t=1140] VLA chunk prompt=Grip the next drawer’s handle and pull it straight out to inspect inside.
2026-09-27 12:54:57,162 | INFO | [t=1150] VLA chunk prompt=Grip the next drawer’s handle and pull it straight out to inspect inside.
2026-09-27 12:54:57,565 | INFO | [t=1160] VLA chunk prompt=Grip the next drawer’s handle and pull it straight out to inspect inside.
2026-09-27 12:54:57,967 | INFO | [t=1170] VLA chunk prompt=Grip the next drawer’s handle and pull it straight out to inspect inside.
2026-09-27 12:54:58,346 | INFO | API VLM @t=1025 task=5 subtask=Grip the next drawer’s handle and pull it open to inspect its contents. keyframes=[]
2026-09-27 12:54:58,348 | INFO | [redact] enabled task=5 registered_phrases=0 terms=['bottom drawer', 'bottom_drawer', 'middle drawer', 'middle_drawer', 'top drawer', 'top_drawer']
2026-09-27 12:54:58,368 | INFO | [t=1180] VLA chunk prompt=Grip the next drawer’s handle and pull it straight out to inspect inside.
2026-09-27 12:54:58,722 | INFO | [t=1190] VLM prompt update from step=1025: Grip the next drawer’s handle and pull it open to inspect its contents.
2026-09-27 12:54:58,773 | INFO | [t=1190] VLA chunk prompt=Grip the next drawer’s handle and pull it open to inspect its contents.
2026-09-27 12:54:59,174 | INFO | [t=1200] VLA chunk prompt=Grip the next drawer’s handle and pull it open to inspect its contents.
2026-09-27 12:54:59,578 | INFO | [t=1210] VLA chunk prompt=Grip the next drawer’s handle and pull it open to inspect its contents.
2026-09-27 12:54:59,999 | INFO | [t=1220] VLA chunk prompt=Grip the next drawer’s handle and pull it open to inspect its contents.
2026-09-27 12:55:00,400 | INFO | [t=1230] VLA chunk prompt=Grip the next drawer’s handle and pull it open to inspect its contents.
2026-09-27 12:55:00,795 | INFO | [t=1240] VLA chunk prompt=Grip the next drawer’s handle and pull it open to inspect its contents.
2026-09-27 12:55:01,182 | INFO | [t=1250] VLA chunk prompt=Grip the next drawer’s handle and pull it open to inspect its contents.
2026-09-27 12:55:01,567 | INFO | [t=1260] VLA chunk prompt=Grip the next drawer’s handle and pull it open to inspect its contents.
2026-09-27 12:55:01,961 | INFO | [t=1270] VLA chunk prompt=Grip the next drawer’s handle and pull it open to inspect its contents.
2026-09-27 12:55:02,356 | INFO | [t=1280] VLA chunk prompt=Grip the next drawer’s handle and pull it open to inspect its contents.
2026-09-27 12:55:02,756 | INFO | [t=1290] VLA chunk prompt=Grip the next drawer’s handle and pull it open to inspect its contents.
2026-09-27 12:55:02,906 | INFO | API VLM @t=1170 task=5 subtask=Pull the next drawer open to inspect its contents. keyframes=[]
2026-09-27 12:55:02,909 | INFO | [redact] enabled task=5 registered_phrases=0 terms=['bottom drawer', 'bottom_drawer', 'middle drawer', 'middle_drawer', 'top drawer', 'top_drawer']
2026-09-27 12:55:03,122 | INFO | [t=1300] VLM prompt update from step=1170: Pull the next drawer open to inspect its contents.
2026-09-27 12:55:03,175 | INFO | [t=1300] VLA chunk prompt=Pull the next drawer open to inspect its contents.
2026-09-27 12:55:03,580 | INFO | [t=1310] VLA chunk prompt=Pull the next drawer open to inspect its contents.
2026-09-27 12:55:03,983 | INFO | [t=1320] VLA chunk prompt=Pull the next drawer open to inspect its contents.
2026-09-27 12:55:04,389 | INFO | [t=1330] VLA chunk prompt=Pull the next drawer open to inspect its contents.
2026-09-27 12:55:04,786 | INFO | [t=1340] VLA chunk prompt=Pull the next drawer open to inspect its contents.
2026-09-27 12:55:05,182 | INFO | [t=1350] VLA chunk prompt=Pull the next drawer open to inspect its contents.
2026-09-27 12:55:05,589 | INFO | [t=1360] VLA chunk prompt=Pull the next drawer open to inspect its contents.
2026-09-27 12:55:05,984 | INFO | [t=1370] VLA chunk prompt=Pull the next drawer open to inspect its contents.
2026-09-27 12:55:06,376 | INFO | [t=1380] VLA chunk prompt=Pull the next drawer open to inspect its contents.
2026-09-27 12:55:06,769 | INFO | [t=1390] VLA chunk prompt=Pull the next drawer open to inspect its contents.
2026-09-27 12:55:07,163 | INFO | [t=1400] VLA chunk prompt=Pull the next drawer open to inspect its contents.
2026-09-27 12:55:07,575 | INFO | [t=1410] VLA chunk prompt=Pull the next drawer open to inspect its contents.
2026-09-27 12:55:07,985 | INFO | [t=1420] VLA chunk prompt=Pull the next drawer open to inspect its contents.
2026-09-27 12:55:08,164 | INFO | API VLM @t=1280 task=5 subtask=Pull the next drawer open to inspect its contents. keyframes=[]
2026-09-27 12:55:08,167 | INFO | [redact] enabled task=5 registered_phrases=0 terms=['bottom drawer', 'bottom_drawer', 'middle drawer', 'middle_drawer', 'top drawer', 'top_drawer']
2026-09-27 12:55:08,392 | INFO | [t=1430] VLA chunk prompt=Pull the next drawer open to inspect its contents.
2026-09-27 12:55:08,792 | INFO | [t=1440] VLA chunk prompt=Pull the next drawer open to inspect its contents.
2026-09-27 12:55:09,181 | INFO | [t=1450] VLA chunk prompt=Pull the next drawer open to inspect its contents.
2026-09-27 12:55:09,572 | INFO | [t=1460] VLA chunk prompt=Pull the next drawer open to inspect its contents.
2026-09-27 12:55:09,959 | INFO | [t=1470] VLA chunk prompt=Pull the next drawer open to inspect its contents.
2026-09-27 12:55:10,355 | INFO | [t=1480] VLA chunk prompt=Pull the next drawer open to inspect its contents.
2026-09-27 12:55:10,763 | INFO | [t=1490] VLA chunk prompt=Pull the next drawer open to inspect its contents.
2026-09-27 12:55:11,175 | INFO | [t=1500] VLA chunk prompt=Pull the next drawer open to inspect its contents.
2026-09-27 12:55:11,578 | INFO | [t=1510] VLA chunk prompt=Pull the next drawer open to inspect its contents.
2026-09-27 12:55:11,983 | INFO | [t=1520] VLA chunk prompt=Pull the next drawer open to inspect its contents.
2026-09-27 12:55:12,391 | INFO | [t=1530] VLA chunk prompt=Pull the next drawer open to inspect its contents.
2026-09-27 12:55:12,803 | INFO | [t=1540] VLA chunk prompt=Pull the next drawer open to inspect its contents.
2026-09-27 12:55:13,134 | INFO | API VLM @t=1415 task=5 subtask=Pull the next drawer open to inspect its contents. keyframes=[]
2026-09-27 12:55:13,136 | INFO | [redact] enabled task=5 registered_phrases=0 terms=['bottom drawer', 'bottom_drawer', 'middle drawer', 'middle_drawer', 'top drawer', 'top_drawer']
2026-09-27 12:55:13,205 | INFO | [t=1550] VLA chunk prompt=Pull the next drawer open to inspect its contents.
2026-09-27 12:55:13,592 | INFO | [t=1560] VLA chunk prompt=Pull the next drawer open to inspect its contents.
2026-09-27 12:55:13,974 | INFO | [t=1570] VLA chunk prompt=Pull the next drawer open to inspect its contents.
2026-09-27 12:55:14,357 | INFO | [t=1580] VLA chunk prompt=Pull the next drawer open to inspect its contents.
2026-09-27 12:55:14,747 | INFO | [t=1590] VLA chunk prompt=Pull the next drawer open to inspect its contents.
2026-09-27 12:55:15,151 | INFO | [t=1600] VLA chunk prompt=Pull the next drawer open to inspect its contents.
2026-09-27 12:55:15,551 | INFO | [t=1610] VLA chunk prompt=Pull the next drawer open to inspect its contents.
2026-09-27 12:55:15,946 | INFO | [t=1620] VLA chunk prompt=Pull the next drawer open to inspect its contents.
2026-09-27 12:55:16,341 | INFO | [t=1630] VLA chunk prompt=Pull the next drawer open to inspect its contents.
2026-09-27 12:55:16,724 | INFO | [t=1640] VLA chunk prompt=Pull the next drawer open to inspect its contents.
2026-09-27 12:55:17,107 | INFO | [t=1650] VLA chunk prompt=Pull the next drawer open to inspect its contents.
2026-09-27 12:55:17,501 | INFO | [t=1660] VLA chunk prompt=Pull the next drawer open to inspect its contents.
2026-09-27 12:55:17,901 | INFO | [t=1670] VLA chunk prompt=Pull the next drawer open to inspect its contents.
2026-09-27 12:55:18,299 | INFO | [t=1680] VLA chunk prompt=Pull the next drawer open to inspect its contents.
2026-09-27 12:55:18,689 | INFO | [t=1690] VLA chunk prompt=Pull the next drawer open to inspect its contents.
2026-09-27 12:55:18,774 | INFO | API VLM @t=1535 task=5 subtask=Pull the next drawer open to inspect its contents. keyframes=[]
2026-09-27 12:55:18,776 | INFO | [redact] enabled task=5 registered_phrases=0 terms=['bottom drawer', 'bottom_drawer', 'middle drawer', 'middle_drawer', 'top drawer', 'top_drawer']
2026-09-27 12:55:19,072 | INFO | [t=1700] VLA chunk prompt=Pull the next drawer open to inspect its contents.
2026-09-27 12:55:19,462 | INFO | [t=1710] VLA chunk prompt=Pull the next drawer open to inspect its contents.
2026-09-27 12:55:19,853 | INFO | [t=1720] VLA chunk prompt=Pull the next drawer open to inspect its contents.
2026-09-27 12:55:20,253 | INFO | [t=1730] VLA chunk prompt=Pull the next drawer open to inspect its contents.
2026-09-27 12:55:20,655 | INFO | [t=1740] VLA chunk prompt=Pull the next drawer open to inspect its contents.
2026-09-27 12:55:21,053 | INFO | [t=1750] VLA chunk prompt=Pull the next drawer open to inspect its contents.
2026-09-27 12:55:21,448 | INFO | [t=1760] VLA chunk prompt=Pull the next drawer open to inspect its contents.
2026-09-27 12:55:21,844 | INFO | [t=1770] VLA chunk prompt=Pull the next drawer open to inspect its contents.
2026-09-27 12:55:22,252 | INFO | [t=1780] VLA chunk prompt=Pull the next drawer open to inspect its contents.
2026-09-27 12:55:22,661 | INFO | [t=1790] VLA chunk prompt=Pull the next drawer open to inspect its contents.
2026-09-27 12:55:23,082 | INFO | [t=1800] VLA chunk prompt=Pull the next drawer open to inspect its contents.
2026-09-27 12:55:23,487 | INFO | [t=1810] VLA chunk prompt=Pull the next drawer open to inspect its contents.
2026-09-27 12:55:23,876 | INFO | [t=1820] VLA chunk prompt=Pull the next drawer open to inspect its contents.
2026-09-27 12:55:24,102 | INFO | API VLM @t=1680 task=5 subtask=Pull the next drawer open and inspect its contents. keyframes=[]
2026-09-27 12:55:24,105 | INFO | [redact] enabled task=5 registered_phrases=0 terms=['bottom drawer', 'bottom_drawer', 'middle drawer', 'middle_drawer', 'top drawer', 'top_drawer']
2026-09-27 12:55:24,204 | INFO | [t=1830] VLM prompt update from step=1680: Pull the next drawer open and inspect its contents.
2026-09-27 12:55:24,257 | INFO | [t=1830] VLA chunk prompt=Pull the next drawer open and inspect its contents.
2026-09-27 12:55:24,628 | INFO | [t=1840] VLA chunk prompt=Pull the next drawer open and inspect its contents.
2026-09-27 12:55:24,998 | INFO | [t=1850] VLA chunk prompt=Pull the next drawer open and inspect its contents.
2026-09-27 12:55:25,363 | INFO | [t=1860] VLA chunk prompt=Pull the next drawer open and inspect its contents.
2026-09-27 12:55:25,733 | INFO | [t=1870] VLA chunk prompt=Pull the next drawer open and inspect its contents.
2026-09-27 12:55:26,110 | INFO | [t=1880] VLA chunk prompt=Pull the next drawer open and inspect its contents.
2026-09-27 12:55:26,479 | INFO | [t=1890] VLA chunk prompt=Pull the next drawer open and inspect its contents.
2026-09-27 12:55:26,847 | INFO | [t=1900] VLA chunk prompt=Pull the next drawer open and inspect its contents.
2026-09-27 12:55:27,217 | INFO | [t=1910] VLA chunk prompt=Pull the next drawer open and inspect its contents.
2026-09-27 12:55:27,588 | INFO | [t=1920] VLA chunk prompt=Pull the next drawer open and inspect its contents.
2026-09-27 12:55:27,960 | INFO | [t=1930] VLA chunk prompt=Pull the next drawer open and inspect its contents.
2026-09-27 12:55:28,343 | INFO | [t=1940] VLA chunk prompt=Pull the next drawer open and inspect its contents.
2026-09-27 12:55:28,732 | INFO | [t=1950] VLA chunk prompt=Pull the next drawer open and inspect its contents.
2026-09-27 12:55:29,108 | INFO | [t=1960] VLA chunk prompt=Pull the next drawer open and inspect its contents.
2026-09-27 12:55:29,475 | INFO | [t=1970] VLA chunk prompt=Pull the next drawer open and inspect its contents.
2026-09-27 12:55:29,842 | INFO | [t=1980] VLA chunk prompt=Pull the next drawer open and inspect its contents.
2026-09-27 12:55:30,029 | INFO | API VLM @t=1815 task=5 subtask=Open the next drawer in order to inspect its contents. keyframes=[]
2026-09-27 12:55:30,031 | INFO | [redact] enabled task=5 registered_phrases=0 terms=['bottom drawer', 'bottom_drawer', 'middle drawer', 'middle_drawer', 'top drawer', 'top_drawer']
2026-09-27 12:55:30,164 | INFO | [t=1990] VLM prompt update from step=1815: Open the next drawer in order to inspect its contents.
2026-09-27 12:55:30,215 | INFO | [t=1990] VLA chunk prompt=Open the next drawer in order to inspect its contents.
2026-09-27 12:55:30,587 | INFO | [t=2000] VLA chunk prompt=Open the next drawer in order to inspect its contents.
2026-09-27 12:55:30,968 | INFO | [t=2010] VLA chunk prompt=Open the next drawer in order to inspect its contents.
2026-09-27 12:55:31,355 | INFO | [t=2020] VLA chunk prompt=Open the next drawer in order to inspect its contents.
2026-09-27 12:55:31,742 | INFO | [t=2030] VLA chunk prompt=Open the next drawer in order to inspect its contents.
2026-09-27 12:55:32,131 | INFO | [t=2040] VLA chunk prompt=Open the next drawer in order to inspect its contents.
2026-09-27 12:55:32,518 | INFO | [t=2050] VLA chunk prompt=Open the next drawer in order to inspect its contents.
2026-09-27 12:55:32,901 | INFO | [t=2060] VLA chunk prompt=Open the next drawer in order to inspect its contents.
2026-09-27 12:55:33,276 | INFO | [t=2070] VLA chunk prompt=Open the next drawer in order to inspect its contents.
2026-09-27 12:55:33,659 | INFO | [t=2080] VLA chunk prompt=Open the next drawer in order to inspect its contents.
2026-09-27 12:55:34,038 | INFO | API VLM @t=1975 task=5 subtask=Pull the next drawer open to inspect its contents. keyframes=[]
2026-09-27 12:55:34,040 | INFO | [redact] enabled task=5 registered_phrases=0 terms=['bottom drawer', 'bottom_drawer', 'middle drawer', 'middle_drawer', 'top drawer', 'top_drawer']
2026-09-27 12:55:34,042 | INFO | [t=2090] VLA chunk prompt=Open the next drawer in order to inspect its contents.
2026-09-27 12:55:34,373 | INFO | [t=2100] VLM prompt update from step=1975: Pull the next drawer open to inspect its contents.
2026-09-27 12:55:34,427 | INFO | [t=2100] VLA chunk prompt=Pull the next drawer open to inspect its contents.
2026-09-27 12:55:34,796 | INFO | [t=2110] VLA chunk prompt=Pull the next drawer open to inspect its contents.
2026-09-27 12:55:35,163 | INFO | [t=2120] VLA chunk prompt=Pull the next drawer open to inspect its contents.
2026-09-27 12:55:35,531 | INFO | [t=2130] VLA chunk prompt=Pull the next drawer open to inspect its contents.
2026-09-27 12:55:35,905 | INFO | [t=2140] VLA chunk prompt=Pull the next drawer open to inspect its contents.
2026-09-27 12:55:36,282 | INFO | [t=2150] VLA chunk prompt=Pull the next drawer open to inspect its contents.
2026-09-27 12:55:36,654 | INFO | [t=2160] VLA chunk prompt=Pull the next drawer open to inspect its contents.
2026-09-27 12:55:37,029 | INFO | [t=2170] VLA chunk prompt=Pull the next drawer open to inspect its contents.
2026-09-27 12:55:37,412 | INFO | [t=2180] VLA chunk prompt=Pull the next drawer open to inspect its contents.
2026-09-27 12:55:37,797 | INFO | [t=2190] VLA chunk prompt=Pull the next drawer open to inspect its contents.
2026-09-27 12:55:38,184 | INFO | [t=2200] VLA chunk prompt=Pull the next drawer open to inspect its contents.
2026-09-27 12:55:38,503 | INFO | API VLM @t=2080 task=5 subtask=Pull the next drawer open to inspect its contents. keyframes=[]
2026-09-27 12:55:38,506 | INFO | [redact] enabled task=5 registered_phrases=0 terms=['bottom drawer', 'bottom_drawer', 'middle drawer', 'middle_drawer', 'top drawer', 'top_drawer']
2026-09-27 12:55:38,582 | INFO | [t=2210] VLA chunk prompt=Pull the next drawer open to inspect its contents.
2026-09-27 12:55:38,987 | INFO | [t=2220] VLA chunk prompt=Pull the next drawer open to inspect its contents.
2026-09-27 12:55:39,387 | INFO | [t=2230] VLA chunk prompt=Pull the next drawer open to inspect its contents.
2026-09-27 12:55:39,785 | INFO | [t=2240] VLA chunk prompt=Pull the next drawer open to inspect its contents.
2026-09-27 12:55:40,172 | INFO | [t=2250] VLA chunk prompt=Pull the next drawer open to inspect its contents.
2026-09-27 12:55:40,566 | INFO | [t=2260] VLA chunk prompt=Pull the next drawer open to inspect its contents.
2026-09-27 12:55:40,963 | INFO | [t=2270] VLA chunk prompt=Pull the next drawer open to inspect its contents.
2026-09-27 12:55:41,369 | INFO | [t=2280] VLA chunk prompt=Pull the next drawer open to inspect its contents.
2026-09-27 12:55:41,767 | INFO | [t=2290] VLA chunk prompt=Pull the next drawer open to inspect its contents.
2026-09-27 12:55:42,162 | INFO | [t=2300] VLA chunk prompt=Pull the next drawer open to inspect its contents.
2026-09-27 12:55:42,555 | INFO | [t=2310] VLA chunk prompt=Pull the next drawer open to inspect its contents.
2026-09-27 12:55:42,961 | INFO | [t=2320] VLA chunk prompt=Pull the next drawer open to inspect its contents.
2026-09-27 12:55:43,357 | INFO | [t=2330] VLA chunk prompt=Pull the next drawer open to inspect its contents.
2026-09-27 12:55:43,761 | INFO | [t=2340] VLA chunk prompt=Pull the next drawer open to inspect its contents.
2026-09-27 12:55:44,163 | INFO | [t=2350] VLA chunk prompt=Pull the next drawer open to inspect its contents.
2026-09-27 12:55:44,562 | INFO | [t=2360] VLA chunk prompt=Pull the next drawer open to inspect its contents.
2026-09-27 12:55:44,879 | INFO | API VLM @t=2195 task=5 subtask=Open the next drawer in order. keyframes=[]
2026-09-27 12:55:44,882 | INFO | [redact] enabled task=5 registered_phrases=0 terms=['bottom drawer', 'bottom_drawer', 'middle drawer', 'middle_drawer', 'top drawer', 'top_drawer']
2026-09-27 12:55:44,908 | INFO | [t=2370] VLM prompt update from step=2195: Open the next drawer in order.
2026-09-27 12:55:44,961 | INFO | [t=2370] VLA chunk prompt=Open the next drawer in order.
2026-09-27 12:55:45,359 | INFO | [t=2380] VLA chunk prompt=Open the next drawer in order.
2026-09-27 12:55:45,763 | INFO | [t=2390] VLA chunk prompt=Open the next drawer in order.
2026-09-27 12:55:46,165 | INFO | [t=2400] VLA chunk prompt=Open the next drawer in order.
2026-09-27 12:55:46,564 | INFO | [t=2410] VLA chunk prompt=Open the next drawer in order.
2026-09-27 12:55:46,969 | INFO | [t=2420] VLA chunk prompt=Open the next drawer in order.
2026-09-27 12:55:47,380 | INFO | [t=2430] VLA chunk prompt=Open the next drawer in order.
2026-09-27 12:55:47,783 | INFO | [t=2440] VLA chunk prompt=Open the next drawer in order.
2026-09-27 12:55:48,177 | INFO | [t=2450] VLA chunk prompt=Open the next drawer in order.
2026-09-27 12:55:48,570 | INFO | [t=2460] VLA chunk prompt=Open the next drawer in order.
2026-09-27 12:55:48,962 | INFO | [t=2470] VLA chunk prompt=Open the next drawer in order.
2026-09-27 12:55:49,363 | INFO | [t=2480] VLA chunk prompt=Open the next drawer in order.
2026-09-27 12:55:49,768 | INFO | [t=2490] VLA chunk prompt=Open the next drawer in order.
2026-09-27 12:55:50,173 | INFO | [t=2500] VLA chunk prompt=Open the next drawer in order.
2026-09-27 12:55:50,986 | INFO | API VLM @t=2355 task=5 subtask=Open the next drawer in order and inspect its contents. keyframes=[]
2026-09-27 12:55:51,025 | INFO | attempt=0 stage_score=0.0 stage_success=False failure_reason=incomplete_stage
2026-09-27 12:55:51,025 | INFO | Episode 8 seed=108 stage_score=0.0 stage_success=0 goal=0.000 failure_reason=incomplete_stage | 01_Open_Top_Drawer=N | 02_Close_Top_Drawer=N | 03_Open_Middle_Drawer=N | 04_Close_Middle_Drawer=N | 05_Open_Bottom_Drawer=N | 06_Close_Bottom_Drawer=N | 07_Open_Middle_Drawer_Again=N | 08_Put_Butter_Middle_Drawer=N | 09_Close_Middle_Drawer_Final=N
