2026-09-18 14:17:22,181 | INFO | task_id=5 bddl=/project/peilab/why/RoboMemArena/bddl/5_butter_middle_drawer.bddl vlm_ckpt=/project/peilab/why/RoboMemArena/checkpoints/PrediMem/vlm_tasks1to26_ckpt74500
2026-09-18 14:17:23,946 | INFO | async VLM enabled: single-slot subtask buffer
2026-09-18 14:17:36,873 | INFO | [t=10] VLA chunk prompt=Open all drawers in order, remember the empty drawer, then put butter into that empty drawer.
2026-09-18 14:17:37,296 | INFO | [t=20] VLA chunk prompt=Open all drawers in order, remember the empty drawer, then put butter into that empty drawer.
2026-09-18 14:17:37,681 | INFO | [t=30] VLA chunk prompt=Open all drawers in order, remember the empty drawer, then put butter into that empty drawer.
2026-09-18 14:17:38,047 | INFO | [t=40] VLA chunk prompt=Open all drawers in order, remember the empty drawer, then put butter into that empty drawer.
2026-09-18 14:17:38,404 | INFO | [t=50] VLA chunk prompt=Open all drawers in order, remember the empty drawer, then put butter into that empty drawer.
2026-09-18 14:17:38,759 | INFO | [t=60] VLA chunk prompt=Open all drawers in order, remember the empty drawer, then put butter into that empty drawer.
2026-09-18 14:17:39,122 | INFO | [t=70] VLA chunk prompt=Open all drawers in order, remember the empty drawer, then put butter into that empty drawer.
2026-09-18 14:17:39,442 | INFO | [t=80] harness subtask override: open top drawer
2026-09-18 14:17:39,442 | INFO | [t=80] VLM prompt update from step=-1: open top drawer
2026-09-18 14:17:39,443 | INFO | [t=80] harness forced VLM replan after stall (pmh visual retrieve armed)
2026-09-18 14:17:39,493 | INFO | [t=80] VLA chunk prompt=open top drawer
2026-09-18 14:17:39,870 | INFO | [t=90] VLA chunk prompt=open top drawer
2026-09-18 14:17:40,260 | INFO | [t=100] VLA chunk prompt=open top drawer
2026-09-18 14:17:40,647 | INFO | [t=110] VLA chunk prompt=open top drawer
2026-09-18 14:17:41,039 | INFO | [t=120] VLA chunk prompt=open top drawer
2026-09-18 14:17:41,427 | INFO | [t=130] VLA chunk prompt=open top drawer
2026-09-18 14:17:41,814 | INFO | [t=140] VLA chunk prompt=open top drawer
2026-09-18 14:17:42,200 | INFO | [t=150] VLA chunk prompt=open top drawer
2026-09-18 14:17:42,585 | INFO | [t=160] VLA chunk prompt=open top drawer
2026-09-18 14:17:42,976 | INFO | [t=170] VLA chunk prompt=open top drawer
2026-09-18 14:17:43,372 | INFO | [t=180] VLA chunk prompt=open top drawer
2026-09-18 14:17:43,765 | INFO | [t=190] VLA chunk prompt=open top drawer
2026-09-18 14:17:44,166 | INFO | [t=200] VLA chunk prompt=open top drawer
2026-09-18 14:17:44,569 | INFO | [t=210] VLA chunk prompt=open top drawer
2026-09-18 14:17:44,971 | INFO | [t=220] VLA chunk prompt=open top drawer
2026-09-18 14:17:45,366 | INFO | [t=230] VLA chunk prompt=open top drawer
2026-09-18 14:17:45,765 | INFO | [t=240] VLA chunk prompt=open top drawer
2026-09-18 14:17:46,163 | INFO | [t=250] VLA chunk prompt=open top drawer
2026-09-18 14:17:46,561 | INFO | [t=260] VLA chunk prompt=open top drawer
2026-09-18 14:17:46,953 | INFO | [t=270] VLA chunk prompt=open top drawer
2026-09-18 14:17:47,338 | INFO | [t=280] VLA chunk prompt=open top drawer
2026-09-18 14:17:47,724 | INFO | [t=290] VLA chunk prompt=open top drawer
2026-09-18 14:17:48,111 | INFO | [t=300] VLA chunk prompt=open top drawer
2026-09-18 14:17:48,493 | INFO | [t=310] VLA chunk prompt=open top drawer
2026-09-18 14:17:48,873 | INFO | [t=320] VLA chunk prompt=open top drawer
2026-09-18 14:17:49,252 | INFO | [t=330] VLA chunk prompt=open top drawer
2026-09-18 14:17:49,628 | INFO | [t=340] VLA chunk prompt=open top drawer
2026-09-18 14:17:50,004 | INFO | [t=350] VLA chunk prompt=open top drawer
2026-09-18 14:17:50,386 | INFO | [t=360] VLA chunk prompt=open top drawer
2026-09-18 14:17:50,762 | INFO | [t=370] VLA chunk prompt=open top drawer
2026-09-18 14:17:51,137 | INFO | [t=380] VLA chunk prompt=open top drawer
2026-09-18 14:17:51,513 | INFO | [t=390] VLA chunk prompt=open top drawer
2026-09-18 14:17:51,891 | INFO | [t=400] VLA chunk prompt=open top drawer
2026-09-18 14:17:52,263 | INFO | [t=410] VLA chunk prompt=open top drawer
2026-09-18 14:17:52,641 | INFO | [t=420] VLA chunk prompt=open top drawer
2026-09-18 14:17:53,021 | INFO | [t=430] VLA chunk prompt=open top drawer
2026-09-18 14:17:53,403 | INFO | [t=440] VLA chunk prompt=open top drawer
2026-09-18 14:17:53,785 | INFO | [t=450] VLA chunk prompt=open top drawer
2026-09-18 14:17:54,174 | INFO | [t=460] VLA chunk prompt=open top drawer
2026-09-18 14:17:54,567 | INFO | [t=470] VLA chunk prompt=open top drawer
2026-09-18 14:17:54,951 | INFO | [t=480] VLA chunk prompt=open top drawer
2026-09-18 14:17:55,334 | INFO | [t=490] VLA chunk prompt=open top drawer
2026-09-18 14:17:55,709 | INFO | [t=500] VLA chunk prompt=open top drawer
2026-09-18 14:17:56,080 | INFO | [t=510] VLA chunk prompt=open top drawer
2026-09-18 14:17:56,447 | INFO | [t=520] VLA chunk prompt=open top drawer
2026-09-18 14:17:56,814 | INFO | [t=530] VLA chunk prompt=open top drawer
2026-09-18 14:17:57,185 | INFO | [t=540] VLA chunk prompt=open top drawer
2026-09-18 14:17:57,558 | INFO | [t=550] VLA chunk prompt=open top drawer
2026-09-18 14:17:57,921 | INFO | [t=560] VLA chunk prompt=open top drawer
2026-09-18 14:17:58,285 | INFO | [t=570] VLA chunk prompt=open top drawer
2026-09-18 14:17:58,651 | INFO | [t=580] VLA chunk prompt=open top drawer
2026-09-18 14:17:59,022 | INFO | [t=590] VLA chunk prompt=open top drawer
2026-09-18 14:17:59,400 | INFO | [t=600] VLA chunk prompt=open top drawer
2026-09-18 14:17:59,778 | INFO | [t=610] VLA chunk prompt=open top drawer
2026-09-18 14:18:00,163 | INFO | [t=620] VLA chunk prompt=open top drawer
2026-09-18 14:18:00,548 | INFO | [t=630] VLA chunk prompt=open top drawer
2026-09-18 14:18:00,932 | INFO | [t=640] VLA chunk prompt=open top drawer
2026-09-18 14:18:01,311 | INFO | [t=650] VLA chunk prompt=open top drawer
2026-09-18 14:18:01,686 | INFO | [t=660] VLA chunk prompt=open top drawer
2026-09-18 14:18:02,060 | INFO | [t=670] VLA chunk prompt=open top drawer
2026-09-18 14:18:02,435 | INFO | [t=680] VLA chunk prompt=open top drawer
2026-09-18 14:18:02,807 | INFO | [t=690] VLA chunk prompt=open top drawer
2026-09-18 14:18:03,181 | INFO | [t=700] VLA chunk prompt=open top drawer
2026-09-18 14:18:03,215 | INFO | API VLM @t=0 task=5 subtask=open top drawer keyframes=[]
2026-09-18 14:18:03,566 | INFO | [t=710] VLA chunk prompt=open top drawer
2026-09-18 14:18:03,940 | INFO | [t=720] VLA chunk prompt=open top drawer
2026-09-18 14:18:04,323 | INFO | [t=730] VLA chunk prompt=open top drawer
2026-09-18 14:18:04,700 | INFO | [t=740] VLA chunk prompt=open top drawer
2026-09-18 14:18:05,083 | INFO | [t=750] VLA chunk prompt=open top drawer
2026-09-18 14:18:05,462 | INFO | [t=760] VLA chunk prompt=open top drawer
2026-09-18 14:18:05,838 | INFO | [t=770] VLA chunk prompt=open top drawer
2026-09-18 14:18:06,221 | INFO | [t=780] VLA chunk prompt=open top drawer
2026-09-18 14:18:06,604 | INFO | [t=790] VLA chunk prompt=open top drawer
2026-09-18 14:18:06,979 | INFO | [t=800] VLA chunk prompt=open top drawer
2026-09-18 14:18:07,358 | INFO | [t=810] VLA chunk prompt=open top drawer
2026-09-18 14:18:07,734 | INFO | [t=820] VLA chunk prompt=open top drawer
2026-09-18 14:18:08,112 | INFO | [t=830] VLA chunk prompt=open top drawer
2026-09-18 14:18:08,487 | INFO | [t=840] VLA chunk prompt=open top drawer
2026-09-18 14:18:08,867 | INFO | [t=850] VLA chunk prompt=open top drawer
2026-09-18 14:18:09,245 | INFO | [t=860] VLA chunk prompt=open top drawer
2026-09-18 14:18:09,621 | INFO | [t=870] VLA chunk prompt=open top drawer
2026-09-18 14:18:09,999 | INFO | [t=880] VLA chunk prompt=open top drawer
2026-09-18 14:18:10,380 | INFO | [t=890] VLA chunk prompt=open top drawer
2026-09-18 14:18:10,749 | INFO | [t=900] VLA chunk prompt=open top drawer
2026-09-18 14:18:11,131 | INFO | [t=910] VLA chunk prompt=open top drawer
2026-09-18 14:18:11,511 | INFO | [t=920] VLA chunk prompt=open top drawer
2026-09-18 14:18:11,889 | INFO | [t=930] VLA chunk prompt=open top drawer
2026-09-18 14:18:12,264 | INFO | [t=940] VLA chunk prompt=open top drawer
2026-09-18 14:18:12,645 | INFO | [t=950] VLA chunk prompt=open top drawer
2026-09-18 14:18:13,030 | INFO | [t=960] VLA chunk prompt=open top drawer
2026-09-18 14:18:13,409 | INFO | [t=970] VLA chunk prompt=open top drawer
2026-09-18 14:18:13,778 | INFO | [t=980] VLA chunk prompt=open top drawer
2026-09-18 14:18:14,149 | INFO | [t=990] VLA chunk prompt=open top drawer
2026-09-18 14:18:14,523 | INFO | [t=1000] VLA chunk prompt=open top drawer
2026-09-18 14:18:14,895 | INFO | [t=1010] VLA chunk prompt=open top drawer
2026-09-18 14:18:15,262 | INFO | [t=1020] VLA chunk prompt=open top drawer
2026-09-18 14:18:15,634 | INFO | [t=1030] VLA chunk prompt=open top drawer
2026-09-18 14:18:16,007 | INFO | [t=1040] VLA chunk prompt=open top drawer
2026-09-18 14:18:16,376 | INFO | [t=1050] VLA chunk prompt=open top drawer
2026-09-18 14:18:16,747 | INFO | [t=1060] VLA chunk prompt=open top drawer
2026-09-18 14:18:17,117 | INFO | [t=1070] VLA chunk prompt=open top drawer
2026-09-18 14:18:17,487 | INFO | [t=1080] VLA chunk prompt=open top drawer
2026-09-18 14:18:17,856 | INFO | [t=1090] VLA chunk prompt=open top drawer
2026-09-18 14:18:18,234 | INFO | [t=1100] VLA chunk prompt=open top drawer
2026-09-18 14:18:18,611 | INFO | [t=1110] VLA chunk prompt=open top drawer
2026-09-18 14:18:18,976 | INFO | [t=1120] VLA chunk prompt=open top drawer
2026-09-18 14:18:19,341 | INFO | [t=1130] VLA chunk prompt=open top drawer
2026-09-18 14:18:19,702 | INFO | [t=1140] VLA chunk prompt=open top drawer
2026-09-18 14:18:20,060 | INFO | [t=1150] VLA chunk prompt=open top drawer
2026-09-18 14:18:20,416 | INFO | [t=1160] VLA chunk prompt=open top drawer
2026-09-18 14:18:20,773 | INFO | [t=1170] VLA chunk prompt=open top drawer
2026-09-18 14:18:21,129 | INFO | [t=1180] VLA chunk prompt=open top drawer
2026-09-18 14:18:21,489 | INFO | [t=1190] VLA chunk prompt=open top drawer
2026-09-18 14:18:21,859 | INFO | [t=1200] VLA chunk prompt=open top drawer
2026-09-18 14:18:22,232 | INFO | [t=1210] VLA chunk prompt=open top drawer
2026-09-18 14:18:22,606 | INFO | [t=1220] VLA chunk prompt=open top drawer
2026-09-18 14:18:22,972 | INFO | [t=1230] VLA chunk prompt=open top drawer
2026-09-18 14:18:23,338 | INFO | [t=1240] VLA chunk prompt=open top drawer
2026-09-18 14:18:23,702 | INFO | [t=1250] VLA chunk prompt=open top drawer
2026-09-18 14:18:24,061 | INFO | [t=1260] VLA chunk prompt=open top drawer
2026-09-18 14:18:24,421 | INFO | [t=1270] VLA chunk prompt=open top drawer
2026-09-18 14:18:24,785 | INFO | [t=1280] VLA chunk prompt=open top drawer
2026-09-18 14:18:25,145 | INFO | [t=1290] VLA chunk prompt=open top drawer
2026-09-18 14:18:25,504 | INFO | [t=1300] VLA chunk prompt=open top drawer
2026-09-18 14:18:25,866 | INFO | [t=1310] VLA chunk prompt=open top drawer
2026-09-18 14:18:26,231 | INFO | [t=1320] VLA chunk prompt=open top drawer
2026-09-18 14:18:26,600 | INFO | [t=1330] VLA chunk prompt=open top drawer
2026-09-18 14:18:26,970 | INFO | [t=1340] VLA chunk prompt=open top drawer
2026-09-18 14:18:27,343 | INFO | [t=1350] VLA chunk prompt=open top drawer
2026-09-18 14:18:27,720 | INFO | [t=1360] VLA chunk prompt=open top drawer
2026-09-18 14:18:28,095 | INFO | [t=1370] VLA chunk prompt=open top drawer
2026-09-18 14:18:28,469 | INFO | [t=1380] VLA chunk prompt=open top drawer
2026-09-18 14:18:28,844 | INFO | [t=1390] VLA chunk prompt=open top drawer
2026-09-18 14:18:29,210 | INFO | [t=1400] VLA chunk prompt=open top drawer
2026-09-18 14:18:29,571 | INFO | [t=1410] VLA chunk prompt=open top drawer
2026-09-18 14:18:29,932 | INFO | [t=1420] VLA chunk prompt=open top drawer
2026-09-18 14:18:30,292 | INFO | [t=1430] VLA chunk prompt=open top drawer
2026-09-18 14:18:30,651 | INFO | [t=1440] VLA chunk prompt=open top drawer
2026-09-18 14:18:31,012 | INFO | [t=1450] VLA chunk prompt=open top drawer
2026-09-18 14:18:31,375 | INFO | [t=1460] VLA chunk prompt=open top drawer
2026-09-18 14:18:31,740 | INFO | [t=1470] VLA chunk prompt=open top drawer
2026-09-18 14:18:32,107 | INFO | [t=1480] VLA chunk prompt=open top drawer
2026-09-18 14:18:32,470 | INFO | [t=1490] VLA chunk prompt=open top drawer
2026-09-18 14:18:32,826 | INFO | [t=1500] VLA chunk prompt=open top drawer
2026-09-18 14:18:33,183 | INFO | [t=1510] VLA chunk prompt=open top drawer
2026-09-18 14:18:33,539 | INFO | [t=1520] VLA chunk prompt=open top drawer
2026-09-18 14:18:33,896 | INFO | [t=1530] VLA chunk prompt=open top drawer
2026-09-18 14:18:34,253 | INFO | [t=1540] VLA chunk prompt=open top drawer
2026-09-18 14:18:34,617 | INFO | [t=1550] VLA chunk prompt=open top drawer
2026-09-18 14:18:34,982 | INFO | [t=1560] VLA chunk prompt=open top drawer
2026-09-18 14:18:35,351 | INFO | [t=1570] VLA chunk prompt=open top drawer
2026-09-18 14:18:35,725 | INFO | [t=1580] VLA chunk prompt=open top drawer
2026-09-18 14:18:36,102 | INFO | [t=1590] VLA chunk prompt=open top drawer
2026-09-18 14:18:36,477 | INFO | [t=1600] VLA chunk prompt=open top drawer
2026-09-18 14:18:36,846 | INFO | [t=1610] VLA chunk prompt=open top drawer
2026-09-18 14:18:37,209 | INFO | [t=1620] VLA chunk prompt=open top drawer
2026-09-18 14:18:37,565 | INFO | [t=1630] VLA chunk prompt=open top drawer
2026-09-18 14:18:37,923 | INFO | [t=1640] VLA chunk prompt=open top drawer
2026-09-18 14:18:38,280 | INFO | [t=1650] VLA chunk prompt=open top drawer
2026-09-18 14:18:38,656 | INFO | [t=1660] VLA chunk prompt=open top drawer
2026-09-18 14:18:39,009 | INFO | [t=1670] VLA chunk prompt=open top drawer
2026-09-18 14:18:39,365 | INFO | [t=1680] VLA chunk prompt=open top drawer
2026-09-18 14:18:39,730 | INFO | [t=1690] VLA chunk prompt=open top drawer
2026-09-18 14:18:40,100 | INFO | [t=1700] VLA chunk prompt=open top drawer
2026-09-18 14:18:40,469 | INFO | [t=1710] VLA chunk prompt=open top drawer
2026-09-18 14:18:40,836 | INFO | [t=1720] VLA chunk prompt=open top drawer
2026-09-18 14:18:41,203 | INFO | [t=1730] VLA chunk prompt=open top drawer
2026-09-18 14:18:41,572 | INFO | [t=1740] VLA chunk prompt=open top drawer
2026-09-18 14:18:41,936 | INFO | [t=1750] VLA chunk prompt=open top drawer
2026-09-18 14:18:42,300 | INFO | [t=1760] VLA chunk prompt=open top drawer
2026-09-18 14:18:42,661 | INFO | [t=1770] VLA chunk prompt=open top drawer
2026-09-18 14:18:43,027 | INFO | [t=1780] VLA chunk prompt=open top drawer
2026-09-18 14:18:43,389 | INFO | [t=1790] VLA chunk prompt=open top drawer
2026-09-18 14:18:43,757 | INFO | [t=1800] VLA chunk prompt=open top drawer
2026-09-18 14:18:44,128 | INFO | [t=1810] VLA chunk prompt=open top drawer
2026-09-18 14:18:44,499 | INFO | [t=1820] VLA chunk prompt=open top drawer
2026-09-18 14:18:44,875 | INFO | [t=1830] VLA chunk prompt=open top drawer
2026-09-18 14:18:45,247 | INFO | [t=1840] VLA chunk prompt=open top drawer
2026-09-18 14:18:45,615 | INFO | [t=1850] VLA chunk prompt=open top drawer
2026-09-18 14:18:45,987 | INFO | [t=1860] VLA chunk prompt=open top drawer
2026-09-18 14:18:46,356 | INFO | [t=1870] VLA chunk prompt=open top drawer
2026-09-18 14:18:46,731 | INFO | [t=1880] VLA chunk prompt=open top drawer
2026-09-18 14:18:47,105 | INFO | [t=1890] VLA chunk prompt=open top drawer
2026-09-18 14:18:47,477 | INFO | [t=1900] VLA chunk prompt=open top drawer
2026-09-18 14:18:47,841 | INFO | [t=1910] VLA chunk prompt=open top drawer
2026-09-18 14:18:48,204 | INFO | [t=1920] VLA chunk prompt=open top drawer
2026-09-18 14:18:48,562 | INFO | [t=1930] VLA chunk prompt=open top drawer
2026-09-18 14:18:48,921 | INFO | [t=1940] VLA chunk prompt=open top drawer
2026-09-18 14:18:49,278 | INFO | [t=1950] VLA chunk prompt=open top drawer
2026-09-18 14:18:49,636 | INFO | [t=1960] VLA chunk prompt=open top drawer
2026-09-18 14:18:49,994 | INFO | [t=1970] VLA chunk prompt=open top drawer
2026-09-18 14:18:50,351 | INFO | [t=1980] VLA chunk prompt=open top drawer
2026-09-18 14:18:50,709 | INFO | [t=1990] VLA chunk prompt=open top drawer
2026-09-18 14:18:51,067 | INFO | [t=2000] VLA chunk prompt=open top drawer
2026-09-18 14:18:51,425 | INFO | [t=2010] VLA chunk prompt=open top drawer
2026-09-18 14:18:51,787 | INFO | [t=2020] VLA chunk prompt=open top drawer
2026-09-18 14:18:52,154 | INFO | [t=2030] VLA chunk prompt=open top drawer
2026-09-18 14:18:52,522 | INFO | [t=2040] VLA chunk prompt=open top drawer
2026-09-18 14:18:52,894 | INFO | [t=2050] VLA chunk prompt=open top drawer
2026-09-18 14:18:53,270 | INFO | [t=2060] VLA chunk prompt=open top drawer
2026-09-18 14:18:53,645 | INFO | [t=2070] VLA chunk prompt=open top drawer
2026-09-18 14:18:54,013 | INFO | [t=2080] VLA chunk prompt=open top drawer
2026-09-18 14:18:54,378 | INFO | [t=2090] VLA chunk prompt=open top drawer
2026-09-18 14:18:54,739 | INFO | [t=2100] VLA chunk prompt=open top drawer
2026-09-18 14:18:55,101 | INFO | [t=2110] VLA chunk prompt=open top drawer
2026-09-18 14:18:55,464 | INFO | [t=2120] VLA chunk prompt=open top drawer
2026-09-18 14:18:55,689 | INFO | API VLM @t=690 task=5 subtask=open the top drawer keyframes=[]
2026-09-18 14:18:55,773 | INFO | [t=2130] VLM prompt update from step=690: open the top drawer
2026-09-18 14:18:55,824 | INFO | [t=2130] VLA chunk prompt=open the top drawer
2026-09-18 14:18:56,182 | INFO | [t=2140] VLA chunk prompt=open the top drawer
2026-09-18 14:18:56,538 | INFO | [t=2150] VLA chunk prompt=open the top drawer
2026-09-18 14:18:56,898 | INFO | [t=2160] VLA chunk prompt=open the top drawer
2026-09-18 14:18:57,257 | INFO | [t=2170] VLA chunk prompt=open the top drawer
2026-09-18 14:18:57,623 | INFO | [t=2180] VLA chunk prompt=open the top drawer
2026-09-18 14:18:57,996 | INFO | [t=2190] VLA chunk prompt=open the top drawer
2026-09-18 14:18:58,371 | INFO | [t=2200] VLA chunk prompt=open the top drawer
2026-09-18 14:18:58,743 | INFO | [t=2210] VLA chunk prompt=open the top drawer
2026-09-18 14:18:59,123 | INFO | [t=2220] VLA chunk prompt=open the top drawer
2026-09-18 14:18:59,500 | INFO | [t=2230] VLA chunk prompt=open the top drawer
2026-09-18 14:18:59,874 | INFO | [t=2240] VLA chunk prompt=open the top drawer
2026-09-18 14:19:00,245 | INFO | [t=2250] VLA chunk prompt=open the top drawer
2026-09-18 14:19:00,608 | INFO | [t=2260] VLA chunk prompt=open the top drawer
2026-09-18 14:19:00,967 | INFO | [t=2270] VLA chunk prompt=open the top drawer
2026-09-18 14:19:01,336 | INFO | [t=2280] VLA chunk prompt=open the top drawer
2026-09-18 14:19:01,695 | INFO | [t=2290] VLA chunk prompt=open the top drawer
2026-09-18 14:19:02,055 | INFO | [t=2300] VLA chunk prompt=open the top drawer
2026-09-18 14:19:02,415 | INFO | [t=2310] VLA chunk prompt=open the top drawer
2026-09-18 14:19:02,782 | INFO | [t=2320] VLA chunk prompt=open the top drawer
2026-09-18 14:19:03,157 | INFO | [t=2330] VLA chunk prompt=open the top drawer
2026-09-18 14:19:03,527 | INFO | [t=2340] VLA chunk prompt=open the top drawer
2026-09-18 14:19:03,902 | INFO | [t=2350] VLA chunk prompt=open the top drawer
2026-09-18 14:19:04,274 | INFO | [t=2360] VLA chunk prompt=open the top drawer
2026-09-18 14:19:04,643 | INFO | [t=2370] VLA chunk prompt=open the top drawer
2026-09-18 14:19:05,004 | INFO | [t=2380] VLA chunk prompt=open the top drawer
2026-09-18 14:19:05,363 | INFO | [t=2390] VLA chunk prompt=open the top drawer
2026-09-18 14:19:05,722 | INFO | [t=2400] VLA chunk prompt=open the top drawer
2026-09-18 14:19:06,082 | INFO | [t=2410] VLA chunk prompt=open the top drawer
2026-09-18 14:19:06,442 | INFO | [t=2420] VLA chunk prompt=open the top drawer
2026-09-18 14:19:06,804 | INFO | [t=2430] VLA chunk prompt=open the top drawer
2026-09-18 14:19:07,169 | INFO | [t=2440] VLA chunk prompt=open the top drawer
2026-09-18 14:19:07,536 | INFO | [t=2450] VLA chunk prompt=open the top drawer
2026-09-18 14:19:07,905 | INFO | [t=2460] VLA chunk prompt=open the top drawer
2026-09-18 14:19:08,275 | INFO | [t=2470] VLA chunk prompt=open the top drawer
2026-09-18 14:19:08,641 | INFO | [t=2480] VLA chunk prompt=open the top drawer
2026-09-18 14:19:09,003 | INFO | [t=2490] VLA chunk prompt=open the top drawer
2026-09-18 14:19:09,363 | INFO | [t=2500] VLA chunk prompt=open the top drawer
2026-09-18 14:19:12,712 | INFO | attempt=0 stage_score=0.0 stage_success=False failure_reason=incomplete_stage
2026-09-18 14:19:14,604 | INFO | harness release_gripper after env.reset (attempt=1)
2026-09-18 14:19:14,605 | INFO | async VLM enabled: single-slot subtask buffer
2026-09-18 14:19:14,855 | INFO | [t=10] VLA chunk prompt=Open all drawers in order, remember the empty drawer, then put butter into that empty drawer.
2026-09-18 14:19:15,127 | INFO | [t=20] VLA chunk prompt=Open all drawers in order, remember the empty drawer, then put butter into that empty drawer.
2026-09-18 14:19:15,398 | INFO | [t=30] VLA chunk prompt=Open all drawers in order, remember the empty drawer, then put butter into that empty drawer.
2026-09-18 14:19:15,665 | INFO | [t=40] VLA chunk prompt=Open all drawers in order, remember the empty drawer, then put butter into that empty drawer.
2026-09-18 14:19:15,932 | INFO | [t=50] VLA chunk prompt=Open all drawers in order, remember the empty drawer, then put butter into that empty drawer.
2026-09-18 14:19:16,201 | INFO | [t=60] VLA chunk prompt=Open all drawers in order, remember the empty drawer, then put butter into that empty drawer.
2026-09-18 14:19:16,470 | INFO | [t=70] VLA chunk prompt=Open all drawers in order, remember the empty drawer, then put butter into that empty drawer.
2026-09-18 14:19:16,691 | INFO | [t=80] harness subtask override: open top drawer
2026-09-18 14:19:16,691 | INFO | [t=80] VLM prompt update from step=-1: open top drawer
2026-09-18 14:19:16,692 | INFO | [t=80] harness forced VLM replan after stall (pmh visual retrieve armed)
2026-09-18 14:19:16,742 | INFO | [t=80] VLA chunk prompt=open top drawer
2026-09-18 14:19:17,020 | INFO | [t=90] VLA chunk prompt=open top drawer
2026-09-18 14:19:17,293 | INFO | [t=100] VLA chunk prompt=open top drawer
2026-09-18 14:19:17,587 | INFO | [t=110] VLA chunk prompt=open top drawer
2026-09-18 14:19:17,896 | INFO | [t=120] VLA chunk prompt=open top drawer
2026-09-18 14:19:18,210 | INFO | [t=130] VLA chunk prompt=open top drawer
2026-09-18 14:19:18,528 | INFO | [t=140] VLA chunk prompt=open top drawer
2026-09-18 14:19:18,850 | INFO | [t=150] VLA chunk prompt=open top drawer
2026-09-18 14:19:19,177 | INFO | [t=160] VLA chunk prompt=open top drawer
2026-09-18 14:19:19,507 | INFO | [t=170] VLA chunk prompt=open top drawer
2026-09-18 14:19:19,842 | INFO | [t=180] VLA chunk prompt=open top drawer
2026-09-18 14:19:20,179 | INFO | [t=190] VLA chunk prompt=open top drawer
2026-09-18 14:19:20,524 | INFO | [t=200] VLA chunk prompt=open top drawer
2026-09-18 14:19:20,880 | INFO | [t=210] VLA chunk prompt=open top drawer
2026-09-18 14:19:21,232 | INFO | [t=220] VLA chunk prompt=open top drawer
2026-09-18 14:19:21,597 | INFO | [t=230] VLA chunk prompt=open top drawer
2026-09-18 14:19:21,661 | INFO | [t=232] stage done: 01_Open_Top_Drawer
2026-09-18 14:19:21,961 | INFO | [t=240] VLA chunk prompt=open top drawer
2026-09-18 14:19:22,327 | INFO | [t=250] VLA chunk prompt=open top drawer
2026-09-18 14:19:22,699 | INFO | [t=260] VLA chunk prompt=open top drawer
2026-09-18 14:19:23,078 | INFO | [t=270] VLA chunk prompt=open top drawer
2026-09-18 14:19:23,462 | INFO | [t=280] VLA chunk prompt=open top drawer
2026-09-18 14:19:23,855 | INFO | [t=290] VLA chunk prompt=open top drawer
2026-09-18 14:19:24,246 | INFO | [t=300] VLA chunk prompt=open top drawer
2026-09-18 14:19:24,638 | INFO | [t=310] VLA chunk prompt=open top drawer
2026-09-18 14:19:24,958 | INFO | [t=320] harness subtask override: close top drawer
2026-09-18 14:19:24,958 | INFO | [t=320] VLM prompt update from step=70: close top drawer
2026-09-18 14:19:24,958 | INFO | [t=320] harness forced VLM replan after stall (pmh visual retrieve armed)
2026-09-18 14:19:25,010 | INFO | [t=320] VLA chunk prompt=close top drawer
2026-09-18 14:19:25,370 | INFO | [t=330] VLA chunk prompt=close top drawer
2026-09-18 14:19:25,737 | INFO | [t=340] VLA chunk prompt=close top drawer
2026-09-18 14:19:25,834 | INFO | [t=343] stage done: 02_Close_Top_Drawer
2026-09-18 14:19:26,111 | INFO | [t=350] VLA chunk prompt=close top drawer
2026-09-18 14:19:26,488 | INFO | [t=360] VLA chunk prompt=close top drawer
2026-09-18 14:19:26,865 | INFO | [t=370] VLA chunk prompt=close top drawer
2026-09-18 14:19:27,243 | INFO | [t=380] VLA chunk prompt=close top drawer
2026-09-18 14:19:27,619 | INFO | [t=390] VLA chunk prompt=close top drawer
2026-09-18 14:19:27,991 | INFO | [t=400] VLA chunk prompt=close top drawer
2026-09-18 14:19:28,363 | INFO | [t=410] VLA chunk prompt=close top drawer
2026-09-18 14:19:28,736 | INFO | [t=420] VLA chunk prompt=close top drawer
2026-09-18 14:19:29,059 | INFO | [t=430] harness subtask override: open middle drawer
2026-09-18 14:19:29,059 | INFO | [t=430] VLM prompt update from step=70: open middle drawer
2026-09-18 14:19:29,059 | INFO | [t=430] harness forced VLM replan after stall (pmh visual retrieve armed)
2026-09-18 14:19:29,110 | INFO | [t=430] VLA chunk prompt=open middle drawer
2026-09-18 14:19:29,484 | INFO | [t=440] VLA chunk prompt=open middle drawer
2026-09-18 14:19:29,861 | INFO | [t=450] VLA chunk prompt=open middle drawer
2026-09-18 14:19:30,243 | INFO | [t=460] VLA chunk prompt=open middle drawer
2026-09-18 14:19:30,622 | INFO | [t=470] VLA chunk prompt=open middle drawer
2026-09-18 14:19:31,001 | INFO | [t=480] VLA chunk prompt=open middle drawer
2026-09-18 14:19:31,380 | INFO | [t=490] VLA chunk prompt=open middle drawer
2026-09-18 14:19:31,758 | INFO | [t=500] VLA chunk prompt=open middle drawer
2026-09-18 14:19:32,136 | INFO | [t=510] VLA chunk prompt=open middle drawer
2026-09-18 14:19:32,512 | INFO | [t=520] VLA chunk prompt=open middle drawer
2026-09-18 14:19:32,889 | INFO | [t=530] VLA chunk prompt=open middle drawer
2026-09-18 14:19:33,264 | INFO | [t=540] VLA chunk prompt=open middle drawer
2026-09-18 14:19:33,641 | INFO | [t=550] VLA chunk prompt=open middle drawer
2026-09-18 14:19:34,017 | INFO | [t=560] VLA chunk prompt=open middle drawer
2026-09-18 14:19:34,394 | INFO | [t=570] VLA chunk prompt=open middle drawer
2026-09-18 14:19:34,642 | INFO | API VLM @t=0 task=5 subtask=open top drawer keyframes=[]
2026-09-18 14:19:34,725 | INFO | [t=580] VLM prompt update from step=0: open top drawer
2026-09-18 14:19:34,775 | INFO | [t=580] VLA chunk prompt=open top drawer
2026-09-18 14:19:35,160 | INFO | [t=590] VLA chunk prompt=open top drawer
2026-09-18 14:19:35,549 | INFO | [t=600] VLA chunk prompt=open top drawer
2026-09-18 14:19:35,935 | INFO | [t=610] VLA chunk prompt=open top drawer
2026-09-18 14:19:36,319 | INFO | [t=620] VLA chunk prompt=open top drawer
2026-09-18 14:19:36,702 | INFO | [t=630] VLA chunk prompt=open top drawer
2026-09-18 14:19:37,087 | INFO | [t=640] VLA chunk prompt=open top drawer
2026-09-18 14:19:37,471 | INFO | [t=650] VLA chunk prompt=open top drawer
2026-09-18 14:19:37,854 | INFO | [t=660] VLA chunk prompt=open top drawer
2026-09-18 14:19:38,241 | INFO | [t=670] VLA chunk prompt=open top drawer
2026-09-18 14:19:38,626 | INFO | [t=680] VLA chunk prompt=open top drawer
2026-09-18 14:19:39,012 | INFO | [t=690] VLA chunk prompt=open top drawer
2026-09-18 14:19:39,398 | INFO | [t=700] VLA chunk prompt=open top drawer
2026-09-18 14:19:39,782 | INFO | [t=710] VLA chunk prompt=open top drawer
2026-09-18 14:19:40,166 | INFO | [t=720] VLA chunk prompt=open top drawer
2026-09-18 14:19:40,552 | INFO | [t=730] VLA chunk prompt=open top drawer
2026-09-18 14:19:40,944 | INFO | [t=740] VLA chunk prompt=open top drawer
2026-09-18 14:19:41,328 | INFO | [t=750] VLA chunk prompt=open top drawer
2026-09-18 14:19:41,714 | INFO | [t=760] VLA chunk prompt=open top drawer
2026-09-18 14:19:42,098 | INFO | [t=770] VLA chunk prompt=open top drawer
2026-09-18 14:19:42,477 | INFO | [t=780] VLA chunk prompt=open top drawer
2026-09-18 14:19:42,858 | INFO | [t=790] VLA chunk prompt=open top drawer
2026-09-18 14:19:43,239 | INFO | [t=800] VLA chunk prompt=open top drawer
2026-09-18 14:19:43,620 | INFO | [t=810] VLA chunk prompt=open top drawer
2026-09-18 14:19:44,004 | INFO | [t=820] VLA chunk prompt=open top drawer
2026-09-18 14:19:44,385 | INFO | [t=830] VLA chunk prompt=open top drawer
2026-09-18 14:19:44,765 | INFO | [t=840] VLA chunk prompt=open top drawer
2026-09-18 14:19:45,145 | INFO | [t=850] VLA chunk prompt=open top drawer
2026-09-18 14:19:45,525 | INFO | [t=860] VLA chunk prompt=open top drawer
2026-09-18 14:19:45,906 | INFO | [t=870] VLA chunk prompt=open top drawer
2026-09-18 14:19:46,290 | INFO | [t=880] VLA chunk prompt=open top drawer
2026-09-18 14:19:46,672 | INFO | [t=890] VLA chunk prompt=open top drawer
2026-09-18 14:19:47,059 | INFO | [t=900] VLA chunk prompt=open top drawer
2026-09-18 14:19:47,443 | INFO | [t=910] VLA chunk prompt=open top drawer
2026-09-18 14:19:47,826 | INFO | [t=920] VLA chunk prompt=open top drawer
2026-09-18 14:19:48,208 | INFO | [t=930] VLA chunk prompt=open top drawer
2026-09-18 14:19:48,591 | INFO | [t=940] VLA chunk prompt=open top drawer
2026-09-18 14:19:48,973 | INFO | [t=950] VLA chunk prompt=open top drawer
2026-09-18 14:19:49,358 | INFO | [t=960] VLA chunk prompt=open top drawer
2026-09-18 14:19:49,743 | INFO | [t=970] VLA chunk prompt=open top drawer
2026-09-18 14:19:50,124 | INFO | [t=980] VLA chunk prompt=open top drawer
2026-09-18 14:19:50,502 | INFO | [t=990] VLA chunk prompt=open top drawer
2026-09-18 14:19:50,879 | INFO | [t=1000] VLA chunk prompt=open top drawer
2026-09-18 14:19:51,253 | INFO | [t=1010] VLA chunk prompt=open top drawer
2026-09-18 14:19:51,627 | INFO | [t=1020] VLA chunk prompt=open top drawer
2026-09-18 14:19:52,003 | INFO | [t=1030] VLA chunk prompt=open top drawer
2026-09-18 14:19:52,378 | INFO | [t=1040] VLA chunk prompt=open top drawer
2026-09-18 14:19:52,761 | INFO | [t=1050] VLA chunk prompt=open top drawer
2026-09-18 14:19:53,149 | INFO | [t=1060] VLA chunk prompt=open top drawer
2026-09-18 14:19:53,533 | INFO | [t=1070] VLA chunk prompt=open top drawer
2026-09-18 14:19:53,914 | INFO | [t=1080] VLA chunk prompt=open top drawer
2026-09-18 14:19:54,292 | INFO | [t=1090] VLA chunk prompt=open top drawer
2026-09-18 14:19:54,673 | INFO | [t=1100] VLA chunk prompt=open top drawer
2026-09-18 14:19:55,050 | INFO | [t=1110] VLA chunk prompt=open top drawer
2026-09-18 14:19:55,427 | INFO | [t=1120] VLA chunk prompt=open top drawer
2026-09-18 14:19:55,805 | INFO | [t=1130] VLA chunk prompt=open top drawer
2026-09-18 14:19:56,182 | INFO | [t=1140] VLA chunk prompt=open top drawer
2026-09-18 14:19:56,560 | INFO | [t=1150] VLA chunk prompt=open top drawer
2026-09-18 14:19:56,940 | INFO | [t=1160] VLA chunk prompt=open top drawer
2026-09-18 14:19:57,322 | INFO | [t=1170] VLA chunk prompt=open top drawer
2026-09-18 14:19:57,705 | INFO | [t=1180] VLA chunk prompt=open top drawer
2026-09-18 14:19:58,098 | INFO | [t=1190] VLA chunk prompt=open top drawer
2026-09-18 14:19:58,480 | INFO | [t=1200] VLA chunk prompt=open top drawer
2026-09-18 14:19:58,857 | INFO | [t=1210] VLA chunk prompt=open top drawer
2026-09-18 14:19:59,237 | INFO | [t=1220] VLA chunk prompt=open top drawer
2026-09-18 14:19:59,616 | INFO | [t=1230] VLA chunk prompt=open top drawer
2026-09-18 14:19:59,994 | INFO | [t=1240] VLA chunk prompt=open top drawer
2026-09-18 14:20:00,374 | INFO | [t=1250] VLA chunk prompt=open top drawer
2026-09-18 14:20:00,752 | INFO | [t=1260] VLA chunk prompt=open top drawer
2026-09-18 14:20:01,129 | INFO | [t=1270] VLA chunk prompt=open top drawer
2026-09-18 14:20:01,508 | INFO | [t=1280] VLA chunk prompt=open top drawer
2026-09-18 14:20:01,888 | INFO | [t=1290] VLA chunk prompt=open top drawer
2026-09-18 14:20:02,265 | INFO | [t=1300] VLA chunk prompt=open top drawer
2026-09-18 14:20:02,643 | INFO | [t=1310] VLA chunk prompt=open top drawer
2026-09-18 14:20:03,021 | INFO | [t=1320] VLA chunk prompt=open top drawer
2026-09-18 14:20:03,400 | INFO | [t=1330] VLA chunk prompt=open top drawer
2026-09-18 14:20:03,780 | INFO | [t=1340] VLA chunk prompt=open top drawer
2026-09-18 14:20:04,163 | INFO | [t=1350] VLA chunk prompt=open top drawer
2026-09-18 14:20:04,552 | INFO | [t=1360] VLA chunk prompt=open top drawer
2026-09-18 14:20:04,941 | INFO | [t=1370] VLA chunk prompt=open top drawer
2026-09-18 14:20:05,323 | INFO | [t=1380] VLA chunk prompt=open top drawer
2026-09-18 14:20:05,705 | INFO | [t=1390] VLA chunk prompt=open top drawer
2026-09-18 14:20:06,087 | INFO | [t=1400] VLA chunk prompt=open top drawer
2026-09-18 14:20:06,469 | INFO | [t=1410] VLA chunk prompt=open top drawer
2026-09-18 14:20:06,850 | INFO | [t=1420] VLA chunk prompt=open top drawer
2026-09-18 14:20:07,228 | INFO | [t=1430] VLA chunk prompt=open top drawer
2026-09-18 14:20:07,606 | INFO | [t=1440] VLA chunk prompt=open top drawer
2026-09-18 14:20:07,983 | INFO | [t=1450] VLA chunk prompt=open top drawer
2026-09-18 14:20:08,361 | INFO | [t=1460] VLA chunk prompt=open top drawer
2026-09-18 14:20:08,739 | INFO | [t=1470] VLA chunk prompt=open top drawer
2026-09-18 14:20:09,121 | INFO | [t=1480] VLA chunk prompt=open top drawer
2026-09-18 14:20:09,508 | INFO | [t=1490] VLA chunk prompt=open top drawer
2026-09-18 14:20:09,896 | INFO | [t=1500] VLA chunk prompt=open top drawer
2026-09-18 14:20:10,279 | INFO | [t=1510] VLA chunk prompt=open top drawer
2026-09-18 14:20:10,661 | INFO | [t=1520] VLA chunk prompt=open top drawer
2026-09-18 14:20:11,043 | INFO | [t=1530] VLA chunk prompt=open top drawer
2026-09-18 14:20:11,424 | INFO | [t=1540] VLA chunk prompt=open top drawer
2026-09-18 14:20:11,806 | INFO | [t=1550] VLA chunk prompt=open top drawer
2026-09-18 14:20:12,190 | INFO | [t=1560] VLA chunk prompt=open top drawer
2026-09-18 14:20:12,576 | INFO | [t=1570] VLA chunk prompt=open top drawer
2026-09-18 14:20:12,959 | INFO | [t=1580] VLA chunk prompt=open top drawer
2026-09-18 14:20:13,341 | INFO | [t=1590] VLA chunk prompt=open top drawer
2026-09-18 14:20:13,724 | INFO | [t=1600] VLA chunk prompt=open top drawer
2026-09-18 14:20:14,105 | INFO | [t=1610] VLA chunk prompt=open top drawer
2026-09-18 14:20:14,488 | INFO | [t=1620] VLA chunk prompt=open top drawer
2026-09-18 14:20:14,872 | INFO | [t=1630] VLA chunk prompt=open top drawer
2026-09-18 14:20:15,250 | INFO | [t=1640] VLA chunk prompt=open top drawer
2026-09-18 14:20:15,627 | INFO | [t=1650] VLA chunk prompt=open top drawer
2026-09-18 14:20:16,001 | INFO | [t=1660] VLA chunk prompt=open top drawer
2026-09-18 14:20:16,378 | INFO | [t=1670] VLA chunk prompt=open top drawer
2026-09-18 14:20:16,755 | INFO | [t=1680] VLA chunk prompt=open top drawer
2026-09-18 14:20:17,132 | INFO | [t=1690] VLA chunk prompt=open top drawer
2026-09-18 14:20:17,512 | INFO | [t=1700] VLA chunk prompt=open top drawer
2026-09-18 14:20:17,890 | INFO | [t=1710] VLA chunk prompt=open top drawer
2026-09-18 14:20:18,267 | INFO | [t=1720] VLA chunk prompt=open top drawer
2026-09-18 14:20:18,644 | INFO | [t=1730] VLA chunk prompt=open top drawer
2026-09-18 14:20:19,020 | INFO | [t=1740] VLA chunk prompt=open top drawer
2026-09-18 14:20:19,398 | INFO | [t=1750] VLA chunk prompt=open top drawer
2026-09-18 14:20:19,777 | INFO | [t=1760] VLA chunk prompt=open top drawer
2026-09-18 14:20:20,160 | INFO | [t=1770] VLA chunk prompt=open top drawer
2026-09-18 14:20:20,542 | INFO | [t=1780] VLA chunk prompt=open top drawer
2026-09-18 14:20:20,922 | INFO | [t=1790] VLA chunk prompt=open top drawer
2026-09-18 14:20:21,300 | INFO | [t=1800] VLA chunk prompt=open top drawer
2026-09-18 14:20:21,678 | INFO | [t=1810] VLA chunk prompt=open top drawer
2026-09-18 14:20:22,056 | INFO | [t=1820] VLA chunk prompt=open top drawer
2026-09-18 14:20:22,433 | INFO | [t=1830] VLA chunk prompt=open top drawer
2026-09-18 14:20:22,809 | INFO | [t=1840] VLA chunk prompt=open top drawer
2026-09-18 14:20:23,182 | INFO | [t=1850] VLA chunk prompt=open top drawer
2026-09-18 14:20:23,554 | INFO | [t=1860] VLA chunk prompt=open top drawer
2026-09-18 14:20:23,925 | INFO | [t=1870] VLA chunk prompt=open top drawer
2026-09-18 14:20:24,298 | INFO | [t=1880] VLA chunk prompt=open top drawer
2026-09-18 14:20:24,672 | INFO | [t=1890] VLA chunk prompt=open top drawer
2026-09-18 14:20:25,048 | INFO | [t=1900] VLA chunk prompt=open top drawer
2026-09-18 14:20:25,421 | INFO | [t=1910] VLA chunk prompt=open top drawer
2026-09-18 14:20:25,794 | INFO | [t=1920] VLA chunk prompt=open top drawer
2026-09-18 14:20:26,167 | INFO | [t=1930] VLA chunk prompt=open top drawer
2026-09-18 14:20:26,538 | INFO | [t=1940] VLA chunk prompt=open top drawer
2026-09-18 14:20:26,909 | INFO | [t=1950] VLA chunk prompt=open top drawer
2026-09-18 14:20:27,280 | INFO | [t=1960] VLA chunk prompt=open top drawer
2026-09-18 14:20:27,649 | INFO | [t=1970] VLA chunk prompt=open top drawer
2026-09-18 14:20:28,018 | INFO | [t=1980] VLA chunk prompt=open top drawer
2026-09-18 14:20:28,388 | INFO | [t=1990] VLA chunk prompt=open top drawer
2026-09-18 14:20:28,763 | INFO | [t=2000] VLA chunk prompt=open top drawer
2026-09-18 14:20:28,962 | INFO | API VLM @t=2115 task=5 subtask=close top drawer keyframes=[]
2026-09-18 14:20:29,145 | INFO | [t=2010] VLA chunk prompt=open top drawer
2026-09-18 14:20:29,526 | INFO | [t=2020] VLA chunk prompt=open top drawer
2026-09-18 14:20:29,907 | INFO | [t=2030] VLA chunk prompt=open top drawer
2026-09-18 14:20:30,288 | INFO | [t=2040] VLA chunk prompt=open top drawer
2026-09-18 14:20:30,671 | INFO | [t=2050] VLA chunk prompt=open top drawer
2026-09-18 14:20:31,054 | INFO | [t=2060] VLA chunk prompt=open top drawer
2026-09-18 14:20:31,435 | INFO | [t=2070] VLA chunk prompt=open top drawer
2026-09-18 14:20:31,816 | INFO | [t=2080] VLA chunk prompt=open top drawer
2026-09-18 14:20:32,194 | INFO | [t=2090] VLA chunk prompt=open top drawer
2026-09-18 14:20:32,572 | INFO | [t=2100] VLA chunk prompt=open top drawer
2026-09-18 14:20:32,949 | INFO | [t=2110] VLA chunk prompt=open top drawer
2026-09-18 14:20:33,327 | INFO | [t=2120] VLA chunk prompt=open top drawer
2026-09-18 14:20:33,704 | INFO | [t=2130] VLA chunk prompt=open top drawer
2026-09-18 14:20:34,082 | INFO | [t=2140] VLA chunk prompt=open top drawer
2026-09-18 14:20:34,458 | INFO | [t=2150] VLA chunk prompt=open top drawer
2026-09-18 14:20:34,835 | INFO | [t=2160] VLA chunk prompt=open top drawer
2026-09-18 14:20:35,215 | INFO | [t=2170] VLA chunk prompt=open top drawer
2026-09-18 14:20:35,602 | INFO | [t=2180] VLA chunk prompt=open top drawer
2026-09-18 14:20:35,983 | INFO | [t=2190] VLA chunk prompt=open top drawer
2026-09-18 14:20:36,363 | INFO | [t=2200] VLA chunk prompt=open top drawer
2026-09-18 14:20:36,744 | INFO | [t=2210] VLA chunk prompt=open top drawer
2026-09-18 14:20:37,126 | INFO | [t=2220] VLA chunk prompt=open top drawer
2026-09-18 14:20:37,403 | INFO | API VLM @t=565 task=5 subtask=open the middle drawer keyframes=[]
2026-09-18 14:20:37,460 | INFO | [t=2230] VLM prompt update from step=565: open the middle drawer
2026-09-18 14:20:37,511 | INFO | [t=2230] VLA chunk prompt=open the middle drawer
2026-09-18 14:20:37,891 | INFO | [t=2240] VLA chunk prompt=open the middle drawer
2026-09-18 14:20:38,274 | INFO | [t=2250] VLA chunk prompt=open the middle drawer
2026-09-18 14:20:38,657 | INFO | [t=2260] VLA chunk prompt=open the middle drawer
2026-09-18 14:20:39,038 | INFO | [t=2270] VLA chunk prompt=open the middle drawer
2026-09-18 14:20:39,420 | INFO | [t=2280] VLA chunk prompt=open the middle drawer
2026-09-18 14:20:39,802 | INFO | [t=2290] VLA chunk prompt=open the middle drawer
2026-09-18 14:20:40,182 | INFO | [t=2300] VLA chunk prompt=open the middle drawer
2026-09-18 14:20:40,565 | INFO | [t=2310] VLA chunk prompt=open the middle drawer
2026-09-18 14:20:40,947 | INFO | [t=2320] VLA chunk prompt=open the middle drawer
2026-09-18 14:20:41,332 | INFO | [t=2330] VLA chunk prompt=open the middle drawer
2026-09-18 14:20:41,710 | INFO | [t=2340] VLA chunk prompt=open the middle drawer
2026-09-18 14:20:42,082 | INFO | [t=2350] VLA chunk prompt=open the middle drawer
2026-09-18 14:20:42,453 | INFO | [t=2360] VLA chunk prompt=open the middle drawer
2026-09-18 14:20:42,823 | INFO | [t=2370] VLA chunk prompt=open the middle drawer
2026-09-18 14:20:43,193 | INFO | [t=2380] VLA chunk prompt=open the middle drawer
2026-09-18 14:20:43,563 | INFO | [t=2390] VLA chunk prompt=open the middle drawer
2026-09-18 14:20:43,935 | INFO | [t=2400] VLA chunk prompt=open the middle drawer
2026-09-18 14:20:44,311 | INFO | [t=2410] VLA chunk prompt=open the middle drawer
2026-09-18 14:20:44,683 | INFO | [t=2420] VLA chunk prompt=open the middle drawer
2026-09-18 14:20:45,052 | INFO | [t=2430] VLA chunk prompt=open the middle drawer
2026-09-18 14:20:45,418 | INFO | [t=2440] VLA chunk prompt=open the middle drawer
2026-09-18 14:20:45,781 | INFO | [t=2450] VLA chunk prompt=open the middle drawer
2026-09-18 14:20:46,142 | INFO | [t=2460] VLA chunk prompt=open the middle drawer
2026-09-18 14:20:46,503 | INFO | [t=2470] VLA chunk prompt=open the middle drawer
2026-09-18 14:20:46,861 | INFO | [t=2480] VLA chunk prompt=open the middle drawer
2026-09-18 14:20:47,218 | INFO | [t=2490] VLA chunk prompt=open the middle drawer
2026-09-18 14:20:47,577 | INFO | [t=2500] VLA chunk prompt=open the middle drawer
2026-09-18 14:20:50,926 | INFO | attempt=1 stage_score=25.0 stage_success=False failure_reason=incomplete_stage
2026-09-18 14:20:50,926 | INFO | Episode 0 seed=100 stage_score=25.0 stage_success=0 goal=0.250 failure_reason=incomplete_stage | 01_Open_Top_Drawer=Y | 02_Close_Top_Drawer=Y | 03_Open_Middle_Drawer=N | 04_Close_Middle_Drawer=N | 05_Open_Bottom_Drawer=N | 06_Close_Bottom_Drawer=N | 07_Open_Middle_Drawer_Again=N | 08_Put_Butter_Middle_Drawer=N | 09_Close_Middle_Drawer_Final=N
