2026-09-18 12:42:12,154 | INFO | task_id=5 bddl=/project/peilab/why/RoboMemArena/bddl/5_butter_middle_drawer.bddl vlm_ckpt=/project/peilab/why/RoboMemArena/checkpoints/PrediMem/vlm_tasks1to26_ckpt74500
2026-09-18 12:42:14,014 | INFO | async VLM enabled: single-slot subtask buffer
2026-09-18 12:42:25,028 | INFO | API VLM @t=0 task=5 subtask=open top drawer keyframes=[]
2026-09-18 12:42:30,354 | INFO | [t=10] VLA chunk prompt=Open all drawers in order, remember the empty drawer, then put butter into that empty drawer.
2026-09-18 12:42:30,719 | INFO | [t=20] VLM prompt update from step=0: open top drawer
2026-09-18 12:42:30,772 | INFO | [t=20] VLA chunk prompt=open top drawer
2026-09-18 12:42:31,147 | INFO | [t=30] VLA chunk prompt=open top drawer
2026-09-18 12:42:31,509 | INFO | [t=40] VLA chunk prompt=open top drawer
2026-09-18 12:42:31,871 | INFO | [t=50] VLA chunk prompt=open top drawer
2026-09-18 12:42:32,229 | INFO | [t=60] VLA chunk prompt=open top drawer
2026-09-18 12:42:32,596 | INFO | [t=70] VLA chunk prompt=open top drawer
2026-09-18 12:42:32,914 | INFO | [t=80] harness forced VLM replan after stall (pmh visual retrieve armed)
2026-09-18 12:42:32,965 | INFO | [t=80] VLA chunk prompt=open top drawer
2026-09-18 12:42:33,329 | INFO | [t=90] VLA chunk prompt=open top drawer
2026-09-18 12:42:33,689 | INFO | [t=100] VLA chunk prompt=open top drawer
2026-09-18 12:42:34,052 | INFO | [t=110] VLA chunk prompt=open top drawer
2026-09-18 12:42:34,419 | INFO | [t=120] VLA chunk prompt=open top drawer
2026-09-18 12:42:34,786 | INFO | [t=130] VLA chunk prompt=open top drawer
2026-09-18 12:42:35,154 | INFO | [t=140] VLA chunk prompt=open top drawer
2026-09-18 12:42:35,529 | INFO | [t=150] VLA chunk prompt=open top drawer
2026-09-18 12:42:35,900 | INFO | [t=160] VLA chunk prompt=open top drawer
2026-09-18 12:42:36,267 | INFO | [t=170] VLA chunk prompt=open top drawer
2026-09-18 12:42:36,628 | INFO | [t=180] VLA chunk prompt=open top drawer
2026-09-18 12:42:36,993 | INFO | [t=190] VLA chunk prompt=open top drawer
2026-09-18 12:42:37,355 | INFO | [t=200] VLA chunk prompt=open top drawer
2026-09-18 12:42:37,717 | INFO | [t=210] VLA chunk prompt=open top drawer
2026-09-18 12:42:38,086 | INFO | [t=220] VLA chunk prompt=open top drawer
2026-09-18 12:42:38,469 | INFO | [t=230] VLA chunk prompt=open top drawer
2026-09-18 12:42:38,856 | INFO | [t=240] VLA chunk prompt=open top drawer
2026-09-18 12:42:39,240 | INFO | [t=250] VLA chunk prompt=open top drawer
2026-09-18 12:42:39,622 | INFO | [t=260] VLA chunk prompt=open top drawer
2026-09-18 12:42:40,011 | INFO | [t=270] VLA chunk prompt=open top drawer
2026-09-18 12:42:40,404 | INFO | [t=280] VLA chunk prompt=open top drawer
2026-09-18 12:42:40,794 | INFO | [t=290] VLA chunk prompt=open top drawer
2026-09-18 12:42:41,190 | INFO | [t=300] VLA chunk prompt=open top drawer
2026-09-18 12:42:41,592 | INFO | [t=310] VLA chunk prompt=open top drawer
2026-09-18 12:42:41,992 | INFO | [t=320] VLA chunk prompt=open top drawer
2026-09-18 12:42:42,393 | INFO | [t=330] VLA chunk prompt=open top drawer
2026-09-18 12:42:42,797 | INFO | [t=340] VLA chunk prompt=open top drawer
2026-09-18 12:42:43,198 | INFO | [t=350] VLA chunk prompt=open top drawer
2026-09-18 12:42:43,600 | INFO | [t=360] VLA chunk prompt=open top drawer
2026-09-18 12:42:44,006 | INFO | [t=370] VLA chunk prompt=open top drawer
2026-09-18 12:42:44,414 | INFO | [t=380] VLA chunk prompt=open top drawer
2026-09-18 12:42:44,824 | INFO | [t=390] VLA chunk prompt=open top drawer
2026-09-18 12:42:45,215 | INFO | [t=400] VLA chunk prompt=open top drawer
2026-09-18 12:42:45,609 | INFO | API VLM @t=0 task=5 subtask=open the top drawer keyframes=[]
2026-09-18 12:42:45,625 | INFO | [t=410] VLA chunk prompt=open top drawer
2026-09-18 12:42:45,966 | INFO | [t=420] VLM prompt update from step=0: open the top drawer
2026-09-18 12:42:46,018 | INFO | [t=420] VLA chunk prompt=open the top drawer
2026-09-18 12:42:46,407 | INFO | [t=430] VLA chunk prompt=open the top drawer
2026-09-18 12:42:46,797 | INFO | [t=440] VLA chunk prompt=open the top drawer
2026-09-18 12:42:47,184 | INFO | [t=450] VLA chunk prompt=open the top drawer
2026-09-18 12:42:47,570 | INFO | [t=460] VLA chunk prompt=open the top drawer
2026-09-18 12:42:47,959 | INFO | [t=470] VLA chunk prompt=open the top drawer
2026-09-18 12:42:48,342 | INFO | [t=480] VLA chunk prompt=open the top drawer
2026-09-18 12:42:48,765 | INFO | [t=490] VLA chunk prompt=open the top drawer
2026-09-18 12:42:49,161 | INFO | [t=500] VLA chunk prompt=open the top drawer
2026-09-18 12:42:49,540 | INFO | [t=510] VLA chunk prompt=open the top drawer
2026-09-18 12:42:49,921 | INFO | [t=520] VLA chunk prompt=open the top drawer
2026-09-18 12:42:50,300 | INFO | [t=530] VLA chunk prompt=open the top drawer
2026-09-18 12:42:50,673 | INFO | [t=540] VLA chunk prompt=open the top drawer
2026-09-18 12:42:51,042 | INFO | [t=550] VLA chunk prompt=open the top drawer
2026-09-18 12:42:51,413 | INFO | [t=560] VLA chunk prompt=open the top drawer
2026-09-18 12:42:51,794 | INFO | [t=570] VLA chunk prompt=open the top drawer
2026-09-18 12:42:52,177 | INFO | [t=580] VLA chunk prompt=open the top drawer
2026-09-18 12:42:52,553 | INFO | [t=590] VLA chunk prompt=open the top drawer
2026-09-18 12:42:52,939 | INFO | [t=600] VLA chunk prompt=open the top drawer
2026-09-18 12:42:53,326 | INFO | [t=610] VLA chunk prompt=open the top drawer
2026-09-18 12:42:53,709 | INFO | [t=620] VLA chunk prompt=open the top drawer
2026-09-18 12:42:54,094 | INFO | [t=630] VLA chunk prompt=open the top drawer
2026-09-18 12:42:54,476 | INFO | [t=640] VLA chunk prompt=open the top drawer
2026-09-18 12:42:54,856 | INFO | [t=650] VLA chunk prompt=open the top drawer
2026-09-18 12:42:55,243 | INFO | [t=660] VLA chunk prompt=open the top drawer
2026-09-18 12:42:55,633 | INFO | [t=670] VLA chunk prompt=open the top drawer
2026-09-18 12:42:56,015 | INFO | [t=680] VLA chunk prompt=open the top drawer
2026-09-18 12:42:56,402 | INFO | [t=690] VLA chunk prompt=open the top drawer
2026-09-18 12:42:56,801 | INFO | [t=700] VLA chunk prompt=open the top drawer
2026-09-18 12:42:57,195 | INFO | [t=710] VLA chunk prompt=open the top drawer
2026-09-18 12:42:57,590 | INFO | [t=720] VLA chunk prompt=open the top drawer
2026-09-18 12:42:57,984 | INFO | [t=730] VLA chunk prompt=open the top drawer
2026-09-18 12:42:58,385 | INFO | [t=740] VLA chunk prompt=open the top drawer
2026-09-18 12:42:58,786 | INFO | [t=750] VLA chunk prompt=open the top drawer
2026-09-18 12:42:59,189 | INFO | [t=760] VLA chunk prompt=open the top drawer
2026-09-18 12:42:59,604 | INFO | [t=770] VLA chunk prompt=open the top drawer
2026-09-18 12:43:00,013 | INFO | [t=780] VLA chunk prompt=open the top drawer
2026-09-18 12:43:00,419 | INFO | [t=790] VLA chunk prompt=open the top drawer
2026-09-18 12:43:00,817 | INFO | [t=800] VLA chunk prompt=open the top drawer
2026-09-18 12:43:01,214 | INFO | [t=810] VLA chunk prompt=open the top drawer
2026-09-18 12:43:01,613 | INFO | [t=820] VLA chunk prompt=open the top drawer
2026-09-18 12:43:02,006 | INFO | [t=830] VLA chunk prompt=open the top drawer
2026-09-18 12:43:02,400 | INFO | [t=840] VLA chunk prompt=open the top drawer
2026-09-18 12:43:02,808 | INFO | [t=850] VLA chunk prompt=open the top drawer
2026-09-18 12:43:03,212 | INFO | [t=860] VLA chunk prompt=open the top drawer
2026-09-18 12:43:03,616 | INFO | [t=870] VLA chunk prompt=open the top drawer
2026-09-18 12:43:04,020 | INFO | [t=880] VLA chunk prompt=open the top drawer
2026-09-18 12:43:04,414 | INFO | [t=890] VLA chunk prompt=open the top drawer
2026-09-18 12:43:04,815 | INFO | [t=900] VLA chunk prompt=open the top drawer
2026-09-18 12:43:05,210 | INFO | [t=910] VLA chunk prompt=open the top drawer
2026-09-18 12:43:05,611 | INFO | [t=920] VLA chunk prompt=open the top drawer
2026-09-18 12:43:06,009 | INFO | [t=930] VLA chunk prompt=open the top drawer
2026-09-18 12:43:06,413 | INFO | [t=940] VLA chunk prompt=open the top drawer
2026-09-18 12:43:06,818 | INFO | [t=950] VLA chunk prompt=open the top drawer
2026-09-18 12:43:07,217 | INFO | [t=960] VLA chunk prompt=open the top drawer
2026-09-18 12:43:07,610 | INFO | [t=970] VLA chunk prompt=open the top drawer
2026-09-18 12:43:08,003 | INFO | [t=980] VLA chunk prompt=open the top drawer
2026-09-18 12:43:08,398 | INFO | [t=990] VLA chunk prompt=open the top drawer
2026-09-18 12:43:08,552 | INFO | API VLM @t=400 task=5 subtask=open top drawer keyframes=[]
2026-09-18 12:43:08,741 | INFO | [t=1000] VLM prompt update from step=400: open top drawer
2026-09-18 12:43:08,793 | INFO | [t=1000] VLA chunk prompt=open top drawer
2026-09-18 12:43:09,191 | INFO | [t=1010] VLA chunk prompt=open top drawer
2026-09-18 12:43:09,594 | INFO | [t=1020] VLA chunk prompt=open top drawer
2026-09-18 12:43:09,999 | INFO | [t=1030] VLA chunk prompt=open top drawer
2026-09-18 12:43:10,404 | INFO | [t=1040] VLA chunk prompt=open top drawer
2026-09-18 12:43:10,808 | INFO | [t=1050] VLA chunk prompt=open top drawer
2026-09-18 12:43:11,215 | INFO | [t=1060] VLA chunk prompt=open top drawer
2026-09-18 12:43:11,613 | INFO | [t=1070] VLA chunk prompt=open top drawer
2026-09-18 12:43:12,020 | INFO | [t=1080] VLA chunk prompt=open top drawer
2026-09-18 12:43:12,426 | INFO | [t=1090] VLA chunk prompt=open top drawer
2026-09-18 12:43:12,812 | INFO | [t=1100] VLA chunk prompt=open top drawer
2026-09-18 12:43:13,197 | INFO | [t=1110] VLA chunk prompt=open top drawer
2026-09-18 12:43:13,579 | INFO | [t=1120] VLA chunk prompt=open top drawer
2026-09-18 12:43:13,965 | INFO | [t=1130] VLA chunk prompt=open top drawer
2026-09-18 12:43:14,345 | INFO | [t=1140] VLA chunk prompt=open top drawer
2026-09-18 12:43:14,720 | INFO | [t=1150] VLA chunk prompt=open top drawer
2026-09-18 12:43:15,107 | INFO | [t=1160] VLA chunk prompt=open top drawer
2026-09-18 12:43:15,482 | INFO | [t=1170] VLA chunk prompt=open top drawer
2026-09-18 12:43:15,854 | INFO | [t=1180] VLA chunk prompt=open top drawer
2026-09-18 12:43:16,229 | INFO | [t=1190] VLA chunk prompt=open top drawer
2026-09-18 12:43:16,607 | INFO | [t=1200] VLA chunk prompt=open top drawer
2026-09-18 12:43:16,982 | INFO | [t=1210] VLA chunk prompt=open top drawer
2026-09-18 12:43:17,358 | INFO | [t=1220] VLA chunk prompt=open top drawer
2026-09-18 12:43:17,731 | INFO | [t=1230] VLA chunk prompt=open top drawer
2026-09-18 12:43:18,100 | INFO | [t=1240] VLA chunk prompt=open top drawer
2026-09-18 12:43:18,466 | INFO | [t=1250] VLA chunk prompt=open top drawer
2026-09-18 12:43:18,824 | INFO | [t=1260] VLA chunk prompt=open top drawer
2026-09-18 12:43:19,206 | INFO | [t=1270] VLA chunk prompt=open top drawer
2026-09-18 12:43:19,581 | INFO | [t=1280] VLA chunk prompt=open top drawer
2026-09-18 12:43:19,946 | INFO | [t=1290] VLA chunk prompt=open top drawer
2026-09-18 12:43:20,315 | INFO | [t=1300] VLA chunk prompt=open top drawer
2026-09-18 12:43:20,698 | INFO | [t=1310] VLA chunk prompt=open top drawer
2026-09-18 12:43:21,083 | INFO | [t=1320] VLA chunk prompt=open top drawer
2026-09-18 12:43:21,458 | INFO | [t=1330] VLA chunk prompt=open top drawer
2026-09-18 12:43:21,830 | INFO | [t=1340] VLA chunk prompt=open top drawer
2026-09-18 12:43:22,203 | INFO | [t=1350] VLA chunk prompt=open top drawer
2026-09-18 12:43:22,573 | INFO | [t=1360] VLA chunk prompt=open top drawer
2026-09-18 12:43:22,943 | INFO | [t=1370] VLA chunk prompt=open top drawer
2026-09-18 12:43:23,320 | INFO | [t=1380] VLA chunk prompt=open top drawer
2026-09-18 12:43:23,696 | INFO | [t=1390] VLA chunk prompt=open top drawer
2026-09-18 12:43:24,070 | INFO | [t=1400] VLA chunk prompt=open top drawer
2026-09-18 12:43:24,444 | INFO | [t=1410] VLA chunk prompt=open top drawer
2026-09-18 12:43:24,815 | INFO | [t=1420] VLA chunk prompt=open top drawer
2026-09-18 12:43:25,186 | INFO | [t=1430] VLA chunk prompt=open top drawer
2026-09-18 12:43:25,570 | INFO | [t=1440] VLA chunk prompt=open top drawer
2026-09-18 12:43:25,949 | INFO | [t=1450] VLA chunk prompt=open top drawer
2026-09-18 12:43:26,328 | INFO | [t=1460] VLA chunk prompt=open top drawer
2026-09-18 12:43:26,712 | INFO | [t=1470] VLA chunk prompt=open top drawer
2026-09-18 12:43:27,096 | INFO | [t=1480] VLA chunk prompt=open top drawer
2026-09-18 12:43:27,476 | INFO | [t=1490] VLA chunk prompt=open top drawer
2026-09-18 12:43:27,854 | INFO | [t=1500] VLA chunk prompt=open top drawer
2026-09-18 12:43:28,231 | INFO | [t=1510] VLA chunk prompt=open top drawer
2026-09-18 12:43:28,609 | INFO | [t=1520] VLA chunk prompt=open top drawer
2026-09-18 12:43:28,987 | INFO | [t=1530] VLA chunk prompt=open top drawer
2026-09-18 12:43:29,367 | INFO | [t=1540] VLA chunk prompt=open top drawer
2026-09-18 12:43:29,751 | INFO | [t=1550] VLA chunk prompt=open top drawer
2026-09-18 12:43:30,139 | INFO | [t=1560] VLA chunk prompt=open top drawer
2026-09-18 12:43:30,522 | INFO | [t=1570] VLA chunk prompt=open top drawer
2026-09-18 12:43:30,908 | INFO | [t=1580] VLA chunk prompt=open top drawer
2026-09-18 12:43:31,308 | INFO | [t=1590] VLA chunk prompt=open top drawer
2026-09-18 12:43:31,701 | INFO | [t=1600] VLA chunk prompt=open top drawer
2026-09-18 12:43:32,088 | INFO | [t=1610] VLA chunk prompt=open top drawer
2026-09-18 12:43:32,476 | INFO | [t=1620] VLA chunk prompt=open top drawer
2026-09-18 12:43:32,859 | INFO | [t=1630] VLA chunk prompt=open top drawer
2026-09-18 12:43:33,249 | INFO | [t=1640] VLA chunk prompt=open top drawer
2026-09-18 12:43:33,637 | INFO | [t=1650] VLA chunk prompt=open top drawer
2026-09-18 12:43:34,018 | INFO | [t=1660] VLA chunk prompt=open top drawer
2026-09-18 12:43:34,402 | INFO | [t=1670] VLA chunk prompt=open top drawer
2026-09-18 12:43:34,784 | INFO | [t=1680] VLA chunk prompt=open top drawer
2026-09-18 12:43:35,168 | INFO | [t=1690] VLA chunk prompt=open top drawer
2026-09-18 12:43:35,550 | INFO | [t=1700] VLA chunk prompt=open top drawer
2026-09-18 12:43:35,938 | INFO | [t=1710] VLA chunk prompt=open top drawer
2026-09-18 12:43:36,329 | INFO | [t=1720] VLA chunk prompt=open top drawer
2026-09-18 12:43:36,711 | INFO | [t=1730] VLA chunk prompt=open top drawer
2026-09-18 12:43:37,100 | INFO | [t=1740] VLA chunk prompt=open top drawer
2026-09-18 12:43:37,483 | INFO | [t=1750] VLA chunk prompt=open top drawer
2026-09-18 12:43:37,865 | INFO | [t=1760] VLA chunk prompt=open top drawer
2026-09-18 12:43:38,252 | INFO | [t=1770] VLA chunk prompt=open top drawer
2026-09-18 12:43:38,638 | INFO | [t=1780] VLA chunk prompt=open top drawer
2026-09-18 12:43:39,024 | INFO | [t=1790] VLA chunk prompt=open top drawer
2026-09-18 12:43:39,408 | INFO | [t=1800] VLA chunk prompt=open top drawer
2026-09-18 12:43:39,764 | INFO | API VLM @t=980 task=5 subtask=open the top drawer keyframes=[]
2026-09-18 12:43:39,789 | INFO | [t=1810] VLA chunk prompt=open top drawer
2026-09-18 12:43:40,122 | INFO | [t=1820] VLM prompt update from step=980: open the top drawer
2026-09-18 12:43:40,174 | INFO | [t=1820] VLA chunk prompt=open the top drawer
2026-09-18 12:43:40,557 | INFO | [t=1830] VLA chunk prompt=open the top drawer
2026-09-18 12:43:40,939 | INFO | [t=1840] VLA chunk prompt=open the top drawer
2026-09-18 12:43:41,329 | INFO | [t=1850] VLA chunk prompt=open the top drawer
2026-09-18 12:43:41,718 | INFO | [t=1860] VLA chunk prompt=open the top drawer
2026-09-18 12:43:42,105 | INFO | [t=1870] VLA chunk prompt=open the top drawer
2026-09-18 12:43:42,485 | INFO | [t=1880] VLA chunk prompt=open the top drawer
2026-09-18 12:43:42,864 | INFO | [t=1890] VLA chunk prompt=open the top drawer
2026-09-18 12:43:43,244 | INFO | [t=1900] VLA chunk prompt=open the top drawer
2026-09-18 12:43:43,621 | INFO | [t=1910] VLA chunk prompt=open the top drawer
2026-09-18 12:43:44,003 | INFO | [t=1920] VLA chunk prompt=open the top drawer
2026-09-18 12:43:44,383 | INFO | [t=1930] VLA chunk prompt=open the top drawer
2026-09-18 12:43:44,762 | INFO | [t=1940] VLA chunk prompt=open the top drawer
2026-09-18 12:43:45,141 | INFO | [t=1950] VLA chunk prompt=open the top drawer
2026-09-18 12:43:45,523 | INFO | [t=1960] VLA chunk prompt=open the top drawer
2026-09-18 12:43:45,901 | INFO | [t=1970] VLA chunk prompt=open the top drawer
2026-09-18 12:43:46,284 | INFO | [t=1980] VLA chunk prompt=open the top drawer
2026-09-18 12:43:46,670 | INFO | [t=1990] VLA chunk prompt=open the top drawer
2026-09-18 12:43:47,059 | INFO | [t=2000] VLA chunk prompt=open the top drawer
2026-09-18 12:43:47,444 | INFO | [t=2010] VLA chunk prompt=open the top drawer
2026-09-18 12:43:47,829 | INFO | [t=2020] VLA chunk prompt=open the top drawer
2026-09-18 12:43:48,213 | INFO | [t=2030] VLA chunk prompt=open the top drawer
2026-09-18 12:43:48,590 | INFO | [t=2040] VLA chunk prompt=open the top drawer
2026-09-18 12:43:48,964 | INFO | [t=2050] VLA chunk prompt=open the top drawer
2026-09-18 12:43:49,339 | INFO | [t=2060] VLA chunk prompt=open the top drawer
2026-09-18 12:43:49,732 | INFO | [t=2070] VLA chunk prompt=open the top drawer
2026-09-18 12:43:50,110 | INFO | [t=2080] VLA chunk prompt=open the top drawer
2026-09-18 12:43:50,479 | INFO | [t=2090] VLA chunk prompt=open the top drawer
2026-09-18 12:43:50,849 | INFO | [t=2100] VLA chunk prompt=open the top drawer
2026-09-18 12:43:51,224 | INFO | [t=2110] VLA chunk prompt=open the top drawer
2026-09-18 12:43:51,600 | INFO | [t=2120] VLA chunk prompt=open the top drawer
2026-09-18 12:43:51,978 | INFO | [t=2130] VLA chunk prompt=open the top drawer
2026-09-18 12:43:52,362 | INFO | [t=2140] VLA chunk prompt=open the top drawer
2026-09-18 12:43:52,742 | INFO | [t=2150] VLA chunk prompt=open the top drawer
2026-09-18 12:43:53,119 | INFO | [t=2160] VLA chunk prompt=open the top drawer
2026-09-18 12:43:53,496 | INFO | [t=2170] VLA chunk prompt=open the top drawer
2026-09-18 12:43:53,871 | INFO | [t=2180] VLA chunk prompt=open the top drawer
2026-09-18 12:43:54,239 | INFO | [t=2190] VLA chunk prompt=open the top drawer
2026-09-18 12:43:54,241 | INFO | API VLM @t=1800 task=5 subtask=open the top drawer keyframes=[]
2026-09-18 12:43:54,610 | INFO | [t=2200] VLA chunk prompt=open the top drawer
2026-09-18 12:43:54,973 | INFO | [t=2210] VLA chunk prompt=open the top drawer
2026-09-18 12:43:55,336 | INFO | [t=2220] VLA chunk prompt=open the top drawer
2026-09-18 12:43:55,702 | INFO | [t=2230] VLA chunk prompt=open the top drawer
2026-09-18 12:43:56,071 | INFO | [t=2240] VLA chunk prompt=open the top drawer
2026-09-18 12:43:56,434 | INFO | [t=2250] VLA chunk prompt=open the top drawer
2026-09-18 12:43:56,802 | INFO | [t=2260] VLA chunk prompt=open the top drawer
2026-09-18 12:43:57,174 | INFO | [t=2270] VLA chunk prompt=open the top drawer
2026-09-18 12:43:57,551 | INFO | [t=2280] VLA chunk prompt=open the top drawer
2026-09-18 12:43:57,939 | INFO | [t=2290] VLA chunk prompt=open the top drawer
2026-09-18 12:43:58,321 | INFO | [t=2300] VLA chunk prompt=open the top drawer
2026-09-18 12:43:58,712 | INFO | [t=2310] VLA chunk prompt=open the top drawer
2026-09-18 12:43:59,090 | INFO | [t=2320] VLA chunk prompt=open the top drawer
2026-09-18 12:43:59,471 | INFO | [t=2330] VLA chunk prompt=open the top drawer
2026-09-18 12:43:59,848 | INFO | [t=2340] VLA chunk prompt=open the top drawer
2026-09-18 12:44:00,246 | INFO | [t=2350] VLA chunk prompt=open the top drawer
2026-09-18 12:44:00,645 | INFO | [t=2360] VLA chunk prompt=open the top drawer
2026-09-18 12:44:01,030 | INFO | [t=2370] VLA chunk prompt=open the top drawer
2026-09-18 12:44:01,410 | INFO | [t=2380] VLA chunk prompt=open the top drawer
2026-09-18 12:44:01,787 | INFO | [t=2390] VLA chunk prompt=open the top drawer
2026-09-18 12:44:02,165 | INFO | [t=2400] VLA chunk prompt=open the top drawer
2026-09-18 12:44:02,532 | INFO | [t=2410] VLA chunk prompt=open the top drawer
2026-09-18 12:44:02,894 | INFO | [t=2420] VLA chunk prompt=open the top drawer
2026-09-18 12:44:03,252 | INFO | [t=2430] VLA chunk prompt=open the top drawer
2026-09-18 12:44:03,625 | INFO | [t=2440] VLA chunk prompt=open the top drawer
2026-09-18 12:44:03,987 | INFO | [t=2450] VLA chunk prompt=open the top drawer
2026-09-18 12:44:04,346 | INFO | [t=2460] VLA chunk prompt=open the top drawer
2026-09-18 12:44:04,699 | INFO | [t=2470] VLA chunk prompt=open the top drawer
2026-09-18 12:44:05,059 | INFO | [t=2480] VLA chunk prompt=open the top drawer
2026-09-18 12:44:05,427 | INFO | [t=2490] VLA chunk prompt=open the top drawer
2026-09-18 12:44:05,810 | INFO | [t=2500] VLA chunk prompt=open the top drawer
2026-09-18 12:44:09,156 | INFO | attempt=0 stage_score=0.0 stage_success=False failure_reason=incomplete_stage
2026-09-18 12:44:10,994 | INFO | harness release_gripper after env.reset (attempt=1)
2026-09-18 12:44:10,995 | INFO | async VLM enabled: single-slot subtask buffer
2026-09-18 12:44:11,250 | INFO | [t=10] VLA chunk prompt=Open all drawers in order, remember the empty drawer, then put butter into that empty drawer.
2026-09-18 12:44:11,524 | INFO | [t=20] VLA chunk prompt=Open all drawers in order, remember the empty drawer, then put butter into that empty drawer.
2026-09-18 12:44:11,796 | INFO | [t=30] VLA chunk prompt=Open all drawers in order, remember the empty drawer, then put butter into that empty drawer.
2026-09-18 12:44:12,066 | INFO | [t=40] VLA chunk prompt=Open all drawers in order, remember the empty drawer, then put butter into that empty drawer.
2026-09-18 12:44:12,335 | INFO | [t=50] VLA chunk prompt=Open all drawers in order, remember the empty drawer, then put butter into that empty drawer.
2026-09-18 12:44:12,606 | INFO | [t=60] VLA chunk prompt=Open all drawers in order, remember the empty drawer, then put butter into that empty drawer.
2026-09-18 12:44:12,876 | INFO | [t=70] VLA chunk prompt=Open all drawers in order, remember the empty drawer, then put butter into that empty drawer.
2026-09-18 12:44:13,097 | INFO | [t=80] harness subtask override: open top drawer
2026-09-18 12:44:13,097 | INFO | [t=80] VLM prompt update from step=-1: open top drawer
2026-09-18 12:44:13,097 | INFO | [t=80] harness forced VLM replan after stall (pmh visual retrieve armed)
2026-09-18 12:44:13,148 | INFO | [t=80] VLA chunk prompt=open top drawer
2026-09-18 12:44:13,424 | INFO | [t=90] VLA chunk prompt=open top drawer
2026-09-18 12:44:13,706 | INFO | [t=100] VLA chunk prompt=open top drawer
2026-09-18 12:44:13,985 | INFO | [t=110] VLA chunk prompt=open top drawer
2026-09-18 12:44:14,261 | INFO | [t=120] VLA chunk prompt=open top drawer
2026-09-18 12:44:14,537 | INFO | [t=130] VLA chunk prompt=open top drawer
2026-09-18 12:44:14,849 | INFO | [t=140] VLA chunk prompt=open top drawer
2026-09-18 12:44:15,165 | INFO | [t=150] VLA chunk prompt=open top drawer
2026-09-18 12:44:15,487 | INFO | [t=160] VLA chunk prompt=open top drawer
2026-09-18 12:44:15,812 | INFO | [t=170] VLA chunk prompt=open top drawer
2026-09-18 12:44:16,142 | INFO | [t=180] VLA chunk prompt=open top drawer
2026-09-18 12:44:16,477 | INFO | [t=190] VLA chunk prompt=open top drawer
2026-09-18 12:44:16,817 | INFO | [t=200] VLA chunk prompt=open top drawer
2026-09-18 12:44:17,161 | INFO | [t=210] VLA chunk prompt=open top drawer
2026-09-18 12:44:17,510 | INFO | [t=220] VLA chunk prompt=open top drawer
2026-09-18 12:44:17,862 | INFO | [t=230] VLA chunk prompt=open top drawer
2026-09-18 12:44:18,218 | INFO | [t=240] VLA chunk prompt=open top drawer
2026-09-18 12:44:18,584 | INFO | [t=250] VLA chunk prompt=open top drawer
2026-09-18 12:44:18,953 | INFO | [t=260] VLA chunk prompt=open top drawer
2026-09-18 12:44:19,324 | INFO | [t=270] VLA chunk prompt=open top drawer
2026-09-18 12:44:19,695 | INFO | [t=280] VLA chunk prompt=open top drawer
2026-09-18 12:44:19,789 | INFO | API VLM @t=0 task=5 subtask=open the top drawer keyframes=[]
2026-09-18 12:44:20,039 | INFO | [t=290] VLM prompt update from step=0: open the top drawer
2026-09-18 12:44:20,092 | INFO | [t=290] VLA chunk prompt=open the top drawer
2026-09-18 12:44:20,496 | INFO | [t=300] VLA chunk prompt=open the top drawer
2026-09-18 12:44:20,880 | INFO | [t=310] VLA chunk prompt=open the top drawer
2026-09-18 12:44:21,257 | INFO | [t=320] VLA chunk prompt=open the top drawer
2026-09-18 12:44:21,499 | INFO | API VLM @t=2180 task=5 subtask=open the top drawer keyframes=[]
2026-09-18 12:44:21,643 | INFO | [t=330] VLA chunk prompt=open the top drawer
2026-09-18 12:44:22,021 | INFO | [t=340] VLA chunk prompt=open the top drawer
2026-09-18 12:44:22,399 | INFO | [t=350] VLA chunk prompt=open the top drawer
2026-09-18 12:44:22,778 | INFO | [t=360] VLA chunk prompt=open the top drawer
2026-09-18 12:44:23,161 | INFO | [t=370] VLA chunk prompt=open the top drawer
2026-09-18 12:44:23,536 | INFO | [t=380] VLA chunk prompt=open the top drawer
2026-09-18 12:44:23,907 | INFO | [t=390] VLA chunk prompt=open the top drawer
2026-09-18 12:44:24,277 | INFO | [t=400] VLA chunk prompt=open the top drawer
2026-09-18 12:44:24,646 | INFO | [t=410] VLA chunk prompt=open the top drawer
2026-09-18 12:44:25,016 | INFO | [t=420] VLA chunk prompt=open the top drawer
2026-09-18 12:44:25,388 | INFO | [t=430] VLA chunk prompt=open the top drawer
2026-09-18 12:44:25,767 | INFO | [t=440] VLA chunk prompt=open the top drawer
2026-09-18 12:44:26,147 | INFO | [t=450] VLA chunk prompt=open the top drawer
2026-09-18 12:44:26,525 | INFO | [t=460] VLA chunk prompt=open the top drawer
2026-09-18 12:44:26,902 | INFO | [t=470] VLA chunk prompt=open the top drawer
2026-09-18 12:44:27,274 | INFO | [t=480] VLA chunk prompt=open the top drawer
2026-09-18 12:44:27,645 | INFO | [t=490] VLA chunk prompt=open the top drawer
2026-09-18 12:44:28,017 | INFO | [t=500] VLA chunk prompt=open the top drawer
2026-09-18 12:44:28,390 | INFO | [t=510] VLA chunk prompt=open the top drawer
2026-09-18 12:44:28,763 | INFO | [t=520] VLA chunk prompt=open the top drawer
2026-09-18 12:44:29,136 | INFO | [t=530] VLA chunk prompt=open the top drawer
2026-09-18 12:44:29,506 | INFO | [t=540] VLA chunk prompt=open the top drawer
2026-09-18 12:44:29,875 | INFO | [t=550] VLA chunk prompt=open the top drawer
2026-09-18 12:44:30,244 | INFO | [t=560] VLA chunk prompt=open the top drawer
2026-09-18 12:44:30,611 | INFO | [t=570] VLA chunk prompt=open the top drawer
2026-09-18 12:44:30,982 | INFO | [t=580] VLA chunk prompt=open the top drawer
2026-09-18 12:44:31,363 | INFO | [t=590] VLA chunk prompt=open the top drawer
2026-09-18 12:44:31,748 | INFO | [t=600] VLA chunk prompt=open the top drawer
2026-09-18 12:44:32,130 | INFO | [t=610] VLA chunk prompt=open the top drawer
2026-09-18 12:44:32,510 | INFO | [t=620] VLA chunk prompt=open the top drawer
2026-09-18 12:44:32,888 | INFO | [t=630] VLA chunk prompt=open the top drawer
2026-09-18 12:44:33,266 | INFO | [t=640] VLA chunk prompt=open the top drawer
2026-09-18 12:44:33,641 | INFO | [t=650] VLA chunk prompt=open the top drawer
2026-09-18 12:44:34,011 | INFO | [t=660] VLA chunk prompt=open the top drawer
2026-09-18 12:44:34,377 | INFO | [t=670] VLA chunk prompt=open the top drawer
2026-09-18 12:44:34,743 | INFO | [t=680] VLA chunk prompt=open the top drawer
2026-09-18 12:44:35,119 | INFO | [t=690] VLA chunk prompt=open the top drawer
2026-09-18 12:44:35,489 | INFO | [t=700] VLA chunk prompt=open the top drawer
2026-09-18 12:44:35,867 | INFO | [t=710] VLA chunk prompt=open the top drawer
2026-09-18 12:44:36,241 | INFO | [t=720] VLA chunk prompt=open the top drawer
2026-09-18 12:44:36,616 | INFO | [t=730] VLA chunk prompt=open the top drawer
2026-09-18 12:44:36,991 | INFO | [t=740] VLA chunk prompt=open the top drawer
2026-09-18 12:44:37,376 | INFO | [t=750] VLA chunk prompt=open the top drawer
2026-09-18 12:44:37,750 | INFO | [t=760] VLA chunk prompt=open the top drawer
2026-09-18 12:44:38,132 | INFO | [t=770] VLA chunk prompt=open the top drawer
2026-09-18 12:44:38,516 | INFO | [t=780] VLA chunk prompt=open the top drawer
2026-09-18 12:44:38,899 | INFO | [t=790] VLA chunk prompt=open the top drawer
2026-09-18 12:44:39,277 | INFO | [t=800] VLA chunk prompt=open the top drawer
2026-09-18 12:44:39,653 | INFO | [t=810] VLA chunk prompt=open the top drawer
2026-09-18 12:44:40,028 | INFO | [t=820] VLA chunk prompt=open the top drawer
2026-09-18 12:44:40,403 | INFO | [t=830] VLA chunk prompt=open the top drawer
2026-09-18 12:44:40,605 | INFO | [t=836] stage done: 01_Open_Top_Drawer
2026-09-18 12:44:40,788 | INFO | [t=840] VLA chunk prompt=open the top drawer
2026-09-18 12:44:41,162 | INFO | [t=850] VLA chunk prompt=open the top drawer
2026-09-18 12:44:41,536 | INFO | [t=860] VLA chunk prompt=open the top drawer
2026-09-18 12:44:41,903 | INFO | [t=870] VLA chunk prompt=open the top drawer
2026-09-18 12:44:42,276 | INFO | [t=880] VLA chunk prompt=open the top drawer
2026-09-18 12:44:42,639 | INFO | [t=890] VLA chunk prompt=open the top drawer
2026-09-18 12:44:42,997 | INFO | [t=900] VLA chunk prompt=open the top drawer
2026-09-18 12:44:43,368 | INFO | [t=910] VLA chunk prompt=open the top drawer
2026-09-18 12:44:43,689 | INFO | [t=920] harness subtask override: close top drawer
2026-09-18 12:44:43,689 | INFO | [t=920] VLM prompt update from step=0: close top drawer
2026-09-18 12:44:43,690 | INFO | [t=920] harness forced VLM replan after stall (pmh visual retrieve armed)
2026-09-18 12:44:43,741 | INFO | [t=920] VLA chunk prompt=close top drawer
2026-09-18 12:44:44,116 | INFO | [t=930] VLA chunk prompt=close top drawer
2026-09-18 12:44:44,488 | INFO | [t=940] VLA chunk prompt=close top drawer
2026-09-18 12:44:44,860 | INFO | [t=950] VLA chunk prompt=close top drawer
2026-09-18 12:44:45,231 | INFO | [t=960] VLA chunk prompt=close top drawer
2026-09-18 12:44:45,557 | INFO | [t=970] stage done: 02_Close_Top_Drawer
2026-09-18 12:44:45,608 | INFO | [t=970] VLA chunk prompt=close top drawer
2026-09-18 12:44:45,988 | INFO | [t=980] VLA chunk prompt=close top drawer
2026-09-18 12:44:46,370 | INFO | [t=990] VLA chunk prompt=close top drawer
2026-09-18 12:44:46,385 | INFO | API VLM @t=270 task=5 subtask=open the top drawer keyframes=[1]
2026-09-18 12:44:46,700 | INFO | [t=1000] VLM prompt update from step=270: open the top drawer
2026-09-18 12:44:46,752 | INFO | [t=1000] VLA chunk prompt=open the top drawer
2026-09-18 12:44:47,129 | INFO | [t=1010] VLA chunk prompt=open the top drawer
2026-09-18 12:44:47,509 | INFO | [t=1020] VLA chunk prompt=open the top drawer
2026-09-18 12:44:47,882 | INFO | [t=1030] VLA chunk prompt=open the top drawer
2026-09-18 12:44:48,254 | INFO | [t=1040] VLA chunk prompt=open the top drawer
2026-09-18 12:44:48,573 | INFO | [t=1050] harness subtask override: open middle drawer
2026-09-18 12:44:48,574 | INFO | [t=1050] VLM prompt update from step=270: open middle drawer
2026-09-18 12:44:48,574 | INFO | [t=1050] harness forced VLM replan after stall (pmh visual retrieve armed)
2026-09-18 12:44:48,626 | INFO | [t=1050] VLA chunk prompt=open middle drawer
2026-09-18 12:44:48,998 | INFO | [t=1060] VLA chunk prompt=open middle drawer
2026-09-18 12:44:49,373 | INFO | [t=1070] VLA chunk prompt=open middle drawer
2026-09-18 12:44:49,754 | INFO | [t=1080] VLA chunk prompt=open middle drawer
2026-09-18 12:44:50,134 | INFO | [t=1090] VLA chunk prompt=open middle drawer
2026-09-18 12:44:50,516 | INFO | [t=1100] VLA chunk prompt=open middle drawer
2026-09-18 12:44:50,916 | INFO | [t=1110] VLA chunk prompt=open middle drawer
2026-09-18 12:44:51,288 | INFO | [t=1120] VLA chunk prompt=open middle drawer
2026-09-18 12:44:51,661 | INFO | [t=1130] VLA chunk prompt=open middle drawer
2026-09-18 12:44:52,036 | INFO | [t=1140] VLA chunk prompt=open middle drawer
2026-09-18 12:44:52,410 | INFO | [t=1150] VLA chunk prompt=open middle drawer
2026-09-18 12:44:52,781 | INFO | [t=1160] VLA chunk prompt=open middle drawer
2026-09-18 12:44:53,157 | INFO | [t=1170] VLA chunk prompt=open middle drawer
2026-09-18 12:44:53,534 | INFO | [t=1180] VLA chunk prompt=open middle drawer
2026-09-18 12:44:53,914 | INFO | [t=1190] VLA chunk prompt=open middle drawer
2026-09-18 12:44:54,295 | INFO | [t=1200] VLA chunk prompt=open middle drawer
2026-09-18 12:44:54,679 | INFO | [t=1210] VLA chunk prompt=open middle drawer
2026-09-18 12:44:55,064 | INFO | [t=1220] VLA chunk prompt=open middle drawer
2026-09-18 12:44:55,449 | INFO | [t=1230] VLA chunk prompt=open middle drawer
2026-09-18 12:44:55,832 | INFO | [t=1240] VLA chunk prompt=open middle drawer
2026-09-18 12:44:56,218 | INFO | [t=1250] VLA chunk prompt=open middle drawer
2026-09-18 12:44:56,605 | INFO | [t=1260] VLA chunk prompt=open middle drawer
2026-09-18 12:44:56,991 | INFO | [t=1270] VLA chunk prompt=open middle drawer
2026-09-18 12:44:57,376 | INFO | [t=1280] VLA chunk prompt=open middle drawer
2026-09-18 12:44:57,760 | INFO | [t=1290] VLA chunk prompt=open middle drawer
2026-09-18 12:44:58,140 | INFO | [t=1300] VLA chunk prompt=open middle drawer
2026-09-18 12:44:58,520 | INFO | [t=1310] VLA chunk prompt=open middle drawer
2026-09-18 12:44:58,910 | INFO | [t=1320] VLA chunk prompt=open middle drawer
2026-09-18 12:44:59,292 | INFO | [t=1330] VLA chunk prompt=open middle drawer
2026-09-18 12:44:59,682 | INFO | [t=1340] VLA chunk prompt=open middle drawer
2026-09-18 12:45:00,075 | INFO | [t=1350] VLA chunk prompt=open middle drawer
2026-09-18 12:45:00,475 | INFO | [t=1360] VLA chunk prompt=open middle drawer
2026-09-18 12:45:00,875 | INFO | [t=1370] VLA chunk prompt=open middle drawer
2026-09-18 12:45:01,269 | INFO | [t=1380] VLA chunk prompt=open middle drawer
2026-09-18 12:45:01,657 | INFO | [t=1390] VLA chunk prompt=open middle drawer
2026-09-18 12:45:02,049 | INFO | [t=1400] VLA chunk prompt=open middle drawer
2026-09-18 12:45:02,435 | INFO | [t=1410] VLA chunk prompt=open middle drawer
2026-09-18 12:45:02,823 | INFO | [t=1420] VLA chunk prompt=open middle drawer
2026-09-18 12:45:03,209 | INFO | [t=1430] VLA chunk prompt=open middle drawer
2026-09-18 12:45:03,602 | INFO | [t=1440] VLA chunk prompt=open middle drawer
2026-09-18 12:45:04,001 | INFO | [t=1450] VLA chunk prompt=open middle drawer
2026-09-18 12:45:04,405 | INFO | [t=1460] VLA chunk prompt=open middle drawer
2026-09-18 12:45:04,821 | INFO | [t=1470] VLA chunk prompt=open middle drawer
2026-09-18 12:45:05,237 | INFO | [t=1480] VLA chunk prompt=open middle drawer
2026-09-18 12:45:05,628 | INFO | [t=1490] VLA chunk prompt=open middle drawer
2026-09-18 12:45:06,014 | INFO | [t=1500] VLA chunk prompt=open middle drawer
2026-09-18 12:45:06,408 | INFO | [t=1510] VLA chunk prompt=open middle drawer
2026-09-18 12:45:06,792 | INFO | [t=1520] VLA chunk prompt=open middle drawer
2026-09-18 12:45:07,184 | INFO | [t=1530] VLA chunk prompt=open middle drawer
2026-09-18 12:45:07,578 | INFO | [t=1540] VLA chunk prompt=open middle drawer
2026-09-18 12:45:07,972 | INFO | [t=1550] VLA chunk prompt=open middle drawer
2026-09-18 12:45:08,361 | INFO | [t=1560] VLA chunk prompt=open middle drawer
2026-09-18 12:45:08,751 | INFO | [t=1570] VLA chunk prompt=open middle drawer
2026-09-18 12:45:09,144 | INFO | [t=1580] VLA chunk prompt=open middle drawer
2026-09-18 12:45:09,538 | INFO | [t=1590] VLA chunk prompt=open middle drawer
2026-09-18 12:45:09,701 | INFO | API VLM @t=980 task=5 subtask=open top drawer keyframes=[]
2026-09-18 12:45:09,892 | INFO | [t=1600] VLM prompt update from step=980: open top drawer
2026-09-18 12:45:09,943 | INFO | [t=1600] VLA chunk prompt=open top drawer
2026-09-18 12:45:10,340 | INFO | [t=1610] VLA chunk prompt=open top drawer
2026-09-18 12:45:10,733 | INFO | [t=1620] VLA chunk prompt=open top drawer
2026-09-18 12:45:11,116 | INFO | [t=1630] VLA chunk prompt=open top drawer
2026-09-18 12:45:11,499 | INFO | [t=1640] VLA chunk prompt=open top drawer
2026-09-18 12:45:11,884 | INFO | [t=1650] VLA chunk prompt=open top drawer
2026-09-18 12:45:12,269 | INFO | [t=1660] VLA chunk prompt=open top drawer
2026-09-18 12:45:12,658 | INFO | [t=1670] VLA chunk prompt=open top drawer
2026-09-18 12:45:13,044 | INFO | [t=1680] VLA chunk prompt=open top drawer
2026-09-18 12:45:13,431 | INFO | [t=1690] VLA chunk prompt=open top drawer
2026-09-18 12:45:13,819 | INFO | [t=1700] VLA chunk prompt=open top drawer
2026-09-18 12:45:14,210 | INFO | [t=1710] VLA chunk prompt=open top drawer
2026-09-18 12:45:14,602 | INFO | [t=1720] VLA chunk prompt=open top drawer
2026-09-18 12:45:14,997 | INFO | [t=1730] VLA chunk prompt=open top drawer
2026-09-18 12:45:15,401 | INFO | [t=1740] VLA chunk prompt=open top drawer
2026-09-18 12:45:15,803 | INFO | [t=1750] VLA chunk prompt=open top drawer
2026-09-18 12:45:16,207 | INFO | [t=1760] VLA chunk prompt=open top drawer
2026-09-18 12:45:16,614 | INFO | [t=1770] VLA chunk prompt=open top drawer
2026-09-18 12:45:17,021 | INFO | [t=1780] VLA chunk prompt=open top drawer
2026-09-18 12:45:17,425 | INFO | [t=1790] VLA chunk prompt=open top drawer
2026-09-18 12:45:17,815 | INFO | [t=1800] VLA chunk prompt=open top drawer
2026-09-18 12:45:18,207 | INFO | [t=1810] VLA chunk prompt=open top drawer
2026-09-18 12:45:18,599 | INFO | [t=1820] VLA chunk prompt=open top drawer
2026-09-18 12:45:18,990 | INFO | [t=1830] VLA chunk prompt=open top drawer
2026-09-18 12:45:19,389 | INFO | [t=1840] VLA chunk prompt=open top drawer
2026-09-18 12:45:19,783 | INFO | [t=1850] VLA chunk prompt=open top drawer
2026-09-18 12:45:20,174 | INFO | [t=1860] VLA chunk prompt=open top drawer
2026-09-18 12:45:20,555 | INFO | [t=1870] VLA chunk prompt=open top drawer
2026-09-18 12:45:20,927 | INFO | [t=1880] VLA chunk prompt=open top drawer
2026-09-18 12:45:21,316 | INFO | [t=1890] VLA chunk prompt=open top drawer
2026-09-18 12:45:21,689 | INFO | [t=1900] VLA chunk prompt=open top drawer
2026-09-18 12:45:22,052 | INFO | [t=1910] VLA chunk prompt=open top drawer
2026-09-18 12:45:22,416 | INFO | [t=1920] VLA chunk prompt=open top drawer
2026-09-18 12:45:22,786 | INFO | [t=1930] VLA chunk prompt=open top drawer
2026-09-18 12:45:23,162 | INFO | [t=1940] VLA chunk prompt=open top drawer
2026-09-18 12:45:23,536 | INFO | [t=1950] VLA chunk prompt=open top drawer
2026-09-18 12:45:23,919 | INFO | [t=1960] VLA chunk prompt=open top drawer
2026-09-18 12:45:24,306 | INFO | [t=1970] VLA chunk prompt=open top drawer
2026-09-18 12:45:24,699 | INFO | [t=1980] VLA chunk prompt=open top drawer
2026-09-18 12:45:25,090 | INFO | [t=1990] VLA chunk prompt=open top drawer
2026-09-18 12:45:25,471 | INFO | [t=2000] VLA chunk prompt=open top drawer
2026-09-18 12:45:25,851 | INFO | [t=2010] VLA chunk prompt=open top drawer
2026-09-18 12:45:26,233 | INFO | [t=2020] VLA chunk prompt=open top drawer
2026-09-18 12:45:26,610 | INFO | [t=2030] VLA chunk prompt=open top drawer
2026-09-18 12:45:26,984 | INFO | [t=2040] VLA chunk prompt=open top drawer
2026-09-18 12:45:27,360 | INFO | [t=2050] VLA chunk prompt=open top drawer
2026-09-18 12:45:27,732 | INFO | [t=2060] VLA chunk prompt=open top drawer
2026-09-18 12:45:28,099 | INFO | [t=2070] VLA chunk prompt=open top drawer
2026-09-18 12:45:28,461 | INFO | [t=2080] VLA chunk prompt=open top drawer
2026-09-18 12:45:28,822 | INFO | [t=2090] VLA chunk prompt=open top drawer
2026-09-18 12:45:29,183 | INFO | [t=2100] VLA chunk prompt=open top drawer
2026-09-18 12:45:29,546 | INFO | [t=2110] VLA chunk prompt=open top drawer
2026-09-18 12:45:29,911 | INFO | [t=2120] VLA chunk prompt=open top drawer
2026-09-18 12:45:30,287 | INFO | [t=2130] VLA chunk prompt=open top drawer
2026-09-18 12:45:30,664 | INFO | [t=2140] VLA chunk prompt=open top drawer
2026-09-18 12:45:31,037 | INFO | [t=2150] VLA chunk prompt=open top drawer
2026-09-18 12:45:31,403 | INFO | [t=2160] VLA chunk prompt=open top drawer
2026-09-18 12:45:31,767 | INFO | [t=2170] VLA chunk prompt=open top drawer
2026-09-18 12:45:32,132 | INFO | [t=2180] VLA chunk prompt=open top drawer
2026-09-18 12:45:32,498 | INFO | [t=2190] VLA chunk prompt=open top drawer
2026-09-18 12:45:32,859 | INFO | [t=2200] VLA chunk prompt=open top drawer
2026-09-18 12:45:32,959 | INFO | API VLM @t=1580 task=5 subtask=open the middle drawer keyframes=[]
2026-09-18 12:45:33,176 | INFO | [t=2210] VLM prompt update from step=1580: open the middle drawer
2026-09-18 12:45:33,227 | INFO | [t=2210] VLA chunk prompt=open the middle drawer
2026-09-18 12:45:33,588 | INFO | [t=2220] VLA chunk prompt=open the middle drawer
2026-09-18 12:45:33,949 | INFO | [t=2230] VLA chunk prompt=open the middle drawer
2026-09-18 12:45:34,313 | INFO | [t=2240] VLA chunk prompt=open the middle drawer
2026-09-18 12:45:34,687 | INFO | [t=2250] VLA chunk prompt=open the middle drawer
2026-09-18 12:45:35,063 | INFO | [t=2260] VLA chunk prompt=open the middle drawer
2026-09-18 12:45:35,436 | INFO | [t=2270] VLA chunk prompt=open the middle drawer
2026-09-18 12:45:35,799 | INFO | [t=2280] VLA chunk prompt=open the middle drawer
2026-09-18 12:45:36,162 | INFO | [t=2290] VLA chunk prompt=open the middle drawer
2026-09-18 12:45:36,524 | INFO | [t=2300] VLA chunk prompt=open the middle drawer
2026-09-18 12:45:36,884 | INFO | [t=2310] VLA chunk prompt=open the middle drawer
2026-09-18 12:45:37,247 | INFO | [t=2320] VLA chunk prompt=open the middle drawer
2026-09-18 12:45:37,607 | INFO | [t=2330] VLA chunk prompt=open the middle drawer
2026-09-18 12:45:37,968 | INFO | [t=2340] VLA chunk prompt=open the middle drawer
2026-09-18 12:45:38,330 | INFO | [t=2350] VLA chunk prompt=open the middle drawer
2026-09-18 12:45:38,700 | INFO | [t=2360] VLA chunk prompt=open the middle drawer
2026-09-18 12:45:39,069 | INFO | [t=2370] VLA chunk prompt=open the middle drawer
2026-09-18 12:45:39,436 | INFO | [t=2380] VLA chunk prompt=open the middle drawer
2026-09-18 12:45:39,800 | INFO | [t=2390] VLA chunk prompt=open the middle drawer
2026-09-18 12:45:40,163 | INFO | [t=2400] VLA chunk prompt=open the middle drawer
2026-09-18 12:45:40,535 | INFO | [t=2410] VLA chunk prompt=open the middle drawer
2026-09-18 12:45:40,901 | INFO | [t=2420] VLA chunk prompt=open the middle drawer
2026-09-18 12:45:41,263 | INFO | [t=2430] VLA chunk prompt=open the middle drawer
2026-09-18 12:45:41,623 | INFO | [t=2440] VLA chunk prompt=open the middle drawer
2026-09-18 12:45:41,984 | INFO | [t=2450] VLA chunk prompt=open the middle drawer
2026-09-18 12:45:42,344 | INFO | [t=2460] VLA chunk prompt=open the middle drawer
2026-09-18 12:45:42,703 | INFO | [t=2470] VLA chunk prompt=open the middle drawer
2026-09-18 12:45:43,061 | INFO | [t=2480] VLA chunk prompt=open the middle drawer
2026-09-18 12:45:43,422 | INFO | [t=2490] VLA chunk prompt=open the middle drawer
2026-09-18 12:45:43,786 | INFO | [t=2500] VLA chunk prompt=open the middle drawer
2026-09-18 12:45:47,155 | INFO | attempt=1 stage_score=25.0 stage_success=False failure_reason=incomplete_stage
2026-09-18 12:45:47,155 | INFO | Episode 0 seed=100 stage_score=25.0 stage_success=0 goal=0.250 failure_reason=incomplete_stage | 01_Open_Top_Drawer=Y | 02_Close_Top_Drawer=Y | 03_Open_Middle_Drawer=N | 04_Close_Middle_Drawer=N | 05_Open_Bottom_Drawer=N | 06_Close_Bottom_Drawer=N | 07_Open_Middle_Drawer_Again=N | 08_Put_Butter_Middle_Drawer=N | 09_Close_Middle_Drawer_Final=N
