2026-09-27 12:48:01,838 | INFO | task_id=22 bddl=/project/peilab/why/RoboMemArena/bddl/22_pour_tomato_cookies_microwave.bddl vlm_ckpt=/project/peilab/why/RoboMemArena/checkpoints/PrediMem/vlm_tasks1to26_ckpt74500
2026-09-27 12:48:01,845 | INFO | [redact] enabled task=22 registered_phrases=0 terms=[]
2026-09-27 12:48:03,604 | INFO | async VLM enabled: single-slot subtask buffer
2026-09-27 12:48:03,788 | INFO | [redact] enabled task=22 registered_phrases=0 terms=[]
2026-09-27 12:48:03,842 | INFO | [t=10] VLA chunk prompt=Pour tomato sauce over cookies twice, then put the cookies into the microwave.
2026-09-27 12:48:04,097 | INFO | [t=20] VLA chunk prompt=Pour tomato sauce over cookies twice, then put the cookies into the microwave.
2026-09-27 12:48:04,349 | INFO | [t=30] VLA chunk prompt=Pour tomato sauce over cookies twice, then put the cookies into the microwave.
2026-09-27 12:48:04,601 | INFO | [t=40] VLA chunk prompt=Pour tomato sauce over cookies twice, then put the cookies into the microwave.
2026-09-27 12:48:04,850 | INFO | [t=50] VLA chunk prompt=Pour tomato sauce over cookies twice, then put the cookies into the microwave.
2026-09-27 12:48:05,097 | INFO | [t=60] VLA chunk prompt=Pour tomato sauce over cookies twice, then put the cookies into the microwave.
2026-09-27 12:48:05,345 | INFO | [t=70] VLA chunk prompt=Pour tomato sauce over cookies twice, then put the cookies into the microwave.
2026-09-27 12:48:05,611 | INFO | [t=80] VLA chunk prompt=Pour tomato sauce over cookies twice, then put the cookies into the microwave.
2026-09-27 12:48:05,867 | INFO | [t=90] VLA chunk prompt=Pour tomato sauce over cookies twice, then put the cookies into the microwave.
2026-09-27 12:48:06,119 | INFO | [t=100] VLA chunk prompt=Pour tomato sauce over cookies twice, then put the cookies into the microwave.
2026-09-27 12:48:06,374 | INFO | [t=110] VLA chunk prompt=Pour tomato sauce over cookies twice, then put the cookies into the microwave.
2026-09-27 12:48:06,622 | INFO | [t=120] VLA chunk prompt=Pour tomato sauce over cookies twice, then put the cookies into the microwave.
2026-09-27 12:48:06,886 | INFO | [t=130] VLA chunk prompt=Pour tomato sauce over cookies twice, then put the cookies into the microwave.
2026-09-27 12:48:07,173 | INFO | [t=140] VLA chunk prompt=Pour tomato sauce over cookies twice, then put the cookies into the microwave.
2026-09-27 12:48:07,463 | INFO | [t=150] VLA chunk prompt=Pour tomato sauce over cookies twice, then put the cookies into the microwave.
2026-09-27 12:48:07,761 | INFO | [t=160] VLA chunk prompt=Pour tomato sauce over cookies twice, then put the cookies into the microwave.
2026-09-27 12:48:08,064 | INFO | [t=170] VLA chunk prompt=Pour tomato sauce over cookies twice, then put the cookies into the microwave.
2026-09-27 12:48:08,155 | INFO | API VLM @t=0 task=22 subtask=Grasp and lift the tomato sauce bottle. keyframes=[]
2026-09-27 12:48:08,157 | INFO | [redact] enabled task=22 registered_phrases=0 terms=[]
2026-09-27 12:48:08,325 | INFO | [t=180] VLM prompt update from step=0: Grasp and lift the tomato sauce bottle.
2026-09-27 12:48:08,376 | INFO | [t=180] VLA chunk prompt=Grasp and lift the tomato sauce bottle.
2026-09-27 12:48:08,478 | INFO | [t=184] stage done: 01_Lift_Tomato_Sauce
2026-09-27 12:48:08,681 | INFO | [t=190] VLA chunk prompt=Grasp and lift the tomato sauce bottle.
2026-09-27 12:48:08,986 | INFO | [t=200] VLA chunk prompt=Grasp and lift the tomato sauce bottle.
2026-09-27 12:48:09,302 | INFO | [t=210] VLA chunk prompt=Grasp and lift the tomato sauce bottle.
2026-09-27 12:48:09,622 | INFO | [t=220] VLA chunk prompt=Grasp and lift the tomato sauce bottle.
2026-09-27 12:48:09,949 | INFO | [t=230] VLA chunk prompt=Grasp and lift the tomato sauce bottle.
2026-09-27 12:48:10,277 | INFO | [t=240] VLA chunk prompt=Grasp and lift the tomato sauce bottle.
2026-09-27 12:48:10,605 | INFO | [t=250] VLA chunk prompt=Grasp and lift the tomato sauce bottle.
2026-09-27 12:48:10,940 | INFO | [t=260] VLA chunk prompt=Grasp and lift the tomato sauce bottle.
2026-09-27 12:48:11,279 | INFO | [t=270] VLA chunk prompt=Grasp and lift the tomato sauce bottle.
2026-09-27 12:48:11,624 | INFO | [t=280] VLA chunk prompt=Grasp and lift the tomato sauce bottle.
2026-09-27 12:48:11,968 | INFO | [t=290] VLA chunk prompt=Grasp and lift the tomato sauce bottle.
2026-09-27 12:48:12,315 | INFO | [t=300] VLA chunk prompt=Grasp and lift the tomato sauce bottle.
2026-09-27 12:48:12,662 | INFO | [t=310] VLA chunk prompt=Grasp and lift the tomato sauce bottle.
2026-09-27 12:48:12,880 | INFO | API VLM @t=160 task=22 subtask=Grasp the tomato sauce bottle and lift it off the table. keyframes=[]
2026-09-27 12:48:12,882 | INFO | [redact] enabled task=22 registered_phrases=0 terms=[]
2026-09-27 12:48:12,964 | INFO | [t=320] VLM prompt update from step=160: Grasp the tomato sauce bottle and lift it off the table.
2026-09-27 12:48:13,016 | INFO | [t=320] VLA chunk prompt=Grasp the tomato sauce bottle and lift it off the table.
2026-09-27 12:48:13,363 | INFO | [t=330] VLA chunk prompt=Grasp the tomato sauce bottle and lift it off the table.
2026-09-27 12:48:13,711 | INFO | [t=340] VLA chunk prompt=Grasp the tomato sauce bottle and lift it off the table.
2026-09-27 12:48:14,060 | INFO | [t=350] VLA chunk prompt=Grasp the tomato sauce bottle and lift it off the table.
2026-09-27 12:48:14,414 | INFO | [t=360] VLA chunk prompt=Grasp the tomato sauce bottle and lift it off the table.
2026-09-27 12:48:14,758 | INFO | [t=370] VLA chunk prompt=Grasp the tomato sauce bottle and lift it off the table.
2026-09-27 12:48:15,109 | INFO | [t=380] VLA chunk prompt=Grasp the tomato sauce bottle and lift it off the table.
2026-09-27 12:48:15,464 | INFO | [t=390] VLA chunk prompt=Grasp the tomato sauce bottle and lift it off the table.
2026-09-27 12:48:15,822 | INFO | [t=400] VLA chunk prompt=Grasp the tomato sauce bottle and lift it off the table.
2026-09-27 12:48:16,167 | INFO | [t=410] VLA chunk prompt=Grasp the tomato sauce bottle and lift it off the table.
2026-09-27 12:48:16,500 | INFO | [t=420] VLA chunk prompt=Grasp the tomato sauce bottle and lift it off the table.
2026-09-27 12:48:16,820 | INFO | [t=430] VLA chunk prompt=Grasp the tomato sauce bottle and lift it off the table.
2026-09-27 12:48:17,143 | INFO | [t=440] VLA chunk prompt=Grasp the tomato sauce bottle and lift it off the table.
2026-09-27 12:48:17,401 | INFO | API VLM @t=305 task=22 subtask=Tilt the sauce bottle over the cookies to pour sauce onto them once. keyframes=[]
2026-09-27 12:48:17,404 | INFO | [redact] enabled task=22 registered_phrases=0 terms=[]
2026-09-27 12:48:17,424 | INFO | [t=450] VLM prompt update from step=305: Tilt the sauce bottle over the cookies to pour sauce onto them once.
2026-09-27 12:48:17,476 | INFO | [t=450] VLA chunk prompt=Tilt the sauce bottle over the cookies to pour sauce onto them once.
2026-09-27 12:48:17,801 | INFO | [t=460] VLA chunk prompt=Tilt the sauce bottle over the cookies to pour sauce onto them once.
2026-09-27 12:48:18,125 | INFO | [t=470] VLA chunk prompt=Tilt the sauce bottle over the cookies to pour sauce onto them once.
2026-09-27 12:48:18,445 | INFO | [t=480] VLA chunk prompt=Tilt the sauce bottle over the cookies to pour sauce onto them once.
2026-09-27 12:48:18,768 | INFO | [t=490] VLA chunk prompt=Tilt the sauce bottle over the cookies to pour sauce onto them once.
2026-09-27 12:48:19,088 | INFO | [t=500] VLA chunk prompt=Tilt the sauce bottle over the cookies to pour sauce onto them once.
2026-09-27 12:48:19,412 | INFO | [t=510] VLA chunk prompt=Tilt the sauce bottle over the cookies to pour sauce onto them once.
2026-09-27 12:48:19,757 | INFO | [t=520] VLA chunk prompt=Tilt the sauce bottle over the cookies to pour sauce onto them once.
2026-09-27 12:48:20,103 | INFO | [t=530] VLA chunk prompt=Tilt the sauce bottle over the cookies to pour sauce onto them once.
2026-09-27 12:48:20,431 | INFO | [t=540] VLA chunk prompt=Tilt the sauce bottle over the cookies to pour sauce onto them once.
2026-09-27 12:48:20,758 | INFO | [t=550] VLA chunk prompt=Tilt the sauce bottle over the cookies to pour sauce onto them once.
2026-09-27 12:48:21,087 | INFO | [t=560] VLA chunk prompt=Tilt the sauce bottle over the cookies to pour sauce onto them once.
2026-09-27 12:48:21,417 | INFO | [t=570] VLA chunk prompt=Tilt the sauce bottle over the cookies to pour sauce onto them once.
2026-09-27 12:48:21,749 | INFO | [t=580] VLA chunk prompt=Tilt the sauce bottle over the cookies to pour sauce onto them once.
2026-09-27 12:48:22,079 | INFO | [t=590] VLA chunk prompt=Tilt the sauce bottle over the cookies to pour sauce onto them once.
2026-09-27 12:48:22,278 | INFO | API VLM @t=435 task=22 subtask=Pour sauce from the bottle onto the cookies. keyframes=[]
2026-09-27 12:48:22,281 | INFO | [redact] enabled task=22 registered_phrases=0 terms=[]
2026-09-27 12:48:22,365 | INFO | [t=600] VLM prompt update from step=435: Pour sauce from the bottle onto the cookies.
2026-09-27 12:48:22,417 | INFO | [t=600] VLA chunk prompt=Pour sauce from the bottle onto the cookies.
2026-09-27 12:48:22,749 | INFO | [t=610] VLA chunk prompt=Pour sauce from the bottle onto the cookies.
2026-09-27 12:48:23,091 | INFO | [t=620] VLA chunk prompt=Pour sauce from the bottle onto the cookies.
2026-09-27 12:48:23,426 | INFO | [t=630] VLA chunk prompt=Pour sauce from the bottle onto the cookies.
2026-09-27 12:48:23,765 | INFO | [t=640] VLA chunk prompt=Pour sauce from the bottle onto the cookies.
2026-09-27 12:48:24,095 | INFO | [t=650] VLA chunk prompt=Pour sauce from the bottle onto the cookies.
2026-09-27 12:48:24,427 | INFO | [t=660] VLA chunk prompt=Pour sauce from the bottle onto the cookies.
2026-09-27 12:48:24,759 | INFO | [t=670] VLA chunk prompt=Pour sauce from the bottle onto the cookies.
2026-09-27 12:48:25,090 | INFO | [t=680] VLA chunk prompt=Pour sauce from the bottle onto the cookies.
2026-09-27 12:48:25,424 | INFO | [t=690] VLA chunk prompt=Pour sauce from the bottle onto the cookies.
2026-09-27 12:48:25,758 | INFO | [t=700] VLA chunk prompt=Pour sauce from the bottle onto the cookies.
2026-09-27 12:48:26,092 | INFO | [t=710] VLA chunk prompt=Pour sauce from the bottle onto the cookies.
2026-09-27 12:48:26,423 | INFO | [t=720] VLA chunk prompt=Pour sauce from the bottle onto the cookies.
2026-09-27 12:48:26,757 | INFO | [t=730] VLA chunk prompt=Pour sauce from the bottle onto the cookies.
2026-09-27 12:48:27,004 | INFO | API VLM @t=585 task=22 subtask=Tilt the tomato sauce bottle over the cookies to pour sauce once. keyframes=[]
2026-09-27 12:48:27,006 | INFO | [redact] enabled task=22 registered_phrases=0 terms=[]
2026-09-27 12:48:27,038 | INFO | [t=740] VLM prompt update from step=585: Tilt the tomato sauce bottle over the cookies to pour sauce once.
2026-09-27 12:48:27,090 | INFO | [t=740] VLA chunk prompt=Tilt the tomato sauce bottle over the cookies to pour sauce once.
2026-09-27 12:48:27,421 | INFO | [t=750] VLA chunk prompt=Tilt the tomato sauce bottle over the cookies to pour sauce once.
2026-09-27 12:48:27,746 | INFO | [t=760] VLA chunk prompt=Tilt the tomato sauce bottle over the cookies to pour sauce once.
2026-09-27 12:48:28,067 | INFO | [t=770] VLA chunk prompt=Tilt the tomato sauce bottle over the cookies to pour sauce once.
2026-09-27 12:48:28,387 | INFO | [t=780] VLA chunk prompt=Tilt the tomato sauce bottle over the cookies to pour sauce once.
2026-09-27 12:48:28,706 | INFO | [t=790] VLA chunk prompt=Tilt the tomato sauce bottle over the cookies to pour sauce once.
2026-09-27 12:48:29,028 | INFO | [t=800] VLA chunk prompt=Tilt the tomato sauce bottle over the cookies to pour sauce once.
2026-09-27 12:48:29,358 | INFO | [t=810] VLA chunk prompt=Tilt the tomato sauce bottle over the cookies to pour sauce once.
2026-09-27 12:48:29,676 | INFO | [t=820] VLA chunk prompt=Tilt the tomato sauce bottle over the cookies to pour sauce once.
2026-09-27 12:48:29,997 | INFO | [t=830] VLA chunk prompt=Tilt the tomato sauce bottle over the cookies to pour sauce once.
2026-09-27 12:48:30,318 | INFO | [t=840] VLA chunk prompt=Tilt the tomato sauce bottle over the cookies to pour sauce once.
2026-09-27 12:48:30,633 | INFO | [t=850] VLA chunk prompt=Tilt the tomato sauce bottle over the cookies to pour sauce once.
2026-09-27 12:48:30,949 | INFO | [t=860] VLA chunk prompt=Tilt the tomato sauce bottle over the cookies to pour sauce once.
2026-09-27 12:48:31,267 | INFO | [t=870] VLA chunk prompt=Tilt the tomato sauce bottle over the cookies to pour sauce once.
2026-09-27 12:48:31,474 | INFO | API VLM @t=725 task=22 subtask=Tilt the sauce bottle to pour sauce onto the cookies once. keyframes=[]
2026-09-27 12:48:31,476 | INFO | [redact] enabled task=22 registered_phrases=0 terms=[]
2026-09-27 12:48:31,538 | INFO | [t=880] VLM prompt update from step=725: Tilt the sauce bottle to pour sauce onto the cookies once.
2026-09-27 12:48:31,589 | INFO | [t=880] VLA chunk prompt=Tilt the sauce bottle to pour sauce onto the cookies once.
2026-09-27 12:48:31,910 | INFO | [t=890] VLA chunk prompt=Tilt the sauce bottle to pour sauce onto the cookies once.
2026-09-27 12:48:32,227 | INFO | [t=900] VLA chunk prompt=Tilt the sauce bottle to pour sauce onto the cookies once.
2026-09-27 12:48:32,538 | INFO | [t=910] VLA chunk prompt=Tilt the sauce bottle to pour sauce onto the cookies once.
2026-09-27 12:48:32,852 | INFO | [t=920] VLA chunk prompt=Tilt the sauce bottle to pour sauce onto the cookies once.
2026-09-27 12:48:33,171 | INFO | [t=930] VLA chunk prompt=Tilt the sauce bottle to pour sauce onto the cookies once.
2026-09-27 12:48:33,503 | INFO | [t=940] VLA chunk prompt=Tilt the sauce bottle to pour sauce onto the cookies once.
2026-09-27 12:48:33,830 | INFO | [t=950] VLA chunk prompt=Tilt the sauce bottle to pour sauce onto the cookies once.
2026-09-27 12:48:34,151 | INFO | [t=960] VLA chunk prompt=Tilt the sauce bottle to pour sauce onto the cookies once.
2026-09-27 12:48:34,482 | INFO | [t=970] VLA chunk prompt=Tilt the sauce bottle to pour sauce onto the cookies once.
2026-09-27 12:48:34,802 | INFO | [t=980] VLA chunk prompt=Tilt the sauce bottle to pour sauce onto the cookies once.
2026-09-27 12:48:35,130 | INFO | [t=990] VLA chunk prompt=Tilt the sauce bottle to pour sauce onto the cookies once.
2026-09-27 12:48:35,465 | INFO | [t=1000] VLA chunk prompt=Tilt the sauce bottle to pour sauce onto the cookies once.
2026-09-27 12:48:35,798 | INFO | [t=1010] VLA chunk prompt=Tilt the sauce bottle to pour sauce onto the cookies once.
2026-09-27 12:48:36,133 | INFO | [t=1020] VLA chunk prompt=Tilt the sauce bottle to pour sauce onto the cookies once.
2026-09-27 12:48:36,455 | INFO | API VLM @t=865 task=22 subtask=Tilt the bottle to pour sauce onto the target once. keyframes=[]
2026-09-27 12:48:36,457 | INFO | [redact] enabled task=22 registered_phrases=0 terms=[]
2026-09-27 12:48:36,471 | INFO | [t=1030] VLA chunk prompt=Tilt the sauce bottle to pour sauce onto the cookies once.
2026-09-27 12:48:36,759 | INFO | [t=1040] VLM prompt update from step=865: Tilt the bottle to pour sauce onto the target once.
2026-09-27 12:48:36,811 | INFO | [t=1040] VLA chunk prompt=Tilt the bottle to pour sauce onto the target once.
2026-09-27 12:48:37,149 | INFO | [t=1050] VLA chunk prompt=Tilt the bottle to pour sauce onto the target once.
2026-09-27 12:48:37,493 | INFO | [t=1060] VLA chunk prompt=Tilt the bottle to pour sauce onto the target once.
2026-09-27 12:48:37,843 | INFO | [t=1070] VLA chunk prompt=Tilt the bottle to pour sauce onto the target once.
2026-09-27 12:48:38,188 | INFO | [t=1080] VLA chunk prompt=Tilt the bottle to pour sauce onto the target once.
2026-09-27 12:48:38,525 | INFO | [t=1090] VLA chunk prompt=Tilt the bottle to pour sauce onto the target once.
2026-09-27 12:48:38,862 | INFO | [t=1100] VLA chunk prompt=Tilt the bottle to pour sauce onto the target once.
2026-09-27 12:48:39,205 | INFO | [t=1110] VLA chunk prompt=Tilt the bottle to pour sauce onto the target once.
2026-09-27 12:48:39,547 | INFO | [t=1120] VLA chunk prompt=Tilt the bottle to pour sauce onto the target once.
2026-09-27 12:48:39,890 | INFO | [t=1130] VLA chunk prompt=Tilt the bottle to pour sauce onto the target once.
2026-09-27 12:48:40,237 | INFO | [t=1140] VLA chunk prompt=Tilt the bottle to pour sauce onto the target once.
2026-09-27 12:48:40,581 | INFO | [t=1150] VLA chunk prompt=Tilt the bottle to pour sauce onto the target once.
2026-09-27 12:48:40,929 | INFO | [t=1160] VLA chunk prompt=Tilt the bottle to pour sauce onto the target once.
2026-09-27 12:48:41,272 | INFO | [t=1170] VLA chunk prompt=Tilt the bottle to pour sauce onto the target once.
2026-09-27 12:48:41,620 | INFO | [t=1180] VLA chunk prompt=Tilt the bottle to pour sauce onto the target once.
2026-09-27 12:48:41,969 | INFO | API VLM @t=1020 task=22 subtask=Tilt the sauce bottle over the cookies and pour sauce onto them once. keyframes=[]
2026-09-27 12:48:41,969 | INFO | [t=1190] VLA chunk prompt=Tilt the bottle to pour sauce onto the target once.
2026-09-27 12:48:41,971 | INFO | [redact] enabled task=22 registered_phrases=0 terms=[]
2026-09-27 12:48:42,265 | INFO | [t=1200] VLM prompt update from step=1020: Tilt the sauce bottle over the cookies and pour sauce onto them once.
2026-09-27 12:48:42,317 | INFO | [t=1200] VLA chunk prompt=Tilt the sauce bottle over the cookies and pour sauce onto them once.
2026-09-27 12:48:42,655 | INFO | [t=1210] VLA chunk prompt=Tilt the sauce bottle over the cookies and pour sauce onto them once.
2026-09-27 12:48:42,994 | INFO | [t=1220] VLA chunk prompt=Tilt the sauce bottle over the cookies and pour sauce onto them once.
2026-09-27 12:48:43,331 | INFO | [t=1230] VLA chunk prompt=Tilt the sauce bottle over the cookies and pour sauce onto them once.
2026-09-27 12:48:43,671 | INFO | [t=1240] VLA chunk prompt=Tilt the sauce bottle over the cookies and pour sauce onto them once.
2026-09-27 12:48:44,013 | INFO | [t=1250] VLA chunk prompt=Tilt the sauce bottle over the cookies and pour sauce onto them once.
2026-09-27 12:48:44,357 | INFO | [t=1260] VLA chunk prompt=Tilt the sauce bottle over the cookies and pour sauce onto them once.
2026-09-27 12:48:44,699 | INFO | [t=1270] VLA chunk prompt=Tilt the sauce bottle over the cookies and pour sauce onto them once.
2026-09-27 12:48:45,038 | INFO | [t=1280] VLA chunk prompt=Tilt the sauce bottle over the cookies and pour sauce onto them once.
2026-09-27 12:48:45,379 | INFO | [t=1290] VLA chunk prompt=Tilt the sauce bottle over the cookies and pour sauce onto them once.
2026-09-27 12:48:45,717 | INFO | [t=1300] VLA chunk prompt=Tilt the sauce bottle over the cookies and pour sauce onto them once.
2026-09-27 12:48:46,053 | INFO | [t=1310] VLA chunk prompt=Tilt the sauce bottle over the cookies and pour sauce onto them once.
2026-09-27 12:48:46,395 | INFO | [t=1320] VLA chunk prompt=Tilt the sauce bottle over the cookies and pour sauce onto them once.
2026-09-27 12:48:46,735 | INFO | [t=1330] VLA chunk prompt=Tilt the sauce bottle over the cookies and pour sauce onto them once.
2026-09-27 12:48:46,943 | INFO | API VLM @t=1180 task=22 subtask=Tilt the sauce bottle to pour sauce onto the cookies once. keyframes=[]
2026-09-27 12:48:46,945 | INFO | [redact] enabled task=22 registered_phrases=0 terms=[]
2026-09-27 12:48:47,028 | INFO | [t=1340] VLM prompt update from step=1180: Tilt the sauce bottle to pour sauce onto the cookies once.
2026-09-27 12:48:47,081 | INFO | [t=1340] VLA chunk prompt=Tilt the sauce bottle to pour sauce onto the cookies once.
2026-09-27 12:48:47,428 | INFO | [t=1350] VLA chunk prompt=Tilt the sauce bottle to pour sauce onto the cookies once.
2026-09-27 12:48:47,774 | INFO | [t=1360] VLA chunk prompt=Tilt the sauce bottle to pour sauce onto the cookies once.
2026-09-27 12:48:48,121 | INFO | [t=1370] VLA chunk prompt=Tilt the sauce bottle to pour sauce onto the cookies once.
2026-09-27 12:48:48,463 | INFO | [t=1380] VLA chunk prompt=Tilt the sauce bottle to pour sauce onto the cookies once.
2026-09-27 12:48:48,804 | INFO | [t=1390] VLA chunk prompt=Tilt the sauce bottle to pour sauce onto the cookies once.
2026-09-27 12:48:49,154 | INFO | [t=1400] VLA chunk prompt=Tilt the sauce bottle to pour sauce onto the cookies once.
2026-09-27 12:48:49,499 | INFO | [t=1410] VLA chunk prompt=Tilt the sauce bottle to pour sauce onto the cookies once.
2026-09-27 12:48:49,849 | INFO | [t=1420] VLA chunk prompt=Tilt the sauce bottle to pour sauce onto the cookies once.
2026-09-27 12:48:50,192 | INFO | [t=1430] VLA chunk prompt=Tilt the sauce bottle to pour sauce onto the cookies once.
2026-09-27 12:48:50,535 | INFO | [t=1440] VLA chunk prompt=Tilt the sauce bottle to pour sauce onto the cookies once.
2026-09-27 12:48:50,873 | INFO | [t=1450] VLA chunk prompt=Tilt the sauce bottle to pour sauce onto the cookies once.
2026-09-27 12:48:51,215 | INFO | [t=1460] VLA chunk prompt=Tilt the sauce bottle to pour sauce onto the cookies once.
2026-09-27 12:48:51,558 | INFO | [t=1470] VLA chunk prompt=Tilt the sauce bottle to pour sauce onto the cookies once.
2026-09-27 12:48:51,622 | INFO | API VLM @t=1325 task=22 subtask=Tilt the sauce bottle over the cookies to pour sauce onto them once. keyframes=[]
2026-09-27 12:48:51,625 | INFO | [redact] enabled task=22 registered_phrases=0 terms=[]
2026-09-27 12:48:51,863 | INFO | [t=1480] VLM prompt update from step=1325: Tilt the sauce bottle over the cookies to pour sauce onto them once.
2026-09-27 12:48:51,916 | INFO | [t=1480] VLA chunk prompt=Tilt the sauce bottle over the cookies to pour sauce onto them once.
2026-09-27 12:48:52,279 | INFO | [t=1490] VLA chunk prompt=Tilt the sauce bottle over the cookies to pour sauce onto them once.
2026-09-27 12:48:52,630 | INFO | [t=1500] VLA chunk prompt=Tilt the sauce bottle over the cookies to pour sauce onto them once.
2026-09-27 12:48:52,975 | INFO | [t=1510] VLA chunk prompt=Tilt the sauce bottle over the cookies to pour sauce onto them once.
2026-09-27 12:48:53,315 | INFO | [t=1520] VLA chunk prompt=Tilt the sauce bottle over the cookies to pour sauce onto them once.
2026-09-27 12:48:53,658 | INFO | [t=1530] VLA chunk prompt=Tilt the sauce bottle over the cookies to pour sauce onto them once.
2026-09-27 12:48:54,000 | INFO | [t=1540] VLA chunk prompt=Tilt the sauce bottle over the cookies to pour sauce onto them once.
2026-09-27 12:48:54,335 | INFO | [t=1550] VLA chunk prompt=Tilt the sauce bottle over the cookies to pour sauce onto them once.
2026-09-27 12:48:54,674 | INFO | [t=1560] VLA chunk prompt=Tilt the sauce bottle over the cookies to pour sauce onto them once.
2026-09-27 12:48:55,013 | INFO | [t=1570] VLA chunk prompt=Tilt the sauce bottle over the cookies to pour sauce onto them once.
2026-09-27 12:48:55,358 | INFO | [t=1580] VLA chunk prompt=Tilt the sauce bottle over the cookies to pour sauce onto them once.
2026-09-27 12:48:55,694 | INFO | [t=1590] VLA chunk prompt=Tilt the sauce bottle over the cookies to pour sauce onto them once.
2026-09-27 12:48:55,876 | INFO | API VLM @t=1460 task=22 subtask=Tilt the sauce bottle to pour sauce onto the target once. keyframes=[]
2026-09-27 12:48:55,878 | INFO | [redact] enabled task=22 registered_phrases=0 terms=[]
2026-09-27 12:48:55,984 | INFO | [t=1600] VLM prompt update from step=1460: Tilt the sauce bottle to pour sauce onto the target once.
2026-09-27 12:48:56,037 | INFO | [t=1600] VLA chunk prompt=Tilt the sauce bottle to pour sauce onto the target once.
2026-09-27 12:48:56,371 | INFO | [t=1610] VLA chunk prompt=Tilt the sauce bottle to pour sauce onto the target once.
2026-09-27 12:48:56,710 | INFO | [t=1620] VLA chunk prompt=Tilt the sauce bottle to pour sauce onto the target once.
2026-09-27 12:48:57,041 | INFO | [t=1630] VLA chunk prompt=Tilt the sauce bottle to pour sauce onto the target once.
2026-09-27 12:48:57,376 | INFO | [t=1640] VLA chunk prompt=Tilt the sauce bottle to pour sauce onto the target once.
2026-09-27 12:48:57,714 | INFO | [t=1650] VLA chunk prompt=Tilt the sauce bottle to pour sauce onto the target once.
2026-09-27 12:48:58,051 | INFO | [t=1660] VLA chunk prompt=Tilt the sauce bottle to pour sauce onto the target once.
2026-09-27 12:48:58,384 | INFO | [t=1670] VLA chunk prompt=Tilt the sauce bottle to pour sauce onto the target once.
2026-09-27 12:48:58,714 | INFO | [t=1680] VLA chunk prompt=Tilt the sauce bottle to pour sauce onto the target once.
2026-09-27 12:48:59,042 | INFO | [t=1690] VLA chunk prompt=Tilt the sauce bottle to pour sauce onto the target once.
2026-09-27 12:48:59,373 | INFO | [t=1700] VLA chunk prompt=Tilt the sauce bottle to pour sauce onto the target once.
2026-09-27 12:48:59,707 | INFO | [t=1710] VLA chunk prompt=Tilt the sauce bottle to pour sauce onto the target once.
2026-09-27 12:49:00,041 | INFO | [t=1720] VLA chunk prompt=Tilt the sauce bottle to pour sauce onto the target once.
2026-09-27 12:49:00,382 | INFO | [t=1730] VLA chunk prompt=Tilt the sauce bottle to pour sauce onto the target once.
2026-09-27 12:49:00,715 | INFO | [t=1740] VLA chunk prompt=Tilt the sauce bottle to pour sauce onto the target once.
2026-09-27 12:49:01,042 | INFO | [t=1750] VLA chunk prompt=Tilt the sauce bottle to pour sauce onto the target once.
2026-09-27 12:49:01,166 | INFO | API VLM @t=1585 task=22 subtask=Tilt the sauce bottle to pour sauce onto the target once. keyframes=[]
2026-09-27 12:49:01,168 | INFO | [redact] enabled task=22 registered_phrases=0 terms=[]
2026-09-27 12:49:01,382 | INFO | [t=1760] VLA chunk prompt=Tilt the sauce bottle to pour sauce onto the target once.
2026-09-27 12:49:01,708 | INFO | [t=1770] VLA chunk prompt=Tilt the sauce bottle to pour sauce onto the target once.
2026-09-27 12:49:02,037 | INFO | [t=1780] VLA chunk prompt=Tilt the sauce bottle to pour sauce onto the target once.
2026-09-27 12:49:02,367 | INFO | [t=1790] VLA chunk prompt=Tilt the sauce bottle to pour sauce onto the target once.
2026-09-27 12:49:02,682 | INFO | [t=1800] VLA chunk prompt=Tilt the sauce bottle to pour sauce onto the target once.
2026-09-27 12:49:02,997 | INFO | [t=1810] VLA chunk prompt=Tilt the sauce bottle to pour sauce onto the target once.
2026-09-27 12:49:03,319 | INFO | [t=1820] VLA chunk prompt=Tilt the sauce bottle to pour sauce onto the target once.
2026-09-27 12:49:03,638 | INFO | [t=1830] VLA chunk prompt=Tilt the sauce bottle to pour sauce onto the target once.
2026-09-27 12:49:03,958 | INFO | [t=1840] VLA chunk prompt=Tilt the sauce bottle to pour sauce onto the target once.
2026-09-27 12:49:04,282 | INFO | [t=1850] VLA chunk prompt=Tilt the sauce bottle to pour sauce onto the target once.
2026-09-27 12:49:04,604 | INFO | [t=1860] VLA chunk prompt=Tilt the sauce bottle to pour sauce onto the target once.
2026-09-27 12:49:04,925 | INFO | [t=1870] VLA chunk prompt=Tilt the sauce bottle to pour sauce onto the target once.
2026-09-27 12:49:05,252 | INFO | [t=1880] VLA chunk prompt=Tilt the sauce bottle to pour sauce onto the target once.
2026-09-27 12:49:05,576 | INFO | [t=1890] VLA chunk prompt=Tilt the sauce bottle to pour sauce onto the target once.
2026-09-27 12:49:05,902 | INFO | [t=1900] VLA chunk prompt=Tilt the sauce bottle to pour sauce onto the target once.
2026-09-27 12:49:05,953 | INFO | API VLM @t=1740 task=22 subtask=Tilt the sauce bottle over the cookies to pour sauce onto them once. keyframes=[]
2026-09-27 12:49:05,956 | INFO | [redact] enabled task=22 registered_phrases=0 terms=[]
2026-09-27 12:49:06,186 | INFO | [t=1910] VLM prompt update from step=1740: Tilt the sauce bottle over the cookies to pour sauce onto them once.
2026-09-27 12:49:06,238 | INFO | [t=1910] VLA chunk prompt=Tilt the sauce bottle over the cookies to pour sauce onto them once.
2026-09-27 12:49:06,565 | INFO | [t=1920] VLA chunk prompt=Tilt the sauce bottle over the cookies to pour sauce onto them once.
2026-09-27 12:49:06,883 | INFO | [t=1930] VLA chunk prompt=Tilt the sauce bottle over the cookies to pour sauce onto them once.
2026-09-27 12:49:07,207 | INFO | [t=1940] VLA chunk prompt=Tilt the sauce bottle over the cookies to pour sauce onto them once.
2026-09-27 12:49:07,527 | INFO | [t=1950] VLA chunk prompt=Tilt the sauce bottle over the cookies to pour sauce onto them once.
2026-09-27 12:49:07,859 | INFO | [t=1960] VLA chunk prompt=Tilt the sauce bottle over the cookies to pour sauce onto them once.
2026-09-27 12:49:08,179 | INFO | [t=1970] VLA chunk prompt=Tilt the sauce bottle over the cookies to pour sauce onto them once.
2026-09-27 12:49:08,506 | INFO | [t=1980] VLA chunk prompt=Tilt the sauce bottle over the cookies to pour sauce onto them once.
2026-09-27 12:49:08,827 | INFO | [t=1990] VLA chunk prompt=Tilt the sauce bottle over the cookies to pour sauce onto them once.
2026-09-27 12:49:09,149 | INFO | [t=2000] VLA chunk prompt=Tilt the sauce bottle over the cookies to pour sauce onto them once.
2026-09-27 12:49:09,465 | INFO | [t=2010] VLA chunk prompt=Tilt the sauce bottle over the cookies to pour sauce onto them once.
2026-09-27 12:49:09,782 | INFO | [t=2020] VLA chunk prompt=Tilt the sauce bottle over the cookies to pour sauce onto them once.
2026-09-27 12:49:10,103 | INFO | [t=2030] VLA chunk prompt=Tilt the sauce bottle over the cookies to pour sauce onto them once.
2026-09-27 12:49:10,426 | INFO | [t=2040] VLA chunk prompt=Tilt the sauce bottle over the cookies to pour sauce onto them once.
2026-09-27 12:49:10,444 | INFO | API VLM @t=1890 task=22 subtask=Tilt the sauce bottle to pour sauce onto the target once. keyframes=[]
2026-09-27 12:49:10,446 | INFO | [redact] enabled task=22 registered_phrases=0 terms=[]
2026-09-27 12:49:10,699 | INFO | [t=2050] VLM prompt update from step=1890: Tilt the sauce bottle to pour sauce onto the target once.
2026-09-27 12:49:10,752 | INFO | [t=2050] VLA chunk prompt=Tilt the sauce bottle to pour sauce onto the target once.
2026-09-27 12:49:11,067 | INFO | [t=2060] VLA chunk prompt=Tilt the sauce bottle to pour sauce onto the target once.
2026-09-27 12:49:11,390 | INFO | [t=2070] VLA chunk prompt=Tilt the sauce bottle to pour sauce onto the target once.
2026-09-27 12:49:11,716 | INFO | [t=2080] VLA chunk prompt=Tilt the sauce bottle to pour sauce onto the target once.
2026-09-27 12:49:12,039 | INFO | [t=2090] VLA chunk prompt=Tilt the sauce bottle to pour sauce onto the target once.
2026-09-27 12:49:12,360 | INFO | [t=2100] VLA chunk prompt=Tilt the sauce bottle to pour sauce onto the target once.
2026-09-27 12:49:12,683 | INFO | [t=2110] VLA chunk prompt=Tilt the sauce bottle to pour sauce onto the target once.
2026-09-27 12:49:13,005 | INFO | [t=2120] VLA chunk prompt=Tilt the sauce bottle to pour sauce onto the target once.
2026-09-27 12:49:13,326 | INFO | [t=2130] VLA chunk prompt=Tilt the sauce bottle to pour sauce onto the target once.
2026-09-27 12:49:13,647 | INFO | [t=2140] VLA chunk prompt=Tilt the sauce bottle to pour sauce onto the target once.
2026-09-27 12:49:13,970 | INFO | [t=2150] VLA chunk prompt=Tilt the sauce bottle to pour sauce onto the target once.
2026-09-27 12:49:14,297 | INFO | [t=2160] VLA chunk prompt=Tilt the sauce bottle to pour sauce onto the target once.
2026-09-27 12:49:14,623 | INFO | [t=2170] VLA chunk prompt=Tilt the sauce bottle to pour sauce onto the target once.
2026-09-27 12:49:14,941 | INFO | [t=2180] VLA chunk prompt=Tilt the sauce bottle to pour sauce onto the target once.
2026-09-27 12:49:15,258 | INFO | [t=2190] VLA chunk prompt=Tilt the sauce bottle to pour sauce onto the target once.
2026-09-27 12:49:15,327 | INFO | API VLM @t=2030 task=22 subtask=Tilt the sauce bottle to pour sauce onto the cookies once. keyframes=[]
2026-09-27 12:49:15,329 | INFO | [redact] enabled task=22 registered_phrases=0 terms=[]
2026-09-27 12:49:15,529 | INFO | [t=2200] VLM prompt update from step=2030: Tilt the sauce bottle to pour sauce onto the cookies once.
2026-09-27 12:49:15,580 | INFO | [t=2200] VLA chunk prompt=Tilt the sauce bottle to pour sauce onto the cookies once.
2026-09-27 12:49:15,899 | INFO | [t=2210] VLA chunk prompt=Tilt the sauce bottle to pour sauce onto the cookies once.
2026-09-27 12:49:16,217 | INFO | [t=2220] VLA chunk prompt=Tilt the sauce bottle to pour sauce onto the cookies once.
2026-09-27 12:49:16,540 | INFO | [t=2230] VLA chunk prompt=Tilt the sauce bottle to pour sauce onto the cookies once.
2026-09-27 12:49:16,858 | INFO | [t=2240] VLA chunk prompt=Tilt the sauce bottle to pour sauce onto the cookies once.
2026-09-27 12:49:17,178 | INFO | [t=2250] VLA chunk prompt=Tilt the sauce bottle to pour sauce onto the cookies once.
2026-09-27 12:49:17,504 | INFO | [t=2260] VLA chunk prompt=Tilt the sauce bottle to pour sauce onto the cookies once.
2026-09-27 12:49:17,826 | INFO | [t=2270] VLA chunk prompt=Tilt the sauce bottle to pour sauce onto the cookies once.
2026-09-27 12:49:18,146 | INFO | [t=2280] VLA chunk prompt=Tilt the sauce bottle to pour sauce onto the cookies once.
2026-09-27 12:49:18,463 | INFO | [t=2290] VLA chunk prompt=Tilt the sauce bottle to pour sauce onto the cookies once.
2026-09-27 12:49:18,784 | INFO | [t=2300] VLA chunk prompt=Tilt the sauce bottle to pour sauce onto the cookies once.
2026-09-27 12:49:19,105 | INFO | [t=2310] VLA chunk prompt=Tilt the sauce bottle to pour sauce onto the cookies once.
2026-09-27 12:49:19,431 | INFO | [t=2320] VLA chunk prompt=Tilt the sauce bottle to pour sauce onto the cookies once.
2026-09-27 12:49:19,759 | INFO | [t=2330] VLA chunk prompt=Tilt the sauce bottle to pour sauce onto the cookies once.
2026-09-27 12:49:20,023 | INFO | API VLM @t=2180 task=22 subtask=Tilt the sauce bottle to pour sauce onto the cookies once. keyframes=[]
2026-09-27 12:49:20,025 | INFO | [redact] enabled task=22 registered_phrases=0 terms=[]
2026-09-27 12:49:20,094 | INFO | [t=2340] VLA chunk prompt=Tilt the sauce bottle to pour sauce onto the cookies once.
2026-09-27 12:49:20,416 | INFO | [t=2350] VLA chunk prompt=Tilt the sauce bottle to pour sauce onto the cookies once.
2026-09-27 12:49:20,741 | INFO | [t=2360] VLA chunk prompt=Tilt the sauce bottle to pour sauce onto the cookies once.
2026-09-27 12:49:21,055 | INFO | [t=2370] VLA chunk prompt=Tilt the sauce bottle to pour sauce onto the cookies once.
2026-09-27 12:49:21,364 | INFO | [t=2380] VLA chunk prompt=Tilt the sauce bottle to pour sauce onto the cookies once.
2026-09-27 12:49:21,675 | INFO | [t=2390] VLA chunk prompt=Tilt the sauce bottle to pour sauce onto the cookies once.
2026-09-27 12:49:21,986 | INFO | [t=2400] VLA chunk prompt=Tilt the sauce bottle to pour sauce onto the cookies once.
2026-09-27 12:49:22,302 | INFO | [t=2410] VLA chunk prompt=Tilt the sauce bottle to pour sauce onto the cookies once.
2026-09-27 12:49:22,634 | INFO | [t=2420] VLA chunk prompt=Tilt the sauce bottle to pour sauce onto the cookies once.
2026-09-27 12:49:22,972 | INFO | [t=2430] VLA chunk prompt=Tilt the sauce bottle to pour sauce onto the cookies once.
2026-09-27 12:49:23,300 | INFO | [t=2440] VLA chunk prompt=Tilt the sauce bottle to pour sauce onto the cookies once.
2026-09-27 12:49:23,618 | INFO | [t=2450] VLA chunk prompt=Tilt the sauce bottle to pour sauce onto the cookies once.
2026-09-27 12:49:23,929 | INFO | [t=2460] VLA chunk prompt=Tilt the sauce bottle to pour sauce onto the cookies once.
2026-09-27 12:49:24,241 | INFO | [t=2470] VLA chunk prompt=Tilt the sauce bottle to pour sauce onto the cookies once.
2026-09-27 12:49:24,551 | INFO | [t=2480] VLA chunk prompt=Tilt the sauce bottle to pour sauce onto the cookies once.
2026-09-27 12:49:24,860 | INFO | [t=2490] VLA chunk prompt=Tilt the sauce bottle to pour sauce onto the cookies once.
2026-09-27 12:49:25,175 | INFO | [t=2500] VLA chunk prompt=Tilt the sauce bottle to pour sauce onto the cookies once.
2026-09-27 12:49:25,818 | INFO | API VLM @t=2325 task=22 subtask=Tilt the sauce bottle to pour sauce onto the cookies once. keyframes=[]
2026-09-27 12:49:25,842 | INFO | attempt=0 stage_score=33.3 stage_success=False failure_reason=incomplete_stage
2026-09-27 12:49:25,842 | INFO | Episode 8 seed=108 stage_score=33.3 stage_success=0 goal=0.333 failure_reason=incomplete_stage | 01_Lift_Tomato_Sauce=Y | 02_Pour_One=N | 03_Pour_Two=N
