2026-09-26 20:10:18,477 | INFO | task_id=19 bddl=/project/peilab/why/RoboMemArena/bddl/19_tomato_milk_orange_cabinet.bddl vlm_ckpt=/project/peilab/why/RoboMemArena/checkpoints/PrediMem/vlm_tasks1to26_ckpt74500
2026-09-26 20:10:20,631 | INFO | async VLM enabled: single-slot subtask buffer
2026-09-26 20:10:20,888 | INFO | [t=10] VLA chunk prompt=Pick and place tomato sauce, milk, and orange juice from cabinet1 to cabinet2.
2026-09-26 20:10:21,159 | INFO | [t=20] VLA chunk prompt=Pick and place tomato sauce, milk, and orange juice from cabinet1 to cabinet2.
2026-09-26 20:10:21,425 | INFO | [t=30] VLA chunk prompt=Pick and place tomato sauce, milk, and orange juice from cabinet1 to cabinet2.
2026-09-26 20:10:21,692 | INFO | [t=40] VLA chunk prompt=Pick and place tomato sauce, milk, and orange juice from cabinet1 to cabinet2.
2026-09-26 20:10:21,957 | INFO | [t=50] VLA chunk prompt=Pick and place tomato sauce, milk, and orange juice from cabinet1 to cabinet2.
2026-09-26 20:10:22,223 | INFO | [t=60] VLA chunk prompt=Pick and place tomato sauce, milk, and orange juice from cabinet1 to cabinet2.
2026-09-26 20:10:22,489 | INFO | [t=70] VLA chunk prompt=Pick and place tomato sauce, milk, and orange juice from cabinet1 to cabinet2.
2026-09-26 20:10:22,754 | INFO | [t=80] VLA chunk prompt=Pick and place tomato sauce, milk, and orange juice from cabinet1 to cabinet2.
2026-09-26 20:10:23,020 | INFO | [t=90] VLA chunk prompt=Pick and place tomato sauce, milk, and orange juice from cabinet1 to cabinet2.
2026-09-26 20:10:23,292 | INFO | [t=100] VLA chunk prompt=Pick and place tomato sauce, milk, and orange juice from cabinet1 to cabinet2.
2026-09-26 20:10:23,593 | INFO | [t=110] VLA chunk prompt=Pick and place tomato sauce, milk, and orange juice from cabinet1 to cabinet2.
2026-09-26 20:10:23,903 | INFO | [t=120] VLA chunk prompt=Pick and place tomato sauce, milk, and orange juice from cabinet1 to cabinet2.
2026-09-26 20:10:24,206 | INFO | [t=130] VLA chunk prompt=Pick and place tomato sauce, milk, and orange juice from cabinet1 to cabinet2.
2026-09-26 20:10:24,512 | INFO | [t=140] VLA chunk prompt=Pick and place tomato sauce, milk, and orange juice from cabinet1 to cabinet2.
2026-09-26 20:10:24,824 | INFO | [t=150] VLA chunk prompt=Pick and place tomato sauce, milk, and orange juice from cabinet1 to cabinet2.
2026-09-26 20:10:25,139 | INFO | [t=160] VLA chunk prompt=Pick and place tomato sauce, milk, and orange juice from cabinet1 to cabinet2.
2026-09-26 20:10:25,460 | INFO | [t=170] VLA chunk prompt=Pick and place tomato sauce, milk, and orange juice from cabinet1 to cabinet2.
2026-09-26 20:10:25,785 | INFO | [t=180] VLA chunk prompt=Pick and place tomato sauce, milk, and orange juice from cabinet1 to cabinet2.
2026-09-26 20:10:26,124 | INFO | [t=190] VLA chunk prompt=Pick and place tomato sauce, milk, and orange juice from cabinet1 to cabinet2.
2026-09-26 20:10:26,460 | INFO | [t=200] VLA chunk prompt=Pick and place tomato sauce, milk, and orange juice from cabinet1 to cabinet2.
2026-09-26 20:10:26,799 | INFO | [t=210] VLA chunk prompt=Pick and place tomato sauce, milk, and orange juice from cabinet1 to cabinet2.
2026-09-26 20:10:27,136 | INFO | [t=220] VLA chunk prompt=Pick and place tomato sauce, milk, and orange juice from cabinet1 to cabinet2.
2026-09-26 20:10:27,476 | INFO | [t=230] VLA chunk prompt=Pick and place tomato sauce, milk, and orange juice from cabinet1 to cabinet2.
2026-09-26 20:10:27,819 | INFO | [t=240] VLA chunk prompt=Pick and place tomato sauce, milk, and orange juice from cabinet1 to cabinet2.
2026-09-26 20:10:28,164 | INFO | [t=250] VLA chunk prompt=Pick and place tomato sauce, milk, and orange juice from cabinet1 to cabinet2.
2026-09-26 20:10:28,509 | INFO | [t=260] VLA chunk prompt=Pick and place tomato sauce, milk, and orange juice from cabinet1 to cabinet2.
2026-09-26 20:10:28,855 | INFO | [t=270] VLA chunk prompt=Pick and place tomato sauce, milk, and orange juice from cabinet1 to cabinet2.
2026-09-26 20:10:29,202 | INFO | [t=280] VLA chunk prompt=Pick and place tomato sauce, milk, and orange juice from cabinet1 to cabinet2.
2026-09-26 20:10:29,550 | INFO | [t=290] VLA chunk prompt=Pick and place tomato sauce, milk, and orange juice from cabinet1 to cabinet2.
2026-09-26 20:10:29,899 | INFO | [t=300] VLA chunk prompt=Pick and place tomato sauce, milk, and orange juice from cabinet1 to cabinet2.
2026-09-26 20:10:30,250 | INFO | [t=310] VLA chunk prompt=Pick and place tomato sauce, milk, and orange juice from cabinet1 to cabinet2.
2026-09-26 20:10:30,600 | INFO | [t=320] VLA chunk prompt=Pick and place tomato sauce, milk, and orange juice from cabinet1 to cabinet2.
2026-09-26 20:10:30,761 | INFO | API VLM @t=0 task=19 subtask=Reach for the tomato sauce in cabinet1 keyframes=[]
2026-09-26 20:10:30,906 | INFO | [t=330] VLM prompt update from step=0: Reach for the tomato sauce in cabinet1
2026-09-26 20:10:30,956 | INFO | [t=330] VLA chunk prompt=Reach for the tomato sauce in cabinet1
2026-09-26 20:10:31,307 | INFO | [t=340] VLA chunk prompt=Reach for the tomato sauce in cabinet1
2026-09-26 20:10:31,654 | INFO | [t=350] VLA chunk prompt=Reach for the tomato sauce in cabinet1
2026-09-26 20:10:31,998 | INFO | [t=360] VLA chunk prompt=Reach for the tomato sauce in cabinet1
2026-09-26 20:10:32,340 | INFO | [t=370] VLA chunk prompt=Reach for the tomato sauce in cabinet1
2026-09-26 20:10:32,679 | INFO | [t=380] VLA chunk prompt=Reach for the tomato sauce in cabinet1
2026-09-26 20:10:33,018 | INFO | [t=390] VLA chunk prompt=Reach for the tomato sauce in cabinet1
2026-09-26 20:10:33,359 | INFO | [t=400] VLA chunk prompt=Reach for the tomato sauce in cabinet1
2026-09-26 20:10:33,702 | INFO | [t=410] VLA chunk prompt=Reach for the tomato sauce in cabinet1
2026-09-26 20:10:34,050 | INFO | [t=420] VLA chunk prompt=Reach for the tomato sauce in cabinet1
2026-09-26 20:10:34,402 | INFO | [t=430] VLA chunk prompt=Reach for the tomato sauce in cabinet1
2026-09-26 20:10:34,753 | INFO | [t=440] VLA chunk prompt=Reach for the tomato sauce in cabinet1
2026-09-26 20:10:35,103 | INFO | [t=450] VLA chunk prompt=Reach for the tomato sauce in cabinet1
2026-09-26 20:10:35,455 | INFO | [t=460] VLA chunk prompt=Reach for the tomato sauce in cabinet1
2026-09-26 20:10:35,807 | INFO | [t=470] VLA chunk prompt=Reach for the tomato sauce in cabinet1
2026-09-26 20:10:36,164 | INFO | [t=480] VLA chunk prompt=Reach for the tomato sauce in cabinet1
2026-09-26 20:10:36,519 | INFO | [t=490] VLA chunk prompt=Reach for the tomato sauce in cabinet1
2026-09-26 20:10:36,876 | INFO | [t=500] VLA chunk prompt=Reach for the tomato sauce in cabinet1
2026-09-26 20:10:37,239 | INFO | [t=510] VLA chunk prompt=Reach for the tomato sauce in cabinet1
2026-09-26 20:10:37,596 | INFO | [t=520] VLA chunk prompt=Reach for the tomato sauce in cabinet1
2026-09-26 20:10:37,957 | INFO | [t=530] VLA chunk prompt=Reach for the tomato sauce in cabinet1
2026-09-26 20:10:38,331 | INFO | [t=540] VLA chunk prompt=Reach for the tomato sauce in cabinet1
2026-09-26 20:10:38,697 | INFO | [t=550] VLA chunk prompt=Reach for the tomato sauce in cabinet1
2026-09-26 20:10:39,061 | INFO | [t=560] VLA chunk prompt=Reach for the tomato sauce in cabinet1
2026-09-26 20:10:39,420 | INFO | [t=570] VLA chunk prompt=Reach for the tomato sauce in cabinet1
2026-09-26 20:10:39,785 | INFO | [t=580] VLA chunk prompt=Reach for the tomato sauce in cabinet1
2026-09-26 20:10:39,810 | INFO | API VLM @t=315 task=19 subtask=Place the tomato sauce into cabinet2. keyframes=[]
2026-09-26 20:10:40,098 | INFO | [t=590] VLM prompt update from step=315: Place the tomato sauce into cabinet2.
2026-09-26 20:10:40,149 | INFO | [t=590] VLA chunk prompt=Place the tomato sauce into cabinet2.
2026-09-26 20:10:40,508 | INFO | [t=600] VLA chunk prompt=Place the tomato sauce into cabinet2.
2026-09-26 20:10:40,866 | INFO | [t=610] VLA chunk prompt=Place the tomato sauce into cabinet2.
2026-09-26 20:10:41,223 | INFO | [t=620] VLA chunk prompt=Place the tomato sauce into cabinet2.
2026-09-26 20:10:41,580 | INFO | [t=630] VLA chunk prompt=Place the tomato sauce into cabinet2.
2026-09-26 20:10:41,939 | INFO | [t=640] VLA chunk prompt=Place the tomato sauce into cabinet2.
2026-09-26 20:10:42,305 | INFO | [t=650] VLA chunk prompt=Place the tomato sauce into cabinet2.
2026-09-26 20:10:42,665 | INFO | [t=660] VLA chunk prompt=Place the tomato sauce into cabinet2.
2026-09-26 20:10:43,021 | INFO | [t=670] VLA chunk prompt=Place the tomato sauce into cabinet2.
2026-09-26 20:10:43,375 | INFO | [t=680] VLA chunk prompt=Place the tomato sauce into cabinet2.
2026-09-26 20:10:43,722 | INFO | [t=690] VLA chunk prompt=Place the tomato sauce into cabinet2.
2026-09-26 20:10:44,069 | INFO | [t=700] VLA chunk prompt=Place the tomato sauce into cabinet2.
2026-09-26 20:10:44,419 | INFO | [t=710] VLA chunk prompt=Place the tomato sauce into cabinet2.
2026-09-26 20:10:44,768 | INFO | [t=720] VLA chunk prompt=Place the tomato sauce into cabinet2.
2026-09-26 20:10:45,118 | INFO | [t=730] VLA chunk prompt=Place the tomato sauce into cabinet2.
2026-09-26 20:10:45,468 | INFO | [t=740] VLA chunk prompt=Place the tomato sauce into cabinet2.
2026-09-26 20:10:45,817 | INFO | [t=750] VLA chunk prompt=Place the tomato sauce into cabinet2.
2026-09-26 20:10:46,166 | INFO | [t=760] VLA chunk prompt=Place the tomato sauce into cabinet2.
2026-09-26 20:10:46,517 | INFO | [t=770] VLA chunk prompt=Place the tomato sauce into cabinet2.
2026-09-26 20:10:46,718 | INFO | API VLM @t=570 task=19 subtask=Pick up the tomato sauce from cabinet1. keyframes=[]
2026-09-26 20:10:46,818 | INFO | [t=780] VLM prompt update from step=570: Pick up the tomato sauce from cabinet1.
2026-09-26 20:10:46,868 | INFO | [t=780] VLA chunk prompt=Pick up the tomato sauce from cabinet1.
2026-09-26 20:10:47,218 | INFO | [t=790] VLA chunk prompt=Pick up the tomato sauce from cabinet1.
2026-09-26 20:10:47,566 | INFO | [t=800] VLA chunk prompt=Pick up the tomato sauce from cabinet1.
2026-09-26 20:10:47,915 | INFO | [t=810] VLA chunk prompt=Pick up the tomato sauce from cabinet1.
2026-09-26 20:10:48,264 | INFO | [t=820] VLA chunk prompt=Pick up the tomato sauce from cabinet1.
2026-09-26 20:10:48,613 | INFO | [t=830] VLA chunk prompt=Pick up the tomato sauce from cabinet1.
2026-09-26 20:10:48,962 | INFO | [t=840] VLA chunk prompt=Pick up the tomato sauce from cabinet1.
2026-09-26 20:10:49,312 | INFO | [t=850] VLA chunk prompt=Pick up the tomato sauce from cabinet1.
2026-09-26 20:10:49,661 | INFO | [t=860] VLA chunk prompt=Pick up the tomato sauce from cabinet1.
2026-09-26 20:10:50,011 | INFO | [t=870] VLA chunk prompt=Pick up the tomato sauce from cabinet1.
2026-09-26 20:10:50,360 | INFO | [t=880] VLA chunk prompt=Pick up the tomato sauce from cabinet1.
2026-09-26 20:10:50,708 | INFO | [t=890] VLA chunk prompt=Pick up the tomato sauce from cabinet1.
2026-09-26 20:10:51,056 | INFO | [t=900] VLA chunk prompt=Pick up the tomato sauce from cabinet1.
2026-09-26 20:10:51,405 | INFO | [t=910] VLA chunk prompt=Pick up the tomato sauce from cabinet1.
2026-09-26 20:10:51,757 | INFO | [t=920] VLA chunk prompt=Pick up the tomato sauce from cabinet1.
2026-09-26 20:10:52,108 | INFO | [t=930] VLA chunk prompt=Pick up the tomato sauce from cabinet1.
2026-09-26 20:10:52,456 | INFO | [t=940] VLA chunk prompt=Pick up the tomato sauce from cabinet1.
2026-09-26 20:10:52,804 | INFO | [t=950] VLA chunk prompt=Pick up the tomato sauce from cabinet1.
2026-09-26 20:10:53,152 | INFO | [t=960] VLA chunk prompt=Pick up the tomato sauce from cabinet1.
2026-09-26 20:10:53,499 | INFO | [t=970] VLA chunk prompt=Pick up the tomato sauce from cabinet1.
2026-09-26 20:10:53,847 | INFO | [t=980] VLA chunk prompt=Pick up the tomato sauce from cabinet1.
2026-09-26 20:10:54,198 | INFO | [t=990] VLA chunk prompt=Pick up the tomato sauce from cabinet1.
2026-09-26 20:10:54,547 | INFO | [t=1000] VLA chunk prompt=Pick up the tomato sauce from cabinet1.
2026-09-26 20:10:54,896 | INFO | [t=1010] VLA chunk prompt=Pick up the tomato sauce from cabinet1.
2026-09-26 20:10:55,175 | INFO | API VLM @t=765 task=19 subtask=Grasp the milk carton from cabinet1. keyframes=[]
2026-09-26 20:10:55,198 | INFO | [t=1020] VLM prompt update from step=765: Grasp the milk carton from cabinet1.
2026-09-26 20:10:55,248 | INFO | [t=1020] VLA chunk prompt=Grasp the milk carton from cabinet1.
2026-09-26 20:10:55,596 | INFO | [t=1030] VLA chunk prompt=Grasp the milk carton from cabinet1.
2026-09-26 20:10:55,946 | INFO | [t=1040] VLA chunk prompt=Grasp the milk carton from cabinet1.
2026-09-26 20:10:56,295 | INFO | [t=1050] VLA chunk prompt=Grasp the milk carton from cabinet1.
2026-09-26 20:10:56,646 | INFO | [t=1060] VLA chunk prompt=Grasp the milk carton from cabinet1.
2026-09-26 20:10:56,996 | INFO | [t=1070] VLA chunk prompt=Grasp the milk carton from cabinet1.
2026-09-26 20:10:57,345 | INFO | [t=1080] VLA chunk prompt=Grasp the milk carton from cabinet1.
2026-09-26 20:10:57,693 | INFO | [t=1090] VLA chunk prompt=Grasp the milk carton from cabinet1.
2026-09-26 20:10:58,041 | INFO | [t=1100] VLA chunk prompt=Grasp the milk carton from cabinet1.
2026-09-26 20:10:58,389 | INFO | [t=1110] VLA chunk prompt=Grasp the milk carton from cabinet1.
2026-09-26 20:10:58,737 | INFO | [t=1120] VLA chunk prompt=Grasp the milk carton from cabinet1.
2026-09-26 20:10:59,085 | INFO | [t=1130] VLA chunk prompt=Grasp the milk carton from cabinet1.
2026-09-26 20:10:59,435 | INFO | [t=1140] VLA chunk prompt=Grasp the milk carton from cabinet1.
2026-09-26 20:10:59,784 | INFO | [t=1150] VLA chunk prompt=Grasp the milk carton from cabinet1.
2026-09-26 20:11:00,135 | INFO | [t=1160] VLA chunk prompt=Grasp the milk carton from cabinet1.
2026-09-26 20:11:00,485 | INFO | [t=1170] VLA chunk prompt=Grasp the milk carton from cabinet1.
2026-09-26 20:11:00,833 | INFO | [t=1180] VLA chunk prompt=Grasp the milk carton from cabinet1.
2026-09-26 20:11:01,183 | INFO | [t=1190] VLA chunk prompt=Grasp the milk carton from cabinet1.
2026-09-26 20:11:01,533 | INFO | [t=1200] VLA chunk prompt=Grasp the milk carton from cabinet1.
2026-09-26 20:11:01,881 | INFO | [t=1210] VLA chunk prompt=Grasp the milk carton from cabinet1.
2026-09-26 20:11:02,230 | INFO | [t=1220] VLA chunk prompt=Grasp the milk carton from cabinet1.
2026-09-26 20:11:02,581 | INFO | [t=1230] VLA chunk prompt=Grasp the milk carton from cabinet1.
2026-09-26 20:11:02,929 | INFO | [t=1240] VLA chunk prompt=Grasp the milk carton from cabinet1.
2026-09-26 20:11:03,059 | INFO | API VLM @t=1005 task=19 subtask=Grasp the milk carton from cabinet1. keyframes=[]
2026-09-26 20:11:03,279 | INFO | [t=1250] VLA chunk prompt=Grasp the milk carton from cabinet1.
2026-09-26 20:11:03,628 | INFO | [t=1260] VLA chunk prompt=Grasp the milk carton from cabinet1.
2026-09-26 20:11:03,976 | INFO | [t=1270] VLA chunk prompt=Grasp the milk carton from cabinet1.
2026-09-26 20:11:04,324 | INFO | [t=1280] VLA chunk prompt=Grasp the milk carton from cabinet1.
2026-09-26 20:11:04,672 | INFO | [t=1290] VLA chunk prompt=Grasp the milk carton from cabinet1.
2026-09-26 20:11:05,021 | INFO | [t=1300] VLA chunk prompt=Grasp the milk carton from cabinet1.
2026-09-26 20:11:05,370 | INFO | [t=1310] VLA chunk prompt=Grasp the milk carton from cabinet1.
2026-09-26 20:11:05,719 | INFO | [t=1320] VLA chunk prompt=Grasp the milk carton from cabinet1.
2026-09-26 20:11:06,067 | INFO | [t=1330] VLA chunk prompt=Grasp the milk carton from cabinet1.
2026-09-26 20:11:06,416 | INFO | [t=1340] VLA chunk prompt=Grasp the milk carton from cabinet1.
2026-09-26 20:11:06,764 | INFO | [t=1350] VLA chunk prompt=Grasp the milk carton from cabinet1.
2026-09-26 20:11:07,112 | INFO | [t=1360] VLA chunk prompt=Grasp the milk carton from cabinet1.
2026-09-26 20:11:07,462 | INFO | [t=1370] VLA chunk prompt=Grasp the milk carton from cabinet1.
2026-09-26 20:11:07,811 | INFO | [t=1380] VLA chunk prompt=Grasp the milk carton from cabinet1.
2026-09-26 20:11:08,158 | INFO | [t=1390] VLA chunk prompt=Grasp the milk carton from cabinet1.
2026-09-26 20:11:08,506 | INFO | [t=1400] VLA chunk prompt=Grasp the milk carton from cabinet1.
2026-09-26 20:11:08,855 | INFO | [t=1410] VLA chunk prompt=Grasp the milk carton from cabinet1.
2026-09-26 20:11:08,934 | INFO | API VLM @t=1230 task=19 subtask=Reach to grasp the milk carton from cabinet1 keyframes=[]
2026-09-26 20:11:09,157 | INFO | [t=1420] VLM prompt update from step=1230: Reach to grasp the milk carton from cabinet1
2026-09-26 20:11:09,207 | INFO | [t=1420] VLA chunk prompt=Reach to grasp the milk carton from cabinet1
2026-09-26 20:11:09,555 | INFO | [t=1430] VLA chunk prompt=Reach to grasp the milk carton from cabinet1
2026-09-26 20:11:09,903 | INFO | [t=1440] VLA chunk prompt=Reach to grasp the milk carton from cabinet1
2026-09-26 20:11:10,250 | INFO | [t=1450] VLA chunk prompt=Reach to grasp the milk carton from cabinet1
2026-09-26 20:11:10,599 | INFO | [t=1460] VLA chunk prompt=Reach to grasp the milk carton from cabinet1
2026-09-26 20:11:10,949 | INFO | [t=1470] VLA chunk prompt=Reach to grasp the milk carton from cabinet1
2026-09-26 20:11:11,298 | INFO | [t=1480] VLA chunk prompt=Reach to grasp the milk carton from cabinet1
2026-09-26 20:11:11,647 | INFO | [t=1490] VLA chunk prompt=Reach to grasp the milk carton from cabinet1
2026-09-26 20:11:11,994 | INFO | [t=1500] VLA chunk prompt=Reach to grasp the milk carton from cabinet1
2026-09-26 20:11:12,342 | INFO | [t=1510] VLA chunk prompt=Reach to grasp the milk carton from cabinet1
2026-09-26 20:11:12,690 | INFO | [t=1520] VLA chunk prompt=Reach to grasp the milk carton from cabinet1
2026-09-26 20:11:13,039 | INFO | [t=1530] VLA chunk prompt=Reach to grasp the milk carton from cabinet1
2026-09-26 20:11:13,387 | INFO | [t=1540] VLA chunk prompt=Reach to grasp the milk carton from cabinet1
2026-09-26 20:11:13,738 | INFO | [t=1550] VLA chunk prompt=Reach to grasp the milk carton from cabinet1
2026-09-26 20:11:14,087 | INFO | [t=1560] VLA chunk prompt=Reach to grasp the milk carton from cabinet1
2026-09-26 20:11:14,435 | INFO | [t=1570] VLA chunk prompt=Reach to grasp the milk carton from cabinet1
2026-09-26 20:11:14,784 | INFO | [t=1580] VLA chunk prompt=Reach to grasp the milk carton from cabinet1
2026-09-26 20:11:15,132 | INFO | [t=1590] VLA chunk prompt=Reach to grasp the milk carton from cabinet1
2026-09-26 20:11:15,481 | INFO | [t=1600] VLA chunk prompt=Reach to grasp the milk carton from cabinet1
2026-09-26 20:11:15,829 | INFO | [t=1610] VLA chunk prompt=Reach to grasp the milk carton from cabinet1
2026-09-26 20:11:16,178 | INFO | [t=1620] VLA chunk prompt=Reach to grasp the milk carton from cabinet1
2026-09-26 20:11:16,526 | INFO | [t=1630] VLA chunk prompt=Reach to grasp the milk carton from cabinet1
2026-09-26 20:11:16,874 | INFO | [t=1640] VLA chunk prompt=Reach to grasp the milk carton from cabinet1
2026-09-26 20:11:17,145 | INFO | API VLM @t=1400 task=19 subtask=Reach for and grasp the milk carton from cabinet1. keyframes=[]
2026-09-26 20:11:17,177 | INFO | [t=1650] VLM prompt update from step=1400: Reach for and grasp the milk carton from cabinet1.
2026-09-26 20:11:17,227 | INFO | [t=1650] VLA chunk prompt=Reach for and grasp the milk carton from cabinet1.
2026-09-26 20:11:17,575 | INFO | [t=1660] VLA chunk prompt=Reach for and grasp the milk carton from cabinet1.
2026-09-26 20:11:17,925 | INFO | [t=1670] VLA chunk prompt=Reach for and grasp the milk carton from cabinet1.
2026-09-26 20:11:18,276 | INFO | [t=1680] VLA chunk prompt=Reach for and grasp the milk carton from cabinet1.
2026-09-26 20:11:18,628 | INFO | [t=1690] VLA chunk prompt=Reach for and grasp the milk carton from cabinet1.
2026-09-26 20:11:18,978 | INFO | [t=1700] VLA chunk prompt=Reach for and grasp the milk carton from cabinet1.
2026-09-26 20:11:19,330 | INFO | [t=1710] VLA chunk prompt=Reach for and grasp the milk carton from cabinet1.
2026-09-26 20:11:19,682 | INFO | [t=1720] VLA chunk prompt=Reach for and grasp the milk carton from cabinet1.
2026-09-26 20:11:20,036 | INFO | [t=1730] VLA chunk prompt=Reach for and grasp the milk carton from cabinet1.
2026-09-26 20:11:20,390 | INFO | [t=1740] VLA chunk prompt=Reach for and grasp the milk carton from cabinet1.
2026-09-26 20:11:20,742 | INFO | [t=1750] VLA chunk prompt=Reach for and grasp the milk carton from cabinet1.
2026-09-26 20:11:21,093 | INFO | [t=1760] VLA chunk prompt=Reach for and grasp the milk carton from cabinet1.
2026-09-26 20:11:21,445 | INFO | [t=1770] VLA chunk prompt=Reach for and grasp the milk carton from cabinet1.
2026-09-26 20:11:21,797 | INFO | [t=1780] VLA chunk prompt=Reach for and grasp the milk carton from cabinet1.
2026-09-26 20:11:22,148 | INFO | [t=1790] VLA chunk prompt=Reach for and grasp the milk carton from cabinet1.
2026-09-26 20:11:22,499 | INFO | [t=1800] VLA chunk prompt=Reach for and grasp the milk carton from cabinet1.
2026-09-26 20:11:22,849 | INFO | [t=1810] VLA chunk prompt=Reach for and grasp the milk carton from cabinet1.
2026-09-26 20:11:23,200 | INFO | [t=1820] VLA chunk prompt=Reach for and grasp the milk carton from cabinet1.
2026-09-26 20:11:23,551 | INFO | [t=1830] VLA chunk prompt=Reach for and grasp the milk carton from cabinet1.
2026-09-26 20:11:23,901 | INFO | [t=1840] VLA chunk prompt=Reach for and grasp the milk carton from cabinet1.
2026-09-26 20:11:24,247 | INFO | [t=1850] VLA chunk prompt=Reach for and grasp the milk carton from cabinet1.
2026-09-26 20:11:24,582 | INFO | [t=1860] VLA chunk prompt=Reach for and grasp the milk carton from cabinet1.
2026-09-26 20:11:24,916 | INFO | [t=1870] VLA chunk prompt=Reach for and grasp the milk carton from cabinet1.
2026-09-26 20:11:25,250 | INFO | [t=1880] VLA chunk prompt=Reach for and grasp the milk carton from cabinet1.
2026-09-26 20:11:25,584 | INFO | [t=1890] VLA chunk prompt=Reach for and grasp the milk carton from cabinet1.
2026-09-26 20:11:25,671 | INFO | API VLM @t=1635 task=19 subtask=Pick up the milk carton from cabinet1. keyframes=[]
2026-09-26 20:11:25,872 | INFO | [t=1900] VLM prompt update from step=1635: Pick up the milk carton from cabinet1.
2026-09-26 20:11:25,922 | INFO | [t=1900] VLA chunk prompt=Pick up the milk carton from cabinet1.
2026-09-26 20:11:26,256 | INFO | [t=1910] VLA chunk prompt=Pick up the milk carton from cabinet1.
2026-09-26 20:11:26,591 | INFO | [t=1920] VLA chunk prompt=Pick up the milk carton from cabinet1.
2026-09-26 20:11:26,925 | INFO | [t=1930] VLA chunk prompt=Pick up the milk carton from cabinet1.
2026-09-26 20:11:27,259 | INFO | [t=1940] VLA chunk prompt=Pick up the milk carton from cabinet1.
2026-09-26 20:11:27,592 | INFO | [t=1950] VLA chunk prompt=Pick up the milk carton from cabinet1.
2026-09-26 20:11:27,926 | INFO | [t=1960] VLA chunk prompt=Pick up the milk carton from cabinet1.
2026-09-26 20:11:28,261 | INFO | [t=1970] VLA chunk prompt=Pick up the milk carton from cabinet1.
2026-09-26 20:11:28,597 | INFO | [t=1980] VLA chunk prompt=Pick up the milk carton from cabinet1.
2026-09-26 20:11:28,933 | INFO | [t=1990] VLA chunk prompt=Pick up the milk carton from cabinet1.
2026-09-26 20:11:29,271 | INFO | [t=2000] VLA chunk prompt=Pick up the milk carton from cabinet1.
2026-09-26 20:11:29,607 | INFO | [t=2010] VLA chunk prompt=Pick up the milk carton from cabinet1.
2026-09-26 20:11:29,940 | INFO | [t=2020] VLA chunk prompt=Pick up the milk carton from cabinet1.
2026-09-26 20:11:30,273 | INFO | [t=2030] VLA chunk prompt=Pick up the milk carton from cabinet1.
2026-09-26 20:11:30,606 | INFO | [t=2040] VLA chunk prompt=Pick up the milk carton from cabinet1.
2026-09-26 20:11:30,940 | INFO | [t=2050] VLA chunk prompt=Pick up the milk carton from cabinet1.
2026-09-26 20:11:31,276 | INFO | [t=2060] VLA chunk prompt=Pick up the milk carton from cabinet1.
2026-09-26 20:11:31,622 | INFO | [t=2070] VLA chunk prompt=Pick up the milk carton from cabinet1.
2026-09-26 20:11:31,971 | INFO | [t=2080] VLA chunk prompt=Pick up the milk carton from cabinet1.
2026-09-26 20:11:32,319 | INFO | [t=2090] VLA chunk prompt=Pick up the milk carton from cabinet1.
2026-09-26 20:11:32,665 | INFO | [t=2100] VLA chunk prompt=Pick up the milk carton from cabinet1.
2026-09-26 20:11:33,012 | INFO | [t=2110] VLA chunk prompt=Pick up the milk carton from cabinet1.
2026-09-26 20:11:33,360 | INFO | [t=2120] VLA chunk prompt=Pick up the milk carton from cabinet1.
2026-09-26 20:11:33,711 | INFO | [t=2130] VLA chunk prompt=Pick up the milk carton from cabinet1.
2026-09-26 20:11:34,067 | INFO | [t=2140] VLA chunk prompt=Pick up the milk carton from cabinet1.
2026-09-26 20:11:34,419 | INFO | [t=2150] VLA chunk prompt=Pick up the milk carton from cabinet1.
2026-09-26 20:11:34,767 | INFO | [t=2160] VLA chunk prompt=Pick up the milk carton from cabinet1.
2026-09-26 20:11:35,115 | INFO | [t=2170] VLA chunk prompt=Pick up the milk carton from cabinet1.
2026-09-26 20:11:35,461 | INFO | [t=2180] VLA chunk prompt=Pick up the milk carton from cabinet1.
2026-09-26 20:11:35,805 | INFO | [t=2190] VLA chunk prompt=Pick up the milk carton from cabinet1.
2026-09-26 20:11:36,150 | INFO | [t=2200] VLA chunk prompt=Pick up the milk carton from cabinet1.
2026-09-26 20:11:36,494 | INFO | [t=2210] VLA chunk prompt=Pick up the milk carton from cabinet1.
2026-09-26 20:11:36,839 | INFO | [t=2220] VLA chunk prompt=Pick up the milk carton from cabinet1.
2026-09-26 20:11:37,186 | INFO | [t=2230] VLA chunk prompt=Pick up the milk carton from cabinet1.
2026-09-26 20:11:37,511 | INFO | API VLM @t=1880 task=19 subtask=Reach toward the orange juice in cabinet1 to grasp it. keyframes=[]
2026-09-26 20:11:37,532 | INFO | [t=2240] VLA chunk prompt=Pick up the milk carton from cabinet1.
2026-09-26 20:11:37,825 | INFO | [t=2250] VLM prompt update from step=1880: Reach toward the orange juice in cabinet1 to grasp it.
2026-09-26 20:11:37,875 | INFO | [t=2250] VLA chunk prompt=Reach toward the orange juice in cabinet1 to grasp it.
2026-09-26 20:11:38,220 | INFO | [t=2260] VLA chunk prompt=Reach toward the orange juice in cabinet1 to grasp it.
2026-09-26 20:11:38,564 | INFO | [t=2270] VLA chunk prompt=Reach toward the orange juice in cabinet1 to grasp it.
2026-09-26 20:11:38,907 | INFO | [t=2280] VLA chunk prompt=Reach toward the orange juice in cabinet1 to grasp it.
2026-09-26 20:11:39,247 | INFO | [t=2290] VLA chunk prompt=Reach toward the orange juice in cabinet1 to grasp it.
2026-09-26 20:11:39,586 | INFO | [t=2300] VLA chunk prompt=Reach toward the orange juice in cabinet1 to grasp it.
2026-09-26 20:11:39,931 | INFO | [t=2310] VLA chunk prompt=Reach toward the orange juice in cabinet1 to grasp it.
2026-09-26 20:11:40,280 | INFO | [t=2320] VLA chunk prompt=Reach toward the orange juice in cabinet1 to grasp it.
2026-09-26 20:11:40,631 | INFO | [t=2330] VLA chunk prompt=Reach toward the orange juice in cabinet1 to grasp it.
2026-09-26 20:11:40,980 | INFO | [t=2340] VLA chunk prompt=Reach toward the orange juice in cabinet1 to grasp it.
2026-09-26 20:11:41,328 | INFO | [t=2350] VLA chunk prompt=Reach toward the orange juice in cabinet1 to grasp it.
2026-09-26 20:11:41,677 | INFO | [t=2360] VLA chunk prompt=Reach toward the orange juice in cabinet1 to grasp it.
2026-09-26 20:11:42,026 | INFO | [t=2370] VLA chunk prompt=Reach toward the orange juice in cabinet1 to grasp it.
2026-09-26 20:11:42,378 | INFO | [t=2380] VLA chunk prompt=Reach toward the orange juice in cabinet1 to grasp it.
2026-09-26 20:11:42,730 | INFO | [t=2390] VLA chunk prompt=Reach toward the orange juice in cabinet1 to grasp it.
2026-09-26 20:11:43,083 | INFO | [t=2400] VLA chunk prompt=Reach toward the orange juice in cabinet1 to grasp it.
2026-09-26 20:11:43,444 | INFO | [t=2410] VLA chunk prompt=Reach toward the orange juice in cabinet1 to grasp it.
2026-09-26 20:11:43,805 | INFO | [t=2420] VLA chunk prompt=Reach toward the orange juice in cabinet1 to grasp it.
2026-09-26 20:11:44,165 | INFO | [t=2430] VLA chunk prompt=Reach toward the orange juice in cabinet1 to grasp it.
2026-09-26 20:11:44,527 | INFO | [t=2440] VLA chunk prompt=Reach toward the orange juice in cabinet1 to grasp it.
2026-09-26 20:11:44,886 | INFO | [t=2450] VLA chunk prompt=Reach toward the orange juice in cabinet1 to grasp it.
2026-09-26 20:11:45,254 | INFO | [t=2460] VLA chunk prompt=Reach toward the orange juice in cabinet1 to grasp it.
2026-09-26 20:11:45,620 | INFO | [t=2470] VLA chunk prompt=Reach toward the orange juice in cabinet1 to grasp it.
2026-09-26 20:11:45,986 | INFO | [t=2480] VLA chunk prompt=Reach toward the orange juice in cabinet1 to grasp it.
2026-09-26 20:11:46,352 | INFO | [t=2490] VLA chunk prompt=Reach toward the orange juice in cabinet1 to grasp it.
2026-09-26 20:11:46,718 | INFO | [t=2500] VLA chunk prompt=Reach toward the orange juice in cabinet1 to grasp it.
2026-09-26 20:11:49,866 | INFO | API VLM @t=2230 task=19 subtask=Place the item being transferred into cabinet2. keyframes=[]
2026-09-26 20:11:49,890 | INFO | attempt=0 stage_score=0.0 stage_success=False failure_reason=incomplete_stage
2026-09-26 20:11:49,890 | INFO | Episode 7 seed=107 stage_score=0.0 stage_success=0 goal=0.000 failure_reason=incomplete_stage | 01_Place_Tomato_Sauce_Cabinet2=N | 02_Place_Milk_Cabinet2=N | 03_Place_Orange_Juice_Cabinet2=N
