2026-09-18 13:27:20,043 | INFO | task_id=5 bddl=/project/peilab/why/RoboMemArena/bddl/5_butter_middle_drawer.bddl vlm_ckpt=/project/peilab/why/RoboMemArena/checkpoints/PrediMem/vlm_tasks1to26_ckpt74500
2026-09-18 13:27:22,033 | INFO | async VLM enabled: single-slot subtask buffer
2026-09-18 13:27:22,301 | INFO | [t=10] VLA chunk prompt=Open all drawers in order, remember the empty drawer, then put butter into that empty drawer.
2026-09-18 13:27:22,587 | INFO | [t=20] VLA chunk prompt=Open all drawers in order, remember the empty drawer, then put butter into that empty drawer.
2026-09-18 13:27:22,870 | INFO | [t=30] VLA chunk prompt=Open all drawers in order, remember the empty drawer, then put butter into that empty drawer.
2026-09-18 13:27:23,149 | INFO | [t=40] VLA chunk prompt=Open all drawers in order, remember the empty drawer, then put butter into that empty drawer.
2026-09-18 13:27:23,429 | INFO | [t=50] VLA chunk prompt=Open all drawers in order, remember the empty drawer, then put butter into that empty drawer.
2026-09-18 13:27:23,710 | INFO | [t=60] VLA chunk prompt=Open all drawers in order, remember the empty drawer, then put butter into that empty drawer.
2026-09-18 13:27:23,996 | INFO | [t=70] VLA chunk prompt=Open all drawers in order, remember the empty drawer, then put butter into that empty drawer.
2026-09-18 13:27:24,243 | INFO | [t=80] harness subtask override: open top drawer
2026-09-18 13:27:24,243 | INFO | [t=80] VLM prompt update from step=-1: open top drawer
2026-09-18 13:27:24,244 | INFO | [t=80] harness forced VLM replan after stall (pmh visual retrieve armed)
2026-09-18 13:27:24,294 | INFO | [t=80] VLA chunk prompt=open top drawer
2026-09-18 13:27:24,584 | INFO | [t=90] VLA chunk prompt=open top drawer
2026-09-18 13:27:24,866 | INFO | [t=100] VLA chunk prompt=open top drawer
2026-09-18 13:27:25,167 | INFO | [t=110] VLA chunk prompt=open top drawer
2026-09-18 13:27:25,487 | INFO | [t=120] VLA chunk prompt=open top drawer
2026-09-18 13:27:25,811 | INFO | [t=130] VLA chunk prompt=open top drawer
2026-09-18 13:27:26,140 | INFO | [t=140] VLA chunk prompt=open top drawer
2026-09-18 13:27:26,475 | INFO | [t=150] VLA chunk prompt=open top drawer
2026-09-18 13:27:26,814 | INFO | [t=160] VLA chunk prompt=open top drawer
2026-09-18 13:27:27,163 | INFO | [t=170] VLA chunk prompt=open top drawer
2026-09-18 13:27:27,519 | INFO | [t=180] VLA chunk prompt=open top drawer
2026-09-18 13:27:27,878 | INFO | [t=190] VLA chunk prompt=open top drawer
2026-09-18 13:27:28,240 | INFO | [t=200] VLA chunk prompt=open top drawer
2026-09-18 13:27:28,381 | INFO | API VLM @t=1370 task=5 subtask=open top drawer keyframes=[]
2026-09-18 13:27:28,608 | INFO | [t=210] VLA chunk prompt=open top drawer
2026-09-18 13:27:28,978 | INFO | [t=220] VLA chunk prompt=open top drawer
2026-09-18 13:27:29,353 | INFO | [t=230] VLA chunk prompt=open top drawer
2026-09-18 13:27:29,731 | INFO | [t=240] VLA chunk prompt=open top drawer
2026-09-18 13:27:30,115 | INFO | [t=250] VLA chunk prompt=open top drawer
2026-09-18 13:27:30,502 | INFO | [t=260] VLA chunk prompt=open top drawer
2026-09-18 13:27:30,889 | INFO | [t=270] VLA chunk prompt=open top drawer
2026-09-18 13:27:31,279 | INFO | [t=280] VLA chunk prompt=open top drawer
2026-09-18 13:27:31,661 | INFO | [t=290] VLA chunk prompt=open top drawer
2026-09-18 13:27:32,044 | INFO | [t=300] VLA chunk prompt=open top drawer
2026-09-18 13:27:32,313 | INFO | API VLM @t=0 task=5 subtask=open the top drawer keyframes=[]
2026-09-18 13:27:32,382 | INFO | [t=310] VLM prompt update from step=0: open the top drawer
2026-09-18 13:27:32,433 | INFO | [t=310] VLA chunk prompt=open the top drawer
2026-09-18 13:27:32,816 | INFO | [t=320] VLA chunk prompt=open the top drawer
2026-09-18 13:27:33,202 | INFO | [t=330] VLA chunk prompt=open the top drawer
2026-09-18 13:27:33,586 | INFO | [t=340] VLA chunk prompt=open the top drawer
2026-09-18 13:27:33,970 | INFO | [t=350] VLA chunk prompt=open the top drawer
2026-09-18 13:27:34,353 | INFO | [t=360] VLA chunk prompt=open the top drawer
2026-09-18 13:27:34,736 | INFO | [t=370] VLA chunk prompt=open the top drawer
2026-09-18 13:27:35,121 | INFO | [t=380] VLA chunk prompt=open the top drawer
2026-09-18 13:27:35,508 | INFO | [t=390] VLA chunk prompt=open the top drawer
2026-09-18 13:27:35,897 | INFO | [t=400] VLA chunk prompt=open the top drawer
2026-09-18 13:27:36,287 | INFO | [t=410] VLA chunk prompt=open the top drawer
2026-09-18 13:27:36,679 | INFO | [t=420] VLA chunk prompt=open the top drawer
2026-09-18 13:27:37,067 | INFO | [t=430] VLA chunk prompt=open the top drawer
2026-09-18 13:27:37,456 | INFO | [t=440] VLA chunk prompt=open the top drawer
2026-09-18 13:27:37,843 | INFO | [t=450] VLA chunk prompt=open the top drawer
2026-09-18 13:27:38,235 | INFO | [t=460] VLA chunk prompt=open the top drawer
2026-09-18 13:27:38,636 | INFO | [t=470] VLA chunk prompt=open the top drawer
2026-09-18 13:27:39,032 | INFO | [t=480] VLA chunk prompt=open the top drawer
2026-09-18 13:27:39,423 | INFO | [t=490] VLA chunk prompt=open the top drawer
2026-09-18 13:27:39,807 | INFO | [t=500] VLA chunk prompt=open the top drawer
2026-09-18 13:27:40,187 | INFO | [t=510] VLA chunk prompt=open the top drawer
2026-09-18 13:27:40,567 | INFO | [t=520] VLA chunk prompt=open the top drawer
2026-09-18 13:27:40,953 | INFO | [t=530] VLA chunk prompt=open the top drawer
2026-09-18 13:27:41,338 | INFO | [t=540] VLA chunk prompt=open the top drawer
2026-09-18 13:27:41,713 | INFO | [t=550] VLA chunk prompt=open the top drawer
2026-09-18 13:27:42,084 | INFO | [t=560] VLA chunk prompt=open the top drawer
2026-09-18 13:27:42,453 | INFO | [t=570] VLA chunk prompt=open the top drawer
2026-09-18 13:27:42,823 | INFO | [t=580] VLA chunk prompt=open the top drawer
2026-09-18 13:27:43,194 | INFO | [t=590] VLA chunk prompt=open the top drawer
2026-09-18 13:27:43,564 | INFO | [t=600] VLA chunk prompt=open the top drawer
2026-09-18 13:27:43,942 | INFO | [t=610] VLA chunk prompt=open the top drawer
2026-09-18 13:27:44,332 | INFO | [t=620] VLA chunk prompt=open the top drawer
2026-09-18 13:27:44,722 | INFO | [t=630] VLA chunk prompt=open the top drawer
2026-09-18 13:27:45,120 | INFO | [t=640] VLA chunk prompt=open the top drawer
2026-09-18 13:27:45,513 | INFO | [t=650] VLA chunk prompt=open the top drawer
2026-09-18 13:27:45,905 | INFO | [t=660] VLA chunk prompt=open the top drawer
2026-09-18 13:27:46,294 | INFO | [t=670] VLA chunk prompt=open the top drawer
2026-09-18 13:27:46,684 | INFO | [t=680] VLA chunk prompt=open the top drawer
2026-09-18 13:27:47,075 | INFO | [t=690] VLA chunk prompt=open the top drawer
2026-09-18 13:27:47,466 | INFO | [t=700] VLA chunk prompt=open the top drawer
2026-09-18 13:27:47,860 | INFO | [t=710] VLA chunk prompt=open the top drawer
2026-09-18 13:27:48,253 | INFO | [t=720] VLA chunk prompt=open the top drawer
2026-09-18 13:27:48,645 | INFO | [t=730] VLA chunk prompt=open the top drawer
2026-09-18 13:27:49,038 | INFO | [t=740] VLA chunk prompt=open the top drawer
2026-09-18 13:27:49,429 | INFO | [t=750] VLA chunk prompt=open the top drawer
2026-09-18 13:27:49,822 | INFO | [t=760] VLA chunk prompt=open the top drawer
2026-09-18 13:27:50,209 | INFO | [t=770] VLA chunk prompt=open the top drawer
2026-09-18 13:27:50,599 | INFO | [t=780] VLA chunk prompt=open the top drawer
2026-09-18 13:27:50,994 | INFO | [t=790] VLA chunk prompt=open the top drawer
2026-09-18 13:27:51,390 | INFO | [t=800] VLA chunk prompt=open the top drawer
2026-09-18 13:27:51,793 | INFO | [t=810] VLA chunk prompt=open the top drawer
2026-09-18 13:27:52,199 | INFO | [t=820] VLA chunk prompt=open the top drawer
2026-09-18 13:27:52,607 | INFO | [t=830] VLA chunk prompt=open the top drawer
2026-09-18 13:27:53,000 | INFO | [t=840] VLA chunk prompt=open the top drawer
2026-09-18 13:27:53,396 | INFO | [t=850] VLA chunk prompt=open the top drawer
2026-09-18 13:27:53,790 | INFO | [t=860] VLA chunk prompt=open the top drawer
2026-09-18 13:27:54,187 | INFO | [t=870] VLA chunk prompt=open the top drawer
2026-09-18 13:27:54,590 | INFO | [t=880] VLA chunk prompt=open the top drawer
2026-09-18 13:27:54,995 | INFO | [t=890] VLA chunk prompt=open the top drawer
2026-09-18 13:27:55,399 | INFO | [t=900] VLA chunk prompt=open the top drawer
2026-09-18 13:27:55,790 | INFO | [t=910] VLA chunk prompt=open the top drawer
2026-09-18 13:27:56,184 | INFO | [t=920] VLA chunk prompt=open the top drawer
2026-09-18 13:27:56,576 | INFO | [t=930] VLA chunk prompt=open the top drawer
2026-09-18 13:27:56,971 | INFO | [t=940] VLA chunk prompt=open the top drawer
2026-09-18 13:27:57,375 | INFO | [t=950] VLA chunk prompt=open the top drawer
2026-09-18 13:27:57,784 | INFO | [t=960] VLA chunk prompt=open the top drawer
2026-09-18 13:27:58,197 | INFO | [t=970] VLA chunk prompt=open the top drawer
2026-09-18 13:27:58,607 | INFO | [t=980] VLA chunk prompt=open the top drawer
2026-09-18 13:27:58,999 | INFO | [t=990] VLA chunk prompt=open the top drawer
2026-09-18 13:27:59,388 | INFO | [t=1000] VLA chunk prompt=open the top drawer
2026-09-18 13:27:59,782 | INFO | [t=1010] VLA chunk prompt=open the top drawer
2026-09-18 13:28:00,168 | INFO | [t=1020] VLA chunk prompt=open the top drawer
2026-09-18 13:28:00,555 | INFO | [t=1030] VLA chunk prompt=open the top drawer
2026-09-18 13:28:00,943 | INFO | [t=1040] VLA chunk prompt=open the top drawer
2026-09-18 13:28:01,333 | INFO | [t=1050] VLA chunk prompt=open the top drawer
2026-09-18 13:28:01,720 | INFO | [t=1060] VLA chunk prompt=open the top drawer
2026-09-18 13:28:02,109 | INFO | [t=1070] VLA chunk prompt=open the top drawer
2026-09-18 13:28:02,496 | INFO | [t=1080] VLA chunk prompt=open the top drawer
2026-09-18 13:28:02,885 | INFO | [t=1090] VLA chunk prompt=open the top drawer
2026-09-18 13:28:02,914 | INFO | API VLM @t=295 task=5 subtask=open top drawer keyframes=[]
2026-09-18 13:28:03,230 | INFO | [t=1100] VLM prompt update from step=295: open top drawer
2026-09-18 13:28:03,281 | INFO | [t=1100] VLA chunk prompt=open top drawer
2026-09-18 13:28:03,668 | INFO | [t=1110] VLA chunk prompt=open top drawer
2026-09-18 13:28:04,056 | INFO | [t=1120] VLA chunk prompt=open top drawer
2026-09-18 13:28:04,448 | INFO | [t=1130] VLA chunk prompt=open top drawer
2026-09-18 13:28:04,839 | INFO | [t=1140] VLA chunk prompt=open top drawer
2026-09-18 13:28:05,235 | INFO | [t=1150] VLA chunk prompt=open top drawer
2026-09-18 13:28:05,623 | INFO | [t=1160] VLA chunk prompt=open top drawer
2026-09-18 13:28:06,010 | INFO | [t=1170] VLA chunk prompt=open top drawer
2026-09-18 13:28:06,397 | INFO | [t=1180] VLA chunk prompt=open top drawer
2026-09-18 13:28:06,786 | INFO | [t=1190] VLA chunk prompt=open top drawer
2026-09-18 13:28:07,180 | INFO | [t=1200] VLA chunk prompt=open top drawer
2026-09-18 13:28:07,577 | INFO | [t=1210] VLA chunk prompt=open top drawer
2026-09-18 13:28:07,973 | INFO | [t=1220] VLA chunk prompt=open top drawer
2026-09-18 13:28:08,377 | INFO | [t=1230] VLA chunk prompt=open top drawer
2026-09-18 13:28:08,781 | INFO | [t=1240] VLA chunk prompt=open top drawer
2026-09-18 13:28:09,187 | INFO | [t=1250] VLA chunk prompt=open top drawer
2026-09-18 13:28:09,595 | INFO | [t=1260] VLA chunk prompt=open top drawer
2026-09-18 13:28:10,003 | INFO | [t=1270] VLA chunk prompt=open top drawer
2026-09-18 13:28:10,405 | INFO | [t=1280] VLA chunk prompt=open top drawer
2026-09-18 13:28:10,800 | INFO | [t=1290] VLA chunk prompt=open top drawer
2026-09-18 13:28:11,187 | INFO | [t=1300] VLA chunk prompt=open top drawer
2026-09-18 13:28:11,573 | INFO | [t=1310] VLA chunk prompt=open top drawer
2026-09-18 13:28:11,964 | INFO | [t=1320] VLA chunk prompt=open top drawer
2026-09-18 13:28:12,355 | INFO | [t=1330] VLA chunk prompt=open top drawer
2026-09-18 13:28:12,748 | INFO | [t=1340] VLA chunk prompt=open top drawer
2026-09-18 13:28:13,137 | INFO | [t=1350] VLA chunk prompt=open top drawer
2026-09-18 13:28:13,536 | INFO | [t=1360] VLA chunk prompt=open top drawer
2026-09-18 13:28:13,928 | INFO | [t=1370] VLA chunk prompt=open top drawer
2026-09-18 13:28:14,319 | INFO | [t=1380] VLA chunk prompt=open top drawer
2026-09-18 13:28:14,717 | INFO | [t=1390] VLA chunk prompt=open top drawer
2026-09-18 13:28:15,117 | INFO | [t=1400] VLA chunk prompt=open top drawer
2026-09-18 13:28:15,513 | INFO | [t=1410] VLA chunk prompt=open top drawer
2026-09-18 13:28:15,901 | INFO | [t=1420] VLA chunk prompt=open top drawer
2026-09-18 13:28:16,284 | INFO | [t=1430] VLA chunk prompt=open top drawer
2026-09-18 13:28:16,672 | INFO | [t=1440] VLA chunk prompt=open top drawer
2026-09-18 13:28:17,059 | INFO | [t=1450] VLA chunk prompt=open top drawer
2026-09-18 13:28:17,453 | INFO | [t=1460] VLA chunk prompt=open top drawer
2026-09-18 13:28:17,854 | INFO | [t=1470] VLA chunk prompt=open top drawer
2026-09-18 13:28:18,255 | INFO | [t=1480] VLA chunk prompt=open top drawer
2026-09-18 13:28:18,658 | INFO | [t=1490] VLA chunk prompt=open top drawer
2026-09-18 13:28:19,059 | INFO | [t=1500] VLA chunk prompt=open top drawer
2026-09-18 13:28:19,459 | INFO | [t=1510] VLA chunk prompt=open top drawer
2026-09-18 13:28:19,859 | INFO | [t=1520] VLA chunk prompt=open top drawer
2026-09-18 13:28:20,262 | INFO | [t=1530] VLA chunk prompt=open top drawer
2026-09-18 13:28:20,669 | INFO | [t=1540] VLA chunk prompt=open top drawer
2026-09-18 13:28:21,069 | INFO | [t=1550] VLA chunk prompt=open top drawer
2026-09-18 13:28:21,460 | INFO | [t=1560] VLA chunk prompt=open top drawer
2026-09-18 13:28:21,853 | INFO | [t=1570] VLA chunk prompt=open top drawer
2026-09-18 13:28:22,246 | INFO | [t=1580] VLA chunk prompt=open top drawer
2026-09-18 13:28:22,645 | INFO | [t=1590] VLA chunk prompt=open top drawer
2026-09-18 13:28:23,041 | INFO | [t=1600] VLA chunk prompt=open top drawer
2026-09-18 13:28:23,432 | INFO | [t=1610] VLA chunk prompt=open top drawer
2026-09-18 13:28:23,822 | INFO | [t=1620] VLA chunk prompt=open top drawer
2026-09-18 13:28:24,214 | INFO | [t=1630] VLA chunk prompt=open top drawer
2026-09-18 13:28:24,611 | INFO | [t=1640] VLA chunk prompt=open top drawer
2026-09-18 13:28:25,002 | INFO | [t=1650] VLA chunk prompt=open top drawer
2026-09-18 13:28:25,390 | INFO | [t=1660] VLA chunk prompt=open top drawer
2026-09-18 13:28:25,788 | INFO | [t=1670] VLA chunk prompt=open top drawer
2026-09-18 13:28:26,185 | INFO | [t=1680] VLA chunk prompt=open top drawer
2026-09-18 13:28:26,587 | INFO | [t=1690] VLA chunk prompt=open top drawer
2026-09-18 13:28:26,988 | INFO | [t=1700] VLA chunk prompt=open top drawer
2026-09-18 13:28:27,065 | INFO | API VLM @t=1080 task=5 subtask=open top drawer keyframes=[]
2026-09-18 13:28:27,402 | INFO | [t=1710] VLA chunk prompt=open top drawer
2026-09-18 13:28:27,806 | INFO | [t=1720] VLA chunk prompt=open top drawer
2026-09-18 13:28:28,197 | INFO | [t=1730] VLA chunk prompt=open top drawer
2026-09-18 13:28:28,590 | INFO | [t=1740] VLA chunk prompt=open top drawer
2026-09-18 13:28:28,978 | INFO | [t=1750] VLA chunk prompt=open top drawer
2026-09-18 13:28:29,366 | INFO | [t=1760] VLA chunk prompt=open top drawer
2026-09-18 13:28:29,759 | INFO | [t=1770] VLA chunk prompt=open top drawer
2026-09-18 13:28:30,172 | INFO | [t=1780] VLA chunk prompt=open top drawer
2026-09-18 13:28:30,576 | INFO | [t=1790] VLA chunk prompt=open top drawer
2026-09-18 13:28:30,979 | INFO | [t=1800] VLA chunk prompt=open top drawer
2026-09-18 13:28:31,381 | INFO | [t=1810] VLA chunk prompt=open top drawer
2026-09-18 13:28:31,786 | INFO | [t=1820] VLA chunk prompt=open top drawer
2026-09-18 13:28:32,191 | INFO | [t=1830] VLA chunk prompt=open top drawer
2026-09-18 13:28:32,604 | INFO | [t=1840] VLA chunk prompt=open top drawer
2026-09-18 13:28:33,004 | INFO | [t=1850] VLA chunk prompt=open top drawer
2026-09-18 13:28:33,392 | INFO | [t=1860] VLA chunk prompt=open top drawer
2026-09-18 13:28:33,785 | INFO | [t=1870] VLA chunk prompt=open top drawer
2026-09-18 13:28:34,177 | INFO | [t=1880] VLA chunk prompt=open top drawer
2026-09-18 13:28:34,573 | INFO | [t=1890] VLA chunk prompt=open top drawer
2026-09-18 13:28:34,971 | INFO | [t=1900] VLA chunk prompt=open top drawer
2026-09-18 13:28:35,371 | INFO | [t=1910] VLA chunk prompt=open top drawer
2026-09-18 13:28:35,775 | INFO | [t=1920] VLA chunk prompt=open top drawer
2026-09-18 13:28:36,179 | INFO | [t=1930] VLA chunk prompt=open top drawer
2026-09-18 13:28:36,584 | INFO | [t=1940] VLA chunk prompt=open top drawer
2026-09-18 13:28:36,989 | INFO | [t=1950] VLA chunk prompt=open top drawer
2026-09-18 13:28:37,406 | INFO | [t=1960] VLA chunk prompt=open top drawer
2026-09-18 13:28:37,808 | INFO | [t=1970] VLA chunk prompt=open top drawer
2026-09-18 13:28:38,199 | INFO | [t=1980] VLA chunk prompt=open top drawer
2026-09-18 13:28:38,595 | INFO | [t=1990] VLA chunk prompt=open top drawer
2026-09-18 13:28:38,980 | INFO | [t=2000] VLA chunk prompt=open top drawer
2026-09-18 13:28:39,368 | INFO | [t=2010] VLA chunk prompt=open top drawer
2026-09-18 13:28:39,764 | INFO | [t=2020] VLA chunk prompt=open top drawer
2026-09-18 13:28:40,173 | INFO | [t=2030] VLA chunk prompt=open top drawer
2026-09-18 13:28:40,585 | INFO | [t=2040] VLA chunk prompt=open top drawer
2026-09-18 13:28:40,996 | INFO | [t=2050] VLA chunk prompt=open top drawer
2026-09-18 13:28:41,412 | INFO | [t=2060] VLA chunk prompt=open top drawer
2026-09-18 13:28:41,797 | INFO | [t=2070] VLA chunk prompt=open top drawer
2026-09-18 13:28:42,183 | INFO | [t=2080] VLA chunk prompt=open top drawer
2026-09-18 13:28:42,570 | INFO | [t=2090] VLA chunk prompt=open top drawer
2026-09-18 13:28:42,955 | INFO | [t=2100] VLA chunk prompt=open top drawer
2026-09-18 13:28:43,343 | INFO | [t=2110] VLA chunk prompt=open top drawer
2026-09-18 13:28:43,738 | INFO | [t=2120] VLA chunk prompt=open top drawer
2026-09-18 13:28:44,127 | INFO | [t=2130] VLA chunk prompt=open top drawer
2026-09-18 13:28:44,520 | INFO | [t=2140] VLA chunk prompt=open top drawer
2026-09-18 13:28:44,918 | INFO | [t=2150] VLA chunk prompt=open top drawer
2026-09-18 13:28:45,311 | INFO | [t=2160] VLA chunk prompt=open top drawer
2026-09-18 13:28:45,706 | INFO | [t=2170] VLA chunk prompt=open top drawer
2026-09-18 13:28:46,098 | INFO | [t=2180] VLA chunk prompt=open top drawer
2026-09-18 13:28:46,496 | INFO | [t=2190] VLA chunk prompt=open top drawer
2026-09-18 13:28:46,888 | INFO | [t=2200] VLA chunk prompt=open top drawer
2026-09-18 13:28:47,280 | INFO | [t=2210] VLA chunk prompt=open top drawer
2026-09-18 13:28:47,682 | INFO | [t=2220] VLA chunk prompt=open top drawer
2026-09-18 13:28:48,075 | INFO | [t=2230] VLA chunk prompt=open top drawer
2026-09-18 13:28:48,457 | INFO | [t=2240] VLA chunk prompt=open top drawer
2026-09-18 13:28:48,836 | INFO | [t=2250] VLA chunk prompt=open top drawer
2026-09-18 13:28:49,213 | INFO | [t=2260] VLA chunk prompt=open top drawer
2026-09-18 13:28:49,588 | INFO | [t=2270] VLA chunk prompt=open top drawer
2026-09-18 13:28:49,965 | INFO | [t=2280] VLA chunk prompt=open top drawer
2026-09-18 13:28:50,355 | INFO | [t=2290] VLA chunk prompt=open top drawer
2026-09-18 13:28:50,755 | INFO | [t=2300] VLA chunk prompt=open top drawer
2026-09-18 13:28:51,153 | INFO | [t=2310] VLA chunk prompt=open top drawer
2026-09-18 13:28:51,553 | INFO | [t=2320] VLA chunk prompt=open top drawer
2026-09-18 13:28:51,949 | INFO | [t=2330] VLA chunk prompt=open top drawer
2026-09-18 13:28:52,341 | INFO | [t=2340] VLA chunk prompt=open top drawer
2026-09-18 13:28:52,726 | INFO | [t=2350] VLA chunk prompt=open top drawer
2026-09-18 13:28:53,118 | INFO | [t=2360] VLA chunk prompt=open top drawer
2026-09-18 13:28:53,519 | INFO | [t=2370] VLA chunk prompt=open top drawer
2026-09-18 13:28:53,920 | INFO | [t=2380] VLA chunk prompt=open top drawer
2026-09-18 13:28:54,305 | INFO | [t=2390] VLA chunk prompt=open top drawer
2026-09-18 13:28:54,683 | INFO | [t=2400] VLA chunk prompt=open top drawer
2026-09-18 13:28:55,057 | INFO | [t=2410] VLA chunk prompt=open top drawer
2026-09-18 13:28:55,430 | INFO | [t=2420] VLA chunk prompt=open top drawer
2026-09-18 13:28:55,805 | INFO | [t=2430] VLA chunk prompt=open top drawer
2026-09-18 13:28:56,180 | INFO | [t=2440] VLA chunk prompt=open top drawer
2026-09-18 13:28:56,560 | INFO | [t=2450] VLA chunk prompt=open top drawer
2026-09-18 13:28:56,947 | INFO | [t=2460] VLA chunk prompt=open top drawer
2026-09-18 13:28:57,330 | INFO | [t=2470] VLA chunk prompt=open top drawer
2026-09-18 13:28:57,711 | INFO | [t=2480] VLA chunk prompt=open top drawer
2026-09-18 13:28:58,092 | INFO | [t=2490] VLA chunk prompt=open top drawer
2026-09-18 13:28:58,472 | INFO | [t=2500] VLA chunk prompt=open top drawer
2026-09-18 13:29:01,827 | INFO | attempt=0 stage_score=0.0 stage_success=False failure_reason=incomplete_stage
2026-09-18 13:29:03,787 | INFO | harness release_gripper after env.reset (attempt=1)
2026-09-18 13:29:03,788 | INFO | async VLM enabled: single-slot subtask buffer
2026-09-18 13:29:04,054 | INFO | [t=10] VLA chunk prompt=Open all drawers in order, remember the empty drawer, then put butter into that empty drawer.
2026-09-18 13:29:04,341 | INFO | [t=20] VLA chunk prompt=Open all drawers in order, remember the empty drawer, then put butter into that empty drawer.
2026-09-18 13:29:04,625 | INFO | [t=30] VLA chunk prompt=Open all drawers in order, remember the empty drawer, then put butter into that empty drawer.
2026-09-18 13:29:04,906 | INFO | [t=40] VLA chunk prompt=Open all drawers in order, remember the empty drawer, then put butter into that empty drawer.
2026-09-18 13:29:05,188 | INFO | [t=50] VLA chunk prompt=Open all drawers in order, remember the empty drawer, then put butter into that empty drawer.
2026-09-18 13:29:05,470 | INFO | [t=60] VLA chunk prompt=Open all drawers in order, remember the empty drawer, then put butter into that empty drawer.
2026-09-18 13:29:05,752 | INFO | [t=70] VLA chunk prompt=Open all drawers in order, remember the empty drawer, then put butter into that empty drawer.
2026-09-18 13:29:05,988 | INFO | [t=80] harness subtask override: open top drawer
2026-09-18 13:29:05,988 | INFO | [t=80] VLM prompt update from step=-1: open top drawer
2026-09-18 13:29:05,988 | INFO | [t=80] harness forced VLM replan after stall (pmh visual retrieve armed)
2026-09-18 13:29:06,039 | INFO | [t=80] VLA chunk prompt=open top drawer
2026-09-18 13:29:06,319 | INFO | [t=90] VLA chunk prompt=open top drawer
2026-09-18 13:29:06,599 | INFO | [t=100] VLA chunk prompt=open top drawer
2026-09-18 13:29:06,880 | INFO | [t=110] VLA chunk prompt=open top drawer
2026-09-18 13:29:07,177 | INFO | [t=120] VLA chunk prompt=open top drawer
2026-09-18 13:29:07,502 | INFO | [t=130] VLA chunk prompt=open top drawer
2026-09-18 13:29:07,844 | INFO | [t=140] VLA chunk prompt=open top drawer
2026-09-18 13:29:08,190 | INFO | [t=150] VLA chunk prompt=open top drawer
2026-09-18 13:29:08,541 | INFO | [t=160] VLA chunk prompt=open top drawer
2026-09-18 13:29:08,894 | INFO | [t=170] VLA chunk prompt=open top drawer
2026-09-18 13:29:09,256 | INFO | [t=180] VLA chunk prompt=open top drawer
2026-09-18 13:29:09,616 | INFO | [t=190] VLA chunk prompt=open top drawer
2026-09-18 13:29:09,992 | INFO | [t=200] VLA chunk prompt=open top drawer
2026-09-18 13:29:10,371 | INFO | [t=210] VLA chunk prompt=open top drawer
2026-09-18 13:29:10,754 | INFO | [t=220] VLA chunk prompt=open top drawer
2026-09-18 13:29:11,146 | INFO | [t=230] VLA chunk prompt=open top drawer
2026-09-18 13:29:11,541 | INFO | [t=240] VLA chunk prompt=open top drawer
2026-09-18 13:29:11,937 | INFO | [t=250] VLA chunk prompt=open top drawer
2026-09-18 13:29:12,336 | INFO | [t=260] VLA chunk prompt=open top drawer
2026-09-18 13:29:12,732 | INFO | [t=270] VLA chunk prompt=open top drawer
2026-09-18 13:29:13,134 | INFO | [t=280] VLA chunk prompt=open top drawer
2026-09-18 13:29:13,549 | INFO | [t=290] VLA chunk prompt=open top drawer
2026-09-18 13:29:13,621 | INFO | [t=292] stage done: 01_Open_Top_Drawer
2026-09-18 13:29:13,951 | INFO | [t=300] VLA chunk prompt=open top drawer
2026-09-18 13:29:14,021 | WARNING | API planner returned empty response at step=0
2026-09-18 13:29:14,296 | INFO | [t=310] VLM prompt update from step=0: Open all drawers in order, remember the empty drawer, then put butter into that empty drawer.
2026-09-18 13:29:14,347 | INFO | [t=310] VLA chunk prompt=Open all drawers in order, remember the empty drawer, then put butter into that empty drawer.
2026-09-18 13:29:14,732 | INFO | [t=320] VLA chunk prompt=Open all drawers in order, remember the empty drawer, then put butter into that empty drawer.
2026-09-18 13:29:15,108 | INFO | [t=330] VLA chunk prompt=Open all drawers in order, remember the empty drawer, then put butter into that empty drawer.
2026-09-18 13:29:15,480 | INFO | [t=340] VLA chunk prompt=Open all drawers in order, remember the empty drawer, then put butter into that empty drawer.
2026-09-18 13:29:15,853 | INFO | [t=350] VLA chunk prompt=Open all drawers in order, remember the empty drawer, then put butter into that empty drawer.
2026-09-18 13:29:16,225 | INFO | [t=360] VLA chunk prompt=Open all drawers in order, remember the empty drawer, then put butter into that empty drawer.
2026-09-18 13:29:16,595 | INFO | [t=370] VLA chunk prompt=Open all drawers in order, remember the empty drawer, then put butter into that empty drawer.
2026-09-18 13:29:16,912 | INFO | [t=380] harness subtask override: close top drawer
2026-09-18 13:29:16,912 | INFO | [t=380] VLM prompt update from step=0: close top drawer
2026-09-18 13:29:16,913 | INFO | [t=380] harness forced VLM replan after stall (pmh visual retrieve armed)
2026-09-18 13:29:16,963 | INFO | [t=380] VLA chunk prompt=close top drawer
2026-09-18 13:29:17,335 | INFO | [t=390] VLA chunk prompt=close top drawer
2026-09-18 13:29:17,706 | INFO | API VLM @t=1690 task=5 subtask=close the top drawer keyframes=[]
2026-09-18 13:29:17,712 | INFO | [t=400] VLA chunk prompt=close top drawer
2026-09-18 13:29:18,093 | INFO | [t=410] VLA chunk prompt=close top drawer
2026-09-18 13:29:18,488 | INFO | [t=420] VLA chunk prompt=close top drawer
2026-09-18 13:29:18,877 | INFO | [t=430] VLA chunk prompt=close top drawer
2026-09-18 13:29:19,256 | INFO | [t=440] VLA chunk prompt=close top drawer
2026-09-18 13:29:19,631 | INFO | [t=450] VLA chunk prompt=close top drawer
2026-09-18 13:29:20,006 | INFO | [t=460] VLA chunk prompt=close top drawer
2026-09-18 13:29:20,380 | INFO | [t=470] VLA chunk prompt=close top drawer
2026-09-18 13:29:20,754 | INFO | [t=480] VLA chunk prompt=close top drawer
2026-09-18 13:29:21,128 | INFO | [t=490] VLA chunk prompt=close top drawer
2026-09-18 13:29:21,507 | INFO | [t=500] VLA chunk prompt=close top drawer
2026-09-18 13:29:21,888 | INFO | [t=510] VLA chunk prompt=close top drawer
2026-09-18 13:29:22,268 | INFO | [t=520] VLA chunk prompt=close top drawer
2026-09-18 13:29:22,650 | INFO | [t=530] VLA chunk prompt=close top drawer
2026-09-18 13:29:23,027 | INFO | [t=540] VLA chunk prompt=close top drawer
2026-09-18 13:29:23,408 | INFO | [t=550] VLA chunk prompt=close top drawer
2026-09-18 13:29:23,795 | INFO | [t=560] VLA chunk prompt=close top drawer
2026-09-18 13:29:24,187 | INFO | [t=570] VLA chunk prompt=close top drawer
2026-09-18 13:29:24,583 | INFO | [t=580] VLA chunk prompt=close top drawer
2026-09-18 13:29:24,986 | INFO | [t=590] VLA chunk prompt=close top drawer
2026-09-18 13:29:25,392 | INFO | [t=600] VLA chunk prompt=close top drawer
2026-09-18 13:29:25,804 | INFO | [t=610] VLA chunk prompt=close top drawer
2026-09-18 13:29:26,214 | INFO | [t=620] VLA chunk prompt=close top drawer
2026-09-18 13:29:26,611 | INFO | [t=630] VLA chunk prompt=close top drawer
2026-09-18 13:29:27,007 | INFO | [t=640] VLA chunk prompt=close top drawer
2026-09-18 13:29:27,406 | INFO | [t=650] VLA chunk prompt=close top drawer
2026-09-18 13:29:27,803 | INFO | [t=660] VLA chunk prompt=close top drawer
2026-09-18 13:29:28,196 | INFO | [t=670] VLA chunk prompt=close top drawer
2026-09-18 13:29:28,588 | INFO | [t=680] VLA chunk prompt=close top drawer
2026-09-18 13:29:28,982 | INFO | [t=690] VLA chunk prompt=close top drawer
2026-09-18 13:29:29,376 | INFO | [t=700] VLA chunk prompt=close top drawer
2026-09-18 13:29:29,776 | INFO | [t=710] VLA chunk prompt=close top drawer
2026-09-18 13:29:30,186 | INFO | [t=720] VLA chunk prompt=close top drawer
2026-09-18 13:29:30,602 | INFO | [t=730] VLA chunk prompt=close top drawer
2026-09-18 13:29:31,033 | INFO | [t=740] VLA chunk prompt=close top drawer
2026-09-18 13:29:31,469 | INFO | [t=750] VLA chunk prompt=close top drawer
2026-09-18 13:29:31,882 | INFO | [t=760] VLA chunk prompt=close top drawer
2026-09-18 13:29:32,275 | INFO | [t=770] VLA chunk prompt=close top drawer
2026-09-18 13:29:32,652 | INFO | [t=780] VLA chunk prompt=close top drawer
2026-09-18 13:29:33,027 | INFO | [t=790] VLA chunk prompt=close top drawer
2026-09-18 13:29:33,398 | INFO | [t=800] VLA chunk prompt=close top drawer
2026-09-18 13:29:33,766 | INFO | [t=810] VLA chunk prompt=close top drawer
2026-09-18 13:29:34,130 | INFO | [t=820] VLA chunk prompt=close top drawer
2026-09-18 13:29:34,495 | INFO | [t=830] VLA chunk prompt=close top drawer
2026-09-18 13:29:34,869 | INFO | [t=840] VLA chunk prompt=close top drawer
2026-09-18 13:29:35,247 | INFO | [t=850] VLA chunk prompt=close top drawer
2026-09-18 13:29:35,619 | INFO | [t=860] VLA chunk prompt=close top drawer
2026-09-18 13:29:35,975 | INFO | API VLM @t=290 task=5 subtask=close the top drawer keyframes=[]
2026-09-18 13:29:35,989 | INFO | [t=870] VLA chunk prompt=close top drawer
2026-09-18 13:29:36,308 | INFO | [t=880] VLM prompt update from step=290: close the top drawer
2026-09-18 13:29:36,358 | INFO | [t=880] VLA chunk prompt=close the top drawer
2026-09-18 13:29:36,720 | INFO | [t=890] VLA chunk prompt=close the top drawer
2026-09-18 13:29:37,084 | INFO | [t=900] VLA chunk prompt=close the top drawer
2026-09-18 13:29:37,443 | INFO | [t=910] VLA chunk prompt=close the top drawer
2026-09-18 13:29:37,803 | INFO | [t=920] VLA chunk prompt=close the top drawer
2026-09-18 13:29:38,165 | INFO | [t=930] VLA chunk prompt=close the top drawer
2026-09-18 13:29:38,533 | INFO | [t=940] VLA chunk prompt=close the top drawer
2026-09-18 13:29:38,903 | INFO | [t=950] VLA chunk prompt=close the top drawer
2026-09-18 13:29:39,277 | INFO | [t=960] VLA chunk prompt=close the top drawer
2026-09-18 13:29:39,645 | INFO | [t=970] VLA chunk prompt=close the top drawer
2026-09-18 13:29:40,013 | INFO | [t=980] VLA chunk prompt=close the top drawer
2026-09-18 13:29:40,381 | INFO | [t=990] VLA chunk prompt=close the top drawer
2026-09-18 13:29:40,751 | INFO | [t=1000] VLA chunk prompt=close the top drawer
2026-09-18 13:29:41,132 | INFO | [t=1010] VLA chunk prompt=close the top drawer
2026-09-18 13:29:41,531 | INFO | [t=1020] VLA chunk prompt=close the top drawer
2026-09-18 13:29:41,933 | INFO | [t=1030] VLA chunk prompt=close the top drawer
2026-09-18 13:29:42,321 | INFO | [t=1040] VLA chunk prompt=close the top drawer
2026-09-18 13:29:42,701 | INFO | [t=1050] VLA chunk prompt=close the top drawer
2026-09-18 13:29:43,080 | INFO | [t=1060] VLA chunk prompt=close the top drawer
2026-09-18 13:29:43,455 | INFO | [t=1070] VLA chunk prompt=close the top drawer
2026-09-18 13:29:43,830 | INFO | [t=1080] VLA chunk prompt=close the top drawer
2026-09-18 13:29:44,200 | INFO | [t=1090] VLA chunk prompt=close the top drawer
2026-09-18 13:29:44,564 | INFO | [t=1100] VLA chunk prompt=close the top drawer
2026-09-18 13:29:44,933 | INFO | [t=1110] VLA chunk prompt=close the top drawer
2026-09-18 13:29:45,310 | INFO | [t=1120] VLA chunk prompt=close the top drawer
2026-09-18 13:29:45,684 | INFO | [t=1130] VLA chunk prompt=close the top drawer
2026-09-18 13:29:46,061 | INFO | [t=1140] VLA chunk prompt=close the top drawer
2026-09-18 13:29:46,429 | INFO | [t=1150] VLA chunk prompt=close the top drawer
2026-09-18 13:29:46,781 | INFO | [t=1160] VLA chunk prompt=close the top drawer
2026-09-18 13:29:47,136 | INFO | [t=1170] VLA chunk prompt=close the top drawer
2026-09-18 13:29:47,502 | INFO | [t=1180] VLA chunk prompt=close the top drawer
2026-09-18 13:29:47,878 | INFO | [t=1190] VLA chunk prompt=close the top drawer
2026-09-18 13:29:48,251 | INFO | [t=1200] VLA chunk prompt=close the top drawer
2026-09-18 13:29:48,613 | INFO | [t=1210] VLA chunk prompt=close the top drawer
2026-09-18 13:29:48,974 | INFO | [t=1220] VLA chunk prompt=close the top drawer
2026-09-18 13:29:49,335 | INFO | [t=1230] VLA chunk prompt=close the top drawer
2026-09-18 13:29:49,695 | INFO | [t=1240] VLA chunk prompt=close the top drawer
2026-09-18 13:29:50,055 | INFO | [t=1250] VLA chunk prompt=close the top drawer
2026-09-18 13:29:50,413 | INFO | [t=1260] VLA chunk prompt=close the top drawer
2026-09-18 13:29:50,774 | INFO | [t=1270] VLA chunk prompt=close the top drawer
2026-09-18 13:29:51,144 | INFO | [t=1280] VLA chunk prompt=close the top drawer
2026-09-18 13:29:51,518 | INFO | [t=1290] VLA chunk prompt=close the top drawer
2026-09-18 13:29:51,890 | INFO | [t=1300] VLA chunk prompt=close the top drawer
2026-09-18 13:29:52,261 | INFO | [t=1310] VLA chunk prompt=close the top drawer
2026-09-18 13:29:52,630 | INFO | [t=1320] VLA chunk prompt=close the top drawer
2026-09-18 13:29:52,999 | INFO | [t=1330] VLA chunk prompt=close the top drawer
2026-09-18 13:29:53,369 | INFO | [t=1340] VLA chunk prompt=close the top drawer
2026-09-18 13:29:53,748 | INFO | [t=1350] VLA chunk prompt=close the top drawer
2026-09-18 13:29:54,127 | INFO | [t=1360] VLA chunk prompt=close the top drawer
2026-09-18 13:29:54,506 | INFO | [t=1370] VLA chunk prompt=close the top drawer
2026-09-18 13:29:54,887 | INFO | [t=1380] VLA chunk prompt=close the top drawer
2026-09-18 13:29:55,264 | INFO | [t=1390] VLA chunk prompt=close the top drawer
2026-09-18 13:29:55,642 | INFO | [t=1400] VLA chunk prompt=close the top drawer
2026-09-18 13:29:56,023 | INFO | [t=1410] VLA chunk prompt=close the top drawer
2026-09-18 13:29:56,397 | INFO | [t=1420] VLA chunk prompt=close the top drawer
2026-09-18 13:29:56,768 | INFO | [t=1430] VLA chunk prompt=close the top drawer
2026-09-18 13:29:57,137 | INFO | [t=1440] VLA chunk prompt=close the top drawer
2026-09-18 13:29:57,506 | INFO | [t=1450] VLA chunk prompt=close the top drawer
2026-09-18 13:29:57,875 | INFO | [t=1460] VLA chunk prompt=close the top drawer
2026-09-18 13:29:58,243 | INFO | [t=1470] VLA chunk prompt=close the top drawer
2026-09-18 13:29:58,609 | INFO | [t=1480] VLA chunk prompt=close the top drawer
2026-09-18 13:29:58,973 | INFO | [t=1490] VLA chunk prompt=close the top drawer
2026-09-18 13:29:59,340 | INFO | [t=1500] VLA chunk prompt=close the top drawer
2026-09-18 13:29:59,713 | INFO | [t=1510] VLA chunk prompt=close the top drawer
2026-09-18 13:30:00,084 | INFO | [t=1520] VLA chunk prompt=close the top drawer
2026-09-18 13:30:00,455 | INFO | [t=1530] VLA chunk prompt=close the top drawer
2026-09-18 13:30:00,825 | INFO | [t=1540] VLA chunk prompt=close the top drawer
2026-09-18 13:30:01,194 | INFO | [t=1550] VLA chunk prompt=close the top drawer
2026-09-18 13:30:01,565 | INFO | [t=1560] VLA chunk prompt=close the top drawer
2026-09-18 13:30:01,941 | INFO | [t=1570] VLA chunk prompt=close the top drawer
2026-09-18 13:30:02,314 | INFO | [t=1580] VLA chunk prompt=close the top drawer
2026-09-18 13:30:02,685 | INFO | [t=1590] VLA chunk prompt=close the top drawer
2026-09-18 13:30:03,053 | INFO | [t=1600] VLA chunk prompt=close the top drawer
2026-09-18 13:30:03,421 | INFO | [t=1610] VLA chunk prompt=close the top drawer
2026-09-18 13:30:03,789 | INFO | [t=1620] VLA chunk prompt=close the top drawer
2026-09-18 13:30:04,162 | INFO | [t=1630] VLA chunk prompt=close the top drawer
2026-09-18 13:30:04,540 | INFO | [t=1640] VLA chunk prompt=close the top drawer
2026-09-18 13:30:04,916 | INFO | [t=1650] VLA chunk prompt=close the top drawer
2026-09-18 13:30:05,285 | INFO | [t=1660] VLA chunk prompt=close the top drawer
2026-09-18 13:30:05,654 | INFO | [t=1670] VLA chunk prompt=close the top drawer
2026-09-18 13:30:06,022 | INFO | [t=1680] VLA chunk prompt=close the top drawer
2026-09-18 13:30:06,391 | INFO | [t=1690] VLA chunk prompt=close the top drawer
2026-09-18 13:30:06,763 | INFO | [t=1700] VLA chunk prompt=close the top drawer
2026-09-18 13:30:07,143 | INFO | [t=1710] VLA chunk prompt=close the top drawer
2026-09-18 13:30:07,517 | INFO | [t=1720] VLA chunk prompt=close the top drawer
2026-09-18 13:30:07,887 | INFO | [t=1730] VLA chunk prompt=close the top drawer
2026-09-18 13:30:08,256 | INFO | [t=1740] VLA chunk prompt=close the top drawer
2026-09-18 13:30:08,627 | INFO | [t=1750] VLA chunk prompt=close the top drawer
2026-09-18 13:30:08,998 | INFO | [t=1760] VLA chunk prompt=close the top drawer
2026-09-18 13:30:09,374 | INFO | [t=1770] VLA chunk prompt=close the top drawer
2026-09-18 13:30:09,755 | INFO | [t=1780] VLA chunk prompt=close the top drawer
2026-09-18 13:30:10,135 | INFO | [t=1790] VLA chunk prompt=close the top drawer
2026-09-18 13:30:10,507 | INFO | [t=1800] VLA chunk prompt=close the top drawer
2026-09-18 13:30:10,874 | INFO | [t=1810] VLA chunk prompt=close the top drawer
2026-09-18 13:30:11,236 | INFO | [t=1820] VLA chunk prompt=close the top drawer
2026-09-18 13:30:11,597 | INFO | [t=1830] VLA chunk prompt=close the top drawer
2026-09-18 13:30:11,958 | INFO | [t=1840] VLA chunk prompt=close the top drawer
2026-09-18 13:30:12,319 | INFO | [t=1850] VLA chunk prompt=close the top drawer
2026-09-18 13:30:12,679 | INFO | [t=1860] VLA chunk prompt=close the top drawer
2026-09-18 13:30:13,042 | INFO | [t=1870] VLA chunk prompt=close the top drawer
2026-09-18 13:30:13,403 | INFO | [t=1880] VLA chunk prompt=close the top drawer
2026-09-18 13:30:13,765 | INFO | [t=1890] VLA chunk prompt=close the top drawer
2026-09-18 13:30:14,126 | INFO | [t=1900] VLA chunk prompt=close the top drawer
2026-09-18 13:30:14,485 | INFO | [t=1910] VLA chunk prompt=close the top drawer
2026-09-18 13:30:14,843 | INFO | [t=1920] VLA chunk prompt=close the top drawer
2026-09-18 13:30:15,198 | INFO | [t=1930] VLA chunk prompt=close the top drawer
2026-09-18 13:30:15,555 | INFO | [t=1940] VLA chunk prompt=close the top drawer
2026-09-18 13:30:15,913 | INFO | [t=1950] VLA chunk prompt=close the top drawer
2026-09-18 13:30:16,270 | INFO | [t=1960] VLA chunk prompt=close the top drawer
2026-09-18 13:30:16,630 | INFO | [t=1970] VLA chunk prompt=close the top drawer
2026-09-18 13:30:16,993 | INFO | [t=1980] VLA chunk prompt=close the top drawer
2026-09-18 13:30:17,362 | INFO | [t=1990] VLA chunk prompt=close the top drawer
2026-09-18 13:30:17,737 | INFO | [t=2000] VLA chunk prompt=close the top drawer
2026-09-18 13:30:18,112 | INFO | [t=2010] VLA chunk prompt=close the top drawer
2026-09-18 13:30:18,482 | INFO | [t=2020] VLA chunk prompt=close the top drawer
2026-09-18 13:30:18,850 | INFO | [t=2030] VLA chunk prompt=close the top drawer
2026-09-18 13:30:19,214 | INFO | [t=2040] VLA chunk prompt=close the top drawer
2026-09-18 13:30:19,575 | INFO | [t=2050] VLA chunk prompt=close the top drawer
2026-09-18 13:30:19,940 | INFO | [t=2060] VLA chunk prompt=close the top drawer
2026-09-18 13:30:20,312 | INFO | [t=2070] VLA chunk prompt=close the top drawer
2026-09-18 13:30:20,677 | INFO | [t=2080] VLA chunk prompt=close the top drawer
2026-09-18 13:30:21,041 | INFO | [t=2090] VLA chunk prompt=close the top drawer
2026-09-18 13:30:21,402 | INFO | [t=2100] VLA chunk prompt=close the top drawer
2026-09-18 13:30:21,764 | INFO | [t=2110] VLA chunk prompt=close the top drawer
2026-09-18 13:30:22,123 | INFO | [t=2120] VLA chunk prompt=close the top drawer
2026-09-18 13:30:22,475 | INFO | [t=2130] VLA chunk prompt=close the top drawer
2026-09-18 13:30:22,837 | INFO | [t=2140] VLA chunk prompt=close the top drawer
2026-09-18 13:30:23,199 | INFO | [t=2150] VLA chunk prompt=close the top drawer
2026-09-18 13:30:23,567 | INFO | [t=2160] VLA chunk prompt=close the top drawer
2026-09-18 13:30:23,945 | INFO | [t=2170] VLA chunk prompt=close the top drawer
2026-09-18 13:30:24,322 | INFO | [t=2180] VLA chunk prompt=close the top drawer
2026-09-18 13:30:24,699 | INFO | [t=2190] VLA chunk prompt=close the top drawer
2026-09-18 13:30:25,004 | WARNING | API planner returned empty response at step=860
2026-09-18 13:30:25,077 | INFO | [t=2200] VLA chunk prompt=close the top drawer
2026-09-18 13:30:25,445 | INFO | [t=2210] VLA chunk prompt=close the top drawer
2026-09-18 13:30:25,806 | INFO | [t=2220] VLA chunk prompt=close the top drawer
2026-09-18 13:30:26,167 | INFO | [t=2230] VLA chunk prompt=close the top drawer
2026-09-18 13:30:26,528 | INFO | [t=2240] VLA chunk prompt=close the top drawer
2026-09-18 13:30:26,889 | INFO | [t=2250] VLA chunk prompt=close the top drawer
2026-09-18 13:30:27,255 | INFO | [t=2260] VLA chunk prompt=close the top drawer
2026-09-18 13:30:27,611 | INFO | [t=2270] VLA chunk prompt=close the top drawer
2026-09-18 13:30:27,960 | INFO | [t=2280] VLA chunk prompt=close the top drawer
2026-09-18 13:30:28,315 | INFO | [t=2290] VLA chunk prompt=close the top drawer
2026-09-18 13:30:28,672 | INFO | [t=2300] VLA chunk prompt=close the top drawer
2026-09-18 13:30:29,027 | INFO | [t=2310] VLA chunk prompt=close the top drawer
2026-09-18 13:30:29,380 | INFO | [t=2320] VLA chunk prompt=close the top drawer
2026-09-18 13:30:29,735 | INFO | [t=2330] VLA chunk prompt=close the top drawer
2026-09-18 13:30:30,089 | INFO | [t=2340] VLA chunk prompt=close the top drawer
2026-09-18 13:30:30,441 | INFO | [t=2350] VLA chunk prompt=close the top drawer
2026-09-18 13:30:30,795 | INFO | [t=2360] VLA chunk prompt=close the top drawer
2026-09-18 13:30:31,156 | INFO | [t=2370] VLA chunk prompt=close the top drawer
2026-09-18 13:30:31,515 | INFO | [t=2380] VLA chunk prompt=close the top drawer
2026-09-18 13:30:31,877 | INFO | [t=2390] VLA chunk prompt=close the top drawer
2026-09-18 13:30:32,236 | INFO | [t=2400] VLA chunk prompt=close the top drawer
2026-09-18 13:30:32,595 | INFO | [t=2410] VLA chunk prompt=close the top drawer
2026-09-18 13:30:32,954 | INFO | [t=2420] VLA chunk prompt=close the top drawer
2026-09-18 13:30:33,313 | INFO | [t=2430] VLA chunk prompt=close the top drawer
2026-09-18 13:30:33,674 | INFO | [t=2440] VLA chunk prompt=close the top drawer
2026-09-18 13:30:34,031 | INFO | [t=2450] VLA chunk prompt=close the top drawer
2026-09-18 13:30:34,388 | INFO | [t=2460] VLA chunk prompt=close the top drawer
2026-09-18 13:30:34,745 | INFO | [t=2470] VLA chunk prompt=close the top drawer
2026-09-18 13:30:35,101 | INFO | [t=2480] VLA chunk prompt=close the top drawer
2026-09-18 13:30:35,456 | INFO | [t=2490] VLA chunk prompt=close the top drawer
2026-09-18 13:30:35,816 | INFO | [t=2500] VLA chunk prompt=close the top drawer
2026-09-18 13:30:39,154 | INFO | attempt=1 stage_score=12.5 stage_success=False failure_reason=incomplete_stage
2026-09-18 13:30:39,155 | INFO | Episode 3 seed=103 stage_score=12.5 stage_success=0 goal=0.125 failure_reason=incomplete_stage | 01_Open_Top_Drawer=Y | 02_Close_Top_Drawer=N | 03_Open_Middle_Drawer=N | 04_Close_Middle_Drawer=N | 05_Open_Bottom_Drawer=N | 06_Close_Bottom_Drawer=N | 07_Open_Middle_Drawer_Again=N | 08_Put_Butter_Middle_Drawer=N | 09_Close_Middle_Drawer_Final=N
