2026-09-18 13:40:39,177 | INFO | task_id=5 bddl=/project/peilab/why/RoboMemArena/bddl/5_butter_middle_drawer.bddl vlm_ckpt=/project/peilab/why/RoboMemArena/checkpoints/PrediMem/vlm_tasks1to26_ckpt74500
2026-09-18 13:40:41,196 | INFO | async VLM enabled: single-slot subtask buffer
2026-09-18 13:40:41,460 | INFO | [t=10] VLA chunk prompt=Open all drawers in order, remember the empty drawer, then put butter into that empty drawer.
2026-09-18 13:40:41,744 | INFO | [t=20] VLA chunk prompt=Open all drawers in order, remember the empty drawer, then put butter into that empty drawer.
2026-09-18 13:40:42,024 | INFO | [t=30] VLA chunk prompt=Open all drawers in order, remember the empty drawer, then put butter into that empty drawer.
2026-09-18 13:40:42,301 | INFO | [t=40] VLA chunk prompt=Open all drawers in order, remember the empty drawer, then put butter into that empty drawer.
2026-09-18 13:40:42,578 | INFO | [t=50] VLA chunk prompt=Open all drawers in order, remember the empty drawer, then put butter into that empty drawer.
2026-09-18 13:40:42,857 | INFO | [t=60] VLA chunk prompt=Open all drawers in order, remember the empty drawer, then put butter into that empty drawer.
2026-09-18 13:40:43,137 | INFO | [t=70] VLA chunk prompt=Open all drawers in order, remember the empty drawer, then put butter into that empty drawer.
2026-09-18 13:40:43,374 | INFO | [t=80] harness subtask override: open top drawer
2026-09-18 13:40:43,374 | INFO | [t=80] VLM prompt update from step=-1: open top drawer
2026-09-18 13:40:43,374 | INFO | [t=80] harness forced VLM replan after stall (pmh visual retrieve armed)
2026-09-18 13:40:43,424 | INFO | [t=80] VLA chunk prompt=open top drawer
2026-09-18 13:40:43,707 | INFO | [t=90] VLA chunk prompt=open top drawer
2026-09-18 13:40:43,990 | INFO | [t=100] VLA chunk prompt=open top drawer
2026-09-18 13:40:44,298 | INFO | [t=110] VLA chunk prompt=open top drawer
2026-09-18 13:40:44,439 | INFO | [t=115] stage done: 01_Open_Top_Drawer
2026-09-18 13:40:44,629 | INFO | [t=120] VLA chunk prompt=open top drawer
2026-09-18 13:40:44,959 | INFO | [t=130] VLA chunk prompt=open top drawer
2026-09-18 13:40:45,294 | INFO | [t=140] VLA chunk prompt=open top drawer
2026-09-18 13:40:45,641 | INFO | [t=150] VLA chunk prompt=open top drawer
2026-09-18 13:40:45,990 | INFO | [t=160] VLA chunk prompt=open top drawer
2026-09-18 13:40:46,350 | INFO | [t=170] VLA chunk prompt=open top drawer
2026-09-18 13:40:46,714 | INFO | [t=180] VLA chunk prompt=open top drawer
2026-09-18 13:40:47,080 | INFO | [t=190] VLA chunk prompt=open top drawer
2026-09-18 13:40:47,387 | INFO | [t=200] harness subtask override: close top drawer
2026-09-18 13:40:47,387 | INFO | [t=200] VLM prompt update from step=70: close top drawer
2026-09-18 13:40:47,388 | INFO | [t=200] harness forced VLM replan after stall (pmh visual retrieve armed)
2026-09-18 13:40:47,438 | INFO | [t=200] VLA chunk prompt=close top drawer
2026-09-18 13:40:47,797 | INFO | [t=210] VLA chunk prompt=close top drawer
2026-09-18 13:40:48,056 | INFO | [t=218] stage done: 02_Close_Top_Drawer
2026-09-18 13:40:48,172 | INFO | [t=220] VLA chunk prompt=close top drawer
2026-09-18 13:40:48,550 | INFO | [t=230] VLA chunk prompt=close top drawer
2026-09-18 13:40:48,939 | INFO | [t=240] VLA chunk prompt=close top drawer
2026-09-18 13:40:49,175 | INFO | API VLM @t=0 task=5 subtask=open top drawer keyframes=[]
2026-09-18 13:40:49,273 | INFO | [t=250] VLM prompt update from step=0: open top drawer
2026-09-18 13:40:49,324 | INFO | [t=250] VLA chunk prompt=open top drawer
2026-09-18 13:40:49,706 | INFO | [t=260] VLA chunk prompt=open top drawer
2026-09-18 13:40:50,083 | INFO | [t=270] VLA chunk prompt=open top drawer
2026-09-18 13:40:50,459 | INFO | [t=280] VLA chunk prompt=open top drawer
2026-09-18 13:40:50,836 | INFO | [t=290] VLA chunk prompt=open top drawer
2026-09-18 13:40:51,160 | INFO | [t=300] harness subtask override: open middle drawer
2026-09-18 13:40:51,160 | INFO | [t=300] VLM prompt update from step=0: open middle drawer
2026-09-18 13:40:51,160 | INFO | [t=300] harness forced VLM replan after stall (pmh visual retrieve armed)
2026-09-18 13:40:51,210 | INFO | [t=300] VLA chunk prompt=open middle drawer
2026-09-18 13:40:51,580 | INFO | [t=310] VLA chunk prompt=open middle drawer
2026-09-18 13:40:51,950 | INFO | [t=320] VLA chunk prompt=open middle drawer
2026-09-18 13:40:52,323 | INFO | [t=330] VLA chunk prompt=open middle drawer
2026-09-18 13:40:52,694 | INFO | [t=340] VLA chunk prompt=open middle drawer
2026-09-18 13:40:53,065 | INFO | [t=350] VLA chunk prompt=open middle drawer
2026-09-18 13:40:53,439 | INFO | [t=360] VLA chunk prompt=open middle drawer
2026-09-18 13:40:53,808 | INFO | [t=370] VLA chunk prompt=open middle drawer
2026-09-18 13:40:54,179 | INFO | [t=380] VLA chunk prompt=open middle drawer
2026-09-18 13:40:54,563 | INFO | [t=390] VLA chunk prompt=open middle drawer
2026-09-18 13:40:54,939 | INFO | [t=400] VLA chunk prompt=open middle drawer
2026-09-18 13:40:55,314 | INFO | [t=410] VLA chunk prompt=open middle drawer
2026-09-18 13:40:55,690 | INFO | [t=420] VLA chunk prompt=open middle drawer
2026-09-18 13:40:56,083 | INFO | [t=430] VLA chunk prompt=open middle drawer
2026-09-18 13:40:56,472 | INFO | [t=440] VLA chunk prompt=open middle drawer
2026-09-18 13:40:56,867 | INFO | [t=450] VLA chunk prompt=open middle drawer
2026-09-18 13:40:57,261 | INFO | [t=460] VLA chunk prompt=open middle drawer
2026-09-18 13:40:57,655 | INFO | [t=470] VLA chunk prompt=open middle drawer
2026-09-18 13:40:58,041 | INFO | [t=480] VLA chunk prompt=open middle drawer
2026-09-18 13:40:58,425 | INFO | [t=490] VLA chunk prompt=open middle drawer
2026-09-18 13:40:58,816 | INFO | [t=500] VLA chunk prompt=open middle drawer
2026-09-18 13:40:59,208 | INFO | [t=510] VLA chunk prompt=open middle drawer
2026-09-18 13:40:59,600 | INFO | [t=520] VLA chunk prompt=open middle drawer
2026-09-18 13:40:59,980 | INFO | [t=530] VLA chunk prompt=open middle drawer
2026-09-18 13:41:00,354 | INFO | [t=540] VLA chunk prompt=open middle drawer
2026-09-18 13:41:00,728 | INFO | [t=550] VLA chunk prompt=open middle drawer
2026-09-18 13:41:01,102 | INFO | [t=560] VLA chunk prompt=open middle drawer
2026-09-18 13:41:01,471 | INFO | [t=570] VLA chunk prompt=open middle drawer
2026-09-18 13:41:01,840 | INFO | [t=580] VLA chunk prompt=open middle drawer
2026-09-18 13:41:02,218 | INFO | [t=590] VLA chunk prompt=open middle drawer
2026-09-18 13:41:02,599 | INFO | [t=600] VLA chunk prompt=open middle drawer
2026-09-18 13:41:02,981 | INFO | [t=610] VLA chunk prompt=open middle drawer
2026-09-18 13:41:03,364 | INFO | [t=620] VLA chunk prompt=open middle drawer
2026-09-18 13:41:03,583 | INFO | API VLM @t=2005 task=5 subtask=close middle drawer keyframes=[]
2026-09-18 13:41:03,763 | INFO | [t=630] VLA chunk prompt=open middle drawer
2026-09-18 13:41:04,159 | INFO | [t=640] VLA chunk prompt=open middle drawer
2026-09-18 13:41:04,557 | INFO | [t=650] VLA chunk prompt=open middle drawer
2026-09-18 13:41:04,963 | INFO | [t=660] VLA chunk prompt=open middle drawer
2026-09-18 13:41:05,378 | INFO | [t=670] VLA chunk prompt=open middle drawer
2026-09-18 13:41:05,787 | INFO | [t=680] VLA chunk prompt=open middle drawer
2026-09-18 13:41:06,194 | INFO | [t=690] VLA chunk prompt=open middle drawer
2026-09-18 13:41:06,588 | INFO | [t=700] VLA chunk prompt=open middle drawer
2026-09-18 13:41:06,980 | INFO | [t=710] VLA chunk prompt=open middle drawer
2026-09-18 13:41:07,369 | INFO | [t=720] VLA chunk prompt=open middle drawer
2026-09-18 13:41:07,756 | INFO | [t=730] VLA chunk prompt=open middle drawer
2026-09-18 13:41:08,141 | INFO | [t=740] VLA chunk prompt=open middle drawer
2026-09-18 13:41:08,520 | INFO | [t=750] VLA chunk prompt=open middle drawer
2026-09-18 13:41:08,894 | INFO | [t=760] VLA chunk prompt=open middle drawer
2026-09-18 13:41:09,267 | INFO | [t=770] VLA chunk prompt=open middle drawer
2026-09-18 13:41:09,640 | INFO | [t=780] VLA chunk prompt=open middle drawer
2026-09-18 13:41:10,007 | INFO | [t=790] VLA chunk prompt=open middle drawer
2026-09-18 13:41:10,369 | INFO | [t=800] VLA chunk prompt=open middle drawer
2026-09-18 13:41:10,731 | INFO | [t=810] VLA chunk prompt=open middle drawer
2026-09-18 13:41:11,092 | INFO | [t=820] VLA chunk prompt=open middle drawer
2026-09-18 13:41:11,450 | INFO | [t=830] VLA chunk prompt=open middle drawer
2026-09-18 13:41:11,809 | INFO | [t=840] VLA chunk prompt=open middle drawer
2026-09-18 13:41:12,170 | INFO | [t=850] VLA chunk prompt=open middle drawer
2026-09-18 13:41:12,537 | INFO | [t=860] VLA chunk prompt=open middle drawer
2026-09-18 13:41:12,904 | INFO | [t=870] VLA chunk prompt=open middle drawer
2026-09-18 13:41:13,269 | INFO | [t=880] VLA chunk prompt=open middle drawer
2026-09-18 13:41:13,638 | INFO | [t=890] VLA chunk prompt=open middle drawer
2026-09-18 13:41:14,014 | INFO | [t=900] VLA chunk prompt=open middle drawer
2026-09-18 13:41:14,390 | INFO | [t=910] VLA chunk prompt=open middle drawer
2026-09-18 13:41:14,767 | INFO | [t=920] VLA chunk prompt=open middle drawer
2026-09-18 13:41:15,141 | INFO | [t=930] VLA chunk prompt=open middle drawer
2026-09-18 13:41:15,511 | INFO | [t=940] VLA chunk prompt=open middle drawer
2026-09-18 13:41:15,884 | INFO | [t=950] VLA chunk prompt=open middle drawer
2026-09-18 13:41:16,259 | INFO | [t=960] VLA chunk prompt=open middle drawer
2026-09-18 13:41:16,633 | INFO | [t=970] VLA chunk prompt=open middle drawer
2026-09-18 13:41:17,002 | INFO | [t=980] VLA chunk prompt=open middle drawer
2026-09-18 13:41:17,377 | INFO | [t=990] VLA chunk prompt=open middle drawer
2026-09-18 13:41:17,754 | INFO | [t=1000] VLA chunk prompt=open middle drawer
2026-09-18 13:41:18,134 | INFO | [t=1010] VLA chunk prompt=open middle drawer
2026-09-18 13:41:18,510 | INFO | [t=1020] VLA chunk prompt=open middle drawer
2026-09-18 13:41:18,880 | INFO | [t=1030] VLA chunk prompt=open middle drawer
2026-09-18 13:41:19,253 | INFO | [t=1040] VLA chunk prompt=open middle drawer
2026-09-18 13:41:19,624 | INFO | [t=1050] VLA chunk prompt=open middle drawer
2026-09-18 13:41:19,995 | INFO | [t=1060] VLA chunk prompt=open middle drawer
2026-09-18 13:41:20,369 | INFO | [t=1070] VLA chunk prompt=open middle drawer
2026-09-18 13:41:20,748 | INFO | [t=1080] VLA chunk prompt=open middle drawer
2026-09-18 13:41:21,129 | INFO | [t=1090] VLA chunk prompt=open middle drawer
2026-09-18 13:41:21,506 | INFO | [t=1100] VLA chunk prompt=open middle drawer
2026-09-18 13:41:21,876 | INFO | [t=1110] VLA chunk prompt=open middle drawer
2026-09-18 13:41:22,243 | INFO | [t=1120] VLA chunk prompt=open middle drawer
2026-09-18 13:41:22,608 | INFO | [t=1130] VLA chunk prompt=open middle drawer
2026-09-18 13:41:22,968 | INFO | [t=1140] VLA chunk prompt=open middle drawer
2026-09-18 13:41:23,326 | INFO | [t=1150] VLA chunk prompt=open middle drawer
2026-09-18 13:41:23,685 | INFO | [t=1160] VLA chunk prompt=open middle drawer
2026-09-18 13:41:24,045 | INFO | [t=1170] VLA chunk prompt=open middle drawer
2026-09-18 13:41:24,405 | INFO | [t=1180] VLA chunk prompt=open middle drawer
2026-09-18 13:41:24,765 | INFO | [t=1190] VLA chunk prompt=open middle drawer
2026-09-18 13:41:25,140 | INFO | [t=1200] VLA chunk prompt=open middle drawer
2026-09-18 13:41:25,521 | INFO | [t=1210] VLA chunk prompt=open middle drawer
2026-09-18 13:41:25,901 | INFO | [t=1220] VLA chunk prompt=open middle drawer
2026-09-18 13:41:26,291 | INFO | [t=1230] VLA chunk prompt=open middle drawer
2026-09-18 13:41:26,680 | INFO | [t=1240] VLA chunk prompt=open middle drawer
2026-09-18 13:41:27,068 | INFO | [t=1250] VLA chunk prompt=open middle drawer
2026-09-18 13:41:27,450 | INFO | [t=1260] VLA chunk prompt=open middle drawer
2026-09-18 13:41:27,825 | INFO | [t=1270] VLA chunk prompt=open middle drawer
2026-09-18 13:41:28,201 | INFO | [t=1280] VLA chunk prompt=open middle drawer
2026-09-18 13:41:28,576 | INFO | [t=1290] VLA chunk prompt=open middle drawer
2026-09-18 13:41:28,956 | INFO | [t=1300] VLA chunk prompt=open middle drawer
2026-09-18 13:41:29,336 | INFO | [t=1310] VLA chunk prompt=open middle drawer
2026-09-18 13:41:29,721 | INFO | [t=1320] VLA chunk prompt=open middle drawer
2026-09-18 13:41:29,932 | INFO | API VLM @t=235 task=5 subtask=open the middle drawer keyframes=[]
2026-09-18 13:41:30,050 | INFO | [t=1330] VLM prompt update from step=235: open the middle drawer
2026-09-18 13:41:30,100 | INFO | [t=1330] VLA chunk prompt=open the middle drawer
2026-09-18 13:41:30,477 | INFO | [t=1340] VLA chunk prompt=open the middle drawer
2026-09-18 13:41:30,848 | INFO | [t=1350] VLA chunk prompt=open the middle drawer
2026-09-18 13:41:31,218 | INFO | [t=1360] VLA chunk prompt=open the middle drawer
2026-09-18 13:41:31,586 | INFO | [t=1370] VLA chunk prompt=open the middle drawer
2026-09-18 13:41:31,956 | INFO | [t=1380] VLA chunk prompt=open the middle drawer
2026-09-18 13:41:32,329 | INFO | [t=1390] VLA chunk prompt=open the middle drawer
2026-09-18 13:41:32,706 | INFO | [t=1400] VLA chunk prompt=open the middle drawer
2026-09-18 13:41:33,072 | INFO | [t=1410] VLA chunk prompt=open the middle drawer
2026-09-18 13:41:33,433 | INFO | [t=1420] VLA chunk prompt=open the middle drawer
2026-09-18 13:41:33,795 | INFO | [t=1430] VLA chunk prompt=open the middle drawer
2026-09-18 13:41:34,159 | INFO | [t=1440] VLA chunk prompt=open the middle drawer
2026-09-18 13:41:34,523 | INFO | [t=1450] VLA chunk prompt=open the middle drawer
2026-09-18 13:41:34,883 | INFO | [t=1460] VLA chunk prompt=open the middle drawer
2026-09-18 13:41:35,250 | INFO | [t=1470] VLA chunk prompt=open the middle drawer
2026-09-18 13:41:35,614 | INFO | [t=1480] VLA chunk prompt=open the middle drawer
2026-09-18 13:41:35,978 | INFO | [t=1490] VLA chunk prompt=open the middle drawer
2026-09-18 13:41:36,345 | INFO | [t=1500] VLA chunk prompt=open the middle drawer
2026-09-18 13:41:36,717 | INFO | [t=1510] VLA chunk prompt=open the middle drawer
2026-09-18 13:41:37,088 | INFO | [t=1520] VLA chunk prompt=open the middle drawer
2026-09-18 13:41:37,466 | INFO | [t=1530] VLA chunk prompt=open the middle drawer
2026-09-18 13:41:37,849 | INFO | [t=1540] VLA chunk prompt=open the middle drawer
2026-09-18 13:41:38,240 | INFO | [t=1550] VLA chunk prompt=open the middle drawer
2026-09-18 13:41:38,626 | INFO | [t=1560] VLA chunk prompt=open the middle drawer
2026-09-18 13:41:39,007 | INFO | [t=1570] VLA chunk prompt=open the middle drawer
2026-09-18 13:41:39,386 | INFO | [t=1580] VLA chunk prompt=open the middle drawer
2026-09-18 13:41:39,767 | INFO | [t=1590] VLA chunk prompt=open the middle drawer
2026-09-18 13:41:40,148 | INFO | [t=1600] VLA chunk prompt=open the middle drawer
2026-09-18 13:41:40,529 | INFO | [t=1610] VLA chunk prompt=open the middle drawer
2026-09-18 13:41:40,906 | INFO | [t=1620] VLA chunk prompt=open the middle drawer
2026-09-18 13:41:41,282 | INFO | [t=1630] VLA chunk prompt=open the middle drawer
2026-09-18 13:41:41,660 | INFO | [t=1640] VLA chunk prompt=open the middle drawer
2026-09-18 13:41:42,036 | INFO | [t=1650] VLA chunk prompt=open the middle drawer
2026-09-18 13:41:42,411 | INFO | [t=1660] VLA chunk prompt=open the middle drawer
2026-09-18 13:41:42,781 | INFO | [t=1670] VLA chunk prompt=open the middle drawer
2026-09-18 13:41:43,151 | INFO | [t=1680] VLA chunk prompt=open the middle drawer
2026-09-18 13:41:43,522 | INFO | [t=1690] VLA chunk prompt=open the middle drawer
2026-09-18 13:41:43,891 | INFO | [t=1700] VLA chunk prompt=open the middle drawer
2026-09-18 13:41:44,262 | INFO | [t=1710] VLA chunk prompt=open the middle drawer
2026-09-18 13:41:44,616 | WARNING | API planner returned empty response at step=1315
2026-09-18 13:41:44,639 | INFO | [t=1720] VLA chunk prompt=open the middle drawer
2026-09-18 13:41:45,015 | INFO | [t=1730] VLA chunk prompt=open the middle drawer
2026-09-18 13:41:45,385 | INFO | [t=1740] VLA chunk prompt=open the middle drawer
2026-09-18 13:41:45,754 | INFO | [t=1750] VLA chunk prompt=open the middle drawer
2026-09-18 13:41:46,122 | INFO | [t=1760] VLA chunk prompt=open the middle drawer
2026-09-18 13:41:46,489 | INFO | [t=1770] VLA chunk prompt=open the middle drawer
2026-09-18 13:41:46,854 | INFO | [t=1780] VLA chunk prompt=open the middle drawer
2026-09-18 13:41:47,224 | INFO | [t=1790] VLA chunk prompt=open the middle drawer
2026-09-18 13:41:47,595 | INFO | [t=1800] VLA chunk prompt=open the middle drawer
2026-09-18 13:41:47,968 | INFO | [t=1810] VLA chunk prompt=open the middle drawer
2026-09-18 13:41:48,344 | INFO | [t=1820] VLA chunk prompt=open the middle drawer
2026-09-18 13:41:48,720 | INFO | [t=1830] VLA chunk prompt=open the middle drawer
2026-09-18 13:41:49,090 | INFO | [t=1840] VLA chunk prompt=open the middle drawer
2026-09-18 13:41:49,460 | INFO | [t=1850] VLA chunk prompt=open the middle drawer
2026-09-18 13:41:49,831 | INFO | [t=1860] VLA chunk prompt=open the middle drawer
2026-09-18 13:41:50,202 | INFO | [t=1870] VLA chunk prompt=open the middle drawer
2026-09-18 13:41:50,568 | INFO | [t=1880] VLA chunk prompt=open the middle drawer
2026-09-18 13:41:50,935 | INFO | [t=1890] VLA chunk prompt=open the middle drawer
2026-09-18 13:41:51,297 | INFO | [t=1900] VLA chunk prompt=open the middle drawer
2026-09-18 13:41:51,655 | INFO | [t=1910] VLA chunk prompt=open the middle drawer
2026-09-18 13:41:52,011 | INFO | [t=1920] VLA chunk prompt=open the middle drawer
2026-09-18 13:41:52,369 | INFO | [t=1930] VLA chunk prompt=open the middle drawer
2026-09-18 13:41:52,727 | INFO | [t=1940] VLA chunk prompt=open the middle drawer
2026-09-18 13:41:53,088 | INFO | [t=1950] VLA chunk prompt=open the middle drawer
2026-09-18 13:41:53,457 | INFO | [t=1960] VLA chunk prompt=open the middle drawer
2026-09-18 13:41:53,829 | INFO | [t=1970] VLA chunk prompt=open the middle drawer
2026-09-18 13:41:54,202 | INFO | [t=1980] VLA chunk prompt=open the middle drawer
2026-09-18 13:41:54,571 | INFO | [t=1990] VLA chunk prompt=open the middle drawer
2026-09-18 13:41:54,939 | INFO | [t=2000] VLA chunk prompt=open the middle drawer
2026-09-18 13:41:55,304 | INFO | [t=2010] VLA chunk prompt=open the middle drawer
2026-09-18 13:41:55,662 | INFO | [t=2020] VLA chunk prompt=open the middle drawer
2026-09-18 13:41:56,015 | INFO | [t=2030] VLA chunk prompt=open the middle drawer
2026-09-18 13:41:56,368 | INFO | [t=2040] VLA chunk prompt=open the middle drawer
2026-09-18 13:41:56,721 | INFO | [t=2050] VLA chunk prompt=open the middle drawer
2026-09-18 13:41:57,074 | INFO | [t=2060] VLA chunk prompt=open the middle drawer
2026-09-18 13:41:57,427 | INFO | [t=2070] VLA chunk prompt=open the middle drawer
2026-09-18 13:41:57,782 | INFO | [t=2080] VLA chunk prompt=open the middle drawer
2026-09-18 13:41:58,144 | INFO | [t=2090] VLA chunk prompt=open the middle drawer
2026-09-18 13:41:58,509 | INFO | [t=2100] VLA chunk prompt=open the middle drawer
2026-09-18 13:41:58,881 | INFO | [t=2110] VLA chunk prompt=open the middle drawer
2026-09-18 13:41:59,256 | INFO | [t=2120] VLA chunk prompt=open the middle drawer
2026-09-18 13:41:59,636 | INFO | [t=2130] VLA chunk prompt=open the middle drawer
2026-09-18 13:42:00,023 | INFO | [t=2140] VLA chunk prompt=open the middle drawer
2026-09-18 13:42:00,409 | INFO | [t=2150] VLA chunk prompt=open the middle drawer
2026-09-18 13:42:00,795 | INFO | [t=2160] VLA chunk prompt=open the middle drawer
2026-09-18 13:42:01,185 | INFO | [t=2170] VLA chunk prompt=open the middle drawer
2026-09-18 13:42:01,581 | INFO | [t=2180] VLA chunk prompt=open the middle drawer
2026-09-18 13:42:01,989 | INFO | [t=2190] VLA chunk prompt=open the middle drawer
2026-09-18 13:42:02,393 | INFO | [t=2200] VLA chunk prompt=open the middle drawer
2026-09-18 13:42:02,781 | INFO | [t=2210] VLA chunk prompt=open the middle drawer
2026-09-18 13:42:03,166 | INFO | [t=2220] VLA chunk prompt=open the middle drawer
2026-09-18 13:42:03,550 | INFO | [t=2230] VLA chunk prompt=open the middle drawer
2026-09-18 13:42:03,932 | INFO | [t=2240] VLA chunk prompt=open the middle drawer
2026-09-18 13:42:04,305 | INFO | [t=2250] VLA chunk prompt=open the middle drawer
2026-09-18 13:42:04,671 | INFO | [t=2260] VLA chunk prompt=open the middle drawer
2026-09-18 13:42:05,038 | INFO | [t=2270] VLA chunk prompt=open the middle drawer
2026-09-18 13:42:05,407 | INFO | [t=2280] VLA chunk prompt=open the middle drawer
2026-09-18 13:42:05,767 | INFO | [t=2290] VLA chunk prompt=open the middle drawer
2026-09-18 13:42:06,122 | INFO | [t=2300] VLA chunk prompt=open the middle drawer
2026-09-18 13:42:06,474 | INFO | [t=2310] VLA chunk prompt=open the middle drawer
2026-09-18 13:42:06,828 | INFO | [t=2320] VLA chunk prompt=open the middle drawer
2026-09-18 13:42:07,183 | INFO | [t=2330] VLA chunk prompt=open the middle drawer
2026-09-18 13:42:07,548 | INFO | [t=2340] VLA chunk prompt=open the middle drawer
2026-09-18 13:42:07,914 | INFO | [t=2350] VLA chunk prompt=open the middle drawer
2026-09-18 13:42:08,276 | INFO | [t=2360] VLA chunk prompt=open the middle drawer
2026-09-18 13:42:08,640 | INFO | [t=2370] VLA chunk prompt=open the middle drawer
2026-09-18 13:42:08,996 | INFO | [t=2380] VLA chunk prompt=open the middle drawer
2026-09-18 13:42:09,352 | INFO | [t=2390] VLA chunk prompt=open the middle drawer
2026-09-18 13:42:09,709 | INFO | [t=2400] VLA chunk prompt=open the middle drawer
2026-09-18 13:42:10,068 | INFO | [t=2410] VLA chunk prompt=open the middle drawer
2026-09-18 13:42:10,425 | INFO | [t=2420] VLA chunk prompt=open the middle drawer
2026-09-18 13:42:10,781 | INFO | [t=2430] VLA chunk prompt=open the middle drawer
2026-09-18 13:42:11,139 | INFO | [t=2440] VLA chunk prompt=open the middle drawer
2026-09-18 13:42:11,496 | INFO | [t=2450] VLA chunk prompt=open the middle drawer
2026-09-18 13:42:11,851 | INFO | [t=2460] VLA chunk prompt=open the middle drawer
2026-09-18 13:42:12,207 | INFO | [t=2470] VLA chunk prompt=open the middle drawer
2026-09-18 13:42:12,561 | INFO | [t=2480] VLA chunk prompt=open the middle drawer
2026-09-18 13:42:12,918 | INFO | [t=2490] VLA chunk prompt=open the middle drawer
2026-09-18 13:42:13,275 | INFO | [t=2500] VLA chunk prompt=open the middle drawer
2026-09-18 13:42:16,621 | INFO | attempt=0 stage_score=25.0 stage_success=False failure_reason=incomplete_stage
2026-09-18 13:42:18,660 | INFO | harness release_gripper after env.reset (attempt=1)
2026-09-18 13:42:18,661 | INFO | async VLM enabled: single-slot subtask buffer
2026-09-18 13:42:18,925 | INFO | [t=10] VLA chunk prompt=Open all drawers in order, remember the empty drawer, then put butter into that empty drawer.
2026-09-18 13:42:19,210 | INFO | [t=20] VLA chunk prompt=Open all drawers in order, remember the empty drawer, then put butter into that empty drawer.
2026-09-18 13:42:19,491 | INFO | [t=30] VLA chunk prompt=Open all drawers in order, remember the empty drawer, then put butter into that empty drawer.
2026-09-18 13:42:19,769 | INFO | [t=40] VLA chunk prompt=Open all drawers in order, remember the empty drawer, then put butter into that empty drawer.
2026-09-18 13:42:20,047 | INFO | [t=50] VLA chunk prompt=Open all drawers in order, remember the empty drawer, then put butter into that empty drawer.
2026-09-18 13:42:20,324 | INFO | [t=60] VLA chunk prompt=Open all drawers in order, remember the empty drawer, then put butter into that empty drawer.
2026-09-18 13:42:20,608 | INFO | [t=70] VLA chunk prompt=Open all drawers in order, remember the empty drawer, then put butter into that empty drawer.
2026-09-18 13:42:20,851 | INFO | [t=80] harness subtask override: open top drawer
2026-09-18 13:42:20,851 | INFO | [t=80] VLM prompt update from step=-1: open top drawer
2026-09-18 13:42:20,851 | INFO | [t=80] harness forced VLM replan after stall (pmh visual retrieve armed)
2026-09-18 13:42:20,901 | INFO | [t=80] VLA chunk prompt=open top drawer
2026-09-18 13:42:21,196 | INFO | [t=90] VLA chunk prompt=open top drawer
2026-09-18 13:42:21,483 | INFO | [t=100] VLA chunk prompt=open top drawer
2026-09-18 13:42:21,775 | INFO | [t=110] VLA chunk prompt=open top drawer
2026-09-18 13:42:22,068 | INFO | [t=120] VLA chunk prompt=open top drawer
2026-09-18 13:42:22,391 | INFO | [t=130] VLA chunk prompt=open top drawer
2026-09-18 13:42:22,722 | INFO | [t=140] VLA chunk prompt=open top drawer
2026-09-18 13:42:23,062 | INFO | [t=150] VLA chunk prompt=open top drawer
2026-09-18 13:42:23,407 | INFO | [t=160] VLA chunk prompt=open top drawer
2026-09-18 13:42:23,756 | INFO | [t=170] VLA chunk prompt=open top drawer
2026-09-18 13:42:24,110 | INFO | [t=180] VLA chunk prompt=open top drawer
2026-09-18 13:42:24,473 | INFO | [t=190] VLA chunk prompt=open top drawer
2026-09-18 13:42:24,838 | INFO | [t=200] VLA chunk prompt=open top drawer
2026-09-18 13:42:25,207 | INFO | [t=210] VLA chunk prompt=open top drawer
2026-09-18 13:42:25,586 | INFO | [t=220] VLA chunk prompt=open top drawer
2026-09-18 13:42:25,966 | INFO | [t=230] VLA chunk prompt=open top drawer
2026-09-18 13:42:26,347 | INFO | [t=240] VLA chunk prompt=open top drawer
2026-09-18 13:42:26,730 | INFO | [t=250] VLA chunk prompt=open top drawer
2026-09-18 13:42:27,115 | INFO | [t=260] VLA chunk prompt=open top drawer
2026-09-18 13:42:27,504 | INFO | [t=270] VLA chunk prompt=open top drawer
2026-09-18 13:42:27,895 | INFO | [t=280] VLA chunk prompt=open top drawer
2026-09-18 13:42:28,279 | INFO | [t=290] VLA chunk prompt=open top drawer
2026-09-18 13:42:28,661 | INFO | [t=300] VLA chunk prompt=open top drawer
2026-09-18 13:42:29,041 | INFO | [t=310] VLA chunk prompt=open top drawer
2026-09-18 13:42:29,416 | INFO | [t=320] VLA chunk prompt=open top drawer
2026-09-18 13:42:29,788 | INFO | [t=330] VLA chunk prompt=open top drawer
2026-09-18 13:42:30,159 | INFO | [t=340] VLA chunk prompt=open top drawer
2026-09-18 13:42:30,529 | INFO | [t=350] VLA chunk prompt=open top drawer
2026-09-18 13:42:30,900 | INFO | [t=360] VLA chunk prompt=open top drawer
2026-09-18 13:42:31,276 | INFO | [t=370] VLA chunk prompt=open top drawer
2026-09-18 13:42:31,667 | INFO | [t=380] VLA chunk prompt=open top drawer
2026-09-18 13:42:32,062 | INFO | [t=390] VLA chunk prompt=open top drawer
2026-09-18 13:42:32,447 | INFO | [t=400] VLA chunk prompt=open top drawer
2026-09-18 13:42:32,840 | INFO | [t=410] VLA chunk prompt=open top drawer
2026-09-18 13:42:33,231 | INFO | [t=420] VLA chunk prompt=open top drawer
2026-09-18 13:42:33,616 | INFO | [t=430] VLA chunk prompt=open top drawer
2026-09-18 13:42:33,994 | INFO | [t=440] VLA chunk prompt=open top drawer
2026-09-18 13:42:34,374 | INFO | [t=450] VLA chunk prompt=open top drawer
2026-09-18 13:42:34,758 | INFO | [t=460] VLA chunk prompt=open top drawer
2026-09-18 13:42:35,141 | INFO | [t=470] VLA chunk prompt=open top drawer
2026-09-18 13:42:35,525 | INFO | [t=480] VLA chunk prompt=open top drawer
2026-09-18 13:42:35,905 | INFO | [t=490] VLA chunk prompt=open top drawer
2026-09-18 13:42:36,285 | INFO | [t=500] VLA chunk prompt=open top drawer
2026-09-18 13:42:36,665 | INFO | [t=510] VLA chunk prompt=open top drawer
2026-09-18 13:42:37,051 | INFO | [t=520] VLA chunk prompt=open top drawer
2026-09-18 13:42:37,444 | INFO | [t=530] VLA chunk prompt=open top drawer
2026-09-18 13:42:37,832 | INFO | [t=540] VLA chunk prompt=open top drawer
2026-09-18 13:42:38,218 | INFO | [t=550] VLA chunk prompt=open top drawer
2026-09-18 13:42:38,603 | INFO | [t=560] VLA chunk prompt=open top drawer
2026-09-18 13:42:38,992 | INFO | [t=570] VLA chunk prompt=open top drawer
2026-09-18 13:42:39,377 | INFO | [t=580] VLA chunk prompt=open top drawer
2026-09-18 13:42:39,761 | INFO | [t=590] VLA chunk prompt=open top drawer
2026-09-18 13:42:40,151 | INFO | [t=600] VLA chunk prompt=open top drawer
2026-09-18 13:42:40,543 | INFO | [t=610] VLA chunk prompt=open top drawer
2026-09-18 13:42:40,930 | INFO | [t=620] VLA chunk prompt=open top drawer
2026-09-18 13:42:41,322 | INFO | [t=630] VLA chunk prompt=open top drawer
2026-09-18 13:42:41,714 | INFO | [t=640] VLA chunk prompt=open top drawer
2026-09-18 13:42:42,104 | INFO | [t=650] VLA chunk prompt=open top drawer
2026-09-18 13:42:42,497 | INFO | [t=660] VLA chunk prompt=open top drawer
2026-09-18 13:42:42,884 | INFO | [t=670] VLA chunk prompt=open top drawer
2026-09-18 13:42:43,273 | INFO | [t=680] VLA chunk prompt=open top drawer
2026-09-18 13:42:43,663 | INFO | [t=690] VLA chunk prompt=open top drawer
2026-09-18 13:42:44,055 | INFO | [t=700] VLA chunk prompt=open top drawer
2026-09-18 13:42:44,448 | INFO | [t=710] VLA chunk prompt=open top drawer
2026-09-18 13:42:44,843 | INFO | [t=720] VLA chunk prompt=open top drawer
2026-09-18 13:42:45,231 | INFO | [t=730] VLA chunk prompt=open top drawer
2026-09-18 13:42:45,370 | INFO | API VLM @t=1710 task=5 subtask=open middle drawer keyframes=[]
2026-09-18 13:42:45,619 | INFO | [t=740] VLA chunk prompt=open top drawer
2026-09-18 13:42:46,006 | INFO | [t=750] VLA chunk prompt=open top drawer
2026-09-18 13:42:46,389 | INFO | [t=760] VLA chunk prompt=open top drawer
2026-09-18 13:42:46,774 | INFO | [t=770] VLA chunk prompt=open top drawer
2026-09-18 13:42:47,162 | INFO | [t=780] VLA chunk prompt=open top drawer
2026-09-18 13:42:47,553 | INFO | [t=790] VLA chunk prompt=open top drawer
2026-09-18 13:42:47,943 | INFO | [t=800] VLA chunk prompt=open top drawer
2026-09-18 13:42:48,326 | INFO | [t=810] VLA chunk prompt=open top drawer
2026-09-18 13:42:48,709 | INFO | [t=820] VLA chunk prompt=open top drawer
2026-09-18 13:42:49,091 | INFO | [t=830] VLA chunk prompt=open top drawer
2026-09-18 13:42:49,473 | INFO | [t=840] VLA chunk prompt=open top drawer
2026-09-18 13:42:49,854 | INFO | [t=850] VLA chunk prompt=open top drawer
2026-09-18 13:42:50,237 | INFO | [t=860] VLA chunk prompt=open top drawer
2026-09-18 13:42:50,640 | INFO | [t=870] VLA chunk prompt=open top drawer
2026-09-18 13:42:51,033 | INFO | [t=880] VLA chunk prompt=open top drawer
2026-09-18 13:42:51,414 | INFO | [t=890] VLA chunk prompt=open top drawer
2026-09-18 13:42:51,793 | INFO | [t=900] VLA chunk prompt=open top drawer
2026-09-18 13:42:52,173 | INFO | [t=910] VLA chunk prompt=open top drawer
2026-09-18 13:42:52,561 | INFO | [t=920] VLA chunk prompt=open top drawer
2026-09-18 13:42:52,942 | INFO | [t=930] VLA chunk prompt=open top drawer
2026-09-18 13:42:53,317 | INFO | [t=940] VLA chunk prompt=open top drawer
2026-09-18 13:42:53,694 | INFO | [t=950] VLA chunk prompt=open top drawer
2026-09-18 13:42:54,071 | INFO | [t=960] VLA chunk prompt=open top drawer
2026-09-18 13:42:54,449 | INFO | [t=970] VLA chunk prompt=open top drawer
2026-09-18 13:42:54,826 | INFO | [t=980] VLA chunk prompt=open top drawer
2026-09-18 13:42:55,033 | INFO | API VLM @t=0 task=5 subtask=open top drawer keyframes=[]
2026-09-18 13:42:55,219 | INFO | [t=990] VLA chunk prompt=open top drawer
2026-09-18 13:42:55,605 | INFO | [t=1000] VLA chunk prompt=open top drawer
2026-09-18 13:42:56,004 | INFO | [t=1010] VLA chunk prompt=open top drawer
2026-09-18 13:42:56,395 | INFO | [t=1020] VLA chunk prompt=open top drawer
2026-09-18 13:42:56,791 | INFO | [t=1030] VLA chunk prompt=open top drawer
2026-09-18 13:42:57,185 | INFO | [t=1040] VLA chunk prompt=open top drawer
2026-09-18 13:42:57,593 | INFO | [t=1050] VLA chunk prompt=open top drawer
2026-09-18 13:42:58,009 | INFO | [t=1060] VLA chunk prompt=open top drawer
2026-09-18 13:42:58,408 | INFO | [t=1070] VLA chunk prompt=open top drawer
2026-09-18 13:42:58,811 | INFO | [t=1080] VLA chunk prompt=open top drawer
2026-09-18 13:42:59,209 | INFO | [t=1090] VLA chunk prompt=open top drawer
2026-09-18 13:42:59,600 | INFO | [t=1100] VLA chunk prompt=open top drawer
2026-09-18 13:42:59,993 | INFO | [t=1110] VLA chunk prompt=open top drawer
2026-09-18 13:43:00,384 | INFO | [t=1120] VLA chunk prompt=open top drawer
2026-09-18 13:43:00,775 | INFO | [t=1130] VLA chunk prompt=open top drawer
2026-09-18 13:43:01,165 | INFO | [t=1140] VLA chunk prompt=open top drawer
2026-09-18 13:43:01,569 | INFO | [t=1150] VLA chunk prompt=open top drawer
2026-09-18 13:43:01,990 | INFO | [t=1160] VLA chunk prompt=open top drawer
2026-09-18 13:43:02,414 | INFO | [t=1170] VLA chunk prompt=open top drawer
2026-09-18 13:43:02,816 | INFO | [t=1180] VLA chunk prompt=open top drawer
2026-09-18 13:43:03,227 | INFO | [t=1190] VLA chunk prompt=open top drawer
2026-09-18 13:43:03,628 | INFO | [t=1200] VLA chunk prompt=open top drawer
2026-09-18 13:43:04,031 | INFO | [t=1210] VLA chunk prompt=open top drawer
2026-09-18 13:43:04,432 | INFO | [t=1220] VLA chunk prompt=open top drawer
2026-09-18 13:43:04,844 | INFO | [t=1230] VLA chunk prompt=open top drawer
2026-09-18 13:43:05,239 | INFO | [t=1240] VLA chunk prompt=open top drawer
2026-09-18 13:43:05,634 | INFO | [t=1250] VLA chunk prompt=open top drawer
2026-09-18 13:43:06,037 | INFO | [t=1260] VLA chunk prompt=open top drawer
2026-09-18 13:43:06,432 | INFO | [t=1270] VLA chunk prompt=open top drawer
2026-09-18 13:43:06,827 | INFO | [t=1280] VLA chunk prompt=open top drawer
2026-09-18 13:43:07,220 | INFO | [t=1290] VLA chunk prompt=open top drawer
2026-09-18 13:43:07,613 | INFO | [t=1300] VLA chunk prompt=open top drawer
2026-09-18 13:43:08,013 | INFO | [t=1310] VLA chunk prompt=open top drawer
2026-09-18 13:43:08,418 | INFO | [t=1320] VLA chunk prompt=open top drawer
2026-09-18 13:43:08,824 | INFO | [t=1330] VLA chunk prompt=open top drawer
2026-09-18 13:43:09,231 | INFO | [t=1340] VLA chunk prompt=open top drawer
2026-09-18 13:43:09,629 | INFO | [t=1350] VLA chunk prompt=open top drawer
2026-09-18 13:43:10,022 | INFO | [t=1360] VLA chunk prompt=open top drawer
2026-09-18 13:43:10,422 | INFO | [t=1370] VLA chunk prompt=open top drawer
2026-09-18 13:43:10,816 | INFO | [t=1380] VLA chunk prompt=open top drawer
2026-09-18 13:43:11,211 | INFO | [t=1390] VLA chunk prompt=open top drawer
2026-09-18 13:43:11,607 | INFO | [t=1400] VLA chunk prompt=open top drawer
2026-09-18 13:43:12,005 | INFO | [t=1410] VLA chunk prompt=open top drawer
2026-09-18 13:43:12,139 | INFO | API VLM @t=975 task=5 subtask=open top drawer keyframes=[]
2026-09-18 13:43:12,407 | INFO | [t=1420] VLA chunk prompt=open top drawer
2026-09-18 13:43:12,805 | INFO | [t=1430] VLA chunk prompt=open top drawer
2026-09-18 13:43:13,203 | INFO | [t=1440] VLA chunk prompt=open top drawer
2026-09-18 13:43:13,599 | INFO | [t=1450] VLA chunk prompt=open top drawer
2026-09-18 13:43:13,998 | INFO | [t=1460] VLA chunk prompt=open top drawer
2026-09-18 13:43:14,392 | INFO | [t=1470] VLA chunk prompt=open top drawer
2026-09-18 13:43:14,783 | INFO | [t=1480] VLA chunk prompt=open top drawer
2026-09-18 13:43:15,174 | INFO | [t=1490] VLA chunk prompt=open top drawer
2026-09-18 13:43:15,567 | INFO | [t=1500] VLA chunk prompt=open top drawer
2026-09-18 13:43:15,968 | INFO | [t=1510] VLA chunk prompt=open top drawer
2026-09-18 13:43:16,377 | INFO | [t=1520] VLA chunk prompt=open top drawer
2026-09-18 13:43:16,794 | INFO | [t=1530] VLA chunk prompt=open top drawer
2026-09-18 13:43:17,206 | INFO | [t=1540] VLA chunk prompt=open top drawer
2026-09-18 13:43:17,599 | INFO | [t=1550] VLA chunk prompt=open top drawer
2026-09-18 13:43:17,992 | INFO | [t=1560] VLA chunk prompt=open top drawer
2026-09-18 13:43:18,385 | INFO | [t=1570] VLA chunk prompt=open top drawer
2026-09-18 13:43:18,779 | INFO | [t=1580] VLA chunk prompt=open top drawer
2026-09-18 13:43:19,181 | INFO | [t=1590] VLA chunk prompt=open top drawer
2026-09-18 13:43:19,587 | INFO | [t=1600] VLA chunk prompt=open top drawer
2026-09-18 13:43:20,000 | INFO | [t=1610] VLA chunk prompt=open top drawer
2026-09-18 13:43:20,408 | INFO | [t=1620] VLA chunk prompt=open top drawer
2026-09-18 13:43:20,804 | INFO | [t=1630] VLA chunk prompt=open top drawer
2026-09-18 13:43:21,227 | INFO | [t=1640] VLA chunk prompt=open top drawer
2026-09-18 13:43:21,631 | INFO | [t=1650] VLA chunk prompt=open top drawer
2026-09-18 13:43:22,017 | INFO | [t=1660] VLA chunk prompt=open top drawer
2026-09-18 13:43:22,395 | INFO | [t=1670] VLA chunk prompt=open top drawer
2026-09-18 13:43:22,777 | INFO | [t=1680] VLA chunk prompt=open top drawer
2026-09-18 13:43:23,162 | INFO | [t=1690] VLA chunk prompt=open top drawer
2026-09-18 13:43:23,541 | INFO | [t=1700] VLA chunk prompt=open top drawer
2026-09-18 13:43:23,926 | INFO | [t=1710] VLA chunk prompt=open top drawer
2026-09-18 13:43:24,305 | INFO | [t=1720] VLA chunk prompt=open top drawer
2026-09-18 13:43:24,678 | INFO | [t=1730] VLA chunk prompt=open top drawer
2026-09-18 13:43:25,046 | INFO | [t=1740] VLA chunk prompt=open top drawer
2026-09-18 13:43:25,411 | INFO | [t=1750] VLA chunk prompt=open top drawer
2026-09-18 13:43:25,777 | INFO | [t=1760] VLA chunk prompt=open top drawer
2026-09-18 13:43:26,144 | INFO | [t=1770] VLA chunk prompt=open top drawer
2026-09-18 13:43:26,512 | INFO | [t=1780] VLA chunk prompt=open top drawer
2026-09-18 13:43:26,887 | INFO | [t=1790] VLA chunk prompt=open top drawer
2026-09-18 13:43:27,261 | INFO | [t=1800] VLA chunk prompt=open top drawer
2026-09-18 13:43:27,637 | INFO | [t=1810] VLA chunk prompt=open top drawer
2026-09-18 13:43:28,010 | INFO | [t=1820] VLA chunk prompt=open top drawer
2026-09-18 13:43:28,374 | INFO | [t=1830] VLA chunk prompt=open top drawer
2026-09-18 13:43:28,744 | INFO | [t=1840] VLA chunk prompt=open top drawer
2026-09-18 13:43:29,118 | INFO | [t=1850] VLA chunk prompt=open top drawer
2026-09-18 13:43:29,483 | INFO | [t=1860] VLA chunk prompt=open top drawer
2026-09-18 13:43:29,850 | INFO | [t=1870] VLA chunk prompt=open top drawer
2026-09-18 13:43:30,224 | INFO | [t=1880] VLA chunk prompt=open top drawer
2026-09-18 13:43:30,599 | INFO | [t=1890] VLA chunk prompt=open top drawer
2026-09-18 13:43:30,978 | INFO | [t=1900] VLA chunk prompt=open top drawer
2026-09-18 13:43:31,355 | INFO | [t=1910] VLA chunk prompt=open top drawer
2026-09-18 13:43:31,734 | INFO | [t=1920] VLA chunk prompt=open top drawer
2026-09-18 13:43:32,113 | INFO | [t=1930] VLA chunk prompt=open top drawer
2026-09-18 13:43:32,484 | INFO | [t=1940] VLA chunk prompt=open top drawer
2026-09-18 13:43:32,857 | INFO | [t=1950] VLA chunk prompt=open top drawer
2026-09-18 13:43:33,224 | INFO | [t=1960] VLA chunk prompt=open top drawer
2026-09-18 13:43:33,593 | INFO | [t=1970] VLA chunk prompt=open top drawer
2026-09-18 13:43:33,966 | INFO | [t=1980] VLA chunk prompt=open top drawer
2026-09-18 13:43:34,346 | INFO | [t=1990] VLA chunk prompt=open top drawer
2026-09-18 13:43:34,729 | INFO | [t=2000] VLA chunk prompt=open top drawer
2026-09-18 13:43:35,115 | INFO | [t=2010] VLA chunk prompt=open top drawer
2026-09-18 13:43:35,505 | INFO | [t=2020] VLA chunk prompt=open top drawer
2026-09-18 13:43:35,894 | INFO | [t=2030] VLA chunk prompt=open top drawer
2026-09-18 13:43:36,281 | INFO | [t=2040] VLA chunk prompt=open top drawer
2026-09-18 13:43:36,672 | INFO | [t=2050] VLA chunk prompt=open top drawer
2026-09-18 13:43:37,066 | INFO | [t=2060] VLA chunk prompt=open top drawer
2026-09-18 13:43:37,459 | INFO | [t=2070] VLA chunk prompt=open top drawer
2026-09-18 13:43:37,861 | INFO | [t=2080] VLA chunk prompt=open top drawer
2026-09-18 13:43:38,254 | INFO | [t=2090] VLA chunk prompt=open top drawer
2026-09-18 13:43:38,640 | INFO | [t=2100] VLA chunk prompt=open top drawer
2026-09-18 13:43:39,032 | INFO | [t=2110] VLA chunk prompt=open top drawer
2026-09-18 13:43:39,431 | INFO | [t=2120] VLA chunk prompt=open top drawer
2026-09-18 13:43:39,827 | INFO | [t=2130] VLA chunk prompt=open top drawer
2026-09-18 13:43:40,217 | INFO | [t=2140] VLA chunk prompt=open top drawer
2026-09-18 13:43:40,608 | INFO | [t=2150] VLA chunk prompt=open top drawer
2026-09-18 13:43:41,001 | INFO | [t=2160] VLA chunk prompt=open top drawer
2026-09-18 13:43:41,394 | INFO | [t=2170] VLA chunk prompt=open top drawer
2026-09-18 13:43:41,791 | INFO | [t=2180] VLA chunk prompt=open top drawer
2026-09-18 13:43:42,197 | INFO | [t=2190] VLA chunk prompt=open top drawer
2026-09-18 13:43:42,598 | INFO | [t=2200] VLA chunk prompt=open top drawer
2026-09-18 13:43:42,989 | INFO | [t=2210] VLA chunk prompt=open top drawer
2026-09-18 13:43:43,369 | INFO | [t=2220] VLA chunk prompt=open top drawer
2026-09-18 13:43:43,748 | INFO | [t=2230] VLA chunk prompt=open top drawer
2026-09-18 13:43:44,129 | INFO | [t=2240] VLA chunk prompt=open top drawer
2026-09-18 13:43:44,502 | INFO | [t=2250] VLA chunk prompt=open top drawer
2026-09-18 13:43:44,862 | INFO | [t=2260] VLA chunk prompt=open top drawer
2026-09-18 13:43:45,223 | INFO | [t=2270] VLA chunk prompt=open top drawer
2026-09-18 13:43:45,579 | INFO | [t=2280] VLA chunk prompt=open top drawer
2026-09-18 13:43:45,932 | INFO | [t=2290] VLA chunk prompt=open top drawer
2026-09-18 13:43:46,291 | INFO | [t=2300] VLA chunk prompt=open top drawer
2026-09-18 13:43:46,657 | INFO | [t=2310] VLA chunk prompt=open top drawer
2026-09-18 13:43:47,029 | INFO | [t=2320] VLA chunk prompt=open top drawer
2026-09-18 13:43:47,392 | INFO | [t=2330] VLA chunk prompt=open top drawer
2026-09-18 13:43:47,756 | INFO | [t=2340] VLA chunk prompt=open top drawer
2026-09-18 13:43:48,127 | INFO | [t=2350] VLA chunk prompt=open top drawer
2026-09-18 13:43:48,495 | INFO | [t=2360] VLA chunk prompt=open top drawer
2026-09-18 13:43:48,864 | INFO | [t=2370] VLA chunk prompt=open top drawer
2026-09-18 13:43:49,229 | INFO | [t=2380] VLA chunk prompt=open top drawer
2026-09-18 13:43:49,596 | INFO | [t=2390] VLA chunk prompt=open top drawer
2026-09-18 13:43:49,964 | INFO | [t=2400] VLA chunk prompt=open top drawer
2026-09-18 13:43:50,334 | INFO | [t=2410] VLA chunk prompt=open top drawer
2026-09-18 13:43:50,699 | INFO | [t=2420] VLA chunk prompt=open top drawer
2026-09-18 13:43:51,063 | INFO | [t=2430] VLA chunk prompt=open top drawer
2026-09-18 13:43:51,352 | INFO | API VLM @t=1400 task=5 subtask=open top drawer keyframes=[]
2026-09-18 13:43:51,444 | INFO | [t=2440] VLA chunk prompt=open top drawer
2026-09-18 13:43:51,841 | INFO | [t=2450] VLA chunk prompt=open top drawer
2026-09-18 13:43:52,205 | INFO | [t=2460] VLA chunk prompt=open top drawer
2026-09-18 13:43:52,567 | INFO | [t=2470] VLA chunk prompt=open top drawer
2026-09-18 13:43:52,933 | INFO | [t=2480] VLA chunk prompt=open top drawer
2026-09-18 13:43:53,305 | INFO | [t=2490] VLA chunk prompt=open top drawer
2026-09-18 13:43:53,679 | INFO | [t=2500] VLA chunk prompt=open top drawer
2026-09-18 13:43:57,022 | INFO | attempt=1 stage_score=0.0 stage_success=False failure_reason=incomplete_stage
2026-09-18 13:43:57,027 | INFO | Episode 7 seed=107 stage_score=25.0 stage_success=0 goal=0.250 failure_reason=incomplete_stage | 01_Open_Top_Drawer=Y | 02_Close_Top_Drawer=Y | 03_Open_Middle_Drawer=N | 04_Close_Middle_Drawer=N | 05_Open_Bottom_Drawer=N | 06_Close_Bottom_Drawer=N | 07_Open_Middle_Drawer_Again=N | 08_Put_Butter_Middle_Drawer=N | 09_Close_Middle_Drawer_Final=N
