2026-09-26 20:08:34,929 | INFO | task_id=19 bddl=/project/peilab/why/RoboMemArena/bddl/19_tomato_milk_orange_cabinet.bddl vlm_ckpt=/project/peilab/why/RoboMemArena/checkpoints/PrediMem/vlm_tasks1to26_ckpt74500
2026-09-26 20:08:37,053 | INFO | API VLM @t=2490 task=19 subtask=Reach to grasp the tomato sauce from cabinet1; no completed transfers are evident, so start with the first item in the sequence. keyframes=[]
2026-09-26 20:08:37,085 | INFO | async VLM enabled: single-slot subtask buffer
2026-09-26 20:08:37,339 | INFO | [t=10] VLA chunk prompt=Pick and place tomato sauce, milk, and orange juice from cabinet1 to cabinet2.
2026-09-26 20:08:37,605 | INFO | [t=20] VLA chunk prompt=Pick and place tomato sauce, milk, and orange juice from cabinet1 to cabinet2.
2026-09-26 20:08:37,872 | INFO | [t=30] VLA chunk prompt=Pick and place tomato sauce, milk, and orange juice from cabinet1 to cabinet2.
2026-09-26 20:08:38,146 | INFO | [t=40] VLA chunk prompt=Pick and place tomato sauce, milk, and orange juice from cabinet1 to cabinet2.
2026-09-26 20:08:38,410 | INFO | [t=50] VLA chunk prompt=Pick and place tomato sauce, milk, and orange juice from cabinet1 to cabinet2.
2026-09-26 20:08:38,674 | INFO | [t=60] VLA chunk prompt=Pick and place tomato sauce, milk, and orange juice from cabinet1 to cabinet2.
2026-09-26 20:08:38,941 | INFO | [t=70] VLA chunk prompt=Pick and place tomato sauce, milk, and orange juice from cabinet1 to cabinet2.
2026-09-26 20:08:39,208 | INFO | [t=80] VLA chunk prompt=Pick and place tomato sauce, milk, and orange juice from cabinet1 to cabinet2.
2026-09-26 20:08:39,475 | INFO | [t=90] VLA chunk prompt=Pick and place tomato sauce, milk, and orange juice from cabinet1 to cabinet2.
2026-09-26 20:08:39,743 | INFO | [t=100] VLA chunk prompt=Pick and place tomato sauce, milk, and orange juice from cabinet1 to cabinet2.
2026-09-26 20:08:40,028 | INFO | [t=110] VLA chunk prompt=Pick and place tomato sauce, milk, and orange juice from cabinet1 to cabinet2.
2026-09-26 20:08:40,334 | INFO | [t=120] VLA chunk prompt=Pick and place tomato sauce, milk, and orange juice from cabinet1 to cabinet2.
2026-09-26 20:08:40,673 | INFO | [t=130] VLA chunk prompt=Pick and place tomato sauce, milk, and orange juice from cabinet1 to cabinet2.
2026-09-26 20:08:41,013 | INFO | [t=140] VLA chunk prompt=Pick and place tomato sauce, milk, and orange juice from cabinet1 to cabinet2.
2026-09-26 20:08:41,361 | INFO | [t=150] VLA chunk prompt=Pick and place tomato sauce, milk, and orange juice from cabinet1 to cabinet2.
2026-09-26 20:08:41,726 | INFO | [t=160] VLA chunk prompt=Pick and place tomato sauce, milk, and orange juice from cabinet1 to cabinet2.
2026-09-26 20:08:42,087 | INFO | [t=170] VLA chunk prompt=Pick and place tomato sauce, milk, and orange juice from cabinet1 to cabinet2.
2026-09-26 20:08:42,454 | INFO | [t=180] VLA chunk prompt=Pick and place tomato sauce, milk, and orange juice from cabinet1 to cabinet2.
2026-09-26 20:08:42,829 | INFO | [t=190] VLA chunk prompt=Pick and place tomato sauce, milk, and orange juice from cabinet1 to cabinet2.
2026-09-26 20:08:43,209 | INFO | [t=200] VLA chunk prompt=Pick and place tomato sauce, milk, and orange juice from cabinet1 to cabinet2.
2026-09-26 20:08:43,593 | INFO | [t=210] VLA chunk prompt=Pick and place tomato sauce, milk, and orange juice from cabinet1 to cabinet2.
2026-09-26 20:08:43,987 | INFO | [t=220] VLA chunk prompt=Pick and place tomato sauce, milk, and orange juice from cabinet1 to cabinet2.
2026-09-26 20:08:44,384 | INFO | [t=230] VLA chunk prompt=Pick and place tomato sauce, milk, and orange juice from cabinet1 to cabinet2.
2026-09-26 20:08:44,781 | INFO | [t=240] VLA chunk prompt=Pick and place tomato sauce, milk, and orange juice from cabinet1 to cabinet2.
2026-09-26 20:08:44,791 | INFO | API VLM @t=0 task=19 subtask=Reach for and grasp the tomato sauce in cabinet1. keyframes=[]
2026-09-26 20:08:45,132 | INFO | [t=250] VLM prompt update from step=0: Reach for and grasp the tomato sauce in cabinet1.
2026-09-26 20:08:45,182 | INFO | [t=250] VLA chunk prompt=Reach for and grasp the tomato sauce in cabinet1.
2026-09-26 20:08:45,579 | INFO | [t=260] VLA chunk prompt=Reach for and grasp the tomato sauce in cabinet1.
2026-09-26 20:08:45,981 | INFO | [t=270] VLA chunk prompt=Reach for and grasp the tomato sauce in cabinet1.
2026-09-26 20:08:46,378 | INFO | [t=280] VLA chunk prompt=Reach for and grasp the tomato sauce in cabinet1.
2026-09-26 20:08:46,776 | INFO | [t=290] VLA chunk prompt=Reach for and grasp the tomato sauce in cabinet1.
2026-09-26 20:08:47,174 | INFO | [t=300] VLA chunk prompt=Reach for and grasp the tomato sauce in cabinet1.
2026-09-26 20:08:47,574 | INFO | [t=310] VLA chunk prompt=Reach for and grasp the tomato sauce in cabinet1.
2026-09-26 20:08:47,977 | INFO | [t=320] VLA chunk prompt=Reach for and grasp the tomato sauce in cabinet1.
2026-09-26 20:08:48,383 | INFO | [t=330] VLA chunk prompt=Reach for and grasp the tomato sauce in cabinet1.
2026-09-26 20:08:48,785 | INFO | [t=340] VLA chunk prompt=Reach for and grasp the tomato sauce in cabinet1.
2026-09-26 20:08:49,186 | INFO | [t=350] VLA chunk prompt=Reach for and grasp the tomato sauce in cabinet1.
2026-09-26 20:08:49,589 | INFO | [t=360] VLA chunk prompt=Reach for and grasp the tomato sauce in cabinet1.
2026-09-26 20:08:49,991 | INFO | [t=370] VLA chunk prompt=Reach for and grasp the tomato sauce in cabinet1.
2026-09-26 20:08:50,393 | INFO | [t=380] VLA chunk prompt=Reach for and grasp the tomato sauce in cabinet1.
2026-09-26 20:08:50,792 | INFO | [t=390] VLA chunk prompt=Reach for and grasp the tomato sauce in cabinet1.
2026-09-26 20:08:51,193 | INFO | [t=400] VLA chunk prompt=Reach for and grasp the tomato sauce in cabinet1.
2026-09-26 20:08:51,590 | INFO | [t=410] VLA chunk prompt=Reach for and grasp the tomato sauce in cabinet1.
2026-09-26 20:08:51,982 | INFO | [t=420] VLA chunk prompt=Reach for and grasp the tomato sauce in cabinet1.
2026-09-26 20:08:52,379 | INFO | [t=430] VLA chunk prompt=Reach for and grasp the tomato sauce in cabinet1.
2026-09-26 20:08:52,775 | INFO | [t=440] VLA chunk prompt=Reach for and grasp the tomato sauce in cabinet1.
2026-09-26 20:08:53,168 | INFO | [t=450] VLA chunk prompt=Reach for and grasp the tomato sauce in cabinet1.
2026-09-26 20:08:53,563 | INFO | [t=460] VLA chunk prompt=Reach for and grasp the tomato sauce in cabinet1.
2026-09-26 20:08:53,955 | INFO | [t=470] VLA chunk prompt=Reach for and grasp the tomato sauce in cabinet1.
2026-09-26 20:08:54,351 | INFO | [t=480] VLA chunk prompt=Reach for and grasp the tomato sauce in cabinet1.
2026-09-26 20:08:54,569 | INFO | API VLM @t=230 task=19 subtask=Reach into cabinet1 to pick up the next item in the transfer sequence. keyframes=[]
2026-09-26 20:08:54,699 | INFO | [t=490] VLM prompt update from step=230: Reach into cabinet1 to pick up the next item in the transfer sequence.
2026-09-26 20:08:54,750 | INFO | [t=490] VLA chunk prompt=Reach into cabinet1 to pick up the next item in the transfer sequence.
2026-09-26 20:08:55,145 | INFO | [t=500] VLA chunk prompt=Reach into cabinet1 to pick up the next item in the transfer sequence.
2026-09-26 20:08:55,540 | INFO | [t=510] VLA chunk prompt=Reach into cabinet1 to pick up the next item in the transfer sequence.
2026-09-26 20:08:55,934 | INFO | [t=520] VLA chunk prompt=Reach into cabinet1 to pick up the next item in the transfer sequence.
2026-09-26 20:08:56,326 | INFO | [t=530] VLA chunk prompt=Reach into cabinet1 to pick up the next item in the transfer sequence.
2026-09-26 20:08:56,720 | INFO | [t=540] VLA chunk prompt=Reach into cabinet1 to pick up the next item in the transfer sequence.
2026-09-26 20:08:57,113 | INFO | [t=550] VLA chunk prompt=Reach into cabinet1 to pick up the next item in the transfer sequence.
2026-09-26 20:08:57,508 | INFO | [t=560] VLA chunk prompt=Reach into cabinet1 to pick up the next item in the transfer sequence.
2026-09-26 20:08:57,910 | INFO | [t=570] VLA chunk prompt=Reach into cabinet1 to pick up the next item in the transfer sequence.
2026-09-26 20:08:58,301 | INFO | [t=580] VLA chunk prompt=Reach into cabinet1 to pick up the next item in the transfer sequence.
2026-09-26 20:08:58,692 | INFO | [t=590] VLA chunk prompt=Reach into cabinet1 to pick up the next item in the transfer sequence.
2026-09-26 20:08:59,085 | INFO | [t=600] VLA chunk prompt=Reach into cabinet1 to pick up the next item in the transfer sequence.
2026-09-26 20:08:59,481 | INFO | [t=610] VLA chunk prompt=Reach into cabinet1 to pick up the next item in the transfer sequence.
2026-09-26 20:08:59,876 | INFO | [t=620] VLA chunk prompt=Reach into cabinet1 to pick up the next item in the transfer sequence.
2026-09-26 20:09:00,269 | INFO | [t=630] VLA chunk prompt=Reach into cabinet1 to pick up the next item in the transfer sequence.
2026-09-26 20:09:00,657 | INFO | [t=640] VLA chunk prompt=Reach into cabinet1 to pick up the next item in the transfer sequence.
2026-09-26 20:09:01,051 | INFO | [t=650] VLA chunk prompt=Reach into cabinet1 to pick up the next item in the transfer sequence.
2026-09-26 20:09:01,447 | INFO | [t=660] VLA chunk prompt=Reach into cabinet1 to pick up the next item in the transfer sequence.
2026-09-26 20:09:01,787 | INFO | API VLM @t=475 task=19 subtask=Reach into cabinet1 to grasp the next item in sequence, tomato sauce. keyframes=[]
2026-09-26 20:09:01,794 | INFO | [t=670] VLM prompt update from step=475: Reach into cabinet1 to grasp the next item in sequence, tomato sauce.
2026-09-26 20:09:01,844 | INFO | [t=670] VLA chunk prompt=Reach into cabinet1 to grasp the next item in sequence, tomato sauce.
2026-09-26 20:09:02,238 | INFO | [t=680] VLA chunk prompt=Reach into cabinet1 to grasp the next item in sequence, tomato sauce.
2026-09-26 20:09:02,630 | INFO | [t=690] VLA chunk prompt=Reach into cabinet1 to grasp the next item in sequence, tomato sauce.
2026-09-26 20:09:03,021 | INFO | [t=700] VLA chunk prompt=Reach into cabinet1 to grasp the next item in sequence, tomato sauce.
2026-09-26 20:09:03,412 | INFO | [t=710] VLA chunk prompt=Reach into cabinet1 to grasp the next item in sequence, tomato sauce.
2026-09-26 20:09:03,800 | INFO | [t=720] VLA chunk prompt=Reach into cabinet1 to grasp the next item in sequence, tomato sauce.
2026-09-26 20:09:04,189 | INFO | [t=730] VLA chunk prompt=Reach into cabinet1 to grasp the next item in sequence, tomato sauce.
2026-09-26 20:09:04,580 | INFO | [t=740] VLA chunk prompt=Reach into cabinet1 to grasp the next item in sequence, tomato sauce.
2026-09-26 20:09:04,970 | INFO | [t=750] VLA chunk prompt=Reach into cabinet1 to grasp the next item in sequence, tomato sauce.
2026-09-26 20:09:05,357 | INFO | [t=760] VLA chunk prompt=Reach into cabinet1 to grasp the next item in sequence, tomato sauce.
2026-09-26 20:09:05,749 | INFO | [t=770] VLA chunk prompt=Reach into cabinet1 to grasp the next item in sequence, tomato sauce.
2026-09-26 20:09:06,139 | INFO | [t=780] VLA chunk prompt=Reach into cabinet1 to grasp the next item in sequence, tomato sauce.
2026-09-26 20:09:06,528 | INFO | [t=790] VLA chunk prompt=Reach into cabinet1 to grasp the next item in sequence, tomato sauce.
2026-09-26 20:09:06,916 | INFO | [t=800] VLA chunk prompt=Reach into cabinet1 to grasp the next item in sequence, tomato sauce.
2026-09-26 20:09:07,305 | INFO | [t=810] VLA chunk prompt=Reach into cabinet1 to grasp the next item in sequence, tomato sauce.
2026-09-26 20:09:07,702 | INFO | [t=820] VLA chunk prompt=Reach into cabinet1 to grasp the next item in sequence, tomato sauce.
2026-09-26 20:09:08,112 | INFO | [t=830] VLA chunk prompt=Reach into cabinet1 to grasp the next item in sequence, tomato sauce.
2026-09-26 20:09:08,518 | INFO | [t=840] VLA chunk prompt=Reach into cabinet1 to grasp the next item in sequence, tomato sauce.
2026-09-26 20:09:08,930 | INFO | [t=850] VLA chunk prompt=Reach into cabinet1 to grasp the next item in sequence, tomato sauce.
2026-09-26 20:09:09,346 | INFO | [t=860] VLA chunk prompt=Reach into cabinet1 to grasp the next item in sequence, tomato sauce.
2026-09-26 20:09:09,748 | INFO | [t=870] VLA chunk prompt=Reach into cabinet1 to grasp the next item in sequence, tomato sauce.
2026-09-26 20:09:10,145 | INFO | [t=880] VLA chunk prompt=Reach into cabinet1 to grasp the next item in sequence, tomato sauce.
2026-09-26 20:09:10,544 | INFO | [t=890] VLA chunk prompt=Reach into cabinet1 to grasp the next item in sequence, tomato sauce.
2026-09-26 20:09:10,572 | INFO | API VLM @t=655 task=19 subtask=Reach into cabinet1 to grasp the tomato sauce. keyframes=[]
2026-09-26 20:09:10,899 | INFO | [t=900] VLM prompt update from step=655: Reach into cabinet1 to grasp the tomato sauce.
2026-09-26 20:09:10,950 | INFO | [t=900] VLA chunk prompt=Reach into cabinet1 to grasp the tomato sauce.
2026-09-26 20:09:11,336 | INFO | [t=910] VLA chunk prompt=Reach into cabinet1 to grasp the tomato sauce.
2026-09-26 20:09:11,716 | INFO | [t=920] VLA chunk prompt=Reach into cabinet1 to grasp the tomato sauce.
2026-09-26 20:09:12,094 | INFO | [t=930] VLA chunk prompt=Reach into cabinet1 to grasp the tomato sauce.
2026-09-26 20:09:12,475 | INFO | [t=940] VLA chunk prompt=Reach into cabinet1 to grasp the tomato sauce.
2026-09-26 20:09:12,871 | INFO | [t=950] VLA chunk prompt=Reach into cabinet1 to grasp the tomato sauce.
2026-09-26 20:09:13,284 | INFO | [t=960] VLA chunk prompt=Reach into cabinet1 to grasp the tomato sauce.
2026-09-26 20:09:13,695 | INFO | [t=970] VLA chunk prompt=Reach into cabinet1 to grasp the tomato sauce.
2026-09-26 20:09:14,098 | INFO | [t=980] VLA chunk prompt=Reach into cabinet1 to grasp the tomato sauce.
2026-09-26 20:09:14,482 | INFO | [t=990] VLA chunk prompt=Reach into cabinet1 to grasp the tomato sauce.
2026-09-26 20:09:14,873 | INFO | [t=1000] VLA chunk prompt=Reach into cabinet1 to grasp the tomato sauce.
2026-09-26 20:09:15,265 | INFO | [t=1010] VLA chunk prompt=Reach into cabinet1 to grasp the tomato sauce.
2026-09-26 20:09:15,652 | INFO | [t=1020] VLA chunk prompt=Reach into cabinet1 to grasp the tomato sauce.
2026-09-26 20:09:16,040 | INFO | [t=1030] VLA chunk prompt=Reach into cabinet1 to grasp the tomato sauce.
2026-09-26 20:09:16,436 | INFO | [t=1040] VLA chunk prompt=Reach into cabinet1 to grasp the tomato sauce.
2026-09-26 20:09:16,821 | INFO | [t=1050] VLA chunk prompt=Reach into cabinet1 to grasp the tomato sauce.
2026-09-26 20:09:17,020 | INFO | [t=1056] stage done: 01_Place_Tomato_Sauce_Cabinet2
2026-09-26 20:09:17,202 | INFO | [t=1060] VLA chunk prompt=Reach into cabinet1 to grasp the tomato sauce.
2026-09-26 20:09:17,586 | INFO | [t=1070] VLA chunk prompt=Reach into cabinet1 to grasp the tomato sauce.
2026-09-26 20:09:17,972 | INFO | [t=1080] VLA chunk prompt=Reach into cabinet1 to grasp the tomato sauce.
2026-09-26 20:09:18,360 | INFO | [t=1090] VLA chunk prompt=Reach into cabinet1 to grasp the tomato sauce.
2026-09-26 20:09:18,750 | INFO | [t=1100] VLA chunk prompt=Reach into cabinet1 to grasp the tomato sauce.
2026-09-26 20:09:19,168 | INFO | [t=1110] VLA chunk prompt=Reach into cabinet1 to grasp the tomato sauce.
2026-09-26 20:09:19,585 | INFO | [t=1120] VLA chunk prompt=Reach into cabinet1 to grasp the tomato sauce.
2026-09-26 20:09:19,901 | INFO | API VLM @t=880 task=19 subtask=Reach to grasp the next item, tomato sauce, from cabinet1. keyframes=[]
2026-09-26 20:09:19,951 | INFO | [t=1130] VLM prompt update from step=880: Reach to grasp the next item, tomato sauce, from cabinet1.
2026-09-26 20:09:20,002 | INFO | [t=1130] VLA chunk prompt=Reach to grasp the next item, tomato sauce, from cabinet1.
2026-09-26 20:09:20,412 | INFO | [t=1140] VLA chunk prompt=Reach to grasp the next item, tomato sauce, from cabinet1.
2026-09-26 20:09:20,821 | INFO | [t=1150] VLA chunk prompt=Reach to grasp the next item, tomato sauce, from cabinet1.
2026-09-26 20:09:21,230 | INFO | [t=1160] VLA chunk prompt=Reach to grasp the next item, tomato sauce, from cabinet1.
2026-09-26 20:09:21,640 | INFO | [t=1170] VLA chunk prompt=Reach to grasp the next item, tomato sauce, from cabinet1.
2026-09-26 20:09:22,050 | INFO | [t=1180] VLA chunk prompt=Reach to grasp the next item, tomato sauce, from cabinet1.
2026-09-26 20:09:22,456 | INFO | [t=1190] VLA chunk prompt=Reach to grasp the next item, tomato sauce, from cabinet1.
2026-09-26 20:09:22,860 | INFO | [t=1200] VLA chunk prompt=Reach to grasp the next item, tomato sauce, from cabinet1.
2026-09-26 20:09:23,261 | INFO | [t=1210] VLA chunk prompt=Reach to grasp the next item, tomato sauce, from cabinet1.
2026-09-26 20:09:23,659 | INFO | [t=1220] VLA chunk prompt=Reach to grasp the next item, tomato sauce, from cabinet1.
2026-09-26 20:09:24,059 | INFO | [t=1230] VLA chunk prompt=Reach to grasp the next item, tomato sauce, from cabinet1.
2026-09-26 20:09:24,460 | INFO | [t=1240] VLA chunk prompt=Reach to grasp the next item, tomato sauce, from cabinet1.
2026-09-26 20:09:24,862 | INFO | [t=1250] VLA chunk prompt=Reach to grasp the next item, tomato sauce, from cabinet1.
2026-09-26 20:09:25,266 | INFO | [t=1260] VLA chunk prompt=Reach to grasp the next item, tomato sauce, from cabinet1.
2026-09-26 20:09:25,667 | INFO | [t=1270] VLA chunk prompt=Reach to grasp the next item, tomato sauce, from cabinet1.
2026-09-26 20:09:26,069 | INFO | [t=1280] VLA chunk prompt=Reach to grasp the next item, tomato sauce, from cabinet1.
2026-09-26 20:09:26,469 | INFO | [t=1290] VLA chunk prompt=Reach to grasp the next item, tomato sauce, from cabinet1.
2026-09-26 20:09:26,867 | INFO | [t=1300] VLA chunk prompt=Reach to grasp the next item, tomato sauce, from cabinet1.
2026-09-26 20:09:27,268 | INFO | [t=1310] VLA chunk prompt=Reach to grasp the next item, tomato sauce, from cabinet1.
2026-09-26 20:09:27,333 | INFO | API VLM @t=1115 task=19 subtask=place the current item into cabinet2 keyframes=[]
2026-09-26 20:09:27,617 | INFO | [t=1320] VLM prompt update from step=1115: place the current item into cabinet2
2026-09-26 20:09:27,667 | INFO | [t=1320] VLA chunk prompt=place the current item into cabinet2
2026-09-26 20:09:28,072 | INFO | [t=1330] VLA chunk prompt=place the current item into cabinet2
2026-09-26 20:09:28,475 | INFO | [t=1340] VLA chunk prompt=place the current item into cabinet2
2026-09-26 20:09:28,880 | INFO | [t=1350] VLA chunk prompt=place the current item into cabinet2
2026-09-26 20:09:29,284 | INFO | [t=1360] VLA chunk prompt=place the current item into cabinet2
2026-09-26 20:09:29,688 | INFO | [t=1370] VLA chunk prompt=place the current item into cabinet2
2026-09-26 20:09:30,092 | INFO | [t=1380] VLA chunk prompt=place the current item into cabinet2
2026-09-26 20:09:30,495 | INFO | [t=1390] VLA chunk prompt=place the current item into cabinet2
2026-09-26 20:09:30,898 | INFO | [t=1400] VLA chunk prompt=place the current item into cabinet2
2026-09-26 20:09:31,299 | INFO | [t=1410] VLA chunk prompt=place the current item into cabinet2
2026-09-26 20:09:31,702 | INFO | [t=1420] VLA chunk prompt=place the current item into cabinet2
2026-09-26 20:09:32,108 | INFO | [t=1430] VLA chunk prompt=place the current item into cabinet2
2026-09-26 20:09:32,513 | INFO | [t=1440] VLA chunk prompt=place the current item into cabinet2
2026-09-26 20:09:32,914 | INFO | [t=1450] VLA chunk prompt=place the current item into cabinet2
2026-09-26 20:09:33,318 | INFO | [t=1460] VLA chunk prompt=place the current item into cabinet2
2026-09-26 20:09:33,724 | INFO | [t=1470] VLA chunk prompt=place the current item into cabinet2
2026-09-26 20:09:34,132 | INFO | [t=1480] VLA chunk prompt=place the current item into cabinet2
2026-09-26 20:09:34,549 | INFO | [t=1490] VLA chunk prompt=place the current item into cabinet2
2026-09-26 20:09:34,958 | INFO | [t=1500] VLA chunk prompt=place the current item into cabinet2
2026-09-26 20:09:35,370 | INFO | [t=1510] VLA chunk prompt=place the current item into cabinet2
2026-09-26 20:09:35,777 | INFO | [t=1520] VLA chunk prompt=place the current item into cabinet2
2026-09-26 20:09:36,180 | INFO | [t=1530] VLA chunk prompt=place the current item into cabinet2
2026-09-26 20:09:36,300 | INFO | API VLM @t=1300 task=19 subtask=Place the currently held item into cabinet2. keyframes=[]
2026-09-26 20:09:36,540 | INFO | [t=1540] VLM prompt update from step=1300: Place the currently held item into cabinet2.
2026-09-26 20:09:36,590 | INFO | [t=1540] VLA chunk prompt=Place the currently held item into cabinet2.
2026-09-26 20:09:36,995 | INFO | [t=1550] VLA chunk prompt=Place the currently held item into cabinet2.
2026-09-26 20:09:37,413 | INFO | [t=1560] VLA chunk prompt=Place the currently held item into cabinet2.
2026-09-26 20:09:37,814 | INFO | [t=1570] VLA chunk prompt=Place the currently held item into cabinet2.
2026-09-26 20:09:38,220 | INFO | [t=1580] VLA chunk prompt=Place the currently held item into cabinet2.
2026-09-26 20:09:38,628 | INFO | [t=1590] VLA chunk prompt=Place the currently held item into cabinet2.
2026-09-26 20:09:39,035 | INFO | [t=1600] VLA chunk prompt=Place the currently held item into cabinet2.
2026-09-26 20:09:39,445 | INFO | [t=1610] VLA chunk prompt=Place the currently held item into cabinet2.
2026-09-26 20:09:39,852 | INFO | [t=1620] VLA chunk prompt=Place the currently held item into cabinet2.
2026-09-26 20:09:40,257 | INFO | [t=1630] VLA chunk prompt=Place the currently held item into cabinet2.
2026-09-26 20:09:40,664 | INFO | [t=1640] VLA chunk prompt=Place the currently held item into cabinet2.
2026-09-26 20:09:41,066 | INFO | [t=1650] VLA chunk prompt=Place the currently held item into cabinet2.
2026-09-26 20:09:41,469 | INFO | [t=1660] VLA chunk prompt=Place the currently held item into cabinet2.
2026-09-26 20:09:41,870 | INFO | [t=1670] VLA chunk prompt=Place the currently held item into cabinet2.
2026-09-26 20:09:42,271 | INFO | [t=1680] VLA chunk prompt=Place the currently held item into cabinet2.
2026-09-26 20:09:42,674 | INFO | [t=1690] VLA chunk prompt=Place the currently held item into cabinet2.
2026-09-26 20:09:42,789 | INFO | API VLM @t=1520 task=19 subtask=Place the current item into cabinet2. keyframes=[]
2026-09-26 20:09:43,032 | INFO | [t=1700] VLM prompt update from step=1520: Place the current item into cabinet2.
2026-09-26 20:09:43,082 | INFO | [t=1700] VLA chunk prompt=Place the current item into cabinet2.
2026-09-26 20:09:43,486 | INFO | [t=1710] VLA chunk prompt=Place the current item into cabinet2.
2026-09-26 20:09:43,892 | INFO | [t=1720] VLA chunk prompt=Place the current item into cabinet2.
2026-09-26 20:09:44,294 | INFO | [t=1730] VLA chunk prompt=Place the current item into cabinet2.
2026-09-26 20:09:44,698 | INFO | [t=1740] VLA chunk prompt=Place the current item into cabinet2.
2026-09-26 20:09:45,102 | INFO | [t=1750] VLA chunk prompt=Place the current item into cabinet2.
2026-09-26 20:09:45,513 | INFO | [t=1760] VLA chunk prompt=Place the current item into cabinet2.
2026-09-26 20:09:45,919 | INFO | [t=1770] VLA chunk prompt=Place the current item into cabinet2.
2026-09-26 20:09:46,322 | INFO | [t=1780] VLA chunk prompt=Place the current item into cabinet2.
2026-09-26 20:09:46,727 | INFO | [t=1790] VLA chunk prompt=Place the current item into cabinet2.
2026-09-26 20:09:47,145 | INFO | [t=1800] VLA chunk prompt=Place the current item into cabinet2.
2026-09-26 20:09:47,564 | INFO | [t=1810] VLA chunk prompt=Place the current item into cabinet2.
2026-09-26 20:09:47,960 | INFO | [t=1820] VLA chunk prompt=Place the current item into cabinet2.
2026-09-26 20:09:48,362 | INFO | [t=1830] VLA chunk prompt=Place the current item into cabinet2.
2026-09-26 20:09:48,777 | INFO | [t=1840] VLA chunk prompt=Place the current item into cabinet2.
2026-09-26 20:09:49,172 | INFO | [t=1850] VLA chunk prompt=Place the current item into cabinet2.
2026-09-26 20:09:49,568 | INFO | [t=1860] VLA chunk prompt=Place the current item into cabinet2.
2026-09-26 20:09:49,965 | INFO | [t=1870] VLA chunk prompt=Place the current item into cabinet2.
2026-09-26 20:09:50,377 | INFO | [t=1880] VLA chunk prompt=Place the current item into cabinet2.
2026-09-26 20:09:50,602 | INFO | API VLM @t=1680 task=19 subtask=Place the currently carried object into cabinet2. keyframes=[]
2026-09-26 20:09:50,724 | INFO | [t=1890] VLM prompt update from step=1680: Place the currently carried object into cabinet2.
2026-09-26 20:09:50,775 | INFO | [t=1890] VLA chunk prompt=Place the currently carried object into cabinet2.
2026-09-26 20:09:51,171 | INFO | [t=1900] VLA chunk prompt=Place the currently carried object into cabinet2.
2026-09-26 20:09:51,568 | INFO | [t=1910] VLA chunk prompt=Place the currently carried object into cabinet2.
2026-09-26 20:09:51,966 | INFO | [t=1920] VLA chunk prompt=Place the currently carried object into cabinet2.
2026-09-26 20:09:52,363 | INFO | [t=1930] VLA chunk prompt=Place the currently carried object into cabinet2.
2026-09-26 20:09:52,767 | INFO | [t=1940] VLA chunk prompt=Place the currently carried object into cabinet2.
2026-09-26 20:09:53,169 | INFO | [t=1950] VLA chunk prompt=Place the currently carried object into cabinet2.
2026-09-26 20:09:53,574 | INFO | [t=1960] VLA chunk prompt=Place the currently carried object into cabinet2.
2026-09-26 20:09:53,979 | INFO | [t=1970] VLA chunk prompt=Place the currently carried object into cabinet2.
2026-09-26 20:09:54,381 | INFO | [t=1980] VLA chunk prompt=Place the currently carried object into cabinet2.
2026-09-26 20:09:54,786 | INFO | [t=1990] VLA chunk prompt=Place the currently carried object into cabinet2.
2026-09-26 20:09:55,191 | INFO | [t=2000] VLA chunk prompt=Place the currently carried object into cabinet2.
2026-09-26 20:09:55,597 | INFO | [t=2010] VLA chunk prompt=Place the currently carried object into cabinet2.
2026-09-26 20:09:56,002 | INFO | [t=2020] VLA chunk prompt=Place the currently carried object into cabinet2.
2026-09-26 20:09:56,419 | INFO | [t=2030] VLA chunk prompt=Place the currently carried object into cabinet2.
2026-09-26 20:09:56,833 | INFO | [t=2040] VLA chunk prompt=Place the currently carried object into cabinet2.
2026-09-26 20:09:57,248 | INFO | [t=2050] VLA chunk prompt=Place the currently carried object into cabinet2.
2026-09-26 20:09:57,665 | INFO | [t=2060] VLA chunk prompt=Place the currently carried object into cabinet2.
2026-09-26 20:09:58,080 | INFO | [t=2070] VLA chunk prompt=Place the currently carried object into cabinet2.
2026-09-26 20:09:58,470 | INFO | API VLM @t=1875 task=19 subtask=Place the held item into cabinet2. keyframes=[]
2026-09-26 20:09:58,495 | INFO | [t=2080] VLA chunk prompt=Place the currently carried object into cabinet2.
2026-09-26 20:09:58,852 | INFO | [t=2090] VLM prompt update from step=1875: Place the held item into cabinet2.
2026-09-26 20:09:58,902 | INFO | [t=2090] VLA chunk prompt=Place the held item into cabinet2.
2026-09-26 20:09:59,310 | INFO | [t=2100] VLA chunk prompt=Place the held item into cabinet2.
2026-09-26 20:09:59,717 | INFO | [t=2110] VLA chunk prompt=Place the held item into cabinet2.
2026-09-26 20:10:00,132 | INFO | [t=2120] VLA chunk prompt=Place the held item into cabinet2.
2026-09-26 20:10:00,513 | INFO | [t=2130] VLA chunk prompt=Place the held item into cabinet2.
2026-09-26 20:10:00,873 | INFO | [t=2140] VLA chunk prompt=Place the held item into cabinet2.
2026-09-26 20:10:01,216 | INFO | [t=2150] VLA chunk prompt=Place the held item into cabinet2.
2026-09-26 20:10:01,557 | INFO | [t=2160] VLA chunk prompt=Place the held item into cabinet2.
2026-09-26 20:10:01,903 | INFO | [t=2170] VLA chunk prompt=Place the held item into cabinet2.
2026-09-26 20:10:02,252 | INFO | [t=2180] VLA chunk prompt=Place the held item into cabinet2.
2026-09-26 20:10:02,600 | INFO | [t=2190] VLA chunk prompt=Place the held item into cabinet2.
2026-09-26 20:10:02,946 | INFO | [t=2200] VLA chunk prompt=Place the held item into cabinet2.
2026-09-26 20:10:03,290 | INFO | [t=2210] VLA chunk prompt=Place the held item into cabinet2.
2026-09-26 20:10:03,634 | INFO | [t=2220] VLA chunk prompt=Place the held item into cabinet2.
2026-09-26 20:10:03,978 | INFO | [t=2230] VLA chunk prompt=Place the held item into cabinet2.
2026-09-26 20:10:04,323 | INFO | [t=2240] VLA chunk prompt=Place the held item into cabinet2.
2026-09-26 20:10:04,670 | INFO | [t=2250] VLA chunk prompt=Place the held item into cabinet2.
2026-09-26 20:10:05,034 | INFO | [t=2260] VLA chunk prompt=Place the held item into cabinet2.
2026-09-26 20:10:05,396 | INFO | [t=2270] VLA chunk prompt=Place the held item into cabinet2.
2026-09-26 20:10:05,762 | INFO | [t=2280] VLA chunk prompt=Place the held item into cabinet2.
2026-09-26 20:10:06,114 | INFO | [t=2290] VLA chunk prompt=Place the held item into cabinet2.
2026-09-26 20:10:06,465 | INFO | [t=2300] VLA chunk prompt=Place the held item into cabinet2.
2026-09-26 20:10:06,817 | INFO | [t=2310] VLA chunk prompt=Place the held item into cabinet2.
2026-09-26 20:10:07,167 | INFO | [t=2320] VLA chunk prompt=Place the held item into cabinet2.
2026-09-26 20:10:07,519 | INFO | [t=2330] VLA chunk prompt=Place the held item into cabinet2.
2026-09-26 20:10:07,753 | INFO | API VLM @t=2070 task=19 subtask=Place the currently held item into cabinet2. keyframes=[]
2026-09-26 20:10:07,821 | INFO | [t=2340] VLM prompt update from step=2070: Place the currently held item into cabinet2.
2026-09-26 20:10:07,870 | INFO | [t=2340] VLA chunk prompt=Place the currently held item into cabinet2.
2026-09-26 20:10:08,221 | INFO | [t=2350] VLA chunk prompt=Place the currently held item into cabinet2.
2026-09-26 20:10:08,571 | INFO | [t=2360] VLA chunk prompt=Place the currently held item into cabinet2.
2026-09-26 20:10:08,923 | INFO | [t=2370] VLA chunk prompt=Place the currently held item into cabinet2.
2026-09-26 20:10:09,276 | INFO | [t=2380] VLA chunk prompt=Place the currently held item into cabinet2.
2026-09-26 20:10:09,635 | INFO | [t=2390] VLA chunk prompt=Place the currently held item into cabinet2.
2026-09-26 20:10:09,999 | INFO | [t=2400] VLA chunk prompt=Place the currently held item into cabinet2.
2026-09-26 20:10:10,362 | INFO | [t=2410] VLA chunk prompt=Place the currently held item into cabinet2.
2026-09-26 20:10:10,720 | INFO | [t=2420] VLA chunk prompt=Place the currently held item into cabinet2.
2026-09-26 20:10:11,077 | INFO | [t=2430] VLA chunk prompt=Place the currently held item into cabinet2.
2026-09-26 20:10:11,429 | INFO | [t=2440] VLA chunk prompt=Place the currently held item into cabinet2.
2026-09-26 20:10:11,779 | INFO | [t=2450] VLA chunk prompt=Place the currently held item into cabinet2.
2026-09-26 20:10:12,126 | INFO | [t=2460] VLA chunk prompt=Place the currently held item into cabinet2.
2026-09-26 20:10:12,475 | INFO | [t=2470] VLA chunk prompt=Place the currently held item into cabinet2.
2026-09-26 20:10:12,819 | INFO | [t=2480] VLA chunk prompt=Place the currently held item into cabinet2.
2026-09-26 20:10:13,167 | INFO | [t=2490] VLA chunk prompt=Place the currently held item into cabinet2.
2026-09-26 20:10:13,517 | INFO | [t=2500] VLA chunk prompt=Place the currently held item into cabinet2.
2026-09-26 20:10:16,839 | INFO | attempt=0 stage_score=33.3 stage_success=False failure_reason=incomplete_stage
2026-09-26 20:10:16,840 | INFO | Episode 6 seed=106 stage_score=33.3 stage_success=0 goal=0.333 failure_reason=incomplete_stage | 01_Place_Tomato_Sauce_Cabinet2=Y | 02_Place_Milk_Cabinet2=N | 03_Place_Orange_Juice_Cabinet2=N
2026-09-26 20:10:17,748 | INFO | API VLM @t=2325 task=19 subtask=Place the milk carton into cabinet2. keyframes=[]
