2026-09-27 12:52:35,553 | INFO | task_id=5 bddl=/project/peilab/why/RoboMemArena/bddl/5_butter_middle_drawer.bddl vlm_ckpt=/project/peilab/why/RoboMemArena/checkpoints/PrediMem/vlm_tasks1to26_ckpt74500
2026-09-27 12:52:35,558 | INFO | [redact] enabled task=5 registered_phrases=6 terms=['bottom drawer', 'bottom_drawer', 'middle drawer', 'middle_drawer', 'top drawer', 'top_drawer']
2026-09-27 12:52:36,686 | INFO | API VLM @t=2480 task=5 subtask=Pull the next drawer open to inspect its contents. keyframes=[]
2026-09-27 12:52:37,411 | INFO | async VLM enabled: single-slot subtask buffer
2026-09-27 12:52:37,617 | INFO | [redact] enabled task=5 registered_phrases=0 terms=['bottom drawer', 'bottom_drawer', 'middle drawer', 'middle_drawer', 'top drawer', 'top_drawer']
2026-09-27 12:52:37,671 | INFO | [t=10] VLA chunk prompt=Open all drawers in order, remember the empty drawer, then put butter into that empty drawer.
2026-09-27 12:52:37,955 | INFO | [t=20] VLA chunk prompt=Open all drawers in order, remember the empty drawer, then put butter into that empty drawer.
2026-09-27 12:52:38,236 | INFO | [t=30] VLA chunk prompt=Open all drawers in order, remember the empty drawer, then put butter into that empty drawer.
2026-09-27 12:52:38,521 | INFO | [t=40] VLA chunk prompt=Open all drawers in order, remember the empty drawer, then put butter into that empty drawer.
2026-09-27 12:52:38,800 | INFO | [t=50] VLA chunk prompt=Open all drawers in order, remember the empty drawer, then put butter into that empty drawer.
2026-09-27 12:52:39,076 | INFO | [t=60] VLA chunk prompt=Open all drawers in order, remember the empty drawer, then put butter into that empty drawer.
2026-09-27 12:52:39,353 | INFO | [t=70] VLA chunk prompt=Open all drawers in order, remember the empty drawer, then put butter into that empty drawer.
2026-09-27 12:52:39,637 | INFO | [t=80] VLA chunk prompt=Open all drawers in order, remember the empty drawer, then put butter into that empty drawer.
2026-09-27 12:52:39,931 | INFO | [t=90] VLA chunk prompt=Open all drawers in order, remember the empty drawer, then put butter into that empty drawer.
2026-09-27 12:52:40,222 | INFO | [t=100] VLA chunk prompt=Open all drawers in order, remember the empty drawer, then put butter into that empty drawer.
2026-09-27 12:52:40,554 | INFO | [t=110] VLA chunk prompt=Open all drawers in order, remember the empty drawer, then put butter into that empty drawer.
2026-09-27 12:52:40,884 | INFO | [t=120] VLA chunk prompt=Open all drawers in order, remember the empty drawer, then put butter into that empty drawer.
2026-09-27 12:52:41,207 | INFO | [t=130] VLA chunk prompt=Open all drawers in order, remember the empty drawer, then put butter into that empty drawer.
2026-09-27 12:52:41,535 | INFO | [t=140] VLA chunk prompt=Open all drawers in order, remember the empty drawer, then put butter into that empty drawer.
2026-09-27 12:52:41,864 | INFO | [t=150] VLA chunk prompt=Open all drawers in order, remember the empty drawer, then put butter into that empty drawer.
2026-09-27 12:52:42,196 | INFO | [t=160] VLA chunk prompt=Open all drawers in order, remember the empty drawer, then put butter into that empty drawer.
2026-09-27 12:52:42,530 | INFO | [t=170] VLA chunk prompt=Open all drawers in order, remember the empty drawer, then put butter into that empty drawer.
2026-09-27 12:52:42,871 | INFO | [t=180] VLA chunk prompt=Open all drawers in order, remember the empty drawer, then put butter into that empty drawer.
2026-09-27 12:52:43,225 | INFO | [t=190] VLA chunk prompt=Open all drawers in order, remember the empty drawer, then put butter into that empty drawer.
2026-09-27 12:52:43,305 | INFO | API VLM @t=0 task=5 subtask=Open the relevant drawer and inspect its contents. keyframes=[]
2026-09-27 12:52:43,307 | INFO | [redact] enabled task=5 registered_phrases=0 terms=['bottom drawer', 'bottom_drawer', 'middle drawer', 'middle_drawer', 'top drawer', 'top_drawer']
2026-09-27 12:52:43,535 | INFO | [t=200] VLM prompt update from step=0: Open the relevant drawer and inspect its contents.
2026-09-27 12:52:43,588 | INFO | [t=200] VLA chunk prompt=Open the relevant drawer and inspect its contents.
2026-09-27 12:52:43,952 | INFO | [t=210] VLA chunk prompt=Open the relevant drawer and inspect its contents.
2026-09-27 12:52:44,317 | INFO | [t=220] VLA chunk prompt=Open the relevant drawer and inspect its contents.
2026-09-27 12:52:44,684 | INFO | [t=230] VLA chunk prompt=Open the relevant drawer and inspect its contents.
2026-09-27 12:52:45,052 | INFO | [t=240] VLA chunk prompt=Open the relevant drawer and inspect its contents.
2026-09-27 12:52:45,427 | INFO | [t=250] VLA chunk prompt=Open the relevant drawer and inspect its contents.
2026-09-27 12:52:45,816 | INFO | [t=260] VLA chunk prompt=Open the relevant drawer and inspect its contents.
2026-09-27 12:52:46,204 | INFO | [t=270] VLA chunk prompt=Open the relevant drawer and inspect its contents.
2026-09-27 12:52:46,583 | INFO | [t=280] VLA chunk prompt=Open the relevant drawer and inspect its contents.
2026-09-27 12:52:46,960 | INFO | [t=290] VLA chunk prompt=Open the relevant drawer and inspect its contents.
2026-09-27 12:52:47,334 | INFO | [t=300] VLA chunk prompt=Open the relevant drawer and inspect its contents.
2026-09-27 12:52:47,708 | INFO | [t=310] VLA chunk prompt=Open the relevant drawer and inspect its contents.
2026-09-27 12:52:48,087 | INFO | [t=320] VLA chunk prompt=Open the relevant drawer and inspect its contents.
2026-09-27 12:52:48,469 | INFO | [t=330] VLA chunk prompt=Open the relevant drawer and inspect its contents.
2026-09-27 12:52:48,843 | INFO | [t=340] VLA chunk prompt=Open the relevant drawer and inspect its contents.
2026-09-27 12:52:49,141 | INFO | API VLM @t=180 task=5 subtask=Open the top drawer to inspect its contents. keyframes=[]
2026-09-27 12:52:49,143 | INFO | [redact] enabled task=5 registered_phrases=0 terms=['bottom drawer', 'bottom_drawer', 'middle drawer', 'middle_drawer', 'top drawer', 'top_drawer']
2026-09-27 12:52:49,161 | INFO | [t=350] VLM prompt update from step=180: Open the top drawer to inspect its contents.
2026-09-27 12:52:49,216 | INFO | [t=350] VLA chunk prompt=Open the top drawer to inspect its contents.
2026-09-27 12:52:49,583 | INFO | [t=360] VLA chunk prompt=Open the top drawer to inspect its contents.
2026-09-27 12:52:49,950 | INFO | [t=370] VLA chunk prompt=Open the top drawer to inspect its contents.
2026-09-27 12:52:50,323 | INFO | [t=380] VLA chunk prompt=Open the top drawer to inspect its contents.
2026-09-27 12:52:50,705 | INFO | [t=390] VLA chunk prompt=Open the top drawer to inspect its contents.
2026-09-27 12:52:51,083 | INFO | [t=400] VLA chunk prompt=Open the top drawer to inspect its contents.
2026-09-27 12:52:51,462 | INFO | [t=410] VLA chunk prompt=Open the top drawer to inspect its contents.
2026-09-27 12:52:51,840 | INFO | [t=420] VLA chunk prompt=Open the top drawer to inspect its contents.
2026-09-27 12:52:52,213 | INFO | [t=430] VLA chunk prompt=Open the top drawer to inspect its contents.
2026-09-27 12:52:52,584 | INFO | [t=440] VLA chunk prompt=Open the top drawer to inspect its contents.
2026-09-27 12:52:52,966 | INFO | [t=450] VLA chunk prompt=Open the top drawer to inspect its contents.
2026-09-27 12:52:53,344 | INFO | [t=460] VLA chunk prompt=Open the top drawer to inspect its contents.
2026-09-27 12:52:53,719 | INFO | [t=470] VLA chunk prompt=Open the top drawer to inspect its contents.
2026-09-27 12:52:54,094 | INFO | [t=480] VLA chunk prompt=Open the top drawer to inspect its contents.
2026-09-27 12:52:54,471 | INFO | [t=490] VLA chunk prompt=Open the top drawer to inspect its contents.
2026-09-27 12:52:54,845 | INFO | [t=500] VLA chunk prompt=Open the top drawer to inspect its contents.
2026-09-27 12:52:54,998 | INFO | API VLM @t=335 task=5 subtask=Open the drawer and inspect its contents. keyframes=[]
2026-09-27 12:52:55,000 | INFO | [redact] enabled task=5 registered_phrases=0 terms=['bottom drawer', 'bottom_drawer', 'middle drawer', 'middle_drawer', 'top drawer', 'top_drawer']
2026-09-27 12:52:55,174 | INFO | [t=510] VLM prompt update from step=335: Open the drawer and inspect its contents.
2026-09-27 12:52:55,227 | INFO | [t=510] VLA chunk prompt=Open the drawer and inspect its contents.
2026-09-27 12:52:55,617 | INFO | [t=520] VLA chunk prompt=Open the drawer and inspect its contents.
2026-09-27 12:52:55,998 | INFO | [t=530] VLA chunk prompt=Open the drawer and inspect its contents.
2026-09-27 12:52:56,386 | INFO | [t=540] VLA chunk prompt=Open the drawer and inspect its contents.
2026-09-27 12:52:56,767 | INFO | [t=550] VLA chunk prompt=Open the drawer and inspect its contents.
2026-09-27 12:52:57,146 | INFO | [t=560] VLA chunk prompt=Open the drawer and inspect its contents.
2026-09-27 12:52:57,525 | INFO | [t=570] VLA chunk prompt=Open the drawer and inspect its contents.
2026-09-27 12:52:57,902 | INFO | [t=580] VLA chunk prompt=Open the drawer and inspect its contents.
2026-09-27 12:52:58,288 | INFO | [t=590] VLA chunk prompt=Open the drawer and inspect its contents.
2026-09-27 12:52:58,666 | INFO | [t=600] VLA chunk prompt=Open the drawer and inspect its contents.
2026-09-27 12:52:59,046 | INFO | [t=610] VLA chunk prompt=Open the drawer and inspect its contents.
2026-09-27 12:52:59,302 | INFO | API VLM @t=490 task=5 subtask=Pull the top drawer open to inspect its contents. keyframes=[]
2026-09-27 12:52:59,305 | INFO | [redact] enabled task=5 registered_phrases=0 terms=['bottom drawer', 'bottom_drawer', 'middle drawer', 'middle_drawer', 'top drawer', 'top_drawer']
2026-09-27 12:52:59,367 | INFO | [t=620] VLM prompt update from step=490: Pull the top drawer open to inspect its contents.
2026-09-27 12:52:59,420 | INFO | [t=620] VLA chunk prompt=Pull the top drawer open to inspect its contents.
2026-09-27 12:52:59,789 | INFO | [t=630] VLA chunk prompt=Pull the top drawer open to inspect its contents.
2026-09-27 12:53:00,157 | INFO | [t=640] VLA chunk prompt=Pull the top drawer open to inspect its contents.
2026-09-27 12:53:00,526 | INFO | [t=650] VLA chunk prompt=Pull the top drawer open to inspect its contents.
2026-09-27 12:53:00,894 | INFO | [t=660] VLA chunk prompt=Pull the top drawer open to inspect its contents.
2026-09-27 12:53:01,264 | INFO | [t=670] VLA chunk prompt=Pull the top drawer open to inspect its contents.
2026-09-27 12:53:01,651 | INFO | [t=680] VLA chunk prompt=Pull the top drawer open to inspect its contents.
2026-09-27 12:53:02,027 | INFO | [t=690] VLA chunk prompt=Pull the top drawer open to inspect its contents.
2026-09-27 12:53:02,397 | INFO | [t=700] VLA chunk prompt=Pull the top drawer open to inspect its contents.
2026-09-27 12:53:02,765 | INFO | [t=710] VLA chunk prompt=Pull the top drawer open to inspect its contents.
2026-09-27 12:53:03,134 | INFO | [t=720] VLA chunk prompt=Pull the top drawer open to inspect its contents.
2026-09-27 12:53:03,506 | INFO | [t=730] VLA chunk prompt=Pull the top drawer open to inspect its contents.
2026-09-27 12:53:03,878 | INFO | [t=740] VLA chunk prompt=Pull the top drawer open to inspect its contents.
2026-09-27 12:53:04,256 | INFO | [t=750] VLA chunk prompt=Pull the top drawer open to inspect its contents.
2026-09-27 12:53:04,628 | INFO | [t=760] VLA chunk prompt=Pull the top drawer open to inspect its contents.
2026-09-27 12:53:04,992 | INFO | API VLM @t=605 task=5 subtask=Pull the next drawer open to inspect its contents. keyframes=[]
2026-09-27 12:53:04,994 | INFO | [t=770] VLA chunk prompt=Pull the top drawer open to inspect its contents.
2026-09-27 12:53:04,995 | INFO | [redact] enabled task=5 registered_phrases=0 terms=['bottom drawer', 'bottom_drawer', 'middle drawer', 'middle_drawer', 'top drawer', 'top_drawer']
2026-09-27 12:53:05,320 | INFO | [t=780] VLM prompt update from step=605: Pull the next drawer open to inspect its contents.
2026-09-27 12:53:05,371 | INFO | [t=780] VLA chunk prompt=Pull the next drawer open to inspect its contents.
2026-09-27 12:53:05,744 | INFO | [t=790] VLA chunk prompt=Pull the next drawer open to inspect its contents.
2026-09-27 12:53:06,124 | INFO | [t=800] VLA chunk prompt=Pull the next drawer open to inspect its contents.
2026-09-27 12:53:06,515 | INFO | [t=810] VLA chunk prompt=Pull the next drawer open to inspect its contents.
2026-09-27 12:53:06,906 | INFO | [t=820] VLA chunk prompt=Pull the next drawer open to inspect its contents.
2026-09-27 12:53:07,281 | INFO | [t=830] VLA chunk prompt=Pull the next drawer open to inspect its contents.
2026-09-27 12:53:07,652 | INFO | [t=840] VLA chunk prompt=Pull the next drawer open to inspect its contents.
2026-09-27 12:53:08,026 | INFO | [t=850] VLA chunk prompt=Pull the next drawer open to inspect its contents.
2026-09-27 12:53:08,400 | INFO | [t=860] VLA chunk prompt=Pull the next drawer open to inspect its contents.
2026-09-27 12:53:08,770 | INFO | [t=870] VLA chunk prompt=Pull the next drawer open to inspect its contents.
2026-09-27 12:53:09,151 | INFO | [t=880] VLA chunk prompt=Pull the next drawer open to inspect its contents.
2026-09-27 12:53:09,525 | INFO | [t=890] VLA chunk prompt=Pull the next drawer open to inspect its contents.
2026-09-27 12:53:09,897 | INFO | [t=900] VLA chunk prompt=Pull the next drawer open to inspect its contents.
2026-09-27 12:53:10,084 | INFO | API VLM @t=760 task=5 subtask=Open the next drawer in order and inspect its contents. keyframes=[]
2026-09-27 12:53:10,086 | INFO | [redact] enabled task=5 registered_phrases=0 terms=['bottom drawer', 'bottom_drawer', 'middle drawer', 'middle_drawer', 'top drawer', 'top_drawer']
2026-09-27 12:53:10,213 | INFO | [t=910] VLM prompt update from step=760: Open the next drawer in order and inspect its contents.
2026-09-27 12:53:10,264 | INFO | [t=910] VLA chunk prompt=Open the next drawer in order and inspect its contents.
2026-09-27 12:53:10,624 | INFO | [t=920] VLA chunk prompt=Open the next drawer in order and inspect its contents.
2026-09-27 12:53:10,986 | INFO | [t=930] VLA chunk prompt=Open the next drawer in order and inspect its contents.
2026-09-27 12:53:11,360 | INFO | [t=940] VLA chunk prompt=Open the next drawer in order and inspect its contents.
2026-09-27 12:53:11,723 | INFO | [t=950] VLA chunk prompt=Open the next drawer in order and inspect its contents.
2026-09-27 12:53:12,084 | INFO | [t=960] VLA chunk prompt=Open the next drawer in order and inspect its contents.
2026-09-27 12:53:12,449 | INFO | [t=970] VLA chunk prompt=Open the next drawer in order and inspect its contents.
2026-09-27 12:53:12,816 | INFO | [t=980] VLA chunk prompt=Open the next drawer in order and inspect its contents.
2026-09-27 12:53:13,185 | INFO | [t=990] VLA chunk prompt=Open the next drawer in order and inspect its contents.
2026-09-27 12:53:13,567 | INFO | [t=1000] VLA chunk prompt=Open the next drawer in order and inspect its contents.
2026-09-27 12:53:13,963 | INFO | [t=1010] VLA chunk prompt=Open the next drawer in order and inspect its contents.
2026-09-27 12:53:14,345 | INFO | [t=1020] VLA chunk prompt=Open the next drawer in order and inspect its contents.
2026-09-27 12:53:14,720 | INFO | [t=1030] VLA chunk prompt=Open the next drawer in order and inspect its contents.
2026-09-27 12:53:15,088 | INFO | [t=1040] VLA chunk prompt=Open the next drawer in order and inspect its contents.
2026-09-27 12:53:15,455 | INFO | [t=1050] VLA chunk prompt=Open the next drawer in order and inspect its contents.
2026-09-27 12:53:15,824 | INFO | [t=1060] VLA chunk prompt=Open the next drawer in order and inspect its contents.
2026-09-27 12:53:16,199 | INFO | [t=1070] VLA chunk prompt=Open the next drawer in order and inspect its contents.
2026-09-27 12:53:16,584 | INFO | [t=1080] VLA chunk prompt=Open the next drawer in order and inspect its contents.
2026-09-27 12:53:16,600 | INFO | API VLM @t=895 task=5 subtask=Open the next drawer in order and inspect its contents. keyframes=[]
2026-09-27 12:53:16,602 | INFO | [redact] enabled task=5 registered_phrases=0 terms=['bottom drawer', 'bottom_drawer', 'middle drawer', 'middle_drawer', 'top drawer', 'top_drawer']
2026-09-27 12:53:16,960 | INFO | [t=1090] VLA chunk prompt=Open the next drawer in order and inspect its contents.
2026-09-27 12:53:17,336 | INFO | [t=1100] VLA chunk prompt=Open the next drawer in order and inspect its contents.
2026-09-27 12:53:17,708 | INFO | [t=1110] VLA chunk prompt=Open the next drawer in order and inspect its contents.
2026-09-27 12:53:18,083 | INFO | [t=1120] VLA chunk prompt=Open the next drawer in order and inspect its contents.
2026-09-27 12:53:18,464 | INFO | [t=1130] VLA chunk prompt=Open the next drawer in order and inspect its contents.
2026-09-27 12:53:18,851 | INFO | [t=1140] VLA chunk prompt=Open the next drawer in order and inspect its contents.
2026-09-27 12:53:19,240 | INFO | [t=1150] VLA chunk prompt=Open the next drawer in order and inspect its contents.
2026-09-27 12:53:19,637 | INFO | [t=1160] VLA chunk prompt=Open the next drawer in order and inspect its contents.
2026-09-27 12:53:20,031 | INFO | [t=1170] VLA chunk prompt=Open the next drawer in order and inspect its contents.
2026-09-27 12:53:20,426 | INFO | [t=1180] VLA chunk prompt=Open the next drawer in order and inspect its contents.
2026-09-27 12:53:20,813 | INFO | [t=1190] VLA chunk prompt=Open the next drawer in order and inspect its contents.
2026-09-27 12:53:21,198 | INFO | [t=1200] VLA chunk prompt=Open the next drawer in order and inspect its contents.
2026-09-27 12:53:21,487 | INFO | API VLM @t=1070 task=5 subtask=Open the next drawer in order and inspect its contents. keyframes=[]
2026-09-27 12:53:21,490 | INFO | [redact] enabled task=5 registered_phrases=0 terms=['bottom drawer', 'bottom_drawer', 'middle drawer', 'middle_drawer', 'top drawer', 'top_drawer']
2026-09-27 12:53:21,584 | INFO | [t=1210] VLA chunk prompt=Open the next drawer in order and inspect its contents.
2026-09-27 12:53:21,970 | INFO | [t=1220] VLA chunk prompt=Open the next drawer in order and inspect its contents.
2026-09-27 12:53:22,360 | INFO | [t=1230] VLA chunk prompt=Open the next drawer in order and inspect its contents.
2026-09-27 12:53:22,743 | INFO | [t=1240] VLA chunk prompt=Open the next drawer in order and inspect its contents.
2026-09-27 12:53:23,124 | INFO | [t=1250] VLA chunk prompt=Open the next drawer in order and inspect its contents.
2026-09-27 12:53:23,509 | INFO | [t=1260] VLA chunk prompt=Open the next drawer in order and inspect its contents.
2026-09-27 12:53:23,897 | INFO | [t=1270] VLA chunk prompt=Open the next drawer in order and inspect its contents.
2026-09-27 12:53:24,287 | INFO | [t=1280] VLA chunk prompt=Open the next drawer in order and inspect its contents.
2026-09-27 12:53:24,686 | INFO | [t=1290] VLA chunk prompt=Open the next drawer in order and inspect its contents.
2026-09-27 12:53:25,076 | INFO | [t=1300] VLA chunk prompt=Open the next drawer in order and inspect its contents.
2026-09-27 12:53:25,471 | INFO | [t=1310] VLA chunk prompt=Open the next drawer in order and inspect its contents.
2026-09-27 12:53:25,865 | INFO | [t=1320] VLA chunk prompt=Open the next drawer in order and inspect its contents.
2026-09-27 12:53:26,257 | INFO | [t=1330] VLA chunk prompt=Open the next drawer in order and inspect its contents.
2026-09-27 12:53:26,647 | INFO | [t=1340] VLA chunk prompt=Open the next drawer in order and inspect its contents.
2026-09-27 12:53:27,045 | INFO | [t=1350] VLA chunk prompt=Open the next drawer in order and inspect its contents.
2026-09-27 12:53:27,449 | INFO | [t=1360] VLA chunk prompt=Open the next drawer in order and inspect its contents.
2026-09-27 12:53:27,855 | INFO | [t=1370] VLA chunk prompt=Open the next drawer in order and inspect its contents.
2026-09-27 12:53:27,923 | INFO | API VLM @t=1195 task=5 subtask=Grasp the next drawer’s handle and pull it open to inspect its contents. keyframes=[]
2026-09-27 12:53:27,925 | INFO | [redact] enabled task=5 registered_phrases=0 terms=['bottom drawer', 'bottom_drawer', 'middle drawer', 'middle_drawer', 'top drawer', 'top_drawer']
2026-09-27 12:53:28,212 | INFO | [t=1380] VLM prompt update from step=1195: Grasp the next drawer’s handle and pull it open to inspect its contents.
2026-09-27 12:53:28,264 | INFO | [t=1380] VLA chunk prompt=Grasp the next drawer’s handle and pull it open to inspect its contents.
2026-09-27 12:53:28,658 | INFO | [t=1390] VLA chunk prompt=Grasp the next drawer’s handle and pull it open to inspect its contents.
2026-09-27 12:53:29,048 | INFO | [t=1400] VLA chunk prompt=Grasp the next drawer’s handle and pull it open to inspect its contents.
2026-09-27 12:53:29,446 | INFO | [t=1410] VLA chunk prompt=Grasp the next drawer’s handle and pull it open to inspect its contents.
2026-09-27 12:53:29,840 | INFO | [t=1420] VLA chunk prompt=Grasp the next drawer’s handle and pull it open to inspect its contents.
2026-09-27 12:53:30,224 | INFO | [t=1430] VLA chunk prompt=Grasp the next drawer’s handle and pull it open to inspect its contents.
2026-09-27 12:53:30,599 | INFO | [t=1440] VLA chunk prompt=Grasp the next drawer’s handle and pull it open to inspect its contents.
2026-09-27 12:53:30,970 | INFO | [t=1450] VLA chunk prompt=Grasp the next drawer’s handle and pull it open to inspect its contents.
2026-09-27 12:53:31,338 | INFO | [t=1460] VLA chunk prompt=Grasp the next drawer’s handle and pull it open to inspect its contents.
2026-09-27 12:53:31,715 | INFO | [t=1470] VLA chunk prompt=Grasp the next drawer’s handle and pull it open to inspect its contents.
2026-09-27 12:53:32,096 | INFO | [t=1480] VLA chunk prompt=Grasp the next drawer’s handle and pull it open to inspect its contents.
2026-09-27 12:53:32,463 | INFO | [t=1490] VLA chunk prompt=Grasp the next drawer’s handle and pull it open to inspect its contents.
2026-09-27 12:53:32,824 | INFO | [t=1500] VLA chunk prompt=Grasp the next drawer’s handle and pull it open to inspect its contents.
2026-09-27 12:53:33,181 | INFO | [t=1510] VLA chunk prompt=Grasp the next drawer’s handle and pull it open to inspect its contents.
2026-09-27 12:53:33,539 | INFO | [t=1520] VLA chunk prompt=Grasp the next drawer’s handle and pull it open to inspect its contents.
2026-09-27 12:53:33,904 | INFO | [t=1530] VLA chunk prompt=Grasp the next drawer’s handle and pull it open to inspect its contents.
2026-09-27 12:53:34,093 | INFO | API VLM @t=1360 task=5 subtask=Pull open the next drawer in order and inspect its contents. keyframes=[]
2026-09-27 12:53:34,095 | INFO | [redact] enabled task=5 registered_phrases=0 terms=['bottom drawer', 'bottom_drawer', 'middle drawer', 'middle_drawer', 'top drawer', 'top_drawer']
2026-09-27 12:53:34,219 | INFO | [t=1540] VLM prompt update from step=1360: Pull open the next drawer in order and inspect its contents.
2026-09-27 12:53:34,272 | INFO | [t=1540] VLA chunk prompt=Pull open the next drawer in order and inspect its contents.
2026-09-27 12:53:34,656 | INFO | [t=1550] VLA chunk prompt=Pull open the next drawer in order and inspect its contents.
2026-09-27 12:53:35,031 | INFO | [t=1560] VLA chunk prompt=Pull open the next drawer in order and inspect its contents.
2026-09-27 12:53:35,412 | INFO | [t=1570] VLA chunk prompt=Pull open the next drawer in order and inspect its contents.
2026-09-27 12:53:35,787 | INFO | [t=1580] VLA chunk prompt=Pull open the next drawer in order and inspect its contents.
2026-09-27 12:53:36,159 | INFO | [t=1590] VLA chunk prompt=Pull open the next drawer in order and inspect its contents.
2026-09-27 12:53:36,531 | INFO | [t=1600] VLA chunk prompt=Pull open the next drawer in order and inspect its contents.
2026-09-27 12:53:36,906 | INFO | [t=1610] VLA chunk prompt=Pull open the next drawer in order and inspect its contents.
2026-09-27 12:53:37,285 | INFO | [t=1620] VLA chunk prompt=Pull open the next drawer in order and inspect its contents.
2026-09-27 12:53:37,659 | INFO | [t=1630] VLA chunk prompt=Pull open the next drawer in order and inspect its contents.
2026-09-27 12:53:38,028 | INFO | [t=1640] VLA chunk prompt=Pull open the next drawer in order and inspect its contents.
2026-09-27 12:53:38,395 | INFO | [t=1650] VLA chunk prompt=Pull open the next drawer in order and inspect its contents.
2026-09-27 12:53:38,765 | INFO | [t=1660] VLA chunk prompt=Pull open the next drawer in order and inspect its contents.
2026-09-27 12:53:39,140 | INFO | [t=1670] VLA chunk prompt=Pull open the next drawer in order and inspect its contents.
2026-09-27 12:53:39,525 | INFO | [t=1680] VLA chunk prompt=Pull open the next drawer in order and inspect its contents.
2026-09-27 12:53:39,918 | INFO | [t=1690] VLA chunk prompt=Pull open the next drawer in order and inspect its contents.
2026-09-27 12:53:39,951 | INFO | API VLM @t=1525 task=5 subtask=Grip the next drawer handle and pull the drawer open to inspect its contents. keyframes=[]
2026-09-27 12:53:39,954 | INFO | [redact] enabled task=5 registered_phrases=0 terms=['bottom drawer', 'bottom_drawer', 'middle drawer', 'middle_drawer', 'top drawer', 'top_drawer']
2026-09-27 12:53:40,262 | INFO | [t=1700] VLM prompt update from step=1525: Grip the next drawer handle and pull the drawer open to inspect its contents.
2026-09-27 12:53:40,315 | INFO | [t=1700] VLA chunk prompt=Grip the next drawer handle and pull the drawer open to inspect its contents.
2026-09-27 12:53:40,715 | INFO | [t=1710] VLA chunk prompt=Grip the next drawer handle and pull the drawer open to inspect its contents.
2026-09-27 12:53:41,104 | INFO | [t=1720] VLA chunk prompt=Grip the next drawer handle and pull the drawer open to inspect its contents.
2026-09-27 12:53:41,482 | INFO | [t=1730] VLA chunk prompt=Grip the next drawer handle and pull the drawer open to inspect its contents.
2026-09-27 12:53:41,865 | INFO | [t=1740] VLA chunk prompt=Grip the next drawer handle and pull the drawer open to inspect its contents.
2026-09-27 12:53:42,255 | INFO | [t=1750] VLA chunk prompt=Grip the next drawer handle and pull the drawer open to inspect its contents.
2026-09-27 12:53:42,634 | INFO | [t=1760] VLA chunk prompt=Grip the next drawer handle and pull the drawer open to inspect its contents.
2026-09-27 12:53:43,020 | INFO | [t=1770] VLA chunk prompt=Grip the next drawer handle and pull the drawer open to inspect its contents.
2026-09-27 12:53:43,400 | INFO | [t=1780] VLA chunk prompt=Grip the next drawer handle and pull the drawer open to inspect its contents.
2026-09-27 12:53:43,774 | INFO | [t=1790] VLA chunk prompt=Grip the next drawer handle and pull the drawer open to inspect its contents.
2026-09-27 12:53:44,146 | INFO | [t=1800] VLA chunk prompt=Grip the next drawer handle and pull the drawer open to inspect its contents.
2026-09-27 12:53:44,520 | INFO | [t=1810] VLA chunk prompt=Grip the next drawer handle and pull the drawer open to inspect its contents.
2026-09-27 12:53:44,898 | INFO | [t=1820] VLA chunk prompt=Grip the next drawer handle and pull the drawer open to inspect its contents.
2026-09-27 12:53:45,281 | INFO | [t=1830] VLA chunk prompt=Grip the next drawer handle and pull the drawer open to inspect its contents.
2026-09-27 12:53:45,317 | INFO | API VLM @t=1680 task=5 subtask=Pull the next drawer open farther to inspect its contents. keyframes=[]
2026-09-27 12:53:45,321 | INFO | [redact] enabled task=5 registered_phrases=0 terms=['bottom drawer', 'bottom_drawer', 'middle drawer', 'middle_drawer', 'top drawer', 'top_drawer']
2026-09-27 12:53:45,607 | INFO | [t=1840] VLM prompt update from step=1680: Pull the next drawer open farther to inspect its contents.
2026-09-27 12:53:45,660 | INFO | [t=1840] VLA chunk prompt=Pull the next drawer open farther to inspect its contents.
2026-09-27 12:53:46,031 | INFO | [t=1850] VLA chunk prompt=Pull the next drawer open farther to inspect its contents.
2026-09-27 12:53:46,398 | INFO | [t=1860] VLA chunk prompt=Pull the next drawer open farther to inspect its contents.
2026-09-27 12:53:46,762 | INFO | [t=1870] VLA chunk prompt=Pull the next drawer open farther to inspect its contents.
2026-09-27 12:53:47,126 | INFO | [t=1880] VLA chunk prompt=Pull the next drawer open farther to inspect its contents.
2026-09-27 12:53:47,499 | INFO | [t=1890] VLA chunk prompt=Pull the next drawer open farther to inspect its contents.
2026-09-27 12:53:47,880 | INFO | [t=1900] VLA chunk prompt=Pull the next drawer open farther to inspect its contents.
2026-09-27 12:53:48,258 | INFO | [t=1910] VLA chunk prompt=Pull the next drawer open farther to inspect its contents.
2026-09-27 12:53:48,648 | INFO | [t=1920] VLA chunk prompt=Pull the next drawer open farther to inspect its contents.
2026-09-27 12:53:49,039 | INFO | [t=1930] VLA chunk prompt=Pull the next drawer open farther to inspect its contents.
2026-09-27 12:53:49,423 | INFO | [t=1940] VLA chunk prompt=Pull the next drawer open farther to inspect its contents.
2026-09-27 12:53:49,799 | INFO | [t=1950] VLA chunk prompt=Pull the next drawer open farther to inspect its contents.
2026-09-27 12:53:50,177 | INFO | [t=1960] VLA chunk prompt=Pull the next drawer open farther to inspect its contents.
2026-09-27 12:53:50,549 | INFO | [t=1970] VLA chunk prompt=Pull the next drawer open farther to inspect its contents.
2026-09-27 12:53:50,695 | INFO | API VLM @t=1820 task=5 subtask=Open the next drawer in order. keyframes=[]
2026-09-27 12:53:50,697 | INFO | [redact] enabled task=5 registered_phrases=0 terms=['bottom drawer', 'bottom_drawer', 'middle drawer', 'middle_drawer', 'top drawer', 'top_drawer']
2026-09-27 12:53:50,868 | INFO | [t=1980] VLM prompt update from step=1820: Open the next drawer in order.
2026-09-27 12:53:50,921 | INFO | [t=1980] VLA chunk prompt=Open the next drawer in order.
2026-09-27 12:53:51,286 | INFO | [t=1990] VLA chunk prompt=Open the next drawer in order.
2026-09-27 12:53:51,650 | INFO | [t=2000] VLA chunk prompt=Open the next drawer in order.
2026-09-27 12:53:52,019 | INFO | [t=2010] VLA chunk prompt=Open the next drawer in order.
2026-09-27 12:53:52,391 | INFO | [t=2020] VLA chunk prompt=Open the next drawer in order.
2026-09-27 12:53:52,775 | INFO | [t=2030] VLA chunk prompt=Open the next drawer in order.
2026-09-27 12:53:53,151 | INFO | [t=2040] VLA chunk prompt=Open the next drawer in order.
2026-09-27 12:53:53,523 | INFO | [t=2050] VLA chunk prompt=Open the next drawer in order.
2026-09-27 12:53:53,892 | INFO | [t=2060] VLA chunk prompt=Open the next drawer in order.
2026-09-27 12:53:54,255 | INFO | [t=2070] VLA chunk prompt=Open the next drawer in order.
2026-09-27 12:53:54,619 | INFO | [t=2080] VLA chunk prompt=Open the next drawer in order.
2026-09-27 12:53:54,995 | INFO | [t=2090] VLA chunk prompt=Open the next drawer in order.
2026-09-27 12:53:55,366 | INFO | [t=2100] VLA chunk prompt=Open the next drawer in order.
2026-09-27 12:53:55,739 | INFO | [t=2110] VLA chunk prompt=Open the next drawer in order.
2026-09-27 12:53:56,114 | INFO | [t=2120] VLA chunk prompt=Open the next drawer in order.
2026-09-27 12:53:56,265 | INFO | API VLM @t=1960 task=5 subtask=Pull the next drawer open to inspect its contents. keyframes=[]
2026-09-27 12:53:56,268 | INFO | [redact] enabled task=5 registered_phrases=0 terms=['bottom drawer', 'bottom_drawer', 'middle drawer', 'middle_drawer', 'top drawer', 'top_drawer']
2026-09-27 12:53:56,438 | INFO | [t=2130] VLM prompt update from step=1960: Pull the next drawer open to inspect its contents.
2026-09-27 12:53:56,490 | INFO | [t=2130] VLA chunk prompt=Pull the next drawer open to inspect its contents.
2026-09-27 12:53:56,858 | INFO | [t=2140] VLA chunk prompt=Pull the next drawer open to inspect its contents.
2026-09-27 12:53:57,230 | INFO | [t=2150] VLA chunk prompt=Pull the next drawer open to inspect its contents.
2026-09-27 12:53:57,610 | INFO | [t=2160] VLA chunk prompt=Pull the next drawer open to inspect its contents.
2026-09-27 12:53:57,980 | INFO | [t=2170] VLA chunk prompt=Pull the next drawer open to inspect its contents.
2026-09-27 12:53:58,346 | INFO | [t=2180] VLA chunk prompt=Pull the next drawer open to inspect its contents.
2026-09-27 12:53:58,706 | INFO | [t=2190] VLA chunk prompt=Pull the next drawer open to inspect its contents.
2026-09-27 12:53:59,063 | INFO | [t=2200] VLA chunk prompt=Pull the next drawer open to inspect its contents.
2026-09-27 12:53:59,417 | INFO | [t=2210] VLA chunk prompt=Pull the next drawer open to inspect its contents.
2026-09-27 12:53:59,771 | INFO | [t=2220] VLA chunk prompt=Pull the next drawer open to inspect its contents.
2026-09-27 12:54:00,130 | INFO | [t=2230] VLA chunk prompt=Pull the next drawer open to inspect its contents.
2026-09-27 12:54:00,488 | INFO | [t=2240] VLA chunk prompt=Pull the next drawer open to inspect its contents.
2026-09-27 12:54:00,848 | INFO | [t=2250] VLA chunk prompt=Pull the next drawer open to inspect its contents.
2026-09-27 12:54:01,218 | INFO | [t=2260] VLA chunk prompt=Pull the next drawer open to inspect its contents.
2026-09-27 12:54:01,523 | INFO | API VLM @t=2110 task=5 subtask=Pull the next drawer open to inspect its contents. keyframes=[]
2026-09-27 12:54:01,525 | INFO | [redact] enabled task=5 registered_phrases=0 terms=['bottom drawer', 'bottom_drawer', 'middle drawer', 'middle_drawer', 'top drawer', 'top_drawer']
2026-09-27 12:54:01,584 | INFO | [t=2270] VLA chunk prompt=Pull the next drawer open to inspect its contents.
2026-09-27 12:54:01,954 | INFO | [t=2280] VLA chunk prompt=Pull the next drawer open to inspect its contents.
2026-09-27 12:54:02,323 | INFO | [t=2290] VLA chunk prompt=Pull the next drawer open to inspect its contents.
2026-09-27 12:54:02,697 | INFO | [t=2300] VLA chunk prompt=Pull the next drawer open to inspect its contents.
2026-09-27 12:54:03,063 | INFO | [t=2310] VLA chunk prompt=Pull the next drawer open to inspect its contents.
2026-09-27 12:54:03,443 | INFO | [t=2320] VLA chunk prompt=Pull the next drawer open to inspect its contents.
2026-09-27 12:54:03,815 | INFO | [t=2330] VLA chunk prompt=Pull the next drawer open to inspect its contents.
2026-09-27 12:54:04,205 | INFO | [t=2340] VLA chunk prompt=Pull the next drawer open to inspect its contents.
2026-09-27 12:54:04,581 | INFO | [t=2350] VLA chunk prompt=Pull the next drawer open to inspect its contents.
2026-09-27 12:54:04,952 | INFO | [t=2360] VLA chunk prompt=Pull the next drawer open to inspect its contents.
2026-09-27 12:54:05,313 | INFO | [t=2370] VLA chunk prompt=Pull the next drawer open to inspect its contents.
2026-09-27 12:54:05,671 | INFO | [t=2380] VLA chunk prompt=Pull the next drawer open to inspect its contents.
2026-09-27 12:54:06,036 | INFO | [t=2390] VLA chunk prompt=Pull the next drawer open to inspect its contents.
2026-09-27 12:54:06,380 | INFO | [t=2400] VLA chunk prompt=Pull the next drawer open to inspect its contents.
2026-09-27 12:54:06,715 | INFO | [t=2410] VLA chunk prompt=Pull the next drawer open to inspect its contents.
2026-09-27 12:54:06,836 | INFO | API VLM @t=2255 task=5 subtask=Pull the top drawer open to inspect its contents. keyframes=[]
2026-09-27 12:54:06,839 | INFO | [redact] enabled task=5 registered_phrases=0 terms=['bottom drawer', 'bottom_drawer', 'middle drawer', 'middle_drawer', 'top drawer', 'top_drawer']
2026-09-27 12:54:06,998 | INFO | [t=2420] VLM prompt update from step=2255: Pull the top drawer open to inspect its contents.
2026-09-27 12:54:07,050 | INFO | [t=2420] VLA chunk prompt=Pull the top drawer open to inspect its contents.
2026-09-27 12:54:07,379 | INFO | [t=2430] VLA chunk prompt=Pull the top drawer open to inspect its contents.
2026-09-27 12:54:07,707 | INFO | [t=2440] VLA chunk prompt=Pull the top drawer open to inspect its contents.
2026-09-27 12:54:08,050 | INFO | [t=2450] VLA chunk prompt=Pull the top drawer open to inspect its contents.
2026-09-27 12:54:08,404 | INFO | [t=2460] VLA chunk prompt=Pull the top drawer open to inspect its contents.
2026-09-27 12:54:08,767 | INFO | [t=2470] VLA chunk prompt=Pull the top drawer open to inspect its contents.
2026-09-27 12:54:09,124 | INFO | [t=2480] VLA chunk prompt=Pull the top drawer open to inspect its contents.
2026-09-27 12:54:09,484 | INFO | [t=2490] VLA chunk prompt=Pull the top drawer open to inspect its contents.
2026-09-27 12:54:09,842 | INFO | [t=2500] VLA chunk prompt=Pull the top drawer open to inspect its contents.
2026-09-27 12:54:11,405 | INFO | API VLM @t=2400 task=5 subtask=Pull the next drawer open to inspect its contents. keyframes=[]
2026-09-27 12:54:11,423 | INFO | attempt=0 stage_score=0.0 stage_success=False failure_reason=incomplete_stage
2026-09-27 12:54:11,423 | INFO | Episode 7 seed=107 stage_score=0.0 stage_success=0 goal=0.000 failure_reason=incomplete_stage | 01_Open_Top_Drawer=N | 02_Close_Top_Drawer=N | 03_Open_Middle_Drawer=N | 04_Close_Middle_Drawer=N | 05_Open_Bottom_Drawer=N | 06_Close_Bottom_Drawer=N | 07_Open_Middle_Drawer_Again=N | 08_Put_Butter_Middle_Drawer=N | 09_Close_Middle_Drawer_Final=N
