2026-09-18 13:02:44,224 | INFO | task_id=5 bddl=/project/peilab/why/RoboMemArena/bddl/5_butter_middle_drawer.bddl vlm_ckpt=/project/peilab/why/RoboMemArena/checkpoints/PrediMem/vlm_tasks1to26_ckpt74500
2026-09-18 13:02:46,257 | INFO | async VLM enabled: single-slot subtask buffer
2026-09-18 13:02:46,528 | INFO | [t=10] VLA chunk prompt=Open all drawers in order, remember the empty drawer, then put butter into that empty drawer.
2026-09-18 13:02:46,815 | INFO | [t=20] VLA chunk prompt=Open all drawers in order, remember the empty drawer, then put butter into that empty drawer.
2026-09-18 13:02:47,099 | INFO | [t=30] VLA chunk prompt=Open all drawers in order, remember the empty drawer, then put butter into that empty drawer.
2026-09-18 13:02:47,380 | INFO | [t=40] VLA chunk prompt=Open all drawers in order, remember the empty drawer, then put butter into that empty drawer.
2026-09-18 13:02:47,662 | INFO | [t=50] VLA chunk prompt=Open all drawers in order, remember the empty drawer, then put butter into that empty drawer.
2026-09-18 13:02:47,943 | INFO | [t=60] VLA chunk prompt=Open all drawers in order, remember the empty drawer, then put butter into that empty drawer.
2026-09-18 13:02:48,224 | INFO | [t=70] VLA chunk prompt=Open all drawers in order, remember the empty drawer, then put butter into that empty drawer.
2026-09-18 13:02:48,456 | INFO | [t=80] harness subtask override: open top drawer
2026-09-18 13:02:48,456 | INFO | [t=80] VLM prompt update from step=-1: open top drawer
2026-09-18 13:02:48,456 | INFO | [t=80] harness forced VLM replan after stall (pmh visual retrieve armed)
2026-09-18 13:02:48,507 | INFO | [t=80] VLA chunk prompt=open top drawer
2026-09-18 13:02:48,796 | INFO | [t=90] VLA chunk prompt=open top drawer
2026-09-18 13:02:49,081 | INFO | [t=100] VLA chunk prompt=open top drawer
2026-09-18 13:02:49,367 | INFO | [t=110] VLA chunk prompt=open top drawer
2026-09-18 13:02:49,665 | INFO | [t=120] VLA chunk prompt=open top drawer
2026-09-18 13:02:49,987 | INFO | [t=130] VLA chunk prompt=open top drawer
2026-09-18 13:02:50,316 | INFO | [t=140] VLA chunk prompt=open top drawer
2026-09-18 13:02:50,650 | INFO | [t=150] VLA chunk prompt=open top drawer
2026-09-18 13:02:50,988 | INFO | [t=160] VLA chunk prompt=open top drawer
2026-09-18 13:02:51,330 | INFO | [t=170] VLA chunk prompt=open top drawer
2026-09-18 13:02:51,683 | INFO | [t=180] VLA chunk prompt=open top drawer
2026-09-18 13:02:52,039 | INFO | [t=190] VLA chunk prompt=open top drawer
2026-09-18 13:02:52,398 | INFO | [t=200] VLA chunk prompt=open top drawer
2026-09-18 13:02:52,761 | INFO | [t=210] VLA chunk prompt=open top drawer
2026-09-18 13:02:53,133 | INFO | [t=220] VLA chunk prompt=open top drawer
2026-09-18 13:02:53,505 | INFO | [t=230] VLA chunk prompt=open top drawer
2026-09-18 13:02:53,675 | INFO | API VLM @t=2445 task=5 subtask=grasp butter keyframes=[]
2026-09-18 13:02:53,887 | INFO | [t=240] VLA chunk prompt=open top drawer
2026-09-18 13:02:54,263 | INFO | [t=250] VLA chunk prompt=open top drawer
2026-09-18 13:02:54,647 | INFO | [t=260] VLA chunk prompt=open top drawer
2026-09-18 13:02:55,033 | INFO | [t=270] VLA chunk prompt=open top drawer
2026-09-18 13:02:55,426 | INFO | [t=280] VLA chunk prompt=open top drawer
2026-09-18 13:02:55,838 | INFO | [t=290] VLA chunk prompt=open top drawer
2026-09-18 13:02:56,233 | INFO | [t=300] VLA chunk prompt=open top drawer
2026-09-18 13:02:56,624 | INFO | [t=310] VLA chunk prompt=open top drawer
2026-09-18 13:02:57,011 | INFO | [t=320] VLA chunk prompt=open top drawer
2026-09-18 13:02:57,398 | INFO | [t=330] VLA chunk prompt=open top drawer
2026-09-18 13:02:57,791 | INFO | [t=340] VLA chunk prompt=open top drawer
2026-09-18 13:02:58,185 | INFO | [t=350] VLA chunk prompt=open top drawer
2026-09-18 13:02:58,585 | INFO | [t=360] VLA chunk prompt=open top drawer
2026-09-18 13:02:58,637 | INFO | API VLM @t=0 task=5 subtask=open the top drawer keyframes=[]
2026-09-18 13:02:58,951 | INFO | [t=370] VLM prompt update from step=0: open the top drawer
2026-09-18 13:02:59,004 | INFO | [t=370] VLA chunk prompt=open the top drawer
2026-09-18 13:02:59,413 | INFO | [t=380] VLA chunk prompt=open the top drawer
2026-09-18 13:02:59,815 | INFO | [t=390] VLA chunk prompt=open the top drawer
2026-09-18 13:03:00,206 | INFO | [t=400] VLA chunk prompt=open the top drawer
2026-09-18 13:03:00,603 | INFO | [t=410] VLA chunk prompt=open the top drawer
2026-09-18 13:03:00,994 | INFO | [t=420] VLA chunk prompt=open the top drawer
2026-09-18 13:03:01,384 | INFO | [t=430] VLA chunk prompt=open the top drawer
2026-09-18 13:03:01,782 | INFO | [t=440] VLA chunk prompt=open the top drawer
2026-09-18 13:03:02,186 | INFO | [t=450] VLA chunk prompt=open the top drawer
2026-09-18 13:03:02,590 | INFO | [t=460] VLA chunk prompt=open the top drawer
2026-09-18 13:03:02,997 | INFO | [t=470] VLA chunk prompt=open the top drawer
2026-09-18 13:03:03,397 | INFO | [t=480] VLA chunk prompt=open the top drawer
2026-09-18 13:03:03,797 | INFO | [t=490] VLA chunk prompt=open the top drawer
2026-09-18 13:03:04,196 | INFO | [t=500] VLA chunk prompt=open the top drawer
2026-09-18 13:03:04,597 | INFO | [t=510] VLA chunk prompt=open the top drawer
2026-09-18 13:03:04,992 | INFO | [t=520] VLA chunk prompt=open the top drawer
2026-09-18 13:03:05,391 | INFO | [t=530] VLA chunk prompt=open the top drawer
2026-09-18 13:03:05,792 | INFO | [t=540] VLA chunk prompt=open the top drawer
2026-09-18 13:03:06,192 | INFO | [t=550] VLA chunk prompt=open the top drawer
2026-09-18 13:03:06,592 | INFO | [t=560] VLA chunk prompt=open the top drawer
2026-09-18 13:03:06,992 | INFO | [t=570] VLA chunk prompt=open the top drawer
2026-09-18 13:03:07,394 | INFO | [t=580] VLA chunk prompt=open the top drawer
2026-09-18 13:03:07,799 | INFO | [t=590] VLA chunk prompt=open the top drawer
2026-09-18 13:03:08,207 | INFO | [t=600] VLA chunk prompt=open the top drawer
2026-09-18 13:03:08,615 | INFO | [t=610] VLA chunk prompt=open the top drawer
2026-09-18 13:03:09,012 | INFO | [t=620] VLA chunk prompt=open the top drawer
2026-09-18 13:03:09,397 | INFO | [t=630] VLA chunk prompt=open the top drawer
2026-09-18 13:03:09,821 | INFO | [t=640] VLA chunk prompt=open the top drawer
2026-09-18 13:03:10,246 | INFO | [t=650] VLA chunk prompt=open the top drawer
2026-09-18 13:03:10,645 | INFO | [t=660] VLA chunk prompt=open the top drawer
2026-09-18 13:03:11,042 | INFO | [t=670] VLA chunk prompt=open the top drawer
2026-09-18 13:03:11,441 | INFO | [t=680] VLA chunk prompt=open the top drawer
2026-09-18 13:03:11,448 | INFO | API VLM @t=350 task=5 subtask=grasp top drawer handle keyframes=[]
2026-09-18 13:03:11,797 | INFO | [t=690] VLM prompt update from step=350: grasp top drawer handle
2026-09-18 13:03:11,848 | INFO | [t=690] VLA chunk prompt=grasp top drawer handle
2026-09-18 13:03:12,236 | INFO | [t=700] VLA chunk prompt=grasp top drawer handle
2026-09-18 13:03:12,624 | INFO | [t=710] VLA chunk prompt=grasp top drawer handle
2026-09-18 13:03:13,008 | INFO | [t=720] VLA chunk prompt=grasp top drawer handle
2026-09-18 13:03:13,391 | INFO | [t=730] VLA chunk prompt=grasp top drawer handle
2026-09-18 13:03:13,777 | INFO | [t=740] VLA chunk prompt=grasp top drawer handle
2026-09-18 13:03:14,163 | INFO | [t=750] VLA chunk prompt=grasp top drawer handle
2026-09-18 13:03:14,547 | INFO | [t=760] VLA chunk prompt=grasp top drawer handle
2026-09-18 13:03:14,937 | INFO | [t=770] VLA chunk prompt=grasp top drawer handle
2026-09-18 13:03:15,325 | INFO | [t=780] VLA chunk prompt=grasp top drawer handle
2026-09-18 13:03:15,709 | INFO | [t=790] VLA chunk prompt=grasp top drawer handle
2026-09-18 13:03:16,093 | INFO | [t=800] VLA chunk prompt=grasp top drawer handle
2026-09-18 13:03:16,477 | INFO | [t=810] VLA chunk prompt=grasp top drawer handle
2026-09-18 13:03:16,862 | INFO | [t=820] VLA chunk prompt=grasp top drawer handle
2026-09-18 13:03:17,247 | INFO | [t=830] VLA chunk prompt=grasp top drawer handle
2026-09-18 13:03:17,633 | INFO | [t=840] VLA chunk prompt=grasp top drawer handle
2026-09-18 13:03:18,022 | INFO | [t=850] VLA chunk prompt=grasp top drawer handle
2026-09-18 13:03:18,406 | INFO | [t=860] VLA chunk prompt=grasp top drawer handle
2026-09-18 13:03:18,792 | INFO | [t=870] VLA chunk prompt=grasp top drawer handle
2026-09-18 13:03:19,183 | INFO | [t=880] VLA chunk prompt=grasp top drawer handle
2026-09-18 13:03:19,578 | INFO | [t=890] VLA chunk prompt=grasp top drawer handle
2026-09-18 13:03:19,974 | INFO | [t=900] VLA chunk prompt=grasp top drawer handle
2026-09-18 13:03:20,372 | INFO | [t=910] VLA chunk prompt=grasp top drawer handle
2026-09-18 13:03:20,772 | INFO | [t=920] VLA chunk prompt=grasp top drawer handle
2026-09-18 13:03:21,173 | INFO | [t=930] VLA chunk prompt=grasp top drawer handle
2026-09-18 13:03:21,574 | INFO | [t=940] VLA chunk prompt=grasp top drawer handle
2026-09-18 13:03:21,971 | INFO | [t=950] VLA chunk prompt=grasp top drawer handle
2026-09-18 13:03:22,365 | INFO | [t=960] VLA chunk prompt=grasp top drawer handle
2026-09-18 13:03:22,754 | INFO | [t=970] VLA chunk prompt=grasp top drawer handle
2026-09-18 13:03:23,136 | INFO | [t=980] VLA chunk prompt=grasp top drawer handle
2026-09-18 13:03:23,518 | INFO | [t=990] VLA chunk prompt=grasp top drawer handle
2026-09-18 13:03:23,903 | INFO | [t=1000] VLA chunk prompt=grasp top drawer handle
2026-09-18 13:03:24,288 | INFO | [t=1010] VLA chunk prompt=grasp top drawer handle
2026-09-18 13:03:24,676 | INFO | [t=1020] VLA chunk prompt=grasp top drawer handle
2026-09-18 13:03:25,058 | INFO | [t=1030] VLA chunk prompt=grasp top drawer handle
2026-09-18 13:03:25,439 | INFO | [t=1040] VLA chunk prompt=grasp top drawer handle
2026-09-18 13:03:25,826 | INFO | [t=1050] VLA chunk prompt=grasp top drawer handle
2026-09-18 13:03:26,211 | INFO | [t=1060] VLA chunk prompt=grasp top drawer handle
2026-09-18 13:03:26,599 | INFO | [t=1070] VLA chunk prompt=grasp top drawer handle
2026-09-18 13:03:26,993 | INFO | [t=1080] VLA chunk prompt=grasp top drawer handle
2026-09-18 13:03:27,389 | INFO | [t=1090] VLA chunk prompt=grasp top drawer handle
2026-09-18 13:03:27,783 | INFO | [t=1100] VLA chunk prompt=grasp top drawer handle
2026-09-18 13:03:28,169 | INFO | [t=1110] VLA chunk prompt=grasp top drawer handle
2026-09-18 13:03:28,555 | INFO | [t=1120] VLA chunk prompt=grasp top drawer handle
2026-09-18 13:03:28,933 | INFO | [t=1130] VLA chunk prompt=grasp top drawer handle
2026-09-18 13:03:29,310 | INFO | [t=1140] VLA chunk prompt=grasp top drawer handle
2026-09-18 13:03:29,687 | INFO | [t=1150] VLA chunk prompt=grasp top drawer handle
2026-09-18 13:03:30,062 | INFO | [t=1160] VLA chunk prompt=grasp top drawer handle
2026-09-18 13:03:30,437 | INFO | [t=1170] VLA chunk prompt=grasp top drawer handle
2026-09-18 13:03:30,810 | INFO | [t=1180] VLA chunk prompt=grasp top drawer handle
2026-09-18 13:03:31,186 | INFO | [t=1190] VLA chunk prompt=grasp top drawer handle
2026-09-18 13:03:31,564 | INFO | [t=1200] VLA chunk prompt=grasp top drawer handle
2026-09-18 13:03:31,948 | INFO | [t=1210] VLA chunk prompt=grasp top drawer handle
2026-09-18 13:03:32,347 | INFO | [t=1220] VLA chunk prompt=grasp top drawer handle
2026-09-18 13:03:32,745 | INFO | [t=1230] VLA chunk prompt=grasp top drawer handle
2026-09-18 13:03:33,156 | INFO | [t=1240] VLA chunk prompt=grasp top drawer handle
2026-09-18 13:03:33,563 | INFO | [t=1250] VLA chunk prompt=grasp top drawer handle
2026-09-18 13:03:33,764 | INFO | API VLM @t=670 task=5 subtask=open top drawer keyframes=[]
2026-09-18 13:03:33,912 | INFO | [t=1260] VLM prompt update from step=670: open top drawer
2026-09-18 13:03:33,965 | INFO | [t=1260] VLA chunk prompt=open top drawer
2026-09-18 13:03:34,357 | INFO | [t=1270] VLA chunk prompt=open top drawer
2026-09-18 13:03:34,744 | INFO | [t=1280] VLA chunk prompt=open top drawer
2026-09-18 13:03:35,137 | INFO | [t=1290] VLA chunk prompt=open top drawer
2026-09-18 13:03:35,521 | INFO | [t=1300] VLA chunk prompt=open top drawer
2026-09-18 13:03:35,900 | INFO | [t=1310] VLA chunk prompt=open top drawer
2026-09-18 13:03:36,275 | INFO | [t=1320] VLA chunk prompt=open top drawer
2026-09-18 13:03:36,650 | INFO | [t=1330] VLA chunk prompt=open top drawer
2026-09-18 13:03:37,025 | INFO | [t=1340] VLA chunk prompt=open top drawer
2026-09-18 13:03:37,397 | INFO | [t=1350] VLA chunk prompt=open top drawer
2026-09-18 13:03:37,768 | INFO | [t=1360] VLA chunk prompt=open top drawer
2026-09-18 13:03:38,141 | INFO | [t=1370] VLA chunk prompt=open top drawer
2026-09-18 13:03:38,513 | INFO | [t=1380] VLA chunk prompt=open top drawer
2026-09-18 13:03:38,885 | INFO | [t=1390] VLA chunk prompt=open top drawer
2026-09-18 13:03:39,258 | INFO | [t=1400] VLA chunk prompt=open top drawer
2026-09-18 13:03:39,629 | INFO | [t=1410] VLA chunk prompt=open top drawer
2026-09-18 13:03:39,996 | INFO | [t=1420] VLA chunk prompt=open top drawer
2026-09-18 13:03:40,394 | INFO | [t=1430] VLA chunk prompt=open top drawer
2026-09-18 13:03:40,787 | INFO | [t=1440] VLA chunk prompt=open top drawer
2026-09-18 13:03:41,161 | INFO | [t=1450] VLA chunk prompt=open top drawer
2026-09-18 13:03:41,530 | INFO | [t=1460] VLA chunk prompt=open top drawer
2026-09-18 13:03:41,907 | INFO | [t=1470] VLA chunk prompt=open top drawer
2026-09-18 13:03:42,283 | INFO | [t=1480] VLA chunk prompt=open top drawer
2026-09-18 13:03:42,662 | INFO | [t=1490] VLA chunk prompt=open top drawer
2026-09-18 13:03:43,049 | INFO | [t=1500] VLA chunk prompt=open top drawer
2026-09-18 13:03:43,430 | INFO | [t=1510] VLA chunk prompt=open top drawer
2026-09-18 13:03:43,800 | INFO | [t=1520] VLA chunk prompt=open top drawer
2026-09-18 13:03:44,167 | INFO | [t=1530] VLA chunk prompt=open top drawer
2026-09-18 13:03:44,531 | INFO | [t=1540] VLA chunk prompt=open top drawer
2026-09-18 13:03:44,902 | INFO | [t=1550] VLA chunk prompt=open top drawer
2026-09-18 13:03:45,268 | INFO | [t=1560] VLA chunk prompt=open top drawer
2026-09-18 13:03:45,640 | INFO | [t=1570] VLA chunk prompt=open top drawer
2026-09-18 13:03:46,015 | INFO | [t=1580] VLA chunk prompt=open top drawer
2026-09-18 13:03:46,392 | INFO | [t=1590] VLA chunk prompt=open top drawer
2026-09-18 13:03:46,782 | INFO | [t=1600] VLA chunk prompt=open top drawer
2026-09-18 13:03:47,178 | INFO | [t=1610] VLA chunk prompt=open top drawer
2026-09-18 13:03:47,573 | INFO | [t=1620] VLA chunk prompt=open top drawer
2026-09-18 13:03:47,978 | INFO | [t=1630] VLA chunk prompt=open top drawer
2026-09-18 13:03:48,389 | INFO | [t=1640] VLA chunk prompt=open top drawer
2026-09-18 13:03:48,801 | INFO | [t=1650] VLA chunk prompt=open top drawer
2026-09-18 13:03:49,216 | INFO | [t=1660] VLA chunk prompt=open top drawer
2026-09-18 13:03:49,622 | INFO | [t=1670] VLA chunk prompt=open top drawer
2026-09-18 13:03:50,014 | INFO | [t=1680] VLA chunk prompt=open top drawer
2026-09-18 13:03:50,403 | INFO | [t=1690] VLA chunk prompt=open top drawer
2026-09-18 13:03:50,792 | INFO | [t=1700] VLA chunk prompt=open top drawer
2026-09-18 13:03:51,179 | INFO | [t=1710] VLA chunk prompt=open top drawer
2026-09-18 13:03:51,566 | INFO | [t=1720] VLA chunk prompt=open top drawer
2026-09-18 13:03:51,956 | INFO | [t=1730] VLA chunk prompt=open top drawer
2026-09-18 13:03:52,341 | INFO | [t=1740] VLA chunk prompt=open top drawer
2026-09-18 13:03:52,720 | INFO | [t=1750] VLA chunk prompt=open top drawer
2026-09-18 13:03:53,096 | INFO | [t=1760] VLA chunk prompt=open top drawer
2026-09-18 13:03:53,464 | INFO | [t=1770] VLA chunk prompt=open top drawer
2026-09-18 13:03:53,830 | INFO | [t=1780] VLA chunk prompt=open top drawer
2026-09-18 13:03:54,165 | INFO | API VLM @t=1245 task=5 subtask=open top drawer keyframes=[]
2026-09-18 13:03:54,193 | INFO | [t=1790] VLA chunk prompt=open top drawer
2026-09-18 13:03:54,556 | INFO | [t=1800] VLA chunk prompt=open top drawer
2026-09-18 13:03:54,918 | INFO | [t=1810] VLA chunk prompt=open top drawer
2026-09-18 13:03:55,272 | INFO | [t=1820] VLA chunk prompt=open top drawer
2026-09-18 13:03:55,624 | INFO | [t=1830] VLA chunk prompt=open top drawer
2026-09-18 13:03:55,978 | INFO | [t=1840] VLA chunk prompt=open top drawer
2026-09-18 13:03:56,331 | INFO | [t=1850] VLA chunk prompt=open top drawer
2026-09-18 13:03:56,688 | INFO | [t=1860] VLA chunk prompt=open top drawer
2026-09-18 13:03:57,051 | INFO | [t=1870] VLA chunk prompt=open top drawer
2026-09-18 13:03:57,417 | INFO | [t=1880] VLA chunk prompt=open top drawer
2026-09-18 13:03:57,787 | INFO | [t=1890] VLA chunk prompt=open top drawer
2026-09-18 13:03:58,159 | INFO | [t=1900] VLA chunk prompt=open top drawer
2026-09-18 13:03:58,532 | INFO | [t=1910] VLA chunk prompt=open top drawer
2026-09-18 13:03:58,903 | INFO | [t=1920] VLA chunk prompt=open top drawer
2026-09-18 13:03:59,277 | INFO | [t=1930] VLA chunk prompt=open top drawer
2026-09-18 13:03:59,655 | INFO | [t=1940] VLA chunk prompt=open top drawer
2026-09-18 13:04:00,033 | INFO | [t=1950] VLA chunk prompt=open top drawer
2026-09-18 13:04:00,476 | INFO | [t=1960] VLA chunk prompt=open top drawer
2026-09-18 13:04:00,879 | INFO | [t=1970] VLA chunk prompt=open top drawer
2026-09-18 13:04:01,280 | INFO | [t=1980] VLA chunk prompt=open top drawer
2026-09-18 13:04:01,681 | INFO | [t=1990] VLA chunk prompt=open top drawer
2026-09-18 13:04:02,092 | INFO | [t=2000] VLA chunk prompt=open top drawer
2026-09-18 13:04:02,492 | INFO | [t=2010] VLA chunk prompt=open top drawer
2026-09-18 13:04:02,880 | INFO | [t=2020] VLA chunk prompt=open top drawer
2026-09-18 13:04:03,268 | INFO | [t=2030] VLA chunk prompt=open top drawer
2026-09-18 13:04:03,657 | INFO | [t=2040] VLA chunk prompt=open top drawer
2026-09-18 13:04:04,051 | INFO | [t=2050] VLA chunk prompt=open top drawer
2026-09-18 13:04:04,441 | INFO | [t=2060] VLA chunk prompt=open top drawer
2026-09-18 13:04:04,838 | INFO | [t=2070] VLA chunk prompt=open top drawer
2026-09-18 13:04:05,233 | INFO | [t=2080] VLA chunk prompt=open top drawer
2026-09-18 13:04:05,628 | INFO | [t=2090] VLA chunk prompt=open top drawer
2026-09-18 13:04:06,027 | INFO | [t=2100] VLA chunk prompt=open top drawer
2026-09-18 13:04:06,415 | INFO | [t=2110] VLA chunk prompt=open top drawer
2026-09-18 13:04:06,794 | INFO | [t=2120] VLA chunk prompt=open top drawer
2026-09-18 13:04:07,172 | INFO | [t=2130] VLA chunk prompt=open top drawer
2026-09-18 13:04:07,548 | INFO | [t=2140] VLA chunk prompt=open top drawer
2026-09-18 13:04:07,924 | INFO | [t=2150] VLA chunk prompt=open top drawer
2026-09-18 13:04:08,304 | INFO | [t=2160] VLA chunk prompt=open top drawer
2026-09-18 13:04:08,679 | INFO | [t=2170] VLA chunk prompt=open top drawer
2026-09-18 13:04:09,057 | INFO | [t=2180] VLA chunk prompt=open top drawer
2026-09-18 13:04:09,430 | INFO | [t=2190] VLA chunk prompt=open top drawer
2026-09-18 13:04:09,795 | INFO | [t=2200] VLA chunk prompt=open top drawer
2026-09-18 13:04:10,160 | INFO | [t=2210] VLA chunk prompt=open top drawer
2026-09-18 13:04:10,524 | INFO | [t=2220] VLA chunk prompt=open top drawer
2026-09-18 13:04:10,920 | INFO | [t=2230] VLA chunk prompt=open top drawer
2026-09-18 13:04:11,309 | INFO | [t=2240] VLA chunk prompt=open top drawer
2026-09-18 13:04:11,686 | INFO | [t=2250] VLA chunk prompt=open top drawer
2026-09-18 13:04:12,064 | INFO | [t=2260] VLA chunk prompt=open top drawer
2026-09-18 13:04:12,441 | INFO | [t=2270] VLA chunk prompt=open top drawer
2026-09-18 13:04:12,821 | INFO | [t=2280] VLA chunk prompt=open top drawer
2026-09-18 13:04:13,200 | INFO | [t=2290] VLA chunk prompt=open top drawer
2026-09-18 13:04:13,579 | INFO | [t=2300] VLA chunk prompt=open top drawer
2026-09-18 13:04:13,957 | INFO | [t=2310] VLA chunk prompt=open top drawer
2026-09-18 13:04:14,340 | INFO | [t=2320] VLA chunk prompt=open top drawer
2026-09-18 13:04:14,725 | INFO | [t=2330] VLA chunk prompt=open top drawer
2026-09-18 13:04:15,112 | INFO | [t=2340] VLA chunk prompt=open top drawer
2026-09-18 13:04:15,496 | INFO | [t=2350] VLA chunk prompt=open top drawer
2026-09-18 13:04:15,884 | INFO | [t=2360] VLA chunk prompt=open top drawer
2026-09-18 13:04:16,265 | INFO | [t=2370] VLA chunk prompt=open top drawer
2026-09-18 13:04:16,640 | INFO | [t=2380] VLA chunk prompt=open top drawer
2026-09-18 13:04:17,017 | INFO | [t=2390] VLA chunk prompt=open top drawer
2026-09-18 13:04:17,394 | INFO | [t=2400] VLA chunk prompt=open top drawer
2026-09-18 13:04:17,770 | INFO | [t=2410] VLA chunk prompt=open top drawer
2026-09-18 13:04:18,146 | INFO | [t=2420] VLA chunk prompt=open top drawer
2026-09-18 13:04:18,526 | INFO | [t=2430] VLA chunk prompt=open top drawer
2026-09-18 13:04:18,903 | INFO | [t=2440] VLA chunk prompt=open top drawer
2026-09-18 13:04:19,279 | INFO | [t=2450] VLA chunk prompt=open top drawer
2026-09-18 13:04:19,654 | INFO | [t=2460] VLA chunk prompt=open top drawer
2026-09-18 13:04:20,029 | INFO | [t=2470] VLA chunk prompt=open top drawer
2026-09-18 13:04:20,399 | INFO | [t=2480] VLA chunk prompt=open top drawer
2026-09-18 13:04:20,769 | INFO | [t=2490] VLA chunk prompt=open top drawer
2026-09-18 13:04:21,138 | INFO | [t=2500] VLA chunk prompt=open top drawer
2026-09-18 13:04:22,872 | INFO | API VLM @t=1780 task=5 subtask=close middle drawer keyframes=[1]
2026-09-18 13:04:22,902 | INFO | attempt=0 stage_score=0.0 stage_success=False failure_reason=incomplete_stage
2026-09-18 13:04:24,963 | INFO | harness release_gripper after env.reset (attempt=1)
2026-09-18 13:04:24,963 | INFO | async VLM enabled: single-slot subtask buffer
2026-09-18 13:04:25,231 | INFO | [t=10] VLA chunk prompt=Open all drawers in order, remember the empty drawer, then put butter into that empty drawer.
2026-09-18 13:04:25,516 | INFO | [t=20] VLA chunk prompt=Open all drawers in order, remember the empty drawer, then put butter into that empty drawer.
2026-09-18 13:04:25,797 | INFO | [t=30] VLA chunk prompt=Open all drawers in order, remember the empty drawer, then put butter into that empty drawer.
2026-09-18 13:04:26,078 | INFO | [t=40] VLA chunk prompt=Open all drawers in order, remember the empty drawer, then put butter into that empty drawer.
2026-09-18 13:04:26,359 | INFO | [t=50] VLA chunk prompt=Open all drawers in order, remember the empty drawer, then put butter into that empty drawer.
2026-09-18 13:04:26,639 | INFO | [t=60] VLA chunk prompt=Open all drawers in order, remember the empty drawer, then put butter into that empty drawer.
2026-09-18 13:04:26,921 | INFO | [t=70] VLA chunk prompt=Open all drawers in order, remember the empty drawer, then put butter into that empty drawer.
2026-09-18 13:04:27,154 | INFO | [t=80] harness subtask override: open top drawer
2026-09-18 13:04:27,154 | INFO | [t=80] VLM prompt update from step=-1: open top drawer
2026-09-18 13:04:27,154 | INFO | [t=80] harness forced VLM replan after stall (pmh visual retrieve armed)
2026-09-18 13:04:27,205 | INFO | [t=80] VLA chunk prompt=open top drawer
2026-09-18 13:04:27,499 | INFO | [t=90] VLA chunk prompt=open top drawer
2026-09-18 13:04:27,574 | INFO | [t=93] stage done: 01_Open_Top_Drawer
2026-09-18 13:04:27,797 | INFO | [t=100] VLA chunk prompt=open top drawer
2026-09-18 13:04:28,124 | INFO | [t=110] VLA chunk prompt=open top drawer
2026-09-18 13:04:28,465 | INFO | [t=120] VLA chunk prompt=open top drawer
2026-09-18 13:04:28,806 | INFO | [t=130] VLA chunk prompt=open top drawer
2026-09-18 13:04:29,157 | INFO | [t=140] VLA chunk prompt=open top drawer
2026-09-18 13:04:29,498 | INFO | [t=150] VLA chunk prompt=open top drawer
2026-09-18 13:04:29,837 | INFO | [t=160] VLA chunk prompt=open top drawer
2026-09-18 13:04:30,179 | INFO | [t=170] VLA chunk prompt=open top drawer
2026-09-18 13:04:30,474 | INFO | [t=180] harness subtask override: close top drawer
2026-09-18 13:04:30,474 | INFO | [t=180] VLM prompt update from step=70: close top drawer
2026-09-18 13:04:30,474 | INFO | [t=180] harness forced VLM replan after stall (pmh visual retrieve armed)
2026-09-18 13:04:30,525 | INFO | [t=180] VLA chunk prompt=close top drawer
2026-09-18 13:04:30,876 | INFO | [t=190] VLA chunk prompt=close top drawer
2026-09-18 13:04:31,229 | INFO | [t=200] VLA chunk prompt=close top drawer
2026-09-18 13:04:31,585 | INFO | [t=210] VLA chunk prompt=close top drawer
2026-09-18 13:04:31,945 | INFO | [t=220] VLA chunk prompt=close top drawer
2026-09-18 13:04:32,310 | INFO | [t=230] VLA chunk prompt=close top drawer
2026-09-18 13:04:32,682 | INFO | [t=240] VLA chunk prompt=close top drawer
2026-09-18 13:04:33,068 | INFO | [t=250] VLA chunk prompt=close top drawer
2026-09-18 13:04:33,230 | INFO | API VLM @t=0 task=5 subtask=open top drawer keyframes=[]
2026-09-18 13:04:33,402 | INFO | [t=260] VLM prompt update from step=0: open top drawer
2026-09-18 13:04:33,453 | INFO | [t=260] VLA chunk prompt=open top drawer
2026-09-18 13:04:33,831 | INFO | [t=270] VLA chunk prompt=open top drawer
2026-09-18 13:04:34,204 | INFO | [t=280] VLA chunk prompt=open top drawer
2026-09-18 13:04:34,574 | INFO | [t=290] VLA chunk prompt=open top drawer
2026-09-18 13:04:34,942 | INFO | [t=300] VLA chunk prompt=open top drawer
2026-09-18 13:04:35,311 | INFO | [t=310] VLA chunk prompt=open top drawer
2026-09-18 13:04:35,682 | INFO | [t=320] VLA chunk prompt=open top drawer
2026-09-18 13:04:36,059 | INFO | [t=330] VLA chunk prompt=open top drawer
2026-09-18 13:04:36,429 | INFO | [t=340] VLA chunk prompt=open top drawer
2026-09-18 13:04:36,793 | INFO | [t=350] VLA chunk prompt=open top drawer
2026-09-18 13:04:37,159 | INFO | [t=360] VLA chunk prompt=open top drawer
2026-09-18 13:04:37,530 | INFO | [t=370] VLA chunk prompt=open top drawer
2026-09-18 13:04:37,904 | INFO | [t=380] VLA chunk prompt=open top drawer
2026-09-18 13:04:38,284 | INFO | [t=390] VLA chunk prompt=open top drawer
2026-09-18 13:04:38,685 | INFO | [t=400] VLA chunk prompt=open top drawer
2026-09-18 13:04:39,080 | INFO | [t=410] VLA chunk prompt=open top drawer
2026-09-18 13:04:39,476 | INFO | [t=420] VLA chunk prompt=open top drawer
2026-09-18 13:04:39,877 | INFO | [t=430] VLA chunk prompt=open top drawer
2026-09-18 13:04:40,280 | INFO | [t=440] VLA chunk prompt=open top drawer
2026-09-18 13:04:40,689 | INFO | [t=450] VLA chunk prompt=open top drawer
2026-09-18 13:04:41,087 | INFO | [t=460] VLA chunk prompt=open top drawer
2026-09-18 13:04:41,482 | INFO | [t=470] VLA chunk prompt=open top drawer
2026-09-18 13:04:41,877 | INFO | [t=480] VLA chunk prompt=open top drawer
2026-09-18 13:04:42,269 | INFO | [t=490] VLA chunk prompt=open top drawer
2026-09-18 13:04:42,660 | INFO | [t=500] VLA chunk prompt=open top drawer
2026-09-18 13:04:43,058 | INFO | [t=510] VLA chunk prompt=open top drawer
2026-09-18 13:04:43,459 | INFO | [t=520] VLA chunk prompt=open top drawer
2026-09-18 13:04:43,854 | INFO | [t=530] VLA chunk prompt=open top drawer
2026-09-18 13:04:44,244 | INFO | [t=540] VLA chunk prompt=open top drawer
2026-09-18 13:04:44,627 | INFO | [t=550] VLA chunk prompt=open top drawer
2026-09-18 13:04:45,006 | INFO | [t=560] VLA chunk prompt=open top drawer
2026-09-18 13:04:45,381 | INFO | [t=570] VLA chunk prompt=open top drawer
2026-09-18 13:04:45,755 | INFO | [t=580] VLA chunk prompt=open top drawer
2026-09-18 13:04:46,130 | INFO | [t=590] VLA chunk prompt=open top drawer
2026-09-18 13:04:46,503 | INFO | [t=600] VLA chunk prompt=open top drawer
2026-09-18 13:04:46,875 | INFO | [t=610] VLA chunk prompt=open top drawer
2026-09-18 13:04:47,237 | INFO | [t=620] VLA chunk prompt=open top drawer
2026-09-18 13:04:47,610 | INFO | [t=630] VLA chunk prompt=open top drawer
2026-09-18 13:04:47,992 | INFO | [t=640] VLA chunk prompt=open top drawer
2026-09-18 13:04:48,295 | INFO | [t=649] stage done: 02_Close_Top_Drawer
2026-09-18 13:04:48,379 | INFO | [t=650] VLA chunk prompt=open top drawer
2026-09-18 13:04:48,768 | INFO | [t=660] VLA chunk prompt=open top drawer
2026-09-18 13:04:49,160 | INFO | [t=670] VLA chunk prompt=open top drawer
2026-09-18 13:04:49,546 | INFO | [t=680] VLA chunk prompt=open top drawer
2026-09-18 13:04:49,931 | INFO | [t=690] VLA chunk prompt=open top drawer
2026-09-18 13:04:50,312 | INFO | [t=700] VLA chunk prompt=open top drawer
2026-09-18 13:04:50,692 | INFO | [t=710] VLA chunk prompt=open top drawer
2026-09-18 13:04:51,073 | INFO | [t=720] VLA chunk prompt=open top drawer
2026-09-18 13:04:51,402 | INFO | [t=730] harness subtask override: open middle drawer
2026-09-18 13:04:51,402 | INFO | [t=730] VLM prompt update from step=0: open middle drawer
2026-09-18 13:04:51,403 | INFO | [t=730] harness forced VLM replan after stall (pmh visual retrieve armed)
2026-09-18 13:04:51,453 | INFO | [t=730] VLA chunk prompt=open middle drawer
2026-09-18 13:04:51,836 | INFO | [t=740] VLA chunk prompt=open middle drawer
2026-09-18 13:04:52,214 | INFO | [t=750] VLA chunk prompt=open middle drawer
2026-09-18 13:04:52,591 | INFO | [t=760] VLA chunk prompt=open middle drawer
2026-09-18 13:04:52,968 | INFO | [t=770] VLA chunk prompt=open middle drawer
2026-09-18 13:04:53,342 | INFO | [t=780] VLA chunk prompt=open middle drawer
2026-09-18 13:04:53,718 | INFO | [t=790] VLA chunk prompt=open middle drawer
2026-09-18 13:04:54,094 | INFO | [t=800] VLA chunk prompt=open middle drawer
2026-09-18 13:04:54,465 | INFO | [t=810] VLA chunk prompt=open middle drawer
2026-09-18 13:04:54,832 | INFO | [t=820] VLA chunk prompt=open middle drawer
2026-09-18 13:04:55,200 | INFO | [t=830] VLA chunk prompt=open middle drawer
2026-09-18 13:04:55,567 | INFO | [t=840] VLA chunk prompt=open middle drawer
2026-09-18 13:04:55,933 | INFO | [t=850] VLA chunk prompt=open middle drawer
2026-09-18 13:04:56,302 | INFO | [t=860] VLA chunk prompt=open middle drawer
2026-09-18 13:04:56,678 | INFO | [t=870] VLA chunk prompt=open middle drawer
2026-09-18 13:04:57,056 | INFO | [t=880] VLA chunk prompt=open middle drawer
2026-09-18 13:04:57,429 | INFO | [t=890] VLA chunk prompt=open middle drawer
2026-09-18 13:04:57,794 | INFO | [t=900] VLA chunk prompt=open middle drawer
2026-09-18 13:04:58,158 | INFO | [t=910] VLA chunk prompt=open middle drawer
2026-09-18 13:04:58,522 | INFO | [t=920] VLA chunk prompt=open middle drawer
2026-09-18 13:04:58,885 | INFO | [t=930] VLA chunk prompt=open middle drawer
2026-09-18 13:04:59,244 | INFO | [t=940] VLA chunk prompt=open middle drawer
2026-09-18 13:04:59,608 | INFO | [t=950] VLA chunk prompt=open middle drawer
2026-09-18 13:04:59,981 | INFO | [t=960] VLA chunk prompt=open middle drawer
2026-09-18 13:05:00,361 | INFO | [t=970] VLA chunk prompt=open middle drawer
2026-09-18 13:05:00,735 | INFO | [t=980] VLA chunk prompt=open middle drawer
2026-09-18 13:05:01,113 | INFO | [t=990] VLA chunk prompt=open middle drawer
2026-09-18 13:05:01,492 | INFO | [t=1000] VLA chunk prompt=open middle drawer
2026-09-18 13:05:01,822 | INFO | API VLM @t=240 task=5 subtask=close the top drawer keyframes=[]
2026-09-18 13:05:01,865 | INFO | [t=1010] VLA chunk prompt=open middle drawer
2026-09-18 13:05:02,196 | INFO | [t=1020] VLM prompt update from step=240: close the top drawer
2026-09-18 13:05:02,247 | INFO | [t=1020] VLA chunk prompt=close the top drawer
2026-09-18 13:05:02,624 | INFO | [t=1030] VLA chunk prompt=close the top drawer
2026-09-18 13:05:02,991 | INFO | [t=1040] VLA chunk prompt=close the top drawer
2026-09-18 13:05:03,368 | INFO | [t=1050] VLA chunk prompt=close the top drawer
2026-09-18 13:05:03,755 | INFO | [t=1060] VLA chunk prompt=close the top drawer
2026-09-18 13:05:04,143 | INFO | [t=1070] VLA chunk prompt=close the top drawer
2026-09-18 13:05:04,537 | INFO | [t=1080] VLA chunk prompt=close the top drawer
2026-09-18 13:05:04,930 | INFO | [t=1090] VLA chunk prompt=close the top drawer
2026-09-18 13:05:05,313 | INFO | [t=1100] VLA chunk prompt=close the top drawer
2026-09-18 13:05:05,696 | INFO | [t=1110] VLA chunk prompt=close the top drawer
2026-09-18 13:05:06,076 | INFO | [t=1120] VLA chunk prompt=close the top drawer
2026-09-18 13:05:06,452 | INFO | [t=1130] VLA chunk prompt=close the top drawer
2026-09-18 13:05:06,821 | INFO | [t=1140] VLA chunk prompt=close the top drawer
2026-09-18 13:05:07,179 | INFO | [t=1150] VLA chunk prompt=close the top drawer
2026-09-18 13:05:07,534 | INFO | [t=1160] VLA chunk prompt=close the top drawer
2026-09-18 13:05:07,891 | INFO | [t=1170] VLA chunk prompt=close the top drawer
2026-09-18 13:05:08,249 | INFO | [t=1180] VLA chunk prompt=close the top drawer
2026-09-18 13:05:08,617 | INFO | [t=1190] VLA chunk prompt=close the top drawer
2026-09-18 13:05:08,985 | INFO | [t=1200] VLA chunk prompt=close the top drawer
2026-09-18 13:05:09,360 | INFO | [t=1210] VLA chunk prompt=close the top drawer
2026-09-18 13:05:09,740 | INFO | [t=1220] VLA chunk prompt=close the top drawer
2026-09-18 13:05:10,120 | INFO | [t=1230] VLA chunk prompt=close the top drawer
2026-09-18 13:05:10,499 | INFO | [t=1240] VLA chunk prompt=close the top drawer
2026-09-18 13:05:10,876 | INFO | [t=1250] VLA chunk prompt=close the top drawer
2026-09-18 13:05:11,253 | INFO | [t=1260] VLA chunk prompt=close the top drawer
2026-09-18 13:05:11,635 | INFO | [t=1270] VLA chunk prompt=close the top drawer
2026-09-18 13:05:12,016 | INFO | [t=1280] VLA chunk prompt=close the top drawer
2026-09-18 13:05:12,398 | INFO | [t=1290] VLA chunk prompt=close the top drawer
2026-09-18 13:05:12,782 | INFO | [t=1300] VLA chunk prompt=close the top drawer
2026-09-18 13:05:13,169 | INFO | [t=1310] VLA chunk prompt=close the top drawer
2026-09-18 13:05:13,560 | INFO | [t=1320] VLA chunk prompt=close the top drawer
2026-09-18 13:05:13,942 | INFO | [t=1330] VLA chunk prompt=close the top drawer
2026-09-18 13:05:14,323 | INFO | [t=1340] VLA chunk prompt=close the top drawer
2026-09-18 13:05:14,707 | INFO | [t=1350] VLA chunk prompt=close the top drawer
2026-09-18 13:05:15,097 | INFO | [t=1360] VLA chunk prompt=close the top drawer
2026-09-18 13:05:15,487 | INFO | [t=1370] VLA chunk prompt=close the top drawer
2026-09-18 13:05:15,874 | INFO | [t=1380] VLA chunk prompt=close the top drawer
2026-09-18 13:05:16,262 | INFO | [t=1390] VLA chunk prompt=close the top drawer
2026-09-18 13:05:16,645 | INFO | [t=1400] VLA chunk prompt=close the top drawer
2026-09-18 13:05:17,025 | INFO | [t=1410] VLA chunk prompt=close the top drawer
2026-09-18 13:05:17,399 | INFO | [t=1420] VLA chunk prompt=close the top drawer
2026-09-18 13:05:17,488 | INFO | API VLM @t=1000 task=5 subtask=open the middle drawer keyframes=[]
2026-09-18 13:05:17,722 | INFO | [t=1430] VLM prompt update from step=1000: open the middle drawer
2026-09-18 13:05:17,773 | INFO | [t=1430] VLA chunk prompt=open the middle drawer
2026-09-18 13:05:18,142 | INFO | [t=1440] VLA chunk prompt=open the middle drawer
2026-09-18 13:05:18,517 | INFO | [t=1450] VLA chunk prompt=open the middle drawer
2026-09-18 13:05:18,886 | INFO | [t=1460] VLA chunk prompt=open the middle drawer
2026-09-18 13:05:19,255 | INFO | [t=1470] VLA chunk prompt=open the middle drawer
2026-09-18 13:05:19,616 | INFO | [t=1480] VLA chunk prompt=open the middle drawer
2026-09-18 13:05:19,978 | INFO | [t=1490] VLA chunk prompt=open the middle drawer
2026-09-18 13:05:20,342 | INFO | [t=1500] VLA chunk prompt=open the middle drawer
2026-09-18 13:05:20,702 | INFO | [t=1510] VLA chunk prompt=open the middle drawer
2026-09-18 13:05:21,064 | INFO | [t=1520] VLA chunk prompt=open the middle drawer
2026-09-18 13:05:21,438 | INFO | [t=1530] VLA chunk prompt=open the middle drawer
2026-09-18 13:05:21,816 | INFO | [t=1540] VLA chunk prompt=open the middle drawer
2026-09-18 13:05:22,203 | INFO | [t=1550] VLA chunk prompt=open the middle drawer
2026-09-18 13:05:22,594 | INFO | [t=1560] VLA chunk prompt=open the middle drawer
2026-09-18 13:05:22,989 | INFO | [t=1570] VLA chunk prompt=open the middle drawer
2026-09-18 13:05:23,385 | INFO | [t=1580] VLA chunk prompt=open the middle drawer
2026-09-18 13:05:23,786 | INFO | [t=1590] VLA chunk prompt=open the middle drawer
2026-09-18 13:05:24,188 | INFO | [t=1600] VLA chunk prompt=open the middle drawer
2026-09-18 13:05:24,587 | INFO | [t=1610] VLA chunk prompt=open the middle drawer
2026-09-18 13:05:24,984 | INFO | [t=1620] VLA chunk prompt=open the middle drawer
2026-09-18 13:05:25,376 | INFO | [t=1630] VLA chunk prompt=open the middle drawer
2026-09-18 13:05:25,771 | INFO | [t=1640] VLA chunk prompt=open the middle drawer
2026-09-18 13:05:26,156 | INFO | [t=1650] VLA chunk prompt=open the middle drawer
2026-09-18 13:05:26,531 | INFO | [t=1660] VLA chunk prompt=open the middle drawer
2026-09-18 13:05:26,903 | INFO | [t=1670] VLA chunk prompt=open the middle drawer
2026-09-18 13:05:27,273 | INFO | [t=1680] VLA chunk prompt=open the middle drawer
2026-09-18 13:05:27,642 | INFO | [t=1690] VLA chunk prompt=open the middle drawer
2026-09-18 13:05:28,013 | INFO | [t=1700] VLA chunk prompt=open the middle drawer
2026-09-18 13:05:28,386 | INFO | [t=1710] VLA chunk prompt=open the middle drawer
2026-09-18 13:05:28,765 | INFO | [t=1720] VLA chunk prompt=open the middle drawer
2026-09-18 13:05:29,144 | INFO | [t=1730] VLA chunk prompt=open the middle drawer
2026-09-18 13:05:29,518 | INFO | [t=1740] VLA chunk prompt=open the middle drawer
2026-09-18 13:05:29,890 | INFO | [t=1750] VLA chunk prompt=open the middle drawer
2026-09-18 13:05:30,254 | INFO | [t=1760] VLA chunk prompt=open the middle drawer
2026-09-18 13:05:30,610 | INFO | [t=1770] VLA chunk prompt=open the middle drawer
2026-09-18 13:05:30,968 | INFO | [t=1780] VLA chunk prompt=open the middle drawer
2026-09-18 13:05:31,327 | INFO | [t=1790] VLA chunk prompt=open the middle drawer
2026-09-18 13:05:31,685 | INFO | [t=1800] VLA chunk prompt=open the middle drawer
2026-09-18 13:05:32,044 | INFO | [t=1810] VLA chunk prompt=open the middle drawer
2026-09-18 13:05:32,408 | INFO | [t=1820] VLA chunk prompt=open the middle drawer
2026-09-18 13:05:32,776 | INFO | [t=1830] VLA chunk prompt=open the middle drawer
2026-09-18 13:05:33,147 | INFO | [t=1840] VLA chunk prompt=open the middle drawer
2026-09-18 13:05:33,519 | INFO | [t=1850] VLA chunk prompt=open the middle drawer
2026-09-18 13:05:33,885 | INFO | [t=1860] VLA chunk prompt=open the middle drawer
2026-09-18 13:05:34,246 | INFO | [t=1870] VLA chunk prompt=open the middle drawer
2026-09-18 13:05:34,607 | INFO | [t=1880] VLA chunk prompt=open the middle drawer
2026-09-18 13:05:34,970 | INFO | [t=1890] VLA chunk prompt=open the middle drawer
2026-09-18 13:05:35,332 | INFO | [t=1900] VLA chunk prompt=open the middle drawer
2026-09-18 13:05:35,695 | INFO | [t=1910] VLA chunk prompt=open the middle drawer
2026-09-18 13:05:36,063 | INFO | [t=1920] VLA chunk prompt=open the middle drawer
2026-09-18 13:05:36,435 | INFO | [t=1930] VLA chunk prompt=open the middle drawer
2026-09-18 13:05:36,805 | INFO | [t=1940] VLA chunk prompt=open the middle drawer
2026-09-18 13:05:37,176 | INFO | [t=1950] VLA chunk prompt=open the middle drawer
2026-09-18 13:05:37,548 | INFO | [t=1960] VLA chunk prompt=open the middle drawer
2026-09-18 13:05:37,921 | INFO | [t=1970] VLA chunk prompt=open the middle drawer
2026-09-18 13:05:38,289 | INFO | [t=1980] VLA chunk prompt=open the middle drawer
2026-09-18 13:05:38,529 | INFO | API VLM @t=1410 task=5 subtask=open the bottom drawer keyframes=[]
2026-09-18 13:05:38,607 | INFO | [t=1990] VLM prompt update from step=1410: open the bottom drawer
2026-09-18 13:05:38,659 | INFO | [t=1990] VLA chunk prompt=open the bottom drawer
2026-09-18 13:05:39,024 | INFO | [t=2000] VLA chunk prompt=open the bottom drawer
2026-09-18 13:05:39,386 | INFO | [t=2010] VLA chunk prompt=open the bottom drawer
2026-09-18 13:05:39,748 | INFO | [t=2020] VLA chunk prompt=open the bottom drawer
2026-09-18 13:05:40,109 | INFO | [t=2030] VLA chunk prompt=open the bottom drawer
2026-09-18 13:05:40,469 | INFO | [t=2040] VLA chunk prompt=open the bottom drawer
2026-09-18 13:05:40,829 | INFO | [t=2050] VLA chunk prompt=open the bottom drawer
2026-09-18 13:05:41,194 | INFO | [t=2060] VLA chunk prompt=open the bottom drawer
2026-09-18 13:05:41,561 | INFO | [t=2070] VLA chunk prompt=open the bottom drawer
2026-09-18 13:05:42,002 | INFO | [t=2080] VLA chunk prompt=open the bottom drawer
2026-09-18 13:05:42,472 | INFO | [t=2090] VLA chunk prompt=open the bottom drawer
2026-09-18 13:05:42,859 | INFO | [t=2100] VLA chunk prompt=open the bottom drawer
2026-09-18 13:05:43,228 | INFO | [t=2110] VLA chunk prompt=open the bottom drawer
2026-09-18 13:05:43,637 | INFO | [t=2120] VLA chunk prompt=open the bottom drawer
2026-09-18 13:05:44,008 | INFO | [t=2130] VLA chunk prompt=open the bottom drawer
2026-09-18 13:05:44,390 | INFO | [t=2140] VLA chunk prompt=open the bottom drawer
2026-09-18 13:05:44,752 | INFO | [t=2150] VLA chunk prompt=open the bottom drawer
2026-09-18 13:05:45,129 | INFO | [t=2160] VLA chunk prompt=open the bottom drawer
2026-09-18 13:05:45,499 | INFO | [t=2170] VLA chunk prompt=open the bottom drawer
2026-09-18 13:05:45,872 | INFO | [t=2180] VLA chunk prompt=open the bottom drawer
2026-09-18 13:05:46,245 | INFO | [t=2190] VLA chunk prompt=open the bottom drawer
2026-09-18 13:05:46,623 | INFO | [t=2200] VLA chunk prompt=open the bottom drawer
2026-09-18 13:05:47,011 | INFO | [t=2210] VLA chunk prompt=open the bottom drawer
2026-09-18 13:05:47,419 | INFO | [t=2220] VLA chunk prompt=open the bottom drawer
2026-09-18 13:05:47,792 | INFO | [t=2230] VLA chunk prompt=open the bottom drawer
2026-09-18 13:05:48,165 | INFO | [t=2240] VLA chunk prompt=open the bottom drawer
2026-09-18 13:05:48,539 | INFO | [t=2250] VLA chunk prompt=open the bottom drawer
2026-09-18 13:05:48,971 | INFO | [t=2260] VLA chunk prompt=open the bottom drawer
2026-09-18 13:05:49,351 | INFO | [t=2270] VLA chunk prompt=open the bottom drawer
2026-09-18 13:05:49,723 | INFO | [t=2280] VLA chunk prompt=open the bottom drawer
2026-09-18 13:05:50,092 | INFO | [t=2290] VLA chunk prompt=open the bottom drawer
2026-09-18 13:05:50,458 | INFO | [t=2300] VLA chunk prompt=open the bottom drawer
2026-09-18 13:05:50,818 | INFO | [t=2310] VLA chunk prompt=open the bottom drawer
2026-09-18 13:05:51,391 | INFO | [t=2320] VLA chunk prompt=open the bottom drawer
2026-09-18 13:05:51,751 | INFO | [t=2330] VLA chunk prompt=open the bottom drawer
2026-09-18 13:05:52,140 | INFO | [t=2340] VLA chunk prompt=open the bottom drawer
2026-09-18 13:05:52,511 | INFO | [t=2350] VLA chunk prompt=open the bottom drawer
2026-09-18 13:05:52,886 | INFO | [t=2360] VLA chunk prompt=open the bottom drawer
2026-09-18 13:05:53,258 | INFO | [t=2370] VLA chunk prompt=open the bottom drawer
2026-09-18 13:05:53,627 | INFO | [t=2380] VLA chunk prompt=open the bottom drawer
2026-09-18 13:05:53,993 | INFO | [t=2390] VLA chunk prompt=open the bottom drawer
2026-09-18 13:05:54,597 | INFO | [t=2400] VLA chunk prompt=open the bottom drawer
2026-09-18 13:05:55,187 | INFO | [t=2410] VLA chunk prompt=open the bottom drawer
2026-09-18 13:05:55,566 | INFO | [t=2420] VLA chunk prompt=open the bottom drawer
2026-09-18 13:05:55,952 | INFO | [t=2430] VLA chunk prompt=open the bottom drawer
2026-09-18 13:05:56,837 | INFO | [t=2440] VLA chunk prompt=open the bottom drawer
2026-09-18 13:05:57,219 | INFO | [t=2450] VLA chunk prompt=open the bottom drawer
2026-09-18 13:05:57,610 | INFO | [t=2460] VLA chunk prompt=open the bottom drawer
2026-09-18 13:05:57,991 | INFO | [t=2470] VLA chunk prompt=open the bottom drawer
2026-09-18 13:05:58,636 | INFO | [t=2480] VLA chunk prompt=open the bottom drawer
2026-09-18 13:05:59,031 | INFO | [t=2490] VLA chunk prompt=open the bottom drawer
2026-09-18 13:05:59,500 | INFO | [t=2500] VLA chunk prompt=open the bottom drawer
2026-09-18 13:06:01,663 | INFO | API VLM @t=1975 task=5 subtask=done keyframes=[]
2026-09-18 13:06:01,690 | INFO | attempt=1 stage_score=25.0 stage_success=False failure_reason=incomplete_stage
2026-09-18 13:06:01,691 | INFO | Episode 6 seed=106 stage_score=25.0 stage_success=0 goal=0.250 failure_reason=incomplete_stage | 01_Open_Top_Drawer=Y | 02_Close_Top_Drawer=Y | 03_Open_Middle_Drawer=N | 04_Close_Middle_Drawer=N | 05_Open_Bottom_Drawer=N | 06_Close_Bottom_Drawer=N | 07_Open_Middle_Drawer_Again=N | 08_Put_Butter_Middle_Drawer=N | 09_Close_Middle_Drawer_Final=N
