2026-09-18 13:43:59,245 | INFO | task_id=5 bddl=/project/peilab/why/RoboMemArena/bddl/5_butter_middle_drawer.bddl vlm_ckpt=/project/peilab/why/RoboMemArena/checkpoints/PrediMem/vlm_tasks1to26_ckpt74500
2026-09-18 13:44:01,312 | INFO | async VLM enabled: single-slot subtask buffer
2026-09-18 13:44:01,576 | INFO | [t=10] VLA chunk prompt=Open all drawers in order, remember the empty drawer, then put butter into that empty drawer.
2026-09-18 13:44:01,857 | INFO | [t=20] VLA chunk prompt=Open all drawers in order, remember the empty drawer, then put butter into that empty drawer.
2026-09-18 13:44:02,136 | INFO | [t=30] VLA chunk prompt=Open all drawers in order, remember the empty drawer, then put butter into that empty drawer.
2026-09-18 13:44:02,414 | INFO | [t=40] VLA chunk prompt=Open all drawers in order, remember the empty drawer, then put butter into that empty drawer.
2026-09-18 13:44:02,696 | INFO | [t=50] VLA chunk prompt=Open all drawers in order, remember the empty drawer, then put butter into that empty drawer.
2026-09-18 13:44:02,974 | INFO | [t=60] VLA chunk prompt=Open all drawers in order, remember the empty drawer, then put butter into that empty drawer.
2026-09-18 13:44:03,257 | INFO | [t=70] VLA chunk prompt=Open all drawers in order, remember the empty drawer, then put butter into that empty drawer.
2026-09-18 13:44:03,508 | INFO | [t=80] harness subtask override: open top drawer
2026-09-18 13:44:03,508 | INFO | [t=80] VLM prompt update from step=-1: open top drawer
2026-09-18 13:44:03,508 | INFO | [t=80] harness forced VLM replan after stall (pmh visual retrieve armed)
2026-09-18 13:44:03,558 | INFO | [t=80] VLA chunk prompt=open top drawer
2026-09-18 13:44:03,853 | INFO | [t=90] VLA chunk prompt=open top drawer
2026-09-18 13:44:04,151 | INFO | [t=100] VLA chunk prompt=open top drawer
2026-09-18 13:44:04,488 | INFO | [t=110] VLA chunk prompt=open top drawer
2026-09-18 13:44:04,820 | INFO | [t=120] VLA chunk prompt=open top drawer
2026-09-18 13:44:05,153 | INFO | [t=130] VLA chunk prompt=open top drawer
2026-09-18 13:44:05,495 | INFO | [t=140] VLA chunk prompt=open top drawer
2026-09-18 13:44:05,838 | INFO | [t=150] VLA chunk prompt=open top drawer
2026-09-18 13:44:06,187 | INFO | [t=160] VLA chunk prompt=open top drawer
2026-09-18 13:44:06,543 | INFO | [t=170] VLA chunk prompt=open top drawer
2026-09-18 13:44:06,903 | INFO | [t=180] VLA chunk prompt=open top drawer
2026-09-18 13:44:07,268 | INFO | [t=190] VLA chunk prompt=open top drawer
2026-09-18 13:44:07,637 | INFO | [t=200] VLA chunk prompt=open top drawer
2026-09-18 13:44:08,007 | INFO | [t=210] VLA chunk prompt=open top drawer
2026-09-18 13:44:08,383 | INFO | [t=220] VLA chunk prompt=open top drawer
2026-09-18 13:44:08,771 | INFO | [t=230] VLA chunk prompt=open top drawer
2026-09-18 13:44:09,182 | INFO | [t=240] VLA chunk prompt=open top drawer
2026-09-18 13:44:09,574 | INFO | [t=250] VLA chunk prompt=open top drawer
2026-09-18 13:44:09,963 | INFO | [t=260] VLA chunk prompt=open top drawer
2026-09-18 13:44:10,354 | INFO | [t=270] VLA chunk prompt=open top drawer
2026-09-18 13:44:10,745 | INFO | [t=280] VLA chunk prompt=open top drawer
2026-09-18 13:44:11,141 | INFO | [t=290] VLA chunk prompt=open top drawer
2026-09-18 13:44:11,541 | INFO | [t=300] VLA chunk prompt=open top drawer
2026-09-18 13:44:11,933 | INFO | [t=310] VLA chunk prompt=open top drawer
2026-09-18 13:44:12,328 | INFO | [t=320] VLA chunk prompt=open top drawer
2026-09-18 13:44:12,708 | INFO | [t=330] VLA chunk prompt=open top drawer
2026-09-18 13:44:13,083 | INFO | [t=340] VLA chunk prompt=open top drawer
2026-09-18 13:44:13,465 | INFO | [t=350] VLA chunk prompt=open top drawer
2026-09-18 13:44:13,838 | INFO | [t=360] VLA chunk prompt=open top drawer
2026-09-18 13:44:14,222 | INFO | [t=370] VLA chunk prompt=open top drawer
2026-09-18 13:44:14,607 | INFO | [t=380] VLA chunk prompt=open top drawer
2026-09-18 13:44:14,995 | INFO | [t=390] VLA chunk prompt=open top drawer
2026-09-18 13:44:15,379 | INFO | [t=400] VLA chunk prompt=open top drawer
2026-09-18 13:44:15,770 | INFO | [t=410] VLA chunk prompt=open top drawer
2026-09-18 13:44:16,167 | INFO | [t=420] VLA chunk prompt=open top drawer
2026-09-18 13:44:16,568 | INFO | [t=430] VLA chunk prompt=open top drawer
2026-09-18 13:44:16,970 | INFO | [t=440] VLA chunk prompt=open top drawer
2026-09-18 13:44:17,378 | INFO | [t=450] VLA chunk prompt=open top drawer
2026-09-18 13:44:17,797 | INFO | [t=460] VLA chunk prompt=open top drawer
2026-09-18 13:44:18,218 | INFO | [t=470] VLA chunk prompt=open top drawer
2026-09-18 13:44:18,628 | INFO | [t=480] VLA chunk prompt=open top drawer
2026-09-18 13:44:19,031 | INFO | [t=490] VLA chunk prompt=open top drawer
2026-09-18 13:44:19,431 | INFO | [t=500] VLA chunk prompt=open top drawer
2026-09-18 13:44:19,817 | INFO | [t=510] VLA chunk prompt=open top drawer
2026-09-18 13:44:20,213 | INFO | [t=520] VLA chunk prompt=open top drawer
2026-09-18 13:44:20,617 | INFO | [t=530] VLA chunk prompt=open top drawer
2026-09-18 13:44:21,006 | INFO | [t=540] VLA chunk prompt=open top drawer
2026-09-18 13:44:21,394 | INFO | [t=550] VLA chunk prompt=open top drawer
2026-09-18 13:44:21,792 | INFO | [t=560] VLA chunk prompt=open top drawer
2026-09-18 13:44:22,212 | INFO | [t=570] VLA chunk prompt=open top drawer
2026-09-18 13:44:22,616 | INFO | [t=580] VLA chunk prompt=open top drawer
2026-09-18 13:44:23,003 | INFO | [t=590] VLA chunk prompt=open top drawer
2026-09-18 13:44:23,382 | INFO | [t=600] VLA chunk prompt=open top drawer
2026-09-18 13:44:23,765 | INFO | [t=610] VLA chunk prompt=open top drawer
2026-09-18 13:44:24,153 | INFO | [t=620] VLA chunk prompt=open top drawer
2026-09-18 13:44:24,536 | INFO | [t=630] VLA chunk prompt=open top drawer
2026-09-18 13:44:24,914 | INFO | [t=640] VLA chunk prompt=open top drawer
2026-09-18 13:44:25,284 | INFO | [t=650] VLA chunk prompt=open top drawer
2026-09-18 13:44:25,655 | INFO | [t=660] VLA chunk prompt=open top drawer
2026-09-18 13:44:26,026 | INFO | [t=670] VLA chunk prompt=open top drawer
2026-09-18 13:44:26,400 | INFO | [t=680] VLA chunk prompt=open top drawer
2026-09-18 13:44:26,780 | INFO | [t=690] VLA chunk prompt=open top drawer
2026-09-18 13:44:27,167 | INFO | [t=700] VLA chunk prompt=open top drawer
2026-09-18 13:44:27,565 | INFO | [t=710] VLA chunk prompt=open top drawer
2026-09-18 13:44:27,964 | INFO | [t=720] VLA chunk prompt=open top drawer
2026-09-18 13:44:28,375 | INFO | [t=730] VLA chunk prompt=open top drawer
2026-09-18 13:44:28,781 | INFO | [t=740] VLA chunk prompt=open top drawer
2026-09-18 13:44:29,187 | INFO | [t=750] VLA chunk prompt=open top drawer
2026-09-18 13:44:29,594 | INFO | [t=760] VLA chunk prompt=open top drawer
2026-09-18 13:44:29,807 | INFO | API VLM @t=2425 task=5 subtask=close top drawer keyframes=[]
2026-09-18 13:44:29,983 | INFO | [t=770] VLA chunk prompt=open top drawer
2026-09-18 13:44:30,369 | INFO | [t=780] VLA chunk prompt=open top drawer
2026-09-18 13:44:30,755 | INFO | [t=790] VLA chunk prompt=open top drawer
2026-09-18 13:44:31,141 | INFO | [t=800] VLA chunk prompt=open top drawer
2026-09-18 13:44:31,526 | INFO | [t=810] VLA chunk prompt=open top drawer
2026-09-18 13:44:31,910 | INFO | [t=820] VLA chunk prompt=open top drawer
2026-09-18 13:44:32,295 | INFO | [t=830] VLA chunk prompt=open top drawer
2026-09-18 13:44:32,677 | INFO | [t=840] VLA chunk prompt=open top drawer
2026-09-18 13:44:33,065 | INFO | [t=850] VLA chunk prompt=open top drawer
2026-09-18 13:44:33,269 | INFO | [t=856] stage done: 01_Open_Top_Drawer
2026-09-18 13:44:33,455 | INFO | [t=860] VLA chunk prompt=open top drawer
2026-09-18 13:44:33,842 | INFO | [t=870] VLA chunk prompt=open top drawer
2026-09-18 13:44:34,230 | INFO | [t=880] VLA chunk prompt=open top drawer
2026-09-18 13:44:34,617 | INFO | [t=890] VLA chunk prompt=open top drawer
2026-09-18 13:44:35,000 | INFO | [t=900] VLA chunk prompt=open top drawer
2026-09-18 13:44:35,381 | INFO | [t=910] VLA chunk prompt=open top drawer
2026-09-18 13:44:35,389 | INFO | API VLM @t=0 task=5 subtask=open top drawer keyframes=[]
2026-09-18 13:44:35,762 | INFO | [t=920] VLA chunk prompt=open top drawer
2026-09-18 13:44:36,140 | INFO | [t=930] VLA chunk prompt=open top drawer
2026-09-18 13:44:36,478 | INFO | [t=940] harness subtask override: close top drawer
2026-09-18 13:44:36,478 | INFO | [t=940] VLM prompt update from step=0: close top drawer
2026-09-18 13:44:36,479 | INFO | [t=940] harness forced VLM replan after stall (pmh visual retrieve armed)
2026-09-18 13:44:36,529 | INFO | [t=940] VLA chunk prompt=close top drawer
2026-09-18 13:44:36,909 | INFO | [t=950] VLA chunk prompt=close top drawer
2026-09-18 13:44:37,288 | INFO | [t=960] VLA chunk prompt=close top drawer
2026-09-18 13:44:37,667 | INFO | [t=970] VLA chunk prompt=close top drawer
2026-09-18 13:44:38,044 | INFO | [t=980] VLA chunk prompt=close top drawer
2026-09-18 13:44:38,344 | INFO | [t=989] stage done: 02_Close_Top_Drawer
2026-09-18 13:44:38,428 | INFO | [t=990] VLA chunk prompt=close top drawer
2026-09-18 13:44:38,814 | INFO | [t=1000] VLA chunk prompt=close top drawer
2026-09-18 13:44:39,206 | INFO | [t=1010] VLA chunk prompt=close top drawer
2026-09-18 13:44:39,589 | INFO | [t=1020] VLA chunk prompt=close top drawer
2026-09-18 13:44:39,970 | INFO | [t=1030] VLA chunk prompt=close top drawer
2026-09-18 13:44:40,355 | INFO | [t=1040] VLA chunk prompt=close top drawer
2026-09-18 13:44:40,745 | INFO | [t=1050] VLA chunk prompt=close top drawer
2026-09-18 13:44:41,133 | INFO | [t=1060] VLA chunk prompt=close top drawer
2026-09-18 13:44:41,466 | INFO | [t=1070] harness subtask override: open middle drawer
2026-09-18 13:44:41,466 | INFO | [t=1070] VLM prompt update from step=0: open middle drawer
2026-09-18 13:44:41,467 | INFO | [t=1070] harness forced VLM replan after stall (pmh visual retrieve armed)
2026-09-18 13:44:41,517 | INFO | [t=1070] VLA chunk prompt=open middle drawer
2026-09-18 13:44:41,904 | INFO | [t=1080] VLA chunk prompt=open middle drawer
2026-09-18 13:44:42,288 | INFO | [t=1090] VLA chunk prompt=open middle drawer
2026-09-18 13:44:42,671 | INFO | [t=1100] VLA chunk prompt=open middle drawer
2026-09-18 13:44:43,056 | INFO | [t=1110] VLA chunk prompt=open middle drawer
2026-09-18 13:44:43,440 | INFO | [t=1120] VLA chunk prompt=open middle drawer
2026-09-18 13:44:43,820 | INFO | [t=1130] VLA chunk prompt=open middle drawer
2026-09-18 13:44:44,197 | INFO | [t=1140] VLA chunk prompt=open middle drawer
2026-09-18 13:44:44,578 | INFO | [t=1150] VLA chunk prompt=open middle drawer
2026-09-18 13:44:44,969 | INFO | [t=1160] VLA chunk prompt=open middle drawer
2026-09-18 13:44:45,365 | INFO | [t=1170] VLA chunk prompt=open middle drawer
2026-09-18 13:44:45,749 | INFO | [t=1180] VLA chunk prompt=open middle drawer
2026-09-18 13:44:46,137 | INFO | [t=1190] VLA chunk prompt=open middle drawer
2026-09-18 13:44:46,523 | INFO | [t=1200] VLA chunk prompt=open middle drawer
2026-09-18 13:44:46,912 | INFO | [t=1210] VLA chunk prompt=open middle drawer
2026-09-18 13:44:47,294 | INFO | [t=1220] VLA chunk prompt=open middle drawer
2026-09-18 13:44:47,672 | INFO | [t=1230] VLA chunk prompt=open middle drawer
2026-09-18 13:44:48,047 | INFO | [t=1240] VLA chunk prompt=open middle drawer
2026-09-18 13:44:48,417 | INFO | [t=1250] VLA chunk prompt=open middle drawer
2026-09-18 13:44:48,795 | INFO | [t=1260] VLA chunk prompt=open middle drawer
2026-09-18 13:44:49,170 | INFO | [t=1270] VLA chunk prompt=open middle drawer
2026-09-18 13:44:49,546 | INFO | [t=1280] VLA chunk prompt=open middle drawer
2026-09-18 13:44:49,930 | INFO | [t=1290] VLA chunk prompt=open middle drawer
2026-09-18 13:44:50,306 | INFO | [t=1300] VLA chunk prompt=open middle drawer
2026-09-18 13:44:50,683 | INFO | [t=1310] VLA chunk prompt=open middle drawer
2026-09-18 13:44:51,064 | INFO | [t=1320] VLA chunk prompt=open middle drawer
2026-09-18 13:44:51,440 | INFO | [t=1330] VLA chunk prompt=open middle drawer
2026-09-18 13:44:51,820 | INFO | [t=1340] VLA chunk prompt=open middle drawer
2026-09-18 13:44:52,208 | INFO | [t=1350] VLA chunk prompt=open middle drawer
2026-09-18 13:44:52,613 | INFO | [t=1360] VLA chunk prompt=open middle drawer
2026-09-18 13:44:53,024 | INFO | [t=1370] VLA chunk prompt=open middle drawer
2026-09-18 13:44:53,415 | INFO | [t=1380] VLA chunk prompt=open middle drawer
2026-09-18 13:44:53,818 | INFO | [t=1390] VLA chunk prompt=open middle drawer
2026-09-18 13:44:54,220 | INFO | [t=1400] VLA chunk prompt=open middle drawer
2026-09-18 13:44:54,616 | INFO | [t=1410] VLA chunk prompt=open middle drawer
2026-09-18 13:44:55,014 | INFO | [t=1420] VLA chunk prompt=open middle drawer
2026-09-18 13:44:55,410 | INFO | [t=1430] VLA chunk prompt=open middle drawer
2026-09-18 13:44:55,802 | INFO | [t=1440] VLA chunk prompt=open middle drawer
2026-09-18 13:44:56,185 | INFO | [t=1450] VLA chunk prompt=open middle drawer
2026-09-18 13:44:56,568 | INFO | [t=1460] VLA chunk prompt=open middle drawer
2026-09-18 13:44:56,963 | INFO | [t=1470] VLA chunk prompt=open middle drawer
2026-09-18 13:44:57,350 | INFO | [t=1480] VLA chunk prompt=open middle drawer
2026-09-18 13:44:57,738 | INFO | [t=1490] VLA chunk prompt=open middle drawer
2026-09-18 13:44:58,127 | INFO | [t=1500] VLA chunk prompt=open middle drawer
2026-09-18 13:44:58,515 | INFO | [t=1510] VLA chunk prompt=open middle drawer
2026-09-18 13:44:58,908 | INFO | [t=1520] VLA chunk prompt=open middle drawer
2026-09-18 13:44:59,297 | INFO | [t=1530] VLA chunk prompt=open middle drawer
2026-09-18 13:44:59,690 | INFO | [t=1540] VLA chunk prompt=open middle drawer
2026-09-18 13:45:00,083 | INFO | [t=1550] VLA chunk prompt=open middle drawer
2026-09-18 13:45:00,472 | INFO | [t=1560] VLA chunk prompt=open middle drawer
2026-09-18 13:45:00,868 | INFO | [t=1570] VLA chunk prompt=open middle drawer
2026-09-18 13:45:01,258 | INFO | [t=1580] VLA chunk prompt=open middle drawer
2026-09-18 13:45:01,647 | INFO | [t=1590] VLA chunk prompt=open middle drawer
2026-09-18 13:45:02,041 | INFO | [t=1600] VLA chunk prompt=open middle drawer
2026-09-18 13:45:02,438 | INFO | [t=1610] VLA chunk prompt=open middle drawer
2026-09-18 13:45:02,835 | INFO | [t=1620] VLA chunk prompt=open middle drawer
2026-09-18 13:45:03,230 | INFO | [t=1630] VLA chunk prompt=open middle drawer
2026-09-18 13:45:03,623 | INFO | [t=1640] VLA chunk prompt=open middle drawer
2026-09-18 13:45:04,019 | INFO | [t=1650] VLA chunk prompt=open middle drawer
2026-09-18 13:45:04,411 | INFO | [t=1660] VLA chunk prompt=open middle drawer
2026-09-18 13:45:04,817 | INFO | [t=1670] VLA chunk prompt=open middle drawer
2026-09-18 13:45:05,225 | INFO | [t=1680] VLA chunk prompt=open middle drawer
2026-09-18 13:45:05,631 | INFO | [t=1690] VLA chunk prompt=open middle drawer
2026-09-18 13:45:06,022 | INFO | [t=1700] VLA chunk prompt=open middle drawer
2026-09-18 13:45:06,415 | INFO | [t=1710] VLA chunk prompt=open middle drawer
2026-09-18 13:45:06,811 | INFO | [t=1720] VLA chunk prompt=open middle drawer
2026-09-18 13:45:07,204 | INFO | [t=1730] VLA chunk prompt=open middle drawer
2026-09-18 13:45:07,595 | INFO | [t=1740] VLA chunk prompt=open middle drawer
2026-09-18 13:45:07,982 | INFO | [t=1750] VLA chunk prompt=open middle drawer
2026-09-18 13:45:08,365 | INFO | [t=1760] VLA chunk prompt=open middle drawer
2026-09-18 13:45:08,748 | INFO | [t=1770] VLA chunk prompt=open middle drawer
2026-09-18 13:45:09,131 | INFO | [t=1780] VLA chunk prompt=open middle drawer
2026-09-18 13:45:09,517 | INFO | [t=1790] VLA chunk prompt=open middle drawer
2026-09-18 13:45:09,910 | INFO | [t=1800] VLA chunk prompt=open middle drawer
2026-09-18 13:45:10,308 | INFO | [t=1810] VLA chunk prompt=open middle drawer
2026-09-18 13:45:10,696 | INFO | [t=1820] VLA chunk prompt=open middle drawer
2026-09-18 13:45:11,084 | INFO | [t=1830] VLA chunk prompt=open middle drawer
2026-09-18 13:45:11,468 | INFO | [t=1840] VLA chunk prompt=open middle drawer
2026-09-18 13:45:11,853 | INFO | [t=1850] VLA chunk prompt=open middle drawer
2026-09-18 13:45:12,237 | INFO | [t=1860] VLA chunk prompt=open middle drawer
2026-09-18 13:45:12,623 | INFO | [t=1870] VLA chunk prompt=open middle drawer
2026-09-18 13:45:13,010 | INFO | [t=1880] VLA chunk prompt=open middle drawer
2026-09-18 13:45:13,393 | INFO | [t=1890] VLA chunk prompt=open middle drawer
2026-09-18 13:45:13,776 | INFO | [t=1900] VLA chunk prompt=open middle drawer
2026-09-18 13:45:14,156 | INFO | [t=1910] VLA chunk prompt=open middle drawer
2026-09-18 13:45:14,541 | INFO | [t=1920] VLA chunk prompt=open middle drawer
2026-09-18 13:45:14,939 | INFO | [t=1930] VLA chunk prompt=open middle drawer
2026-09-18 13:45:15,331 | INFO | [t=1940] VLA chunk prompt=open middle drawer
2026-09-18 13:45:15,729 | INFO | [t=1950] VLA chunk prompt=open middle drawer
2026-09-18 13:45:16,132 | INFO | [t=1960] VLA chunk prompt=open middle drawer
2026-09-18 13:45:16,523 | INFO | [t=1970] VLA chunk prompt=open middle drawer
2026-09-18 13:45:16,922 | INFO | [t=1980] VLA chunk prompt=open middle drawer
2026-09-18 13:45:17,318 | INFO | [t=1990] VLA chunk prompt=open middle drawer
2026-09-18 13:45:17,719 | INFO | [t=2000] VLA chunk prompt=open middle drawer
2026-09-18 13:45:18,122 | INFO | [t=2010] VLA chunk prompt=open middle drawer
2026-09-18 13:45:18,524 | INFO | [t=2020] VLA chunk prompt=open middle drawer
2026-09-18 13:45:18,936 | INFO | [t=2030] VLA chunk prompt=open middle drawer
2026-09-18 13:45:19,352 | INFO | [t=2040] VLA chunk prompt=open middle drawer
2026-09-18 13:45:19,749 | INFO | [t=2050] VLA chunk prompt=open middle drawer
2026-09-18 13:45:20,138 | INFO | [t=2060] VLA chunk prompt=open middle drawer
2026-09-18 13:45:20,526 | INFO | [t=2070] VLA chunk prompt=open middle drawer
2026-09-18 13:45:20,927 | INFO | [t=2080] VLA chunk prompt=open middle drawer
2026-09-18 13:45:21,312 | INFO | [t=2090] VLA chunk prompt=open middle drawer
2026-09-18 13:45:21,696 | INFO | [t=2100] VLA chunk prompt=open middle drawer
2026-09-18 13:45:22,078 | INFO | [t=2110] VLA chunk prompt=open middle drawer
2026-09-18 13:45:22,458 | INFO | [t=2120] VLA chunk prompt=open middle drawer
2026-09-18 13:45:22,839 | INFO | [t=2130] VLA chunk prompt=open middle drawer
2026-09-18 13:45:23,252 | INFO | [t=2140] VLA chunk prompt=open middle drawer
2026-09-18 13:45:23,659 | INFO | [t=2150] VLA chunk prompt=open middle drawer
2026-09-18 13:45:24,054 | INFO | [t=2160] VLA chunk prompt=open middle drawer
2026-09-18 13:45:24,448 | INFO | [t=2170] VLA chunk prompt=open middle drawer
2026-09-18 13:45:24,841 | INFO | [t=2180] VLA chunk prompt=open middle drawer
2026-09-18 13:45:25,230 | INFO | [t=2190] VLA chunk prompt=open middle drawer
2026-09-18 13:45:25,615 | INFO | [t=2200] VLA chunk prompt=open middle drawer
2026-09-18 13:45:26,001 | INFO | [t=2210] VLA chunk prompt=open middle drawer
2026-09-18 13:45:26,388 | INFO | [t=2220] VLA chunk prompt=open middle drawer
2026-09-18 13:45:26,593 | INFO | API VLM @t=900 task=5 subtask=close the top drawer keyframes=[]
2026-09-18 13:45:26,726 | INFO | [t=2230] VLM prompt update from step=900: close the top drawer
2026-09-18 13:45:26,777 | INFO | [t=2230] VLA chunk prompt=close the top drawer
2026-09-18 13:45:27,167 | INFO | [t=2240] VLA chunk prompt=close the top drawer
2026-09-18 13:45:27,558 | INFO | [t=2250] VLA chunk prompt=close the top drawer
2026-09-18 13:45:27,951 | INFO | [t=2260] VLA chunk prompt=close the top drawer
2026-09-18 13:45:28,344 | INFO | [t=2270] VLA chunk prompt=close the top drawer
2026-09-18 13:45:28,732 | INFO | [t=2280] VLA chunk prompt=close the top drawer
2026-09-18 13:45:29,117 | INFO | [t=2290] VLA chunk prompt=close the top drawer
2026-09-18 13:45:29,502 | INFO | [t=2300] VLA chunk prompt=close the top drawer
2026-09-18 13:45:29,888 | INFO | [t=2310] VLA chunk prompt=close the top drawer
2026-09-18 13:45:30,275 | INFO | [t=2320] VLA chunk prompt=close the top drawer
2026-09-18 13:45:30,665 | INFO | [t=2330] VLA chunk prompt=close the top drawer
2026-09-18 13:45:31,050 | INFO | [t=2340] VLA chunk prompt=close the top drawer
2026-09-18 13:45:31,435 | INFO | [t=2350] VLA chunk prompt=close the top drawer
2026-09-18 13:45:31,819 | INFO | [t=2360] VLA chunk prompt=close the top drawer
2026-09-18 13:45:32,200 | INFO | [t=2370] VLA chunk prompt=close the top drawer
2026-09-18 13:45:32,580 | INFO | [t=2380] VLA chunk prompt=close the top drawer
2026-09-18 13:45:32,965 | INFO | [t=2390] VLA chunk prompt=close the top drawer
2026-09-18 13:45:33,352 | INFO | [t=2400] VLA chunk prompt=close the top drawer
2026-09-18 13:45:33,743 | INFO | [t=2410] VLA chunk prompt=close the top drawer
2026-09-18 13:45:34,129 | INFO | [t=2420] VLA chunk prompt=close the top drawer
2026-09-18 13:45:34,511 | INFO | [t=2430] VLA chunk prompt=close the top drawer
2026-09-18 13:45:34,890 | INFO | [t=2440] VLA chunk prompt=close the top drawer
2026-09-18 13:45:35,269 | INFO | [t=2450] VLA chunk prompt=close the top drawer
2026-09-18 13:45:35,644 | INFO | [t=2460] VLA chunk prompt=close the top drawer
2026-09-18 13:45:36,020 | INFO | [t=2470] VLA chunk prompt=close the top drawer
2026-09-18 13:45:36,396 | INFO | [t=2480] VLA chunk prompt=close the top drawer
2026-09-18 13:45:36,771 | INFO | [t=2490] VLA chunk prompt=close the top drawer
2026-09-18 13:45:37,152 | INFO | [t=2500] VLA chunk prompt=close the top drawer
2026-09-18 13:45:40,517 | INFO | attempt=0 stage_score=25.0 stage_success=False failure_reason=incomplete_stage
2026-09-18 13:45:42,536 | INFO | harness release_gripper after env.reset (attempt=1)
2026-09-18 13:45:42,537 | INFO | async VLM enabled: single-slot subtask buffer
2026-09-18 13:45:42,798 | INFO | [t=10] VLA chunk prompt=Open all drawers in order, remember the empty drawer, then put butter into that empty drawer.
2026-09-18 13:45:43,079 | INFO | [t=20] VLA chunk prompt=Open all drawers in order, remember the empty drawer, then put butter into that empty drawer.
2026-09-18 13:45:43,356 | INFO | [t=30] VLA chunk prompt=Open all drawers in order, remember the empty drawer, then put butter into that empty drawer.
2026-09-18 13:45:43,631 | INFO | [t=40] VLA chunk prompt=Open all drawers in order, remember the empty drawer, then put butter into that empty drawer.
2026-09-18 13:45:43,908 | INFO | [t=50] VLA chunk prompt=Open all drawers in order, remember the empty drawer, then put butter into that empty drawer.
2026-09-18 13:45:44,188 | INFO | [t=60] VLA chunk prompt=Open all drawers in order, remember the empty drawer, then put butter into that empty drawer.
2026-09-18 13:45:44,486 | INFO | [t=70] VLA chunk prompt=Open all drawers in order, remember the empty drawer, then put butter into that empty drawer.
2026-09-18 13:45:44,720 | INFO | [t=80] harness subtask override: open top drawer
2026-09-18 13:45:44,720 | INFO | [t=80] VLM prompt update from step=-1: open top drawer
2026-09-18 13:45:44,720 | INFO | [t=80] harness forced VLM replan after stall (pmh visual retrieve armed)
2026-09-18 13:45:44,771 | INFO | [t=80] VLA chunk prompt=open top drawer
2026-09-18 13:45:45,056 | INFO | [t=90] VLA chunk prompt=open top drawer
2026-09-18 13:45:45,357 | INFO | [t=100] VLA chunk prompt=open top drawer
2026-09-18 13:45:45,678 | INFO | [t=110] VLA chunk prompt=open top drawer
2026-09-18 13:45:46,009 | INFO | [t=120] VLA chunk prompt=open top drawer
2026-09-18 13:45:46,337 | INFO | [t=130] VLA chunk prompt=open top drawer
2026-09-18 13:45:46,686 | INFO | [t=140] VLA chunk prompt=open top drawer
2026-09-18 13:45:47,038 | INFO | [t=150] VLA chunk prompt=open top drawer
2026-09-18 13:45:47,395 | INFO | [t=160] VLA chunk prompt=open top drawer
2026-09-18 13:45:47,759 | INFO | [t=170] VLA chunk prompt=open top drawer
2026-09-18 13:45:48,129 | INFO | [t=180] VLA chunk prompt=open top drawer
2026-09-18 13:45:48,506 | INFO | [t=190] VLA chunk prompt=open top drawer
2026-09-18 13:45:48,887 | INFO | [t=200] VLA chunk prompt=open top drawer
2026-09-18 13:45:49,276 | INFO | [t=210] VLA chunk prompt=open top drawer
2026-09-18 13:45:49,661 | INFO | [t=220] VLA chunk prompt=open top drawer
2026-09-18 13:45:50,056 | INFO | [t=230] VLA chunk prompt=open top drawer
2026-09-18 13:45:50,453 | INFO | [t=240] VLA chunk prompt=open top drawer
2026-09-18 13:45:50,857 | INFO | [t=250] VLA chunk prompt=open top drawer
2026-09-18 13:45:51,274 | INFO | [t=260] VLA chunk prompt=open top drawer
2026-09-18 13:45:51,669 | INFO | [t=270] VLA chunk prompt=open top drawer
2026-09-18 13:45:52,068 | INFO | [t=280] VLA chunk prompt=open top drawer
2026-09-18 13:45:52,473 | INFO | [t=290] VLA chunk prompt=open top drawer
2026-09-18 13:45:52,870 | INFO | [t=300] VLA chunk prompt=open top drawer
2026-09-18 13:45:53,268 | INFO | [t=310] VLA chunk prompt=open top drawer
2026-09-18 13:45:53,687 | INFO | [t=320] VLA chunk prompt=open top drawer
2026-09-18 13:45:54,112 | INFO | [t=330] VLA chunk prompt=open top drawer
2026-09-18 13:45:54,512 | INFO | [t=340] VLA chunk prompt=open top drawer
2026-09-18 13:45:54,920 | INFO | [t=350] VLA chunk prompt=open top drawer
2026-09-18 13:45:55,319 | INFO | [t=360] VLA chunk prompt=open top drawer
2026-09-18 13:45:55,718 | INFO | [t=370] VLA chunk prompt=open top drawer
2026-09-18 13:45:56,118 | INFO | [t=380] VLA chunk prompt=open top drawer
2026-09-18 13:45:56,537 | INFO | [t=390] VLA chunk prompt=open top drawer
2026-09-18 13:45:56,947 | INFO | [t=400] VLA chunk prompt=open top drawer
2026-09-18 13:45:57,353 | INFO | [t=410] VLA chunk prompt=open top drawer
2026-09-18 13:45:57,753 | INFO | [t=420] VLA chunk prompt=open top drawer
2026-09-18 13:45:57,997 | INFO | API VLM @t=0 task=5 subtask=open top drawer keyframes=[]
2026-09-18 13:45:58,156 | INFO | [t=430] VLA chunk prompt=open top drawer
2026-09-18 13:45:58,554 | INFO | [t=440] VLA chunk prompt=open top drawer
2026-09-18 13:45:58,967 | INFO | [t=450] VLA chunk prompt=open top drawer
2026-09-18 13:45:59,379 | INFO | [t=460] VLA chunk prompt=open top drawer
2026-09-18 13:45:59,798 | INFO | [t=470] VLA chunk prompt=open top drawer
2026-09-18 13:46:00,233 | INFO | [t=480] VLA chunk prompt=open top drawer
2026-09-18 13:46:00,643 | INFO | [t=490] VLA chunk prompt=open top drawer
2026-09-18 13:46:01,044 | INFO | [t=500] VLA chunk prompt=open top drawer
2026-09-18 13:46:01,443 | INFO | [t=510] VLA chunk prompt=open top drawer
2026-09-18 13:46:01,844 | INFO | [t=520] VLA chunk prompt=open top drawer
2026-09-18 13:46:02,243 | INFO | [t=530] VLA chunk prompt=open top drawer
2026-09-18 13:46:02,407 | INFO | API VLM @t=2215 task=5 subtask=open middle drawer keyframes=[]
2026-09-18 13:46:02,647 | INFO | [t=540] VLA chunk prompt=open top drawer
2026-09-18 13:46:03,052 | INFO | [t=550] VLA chunk prompt=open top drawer
2026-09-18 13:46:03,464 | INFO | [t=560] VLA chunk prompt=open top drawer
2026-09-18 13:46:03,879 | INFO | [t=570] VLA chunk prompt=open top drawer
2026-09-18 13:46:04,279 | INFO | [t=580] VLA chunk prompt=open top drawer
2026-09-18 13:46:04,683 | INFO | [t=590] VLA chunk prompt=open top drawer
2026-09-18 13:46:05,081 | INFO | [t=600] VLA chunk prompt=open top drawer
2026-09-18 13:46:05,481 | INFO | [t=610] VLA chunk prompt=open top drawer
2026-09-18 13:46:05,883 | INFO | [t=620] VLA chunk prompt=open top drawer
2026-09-18 13:46:06,284 | INFO | [t=630] VLA chunk prompt=open top drawer
2026-09-18 13:46:06,687 | INFO | [t=640] VLA chunk prompt=open top drawer
2026-09-18 13:46:07,093 | INFO | [t=650] VLA chunk prompt=open top drawer
2026-09-18 13:46:07,496 | INFO | [t=660] VLA chunk prompt=open top drawer
2026-09-18 13:46:07,894 | INFO | [t=670] VLA chunk prompt=open top drawer
2026-09-18 13:46:08,295 | INFO | [t=680] VLA chunk prompt=open top drawer
2026-09-18 13:46:08,687 | INFO | [t=690] VLA chunk prompt=open top drawer
2026-09-18 13:46:09,074 | INFO | [t=700] VLA chunk prompt=open top drawer
2026-09-18 13:46:09,463 | INFO | [t=710] VLA chunk prompt=open top drawer
2026-09-18 13:46:09,854 | INFO | [t=720] VLA chunk prompt=open top drawer
2026-09-18 13:46:10,246 | INFO | [t=730] VLA chunk prompt=open top drawer
2026-09-18 13:46:10,657 | INFO | [t=740] VLA chunk prompt=open top drawer
2026-09-18 13:46:11,061 | INFO | [t=750] VLA chunk prompt=open top drawer
2026-09-18 13:46:11,460 | INFO | [t=760] VLA chunk prompt=open top drawer
2026-09-18 13:46:11,853 | INFO | [t=770] VLA chunk prompt=open top drawer
2026-09-18 13:46:12,244 | INFO | [t=780] VLA chunk prompt=open top drawer
2026-09-18 13:46:12,637 | INFO | [t=790] VLA chunk prompt=open top drawer
2026-09-18 13:46:13,031 | INFO | [t=800] VLA chunk prompt=open top drawer
2026-09-18 13:46:13,419 | INFO | [t=810] VLA chunk prompt=open top drawer
2026-09-18 13:46:13,803 | INFO | [t=820] VLA chunk prompt=open top drawer
2026-09-18 13:46:14,187 | INFO | [t=830] VLA chunk prompt=open top drawer
2026-09-18 13:46:14,571 | INFO | [t=840] VLA chunk prompt=open top drawer
2026-09-18 13:46:14,957 | INFO | [t=850] VLA chunk prompt=open top drawer
2026-09-18 13:46:15,358 | INFO | [t=860] VLA chunk prompt=open top drawer
2026-09-18 13:46:15,750 | INFO | [t=870] VLA chunk prompt=open top drawer
2026-09-18 13:46:16,148 | INFO | [t=880] VLA chunk prompt=open top drawer
2026-09-18 13:46:16,545 | INFO | [t=890] VLA chunk prompt=open top drawer
2026-09-18 13:46:16,940 | INFO | [t=900] VLA chunk prompt=open top drawer
2026-09-18 13:46:17,327 | INFO | [t=910] VLA chunk prompt=open top drawer
2026-09-18 13:46:17,711 | INFO | [t=920] VLA chunk prompt=open top drawer
2026-09-18 13:46:18,100 | INFO | [t=930] VLA chunk prompt=open top drawer
2026-09-18 13:46:18,485 | INFO | [t=940] VLA chunk prompt=open top drawer
2026-09-18 13:46:18,869 | INFO | [t=950] VLA chunk prompt=open top drawer
2026-09-18 13:46:19,260 | INFO | [t=960] VLA chunk prompt=open top drawer
2026-09-18 13:46:19,652 | INFO | [t=970] VLA chunk prompt=open top drawer
2026-09-18 13:46:20,038 | INFO | [t=980] VLA chunk prompt=open top drawer
2026-09-18 13:46:20,423 | INFO | [t=990] VLA chunk prompt=open top drawer
2026-09-18 13:46:20,809 | INFO | [t=1000] VLA chunk prompt=open top drawer
2026-09-18 13:46:21,206 | INFO | [t=1010] VLA chunk prompt=open top drawer
2026-09-18 13:46:21,594 | INFO | [t=1020] VLA chunk prompt=open top drawer
2026-09-18 13:46:21,981 | INFO | [t=1030] VLA chunk prompt=open top drawer
2026-09-18 13:46:22,377 | INFO | [t=1040] VLA chunk prompt=open top drawer
2026-09-18 13:46:22,765 | INFO | [t=1050] VLA chunk prompt=open top drawer
2026-09-18 13:46:23,154 | INFO | [t=1060] VLA chunk prompt=open top drawer
2026-09-18 13:46:23,538 | INFO | [t=1070] VLA chunk prompt=open top drawer
2026-09-18 13:46:23,925 | INFO | [t=1080] VLA chunk prompt=open top drawer
2026-09-18 13:46:24,340 | INFO | [t=1090] VLA chunk prompt=open top drawer
2026-09-18 13:46:24,748 | INFO | [t=1100] VLA chunk prompt=open top drawer
2026-09-18 13:46:25,140 | INFO | [t=1110] VLA chunk prompt=open top drawer
2026-09-18 13:46:25,531 | INFO | [t=1120] VLA chunk prompt=open top drawer
2026-09-18 13:46:25,926 | INFO | [t=1130] VLA chunk prompt=open top drawer
2026-09-18 13:46:26,325 | INFO | [t=1140] VLA chunk prompt=open top drawer
2026-09-18 13:46:26,724 | INFO | [t=1150] VLA chunk prompt=open top drawer
2026-09-18 13:46:27,132 | INFO | [t=1160] VLA chunk prompt=open top drawer
2026-09-18 13:46:27,542 | INFO | [t=1170] VLA chunk prompt=open top drawer
2026-09-18 13:46:27,937 | INFO | [t=1180] VLA chunk prompt=open top drawer
2026-09-18 13:46:28,332 | INFO | [t=1190] VLA chunk prompt=open top drawer
2026-09-18 13:46:28,727 | INFO | [t=1200] VLA chunk prompt=open top drawer
2026-09-18 13:46:29,128 | INFO | [t=1210] VLA chunk prompt=open top drawer
2026-09-18 13:46:29,529 | INFO | [t=1220] VLA chunk prompt=open top drawer
2026-09-18 13:46:29,932 | INFO | [t=1230] VLA chunk prompt=open top drawer
2026-09-18 13:46:30,331 | INFO | [t=1240] VLA chunk prompt=open top drawer
2026-09-18 13:46:30,725 | INFO | [t=1250] VLA chunk prompt=open top drawer
2026-09-18 13:46:31,112 | INFO | [t=1260] VLA chunk prompt=open top drawer
2026-09-18 13:46:31,503 | INFO | [t=1270] VLA chunk prompt=open top drawer
2026-09-18 13:46:31,891 | INFO | [t=1280] VLA chunk prompt=open top drawer
2026-09-18 13:46:32,277 | INFO | [t=1290] VLA chunk prompt=open top drawer
2026-09-18 13:46:32,666 | INFO | [t=1300] VLA chunk prompt=open top drawer
2026-09-18 13:46:33,052 | INFO | [t=1310] VLA chunk prompt=open top drawer
2026-09-18 13:46:33,437 | INFO | [t=1320] VLA chunk prompt=open top drawer
2026-09-18 13:46:33,821 | INFO | [t=1330] VLA chunk prompt=open top drawer
2026-09-18 13:46:34,199 | INFO | [t=1340] VLA chunk prompt=open top drawer
2026-09-18 13:46:34,580 | INFO | [t=1350] VLA chunk prompt=open top drawer
2026-09-18 13:46:34,964 | INFO | [t=1360] VLA chunk prompt=open top drawer
2026-09-18 13:46:35,351 | INFO | [t=1370] VLA chunk prompt=open top drawer
2026-09-18 13:46:35,741 | INFO | [t=1380] VLA chunk prompt=open top drawer
2026-09-18 13:46:36,131 | INFO | [t=1390] VLA chunk prompt=open top drawer
2026-09-18 13:46:36,524 | INFO | [t=1400] VLA chunk prompt=open top drawer
2026-09-18 13:46:36,920 | INFO | [t=1410] VLA chunk prompt=open top drawer
2026-09-18 13:46:37,317 | INFO | [t=1420] VLA chunk prompt=open top drawer
2026-09-18 13:46:37,718 | INFO | [t=1430] VLA chunk prompt=open top drawer
2026-09-18 13:46:38,125 | INFO | [t=1440] VLA chunk prompt=open top drawer
2026-09-18 13:46:38,534 | INFO | [t=1450] VLA chunk prompt=open top drawer
2026-09-18 13:46:38,933 | INFO | [t=1460] VLA chunk prompt=open top drawer
2026-09-18 13:46:39,252 | INFO | API VLM @t=415 task=5 subtask=open top drawer keyframes=[]
2026-09-18 13:46:39,324 | INFO | [t=1470] VLA chunk prompt=open top drawer
2026-09-18 13:46:39,714 | INFO | [t=1480] VLA chunk prompt=open top drawer
2026-09-18 13:46:40,102 | INFO | [t=1490] VLA chunk prompt=open top drawer
2026-09-18 13:46:40,488 | INFO | [t=1500] VLA chunk prompt=open top drawer
2026-09-18 13:46:40,873 | INFO | [t=1510] VLA chunk prompt=open top drawer
2026-09-18 13:46:41,261 | INFO | [t=1520] VLA chunk prompt=open top drawer
2026-09-18 13:46:41,648 | INFO | [t=1530] VLA chunk prompt=open top drawer
2026-09-18 13:46:42,035 | INFO | [t=1540] VLA chunk prompt=open top drawer
2026-09-18 13:46:42,441 | INFO | [t=1550] VLA chunk prompt=open top drawer
2026-09-18 13:46:42,842 | INFO | [t=1560] VLA chunk prompt=open top drawer
2026-09-18 13:46:43,235 | INFO | [t=1570] VLA chunk prompt=open top drawer
2026-09-18 13:46:43,626 | INFO | [t=1580] VLA chunk prompt=open top drawer
2026-09-18 13:46:44,013 | INFO | [t=1590] VLA chunk prompt=open top drawer
2026-09-18 13:46:44,402 | INFO | [t=1600] VLA chunk prompt=open top drawer
2026-09-18 13:46:44,789 | INFO | [t=1610] VLA chunk prompt=open top drawer
2026-09-18 13:46:45,175 | INFO | [t=1620] VLA chunk prompt=open top drawer
2026-09-18 13:46:45,565 | INFO | [t=1630] VLA chunk prompt=open top drawer
2026-09-18 13:46:45,960 | INFO | [t=1640] VLA chunk prompt=open top drawer
2026-09-18 13:46:46,356 | INFO | [t=1650] VLA chunk prompt=open top drawer
2026-09-18 13:46:46,754 | INFO | [t=1660] VLA chunk prompt=open top drawer
2026-09-18 13:46:47,155 | INFO | [t=1670] VLA chunk prompt=open top drawer
2026-09-18 13:46:47,556 | INFO | [t=1680] VLA chunk prompt=open top drawer
2026-09-18 13:46:47,958 | INFO | [t=1690] VLA chunk prompt=open top drawer
2026-09-18 13:46:48,364 | INFO | [t=1700] VLA chunk prompt=open top drawer
2026-09-18 13:46:48,769 | INFO | [t=1710] VLA chunk prompt=open top drawer
2026-09-18 13:46:49,174 | INFO | [t=1720] VLA chunk prompt=open top drawer
2026-09-18 13:46:49,580 | INFO | [t=1730] VLA chunk prompt=open top drawer
2026-09-18 13:46:49,987 | INFO | [t=1740] VLA chunk prompt=open top drawer
2026-09-18 13:46:50,395 | INFO | [t=1750] VLA chunk prompt=open top drawer
2026-09-18 13:46:50,786 | INFO | [t=1760] VLA chunk prompt=open top drawer
2026-09-18 13:46:51,179 | INFO | [t=1770] VLA chunk prompt=open top drawer
2026-09-18 13:46:51,568 | INFO | [t=1780] VLA chunk prompt=open top drawer
2026-09-18 13:46:51,959 | INFO | [t=1790] VLA chunk prompt=open top drawer
2026-09-18 13:46:52,351 | INFO | [t=1800] VLA chunk prompt=open top drawer
2026-09-18 13:46:52,755 | INFO | [t=1810] VLA chunk prompt=open top drawer
2026-09-18 13:46:53,153 | INFO | [t=1820] VLA chunk prompt=open top drawer
2026-09-18 13:46:53,547 | INFO | [t=1830] VLA chunk prompt=open top drawer
2026-09-18 13:46:53,939 | INFO | [t=1840] VLA chunk prompt=open top drawer
2026-09-18 13:46:54,325 | INFO | [t=1850] VLA chunk prompt=open top drawer
2026-09-18 13:46:54,731 | INFO | [t=1860] VLA chunk prompt=open top drawer
2026-09-18 13:46:55,159 | INFO | [t=1870] VLA chunk prompt=open top drawer
2026-09-18 13:46:55,542 | INFO | [t=1880] VLA chunk prompt=open top drawer
2026-09-18 13:46:55,926 | INFO | [t=1890] VLA chunk prompt=open top drawer
2026-09-18 13:46:56,302 | INFO | [t=1900] VLA chunk prompt=open top drawer
2026-09-18 13:46:56,674 | INFO | [t=1910] VLA chunk prompt=open top drawer
2026-09-18 13:46:57,048 | INFO | [t=1920] VLA chunk prompt=open top drawer
2026-09-18 13:46:57,425 | INFO | [t=1930] VLA chunk prompt=open top drawer
2026-09-18 13:46:57,801 | INFO | [t=1940] VLA chunk prompt=open top drawer
2026-09-18 13:46:58,181 | INFO | [t=1950] VLA chunk prompt=open top drawer
2026-09-18 13:46:58,572 | INFO | [t=1960] VLA chunk prompt=open top drawer
2026-09-18 13:46:58,961 | INFO | [t=1970] VLA chunk prompt=open top drawer
2026-09-18 13:46:59,338 | INFO | [t=1980] VLA chunk prompt=open top drawer
2026-09-18 13:46:59,719 | INFO | [t=1990] VLA chunk prompt=open top drawer
2026-09-18 13:47:00,099 | INFO | [t=2000] VLA chunk prompt=open top drawer
2026-09-18 13:47:00,477 | INFO | [t=2010] VLA chunk prompt=open top drawer
2026-09-18 13:47:00,847 | INFO | [t=2020] VLA chunk prompt=open top drawer
2026-09-18 13:47:01,212 | INFO | [t=2030] VLA chunk prompt=open top drawer
2026-09-18 13:47:01,577 | INFO | [t=2040] VLA chunk prompt=open top drawer
2026-09-18 13:47:01,943 | INFO | [t=2050] VLA chunk prompt=open top drawer
2026-09-18 13:47:02,311 | INFO | [t=2060] VLA chunk prompt=open top drawer
2026-09-18 13:47:02,689 | INFO | [t=2070] VLA chunk prompt=open top drawer
2026-09-18 13:47:03,070 | INFO | [t=2080] VLA chunk prompt=open top drawer
2026-09-18 13:47:03,450 | INFO | [t=2090] VLA chunk prompt=open top drawer
2026-09-18 13:47:03,831 | INFO | [t=2100] VLA chunk prompt=open top drawer
2026-09-18 13:47:04,218 | INFO | [t=2110] VLA chunk prompt=open top drawer
2026-09-18 13:47:04,608 | INFO | [t=2120] VLA chunk prompt=open top drawer
2026-09-18 13:47:04,998 | INFO | [t=2130] VLA chunk prompt=open top drawer
2026-09-18 13:47:05,383 | INFO | [t=2140] VLA chunk prompt=open top drawer
2026-09-18 13:47:05,771 | INFO | [t=2150] VLA chunk prompt=open top drawer
2026-09-18 13:47:06,159 | INFO | [t=2160] VLA chunk prompt=open top drawer
2026-09-18 13:47:06,545 | INFO | [t=2170] VLA chunk prompt=open top drawer
2026-09-18 13:47:06,929 | INFO | [t=2180] VLA chunk prompt=open top drawer
2026-09-18 13:47:07,315 | INFO | [t=2190] VLA chunk prompt=open top drawer
2026-09-18 13:47:07,704 | INFO | [t=2200] VLA chunk prompt=open top drawer
2026-09-18 13:47:08,089 | INFO | [t=2210] VLA chunk prompt=open top drawer
2026-09-18 13:47:08,475 | INFO | [t=2220] VLA chunk prompt=open top drawer
2026-09-18 13:47:08,859 | INFO | [t=2230] VLA chunk prompt=open top drawer
2026-09-18 13:47:09,242 | INFO | [t=2240] VLA chunk prompt=open top drawer
2026-09-18 13:47:09,622 | INFO | [t=2250] VLA chunk prompt=open top drawer
2026-09-18 13:47:10,002 | INFO | [t=2260] VLA chunk prompt=open top drawer
2026-09-18 13:47:10,387 | INFO | [t=2270] VLA chunk prompt=open top drawer
2026-09-18 13:47:10,768 | INFO | [t=2280] VLA chunk prompt=open top drawer
2026-09-18 13:47:11,147 | INFO | [t=2290] VLA chunk prompt=open top drawer
2026-09-18 13:47:11,528 | INFO | [t=2300] VLA chunk prompt=open top drawer
2026-09-18 13:47:11,906 | INFO | [t=2310] VLA chunk prompt=open top drawer
2026-09-18 13:47:12,286 | INFO | [t=2320] VLA chunk prompt=open top drawer
2026-09-18 13:47:12,666 | INFO | [t=2330] VLA chunk prompt=open top drawer
2026-09-18 13:47:13,042 | INFO | [t=2340] VLA chunk prompt=open top drawer
2026-09-18 13:47:13,418 | INFO | [t=2350] VLA chunk prompt=open top drawer
2026-09-18 13:47:13,790 | INFO | [t=2360] VLA chunk prompt=open top drawer
2026-09-18 13:47:14,166 | INFO | [t=2370] VLA chunk prompt=open top drawer
2026-09-18 13:47:14,544 | INFO | [t=2380] VLA chunk prompt=open top drawer
2026-09-18 13:47:14,920 | INFO | [t=2390] VLA chunk prompt=open top drawer
2026-09-18 13:47:15,299 | INFO | [t=2400] VLA chunk prompt=open top drawer
2026-09-18 13:47:15,682 | INFO | [t=2410] VLA chunk prompt=open top drawer
2026-09-18 13:47:16,069 | INFO | [t=2420] VLA chunk prompt=open top drawer
2026-09-18 13:47:16,433 | INFO | API VLM @t=1455 task=5 subtask=open top drawer keyframes=[]
2026-09-18 13:47:16,453 | INFO | [t=2430] VLA chunk prompt=open top drawer
2026-09-18 13:47:16,845 | INFO | [t=2440] VLA chunk prompt=open top drawer
2026-09-18 13:47:17,227 | INFO | [t=2450] VLA chunk prompt=open top drawer
2026-09-18 13:47:17,609 | INFO | [t=2460] VLA chunk prompt=open top drawer
2026-09-18 13:47:17,993 | INFO | [t=2470] VLA chunk prompt=open top drawer
2026-09-18 13:47:18,372 | INFO | [t=2480] VLA chunk prompt=open top drawer
2026-09-18 13:47:18,763 | INFO | [t=2490] VLA chunk prompt=open top drawer
2026-09-18 13:47:19,147 | INFO | [t=2500] VLA chunk prompt=open top drawer
2026-09-18 13:47:22,579 | INFO | attempt=1 stage_score=0.0 stage_success=False failure_reason=incomplete_stage
2026-09-18 13:47:22,584 | INFO | Episode 8 seed=108 stage_score=25.0 stage_success=0 goal=0.250 failure_reason=incomplete_stage | 01_Open_Top_Drawer=Y | 02_Close_Top_Drawer=Y | 03_Open_Middle_Drawer=N | 04_Close_Middle_Drawer=N | 05_Open_Bottom_Drawer=N | 06_Close_Bottom_Drawer=N | 07_Open_Middle_Drawer_Again=N | 08_Put_Butter_Middle_Drawer=N | 09_Close_Middle_Drawer_Final=N
