2026-09-26 14:53:23,319 | INFO | task_id=5 bddl=/project/peilab/why/RoboMemArena/bddl/5_butter_middle_drawer.bddl vlm_ckpt=/project/peilab/why/RoboMemArena/checkpoints/PrediMem/vlm_tasks1to26_ckpt74500
2026-09-26 14:53:24,483 | INFO | API VLM @t=2450 task=5 subtask=Open the drawer to inspect its contents. keyframes=[]
2026-09-26 14:53:25,554 | INFO | async VLM enabled: single-slot subtask buffer
2026-09-26 14:53:25,812 | INFO | [t=10] VLA chunk prompt=Open all drawers in order, remember the empty drawer, then put butter into that empty drawer.
2026-09-26 14:53:26,092 | INFO | [t=20] VLA chunk prompt=Open all drawers in order, remember the empty drawer, then put butter into that empty drawer.
2026-09-26 14:53:26,368 | INFO | [t=30] VLA chunk prompt=Open all drawers in order, remember the empty drawer, then put butter into that empty drawer.
2026-09-26 14:53:26,641 | INFO | [t=40] VLA chunk prompt=Open all drawers in order, remember the empty drawer, then put butter into that empty drawer.
2026-09-26 14:53:26,915 | INFO | [t=50] VLA chunk prompt=Open all drawers in order, remember the empty drawer, then put butter into that empty drawer.
2026-09-26 14:53:27,190 | INFO | [t=60] VLA chunk prompt=Open all drawers in order, remember the empty drawer, then put butter into that empty drawer.
2026-09-26 14:53:27,469 | INFO | [t=70] VLA chunk prompt=Open all drawers in order, remember the empty drawer, then put butter into that empty drawer.
2026-09-26 14:53:27,748 | INFO | [t=80] VLA chunk prompt=Open all drawers in order, remember the empty drawer, then put butter into that empty drawer.
2026-09-26 14:53:28,025 | INFO | [t=90] VLA chunk prompt=Open all drawers in order, remember the empty drawer, then put butter into that empty drawer.
2026-09-26 14:53:28,302 | INFO | [t=100] VLA chunk prompt=Open all drawers in order, remember the empty drawer, then put butter into that empty drawer.
2026-09-26 14:53:28,579 | INFO | [t=110] VLA chunk prompt=Open all drawers in order, remember the empty drawer, then put butter into that empty drawer.
2026-09-26 14:53:28,888 | INFO | [t=120] VLA chunk prompt=Open all drawers in order, remember the empty drawer, then put butter into that empty drawer.
2026-09-26 14:53:29,084 | INFO | [t=127] stage done: 01_Open_Top_Drawer
2026-09-26 14:53:29,218 | INFO | [t=130] VLA chunk prompt=Open all drawers in order, remember the empty drawer, then put butter into that empty drawer.
2026-09-26 14:53:29,548 | INFO | [t=140] VLA chunk prompt=Open all drawers in order, remember the empty drawer, then put butter into that empty drawer.
2026-09-26 14:53:29,890 | INFO | [t=150] VLA chunk prompt=Open all drawers in order, remember the empty drawer, then put butter into that empty drawer.
2026-09-26 14:53:30,234 | INFO | [t=160] VLA chunk prompt=Open all drawers in order, remember the empty drawer, then put butter into that empty drawer.
2026-09-26 14:53:30,587 | INFO | [t=170] VLA chunk prompt=Open all drawers in order, remember the empty drawer, then put butter into that empty drawer.
2026-09-26 14:53:30,942 | INFO | [t=180] VLA chunk prompt=Open all drawers in order, remember the empty drawer, then put butter into that empty drawer.
2026-09-26 14:53:31,098 | INFO | [t=185] stage done: 02_Close_Top_Drawer
2026-09-26 14:53:31,306 | INFO | [t=190] VLA chunk prompt=Open all drawers in order, remember the empty drawer, then put butter into that empty drawer.
2026-09-26 14:53:31,672 | INFO | [t=200] VLA chunk prompt=Open all drawers in order, remember the empty drawer, then put butter into that empty drawer.
2026-09-26 14:53:32,035 | INFO | [t=210] VLA chunk prompt=Open all drawers in order, remember the empty drawer, then put butter into that empty drawer.
2026-09-26 14:53:32,394 | INFO | [t=220] VLA chunk prompt=Open all drawers in order, remember the empty drawer, then put butter into that empty drawer.
2026-09-26 14:53:32,756 | INFO | [t=230] VLA chunk prompt=Open all drawers in order, remember the empty drawer, then put butter into that empty drawer.
2026-09-26 14:53:33,122 | INFO | [t=240] VLA chunk prompt=Open all drawers in order, remember the empty drawer, then put butter into that empty drawer.
2026-09-26 14:53:33,490 | INFO | [t=250] VLA chunk prompt=Open all drawers in order, remember the empty drawer, then put butter into that empty drawer.
2026-09-26 14:53:33,868 | INFO | [t=260] VLA chunk prompt=Open all drawers in order, remember the empty drawer, then put butter into that empty drawer.
2026-09-26 14:53:34,256 | INFO | [t=270] VLA chunk prompt=Open all drawers in order, remember the empty drawer, then put butter into that empty drawer.
2026-09-26 14:53:34,641 | INFO | [t=280] VLA chunk prompt=Open all drawers in order, remember the empty drawer, then put butter into that empty drawer.
2026-09-26 14:53:35,028 | INFO | [t=290] VLA chunk prompt=Open all drawers in order, remember the empty drawer, then put butter into that empty drawer.
2026-09-26 14:53:35,413 | INFO | [t=300] VLA chunk prompt=Open all drawers in order, remember the empty drawer, then put butter into that empty drawer.
2026-09-26 14:53:35,801 | INFO | [t=310] VLA chunk prompt=Open all drawers in order, remember the empty drawer, then put butter into that empty drawer.
2026-09-26 14:53:36,170 | INFO | API VLM @t=0 task=5 subtask=open the top drawer keyframes=[]
2026-09-26 14:53:36,186 | INFO | [t=320] VLA chunk prompt=Open all drawers in order, remember the empty drawer, then put butter into that empty drawer.
2026-09-26 14:53:36,519 | INFO | [t=330] VLM prompt update from step=0: open the top drawer
2026-09-26 14:53:36,568 | INFO | [t=330] VLA chunk prompt=open the top drawer
2026-09-26 14:53:36,841 | INFO | [t=338] stage done: 03_Open_Middle_Drawer
2026-09-26 14:53:36,960 | INFO | [t=340] VLA chunk prompt=open the top drawer
2026-09-26 14:53:37,340 | INFO | [t=350] VLA chunk prompt=open the top drawer
2026-09-26 14:53:37,724 | INFO | [t=360] VLA chunk prompt=open the top drawer
2026-09-26 14:53:38,099 | INFO | [t=370] VLA chunk prompt=open the top drawer
2026-09-26 14:53:38,470 | INFO | [t=380] VLA chunk prompt=open the top drawer
2026-09-26 14:53:38,838 | INFO | [t=390] VLA chunk prompt=open the top drawer
2026-09-26 14:53:39,197 | INFO | [t=400] VLA chunk prompt=open the top drawer
2026-09-26 14:53:39,557 | INFO | [t=410] VLA chunk prompt=open the top drawer
2026-09-26 14:53:39,916 | INFO | [t=420] VLA chunk prompt=open the top drawer
2026-09-26 14:53:40,278 | INFO | [t=430] VLA chunk prompt=open the top drawer
2026-09-26 14:53:40,637 | INFO | [t=440] VLA chunk prompt=open the top drawer
2026-09-26 14:53:40,999 | INFO | [t=450] VLA chunk prompt=open the top drawer
2026-09-26 14:53:41,358 | INFO | [t=460] VLA chunk prompt=open the top drawer
2026-09-26 14:53:41,521 | INFO | API VLM @t=310 task=5 subtask=open the top drawer keyframes=[]
2026-09-26 14:53:41,726 | INFO | [t=470] VLA chunk prompt=open the top drawer
2026-09-26 14:53:42,093 | INFO | [t=480] VLA chunk prompt=open the top drawer
2026-09-26 14:53:42,466 | INFO | [t=490] VLA chunk prompt=open the top drawer
2026-09-26 14:53:42,839 | INFO | [t=500] VLA chunk prompt=open the top drawer
2026-09-26 14:53:43,204 | INFO | [t=510] VLA chunk prompt=open the top drawer
2026-09-26 14:53:43,562 | INFO | [t=520] VLA chunk prompt=open the top drawer
2026-09-26 14:53:43,921 | INFO | [t=530] VLA chunk prompt=open the top drawer
2026-09-26 14:53:44,280 | INFO | [t=540] VLA chunk prompt=open the top drawer
2026-09-26 14:53:44,640 | INFO | [t=550] VLA chunk prompt=open the top drawer
2026-09-26 14:53:44,998 | INFO | [t=560] VLA chunk prompt=open the top drawer
2026-09-26 14:53:45,353 | INFO | [t=570] VLA chunk prompt=open the top drawer
2026-09-26 14:53:45,708 | INFO | [t=580] VLA chunk prompt=open the top drawer
2026-09-26 14:53:46,063 | INFO | [t=590] VLA chunk prompt=open the top drawer
2026-09-26 14:53:46,418 | INFO | [t=600] VLA chunk prompt=open the top drawer
2026-09-26 14:53:46,773 | INFO | [t=610] VLA chunk prompt=open the top drawer
2026-09-26 14:53:47,132 | INFO | [t=620] VLA chunk prompt=open the top drawer
2026-09-26 14:53:47,497 | INFO | [t=630] VLA chunk prompt=open the top drawer
2026-09-26 14:53:47,865 | INFO | [t=640] VLA chunk prompt=open the top drawer
2026-09-26 14:53:48,240 | INFO | [t=650] VLA chunk prompt=open the top drawer
2026-09-26 14:53:48,622 | INFO | [t=660] VLA chunk prompt=open the top drawer
2026-09-26 14:53:49,006 | INFO | [t=670] VLA chunk prompt=open the top drawer
2026-09-26 14:53:49,386 | INFO | [t=680] VLA chunk prompt=open the top drawer
2026-09-26 14:53:49,767 | INFO | [t=690] VLA chunk prompt=open the top drawer
2026-09-26 14:53:50,158 | INFO | API VLM @t=455 task=5 subtask=Reach for and grasp the butter keyframes=[]
2026-09-26 14:53:50,160 | INFO | [t=700] VLA chunk prompt=open the top drawer
2026-09-26 14:53:50,506 | INFO | [t=710] VLM prompt update from step=455: Reach for and grasp the butter
2026-09-26 14:53:50,558 | INFO | [t=710] VLA chunk prompt=Reach for and grasp the butter
2026-09-26 14:53:50,954 | INFO | [t=720] VLA chunk prompt=Reach for and grasp the butter
2026-09-26 14:53:51,354 | INFO | [t=730] VLA chunk prompt=Reach for and grasp the butter
2026-09-26 14:53:51,758 | INFO | [t=740] VLA chunk prompt=Reach for and grasp the butter
2026-09-26 14:53:52,159 | INFO | [t=750] VLA chunk prompt=Reach for and grasp the butter
2026-09-26 14:53:52,553 | INFO | [t=760] VLA chunk prompt=Reach for and grasp the butter
2026-09-26 14:53:52,944 | INFO | [t=770] VLA chunk prompt=Reach for and grasp the butter
2026-09-26 14:53:53,335 | INFO | [t=780] VLA chunk prompt=Reach for and grasp the butter
2026-09-26 14:53:53,721 | INFO | [t=790] VLA chunk prompt=Reach for and grasp the butter
2026-09-26 14:53:54,108 | INFO | [t=800] VLA chunk prompt=Reach for and grasp the butter
2026-09-26 14:53:54,493 | INFO | [t=810] VLA chunk prompt=Reach for and grasp the butter
2026-09-26 14:53:54,880 | INFO | [t=820] VLA chunk prompt=Reach for and grasp the butter
2026-09-26 14:53:55,267 | INFO | [t=830] VLA chunk prompt=Reach for and grasp the butter
2026-09-26 14:53:55,658 | INFO | [t=840] VLA chunk prompt=Reach for and grasp the butter
2026-09-26 14:53:56,053 | INFO | [t=850] VLA chunk prompt=Reach for and grasp the butter
2026-09-26 14:53:56,449 | INFO | [t=860] VLA chunk prompt=Reach for and grasp the butter
2026-09-26 14:53:56,847 | INFO | [t=870] VLA chunk prompt=Reach for and grasp the butter
2026-09-26 14:53:57,260 | INFO | [t=880] VLA chunk prompt=Reach for and grasp the butter
2026-09-26 14:53:57,642 | INFO | [t=890] VLA chunk prompt=Reach for and grasp the butter
2026-09-26 14:53:57,802 | INFO | API VLM @t=690 task=5 subtask=pick up the butter keyframes=[]
2026-09-26 14:53:57,971 | INFO | [t=900] VLM prompt update from step=690: pick up the butter
2026-09-26 14:53:58,021 | INFO | [t=900] VLA chunk prompt=pick up the butter
2026-09-26 14:53:58,393 | INFO | [t=910] VLA chunk prompt=pick up the butter
2026-09-26 14:53:58,766 | INFO | [t=920] VLA chunk prompt=pick up the butter
2026-09-26 14:53:59,134 | INFO | [t=930] VLA chunk prompt=pick up the butter
2026-09-26 14:53:59,504 | INFO | [t=940] VLA chunk prompt=pick up the butter
2026-09-26 14:53:59,874 | INFO | [t=950] VLA chunk prompt=pick up the butter
2026-09-26 14:54:00,241 | INFO | [t=960] VLA chunk prompt=pick up the butter
2026-09-26 14:54:00,597 | INFO | [t=970] VLA chunk prompt=pick up the butter
2026-09-26 14:54:00,949 | INFO | [t=980] VLA chunk prompt=pick up the butter
2026-09-26 14:54:01,305 | INFO | [t=990] VLA chunk prompt=pick up the butter
2026-09-26 14:54:01,673 | INFO | [t=1000] VLA chunk prompt=pick up the butter
2026-09-26 14:54:02,038 | INFO | [t=1010] VLA chunk prompt=pick up the butter
2026-09-26 14:54:02,396 | INFO | [t=1020] VLA chunk prompt=pick up the butter
2026-09-26 14:54:02,761 | INFO | [t=1030] VLA chunk prompt=pick up the butter
2026-09-26 14:54:03,137 | INFO | [t=1040] VLA chunk prompt=pick up the butter
2026-09-26 14:54:03,453 | INFO | API VLM @t=880 task=5 subtask=Place the butter into the open drawer keyframes=[]
2026-09-26 14:54:03,459 | INFO | [t=1050] VLM prompt update from step=880: Place the butter into the open drawer
2026-09-26 14:54:03,509 | INFO | [t=1050] VLA chunk prompt=Place the butter into the open drawer
2026-09-26 14:54:03,884 | INFO | [t=1060] VLA chunk prompt=Place the butter into the open drawer
2026-09-26 14:54:04,257 | INFO | [t=1070] VLA chunk prompt=Place the butter into the open drawer
2026-09-26 14:54:04,633 | INFO | [t=1080] VLA chunk prompt=Place the butter into the open drawer
2026-09-26 14:54:05,004 | INFO | [t=1090] VLA chunk prompt=Place the butter into the open drawer
2026-09-26 14:54:05,369 | INFO | [t=1100] VLA chunk prompt=Place the butter into the open drawer
2026-09-26 14:54:05,728 | INFO | [t=1110] VLA chunk prompt=Place the butter into the open drawer
2026-09-26 14:54:06,087 | INFO | [t=1120] VLA chunk prompt=Place the butter into the open drawer
2026-09-26 14:54:06,453 | INFO | [t=1130] VLA chunk prompt=Place the butter into the open drawer
2026-09-26 14:54:06,819 | INFO | [t=1140] VLA chunk prompt=Place the butter into the open drawer
2026-09-26 14:54:07,194 | INFO | [t=1150] VLA chunk prompt=Place the butter into the open drawer
2026-09-26 14:54:07,573 | INFO | [t=1160] VLA chunk prompt=Place the butter into the open drawer
2026-09-26 14:54:07,946 | INFO | [t=1170] VLA chunk prompt=Place the butter into the open drawer
2026-09-26 14:54:08,317 | INFO | [t=1180] VLA chunk prompt=Place the butter into the open drawer
2026-09-26 14:54:08,695 | INFO | [t=1190] VLA chunk prompt=Place the butter into the open drawer
2026-09-26 14:54:09,069 | INFO | [t=1200] VLA chunk prompt=Place the butter into the open drawer
2026-09-26 14:54:09,439 | INFO | [t=1210] VLA chunk prompt=Place the butter into the open drawer
2026-09-26 14:54:09,806 | INFO | [t=1220] VLA chunk prompt=Place the butter into the open drawer
2026-09-26 14:54:10,175 | INFO | [t=1230] VLA chunk prompt=Place the butter into the open drawer
2026-09-26 14:54:10,541 | INFO | [t=1240] VLA chunk prompt=Place the butter into the open drawer
2026-09-26 14:54:10,904 | INFO | [t=1250] VLA chunk prompt=Place the butter into the open drawer
2026-09-26 14:54:11,125 | INFO | [t=1257] stage done: 04_Close_Middle_Drawer
2026-09-26 14:54:11,270 | INFO | [t=1260] VLA chunk prompt=Place the butter into the open drawer
2026-09-26 14:54:11,632 | INFO | [t=1270] VLA chunk prompt=Place the butter into the open drawer
2026-09-26 14:54:11,994 | INFO | [t=1280] VLA chunk prompt=Place the butter into the open drawer
2026-09-26 14:54:12,352 | INFO | [t=1290] VLA chunk prompt=Place the butter into the open drawer
2026-09-26 14:54:12,717 | INFO | [t=1300] VLA chunk prompt=Place the butter into the open drawer
2026-09-26 14:54:13,087 | INFO | [t=1310] VLA chunk prompt=Place the butter into the open drawer
2026-09-26 14:54:13,460 | INFO | [t=1320] VLA chunk prompt=Place the butter into the open drawer
2026-09-26 14:54:13,830 | INFO | [t=1330] VLA chunk prompt=Place the butter into the open drawer
2026-09-26 14:54:14,123 | INFO | API VLM @t=1035 task=5 subtask=open the drawer keyframes=[]
2026-09-26 14:54:14,156 | INFO | [t=1340] VLM prompt update from step=1035: open the drawer
2026-09-26 14:54:14,205 | INFO | [t=1340] VLA chunk prompt=open the drawer
2026-09-26 14:54:14,570 | INFO | [t=1350] VLA chunk prompt=open the drawer
2026-09-26 14:54:14,926 | INFO | [t=1360] VLA chunk prompt=open the drawer
2026-09-26 14:54:15,284 | INFO | [t=1370] VLA chunk prompt=open the drawer
2026-09-26 14:54:15,643 | INFO | [t=1380] VLA chunk prompt=open the drawer
2026-09-26 14:54:15,998 | INFO | [t=1390] VLA chunk prompt=open the drawer
2026-09-26 14:54:16,352 | INFO | [t=1400] VLA chunk prompt=open the drawer
2026-09-26 14:54:16,717 | INFO | [t=1410] VLA chunk prompt=open the drawer
2026-09-26 14:54:17,079 | INFO | [t=1420] VLA chunk prompt=open the drawer
2026-09-26 14:54:17,444 | INFO | [t=1430] VLA chunk prompt=open the drawer
2026-09-26 14:54:17,807 | INFO | [t=1440] VLA chunk prompt=open the drawer
2026-09-26 14:54:18,170 | INFO | [t=1450] VLA chunk prompt=open the drawer
2026-09-26 14:54:18,528 | INFO | [t=1460] VLA chunk prompt=open the drawer
2026-09-26 14:54:18,885 | INFO | [t=1470] VLA chunk prompt=open the drawer
2026-09-26 14:54:19,239 | INFO | [t=1480] VLA chunk prompt=open the drawer
2026-09-26 14:54:19,596 | INFO | [t=1490] VLA chunk prompt=open the drawer
2026-09-26 14:54:19,949 | INFO | [t=1500] VLA chunk prompt=open the drawer
2026-09-26 14:54:20,309 | INFO | [t=1510] VLA chunk prompt=open the drawer
2026-09-26 14:54:20,674 | INFO | [t=1520] VLA chunk prompt=open the drawer
2026-09-26 14:54:21,047 | INFO | [t=1530] VLA chunk prompt=open the drawer
2026-09-26 14:54:21,416 | INFO | [t=1540] VLA chunk prompt=open the drawer
2026-09-26 14:54:21,788 | INFO | [t=1550] VLA chunk prompt=open the drawer
2026-09-26 14:54:22,173 | INFO | [t=1560] VLA chunk prompt=open the drawer
2026-09-26 14:54:22,555 | INFO | [t=1570] VLA chunk prompt=open the drawer
2026-09-26 14:54:22,940 | INFO | [t=1580] VLA chunk prompt=open the drawer
2026-09-26 14:54:23,315 | INFO | [t=1590] VLA chunk prompt=open the drawer
2026-09-26 14:54:23,697 | INFO | [t=1600] VLA chunk prompt=open the drawer
2026-09-26 14:54:24,075 | INFO | [t=1610] VLA chunk prompt=open the drawer
2026-09-26 14:54:24,109 | INFO | API VLM @t=1325 task=5 subtask=Open the top drawer keyframes=[]
2026-09-26 14:54:24,401 | INFO | [t=1620] VLM prompt update from step=1325: Open the top drawer
2026-09-26 14:54:24,452 | INFO | [t=1620] VLA chunk prompt=Open the top drawer
2026-09-26 14:54:24,825 | INFO | [t=1630] VLA chunk prompt=Open the top drawer
2026-09-26 14:54:25,180 | INFO | [t=1640] VLA chunk prompt=Open the top drawer
2026-09-26 14:54:25,527 | INFO | [t=1650] VLA chunk prompt=Open the top drawer
2026-09-26 14:54:25,878 | INFO | [t=1660] VLA chunk prompt=Open the top drawer
2026-09-26 14:54:26,229 | INFO | [t=1670] VLA chunk prompt=Open the top drawer
2026-09-26 14:54:26,582 | INFO | [t=1680] VLA chunk prompt=Open the top drawer
2026-09-26 14:54:26,938 | INFO | [t=1690] VLA chunk prompt=Open the top drawer
2026-09-26 14:54:27,295 | INFO | [t=1700] VLA chunk prompt=Open the top drawer
2026-09-26 14:54:27,652 | INFO | [t=1710] VLA chunk prompt=Open the top drawer
2026-09-26 14:54:28,013 | INFO | [t=1720] VLA chunk prompt=Open the top drawer
2026-09-26 14:54:28,371 | INFO | [t=1730] VLA chunk prompt=Open the top drawer
2026-09-26 14:54:28,727 | INFO | [t=1740] VLA chunk prompt=Open the top drawer
2026-09-26 14:54:29,087 | INFO | [t=1750] VLA chunk prompt=Open the top drawer
2026-09-26 14:54:29,450 | INFO | [t=1760] VLA chunk prompt=Open the top drawer
2026-09-26 14:54:29,815 | INFO | [t=1770] VLA chunk prompt=Open the top drawer
2026-09-26 14:54:30,182 | INFO | [t=1780] VLA chunk prompt=Open the top drawer
2026-09-26 14:54:30,554 | INFO | [t=1790] VLA chunk prompt=Open the top drawer
2026-09-26 14:54:30,925 | INFO | [t=1800] VLA chunk prompt=Open the top drawer
2026-09-26 14:54:31,295 | INFO | [t=1810] VLA chunk prompt=Open the top drawer
2026-09-26 14:54:31,671 | INFO | [t=1820] VLA chunk prompt=Open the top drawer
2026-09-26 14:54:32,044 | INFO | [t=1830] VLA chunk prompt=Open the top drawer
2026-09-26 14:54:32,409 | INFO | [t=1840] VLA chunk prompt=Open the top drawer
2026-09-26 14:54:32,774 | INFO | [t=1850] VLA chunk prompt=Open the top drawer
2026-09-26 14:54:33,130 | INFO | [t=1860] VLA chunk prompt=Open the top drawer
2026-09-26 14:54:33,486 | INFO | [t=1870] VLA chunk prompt=Open the top drawer
2026-09-26 14:54:33,844 | INFO | [t=1880] VLA chunk prompt=Open the top drawer
2026-09-26 14:54:34,202 | INFO | [t=1890] VLA chunk prompt=Open the top drawer
2026-09-26 14:54:34,560 | INFO | [t=1900] VLA chunk prompt=Open the top drawer
2026-09-26 14:54:34,922 | INFO | [t=1910] VLA chunk prompt=Open the top drawer
2026-09-26 14:54:35,175 | INFO | API VLM @t=1600 task=5 subtask=open the top drawer keyframes=[]
2026-09-26 14:54:35,240 | INFO | [t=1920] VLM prompt update from step=1600: open the top drawer
2026-09-26 14:54:35,290 | INFO | [t=1920] VLA chunk prompt=open the top drawer
2026-09-26 14:54:35,660 | INFO | [t=1930] VLA chunk prompt=open the top drawer
2026-09-26 14:54:36,027 | INFO | [t=1940] VLA chunk prompt=open the top drawer
2026-09-26 14:54:36,390 | INFO | [t=1950] VLA chunk prompt=open the top drawer
2026-09-26 14:54:36,755 | INFO | [t=1960] VLA chunk prompt=open the top drawer
2026-09-26 14:54:37,121 | INFO | [t=1970] VLA chunk prompt=open the top drawer
2026-09-26 14:54:37,489 | INFO | [t=1980] VLA chunk prompt=open the top drawer
2026-09-26 14:54:37,865 | INFO | [t=1990] VLA chunk prompt=open the top drawer
2026-09-26 14:54:38,243 | INFO | [t=2000] VLA chunk prompt=open the top drawer
2026-09-26 14:54:38,613 | INFO | [t=2010] VLA chunk prompt=open the top drawer
2026-09-26 14:54:38,982 | INFO | [t=2020] VLA chunk prompt=open the top drawer
2026-09-26 14:54:39,351 | INFO | [t=2030] VLA chunk prompt=open the top drawer
2026-09-26 14:54:39,719 | INFO | [t=2040] VLA chunk prompt=open the top drawer
2026-09-26 14:54:40,088 | INFO | [t=2050] VLA chunk prompt=open the top drawer
2026-09-26 14:54:40,462 | INFO | [t=2060] VLA chunk prompt=open the top drawer
2026-09-26 14:54:40,830 | INFO | [t=2070] VLA chunk prompt=open the top drawer
2026-09-26 14:54:41,195 | INFO | [t=2080] VLA chunk prompt=open the top drawer
2026-09-26 14:54:41,562 | INFO | [t=2090] VLA chunk prompt=open the top drawer
2026-09-26 14:54:41,927 | INFO | [t=2100] VLA chunk prompt=open the top drawer
2026-09-26 14:54:42,294 | INFO | [t=2110] VLA chunk prompt=open the top drawer
2026-09-26 14:54:42,662 | INFO | [t=2120] VLA chunk prompt=open the top drawer
2026-09-26 14:54:43,030 | INFO | [t=2130] VLA chunk prompt=open the top drawer
2026-09-26 14:54:43,397 | INFO | [t=2140] VLA chunk prompt=open the top drawer
2026-09-26 14:54:43,762 | INFO | [t=2150] VLA chunk prompt=open the top drawer
2026-09-26 14:54:44,126 | INFO | [t=2160] VLA chunk prompt=open the top drawer
2026-09-26 14:54:44,491 | INFO | [t=2170] VLA chunk prompt=open the top drawer
2026-09-26 14:54:44,856 | INFO | [t=2180] VLA chunk prompt=open the top drawer
2026-09-26 14:54:45,229 | INFO | [t=2190] VLA chunk prompt=open the top drawer
2026-09-26 14:54:45,437 | INFO | API VLM @t=1905 task=5 subtask=put the butter into the open target drawer keyframes=[]
2026-09-26 14:54:45,549 | INFO | [t=2200] VLM prompt update from step=1905: put the butter into the open target drawer
2026-09-26 14:54:45,601 | INFO | [t=2200] VLA chunk prompt=put the butter into the open target drawer
2026-09-26 14:54:45,962 | INFO | [t=2210] VLA chunk prompt=put the butter into the open target drawer
2026-09-26 14:54:46,323 | INFO | [t=2220] VLA chunk prompt=put the butter into the open target drawer
2026-09-26 14:54:46,684 | INFO | [t=2230] VLA chunk prompt=put the butter into the open target drawer
2026-09-26 14:54:47,045 | INFO | [t=2240] VLA chunk prompt=put the butter into the open target drawer
2026-09-26 14:54:47,411 | INFO | [t=2250] VLA chunk prompt=put the butter into the open target drawer
2026-09-26 14:54:47,776 | INFO | [t=2260] VLA chunk prompt=put the butter into the open target drawer
2026-09-26 14:54:48,137 | INFO | [t=2270] VLA chunk prompt=put the butter into the open target drawer
2026-09-26 14:54:48,492 | INFO | [t=2280] VLA chunk prompt=put the butter into the open target drawer
2026-09-26 14:54:48,845 | INFO | [t=2290] VLA chunk prompt=put the butter into the open target drawer
2026-09-26 14:54:49,197 | INFO | [t=2300] VLA chunk prompt=put the butter into the open target drawer
2026-09-26 14:54:49,547 | INFO | [t=2310] VLA chunk prompt=put the butter into the open target drawer
2026-09-26 14:54:49,898 | INFO | [t=2320] VLA chunk prompt=put the butter into the open target drawer
2026-09-26 14:54:50,249 | INFO | [t=2330] VLA chunk prompt=put the butter into the open target drawer
2026-09-26 14:54:50,603 | INFO | [t=2340] VLA chunk prompt=put the butter into the open target drawer
2026-09-26 14:54:50,956 | INFO | [t=2350] VLA chunk prompt=put the butter into the open target drawer
2026-09-26 14:54:51,316 | INFO | [t=2360] VLA chunk prompt=put the butter into the open target drawer
2026-09-26 14:54:51,679 | INFO | [t=2370] VLA chunk prompt=put the butter into the open target drawer
2026-09-26 14:54:52,043 | INFO | [t=2380] VLA chunk prompt=put the butter into the open target drawer
2026-09-26 14:54:52,412 | INFO | [t=2390] VLA chunk prompt=put the butter into the open target drawer
2026-09-26 14:54:52,776 | INFO | [t=2400] VLA chunk prompt=put the butter into the open target drawer
2026-09-26 14:54:53,138 | INFO | [t=2410] VLA chunk prompt=put the butter into the open target drawer
2026-09-26 14:54:53,487 | INFO | [t=2420] VLA chunk prompt=put the butter into the open target drawer
2026-09-26 14:54:53,837 | INFO | [t=2430] VLA chunk prompt=put the butter into the open target drawer
2026-09-26 14:54:54,185 | INFO | [t=2440] VLA chunk prompt=put the butter into the open target drawer
2026-09-26 14:54:54,276 | INFO | API VLM @t=2185 task=5 subtask=reach toward the butter on the table keyframes=[]
2026-09-26 14:54:54,488 | INFO | [t=2450] VLM prompt update from step=2185: reach toward the butter on the table
2026-09-26 14:54:54,538 | INFO | [t=2450] VLA chunk prompt=reach toward the butter on the table
2026-09-26 14:54:54,890 | INFO | [t=2460] VLA chunk prompt=reach toward the butter on the table
2026-09-26 14:54:55,246 | INFO | [t=2470] VLA chunk prompt=reach toward the butter on the table
2026-09-26 14:54:55,609 | INFO | [t=2480] VLA chunk prompt=reach toward the butter on the table
2026-09-26 14:54:55,971 | INFO | [t=2490] VLA chunk prompt=reach toward the butter on the table
2026-09-26 14:54:56,324 | INFO | [t=2500] VLA chunk prompt=reach toward the butter on the table
2026-09-26 14:54:59,646 | INFO | attempt=0 stage_score=50.0 stage_success=False failure_reason=incomplete_stage
2026-09-26 14:54:59,646 | INFO | Episode 9 seed=109 stage_score=50.0 stage_success=0 goal=0.500 failure_reason=incomplete_stage | 01_Open_Top_Drawer=Y | 02_Close_Top_Drawer=Y | 03_Open_Middle_Drawer=Y | 04_Close_Middle_Drawer=Y | 05_Open_Bottom_Drawer=N | 06_Close_Bottom_Drawer=N | 07_Open_Middle_Drawer_Again=N | 08_Put_Butter_Middle_Drawer=N | 09_Close_Middle_Drawer_Final=N
