2026-09-18 12:45:48,652 | INFO | task_id=5 bddl=/project/peilab/why/RoboMemArena/bddl/5_butter_middle_drawer.bddl vlm_ckpt=/project/peilab/why/RoboMemArena/checkpoints/PrediMem/vlm_tasks1to26_ckpt74500
2026-09-18 12:45:50,944 | INFO | async VLM enabled: single-slot subtask buffer
2026-09-18 12:45:51,211 | INFO | [t=10] VLA chunk prompt=Open all drawers in order, remember the empty drawer, then put butter into that empty drawer.
2026-09-18 12:45:51,495 | INFO | [t=20] VLA chunk prompt=Open all drawers in order, remember the empty drawer, then put butter into that empty drawer.
2026-09-18 12:45:51,775 | INFO | [t=30] VLA chunk prompt=Open all drawers in order, remember the empty drawer, then put butter into that empty drawer.
2026-09-18 12:45:52,054 | INFO | [t=40] VLA chunk prompt=Open all drawers in order, remember the empty drawer, then put butter into that empty drawer.
2026-09-18 12:45:52,337 | INFO | [t=50] VLA chunk prompt=Open all drawers in order, remember the empty drawer, then put butter into that empty drawer.
2026-09-18 12:45:52,617 | INFO | [t=60] VLA chunk prompt=Open all drawers in order, remember the empty drawer, then put butter into that empty drawer.
2026-09-18 12:45:52,905 | INFO | [t=70] VLA chunk prompt=Open all drawers in order, remember the empty drawer, then put butter into that empty drawer.
2026-09-18 12:45:53,147 | INFO | [t=80] harness subtask override: open top drawer
2026-09-18 12:45:53,147 | INFO | [t=80] VLM prompt update from step=-1: open top drawer
2026-09-18 12:45:53,147 | INFO | [t=80] harness forced VLM replan after stall (pmh visual retrieve armed)
2026-09-18 12:45:53,197 | INFO | [t=80] VLA chunk prompt=open top drawer
2026-09-18 12:45:53,486 | INFO | [t=90] VLA chunk prompt=open top drawer
2026-09-18 12:45:53,781 | INFO | [t=100] VLA chunk prompt=open top drawer
2026-09-18 12:45:54,074 | INFO | [t=110] VLA chunk prompt=open top drawer
2026-09-18 12:45:54,363 | INFO | [t=120] VLA chunk prompt=open top drawer
2026-09-18 12:45:54,673 | INFO | [t=130] VLA chunk prompt=open top drawer
2026-09-18 12:45:55,009 | INFO | [t=140] VLA chunk prompt=open top drawer
2026-09-18 12:45:55,343 | INFO | [t=150] VLA chunk prompt=open top drawer
2026-09-18 12:45:55,673 | INFO | [t=160] VLA chunk prompt=open top drawer
2026-09-18 12:45:56,005 | INFO | [t=170] VLA chunk prompt=open top drawer
2026-09-18 12:45:56,343 | INFO | [t=180] VLA chunk prompt=open top drawer
2026-09-18 12:45:56,685 | INFO | [t=190] VLA chunk prompt=open top drawer
2026-09-18 12:45:57,033 | INFO | [t=200] VLA chunk prompt=open top drawer
2026-09-18 12:45:57,392 | INFO | [t=210] VLA chunk prompt=open top drawer
2026-09-18 12:45:57,756 | INFO | [t=220] VLA chunk prompt=open top drawer
2026-09-18 12:45:58,125 | INFO | [t=230] VLA chunk prompt=open top drawer
2026-09-18 12:45:58,510 | INFO | [t=240] VLA chunk prompt=open top drawer
2026-09-18 12:45:58,910 | INFO | [t=250] VLA chunk prompt=open top drawer
2026-09-18 12:45:59,300 | INFO | [t=260] VLA chunk prompt=open top drawer
2026-09-18 12:45:59,691 | INFO | [t=270] VLA chunk prompt=open top drawer
2026-09-18 12:46:00,096 | INFO | [t=280] VLA chunk prompt=open top drawer
2026-09-18 12:46:00,501 | INFO | [t=290] VLA chunk prompt=open top drawer
2026-09-18 12:46:00,887 | INFO | [t=300] VLA chunk prompt=open top drawer
2026-09-18 12:46:01,272 | INFO | [t=310] VLA chunk prompt=open top drawer
2026-09-18 12:46:01,659 | INFO | [t=320] VLA chunk prompt=open top drawer
2026-09-18 12:46:02,048 | INFO | [t=330] VLA chunk prompt=open top drawer
2026-09-18 12:46:02,437 | INFO | [t=340] VLA chunk prompt=open top drawer
2026-09-18 12:46:02,823 | INFO | [t=350] VLA chunk prompt=open top drawer
2026-09-18 12:46:03,213 | INFO | [t=360] VLA chunk prompt=open top drawer
2026-09-18 12:46:03,474 | INFO | API VLM @t=0 task=5 subtask=open top drawer keyframes=[]
2026-09-18 12:46:03,608 | INFO | [t=370] VLA chunk prompt=open top drawer
2026-09-18 12:46:04,006 | INFO | [t=380] VLA chunk prompt=open top drawer
2026-09-18 12:46:04,408 | INFO | [t=390] VLA chunk prompt=open top drawer
2026-09-18 12:46:04,606 | INFO | API VLM @t=2190 task=5 subtask=open middle drawer keyframes=[]
2026-09-18 12:46:04,812 | INFO | [t=400] VLA chunk prompt=open top drawer
2026-09-18 12:46:05,216 | INFO | [t=410] VLA chunk prompt=open top drawer
2026-09-18 12:46:05,622 | INFO | [t=420] VLA chunk prompt=open top drawer
2026-09-18 12:46:06,021 | INFO | [t=430] VLA chunk prompt=open top drawer
2026-09-18 12:46:06,414 | INFO | [t=440] VLA chunk prompt=open top drawer
2026-09-18 12:46:06,805 | INFO | [t=450] VLA chunk prompt=open top drawer
2026-09-18 12:46:07,201 | INFO | [t=460] VLA chunk prompt=open top drawer
2026-09-18 12:46:07,596 | INFO | [t=470] VLA chunk prompt=open top drawer
2026-09-18 12:46:07,999 | INFO | [t=480] VLA chunk prompt=open top drawer
2026-09-18 12:46:08,409 | INFO | [t=490] VLA chunk prompt=open top drawer
2026-09-18 12:46:08,819 | INFO | [t=500] VLA chunk prompt=open top drawer
2026-09-18 12:46:09,217 | INFO | [t=510] VLA chunk prompt=open top drawer
2026-09-18 12:46:09,611 | INFO | [t=520] VLA chunk prompt=open top drawer
2026-09-18 12:46:10,007 | INFO | [t=530] VLA chunk prompt=open top drawer
2026-09-18 12:46:10,403 | INFO | [t=540] VLA chunk prompt=open top drawer
2026-09-18 12:46:10,805 | INFO | [t=550] VLA chunk prompt=open top drawer
2026-09-18 12:46:11,207 | INFO | [t=560] VLA chunk prompt=open top drawer
2026-09-18 12:46:11,628 | INFO | [t=570] VLA chunk prompt=open top drawer
2026-09-18 12:46:12,026 | INFO | [t=580] VLA chunk prompt=open top drawer
2026-09-18 12:46:12,410 | INFO | [t=590] VLA chunk prompt=open top drawer
2026-09-18 12:46:12,796 | INFO | [t=600] VLA chunk prompt=open top drawer
2026-09-18 12:46:13,185 | INFO | [t=610] VLA chunk prompt=open top drawer
2026-09-18 12:46:13,569 | INFO | [t=620] VLA chunk prompt=open top drawer
2026-09-18 12:46:13,954 | INFO | [t=630] VLA chunk prompt=open top drawer
2026-09-18 12:46:14,343 | INFO | [t=640] VLA chunk prompt=open top drawer
2026-09-18 12:46:14,732 | INFO | [t=650] VLA chunk prompt=open top drawer
2026-09-18 12:46:15,120 | INFO | [t=660] VLA chunk prompt=open top drawer
2026-09-18 12:46:15,506 | INFO | [t=670] VLA chunk prompt=open top drawer
2026-09-18 12:46:15,894 | INFO | [t=680] VLA chunk prompt=open top drawer
2026-09-18 12:46:16,280 | INFO | [t=690] VLA chunk prompt=open top drawer
2026-09-18 12:46:16,671 | INFO | [t=700] VLA chunk prompt=open top drawer
2026-09-18 12:46:17,065 | INFO | [t=710] VLA chunk prompt=open top drawer
2026-09-18 12:46:17,456 | INFO | [t=720] VLA chunk prompt=open top drawer
2026-09-18 12:46:17,847 | INFO | [t=730] VLA chunk prompt=open top drawer
2026-09-18 12:46:18,237 | INFO | [t=740] VLA chunk prompt=open top drawer
2026-09-18 12:46:18,628 | INFO | [t=750] VLA chunk prompt=open top drawer
2026-09-18 12:46:19,021 | INFO | [t=760] VLA chunk prompt=open top drawer
2026-09-18 12:46:19,410 | INFO | [t=770] VLA chunk prompt=open top drawer
2026-09-18 12:46:19,801 | INFO | [t=780] VLA chunk prompt=open top drawer
2026-09-18 12:46:20,189 | INFO | [t=790] VLA chunk prompt=open top drawer
2026-09-18 12:46:20,579 | INFO | [t=800] VLA chunk prompt=open top drawer
2026-09-18 12:46:20,971 | INFO | [t=810] VLA chunk prompt=open top drawer
2026-09-18 12:46:21,363 | INFO | [t=820] VLA chunk prompt=open top drawer
2026-09-18 12:46:21,755 | INFO | [t=830] VLA chunk prompt=open top drawer
2026-09-18 12:46:22,148 | INFO | [t=840] VLA chunk prompt=open top drawer
2026-09-18 12:46:22,537 | INFO | [t=850] VLA chunk prompt=open top drawer
2026-09-18 12:46:22,927 | INFO | [t=860] VLA chunk prompt=open top drawer
2026-09-18 12:46:23,321 | INFO | [t=870] VLA chunk prompt=open top drawer
2026-09-18 12:46:23,710 | INFO | [t=880] VLA chunk prompt=open top drawer
2026-09-18 12:46:24,099 | INFO | [t=890] VLA chunk prompt=open top drawer
2026-09-18 12:46:24,485 | INFO | [t=900] VLA chunk prompt=open top drawer
2026-09-18 12:46:24,874 | INFO | [t=910] VLA chunk prompt=open top drawer
2026-09-18 12:46:25,271 | INFO | [t=920] VLA chunk prompt=open top drawer
2026-09-18 12:46:25,665 | INFO | [t=930] VLA chunk prompt=open top drawer
2026-09-18 12:46:26,055 | INFO | [t=940] VLA chunk prompt=open top drawer
2026-09-18 12:46:26,450 | INFO | [t=950] VLA chunk prompt=open top drawer
2026-09-18 12:46:26,841 | INFO | [t=960] VLA chunk prompt=open top drawer
2026-09-18 12:46:27,231 | INFO | [t=970] VLA chunk prompt=open top drawer
2026-09-18 12:46:27,623 | INFO | [t=980] VLA chunk prompt=open top drawer
2026-09-18 12:46:28,011 | INFO | [t=990] VLA chunk prompt=open top drawer
2026-09-18 12:46:28,401 | INFO | [t=1000] VLA chunk prompt=open top drawer
2026-09-18 12:46:28,790 | INFO | [t=1010] VLA chunk prompt=open top drawer
2026-09-18 12:46:29,180 | INFO | [t=1020] VLA chunk prompt=open top drawer
2026-09-18 12:46:29,569 | INFO | [t=1030] VLA chunk prompt=open top drawer
2026-09-18 12:46:29,951 | INFO | [t=1040] VLA chunk prompt=open top drawer
2026-09-18 12:46:30,336 | INFO | [t=1050] VLA chunk prompt=open top drawer
2026-09-18 12:46:30,718 | INFO | [t=1060] VLA chunk prompt=open top drawer
2026-09-18 12:46:31,102 | INFO | [t=1070] VLA chunk prompt=open top drawer
2026-09-18 12:46:31,483 | INFO | [t=1080] VLA chunk prompt=open top drawer
2026-09-18 12:46:31,873 | INFO | [t=1090] VLA chunk prompt=open top drawer
2026-09-18 12:46:32,271 | INFO | [t=1100] VLA chunk prompt=open top drawer
2026-09-18 12:46:32,671 | INFO | [t=1110] VLA chunk prompt=open top drawer
2026-09-18 12:46:33,065 | INFO | [t=1120] VLA chunk prompt=open top drawer
2026-09-18 12:46:33,457 | INFO | [t=1130] VLA chunk prompt=open top drawer
2026-09-18 12:46:33,841 | INFO | [t=1140] VLA chunk prompt=open top drawer
2026-09-18 12:46:33,981 | INFO | API VLM @t=355 task=5 subtask=open the top drawer keyframes=[]
2026-09-18 12:46:34,187 | INFO | [t=1150] VLM prompt update from step=355: open the top drawer
2026-09-18 12:46:34,238 | INFO | [t=1150] VLA chunk prompt=open the top drawer
2026-09-18 12:46:34,622 | INFO | [t=1160] VLA chunk prompt=open the top drawer
2026-09-18 12:46:35,013 | INFO | [t=1170] VLA chunk prompt=open the top drawer
2026-09-18 12:46:35,407 | INFO | [t=1180] VLA chunk prompt=open the top drawer
2026-09-18 12:46:35,799 | INFO | [t=1190] VLA chunk prompt=open the top drawer
2026-09-18 12:46:36,196 | INFO | [t=1200] VLA chunk prompt=open the top drawer
2026-09-18 12:46:36,594 | INFO | [t=1210] VLA chunk prompt=open the top drawer
2026-09-18 12:46:36,994 | INFO | [t=1220] VLA chunk prompt=open the top drawer
2026-09-18 12:46:37,402 | INFO | [t=1230] VLA chunk prompt=open the top drawer
2026-09-18 12:46:37,811 | INFO | [t=1240] VLA chunk prompt=open the top drawer
2026-09-18 12:46:38,216 | INFO | [t=1250] VLA chunk prompt=open the top drawer
2026-09-18 12:46:38,617 | INFO | [t=1260] VLA chunk prompt=open the top drawer
2026-09-18 12:46:39,014 | INFO | [t=1270] VLA chunk prompt=open the top drawer
2026-09-18 12:46:39,417 | INFO | [t=1280] VLA chunk prompt=open the top drawer
2026-09-18 12:46:39,817 | INFO | [t=1290] VLA chunk prompt=open the top drawer
2026-09-18 12:46:40,209 | INFO | [t=1300] VLA chunk prompt=open the top drawer
2026-09-18 12:46:40,602 | INFO | [t=1310] VLA chunk prompt=open the top drawer
2026-09-18 12:46:40,997 | INFO | [t=1320] VLA chunk prompt=open the top drawer
2026-09-18 12:46:41,397 | INFO | [t=1330] VLA chunk prompt=open the top drawer
2026-09-18 12:46:41,803 | INFO | [t=1340] VLA chunk prompt=open the top drawer
2026-09-18 12:46:42,214 | INFO | [t=1350] VLA chunk prompt=open the top drawer
2026-09-18 12:46:42,627 | INFO | [t=1360] VLA chunk prompt=open the top drawer
2026-09-18 12:46:43,030 | INFO | [t=1370] VLA chunk prompt=open the top drawer
2026-09-18 12:46:43,420 | INFO | [t=1380] VLA chunk prompt=open the top drawer
2026-09-18 12:46:43,812 | INFO | [t=1390] VLA chunk prompt=open the top drawer
2026-09-18 12:46:44,201 | INFO | [t=1400] VLA chunk prompt=open the top drawer
2026-09-18 12:46:44,601 | INFO | [t=1410] VLA chunk prompt=open the top drawer
2026-09-18 12:46:45,000 | INFO | [t=1420] VLA chunk prompt=open the top drawer
2026-09-18 12:46:45,409 | INFO | [t=1430] VLA chunk prompt=open the top drawer
2026-09-18 12:46:45,818 | INFO | [t=1440] VLA chunk prompt=open the top drawer
2026-09-18 12:46:46,223 | INFO | [t=1450] VLA chunk prompt=open the top drawer
2026-09-18 12:46:46,623 | INFO | [t=1460] VLA chunk prompt=open the top drawer
2026-09-18 12:46:47,019 | INFO | [t=1470] VLA chunk prompt=open the top drawer
2026-09-18 12:46:47,408 | INFO | [t=1480] VLA chunk prompt=open the top drawer
2026-09-18 12:46:47,803 | INFO | [t=1490] VLA chunk prompt=open the top drawer
2026-09-18 12:46:48,201 | INFO | [t=1500] VLA chunk prompt=open the top drawer
2026-09-18 12:46:48,594 | INFO | [t=1510] VLA chunk prompt=open the top drawer
2026-09-18 12:46:48,992 | INFO | [t=1520] VLA chunk prompt=open the top drawer
2026-09-18 12:46:49,400 | INFO | [t=1530] VLA chunk prompt=open the top drawer
2026-09-18 12:46:49,811 | INFO | [t=1540] VLA chunk prompt=open the top drawer
2026-09-18 12:46:50,223 | INFO | [t=1550] VLA chunk prompt=open the top drawer
2026-09-18 12:46:50,627 | INFO | [t=1560] VLA chunk prompt=open the top drawer
2026-09-18 12:46:51,019 | INFO | [t=1570] VLA chunk prompt=open the top drawer
2026-09-18 12:46:51,406 | INFO | [t=1580] VLA chunk prompt=open the top drawer
2026-09-18 12:46:51,801 | INFO | [t=1590] VLA chunk prompt=open the top drawer
2026-09-18 12:46:52,185 | INFO | [t=1600] VLA chunk prompt=open the top drawer
2026-09-18 12:46:52,564 | INFO | [t=1610] VLA chunk prompt=open the top drawer
2026-09-18 12:46:52,945 | INFO | [t=1620] VLA chunk prompt=open the top drawer
2026-09-18 12:46:53,322 | INFO | [t=1630] VLA chunk prompt=open the top drawer
2026-09-18 12:46:53,700 | INFO | [t=1640] VLA chunk prompt=open the top drawer
2026-09-18 12:46:54,075 | INFO | [t=1650] VLA chunk prompt=open the top drawer
2026-09-18 12:46:54,449 | INFO | [t=1660] VLA chunk prompt=open the top drawer
2026-09-18 12:46:54,823 | INFO | [t=1670] VLA chunk prompt=open the top drawer
2026-09-18 12:46:55,203 | INFO | [t=1680] VLA chunk prompt=open the top drawer
2026-09-18 12:46:55,588 | INFO | [t=1690] VLA chunk prompt=open the top drawer
2026-09-18 12:46:55,967 | INFO | [t=1700] VLA chunk prompt=open the top drawer
2026-09-18 12:46:56,347 | INFO | [t=1710] VLA chunk prompt=open the top drawer
2026-09-18 12:46:56,726 | INFO | [t=1720] VLA chunk prompt=open the top drawer
2026-09-18 12:46:57,104 | INFO | [t=1730] VLA chunk prompt=open the top drawer
2026-09-18 12:46:57,475 | INFO | [t=1740] VLA chunk prompt=open the top drawer
2026-09-18 12:46:57,848 | INFO | [t=1750] VLA chunk prompt=open the top drawer
2026-09-18 12:46:58,221 | INFO | [t=1760] VLA chunk prompt=open the top drawer
2026-09-18 12:46:58,596 | INFO | [t=1770] VLA chunk prompt=open the top drawer
2026-09-18 12:46:58,982 | INFO | [t=1780] VLA chunk prompt=open the top drawer
2026-09-18 12:46:59,378 | INFO | [t=1790] VLA chunk prompt=open the top drawer
2026-09-18 12:46:59,766 | INFO | [t=1800] VLA chunk prompt=open the top drawer
2026-09-18 12:47:00,149 | INFO | [t=1810] VLA chunk prompt=open the top drawer
2026-09-18 12:47:00,532 | INFO | [t=1820] VLA chunk prompt=open the top drawer
2026-09-18 12:47:00,916 | INFO | [t=1830] VLA chunk prompt=open the top drawer
2026-09-18 12:47:01,301 | INFO | [t=1840] VLA chunk prompt=open the top drawer
2026-09-18 12:47:01,683 | INFO | [t=1850] VLA chunk prompt=open the top drawer
2026-09-18 12:47:02,066 | INFO | [t=1860] VLA chunk prompt=open the top drawer
2026-09-18 12:47:02,450 | INFO | [t=1870] VLA chunk prompt=open the top drawer
2026-09-18 12:47:02,832 | INFO | [t=1880] VLA chunk prompt=open the top drawer
2026-09-18 12:47:03,214 | INFO | [t=1890] VLA chunk prompt=open the top drawer
2026-09-18 12:47:03,596 | INFO | [t=1900] VLA chunk prompt=open the top drawer
2026-09-18 12:47:03,977 | INFO | [t=1910] VLA chunk prompt=open the top drawer
2026-09-18 12:47:04,360 | INFO | [t=1920] VLA chunk prompt=open the top drawer
2026-09-18 12:47:04,747 | INFO | [t=1930] VLA chunk prompt=open the top drawer
2026-09-18 12:47:05,133 | INFO | [t=1940] VLA chunk prompt=open the top drawer
2026-09-18 12:47:05,516 | INFO | [t=1950] VLA chunk prompt=open the top drawer
2026-09-18 12:47:05,899 | INFO | [t=1960] VLA chunk prompt=open the top drawer
2026-09-18 12:47:06,286 | INFO | [t=1970] VLA chunk prompt=open the top drawer
2026-09-18 12:47:06,666 | INFO | [t=1980] VLA chunk prompt=open the top drawer
2026-09-18 12:47:07,057 | INFO | [t=1990] VLA chunk prompt=open the top drawer
2026-09-18 12:47:07,439 | INFO | [t=2000] VLA chunk prompt=open the top drawer
2026-09-18 12:47:07,816 | INFO | [t=2010] VLA chunk prompt=open the top drawer
2026-09-18 12:47:08,192 | INFO | [t=2020] VLA chunk prompt=open the top drawer
2026-09-18 12:47:08,310 | INFO | API VLM @t=1130 task=5 subtask=close top drawer keyframes=[]
2026-09-18 12:47:08,520 | INFO | [t=2030] VLM prompt update from step=1130: close top drawer
2026-09-18 12:47:08,621 | INFO | [t=2030] VLA chunk prompt=close top drawer
2026-09-18 12:47:08,997 | INFO | [t=2040] VLA chunk prompt=close top drawer
2026-09-18 12:47:09,381 | INFO | [t=2050] VLA chunk prompt=close top drawer
2026-09-18 12:47:09,773 | INFO | [t=2060] VLA chunk prompt=close top drawer
2026-09-18 12:47:10,161 | INFO | [t=2070] VLA chunk prompt=close top drawer
2026-09-18 12:47:10,544 | INFO | [t=2080] VLA chunk prompt=close top drawer
2026-09-18 12:47:10,924 | INFO | [t=2090] VLA chunk prompt=close top drawer
2026-09-18 12:47:11,303 | INFO | [t=2100] VLA chunk prompt=close top drawer
2026-09-18 12:47:11,681 | INFO | [t=2110] VLA chunk prompt=close top drawer
2026-09-18 12:47:12,056 | INFO | [t=2120] VLA chunk prompt=close top drawer
2026-09-18 12:47:12,433 | INFO | [t=2130] VLA chunk prompt=close top drawer
2026-09-18 12:47:12,808 | INFO | [t=2140] VLA chunk prompt=close top drawer
2026-09-18 12:47:13,189 | INFO | [t=2150] VLA chunk prompt=close top drawer
2026-09-18 12:47:13,574 | INFO | [t=2160] VLA chunk prompt=close top drawer
2026-09-18 12:47:13,961 | INFO | [t=2170] VLA chunk prompt=close top drawer
2026-09-18 12:47:14,348 | INFO | [t=2180] VLA chunk prompt=close top drawer
2026-09-18 12:47:14,734 | INFO | [t=2190] VLA chunk prompt=close top drawer
2026-09-18 12:47:15,123 | INFO | [t=2200] VLA chunk prompt=close top drawer
2026-09-18 12:47:15,507 | INFO | [t=2210] VLA chunk prompt=close top drawer
2026-09-18 12:47:15,887 | INFO | [t=2220] VLA chunk prompt=close top drawer
2026-09-18 12:47:16,267 | INFO | [t=2230] VLA chunk prompt=close top drawer
2026-09-18 12:47:16,650 | INFO | [t=2240] VLA chunk prompt=close top drawer
2026-09-18 12:47:17,032 | INFO | [t=2250] VLA chunk prompt=close top drawer
2026-09-18 12:47:17,415 | INFO | [t=2260] VLA chunk prompt=close top drawer
2026-09-18 12:47:17,800 | INFO | [t=2270] VLA chunk prompt=close top drawer
2026-09-18 12:47:18,189 | INFO | [t=2280] VLA chunk prompt=close top drawer
2026-09-18 12:47:18,577 | INFO | [t=2290] VLA chunk prompt=close top drawer
2026-09-18 12:47:18,967 | INFO | [t=2300] VLA chunk prompt=close top drawer
2026-09-18 12:47:19,350 | INFO | [t=2310] VLA chunk prompt=close top drawer
2026-09-18 12:47:19,734 | INFO | [t=2320] VLA chunk prompt=close top drawer
2026-09-18 12:47:20,117 | INFO | [t=2330] VLA chunk prompt=close top drawer
2026-09-18 12:47:20,500 | INFO | [t=2340] VLA chunk prompt=close top drawer
2026-09-18 12:47:20,884 | INFO | [t=2350] VLA chunk prompt=close top drawer
2026-09-18 12:47:21,266 | INFO | [t=2360] VLA chunk prompt=close top drawer
2026-09-18 12:47:21,645 | INFO | [t=2370] VLA chunk prompt=close top drawer
2026-09-18 12:47:22,024 | INFO | [t=2380] VLA chunk prompt=close top drawer
2026-09-18 12:47:22,402 | INFO | [t=2390] VLA chunk prompt=close top drawer
2026-09-18 12:47:22,789 | INFO | [t=2400] VLA chunk prompt=close top drawer
2026-09-18 12:47:23,178 | INFO | [t=2410] VLA chunk prompt=close top drawer
2026-09-18 12:47:23,567 | INFO | [t=2420] VLA chunk prompt=close top drawer
2026-09-18 12:47:23,951 | INFO | [t=2430] VLA chunk prompt=close top drawer
2026-09-18 12:47:24,331 | INFO | [t=2440] VLA chunk prompt=close top drawer
2026-09-18 12:47:24,710 | INFO | [t=2450] VLA chunk prompt=close top drawer
2026-09-18 12:47:25,089 | INFO | [t=2460] VLA chunk prompt=close top drawer
2026-09-18 12:47:25,469 | INFO | [t=2470] VLA chunk prompt=close top drawer
2026-09-18 12:47:25,850 | INFO | [t=2480] VLA chunk prompt=close top drawer
2026-09-18 12:47:26,234 | INFO | [t=2490] VLA chunk prompt=close top drawer
2026-09-18 12:47:26,620 | INFO | [t=2500] VLA chunk prompt=close top drawer
2026-09-18 12:47:29,977 | INFO | attempt=0 stage_score=0.0 stage_success=False failure_reason=incomplete_stage
2026-09-18 12:47:31,958 | INFO | harness release_gripper after env.reset (attempt=1)
2026-09-18 12:47:31,958 | INFO | async VLM enabled: single-slot subtask buffer
2026-09-18 12:47:32,222 | INFO | [t=10] VLA chunk prompt=Open all drawers in order, remember the empty drawer, then put butter into that empty drawer.
2026-09-18 12:47:32,507 | INFO | [t=20] VLA chunk prompt=Open all drawers in order, remember the empty drawer, then put butter into that empty drawer.
2026-09-18 12:47:32,788 | INFO | [t=30] VLA chunk prompt=Open all drawers in order, remember the empty drawer, then put butter into that empty drawer.
2026-09-18 12:47:33,065 | INFO | [t=40] VLA chunk prompt=Open all drawers in order, remember the empty drawer, then put butter into that empty drawer.
2026-09-18 12:47:33,342 | INFO | [t=50] VLA chunk prompt=Open all drawers in order, remember the empty drawer, then put butter into that empty drawer.
2026-09-18 12:47:33,619 | INFO | [t=60] VLA chunk prompt=Open all drawers in order, remember the empty drawer, then put butter into that empty drawer.
2026-09-18 12:47:33,897 | INFO | [t=70] VLA chunk prompt=Open all drawers in order, remember the empty drawer, then put butter into that empty drawer.
2026-09-18 12:47:34,124 | INFO | [t=80] harness subtask override: open top drawer
2026-09-18 12:47:34,124 | INFO | [t=80] VLM prompt update from step=-1: open top drawer
2026-09-18 12:47:34,124 | INFO | [t=80] harness forced VLM replan after stall (pmh visual retrieve armed)
2026-09-18 12:47:34,175 | INFO | [t=80] VLA chunk prompt=open top drawer
2026-09-18 12:47:34,452 | INFO | [t=90] VLA chunk prompt=open top drawer
2026-09-18 12:47:34,754 | INFO | [t=100] VLA chunk prompt=open top drawer
2026-09-18 12:47:35,068 | INFO | [t=110] VLA chunk prompt=open top drawer
2026-09-18 12:47:35,389 | INFO | [t=120] VLA chunk prompt=open top drawer
2026-09-18 12:47:35,719 | INFO | [t=130] VLA chunk prompt=open top drawer
2026-09-18 12:47:35,985 | INFO | [t=139] stage done: 01_Open_Top_Drawer
2026-09-18 12:47:36,066 | INFO | [t=140] VLA chunk prompt=open top drawer
2026-09-18 12:47:36,405 | INFO | [t=150] VLA chunk prompt=open top drawer
2026-09-18 12:47:36,743 | INFO | [t=160] VLA chunk prompt=open top drawer
2026-09-18 12:47:37,085 | INFO | [t=170] VLA chunk prompt=open top drawer
2026-09-18 12:47:37,438 | INFO | [t=180] VLA chunk prompt=open top drawer
2026-09-18 12:47:37,500 | INFO | [t=182] stage done: 02_Close_Top_Drawer
2026-09-18 12:47:37,801 | INFO | [t=190] VLA chunk prompt=open top drawer
2026-09-18 12:47:38,164 | INFO | [t=200] VLA chunk prompt=open top drawer
2026-09-18 12:47:38,541 | INFO | [t=210] VLA chunk prompt=open top drawer
2026-09-18 12:47:38,912 | INFO | [t=220] VLA chunk prompt=open top drawer
2026-09-18 12:47:39,290 | INFO | [t=230] VLA chunk prompt=open top drawer
2026-09-18 12:47:39,675 | INFO | [t=240] VLA chunk prompt=open top drawer
2026-09-18 12:47:40,071 | INFO | [t=250] VLA chunk prompt=open top drawer
2026-09-18 12:47:40,277 | INFO | API VLM @t=2010 task=5 subtask=open the top drawer keyframes=[]
2026-09-18 12:47:40,459 | INFO | [t=260] VLA chunk prompt=open top drawer
2026-09-18 12:47:40,791 | INFO | [t=270] harness subtask override: open middle drawer
2026-09-18 12:47:40,791 | INFO | [t=270] VLM prompt update from step=70: open middle drawer
2026-09-18 12:47:40,792 | INFO | [t=270] harness forced VLM replan after stall (pmh visual retrieve armed)
2026-09-18 12:47:40,843 | INFO | [t=270] VLA chunk prompt=open middle drawer
2026-09-18 12:47:41,220 | INFO | [t=280] VLA chunk prompt=open middle drawer
2026-09-18 12:47:41,595 | INFO | [t=290] VLA chunk prompt=open middle drawer
2026-09-18 12:47:41,969 | INFO | [t=300] VLA chunk prompt=open middle drawer
2026-09-18 12:47:42,343 | INFO | [t=310] VLA chunk prompt=open middle drawer
2026-09-18 12:47:42,719 | INFO | [t=320] VLA chunk prompt=open middle drawer
2026-09-18 12:47:43,096 | INFO | [t=330] VLA chunk prompt=open middle drawer
2026-09-18 12:47:43,470 | INFO | [t=340] VLA chunk prompt=open middle drawer
2026-09-18 12:47:43,840 | INFO | [t=350] VLA chunk prompt=open middle drawer
2026-09-18 12:47:44,211 | INFO | [t=360] VLA chunk prompt=open middle drawer
2026-09-18 12:47:44,583 | INFO | [t=370] VLA chunk prompt=open middle drawer
2026-09-18 12:47:44,955 | INFO | [t=380] VLA chunk prompt=open middle drawer
2026-09-18 12:47:45,333 | INFO | [t=390] VLA chunk prompt=open middle drawer
2026-09-18 12:47:45,719 | INFO | [t=400] VLA chunk prompt=open middle drawer
2026-09-18 12:47:46,103 | INFO | [t=410] VLA chunk prompt=open middle drawer
2026-09-18 12:47:46,487 | INFO | [t=420] VLA chunk prompt=open middle drawer
2026-09-18 12:47:46,874 | INFO | [t=430] VLA chunk prompt=open middle drawer
2026-09-18 12:47:47,263 | INFO | [t=440] VLA chunk prompt=open middle drawer
2026-09-18 12:47:47,647 | INFO | [t=450] VLA chunk prompt=open middle drawer
2026-09-18 12:47:48,032 | INFO | [t=460] VLA chunk prompt=open middle drawer
2026-09-18 12:47:48,416 | INFO | [t=470] VLA chunk prompt=open middle drawer
2026-09-18 12:47:48,801 | INFO | [t=480] VLA chunk prompt=open middle drawer
2026-09-18 12:47:49,188 | INFO | [t=490] VLA chunk prompt=open middle drawer
2026-09-18 12:47:49,582 | INFO | [t=500] VLA chunk prompt=open middle drawer
2026-09-18 12:47:49,974 | INFO | [t=510] VLA chunk prompt=open middle drawer
2026-09-18 12:47:50,365 | INFO | [t=520] VLA chunk prompt=open middle drawer
2026-09-18 12:47:50,749 | INFO | [t=530] VLA chunk prompt=open middle drawer
2026-09-18 12:47:50,999 | INFO | API VLM @t=0 task=5 subtask=open top drawer keyframes=[]
2026-09-18 12:47:51,085 | INFO | [t=540] VLM prompt update from step=0: open top drawer
2026-09-18 12:47:51,136 | INFO | [t=540] VLA chunk prompt=open top drawer
2026-09-18 12:47:51,522 | INFO | [t=550] VLA chunk prompt=open top drawer
2026-09-18 12:47:51,907 | INFO | [t=560] VLA chunk prompt=open top drawer
2026-09-18 12:47:52,295 | INFO | [t=570] VLA chunk prompt=open top drawer
2026-09-18 12:47:52,679 | INFO | [t=580] VLA chunk prompt=open top drawer
2026-09-18 12:47:53,062 | INFO | [t=590] VLA chunk prompt=open top drawer
2026-09-18 12:47:53,445 | INFO | [t=600] VLA chunk prompt=open top drawer
2026-09-18 12:47:53,825 | INFO | [t=610] VLA chunk prompt=open top drawer
2026-09-18 12:47:54,203 | INFO | [t=620] VLA chunk prompt=open top drawer
2026-09-18 12:47:54,582 | INFO | [t=630] VLA chunk prompt=open top drawer
2026-09-18 12:47:54,962 | INFO | [t=640] VLA chunk prompt=open top drawer
2026-09-18 12:47:55,340 | INFO | [t=650] VLA chunk prompt=open top drawer
2026-09-18 12:47:55,716 | INFO | [t=660] VLA chunk prompt=open top drawer
2026-09-18 12:47:56,093 | INFO | [t=670] VLA chunk prompt=open top drawer
2026-09-18 12:47:56,468 | INFO | [t=680] VLA chunk prompt=open top drawer
2026-09-18 12:47:56,841 | INFO | [t=690] VLA chunk prompt=open top drawer
2026-09-18 12:47:57,212 | INFO | [t=700] VLA chunk prompt=open top drawer
2026-09-18 12:47:57,585 | INFO | [t=710] VLA chunk prompt=open top drawer
2026-09-18 12:47:57,956 | INFO | [t=720] VLA chunk prompt=open top drawer
2026-09-18 12:47:58,328 | INFO | [t=730] VLA chunk prompt=open top drawer
2026-09-18 12:47:58,705 | INFO | [t=740] VLA chunk prompt=open top drawer
2026-09-18 12:47:59,085 | INFO | [t=750] VLA chunk prompt=open top drawer
2026-09-18 12:47:59,466 | INFO | [t=760] VLA chunk prompt=open top drawer
2026-09-18 12:47:59,851 | INFO | [t=770] VLA chunk prompt=open top drawer
2026-09-18 12:48:00,251 | INFO | [t=780] VLA chunk prompt=open top drawer
2026-09-18 12:48:00,636 | INFO | [t=790] VLA chunk prompt=open top drawer
2026-09-18 12:48:01,020 | INFO | [t=800] VLA chunk prompt=open top drawer
2026-09-18 12:48:01,402 | INFO | [t=810] VLA chunk prompt=open top drawer
2026-09-18 12:48:01,790 | INFO | [t=820] VLA chunk prompt=open top drawer
2026-09-18 12:48:02,182 | INFO | [t=830] VLA chunk prompt=open top drawer
2026-09-18 12:48:02,578 | INFO | [t=840] VLA chunk prompt=open top drawer
2026-09-18 12:48:02,971 | INFO | [t=850] VLA chunk prompt=open top drawer
2026-09-18 12:48:03,358 | INFO | [t=860] VLA chunk prompt=open top drawer
2026-09-18 12:48:03,739 | INFO | [t=870] VLA chunk prompt=open top drawer
2026-09-18 12:48:04,121 | INFO | [t=880] VLA chunk prompt=open top drawer
2026-09-18 12:48:04,502 | INFO | [t=890] VLA chunk prompt=open top drawer
2026-09-18 12:48:04,883 | INFO | [t=900] VLA chunk prompt=open top drawer
2026-09-18 12:48:05,268 | INFO | [t=910] VLA chunk prompt=open top drawer
2026-09-18 12:48:05,655 | INFO | [t=920] VLA chunk prompt=open top drawer
2026-09-18 12:48:06,036 | INFO | [t=930] VLA chunk prompt=open top drawer
2026-09-18 12:48:06,417 | INFO | [t=940] VLA chunk prompt=open top drawer
2026-09-18 12:48:06,798 | INFO | [t=950] VLA chunk prompt=open top drawer
2026-09-18 12:48:07,179 | INFO | [t=960] VLA chunk prompt=open top drawer
2026-09-18 12:48:07,559 | INFO | [t=970] VLA chunk prompt=open top drawer
2026-09-18 12:48:07,944 | INFO | [t=980] VLA chunk prompt=open top drawer
2026-09-18 12:48:08,329 | INFO | [t=990] VLA chunk prompt=open top drawer
2026-09-18 12:48:08,716 | INFO | [t=1000] VLA chunk prompt=open top drawer
2026-09-18 12:48:09,107 | INFO | [t=1010] VLA chunk prompt=open top drawer
2026-09-18 12:48:09,503 | INFO | [t=1020] VLA chunk prompt=open top drawer
2026-09-18 12:48:09,685 | INFO | API VLM @t=525 task=5 subtask=open top drawer keyframes=[]
2026-09-18 12:48:09,891 | INFO | [t=1030] VLA chunk prompt=open top drawer
2026-09-18 12:48:10,459 | INFO | [t=1040] VLA chunk prompt=open top drawer
2026-09-18 12:48:10,844 | INFO | [t=1050] VLA chunk prompt=open top drawer
2026-09-18 12:48:11,499 | INFO | [t=1060] VLA chunk prompt=open top drawer
2026-09-18 12:48:11,885 | INFO | [t=1070] VLA chunk prompt=open top drawer
2026-09-18 12:48:12,295 | INFO | [t=1080] VLA chunk prompt=open top drawer
2026-09-18 12:48:12,681 | INFO | [t=1090] VLA chunk prompt=open top drawer
2026-09-18 12:48:13,067 | INFO | [t=1100] VLA chunk prompt=open top drawer
2026-09-18 12:48:13,452 | INFO | [t=1110] VLA chunk prompt=open top drawer
2026-09-18 12:48:13,901 | INFO | [t=1120] VLA chunk prompt=open top drawer
2026-09-18 12:48:14,385 | INFO | [t=1130] VLA chunk prompt=open top drawer
2026-09-18 12:48:14,989 | INFO | [t=1140] VLA chunk prompt=open top drawer
2026-09-18 12:48:15,394 | INFO | [t=1150] VLA chunk prompt=open top drawer
2026-09-18 12:48:15,905 | INFO | [t=1160] VLA chunk prompt=open top drawer
2026-09-18 12:48:16,289 | INFO | [t=1170] VLA chunk prompt=open top drawer
2026-09-18 12:48:16,810 | INFO | [t=1180] VLA chunk prompt=open top drawer
2026-09-18 12:48:17,192 | INFO | [t=1190] VLA chunk prompt=open top drawer
2026-09-18 12:48:17,573 | INFO | [t=1200] VLA chunk prompt=open top drawer
2026-09-18 12:48:18,337 | INFO | [t=1210] VLA chunk prompt=open top drawer
2026-09-18 12:48:18,728 | INFO | [t=1220] VLA chunk prompt=open top drawer
2026-09-18 12:48:19,117 | INFO | [t=1230] VLA chunk prompt=open top drawer
2026-09-18 12:48:19,498 | INFO | [t=1240] VLA chunk prompt=open top drawer
2026-09-18 12:48:19,880 | INFO | [t=1250] VLA chunk prompt=open top drawer
2026-09-18 12:48:20,268 | INFO | [t=1260] VLA chunk prompt=open top drawer
2026-09-18 12:48:20,654 | INFO | [t=1270] VLA chunk prompt=open top drawer
2026-09-18 12:48:21,034 | INFO | [t=1280] VLA chunk prompt=open top drawer
2026-09-18 12:48:21,425 | INFO | [t=1290] VLA chunk prompt=open top drawer
2026-09-18 12:48:21,764 | INFO | API VLM @t=1015 task=5 subtask=open middle drawer keyframes=[]
2026-09-18 12:48:21,815 | INFO | [t=1300] VLA chunk prompt=open top drawer
2026-09-18 12:48:22,154 | INFO | [t=1310] VLM prompt update from step=1015: open middle drawer
2026-09-18 12:48:22,205 | INFO | [t=1310] VLA chunk prompt=open middle drawer
2026-09-18 12:48:22,700 | INFO | [t=1320] VLA chunk prompt=open middle drawer
2026-09-18 12:48:23,090 | INFO | [t=1330] VLA chunk prompt=open middle drawer
2026-09-18 12:48:23,476 | INFO | [t=1340] VLA chunk prompt=open middle drawer
2026-09-18 12:48:23,861 | INFO | [t=1350] VLA chunk prompt=open middle drawer
2026-09-18 12:48:24,250 | INFO | [t=1360] VLA chunk prompt=open middle drawer
2026-09-18 12:48:24,639 | INFO | [t=1370] VLA chunk prompt=open middle drawer
2026-09-18 12:48:25,033 | INFO | [t=1380] VLA chunk prompt=open middle drawer
2026-09-18 12:48:25,418 | INFO | [t=1390] VLA chunk prompt=open middle drawer
2026-09-18 12:48:25,802 | INFO | [t=1400] VLA chunk prompt=open middle drawer
2026-09-18 12:48:26,187 | INFO | [t=1410] VLA chunk prompt=open middle drawer
2026-09-18 12:48:26,572 | INFO | [t=1420] VLA chunk prompt=open middle drawer
2026-09-18 12:48:26,957 | INFO | [t=1430] VLA chunk prompt=open middle drawer
2026-09-18 12:48:27,345 | INFO | [t=1440] VLA chunk prompt=open middle drawer
2026-09-18 12:48:27,732 | INFO | [t=1450] VLA chunk prompt=open middle drawer
2026-09-18 12:48:28,117 | INFO | [t=1460] VLA chunk prompt=open middle drawer
2026-09-18 12:48:28,511 | INFO | [t=1470] VLA chunk prompt=open middle drawer
2026-09-18 12:48:28,888 | INFO | [t=1480] VLA chunk prompt=open middle drawer
2026-09-18 12:48:29,265 | INFO | [t=1490] VLA chunk prompt=open middle drawer
2026-09-18 12:48:29,637 | INFO | [t=1500] VLA chunk prompt=open middle drawer
2026-09-18 12:48:30,008 | INFO | [t=1510] VLA chunk prompt=open middle drawer
2026-09-18 12:48:30,377 | INFO | [t=1520] VLA chunk prompt=open middle drawer
2026-09-18 12:48:30,750 | INFO | [t=1530] VLA chunk prompt=open middle drawer
2026-09-18 12:48:31,121 | INFO | [t=1540] VLA chunk prompt=open middle drawer
2026-09-18 12:48:31,492 | INFO | [t=1550] VLA chunk prompt=open middle drawer
2026-09-18 12:48:31,871 | INFO | [t=1560] VLA chunk prompt=open middle drawer
2026-09-18 12:48:32,249 | INFO | [t=1570] VLA chunk prompt=open middle drawer
2026-09-18 12:48:32,626 | INFO | [t=1580] VLA chunk prompt=open middle drawer
2026-09-18 12:48:33,003 | INFO | [t=1590] VLA chunk prompt=open middle drawer
2026-09-18 12:48:33,378 | INFO | [t=1600] VLA chunk prompt=open middle drawer
2026-09-18 12:48:33,752 | INFO | [t=1610] VLA chunk prompt=open middle drawer
2026-09-18 12:48:34,130 | INFO | [t=1620] VLA chunk prompt=open middle drawer
2026-09-18 12:48:34,505 | INFO | [t=1630] VLA chunk prompt=open middle drawer
2026-09-18 12:48:34,877 | INFO | [t=1640] VLA chunk prompt=open middle drawer
2026-09-18 12:48:35,249 | INFO | [t=1650] VLA chunk prompt=open middle drawer
2026-09-18 12:48:35,623 | INFO | [t=1660] VLA chunk prompt=open middle drawer
2026-09-18 12:48:35,996 | INFO | [t=1670] VLA chunk prompt=open middle drawer
2026-09-18 12:48:36,373 | INFO | [t=1680] VLA chunk prompt=open middle drawer
2026-09-18 12:48:36,757 | INFO | [t=1690] VLA chunk prompt=open middle drawer
2026-09-18 12:48:37,134 | INFO | [t=1700] VLA chunk prompt=open middle drawer
2026-09-18 12:48:37,507 | INFO | [t=1710] VLA chunk prompt=open middle drawer
2026-09-18 12:48:37,880 | INFO | [t=1720] VLA chunk prompt=open middle drawer
2026-09-18 12:48:38,260 | INFO | [t=1730] VLA chunk prompt=open middle drawer
2026-09-18 12:48:38,637 | INFO | [t=1740] VLA chunk prompt=open middle drawer
2026-09-18 12:48:39,006 | INFO | [t=1750] VLA chunk prompt=open middle drawer
2026-09-18 12:48:39,376 | INFO | [t=1760] VLA chunk prompt=open middle drawer
2026-09-18 12:48:39,741 | INFO | [t=1770] VLA chunk prompt=open middle drawer
2026-09-18 12:48:40,108 | INFO | [t=1780] VLA chunk prompt=open middle drawer
2026-09-18 12:48:40,472 | INFO | [t=1790] VLA chunk prompt=open middle drawer
2026-09-18 12:48:40,842 | INFO | [t=1800] VLA chunk prompt=open middle drawer
2026-09-18 12:48:41,214 | INFO | [t=1810] VLA chunk prompt=open middle drawer
2026-09-18 12:48:41,592 | INFO | [t=1820] VLA chunk prompt=open middle drawer
2026-09-18 12:48:41,968 | INFO | [t=1830] VLA chunk prompt=open middle drawer
2026-09-18 12:48:42,345 | INFO | [t=1840] VLA chunk prompt=open middle drawer
2026-09-18 12:48:42,594 | INFO | API VLM @t=1290 task=5 subtask=open top drawer keyframes=[]
2026-09-18 12:48:42,675 | INFO | [t=1850] VLM prompt update from step=1290: open top drawer
2026-09-18 12:48:42,726 | INFO | [t=1850] VLA chunk prompt=open top drawer
2026-09-18 12:48:43,100 | INFO | [t=1860] VLA chunk prompt=open top drawer
2026-09-18 12:48:43,468 | INFO | [t=1870] VLA chunk prompt=open top drawer
2026-09-18 12:48:43,831 | INFO | [t=1880] VLA chunk prompt=open top drawer
2026-09-18 12:48:44,188 | INFO | [t=1890] VLA chunk prompt=open top drawer
2026-09-18 12:48:44,546 | INFO | [t=1900] VLA chunk prompt=open top drawer
2026-09-18 12:48:44,906 | INFO | [t=1910] VLA chunk prompt=open top drawer
2026-09-18 12:48:45,271 | INFO | [t=1920] VLA chunk prompt=open top drawer
2026-09-18 12:48:45,643 | INFO | [t=1930] VLA chunk prompt=open top drawer
2026-09-18 12:48:46,021 | INFO | [t=1940] VLA chunk prompt=open top drawer
2026-09-18 12:48:46,401 | INFO | [t=1950] VLA chunk prompt=open top drawer
2026-09-18 12:48:46,787 | INFO | [t=1960] VLA chunk prompt=open top drawer
2026-09-18 12:48:47,173 | INFO | [t=1970] VLA chunk prompt=open top drawer
2026-09-18 12:48:47,560 | INFO | [t=1980] VLA chunk prompt=open top drawer
2026-09-18 12:48:47,942 | INFO | [t=1990] VLA chunk prompt=open top drawer
2026-09-18 12:48:48,324 | INFO | [t=2000] VLA chunk prompt=open top drawer
2026-09-18 12:48:48,705 | INFO | [t=2010] VLA chunk prompt=open top drawer
2026-09-18 12:48:49,086 | INFO | [t=2020] VLA chunk prompt=open top drawer
2026-09-18 12:48:49,469 | INFO | [t=2030] VLA chunk prompt=open top drawer
2026-09-18 12:48:49,849 | INFO | [t=2040] VLA chunk prompt=open top drawer
2026-09-18 12:48:50,230 | INFO | [t=2050] VLA chunk prompt=open top drawer
2026-09-18 12:48:50,612 | INFO | [t=2060] VLA chunk prompt=open top drawer
2026-09-18 12:48:50,993 | INFO | [t=2070] VLA chunk prompt=open top drawer
2026-09-18 12:48:51,378 | INFO | [t=2080] VLA chunk prompt=open top drawer
2026-09-18 12:48:51,766 | INFO | [t=2090] VLA chunk prompt=open top drawer
2026-09-18 12:48:51,908 | INFO | API VLM @t=1835 task=5 subtask=open the middle drawer keyframes=[]
2026-09-18 12:48:52,097 | INFO | [t=2100] VLM prompt update from step=1835: open the middle drawer
2026-09-18 12:48:52,148 | INFO | [t=2100] VLA chunk prompt=open the middle drawer
2026-09-18 12:48:52,530 | INFO | [t=2110] VLA chunk prompt=open the middle drawer
2026-09-18 12:48:52,911 | INFO | [t=2120] VLA chunk prompt=open the middle drawer
2026-09-18 12:48:53,291 | INFO | [t=2130] VLA chunk prompt=open the middle drawer
2026-09-18 12:48:53,674 | INFO | [t=2140] VLA chunk prompt=open the middle drawer
2026-09-18 12:48:54,058 | INFO | [t=2150] VLA chunk prompt=open the middle drawer
2026-09-18 12:48:54,439 | INFO | [t=2160] VLA chunk prompt=open the middle drawer
2026-09-18 12:48:54,814 | INFO | [t=2170] VLA chunk prompt=open the middle drawer
2026-09-18 12:48:55,190 | INFO | [t=2180] VLA chunk prompt=open the middle drawer
2026-09-18 12:48:55,567 | INFO | [t=2190] VLA chunk prompt=open the middle drawer
2026-09-18 12:48:55,943 | INFO | [t=2200] VLA chunk prompt=open the middle drawer
2026-09-18 12:48:56,321 | INFO | [t=2210] VLA chunk prompt=open the middle drawer
2026-09-18 12:48:56,706 | INFO | [t=2220] VLA chunk prompt=open the middle drawer
2026-09-18 12:48:57,090 | INFO | [t=2230] VLA chunk prompt=open the middle drawer
2026-09-18 12:48:57,474 | INFO | [t=2240] VLA chunk prompt=open the middle drawer
2026-09-18 12:48:57,854 | INFO | [t=2250] VLA chunk prompt=open the middle drawer
2026-09-18 12:48:58,234 | INFO | [t=2260] VLA chunk prompt=open the middle drawer
2026-09-18 12:48:58,615 | INFO | [t=2270] VLA chunk prompt=open the middle drawer
2026-09-18 12:48:59,001 | INFO | [t=2280] VLA chunk prompt=open the middle drawer
2026-09-18 12:48:59,386 | INFO | [t=2290] VLA chunk prompt=open the middle drawer
2026-09-18 12:48:59,775 | INFO | [t=2300] VLA chunk prompt=open the middle drawer
2026-09-18 12:49:00,165 | INFO | [t=2310] VLA chunk prompt=open the middle drawer
2026-09-18 12:49:00,550 | INFO | [t=2320] VLA chunk prompt=open the middle drawer
2026-09-18 12:49:00,937 | INFO | [t=2330] VLA chunk prompt=open the middle drawer
2026-09-18 12:49:01,321 | INFO | [t=2340] VLA chunk prompt=open the middle drawer
2026-09-18 12:49:01,707 | INFO | [t=2350] VLA chunk prompt=open the middle drawer
2026-09-18 12:49:02,094 | INFO | [t=2360] VLA chunk prompt=open the middle drawer
2026-09-18 12:49:02,480 | INFO | [t=2370] VLA chunk prompt=open the middle drawer
2026-09-18 12:49:02,865 | INFO | [t=2380] VLA chunk prompt=open the middle drawer
2026-09-18 12:49:03,250 | INFO | [t=2390] VLA chunk prompt=open the middle drawer
2026-09-18 12:49:03,634 | INFO | [t=2400] VLA chunk prompt=open the middle drawer
2026-09-18 12:49:04,022 | INFO | [t=2410] VLA chunk prompt=open the middle drawer
2026-09-18 12:49:04,406 | INFO | [t=2420] VLA chunk prompt=open the middle drawer
2026-09-18 12:49:04,798 | INFO | [t=2430] VLA chunk prompt=open the middle drawer
2026-09-18 12:49:05,182 | INFO | [t=2440] VLA chunk prompt=open the middle drawer
2026-09-18 12:49:05,567 | INFO | [t=2450] VLA chunk prompt=open the middle drawer
2026-09-18 12:49:05,946 | INFO | [t=2460] VLA chunk prompt=open the middle drawer
2026-09-18 12:49:06,250 | INFO | [t=2469] stage done: 03_Open_Middle_Drawer
2026-09-18 12:49:06,334 | INFO | [t=2470] VLA chunk prompt=open the middle drawer
2026-09-18 12:49:06,714 | INFO | [t=2480] VLA chunk prompt=open the middle drawer
2026-09-18 12:49:07,089 | INFO | [t=2490] VLA chunk prompt=open the middle drawer
2026-09-18 12:49:07,461 | INFO | [t=2500] VLA chunk prompt=open the middle drawer
2026-09-18 12:49:10,801 | INFO | attempt=1 stage_score=37.5 stage_success=False failure_reason=incomplete_stage
2026-09-18 12:49:10,802 | INFO | Episode 1 seed=101 stage_score=37.5 stage_success=0 goal=0.375 failure_reason=incomplete_stage | 01_Open_Top_Drawer=Y | 02_Close_Top_Drawer=Y | 03_Open_Middle_Drawer=Y | 04_Close_Middle_Drawer=N | 05_Open_Bottom_Drawer=N | 06_Close_Bottom_Drawer=N | 07_Open_Middle_Drawer_Again=N | 08_Put_Butter_Middle_Drawer=N | 09_Close_Middle_Drawer_Final=N
