2026-09-26 20:05:32,556 | INFO | task_id=19 bddl=/project/peilab/why/RoboMemArena/bddl/19_tomato_milk_orange_cabinet.bddl vlm_ckpt=/project/peilab/why/RoboMemArena/checkpoints/PrediMem/vlm_tasks1to26_ckpt74500
2026-09-26 20:05:34,888 | INFO | async VLM enabled: single-slot subtask buffer
2026-09-26 20:05:35,139 | INFO | [t=10] VLA chunk prompt=Pick and place tomato sauce, milk, and orange juice from cabinet1 to cabinet2.
2026-09-26 20:05:35,410 | INFO | [t=20] VLA chunk prompt=Pick and place tomato sauce, milk, and orange juice from cabinet1 to cabinet2.
2026-09-26 20:05:35,677 | INFO | [t=30] VLA chunk prompt=Pick and place tomato sauce, milk, and orange juice from cabinet1 to cabinet2.
2026-09-26 20:05:35,943 | INFO | [t=40] VLA chunk prompt=Pick and place tomato sauce, milk, and orange juice from cabinet1 to cabinet2.
2026-09-26 20:05:36,208 | INFO | [t=50] VLA chunk prompt=Pick and place tomato sauce, milk, and orange juice from cabinet1 to cabinet2.
2026-09-26 20:05:36,474 | INFO | [t=60] VLA chunk prompt=Pick and place tomato sauce, milk, and orange juice from cabinet1 to cabinet2.
2026-09-26 20:05:36,742 | INFO | [t=70] VLA chunk prompt=Pick and place tomato sauce, milk, and orange juice from cabinet1 to cabinet2.
2026-09-26 20:05:37,011 | INFO | [t=80] VLA chunk prompt=Pick and place tomato sauce, milk, and orange juice from cabinet1 to cabinet2.
2026-09-26 20:05:37,291 | INFO | [t=90] VLA chunk prompt=Pick and place tomato sauce, milk, and orange juice from cabinet1 to cabinet2.
2026-09-26 20:05:37,571 | INFO | [t=100] VLA chunk prompt=Pick and place tomato sauce, milk, and orange juice from cabinet1 to cabinet2.
2026-09-26 20:05:37,847 | INFO | [t=110] VLA chunk prompt=Pick and place tomato sauce, milk, and orange juice from cabinet1 to cabinet2.
2026-09-26 20:05:38,123 | INFO | [t=120] VLA chunk prompt=Pick and place tomato sauce, milk, and orange juice from cabinet1 to cabinet2.
2026-09-26 20:05:38,408 | INFO | [t=130] VLA chunk prompt=Pick and place tomato sauce, milk, and orange juice from cabinet1 to cabinet2.
2026-09-26 20:05:38,724 | INFO | [t=140] VLA chunk prompt=Pick and place tomato sauce, milk, and orange juice from cabinet1 to cabinet2.
2026-09-26 20:05:39,046 | INFO | [t=150] VLA chunk prompt=Pick and place tomato sauce, milk, and orange juice from cabinet1 to cabinet2.
2026-09-26 20:05:39,368 | INFO | [t=160] VLA chunk prompt=Pick and place tomato sauce, milk, and orange juice from cabinet1 to cabinet2.
2026-09-26 20:05:39,687 | INFO | [t=170] VLA chunk prompt=Pick and place tomato sauce, milk, and orange juice from cabinet1 to cabinet2.
2026-09-26 20:05:40,007 | INFO | [t=180] VLA chunk prompt=Pick and place tomato sauce, milk, and orange juice from cabinet1 to cabinet2.
2026-09-26 20:05:40,333 | INFO | [t=190] VLA chunk prompt=Pick and place tomato sauce, milk, and orange juice from cabinet1 to cabinet2.
2026-09-26 20:05:40,671 | INFO | [t=200] VLA chunk prompt=Pick and place tomato sauce, milk, and orange juice from cabinet1 to cabinet2.
2026-09-26 20:05:41,014 | INFO | [t=210] VLA chunk prompt=Pick and place tomato sauce, milk, and orange juice from cabinet1 to cabinet2.
2026-09-26 20:05:41,365 | INFO | [t=220] VLA chunk prompt=Pick and place tomato sauce, milk, and orange juice from cabinet1 to cabinet2.
2026-09-26 20:05:41,493 | INFO | API VLM @t=0 task=19 subtask=Reach to grasp the tomato sauce from cabinet1 keyframes=[]
2026-09-26 20:05:41,674 | INFO | [t=230] VLM prompt update from step=0: Reach to grasp the tomato sauce from cabinet1
2026-09-26 20:05:41,724 | INFO | [t=230] VLA chunk prompt=Reach to grasp the tomato sauce from cabinet1
2026-09-26 20:05:42,074 | INFO | [t=240] VLA chunk prompt=Reach to grasp the tomato sauce from cabinet1
2026-09-26 20:05:42,427 | INFO | [t=250] VLA chunk prompt=Reach to grasp the tomato sauce from cabinet1
2026-09-26 20:05:42,785 | INFO | [t=260] VLA chunk prompt=Reach to grasp the tomato sauce from cabinet1
2026-09-26 20:05:43,139 | INFO | [t=270] VLA chunk prompt=Reach to grasp the tomato sauce from cabinet1
2026-09-26 20:05:43,495 | INFO | [t=280] VLA chunk prompt=Reach to grasp the tomato sauce from cabinet1
2026-09-26 20:05:43,617 | INFO | [t=284] stage done: 01_Place_Tomato_Sauce_Cabinet2
2026-09-26 20:05:43,851 | INFO | [t=290] VLA chunk prompt=Reach to grasp the tomato sauce from cabinet1
2026-09-26 20:05:44,208 | INFO | [t=300] VLA chunk prompt=Reach to grasp the tomato sauce from cabinet1
2026-09-26 20:05:44,568 | INFO | [t=310] VLA chunk prompt=Reach to grasp the tomato sauce from cabinet1
2026-09-26 20:05:44,932 | INFO | [t=320] VLA chunk prompt=Reach to grasp the tomato sauce from cabinet1
2026-09-26 20:05:45,298 | INFO | [t=330] VLA chunk prompt=Reach to grasp the tomato sauce from cabinet1
2026-09-26 20:05:45,664 | INFO | [t=340] VLA chunk prompt=Reach to grasp the tomato sauce from cabinet1
2026-09-26 20:05:46,030 | INFO | [t=350] VLA chunk prompt=Reach to grasp the tomato sauce from cabinet1
2026-09-26 20:05:46,396 | INFO | [t=360] VLA chunk prompt=Reach to grasp the tomato sauce from cabinet1
2026-09-26 20:05:46,764 | INFO | [t=370] VLA chunk prompt=Reach to grasp the tomato sauce from cabinet1
2026-09-26 20:05:47,132 | INFO | [t=380] VLA chunk prompt=Reach to grasp the tomato sauce from cabinet1
2026-09-26 20:05:47,503 | INFO | [t=390] VLA chunk prompt=Reach to grasp the tomato sauce from cabinet1
2026-09-26 20:05:47,874 | INFO | [t=400] VLA chunk prompt=Reach to grasp the tomato sauce from cabinet1
2026-09-26 20:05:48,245 | INFO | [t=410] VLA chunk prompt=Reach to grasp the tomato sauce from cabinet1
2026-09-26 20:05:48,617 | INFO | [t=420] VLA chunk prompt=Reach to grasp the tomato sauce from cabinet1
2026-09-26 20:05:48,991 | INFO | [t=430] VLA chunk prompt=Reach to grasp the tomato sauce from cabinet1
2026-09-26 20:05:49,365 | INFO | [t=440] VLA chunk prompt=Reach to grasp the tomato sauce from cabinet1
2026-09-26 20:05:49,738 | INFO | [t=450] VLA chunk prompt=Reach to grasp the tomato sauce from cabinet1
2026-09-26 20:05:50,111 | INFO | [t=460] VLA chunk prompt=Reach to grasp the tomato sauce from cabinet1
2026-09-26 20:05:50,483 | INFO | [t=470] VLA chunk prompt=Reach to grasp the tomato sauce from cabinet1
2026-09-26 20:05:50,855 | INFO | [t=480] VLA chunk prompt=Reach to grasp the tomato sauce from cabinet1
2026-09-26 20:05:51,226 | INFO | [t=490] VLA chunk prompt=Reach to grasp the tomato sauce from cabinet1
2026-09-26 20:05:51,598 | INFO | [t=500] VLA chunk prompt=Reach to grasp the tomato sauce from cabinet1
2026-09-26 20:05:51,967 | INFO | [t=510] VLA chunk prompt=Reach to grasp the tomato sauce from cabinet1
2026-09-26 20:05:52,339 | INFO | [t=520] VLA chunk prompt=Reach to grasp the tomato sauce from cabinet1
2026-09-26 20:05:52,711 | INFO | [t=530] VLA chunk prompt=Reach to grasp the tomato sauce from cabinet1
2026-09-26 20:05:53,083 | INFO | [t=540] VLA chunk prompt=Reach to grasp the tomato sauce from cabinet1
2026-09-26 20:05:53,453 | INFO | [t=550] VLA chunk prompt=Reach to grasp the tomato sauce from cabinet1
2026-09-26 20:05:53,821 | INFO | [t=560] VLA chunk prompt=Reach to grasp the tomato sauce from cabinet1
2026-09-26 20:05:54,070 | INFO | API VLM @t=210 task=19 subtask=open cabinet1 to access the tomato sauce keyframes=[]
2026-09-26 20:05:54,139 | INFO | [t=570] VLM prompt update from step=210: open cabinet1 to access the tomato sauce
2026-09-26 20:05:54,190 | INFO | [t=570] VLA chunk prompt=open cabinet1 to access the tomato sauce
2026-09-26 20:05:54,558 | INFO | [t=580] VLA chunk prompt=open cabinet1 to access the tomato sauce
2026-09-26 20:05:54,913 | INFO | [t=590] VLA chunk prompt=open cabinet1 to access the tomato sauce
2026-09-26 20:05:55,262 | INFO | [t=600] VLA chunk prompt=open cabinet1 to access the tomato sauce
2026-09-26 20:05:55,607 | INFO | [t=610] VLA chunk prompt=open cabinet1 to access the tomato sauce
2026-09-26 20:05:55,948 | INFO | [t=620] VLA chunk prompt=open cabinet1 to access the tomato sauce
2026-09-26 20:05:56,290 | INFO | [t=630] VLA chunk prompt=open cabinet1 to access the tomato sauce
2026-09-26 20:05:56,635 | INFO | [t=640] VLA chunk prompt=open cabinet1 to access the tomato sauce
2026-09-26 20:05:56,981 | INFO | [t=650] VLA chunk prompt=open cabinet1 to access the tomato sauce
2026-09-26 20:05:57,325 | INFO | [t=660] VLA chunk prompt=open cabinet1 to access the tomato sauce
2026-09-26 20:05:57,668 | INFO | [t=670] VLA chunk prompt=open cabinet1 to access the tomato sauce
2026-09-26 20:05:58,010 | INFO | [t=680] VLA chunk prompt=open cabinet1 to access the tomato sauce
2026-09-26 20:05:58,351 | INFO | [t=690] VLA chunk prompt=open cabinet1 to access the tomato sauce
2026-09-26 20:05:58,692 | INFO | [t=700] VLA chunk prompt=open cabinet1 to access the tomato sauce
2026-09-26 20:05:59,032 | INFO | [t=710] VLA chunk prompt=open cabinet1 to access the tomato sauce
2026-09-26 20:05:59,375 | INFO | [t=720] VLA chunk prompt=open cabinet1 to access the tomato sauce
2026-09-26 20:05:59,721 | INFO | [t=730] VLA chunk prompt=open cabinet1 to access the tomato sauce
2026-09-26 20:06:00,071 | INFO | [t=740] VLA chunk prompt=open cabinet1 to access the tomato sauce
2026-09-26 20:06:00,427 | INFO | [t=750] VLA chunk prompt=open cabinet1 to access the tomato sauce
2026-09-26 20:06:00,778 | INFO | [t=760] VLA chunk prompt=open cabinet1 to access the tomato sauce
2026-09-26 20:06:01,093 | INFO | API VLM @t=555 task=19 subtask=Reach toward the tomato sauce at source cabinet1 to begin transferring it to cabinet2. keyframes=[]
2026-09-26 20:06:01,128 | INFO | [t=770] VLA chunk prompt=open cabinet1 to access the tomato sauce
2026-09-26 20:06:01,428 | INFO | [t=780] VLM prompt update from step=555: Reach toward the tomato sauce at source cabinet1 to begin transferring it to cabinet2.
2026-09-26 20:06:01,478 | INFO | [t=780] VLA chunk prompt=Reach toward the tomato sauce at source cabinet1 to begin transferring it to cabinet2.
2026-09-26 20:06:01,830 | INFO | [t=790] VLA chunk prompt=Reach toward the tomato sauce at source cabinet1 to begin transferring it to cabinet2.
2026-09-26 20:06:02,179 | INFO | [t=800] VLA chunk prompt=Reach toward the tomato sauce at source cabinet1 to begin transferring it to cabinet2.
2026-09-26 20:06:02,527 | INFO | [t=810] VLA chunk prompt=Reach toward the tomato sauce at source cabinet1 to begin transferring it to cabinet2.
2026-09-26 20:06:02,876 | INFO | [t=820] VLA chunk prompt=Reach toward the tomato sauce at source cabinet1 to begin transferring it to cabinet2.
2026-09-26 20:06:03,227 | INFO | [t=830] VLA chunk prompt=Reach toward the tomato sauce at source cabinet1 to begin transferring it to cabinet2.
2026-09-26 20:06:03,577 | INFO | [t=840] VLA chunk prompt=Reach toward the tomato sauce at source cabinet1 to begin transferring it to cabinet2.
2026-09-26 20:06:03,925 | INFO | [t=850] VLA chunk prompt=Reach toward the tomato sauce at source cabinet1 to begin transferring it to cabinet2.
2026-09-26 20:06:04,273 | INFO | [t=860] VLA chunk prompt=Reach toward the tomato sauce at source cabinet1 to begin transferring it to cabinet2.
2026-09-26 20:06:04,621 | INFO | [t=870] VLA chunk prompt=Reach toward the tomato sauce at source cabinet1 to begin transferring it to cabinet2.
2026-09-26 20:06:04,972 | INFO | [t=880] VLA chunk prompt=Reach toward the tomato sauce at source cabinet1 to begin transferring it to cabinet2.
2026-09-26 20:06:05,320 | INFO | [t=890] VLA chunk prompt=Reach toward the tomato sauce at source cabinet1 to begin transferring it to cabinet2.
2026-09-26 20:06:05,670 | INFO | [t=900] VLA chunk prompt=Reach toward the tomato sauce at source cabinet1 to begin transferring it to cabinet2.
2026-09-26 20:06:06,024 | INFO | [t=910] VLA chunk prompt=Reach toward the tomato sauce at source cabinet1 to begin transferring it to cabinet2.
2026-09-26 20:06:06,364 | INFO | [t=920] VLA chunk prompt=Reach toward the tomato sauce at source cabinet1 to begin transferring it to cabinet2.
2026-09-26 20:06:06,702 | INFO | [t=930] VLA chunk prompt=Reach toward the tomato sauce at source cabinet1 to begin transferring it to cabinet2.
2026-09-26 20:06:07,039 | INFO | [t=940] VLA chunk prompt=Reach toward the tomato sauce at source cabinet1 to begin transferring it to cabinet2.
2026-09-26 20:06:07,387 | INFO | [t=950] VLA chunk prompt=Reach toward the tomato sauce at source cabinet1 to begin transferring it to cabinet2.
2026-09-26 20:06:07,724 | INFO | [t=960] VLA chunk prompt=Reach toward the tomato sauce at source cabinet1 to begin transferring it to cabinet2.
2026-09-26 20:06:08,060 | INFO | [t=970] VLA chunk prompt=Reach toward the tomato sauce at source cabinet1 to begin transferring it to cabinet2.
2026-09-26 20:06:08,397 | INFO | [t=980] VLA chunk prompt=Reach toward the tomato sauce at source cabinet1 to begin transferring it to cabinet2.
2026-09-26 20:06:08,735 | INFO | [t=990] VLA chunk prompt=Reach toward the tomato sauce at source cabinet1 to begin transferring it to cabinet2.
2026-09-26 20:06:09,072 | INFO | [t=1000] VLA chunk prompt=Reach toward the tomato sauce at source cabinet1 to begin transferring it to cabinet2.
2026-09-26 20:06:09,411 | INFO | [t=1010] VLA chunk prompt=Reach toward the tomato sauce at source cabinet1 to begin transferring it to cabinet2.
2026-09-26 20:06:09,690 | INFO | API VLM @t=760 task=19 subtask=Transfer the tomato sauce to cabinet2. keyframes=[]
2026-09-26 20:06:09,705 | INFO | [t=1020] VLM prompt update from step=760: Transfer the tomato sauce to cabinet2.
2026-09-26 20:06:09,755 | INFO | [t=1020] VLA chunk prompt=Transfer the tomato sauce to cabinet2.
2026-09-26 20:06:10,102 | INFO | [t=1030] VLA chunk prompt=Transfer the tomato sauce to cabinet2.
2026-09-26 20:06:10,454 | INFO | [t=1040] VLA chunk prompt=Transfer the tomato sauce to cabinet2.
2026-09-26 20:06:10,803 | INFO | [t=1050] VLA chunk prompt=Transfer the tomato sauce to cabinet2.
2026-09-26 20:06:11,152 | INFO | [t=1060] VLA chunk prompt=Transfer the tomato sauce to cabinet2.
2026-09-26 20:06:11,499 | INFO | [t=1070] VLA chunk prompt=Transfer the tomato sauce to cabinet2.
2026-09-26 20:06:11,853 | INFO | [t=1080] VLA chunk prompt=Transfer the tomato sauce to cabinet2.
2026-09-26 20:06:12,201 | INFO | [t=1090] VLA chunk prompt=Transfer the tomato sauce to cabinet2.
2026-09-26 20:06:12,549 | INFO | [t=1100] VLA chunk prompt=Transfer the tomato sauce to cabinet2.
2026-09-26 20:06:12,896 | INFO | [t=1110] VLA chunk prompt=Transfer the tomato sauce to cabinet2.
2026-09-26 20:06:13,244 | INFO | [t=1120] VLA chunk prompt=Transfer the tomato sauce to cabinet2.
2026-09-26 20:06:13,611 | INFO | [t=1130] VLA chunk prompt=Transfer the tomato sauce to cabinet2.
2026-09-26 20:06:13,981 | INFO | [t=1140] VLA chunk prompt=Transfer the tomato sauce to cabinet2.
2026-09-26 20:06:14,343 | INFO | [t=1150] VLA chunk prompt=Transfer the tomato sauce to cabinet2.
2026-09-26 20:06:14,709 | INFO | [t=1160] VLA chunk prompt=Transfer the tomato sauce to cabinet2.
2026-09-26 20:06:15,074 | INFO | [t=1170] VLA chunk prompt=Transfer the tomato sauce to cabinet2.
2026-09-26 20:06:15,437 | INFO | [t=1180] VLA chunk prompt=Transfer the tomato sauce to cabinet2.
2026-09-26 20:06:15,800 | INFO | [t=1190] VLA chunk prompt=Transfer the tomato sauce to cabinet2.
2026-09-26 20:06:16,168 | INFO | [t=1200] VLA chunk prompt=Transfer the tomato sauce to cabinet2.
2026-09-26 20:06:16,533 | INFO | [t=1210] VLA chunk prompt=Transfer the tomato sauce to cabinet2.
2026-09-26 20:06:16,905 | INFO | [t=1220] VLA chunk prompt=Transfer the tomato sauce to cabinet2.
2026-09-26 20:06:17,280 | INFO | [t=1230] VLA chunk prompt=Transfer the tomato sauce to cabinet2.
2026-09-26 20:06:17,648 | INFO | [t=1240] VLA chunk prompt=Transfer the tomato sauce to cabinet2.
2026-09-26 20:06:18,012 | INFO | [t=1250] VLA chunk prompt=Transfer the tomato sauce to cabinet2.
2026-09-26 20:06:18,376 | INFO | [t=1260] VLA chunk prompt=Transfer the tomato sauce to cabinet2.
2026-09-26 20:06:18,751 | INFO | [t=1270] VLA chunk prompt=Transfer the tomato sauce to cabinet2.
2026-09-26 20:06:19,125 | INFO | [t=1280] VLA chunk prompt=Transfer the tomato sauce to cabinet2.
2026-09-26 20:06:19,494 | INFO | [t=1290] VLA chunk prompt=Transfer the tomato sauce to cabinet2.
2026-09-26 20:06:19,859 | INFO | [t=1300] VLA chunk prompt=Transfer the tomato sauce to cabinet2.
2026-09-26 20:06:20,221 | INFO | [t=1310] VLA chunk prompt=Transfer the tomato sauce to cabinet2.
2026-09-26 20:06:20,583 | INFO | [t=1320] VLA chunk prompt=Transfer the tomato sauce to cabinet2.
2026-09-26 20:06:20,945 | INFO | [t=1330] VLA chunk prompt=Transfer the tomato sauce to cabinet2.
2026-09-26 20:06:21,298 | INFO | [t=1340] VLA chunk prompt=Transfer the tomato sauce to cabinet2.
2026-09-26 20:06:21,648 | INFO | [t=1350] VLA chunk prompt=Transfer the tomato sauce to cabinet2.
2026-09-26 20:06:21,994 | INFO | [t=1360] VLA chunk prompt=Transfer the tomato sauce to cabinet2.
2026-09-26 20:06:22,100 | INFO | API VLM @t=1005 task=19 subtask=open cabinet2 keyframes=[]
2026-09-26 20:06:22,290 | INFO | [t=1370] VLM prompt update from step=1005: open cabinet2
2026-09-26 20:06:22,340 | INFO | [t=1370] VLA chunk prompt=open cabinet2
2026-09-26 20:06:22,687 | INFO | [t=1380] VLA chunk prompt=open cabinet2
2026-09-26 20:06:23,027 | INFO | [t=1390] VLA chunk prompt=open cabinet2
2026-09-26 20:06:23,369 | INFO | [t=1400] VLA chunk prompt=open cabinet2
2026-09-26 20:06:23,712 | INFO | [t=1410] VLA chunk prompt=open cabinet2
2026-09-26 20:06:24,056 | INFO | [t=1420] VLA chunk prompt=open cabinet2
2026-09-26 20:06:24,401 | INFO | [t=1430] VLA chunk prompt=open cabinet2
2026-09-26 20:06:24,747 | INFO | [t=1440] VLA chunk prompt=open cabinet2
2026-09-26 20:06:25,087 | INFO | [t=1450] VLA chunk prompt=open cabinet2
2026-09-26 20:06:25,425 | INFO | [t=1460] VLA chunk prompt=open cabinet2
2026-09-26 20:06:25,760 | INFO | [t=1470] VLA chunk prompt=open cabinet2
2026-09-26 20:06:26,093 | INFO | [t=1480] VLA chunk prompt=open cabinet2
2026-09-26 20:06:26,428 | INFO | [t=1490] VLA chunk prompt=open cabinet2
2026-09-26 20:06:26,763 | INFO | [t=1500] VLA chunk prompt=open cabinet2
2026-09-26 20:06:27,099 | INFO | [t=1510] VLA chunk prompt=open cabinet2
2026-09-26 20:06:27,438 | INFO | [t=1520] VLA chunk prompt=open cabinet2
2026-09-26 20:06:27,776 | INFO | [t=1530] VLA chunk prompt=open cabinet2
2026-09-26 20:06:28,115 | INFO | [t=1540] VLA chunk prompt=open cabinet2
2026-09-26 20:06:28,454 | INFO | [t=1550] VLA chunk prompt=open cabinet2
2026-09-26 20:06:28,794 | INFO | [t=1560] VLA chunk prompt=open cabinet2
2026-09-26 20:06:29,134 | INFO | [t=1570] VLA chunk prompt=open cabinet2
2026-09-26 20:06:29,475 | INFO | [t=1580] VLA chunk prompt=open cabinet2
2026-09-26 20:06:29,678 | INFO | API VLM @t=1350 task=19 subtask=Place the current item into cabinet2. keyframes=[]
2026-09-26 20:06:29,769 | INFO | [t=1590] VLM prompt update from step=1350: Place the current item into cabinet2.
2026-09-26 20:06:29,819 | INFO | [t=1590] VLA chunk prompt=Place the current item into cabinet2.
2026-09-26 20:06:30,162 | INFO | [t=1600] VLA chunk prompt=Place the current item into cabinet2.
2026-09-26 20:06:30,505 | INFO | [t=1610] VLA chunk prompt=Place the current item into cabinet2.
2026-09-26 20:06:30,848 | INFO | [t=1620] VLA chunk prompt=Place the current item into cabinet2.
2026-09-26 20:06:31,192 | INFO | [t=1630] VLA chunk prompt=Place the current item into cabinet2.
2026-09-26 20:06:31,539 | INFO | [t=1640] VLA chunk prompt=Place the current item into cabinet2.
2026-09-26 20:06:31,885 | INFO | [t=1650] VLA chunk prompt=Place the current item into cabinet2.
2026-09-26 20:06:32,234 | INFO | [t=1660] VLA chunk prompt=Place the current item into cabinet2.
2026-09-26 20:06:32,584 | INFO | [t=1670] VLA chunk prompt=Place the current item into cabinet2.
2026-09-26 20:06:32,932 | INFO | [t=1680] VLA chunk prompt=Place the current item into cabinet2.
2026-09-26 20:06:33,282 | INFO | [t=1690] VLA chunk prompt=Place the current item into cabinet2.
2026-09-26 20:06:33,632 | INFO | [t=1700] VLA chunk prompt=Place the current item into cabinet2.
2026-09-26 20:06:33,981 | INFO | [t=1710] VLA chunk prompt=Place the current item into cabinet2.
2026-09-26 20:06:34,329 | INFO | [t=1720] VLA chunk prompt=Place the current item into cabinet2.
2026-09-26 20:06:34,677 | INFO | [t=1730] VLA chunk prompt=Place the current item into cabinet2.
2026-09-26 20:06:35,024 | INFO | [t=1740] VLA chunk prompt=Place the current item into cabinet2.
2026-09-26 20:06:35,369 | INFO | [t=1750] VLA chunk prompt=Place the current item into cabinet2.
2026-09-26 20:06:35,712 | INFO | [t=1760] VLA chunk prompt=Place the current item into cabinet2.
2026-09-26 20:06:36,052 | INFO | [t=1770] VLA chunk prompt=Place the current item into cabinet2.
2026-09-26 20:06:36,390 | INFO | [t=1780] VLA chunk prompt=Place the current item into cabinet2.
2026-09-26 20:06:36,727 | INFO | [t=1790] VLA chunk prompt=Place the current item into cabinet2.
2026-09-26 20:06:37,065 | INFO | [t=1800] VLA chunk prompt=Place the current item into cabinet2.
2026-09-26 20:06:37,403 | INFO | [t=1810] VLA chunk prompt=Place the current item into cabinet2.
2026-09-26 20:06:37,741 | INFO | [t=1820] VLA chunk prompt=Place the current item into cabinet2.
2026-09-26 20:06:38,078 | INFO | [t=1830] VLA chunk prompt=Place the current item into cabinet2.
2026-09-26 20:06:38,199 | INFO | API VLM @t=1575 task=19 subtask=reach toward the next item to transfer keyframes=[]
2026-09-26 20:06:38,371 | INFO | [t=1840] VLM prompt update from step=1575: reach toward the next item to transfer
2026-09-26 20:06:38,420 | INFO | [t=1840] VLA chunk prompt=reach toward the next item to transfer
2026-09-26 20:06:38,758 | INFO | [t=1850] VLA chunk prompt=reach toward the next item to transfer
2026-09-26 20:06:39,095 | INFO | [t=1860] VLA chunk prompt=reach toward the next item to transfer
2026-09-26 20:06:39,433 | INFO | [t=1870] VLA chunk prompt=reach toward the next item to transfer
2026-09-26 20:06:39,770 | INFO | [t=1880] VLA chunk prompt=reach toward the next item to transfer
2026-09-26 20:06:40,109 | INFO | [t=1890] VLA chunk prompt=reach toward the next item to transfer
2026-09-26 20:06:40,450 | INFO | [t=1900] VLA chunk prompt=reach toward the next item to transfer
2026-09-26 20:06:40,792 | INFO | [t=1910] VLA chunk prompt=reach toward the next item to transfer
2026-09-26 20:06:41,132 | INFO | [t=1920] VLA chunk prompt=reach toward the next item to transfer
2026-09-26 20:06:41,474 | INFO | [t=1930] VLA chunk prompt=reach toward the next item to transfer
2026-09-26 20:06:41,816 | INFO | [t=1940] VLA chunk prompt=reach toward the next item to transfer
2026-09-26 20:06:42,159 | INFO | [t=1950] VLA chunk prompt=reach toward the next item to transfer
2026-09-26 20:06:42,505 | INFO | [t=1960] VLA chunk prompt=reach toward the next item to transfer
2026-09-26 20:06:42,855 | INFO | [t=1970] VLA chunk prompt=reach toward the next item to transfer
2026-09-26 20:06:43,203 | INFO | [t=1980] VLA chunk prompt=reach toward the next item to transfer
2026-09-26 20:06:43,551 | INFO | [t=1990] VLA chunk prompt=reach toward the next item to transfer
2026-09-26 20:06:43,899 | INFO | [t=2000] VLA chunk prompt=reach toward the next item to transfer
2026-09-26 20:06:44,247 | INFO | [t=2010] VLA chunk prompt=reach toward the next item to transfer
2026-09-26 20:06:44,595 | INFO | [t=2020] VLA chunk prompt=reach toward the next item to transfer
2026-09-26 20:06:44,945 | INFO | [t=2030] VLA chunk prompt=reach toward the next item to transfer
2026-09-26 20:06:45,294 | INFO | [t=2040] VLA chunk prompt=reach toward the next item to transfer
2026-09-26 20:06:45,643 | INFO | [t=2050] VLA chunk prompt=reach toward the next item to transfer
2026-09-26 20:06:45,994 | INFO | [t=2060] VLA chunk prompt=reach toward the next item to transfer
2026-09-26 20:06:46,054 | INFO | API VLM @t=1820 task=19 subtask=Open cabinet1 to access the tomato sauce keyframes=[]
2026-09-26 20:06:46,299 | INFO | [t=2070] VLM prompt update from step=1820: Open cabinet1 to access the tomato sauce
2026-09-26 20:06:46,350 | INFO | [t=2070] VLA chunk prompt=Open cabinet1 to access the tomato sauce
2026-09-26 20:06:46,702 | INFO | [t=2080] VLA chunk prompt=Open cabinet1 to access the tomato sauce
2026-09-26 20:06:47,052 | INFO | [t=2090] VLA chunk prompt=Open cabinet1 to access the tomato sauce
2026-09-26 20:06:47,403 | INFO | [t=2100] VLA chunk prompt=Open cabinet1 to access the tomato sauce
2026-09-26 20:06:47,756 | INFO | [t=2110] VLA chunk prompt=Open cabinet1 to access the tomato sauce
2026-09-26 20:06:48,107 | INFO | [t=2120] VLA chunk prompt=Open cabinet1 to access the tomato sauce
2026-09-26 20:06:48,455 | INFO | [t=2130] VLA chunk prompt=Open cabinet1 to access the tomato sauce
2026-09-26 20:06:48,800 | INFO | [t=2140] VLA chunk prompt=Open cabinet1 to access the tomato sauce
2026-09-26 20:06:49,146 | INFO | [t=2150] VLA chunk prompt=Open cabinet1 to access the tomato sauce
2026-09-26 20:06:49,491 | INFO | [t=2160] VLA chunk prompt=Open cabinet1 to access the tomato sauce
2026-09-26 20:06:49,837 | INFO | [t=2170] VLA chunk prompt=Open cabinet1 to access the tomato sauce
2026-09-26 20:06:50,182 | INFO | [t=2180] VLA chunk prompt=Open cabinet1 to access the tomato sauce
2026-09-26 20:06:50,528 | INFO | [t=2190] VLA chunk prompt=Open cabinet1 to access the tomato sauce
2026-09-26 20:06:50,869 | INFO | [t=2200] VLA chunk prompt=Open cabinet1 to access the tomato sauce
2026-09-26 20:06:51,209 | INFO | [t=2210] VLA chunk prompt=Open cabinet1 to access the tomato sauce
2026-09-26 20:06:51,549 | INFO | [t=2220] VLA chunk prompt=Open cabinet1 to access the tomato sauce
2026-09-26 20:06:51,890 | INFO | [t=2230] VLA chunk prompt=Open cabinet1 to access the tomato sauce
2026-09-26 20:06:52,231 | INFO | [t=2240] VLA chunk prompt=Open cabinet1 to access the tomato sauce
2026-09-26 20:06:52,575 | INFO | [t=2250] VLA chunk prompt=Open cabinet1 to access the tomato sauce
2026-09-26 20:06:52,918 | INFO | [t=2260] VLA chunk prompt=Open cabinet1 to access the tomato sauce
2026-09-26 20:06:53,262 | INFO | [t=2270] VLA chunk prompt=Open cabinet1 to access the tomato sauce
2026-09-26 20:06:53,608 | INFO | [t=2280] VLA chunk prompt=Open cabinet1 to access the tomato sauce
2026-09-26 20:06:53,954 | INFO | [t=2290] VLA chunk prompt=Open cabinet1 to access the tomato sauce
2026-09-26 20:06:54,302 | INFO | [t=2300] VLA chunk prompt=Open cabinet1 to access the tomato sauce
2026-09-26 20:06:54,653 | INFO | [t=2310] VLA chunk prompt=Open cabinet1 to access the tomato sauce
2026-09-26 20:06:55,005 | INFO | [t=2320] VLA chunk prompt=Open cabinet1 to access the tomato sauce
2026-09-26 20:06:55,358 | INFO | [t=2330] VLA chunk prompt=Open cabinet1 to access the tomato sauce
2026-09-26 20:06:55,709 | INFO | [t=2340] VLA chunk prompt=Open cabinet1 to access the tomato sauce
2026-09-26 20:06:56,059 | INFO | [t=2350] VLA chunk prompt=Open cabinet1 to access the tomato sauce
2026-09-26 20:06:56,409 | INFO | [t=2360] VLA chunk prompt=Open cabinet1 to access the tomato sauce
2026-09-26 20:06:56,758 | INFO | [t=2370] VLA chunk prompt=Open cabinet1 to access the tomato sauce
2026-09-26 20:06:57,102 | INFO | [t=2380] VLA chunk prompt=Open cabinet1 to access the tomato sauce
2026-09-26 20:06:57,443 | INFO | [t=2390] VLA chunk prompt=Open cabinet1 to access the tomato sauce
2026-09-26 20:06:57,544 | INFO | API VLM @t=2050 task=19 subtask=Pick up the next remaining drink container from cabinet1 and place it in cabinet2. keyframes=[]
2026-09-26 20:06:57,735 | INFO | [t=2400] VLM prompt update from step=2050: Pick up the next remaining drink container from cabinet1 and place it in cabinet2.
2026-09-26 20:06:57,785 | INFO | [t=2400] VLA chunk prompt=Pick up the next remaining drink container from cabinet1 and place it in cabinet2.
2026-09-26 20:06:58,125 | INFO | [t=2410] VLA chunk prompt=Pick up the next remaining drink container from cabinet1 and place it in cabinet2.
2026-09-26 20:06:58,465 | INFO | [t=2420] VLA chunk prompt=Pick up the next remaining drink container from cabinet1 and place it in cabinet2.
2026-09-26 20:06:58,810 | INFO | [t=2430] VLA chunk prompt=Pick up the next remaining drink container from cabinet1 and place it in cabinet2.
2026-09-26 20:06:59,161 | INFO | [t=2440] VLA chunk prompt=Pick up the next remaining drink container from cabinet1 and place it in cabinet2.
2026-09-26 20:06:59,512 | INFO | [t=2450] VLA chunk prompt=Pick up the next remaining drink container from cabinet1 and place it in cabinet2.
2026-09-26 20:06:59,862 | INFO | [t=2460] VLA chunk prompt=Pick up the next remaining drink container from cabinet1 and place it in cabinet2.
2026-09-26 20:07:00,211 | INFO | [t=2470] VLA chunk prompt=Pick up the next remaining drink container from cabinet1 and place it in cabinet2.
2026-09-26 20:07:00,559 | INFO | [t=2480] VLA chunk prompt=Pick up the next remaining drink container from cabinet1 and place it in cabinet2.
2026-09-26 20:07:00,908 | INFO | [t=2490] VLA chunk prompt=Pick up the next remaining drink container from cabinet1 and place it in cabinet2.
2026-09-26 20:07:01,257 | INFO | [t=2500] VLA chunk prompt=Pick up the next remaining drink container from cabinet1 and place it in cabinet2.
2026-09-26 20:07:02,970 | INFO | API VLM @t=2380 task=19 subtask=reach toward the visible bottle beside cabinet2 keyframes=[]
2026-09-26 20:07:02,993 | INFO | attempt=0 stage_score=33.3 stage_success=False failure_reason=incomplete_stage
2026-09-26 20:07:02,993 | INFO | Episode 4 seed=104 stage_score=33.3 stage_success=0 goal=0.333 failure_reason=incomplete_stage | 01_Place_Tomato_Sauce_Cabinet2=Y | 02_Place_Milk_Cabinet2=N | 03_Place_Orange_Juice_Cabinet2=N
