2026-09-27 12:50:56,661 | INFO | task_id=5 bddl=/project/peilab/why/RoboMemArena/bddl/5_butter_middle_drawer.bddl vlm_ckpt=/project/peilab/why/RoboMemArena/checkpoints/PrediMem/vlm_tasks1to26_ckpt74500
2026-09-27 12:50:56,672 | INFO | [redact] enabled task=5 registered_phrases=6 terms=['bottom drawer', 'bottom_drawer', 'middle drawer', 'middle_drawer', 'top drawer', 'top_drawer']
2026-09-27 12:50:58,534 | INFO | async VLM enabled: single-slot subtask buffer
2026-09-27 12:50:58,736 | INFO | [redact] enabled task=5 registered_phrases=0 terms=['bottom drawer', 'bottom_drawer', 'middle drawer', 'middle_drawer', 'top drawer', 'top_drawer']
2026-09-27 12:50:58,789 | INFO | [t=10] VLA chunk prompt=Open all drawers in order, remember the empty drawer, then put butter into that empty drawer.
2026-09-27 12:50:59,066 | INFO | [t=20] VLA chunk prompt=Open all drawers in order, remember the empty drawer, then put butter into that empty drawer.
2026-09-27 12:50:59,339 | INFO | [t=30] VLA chunk prompt=Open all drawers in order, remember the empty drawer, then put butter into that empty drawer.
2026-09-27 12:50:59,610 | INFO | [t=40] VLA chunk prompt=Open all drawers in order, remember the empty drawer, then put butter into that empty drawer.
2026-09-27 12:50:59,889 | INFO | [t=50] VLA chunk prompt=Open all drawers in order, remember the empty drawer, then put butter into that empty drawer.
2026-09-27 12:51:00,176 | INFO | [t=60] VLA chunk prompt=Open all drawers in order, remember the empty drawer, then put butter into that empty drawer.
2026-09-27 12:51:00,467 | INFO | [t=70] VLA chunk prompt=Open all drawers in order, remember the empty drawer, then put butter into that empty drawer.
2026-09-27 12:51:00,762 | INFO | [t=80] VLA chunk prompt=Open all drawers in order, remember the empty drawer, then put butter into that empty drawer.
2026-09-27 12:51:01,041 | INFO | [t=90] VLA chunk prompt=Open all drawers in order, remember the empty drawer, then put butter into that empty drawer.
2026-09-27 12:51:01,319 | INFO | [t=100] VLA chunk prompt=Open all drawers in order, remember the empty drawer, then put butter into that empty drawer.
2026-09-27 12:51:01,593 | INFO | [t=110] VLA chunk prompt=Open all drawers in order, remember the empty drawer, then put butter into that empty drawer.
2026-09-27 12:51:01,866 | INFO | [t=120] VLA chunk prompt=Open all drawers in order, remember the empty drawer, then put butter into that empty drawer.
2026-09-27 12:51:02,137 | INFO | [t=130] VLA chunk prompt=Open all drawers in order, remember the empty drawer, then put butter into that empty drawer.
2026-09-27 12:51:02,451 | INFO | [t=140] VLA chunk prompt=Open all drawers in order, remember the empty drawer, then put butter into that empty drawer.
2026-09-27 12:51:02,779 | INFO | [t=150] VLA chunk prompt=Open all drawers in order, remember the empty drawer, then put butter into that empty drawer.
2026-09-27 12:51:03,102 | INFO | [t=160] VLA chunk prompt=Open all drawers in order, remember the empty drawer, then put butter into that empty drawer.
2026-09-27 12:51:03,432 | INFO | [t=170] VLA chunk prompt=Open all drawers in order, remember the empty drawer, then put butter into that empty drawer.
2026-09-27 12:51:03,768 | INFO | [t=180] VLA chunk prompt=Open all drawers in order, remember the empty drawer, then put butter into that empty drawer.
2026-09-27 12:51:03,931 | INFO | API VLM @t=0 task=5 subtask=Reach for the drawer and pull it open to inspect its contents. keyframes=[]
2026-09-27 12:51:03,934 | INFO | [redact] enabled task=5 registered_phrases=0 terms=['bottom drawer', 'bottom_drawer', 'middle drawer', 'middle_drawer', 'top drawer', 'top_drawer']
2026-09-27 12:51:04,065 | INFO | [t=190] VLM prompt update from step=0: Reach for the drawer and pull it open to inspect its contents.
2026-09-27 12:51:04,116 | INFO | [t=190] VLA chunk prompt=Reach for the drawer and pull it open to inspect its contents.
2026-09-27 12:51:04,466 | INFO | [t=200] VLA chunk prompt=Reach for the drawer and pull it open to inspect its contents.
2026-09-27 12:51:04,820 | INFO | [t=210] VLA chunk prompt=Reach for the drawer and pull it open to inspect its contents.
2026-09-27 12:51:05,188 | INFO | [t=220] VLA chunk prompt=Reach for the drawer and pull it open to inspect its contents.
2026-09-27 12:51:05,556 | INFO | [t=230] VLA chunk prompt=Reach for the drawer and pull it open to inspect its contents.
2026-09-27 12:51:05,927 | INFO | [t=240] VLA chunk prompt=Reach for the drawer and pull it open to inspect its contents.
2026-09-27 12:51:06,298 | INFO | [t=250] VLA chunk prompt=Reach for the drawer and pull it open to inspect its contents.
2026-09-27 12:51:06,665 | INFO | [t=260] VLA chunk prompt=Reach for the drawer and pull it open to inspect its contents.
2026-09-27 12:51:07,030 | INFO | [t=270] VLA chunk prompt=Reach for the drawer and pull it open to inspect its contents.
2026-09-27 12:51:07,396 | INFO | [t=280] VLA chunk prompt=Reach for the drawer and pull it open to inspect its contents.
2026-09-27 12:51:07,773 | INFO | [t=290] VLA chunk prompt=Reach for the drawer and pull it open to inspect its contents.
2026-09-27 12:51:08,144 | INFO | [t=300] VLA chunk prompt=Reach for the drawer and pull it open to inspect its contents.
2026-09-27 12:51:08,520 | INFO | [t=310] VLA chunk prompt=Reach for the drawer and pull it open to inspect its contents.
2026-09-27 12:51:08,894 | INFO | [t=320] VLA chunk prompt=Reach for the drawer and pull it open to inspect its contents.
2026-09-27 12:51:09,109 | INFO | API VLM @t=175 task=5 subtask=Open the top drawer of the black cabinet and observe its contents. keyframes=[]
2026-09-27 12:51:09,111 | INFO | [redact] enabled task=5 registered_phrases=0 terms=['bottom drawer', 'bottom_drawer', 'middle drawer', 'middle_drawer', 'top drawer', 'top_drawer']
2026-09-27 12:51:09,221 | INFO | [t=330] VLM prompt update from step=175: Open the top drawer of the black cabinet and observe its contents.
2026-09-27 12:51:09,272 | INFO | [t=330] VLA chunk prompt=Open the top drawer of the black cabinet and observe its contents.
2026-09-27 12:51:09,640 | INFO | [t=340] VLA chunk prompt=Open the top drawer of the black cabinet and observe its contents.
2026-09-27 12:51:10,007 | INFO | [t=350] VLA chunk prompt=Open the top drawer of the black cabinet and observe its contents.
2026-09-27 12:51:10,378 | INFO | [t=360] VLA chunk prompt=Open the top drawer of the black cabinet and observe its contents.
2026-09-27 12:51:10,740 | INFO | [t=370] VLA chunk prompt=Open the top drawer of the black cabinet and observe its contents.
2026-09-27 12:51:11,102 | INFO | [t=380] VLA chunk prompt=Open the top drawer of the black cabinet and observe its contents.
2026-09-27 12:51:11,459 | INFO | [t=390] VLA chunk prompt=Open the top drawer of the black cabinet and observe its contents.
2026-09-27 12:51:11,816 | INFO | [t=400] VLA chunk prompt=Open the top drawer of the black cabinet and observe its contents.
2026-09-27 12:51:12,182 | INFO | [t=410] VLA chunk prompt=Open the top drawer of the black cabinet and observe its contents.
2026-09-27 12:51:12,559 | INFO | [t=420] VLA chunk prompt=Open the top drawer of the black cabinet and observe its contents.
2026-09-27 12:51:12,930 | INFO | [t=430] VLA chunk prompt=Open the top drawer of the black cabinet and observe its contents.
2026-09-27 12:51:13,304 | INFO | [t=440] VLA chunk prompt=Open the top drawer of the black cabinet and observe its contents.
2026-09-27 12:51:13,585 | INFO | API VLM @t=315 task=5 subtask=Pull the top drawer open to inspect its contents. keyframes=[]
2026-09-27 12:51:13,587 | INFO | [redact] enabled task=5 registered_phrases=0 terms=['bottom drawer', 'bottom_drawer', 'middle drawer', 'middle_drawer', 'top drawer', 'top_drawer']
2026-09-27 12:51:13,624 | INFO | [t=450] VLM prompt update from step=315: Pull the top drawer open to inspect its contents.
2026-09-27 12:51:13,677 | INFO | [t=450] VLA chunk prompt=Pull the top drawer open to inspect its contents.
2026-09-27 12:51:14,038 | INFO | [t=460] VLA chunk prompt=Pull the top drawer open to inspect its contents.
2026-09-27 12:51:14,402 | INFO | [t=470] VLA chunk prompt=Pull the top drawer open to inspect its contents.
2026-09-27 12:51:14,776 | INFO | [t=480] VLA chunk prompt=Pull the top drawer open to inspect its contents.
2026-09-27 12:51:15,159 | INFO | [t=490] VLA chunk prompt=Pull the top drawer open to inspect its contents.
2026-09-27 12:51:15,543 | INFO | [t=500] VLA chunk prompt=Pull the top drawer open to inspect its contents.
2026-09-27 12:51:15,932 | INFO | [t=510] VLA chunk prompt=Pull the top drawer open to inspect its contents.
2026-09-27 12:51:16,307 | INFO | [t=520] VLA chunk prompt=Pull the top drawer open to inspect its contents.
2026-09-27 12:51:16,677 | INFO | [t=530] VLA chunk prompt=Pull the top drawer open to inspect its contents.
2026-09-27 12:51:17,042 | INFO | [t=540] VLA chunk prompt=Pull the top drawer open to inspect its contents.
2026-09-27 12:51:17,404 | INFO | [t=550] VLA chunk prompt=Pull the top drawer open to inspect its contents.
2026-09-27 12:51:17,761 | INFO | [t=560] VLA chunk prompt=Pull the top drawer open to inspect its contents.
2026-09-27 12:51:18,130 | INFO | [t=570] VLA chunk prompt=Pull the top drawer open to inspect its contents.
2026-09-27 12:51:18,311 | INFO | API VLM @t=435 task=5 subtask=Open the next drawer in order and inspect its contents. keyframes=[]
2026-09-27 12:51:18,314 | INFO | [redact] enabled task=5 registered_phrases=0 terms=['bottom drawer', 'bottom_drawer', 'middle drawer', 'middle_drawer', 'top drawer', 'top_drawer']
2026-09-27 12:51:18,443 | INFO | [t=580] VLM prompt update from step=435: Open the next drawer in order and inspect its contents.
2026-09-27 12:51:18,496 | INFO | [t=580] VLA chunk prompt=Open the next drawer in order and inspect its contents.
2026-09-27 12:51:18,858 | INFO | [t=590] VLA chunk prompt=Open the next drawer in order and inspect its contents.
2026-09-27 12:51:19,230 | INFO | [t=600] VLA chunk prompt=Open the next drawer in order and inspect its contents.
2026-09-27 12:51:19,604 | INFO | [t=610] VLA chunk prompt=Open the next drawer in order and inspect its contents.
2026-09-27 12:51:19,969 | INFO | [t=620] VLA chunk prompt=Open the next drawer in order and inspect its contents.
2026-09-27 12:51:20,339 | INFO | [t=630] VLA chunk prompt=Open the next drawer in order and inspect its contents.
2026-09-27 12:51:20,719 | INFO | [t=640] VLA chunk prompt=Open the next drawer in order and inspect its contents.
2026-09-27 12:51:21,092 | INFO | [t=650] VLA chunk prompt=Open the next drawer in order and inspect its contents.
2026-09-27 12:51:21,460 | INFO | [t=660] VLA chunk prompt=Open the next drawer in order and inspect its contents.
2026-09-27 12:51:21,832 | INFO | [t=670] VLA chunk prompt=Open the next drawer in order and inspect its contents.
2026-09-27 12:51:22,206 | INFO | [t=680] VLA chunk prompt=Open the next drawer in order and inspect its contents.
2026-09-27 12:51:22,577 | INFO | [t=690] VLA chunk prompt=Open the next drawer in order and inspect its contents.
2026-09-27 12:51:22,958 | INFO | [t=700] VLA chunk prompt=Open the next drawer in order and inspect its contents.
2026-09-27 12:51:23,335 | INFO | [t=710] VLA chunk prompt=Open the next drawer in order and inspect its contents.
2026-09-27 12:51:23,414 | INFO | API VLM @t=565 task=5 subtask=Pull the next drawer open to inspect its contents. keyframes=[]
2026-09-27 12:51:23,416 | INFO | [redact] enabled task=5 registered_phrases=0 terms=['bottom drawer', 'bottom_drawer', 'middle drawer', 'middle_drawer', 'top drawer', 'top_drawer']
2026-09-27 12:51:23,661 | INFO | [t=720] VLM prompt update from step=565: Pull the next drawer open to inspect its contents.
2026-09-27 12:51:23,713 | INFO | [t=720] VLA chunk prompt=Pull the next drawer open to inspect its contents.
2026-09-27 12:51:24,087 | INFO | [t=730] VLA chunk prompt=Pull the next drawer open to inspect its contents.
2026-09-27 12:51:24,465 | INFO | [t=740] VLA chunk prompt=Pull the next drawer open to inspect its contents.
2026-09-27 12:51:24,844 | INFO | [t=750] VLA chunk prompt=Pull the next drawer open to inspect its contents.
2026-09-27 12:51:25,221 | INFO | [t=760] VLA chunk prompt=Pull the next drawer open to inspect its contents.
2026-09-27 12:51:25,612 | INFO | [t=770] VLA chunk prompt=Pull the next drawer open to inspect its contents.
2026-09-27 12:51:25,996 | INFO | [t=780] VLA chunk prompt=Pull the next drawer open to inspect its contents.
2026-09-27 12:51:26,378 | INFO | [t=790] VLA chunk prompt=Pull the next drawer open to inspect its contents.
2026-09-27 12:51:26,760 | INFO | [t=800] VLA chunk prompt=Pull the next drawer open to inspect its contents.
2026-09-27 12:51:27,146 | INFO | [t=810] VLA chunk prompt=Pull the next drawer open to inspect its contents.
2026-09-27 12:51:27,531 | INFO | [t=820] VLA chunk prompt=Pull the next drawer open to inspect its contents.
2026-09-27 12:51:27,914 | INFO | [t=830] VLA chunk prompt=Pull the next drawer open to inspect its contents.
2026-09-27 12:51:28,083 | INFO | API VLM @t=700 task=5 subtask=Pull the next drawer open to inspect its contents. keyframes=[]
2026-09-27 12:51:28,085 | INFO | [redact] enabled task=5 registered_phrases=0 terms=['bottom drawer', 'bottom_drawer', 'middle drawer', 'middle_drawer', 'top drawer', 'top_drawer']
2026-09-27 12:51:28,304 | INFO | [t=840] VLA chunk prompt=Pull the next drawer open to inspect its contents.
2026-09-27 12:51:28,684 | INFO | [t=850] VLA chunk prompt=Pull the next drawer open to inspect its contents.
2026-09-27 12:51:29,059 | INFO | [t=860] VLA chunk prompt=Pull the next drawer open to inspect its contents.
2026-09-27 12:51:29,430 | INFO | [t=870] VLA chunk prompt=Pull the next drawer open to inspect its contents.
2026-09-27 12:51:29,804 | INFO | [t=880] VLA chunk prompt=Pull the next drawer open to inspect its contents.
2026-09-27 12:51:30,183 | INFO | [t=890] VLA chunk prompt=Pull the next drawer open to inspect its contents.
2026-09-27 12:51:30,567 | INFO | [t=900] VLA chunk prompt=Pull the next drawer open to inspect its contents.
2026-09-27 12:51:30,943 | INFO | [t=910] VLA chunk prompt=Pull the next drawer open to inspect its contents.
2026-09-27 12:51:31,318 | INFO | [t=920] VLA chunk prompt=Pull the next drawer open to inspect its contents.
2026-09-27 12:51:31,696 | INFO | [t=930] VLA chunk prompt=Pull the next drawer open to inspect its contents.
2026-09-27 12:51:32,072 | INFO | [t=940] VLA chunk prompt=Pull the next drawer open to inspect its contents.
2026-09-27 12:51:32,298 | INFO | API VLM @t=820 task=5 subtask=Pull the next drawer open to inspect its contents. keyframes=[]
2026-09-27 12:51:32,301 | INFO | [redact] enabled task=5 registered_phrases=0 terms=['bottom drawer', 'bottom_drawer', 'middle drawer', 'middle_drawer', 'top drawer', 'top_drawer']
2026-09-27 12:51:32,445 | INFO | [t=950] VLA chunk prompt=Pull the next drawer open to inspect its contents.
2026-09-27 12:51:32,828 | INFO | [t=960] VLA chunk prompt=Pull the next drawer open to inspect its contents.
2026-09-27 12:51:33,209 | INFO | [t=970] VLA chunk prompt=Pull the next drawer open to inspect its contents.
2026-09-27 12:51:33,586 | INFO | [t=980] VLA chunk prompt=Pull the next drawer open to inspect its contents.
2026-09-27 12:51:33,963 | INFO | [t=990] VLA chunk prompt=Pull the next drawer open to inspect its contents.
2026-09-27 12:51:34,348 | INFO | [t=1000] VLA chunk prompt=Pull the next drawer open to inspect its contents.
2026-09-27 12:51:34,736 | INFO | [t=1010] VLA chunk prompt=Pull the next drawer open to inspect its contents.
2026-09-27 12:51:35,117 | INFO | [t=1020] VLA chunk prompt=Pull the next drawer open to inspect its contents.
2026-09-27 12:51:35,505 | INFO | [t=1030] VLA chunk prompt=Pull the next drawer open to inspect its contents.
2026-09-27 12:51:35,899 | INFO | [t=1040] VLA chunk prompt=Pull the next drawer open to inspect its contents.
2026-09-27 12:51:36,300 | INFO | [t=1050] VLA chunk prompt=Pull the next drawer open to inspect its contents.
2026-09-27 12:51:36,693 | INFO | [t=1060] VLA chunk prompt=Pull the next drawer open to inspect its contents.
2026-09-27 12:51:36,961 | INFO | API VLM @t=935 task=5 subtask=Pull the next drawer in order open to inspect its contents. keyframes=[]
2026-09-27 12:51:36,963 | INFO | [redact] enabled task=5 registered_phrases=0 terms=['bottom drawer', 'bottom_drawer', 'middle drawer', 'middle_drawer', 'top drawer', 'top_drawer']
2026-09-27 12:51:37,032 | INFO | [t=1070] VLM prompt update from step=935: Pull the next drawer in order open to inspect its contents.
2026-09-27 12:51:37,084 | INFO | [t=1070] VLA chunk prompt=Pull the next drawer in order open to inspect its contents.
2026-09-27 12:51:37,469 | INFO | [t=1080] VLA chunk prompt=Pull the next drawer in order open to inspect its contents.
2026-09-27 12:51:37,843 | INFO | [t=1090] VLA chunk prompt=Pull the next drawer in order open to inspect its contents.
2026-09-27 12:51:38,213 | INFO | [t=1100] VLA chunk prompt=Pull the next drawer in order open to inspect its contents.
2026-09-27 12:51:38,592 | INFO | [t=1110] VLA chunk prompt=Pull the next drawer in order open to inspect its contents.
2026-09-27 12:51:38,974 | INFO | [t=1120] VLA chunk prompt=Pull the next drawer in order open to inspect its contents.
2026-09-27 12:51:39,350 | INFO | [t=1130] VLA chunk prompt=Pull the next drawer in order open to inspect its contents.
2026-09-27 12:51:39,724 | INFO | [t=1140] VLA chunk prompt=Pull the next drawer in order open to inspect its contents.
2026-09-27 12:51:40,101 | INFO | [t=1150] VLA chunk prompt=Pull the next drawer in order open to inspect its contents.
2026-09-27 12:51:40,473 | INFO | [t=1160] VLA chunk prompt=Pull the next drawer in order open to inspect its contents.
2026-09-27 12:51:40,841 | INFO | [t=1170] VLA chunk prompt=Pull the next drawer in order open to inspect its contents.
2026-09-27 12:51:41,223 | INFO | [t=1180] VLA chunk prompt=Pull the next drawer in order open to inspect its contents.
2026-09-27 12:51:41,599 | INFO | [t=1190] VLA chunk prompt=Pull the next drawer in order open to inspect its contents.
2026-09-27 12:51:41,970 | INFO | [t=1200] VLA chunk prompt=Pull the next drawer in order open to inspect its contents.
2026-09-27 12:51:42,347 | INFO | [t=1210] VLA chunk prompt=Pull the next drawer in order open to inspect its contents.
2026-09-27 12:51:42,726 | INFO | [t=1220] VLA chunk prompt=Pull the next drawer in order open to inspect its contents.
2026-09-27 12:51:43,104 | INFO | [t=1230] VLA chunk prompt=Pull the next drawer in order open to inspect its contents.
2026-09-27 12:51:43,488 | INFO | [t=1240] VLA chunk prompt=Pull the next drawer in order open to inspect its contents.
2026-09-27 12:51:43,868 | INFO | [t=1250] VLA chunk prompt=Pull the next drawer in order open to inspect its contents.
2026-09-27 12:51:43,985 | INFO | API VLM @t=1055 task=5 subtask=Pull open the next drawer in order and inspect its contents. keyframes=[]
2026-09-27 12:51:43,987 | INFO | [redact] enabled task=5 registered_phrases=0 terms=['bottom drawer', 'bottom_drawer', 'middle drawer', 'middle_drawer', 'top drawer', 'top_drawer']
2026-09-27 12:51:44,193 | INFO | [t=1260] VLM prompt update from step=1055: Pull open the next drawer in order and inspect its contents.
2026-09-27 12:51:44,246 | INFO | [t=1260] VLA chunk prompt=Pull open the next drawer in order and inspect its contents.
2026-09-27 12:51:44,618 | INFO | [t=1270] VLA chunk prompt=Pull open the next drawer in order and inspect its contents.
2026-09-27 12:51:44,992 | INFO | [t=1280] VLA chunk prompt=Pull open the next drawer in order and inspect its contents.
2026-09-27 12:51:45,366 | INFO | [t=1290] VLA chunk prompt=Pull open the next drawer in order and inspect its contents.
2026-09-27 12:51:45,772 | INFO | [t=1300] VLA chunk prompt=Pull open the next drawer in order and inspect its contents.
2026-09-27 12:51:46,161 | INFO | [t=1310] VLA chunk prompt=Pull open the next drawer in order and inspect its contents.
2026-09-27 12:51:46,554 | INFO | [t=1320] VLA chunk prompt=Pull open the next drawer in order and inspect its contents.
2026-09-27 12:51:46,940 | INFO | [t=1330] VLA chunk prompt=Pull open the next drawer in order and inspect its contents.
2026-09-27 12:51:47,323 | INFO | [t=1340] VLA chunk prompt=Pull open the next drawer in order and inspect its contents.
2026-09-27 12:51:47,702 | INFO | [t=1350] VLA chunk prompt=Pull open the next drawer in order and inspect its contents.
2026-09-27 12:51:48,080 | INFO | [t=1360] VLA chunk prompt=Pull open the next drawer in order and inspect its contents.
2026-09-27 12:51:48,364 | INFO | API VLM @t=1240 task=5 subtask=Pull the next drawer open to inspect its contents. keyframes=[]
2026-09-27 12:51:48,366 | INFO | [redact] enabled task=5 registered_phrases=0 terms=['bottom drawer', 'bottom_drawer', 'middle drawer', 'middle_drawer', 'top drawer', 'top_drawer']
2026-09-27 12:51:48,411 | INFO | [t=1370] VLM prompt update from step=1240: Pull the next drawer open to inspect its contents.
2026-09-27 12:51:48,464 | INFO | [t=1370] VLA chunk prompt=Pull the next drawer open to inspect its contents.
2026-09-27 12:51:48,839 | INFO | [t=1380] VLA chunk prompt=Pull the next drawer open to inspect its contents.
2026-09-27 12:51:49,208 | INFO | [t=1390] VLA chunk prompt=Pull the next drawer open to inspect its contents.
2026-09-27 12:51:49,572 | INFO | [t=1400] VLA chunk prompt=Pull the next drawer open to inspect its contents.
2026-09-27 12:51:49,936 | INFO | [t=1410] VLA chunk prompt=Pull the next drawer open to inspect its contents.
2026-09-27 12:51:50,299 | INFO | [t=1420] VLA chunk prompt=Pull the next drawer open to inspect its contents.
2026-09-27 12:51:50,675 | INFO | [t=1430] VLA chunk prompt=Pull the next drawer open to inspect its contents.
2026-09-27 12:51:51,049 | INFO | [t=1440] VLA chunk prompt=Pull the next drawer open to inspect its contents.
2026-09-27 12:51:51,424 | INFO | [t=1450] VLA chunk prompt=Pull the next drawer open to inspect its contents.
2026-09-27 12:51:51,795 | INFO | [t=1460] VLA chunk prompt=Pull the next drawer open to inspect its contents.
2026-09-27 12:51:52,167 | INFO | [t=1470] VLA chunk prompt=Pull the next drawer open to inspect its contents.
2026-09-27 12:51:52,550 | INFO | [t=1480] VLA chunk prompt=Pull the next drawer open to inspect its contents.
2026-09-27 12:51:52,945 | INFO | [t=1490] VLA chunk prompt=Pull the next drawer open to inspect its contents.
2026-09-27 12:51:53,297 | INFO | API VLM @t=1355 task=5 subtask=Pull the top drawer open to inspect its contents. keyframes=[]
2026-09-27 12:51:53,300 | INFO | [redact] enabled task=5 registered_phrases=0 terms=['bottom drawer', 'bottom_drawer', 'middle drawer', 'middle_drawer', 'top drawer', 'top_drawer']
2026-09-27 12:51:53,303 | INFO | [t=1500] VLM prompt update from step=1355: Pull the top drawer open to inspect its contents.
2026-09-27 12:51:53,356 | INFO | [t=1500] VLA chunk prompt=Pull the top drawer open to inspect its contents.
2026-09-27 12:51:53,745 | INFO | [t=1510] VLA chunk prompt=Pull the top drawer open to inspect its contents.
2026-09-27 12:51:54,137 | INFO | [t=1520] VLA chunk prompt=Pull the top drawer open to inspect its contents.
2026-09-27 12:51:54,520 | INFO | [t=1530] VLA chunk prompt=Pull the top drawer open to inspect its contents.
2026-09-27 12:51:54,901 | INFO | [t=1540] VLA chunk prompt=Pull the top drawer open to inspect its contents.
2026-09-27 12:51:55,279 | INFO | [t=1550] VLA chunk prompt=Pull the top drawer open to inspect its contents.
2026-09-27 12:51:55,660 | INFO | [t=1560] VLA chunk prompt=Pull the top drawer open to inspect its contents.
2026-09-27 12:51:56,040 | INFO | [t=1570] VLA chunk prompt=Pull the top drawer open to inspect its contents.
2026-09-27 12:51:56,423 | INFO | [t=1580] VLA chunk prompt=Pull the top drawer open to inspect its contents.
2026-09-27 12:51:56,806 | INFO | [t=1590] VLA chunk prompt=Pull the top drawer open to inspect its contents.
2026-09-27 12:51:57,183 | INFO | [t=1600] VLA chunk prompt=Pull the top drawer open to inspect its contents.
2026-09-27 12:51:57,554 | INFO | [t=1610] VLA chunk prompt=Pull the top drawer open to inspect its contents.
2026-09-27 12:51:57,612 | INFO | API VLM @t=1485 task=5 subtask=Pull the next drawer open to inspect its contents. keyframes=[]
2026-09-27 12:51:57,615 | INFO | [redact] enabled task=5 registered_phrases=0 terms=['bottom drawer', 'bottom_drawer', 'middle drawer', 'middle_drawer', 'top drawer', 'top_drawer']
2026-09-27 12:51:57,882 | INFO | [t=1620] VLM prompt update from step=1485: Pull the next drawer open to inspect its contents.
2026-09-27 12:51:57,933 | INFO | [t=1620] VLA chunk prompt=Pull the next drawer open to inspect its contents.
2026-09-27 12:51:58,303 | INFO | [t=1630] VLA chunk prompt=Pull the next drawer open to inspect its contents.
2026-09-27 12:51:58,668 | INFO | [t=1640] VLA chunk prompt=Pull the next drawer open to inspect its contents.
2026-09-27 12:51:59,039 | INFO | [t=1650] VLA chunk prompt=Pull the next drawer open to inspect its contents.
2026-09-27 12:51:59,413 | INFO | [t=1660] VLA chunk prompt=Pull the next drawer open to inspect its contents.
2026-09-27 12:51:59,786 | INFO | [t=1670] VLA chunk prompt=Pull the next drawer open to inspect its contents.
2026-09-27 12:52:00,156 | INFO | [t=1680] VLA chunk prompt=Pull the next drawer open to inspect its contents.
2026-09-27 12:52:00,528 | INFO | [t=1690] VLA chunk prompt=Pull the next drawer open to inspect its contents.
2026-09-27 12:52:00,904 | INFO | [t=1700] VLA chunk prompt=Pull the next drawer open to inspect its contents.
2026-09-27 12:52:01,286 | INFO | [t=1710] VLA chunk prompt=Pull the next drawer open to inspect its contents.
2026-09-27 12:52:01,686 | INFO | [t=1720] VLA chunk prompt=Pull the next drawer open to inspect its contents.
2026-09-27 12:52:02,074 | INFO | [t=1730] VLA chunk prompt=Pull the next drawer open to inspect its contents.
2026-09-27 12:52:02,453 | INFO | [t=1740] VLA chunk prompt=Pull the next drawer open to inspect its contents.
2026-09-27 12:52:02,832 | INFO | [t=1750] VLA chunk prompt=Pull the next drawer open to inspect its contents.
2026-09-27 12:52:03,206 | INFO | [t=1760] VLA chunk prompt=Pull the next drawer open to inspect its contents.
2026-09-27 12:52:03,571 | INFO | [t=1770] VLA chunk prompt=Pull the next drawer open to inspect its contents.
2026-09-27 12:52:03,644 | INFO | API VLM @t=1600 task=5 subtask=Pull the next drawer outward to open it and inspect its contents. keyframes=[]
2026-09-27 12:52:03,647 | INFO | [redact] enabled task=5 registered_phrases=0 terms=['bottom drawer', 'bottom_drawer', 'middle drawer', 'middle_drawer', 'top drawer', 'top_drawer']
2026-09-27 12:52:03,891 | INFO | [t=1780] VLM prompt update from step=1600: Pull the next drawer outward to open it and inspect its contents.
2026-09-27 12:52:03,944 | INFO | [t=1780] VLA chunk prompt=Pull the next drawer outward to open it and inspect its contents.
2026-09-27 12:52:04,320 | INFO | [t=1790] VLA chunk prompt=Pull the next drawer outward to open it and inspect its contents.
2026-09-27 12:52:04,687 | INFO | [t=1800] VLA chunk prompt=Pull the next drawer outward to open it and inspect its contents.
2026-09-27 12:52:05,054 | INFO | [t=1810] VLA chunk prompt=Pull the next drawer outward to open it and inspect its contents.
2026-09-27 12:52:05,425 | INFO | [t=1820] VLA chunk prompt=Pull the next drawer outward to open it and inspect its contents.
2026-09-27 12:52:05,798 | INFO | [t=1830] VLA chunk prompt=Pull the next drawer outward to open it and inspect its contents.
2026-09-27 12:52:06,167 | INFO | [t=1840] VLA chunk prompt=Pull the next drawer outward to open it and inspect its contents.
2026-09-27 12:52:06,540 | INFO | [t=1850] VLA chunk prompt=Pull the next drawer outward to open it and inspect its contents.
2026-09-27 12:52:06,921 | INFO | [t=1860] VLA chunk prompt=Pull the next drawer outward to open it and inspect its contents.
2026-09-27 12:52:07,294 | INFO | [t=1870] VLA chunk prompt=Pull the next drawer outward to open it and inspect its contents.
2026-09-27 12:52:07,665 | INFO | [t=1880] VLA chunk prompt=Pull the next drawer outward to open it and inspect its contents.
2026-09-27 12:52:08,029 | INFO | [t=1890] VLA chunk prompt=Pull the next drawer outward to open it and inspect its contents.
2026-09-27 12:52:08,393 | INFO | [t=1900] VLA chunk prompt=Pull the next drawer outward to open it and inspect its contents.
2026-09-27 12:52:08,412 | INFO | API VLM @t=1760 task=5 subtask=Pull the next drawer open to inspect its contents. keyframes=[]
2026-09-27 12:52:08,414 | INFO | [redact] enabled task=5 registered_phrases=0 terms=['bottom drawer', 'bottom_drawer', 'middle drawer', 'middle_drawer', 'top drawer', 'top_drawer']
2026-09-27 12:52:08,709 | INFO | [t=1910] VLM prompt update from step=1760: Pull the next drawer open to inspect its contents.
2026-09-27 12:52:08,760 | INFO | [t=1910] VLA chunk prompt=Pull the next drawer open to inspect its contents.
2026-09-27 12:52:09,135 | INFO | [t=1920] VLA chunk prompt=Pull the next drawer open to inspect its contents.
2026-09-27 12:52:09,523 | INFO | [t=1930] VLA chunk prompt=Pull the next drawer open to inspect its contents.
2026-09-27 12:52:09,905 | INFO | [t=1940] VLA chunk prompt=Pull the next drawer open to inspect its contents.
2026-09-27 12:52:10,276 | INFO | [t=1950] VLA chunk prompt=Pull the next drawer open to inspect its contents.
2026-09-27 12:52:10,640 | INFO | [t=1960] VLA chunk prompt=Pull the next drawer open to inspect its contents.
2026-09-27 12:52:10,999 | INFO | [t=1970] VLA chunk prompt=Pull the next drawer open to inspect its contents.
2026-09-27 12:52:11,355 | INFO | [t=1980] VLA chunk prompt=Pull the next drawer open to inspect its contents.
2026-09-27 12:52:11,723 | INFO | [t=1990] VLA chunk prompt=Pull the next drawer open to inspect its contents.
2026-09-27 12:52:12,090 | INFO | [t=2000] VLA chunk prompt=Pull the next drawer open to inspect its contents.
2026-09-27 12:52:12,455 | INFO | [t=2010] VLA chunk prompt=Pull the next drawer open to inspect its contents.
2026-09-27 12:52:12,816 | INFO | [t=2020] VLA chunk prompt=Pull the next drawer open to inspect its contents.
2026-09-27 12:52:13,191 | INFO | [t=2030] VLA chunk prompt=Pull the next drawer open to inspect its contents.
2026-09-27 12:52:13,418 | INFO | API VLM @t=1890 task=5 subtask=Pull the next drawer open to inspect its contents. keyframes=[]
2026-09-27 12:52:13,421 | INFO | [redact] enabled task=5 registered_phrases=0 terms=['bottom drawer', 'bottom_drawer', 'middle drawer', 'middle_drawer', 'top drawer', 'top_drawer']
2026-09-27 12:52:13,569 | INFO | [t=2040] VLA chunk prompt=Pull the next drawer open to inspect its contents.
2026-09-27 12:52:13,949 | INFO | [t=2050] VLA chunk prompt=Pull the next drawer open to inspect its contents.
2026-09-27 12:52:14,337 | INFO | [t=2060] VLA chunk prompt=Pull the next drawer open to inspect its contents.
2026-09-27 12:52:14,723 | INFO | [t=2070] VLA chunk prompt=Pull the next drawer open to inspect its contents.
2026-09-27 12:52:15,108 | INFO | [t=2080] VLA chunk prompt=Pull the next drawer open to inspect its contents.
2026-09-27 12:52:15,487 | INFO | [t=2090] VLA chunk prompt=Pull the next drawer open to inspect its contents.
2026-09-27 12:52:15,866 | INFO | [t=2100] VLA chunk prompt=Pull the next drawer open to inspect its contents.
2026-09-27 12:52:16,233 | INFO | [t=2110] VLA chunk prompt=Pull the next drawer open to inspect its contents.
2026-09-27 12:52:16,587 | INFO | [t=2120] VLA chunk prompt=Pull the next drawer open to inspect its contents.
2026-09-27 12:52:16,950 | INFO | [t=2130] VLA chunk prompt=Pull the next drawer open to inspect its contents.
2026-09-27 12:52:17,317 | INFO | [t=2140] VLA chunk prompt=Pull the next drawer open to inspect its contents.
2026-09-27 12:52:17,691 | INFO | [t=2150] VLA chunk prompt=Pull the next drawer open to inspect its contents.
2026-09-27 12:52:18,066 | INFO | [t=2160] VLA chunk prompt=Pull the next drawer open to inspect its contents.
2026-09-27 12:52:18,443 | INFO | [t=2170] VLA chunk prompt=Pull the next drawer open to inspect its contents.
2026-09-27 12:52:18,814 | INFO | [t=2180] VLA chunk prompt=Pull the next drawer open to inspect its contents.
2026-09-27 12:52:19,136 | INFO | API VLM @t=2025 task=5 subtask=Pull the next drawer open to inspect its contents. keyframes=[]
2026-09-27 12:52:19,139 | INFO | [redact] enabled task=5 registered_phrases=0 terms=['bottom drawer', 'bottom_drawer', 'middle drawer', 'middle_drawer', 'top drawer', 'top_drawer']
2026-09-27 12:52:19,186 | INFO | [t=2190] VLA chunk prompt=Pull the next drawer open to inspect its contents.
2026-09-27 12:52:19,552 | INFO | [t=2200] VLA chunk prompt=Pull the next drawer open to inspect its contents.
2026-09-27 12:52:19,920 | INFO | [t=2210] VLA chunk prompt=Pull the next drawer open to inspect its contents.
2026-09-27 12:52:20,296 | INFO | [t=2220] VLA chunk prompt=Pull the next drawer open to inspect its contents.
2026-09-27 12:52:20,677 | INFO | [t=2230] VLA chunk prompt=Pull the next drawer open to inspect its contents.
2026-09-27 12:52:21,057 | INFO | [t=2240] VLA chunk prompt=Pull the next drawer open to inspect its contents.
2026-09-27 12:52:21,435 | INFO | [t=2250] VLA chunk prompt=Pull the next drawer open to inspect its contents.
2026-09-27 12:52:21,810 | INFO | [t=2260] VLA chunk prompt=Pull the next drawer open to inspect its contents.
2026-09-27 12:52:22,178 | INFO | [t=2270] VLA chunk prompt=Pull the next drawer open to inspect its contents.
2026-09-27 12:52:22,543 | INFO | [t=2280] VLA chunk prompt=Pull the next drawer open to inspect its contents.
2026-09-27 12:52:22,912 | INFO | [t=2290] VLA chunk prompt=Pull the next drawer open to inspect its contents.
2026-09-27 12:52:23,273 | INFO | [t=2300] VLA chunk prompt=Pull the next drawer open to inspect its contents.
2026-09-27 12:52:23,633 | INFO | [t=2310] VLA chunk prompt=Pull the next drawer open to inspect its contents.
2026-09-27 12:52:23,988 | INFO | [t=2320] VLA chunk prompt=Pull the next drawer open to inspect its contents.
2026-09-27 12:52:24,346 | INFO | [t=2330] VLA chunk prompt=Pull the next drawer open to inspect its contents.
2026-09-27 12:52:24,705 | INFO | [t=2340] VLA chunk prompt=Pull the next drawer open to inspect its contents.
2026-09-27 12:52:25,069 | INFO | [t=2350] VLA chunk prompt=Pull the next drawer open to inspect its contents.
2026-09-27 12:52:25,439 | INFO | [t=2360] VLA chunk prompt=Pull the next drawer open to inspect its contents.
2026-09-27 12:52:25,582 | INFO | API VLM @t=2180 task=5 subtask=Pull the next drawer open to inspect its contents. keyframes=[]
2026-09-27 12:52:25,584 | INFO | [redact] enabled task=5 registered_phrases=0 terms=['bottom drawer', 'bottom_drawer', 'middle drawer', 'middle_drawer', 'top drawer', 'top_drawer']
2026-09-27 12:52:25,809 | INFO | [t=2370] VLA chunk prompt=Pull the next drawer open to inspect its contents.
2026-09-27 12:52:26,169 | INFO | [t=2380] VLA chunk prompt=Pull the next drawer open to inspect its contents.
2026-09-27 12:52:26,523 | INFO | [t=2390] VLA chunk prompt=Pull the next drawer open to inspect its contents.
2026-09-27 12:52:26,875 | INFO | [t=2400] VLA chunk prompt=Pull the next drawer open to inspect its contents.
2026-09-27 12:52:27,239 | INFO | [t=2410] VLA chunk prompt=Pull the next drawer open to inspect its contents.
2026-09-27 12:52:27,600 | INFO | [t=2420] VLA chunk prompt=Pull the next drawer open to inspect its contents.
2026-09-27 12:52:27,968 | INFO | [t=2430] VLA chunk prompt=Pull the next drawer open to inspect its contents.
2026-09-27 12:52:28,333 | INFO | [t=2440] VLA chunk prompt=Pull the next drawer open to inspect its contents.
2026-09-27 12:52:28,693 | INFO | [t=2450] VLA chunk prompt=Pull the next drawer open to inspect its contents.
2026-09-27 12:52:29,051 | INFO | [t=2460] VLA chunk prompt=Pull the next drawer open to inspect its contents.
2026-09-27 12:52:29,409 | INFO | [t=2470] VLA chunk prompt=Pull the next drawer open to inspect its contents.
2026-09-27 12:52:29,760 | INFO | [t=2480] VLA chunk prompt=Pull the next drawer open to inspect its contents.
2026-09-27 12:52:30,086 | INFO | API VLM @t=2350 task=5 subtask=Pull the next drawer open to inspect its contents. keyframes=[]
2026-09-27 12:52:30,089 | INFO | [redact] enabled task=5 registered_phrases=0 terms=['bottom drawer', 'bottom_drawer', 'middle drawer', 'middle_drawer', 'top drawer', 'top_drawer']
2026-09-27 12:52:30,117 | INFO | [t=2490] VLA chunk prompt=Pull the next drawer open to inspect its contents.
2026-09-27 12:52:30,477 | INFO | [t=2500] VLA chunk prompt=Pull the next drawer open to inspect its contents.
2026-09-27 12:52:33,812 | INFO | attempt=0 stage_score=0.0 stage_success=False failure_reason=incomplete_stage
2026-09-27 12:52:33,812 | INFO | Episode 6 seed=106 stage_score=0.0 stage_success=0 goal=0.000 failure_reason=incomplete_stage | 01_Open_Top_Drawer=N | 02_Close_Top_Drawer=N | 03_Open_Middle_Drawer=N | 04_Close_Middle_Drawer=N | 05_Open_Bottom_Drawer=N | 06_Close_Bottom_Drawer=N | 07_Open_Middle_Drawer_Again=N | 08_Put_Butter_Middle_Drawer=N | 09_Close_Middle_Drawer_Final=N
