2026-09-27 12:57:40,462 | INFO | task_id=19 bddl=/project/peilab/why/RoboMemArena/bddl/19_tomato_milk_orange_cabinet.bddl vlm_ckpt=/project/peilab/why/RoboMemArena/checkpoints/PrediMem/vlm_tasks1to26_ckpt74500
2026-09-27 12:57:40,473 | INFO | [redact] enabled task=19 registered_phrases=0 terms=[]
2026-09-27 12:57:43,063 | INFO | async VLM enabled: single-slot subtask buffer
2026-09-27 12:57:43,294 | INFO | [redact] enabled task=19 registered_phrases=0 terms=[]
2026-09-27 12:57:43,351 | INFO | [t=10] VLA chunk prompt=Pick and place tomato sauce, milk, and orange juice from cabinet1 to cabinet2.
2026-09-27 12:57:43,666 | INFO | [t=20] VLA chunk prompt=Pick and place tomato sauce, milk, and orange juice from cabinet1 to cabinet2.
2026-09-27 12:57:43,977 | INFO | [t=30] VLA chunk prompt=Pick and place tomato sauce, milk, and orange juice from cabinet1 to cabinet2.
2026-09-27 12:57:44,279 | INFO | [t=40] VLA chunk prompt=Pick and place tomato sauce, milk, and orange juice from cabinet1 to cabinet2.
2026-09-27 12:57:44,595 | INFO | [t=50] VLA chunk prompt=Pick and place tomato sauce, milk, and orange juice from cabinet1 to cabinet2.
2026-09-27 12:57:44,904 | INFO | [t=60] VLA chunk prompt=Pick and place tomato sauce, milk, and orange juice from cabinet1 to cabinet2.
2026-09-27 12:57:45,201 | INFO | [t=70] VLA chunk prompt=Pick and place tomato sauce, milk, and orange juice from cabinet1 to cabinet2.
2026-09-27 12:57:45,509 | INFO | [t=80] VLA chunk prompt=Pick and place tomato sauce, milk, and orange juice from cabinet1 to cabinet2.
2026-09-27 12:57:45,810 | INFO | [t=90] VLA chunk prompt=Pick and place tomato sauce, milk, and orange juice from cabinet1 to cabinet2.
2026-09-27 12:57:46,145 | INFO | [t=100] VLA chunk prompt=Pick and place tomato sauce, milk, and orange juice from cabinet1 to cabinet2.
2026-09-27 12:57:46,482 | INFO | [t=110] VLA chunk prompt=Pick and place tomato sauce, milk, and orange juice from cabinet1 to cabinet2.
2026-09-27 12:57:46,824 | INFO | [t=120] VLA chunk prompt=Pick and place tomato sauce, milk, and orange juice from cabinet1 to cabinet2.
2026-09-27 12:57:47,167 | INFO | [t=130] VLA chunk prompt=Pick and place tomato sauce, milk, and orange juice from cabinet1 to cabinet2.
2026-09-27 12:57:47,524 | INFO | [t=140] VLA chunk prompt=Pick and place tomato sauce, milk, and orange juice from cabinet1 to cabinet2.
2026-09-27 12:57:47,889 | INFO | [t=150] VLA chunk prompt=Pick and place tomato sauce, milk, and orange juice from cabinet1 to cabinet2.
2026-09-27 12:57:48,254 | INFO | [t=160] VLA chunk prompt=Pick and place tomato sauce, milk, and orange juice from cabinet1 to cabinet2.
2026-09-27 12:57:48,623 | INFO | [t=170] VLA chunk prompt=Pick and place tomato sauce, milk, and orange juice from cabinet1 to cabinet2.
2026-09-27 12:57:48,989 | INFO | [t=180] VLA chunk prompt=Pick and place tomato sauce, milk, and orange juice from cabinet1 to cabinet2.
2026-09-27 12:57:49,366 | INFO | [t=190] VLA chunk prompt=Pick and place tomato sauce, milk, and orange juice from cabinet1 to cabinet2.
2026-09-27 12:57:49,756 | INFO | [t=200] VLA chunk prompt=Pick and place tomato sauce, milk, and orange juice from cabinet1 to cabinet2.
2026-09-27 12:57:50,152 | INFO | [t=210] VLA chunk prompt=Pick and place tomato sauce, milk, and orange juice from cabinet1 to cabinet2.
2026-09-27 12:57:50,299 | INFO | API VLM @t=0 task=19 subtask=Place the tomato sauce in cabinet2. keyframes=[]
2026-09-27 12:57:50,302 | INFO | [redact] enabled task=19 registered_phrases=0 terms=[]
2026-09-27 12:57:50,503 | INFO | [t=220] VLM prompt update from step=0: Place the tomato sauce in cabinet2.
2026-09-27 12:57:50,557 | INFO | [t=220] VLA chunk prompt=Place the tomato sauce in cabinet2.
2026-09-27 12:57:50,942 | INFO | [t=230] VLA chunk prompt=Place the tomato sauce in cabinet2.
2026-09-27 12:57:51,325 | INFO | [t=240] VLA chunk prompt=Place the tomato sauce in cabinet2.
2026-09-27 12:57:51,714 | INFO | [t=250] VLA chunk prompt=Place the tomato sauce in cabinet2.
2026-09-27 12:57:52,118 | INFO | [t=260] VLA chunk prompt=Place the tomato sauce in cabinet2.
2026-09-27 12:57:52,518 | INFO | [t=270] VLA chunk prompt=Place the tomato sauce in cabinet2.
2026-09-27 12:57:52,906 | INFO | [t=280] VLA chunk prompt=Place the tomato sauce in cabinet2.
2026-09-27 12:57:53,284 | INFO | [t=290] VLA chunk prompt=Place the tomato sauce in cabinet2.
2026-09-27 12:57:53,666 | INFO | [t=300] VLA chunk prompt=Place the tomato sauce in cabinet2.
2026-09-27 12:57:54,051 | INFO | [t=310] VLA chunk prompt=Place the tomato sauce in cabinet2.
2026-09-27 12:57:54,440 | INFO | [t=320] VLA chunk prompt=Place the tomato sauce in cabinet2.
2026-09-27 12:57:54,833 | INFO | [t=330] VLA chunk prompt=Place the tomato sauce in cabinet2.
2026-09-27 12:57:55,217 | INFO | [t=340] VLA chunk prompt=Place the tomato sauce in cabinet2.
2026-09-27 12:57:55,408 | INFO | API VLM @t=200 task=19 subtask=Place the tomato sauce in cabinet2. keyframes=[]
2026-09-27 12:57:55,411 | INFO | [redact] enabled task=19 registered_phrases=0 terms=[]
2026-09-27 12:57:55,616 | INFO | [t=350] VLA chunk prompt=Place the tomato sauce in cabinet2.
2026-09-27 12:57:56,007 | INFO | [t=360] VLA chunk prompt=Place the tomato sauce in cabinet2.
2026-09-27 12:57:56,396 | INFO | [t=370] VLA chunk prompt=Place the tomato sauce in cabinet2.
2026-09-27 12:57:56,793 | INFO | [t=380] VLA chunk prompt=Place the tomato sauce in cabinet2.
2026-09-27 12:57:57,187 | INFO | [t=390] VLA chunk prompt=Place the tomato sauce in cabinet2.
2026-09-27 12:57:57,588 | INFO | [t=400] VLA chunk prompt=Place the tomato sauce in cabinet2.
2026-09-27 12:57:57,989 | INFO | [t=410] VLA chunk prompt=Place the tomato sauce in cabinet2.
2026-09-27 12:57:58,381 | INFO | [t=420] VLA chunk prompt=Place the tomato sauce in cabinet2.
2026-09-27 12:57:58,781 | INFO | [t=430] VLA chunk prompt=Place the tomato sauce in cabinet2.
2026-09-27 12:57:59,172 | INFO | [t=440] VLA chunk prompt=Place the tomato sauce in cabinet2.
2026-09-27 12:57:59,568 | INFO | [t=450] VLA chunk prompt=Place the tomato sauce in cabinet2.
2026-09-27 12:57:59,958 | INFO | [t=460] VLA chunk prompt=Place the tomato sauce in cabinet2.
2026-09-27 12:58:00,370 | INFO | [t=470] VLA chunk prompt=Place the tomato sauce in cabinet2.
2026-09-27 12:58:00,422 | INFO | API VLM @t=335 task=19 subtask=Place the tomato sauce in cabinet2. keyframes=[]
2026-09-27 12:58:00,425 | INFO | [redact] enabled task=19 registered_phrases=0 terms=[]
2026-09-27 12:58:00,770 | INFO | [t=480] VLA chunk prompt=Place the tomato sauce in cabinet2.
2026-09-27 12:58:01,157 | INFO | [t=490] VLA chunk prompt=Place the tomato sauce in cabinet2.
2026-09-27 12:58:01,547 | INFO | [t=500] VLA chunk prompt=Place the tomato sauce in cabinet2.
2026-09-27 12:58:01,950 | INFO | [t=510] VLA chunk prompt=Place the tomato sauce in cabinet2.
2026-09-27 12:58:02,338 | INFO | [t=520] VLA chunk prompt=Place the tomato sauce in cabinet2.
2026-09-27 12:58:02,732 | INFO | [t=530] VLA chunk prompt=Place the tomato sauce in cabinet2.
2026-09-27 12:58:03,134 | INFO | [t=540] VLA chunk prompt=Place the tomato sauce in cabinet2.
2026-09-27 12:58:03,533 | INFO | [t=550] VLA chunk prompt=Place the tomato sauce in cabinet2.
2026-09-27 12:58:03,935 | INFO | [t=560] VLA chunk prompt=Place the tomato sauce in cabinet2.
2026-09-27 12:58:04,324 | INFO | [t=570] VLA chunk prompt=Place the tomato sauce in cabinet2.
2026-09-27 12:58:04,720 | INFO | [t=580] VLA chunk prompt=Place the tomato sauce in cabinet2.
2026-09-27 12:58:05,112 | INFO | [t=590] VLA chunk prompt=Place the tomato sauce in cabinet2.
2026-09-27 12:58:05,480 | INFO | API VLM @t=460 task=19 subtask=Place the tomato sauce into the open container. keyframes=[]
2026-09-27 12:58:05,482 | INFO | [redact] enabled task=19 registered_phrases=0 terms=[]
2026-09-27 12:58:05,491 | INFO | [t=600] VLA chunk prompt=Place the tomato sauce in cabinet2.
2026-09-27 12:58:05,824 | INFO | [t=610] VLM prompt update from step=460: Place the tomato sauce into the open container.
2026-09-27 12:58:05,877 | INFO | [t=610] VLA chunk prompt=Place the tomato sauce into the open container.
2026-09-27 12:58:06,265 | INFO | [t=620] VLA chunk prompt=Place the tomato sauce into the open container.
2026-09-27 12:58:06,653 | INFO | [t=630] VLA chunk prompt=Place the tomato sauce into the open container.
2026-09-27 12:58:07,038 | INFO | [t=640] VLA chunk prompt=Place the tomato sauce into the open container.
2026-09-27 12:58:07,423 | INFO | [t=650] VLA chunk prompt=Place the tomato sauce into the open container.
2026-09-27 12:58:07,814 | INFO | [t=660] VLA chunk prompt=Place the tomato sauce into the open container.
2026-09-27 12:58:08,209 | INFO | [t=670] VLA chunk prompt=Place the tomato sauce into the open container.
2026-09-27 12:58:08,595 | INFO | [t=680] VLA chunk prompt=Place the tomato sauce into the open container.
2026-09-27 12:58:08,979 | INFO | [t=690] VLA chunk prompt=Place the tomato sauce into the open container.
2026-09-27 12:58:09,370 | INFO | [t=700] VLA chunk prompt=Place the tomato sauce into the open container.
2026-09-27 12:58:09,755 | INFO | [t=710] VLA chunk prompt=Place the tomato sauce into the open container.
2026-09-27 12:58:10,153 | INFO | [t=720] VLA chunk prompt=Place the tomato sauce into the open container.
2026-09-27 12:58:10,562 | INFO | [t=730] VLA chunk prompt=Place the tomato sauce into the open container.
2026-09-27 12:58:10,574 | INFO | API VLM @t=590 task=19 subtask=Place the tomato sauce into the open container. keyframes=[]
2026-09-27 12:58:10,577 | INFO | [redact] enabled task=19 registered_phrases=0 terms=[]
2026-09-27 12:58:10,981 | INFO | [t=740] VLA chunk prompt=Place the tomato sauce into the open container.
2026-09-27 12:58:11,398 | INFO | [t=750] VLA chunk prompt=Place the tomato sauce into the open container.
2026-09-27 12:58:11,801 | INFO | [t=760] VLA chunk prompt=Place the tomato sauce into the open container.
2026-09-27 12:58:12,186 | INFO | [t=770] VLA chunk prompt=Place the tomato sauce into the open container.
2026-09-27 12:58:12,575 | INFO | [t=780] VLA chunk prompt=Place the tomato sauce into the open container.
2026-09-27 12:58:12,982 | INFO | [t=790] VLA chunk prompt=Place the tomato sauce into the open container.
2026-09-27 12:58:13,385 | INFO | [t=800] VLA chunk prompt=Place the tomato sauce into the open container.
2026-09-27 12:58:13,781 | INFO | [t=810] VLA chunk prompt=Place the tomato sauce into the open container.
2026-09-27 12:58:14,178 | INFO | [t=820] VLA chunk prompt=Place the tomato sauce into the open container.
2026-09-27 12:58:14,579 | INFO | [t=830] VLA chunk prompt=Place the tomato sauce into the open container.
2026-09-27 12:58:14,976 | INFO | [t=840] VLA chunk prompt=Place the tomato sauce into the open container.
2026-09-27 12:58:15,377 | INFO | [t=850] VLA chunk prompt=Place the tomato sauce into the open container.
2026-09-27 12:58:15,554 | INFO | API VLM @t=720 task=19 subtask=Put the tomato sauce into the open container. keyframes=[]
2026-09-27 12:58:15,557 | INFO | [redact] enabled task=19 registered_phrases=0 terms=[]
2026-09-27 12:58:15,729 | INFO | [t=860] VLM prompt update from step=720: Put the tomato sauce into the open container.
2026-09-27 12:58:15,783 | INFO | [t=860] VLA chunk prompt=Put the tomato sauce into the open container.
2026-09-27 12:58:16,173 | INFO | [t=870] VLA chunk prompt=Put the tomato sauce into the open container.
2026-09-27 12:58:16,554 | INFO | [t=880] VLA chunk prompt=Put the tomato sauce into the open container.
2026-09-27 12:58:16,943 | INFO | [t=890] VLA chunk prompt=Put the tomato sauce into the open container.
2026-09-27 12:58:17,318 | INFO | [t=900] VLA chunk prompt=Put the tomato sauce into the open container.
2026-09-27 12:58:17,711 | INFO | [t=910] VLA chunk prompt=Put the tomato sauce into the open container.
2026-09-27 12:58:18,107 | INFO | [t=920] VLA chunk prompt=Put the tomato sauce into the open container.
2026-09-27 12:58:18,512 | INFO | [t=930] VLA chunk prompt=Put the tomato sauce into the open container.
2026-09-27 12:58:18,925 | INFO | [t=940] VLA chunk prompt=Put the tomato sauce into the open container.
2026-09-27 12:58:19,341 | INFO | [t=950] VLA chunk prompt=Put the tomato sauce into the open container.
2026-09-27 12:58:19,753 | INFO | [t=960] VLA chunk prompt=Put the tomato sauce into the open container.
2026-09-27 12:58:20,161 | INFO | [t=970] VLA chunk prompt=Put the tomato sauce into the open container.
2026-09-27 12:58:20,574 | INFO | [t=980] VLA chunk prompt=Put the tomato sauce into the open container.
2026-09-27 12:58:20,792 | INFO | API VLM @t=845 task=19 subtask=Place the tomato sauce into the open container. keyframes=[]
2026-09-27 12:58:20,795 | INFO | [redact] enabled task=19 registered_phrases=0 terms=[]
2026-09-27 12:58:20,942 | INFO | [t=990] VLM prompt update from step=845: Place the tomato sauce into the open container.
2026-09-27 12:58:20,996 | INFO | [t=990] VLA chunk prompt=Place the tomato sauce into the open container.
2026-09-27 12:58:21,414 | INFO | [t=1000] VLA chunk prompt=Place the tomato sauce into the open container.
2026-09-27 12:58:21,825 | INFO | [t=1010] VLA chunk prompt=Place the tomato sauce into the open container.
2026-09-27 12:58:22,231 | INFO | [t=1020] VLA chunk prompt=Place the tomato sauce into the open container.
2026-09-27 12:58:22,646 | INFO | [t=1030] VLA chunk prompt=Place the tomato sauce into the open container.
2026-09-27 12:58:23,064 | INFO | [t=1040] VLA chunk prompt=Place the tomato sauce into the open container.
2026-09-27 12:58:23,480 | INFO | [t=1050] VLA chunk prompt=Place the tomato sauce into the open container.
2026-09-27 12:58:23,896 | INFO | [t=1060] VLA chunk prompt=Place the tomato sauce into the open container.
2026-09-27 12:58:24,311 | INFO | [t=1070] VLA chunk prompt=Place the tomato sauce into the open container.
2026-09-27 12:58:24,729 | INFO | [t=1080] VLA chunk prompt=Place the tomato sauce into the open container.
2026-09-27 12:58:25,143 | INFO | [t=1090] VLA chunk prompt=Place the tomato sauce into the open container.
2026-09-27 12:58:25,553 | INFO | [t=1100] VLA chunk prompt=Place the tomato sauce into the open container.
2026-09-27 12:58:25,963 | INFO | [t=1110] VLA chunk prompt=Place the tomato sauce into the open container.
2026-09-27 12:58:26,378 | INFO | [t=1120] VLA chunk prompt=Place the tomato sauce into the open container.
2026-09-27 12:58:26,791 | INFO | [t=1130] VLA chunk prompt=Place the tomato sauce into the open container.
2026-09-27 12:58:26,812 | INFO | API VLM @t=975 task=19 subtask=Place the tomato sauce into the open container. keyframes=[]
2026-09-27 12:58:26,814 | INFO | [redact] enabled task=19 registered_phrases=0 terms=[]
2026-09-27 12:58:27,190 | INFO | [t=1140] VLA chunk prompt=Place the tomato sauce into the open container.
2026-09-27 12:58:27,581 | INFO | [t=1150] VLA chunk prompt=Place the tomato sauce into the open container.
2026-09-27 12:58:27,965 | INFO | [t=1160] VLA chunk prompt=Place the tomato sauce into the open container.
2026-09-27 12:58:28,350 | INFO | [t=1170] VLA chunk prompt=Place the tomato sauce into the open container.
2026-09-27 12:58:28,747 | INFO | [t=1180] VLA chunk prompt=Place the tomato sauce into the open container.
2026-09-27 12:58:29,135 | INFO | [t=1190] VLA chunk prompt=Place the tomato sauce into the open container.
2026-09-27 12:58:29,523 | INFO | [t=1200] VLA chunk prompt=Place the tomato sauce into the open container.
2026-09-27 12:58:29,912 | INFO | [t=1210] VLA chunk prompt=Place the tomato sauce into the open container.
2026-09-27 12:58:30,298 | INFO | [t=1220] VLA chunk prompt=Place the tomato sauce into the open container.
2026-09-27 12:58:30,688 | INFO | [t=1230] VLA chunk prompt=Place the tomato sauce into the open container.
2026-09-27 12:58:31,078 | INFO | [t=1240] VLA chunk prompt=Place the tomato sauce into the open container.
2026-09-27 12:58:31,467 | INFO | [t=1250] VLA chunk prompt=Place the tomato sauce into the open container.
2026-09-27 12:58:31,860 | INFO | [t=1260] VLA chunk prompt=Place the tomato sauce into the open container.
2026-09-27 12:58:32,236 | INFO | [t=1270] VLA chunk prompt=Place the tomato sauce into the open container.
2026-09-27 12:58:32,348 | INFO | API VLM @t=1120 task=19 subtask=Place the tomato sauce into the open container. keyframes=[]
2026-09-27 12:58:32,351 | INFO | [redact] enabled task=19 registered_phrases=0 terms=[]
2026-09-27 12:58:32,621 | INFO | [t=1280] VLA chunk prompt=Place the tomato sauce into the open container.
2026-09-27 12:58:32,993 | INFO | [t=1290] VLA chunk prompt=Place the tomato sauce into the open container.
2026-09-27 12:58:33,363 | INFO | [t=1300] VLA chunk prompt=Place the tomato sauce into the open container.
2026-09-27 12:58:33,740 | INFO | [t=1310] VLA chunk prompt=Place the tomato sauce into the open container.
2026-09-27 12:58:34,116 | INFO | [t=1320] VLA chunk prompt=Place the tomato sauce into the open container.
2026-09-27 12:58:34,499 | INFO | [t=1330] VLA chunk prompt=Place the tomato sauce into the open container.
2026-09-27 12:58:34,878 | INFO | [t=1340] VLA chunk prompt=Place the tomato sauce into the open container.
2026-09-27 12:58:35,250 | INFO | [t=1350] VLA chunk prompt=Place the tomato sauce into the open container.
2026-09-27 12:58:35,624 | INFO | [t=1360] VLA chunk prompt=Place the tomato sauce into the open container.
2026-09-27 12:58:36,009 | INFO | [t=1370] VLA chunk prompt=Place the tomato sauce into the open container.
2026-09-27 12:58:36,418 | INFO | [t=1380] VLA chunk prompt=Place the tomato sauce into the open container.
2026-09-27 12:58:36,829 | INFO | [t=1390] VLA chunk prompt=Place the tomato sauce into the open container.
2026-09-27 12:58:36,835 | INFO | API VLM @t=1260 task=19 subtask=Move the held tomato sauce over the open target container and release it inside. keyframes=[]
2026-09-27 12:58:36,838 | INFO | [redact] enabled task=19 registered_phrases=0 terms=[]
2026-09-27 12:58:37,181 | INFO | [t=1400] VLM prompt update from step=1260: Move the held tomato sauce over the open target container and release it inside.
2026-09-27 12:58:37,235 | INFO | [t=1400] VLA chunk prompt=Move the held tomato sauce over the open target container and release it inside.
2026-09-27 12:58:37,632 | INFO | [t=1410] VLA chunk prompt=Move the held tomato sauce over the open target container and release it inside.
2026-09-27 12:58:38,032 | INFO | [t=1420] VLA chunk prompt=Move the held tomato sauce over the open target container and release it inside.
2026-09-27 12:58:38,421 | INFO | [t=1430] VLA chunk prompt=Move the held tomato sauce over the open target container and release it inside.
2026-09-27 12:58:38,814 | INFO | [t=1440] VLA chunk prompt=Move the held tomato sauce over the open target container and release it inside.
2026-09-27 12:58:39,205 | INFO | [t=1450] VLA chunk prompt=Move the held tomato sauce over the open target container and release it inside.
2026-09-27 12:58:39,596 | INFO | [t=1460] VLA chunk prompt=Move the held tomato sauce over the open target container and release it inside.
2026-09-27 12:58:39,977 | INFO | [t=1470] VLA chunk prompt=Move the held tomato sauce over the open target container and release it inside.
2026-09-27 12:58:40,362 | INFO | [t=1480] VLA chunk prompt=Move the held tomato sauce over the open target container and release it inside.
2026-09-27 12:58:40,741 | INFO | [t=1490] VLA chunk prompt=Move the held tomato sauce over the open target container and release it inside.
2026-09-27 12:58:41,127 | INFO | [t=1500] VLA chunk prompt=Move the held tomato sauce over the open target container and release it inside.
2026-09-27 12:58:41,509 | INFO | [t=1510] VLA chunk prompt=Move the held tomato sauce over the open target container and release it inside.
2026-09-27 12:58:41,908 | INFO | [t=1520] VLA chunk prompt=Move the held tomato sauce over the open target container and release it inside.
2026-09-27 12:58:42,299 | INFO | [t=1530] VLA chunk prompt=Move the held tomato sauce over the open target container and release it inside.
2026-09-27 12:58:42,466 | INFO | API VLM @t=1380 task=19 subtask=Place the tomato sauce into the open container. keyframes=[]
2026-09-27 12:58:42,468 | INFO | [redact] enabled task=19 registered_phrases=0 terms=[]
2026-09-27 12:58:42,640 | INFO | [t=1540] VLM prompt update from step=1380: Place the tomato sauce into the open container.
2026-09-27 12:58:42,693 | INFO | [t=1540] VLA chunk prompt=Place the tomato sauce into the open container.
2026-09-27 12:58:43,083 | INFO | [t=1550] VLA chunk prompt=Place the tomato sauce into the open container.
2026-09-27 12:58:43,472 | INFO | [t=1560] VLA chunk prompt=Place the tomato sauce into the open container.
2026-09-27 12:58:43,847 | INFO | [t=1570] VLA chunk prompt=Place the tomato sauce into the open container.
2026-09-27 12:58:44,235 | INFO | [t=1580] VLA chunk prompt=Place the tomato sauce into the open container.
2026-09-27 12:58:44,623 | INFO | [t=1590] VLA chunk prompt=Place the tomato sauce into the open container.
2026-09-27 12:58:45,008 | INFO | [t=1600] VLA chunk prompt=Place the tomato sauce into the open container.
2026-09-27 12:58:45,388 | INFO | [t=1610] VLA chunk prompt=Place the tomato sauce into the open container.
2026-09-27 12:58:45,779 | INFO | [t=1620] VLA chunk prompt=Place the tomato sauce into the open container.
2026-09-27 12:58:46,173 | INFO | [t=1630] VLA chunk prompt=Place the tomato sauce into the open container.
2026-09-27 12:58:46,573 | INFO | [t=1640] VLA chunk prompt=Place the tomato sauce into the open container.
2026-09-27 12:58:46,975 | INFO | [t=1650] VLA chunk prompt=Place the tomato sauce into the open container.
2026-09-27 12:58:47,374 | INFO | [t=1660] VLA chunk prompt=Place the tomato sauce into the open container.
2026-09-27 12:58:47,763 | INFO | [t=1670] VLA chunk prompt=Place the tomato sauce into the open container.
2026-09-27 12:58:48,154 | INFO | [t=1680] VLA chunk prompt=Place the tomato sauce into the open container.
2026-09-27 12:58:48,546 | INFO | [t=1690] VLA chunk prompt=Place the tomato sauce into the open container.
2026-09-27 12:58:48,937 | INFO | [t=1700] VLA chunk prompt=Place the tomato sauce into the open container.
2026-09-27 12:58:49,340 | INFO | [t=1710] VLA chunk prompt=Place the tomato sauce into the open container.
2026-09-27 12:58:49,727 | INFO | [t=1720] VLA chunk prompt=Place the tomato sauce into the open container.
2026-09-27 12:58:50,110 | INFO | [t=1730] VLA chunk prompt=Place the tomato sauce into the open container.
2026-09-27 12:58:50,202 | INFO | API VLM @t=1520 task=19 subtask=Place the tomato sauce into the open container. keyframes=[]
2026-09-27 12:58:50,205 | INFO | [redact] enabled task=19 registered_phrases=0 terms=[]
2026-09-27 12:58:50,488 | INFO | [t=1740] VLA chunk prompt=Place the tomato sauce into the open container.
2026-09-27 12:58:50,862 | INFO | [t=1750] VLA chunk prompt=Place the tomato sauce into the open container.
2026-09-27 12:58:51,242 | INFO | [t=1760] VLA chunk prompt=Place the tomato sauce into the open container.
2026-09-27 12:58:51,630 | INFO | [t=1770] VLA chunk prompt=Place the tomato sauce into the open container.
2026-09-27 12:58:52,008 | INFO | [t=1780] VLA chunk prompt=Place the tomato sauce into the open container.
2026-09-27 12:58:52,393 | INFO | [t=1790] VLA chunk prompt=Place the tomato sauce into the open container.
2026-09-27 12:58:52,773 | INFO | [t=1800] VLA chunk prompt=Place the tomato sauce into the open container.
2026-09-27 12:58:53,145 | INFO | [t=1810] VLA chunk prompt=Place the tomato sauce into the open container.
2026-09-27 12:58:53,528 | INFO | [t=1820] VLA chunk prompt=Place the tomato sauce into the open container.
2026-09-27 12:58:53,912 | INFO | [t=1830] VLA chunk prompt=Place the tomato sauce into the open container.
2026-09-27 12:58:54,306 | INFO | [t=1840] VLA chunk prompt=Place the tomato sauce into the open container.
2026-09-27 12:58:54,699 | INFO | [t=1850] VLA chunk prompt=Place the tomato sauce into the open container.
2026-09-27 12:58:55,086 | INFO | [t=1860] VLA chunk prompt=Place the tomato sauce into the open container.
2026-09-27 12:58:55,477 | INFO | [t=1870] VLA chunk prompt=Place the tomato sauce into the open container.
2026-09-27 12:58:55,862 | INFO | [t=1880] VLA chunk prompt=Place the tomato sauce into the open container.
2026-09-27 12:58:56,026 | INFO | API VLM @t=1720 task=19 subtask=Place the tomato sauce into the open container. keyframes=[]
2026-09-27 12:58:56,029 | INFO | [redact] enabled task=19 registered_phrases=0 terms=[]
2026-09-27 12:58:56,256 | INFO | [t=1890] VLA chunk prompt=Place the tomato sauce into the open container.
2026-09-27 12:58:56,647 | INFO | [t=1900] VLA chunk prompt=Place the tomato sauce into the open container.
2026-09-27 12:58:57,038 | INFO | [t=1910] VLA chunk prompt=Place the tomato sauce into the open container.
2026-09-27 12:58:57,413 | INFO | [t=1920] VLA chunk prompt=Place the tomato sauce into the open container.
2026-09-27 12:58:57,795 | INFO | [t=1930] VLA chunk prompt=Place the tomato sauce into the open container.
2026-09-27 12:58:58,171 | INFO | [t=1940] VLA chunk prompt=Place the tomato sauce into the open container.
2026-09-27 12:58:58,545 | INFO | [t=1950] VLA chunk prompt=Place the tomato sauce into the open container.
2026-09-27 12:58:58,913 | INFO | [t=1960] VLA chunk prompt=Place the tomato sauce into the open container.
2026-09-27 12:58:59,281 | INFO | [t=1970] VLA chunk prompt=Place the tomato sauce into the open container.
2026-09-27 12:58:59,659 | INFO | [t=1980] VLA chunk prompt=Place the tomato sauce into the open container.
2026-09-27 12:59:00,034 | INFO | [t=1990] VLA chunk prompt=Place the tomato sauce into the open container.
2026-09-27 12:59:00,407 | INFO | [t=2000] VLA chunk prompt=Place the tomato sauce into the open container.
2026-09-27 12:59:00,773 | INFO | [t=2010] VLA chunk prompt=Place the tomato sauce into the open container.
2026-09-27 12:59:01,146 | INFO | [t=2020] VLA chunk prompt=Place the tomato sauce into the open container.
2026-09-27 12:59:01,328 | INFO | API VLM @t=1870 task=19 subtask=Place the tomato sauce into the open container. keyframes=[]
2026-09-27 12:59:01,330 | INFO | [redact] enabled task=19 registered_phrases=0 terms=[]
2026-09-27 12:59:01,520 | INFO | [t=2030] VLA chunk prompt=Place the tomato sauce into the open container.
2026-09-27 12:59:01,906 | INFO | [t=2040] VLA chunk prompt=Place the tomato sauce into the open container.
2026-09-27 12:59:02,282 | INFO | [t=2050] VLA chunk prompt=Place the tomato sauce into the open container.
2026-09-27 12:59:02,657 | INFO | [t=2060] VLA chunk prompt=Place the tomato sauce into the open container.
2026-09-27 12:59:03,024 | INFO | [t=2070] VLA chunk prompt=Place the tomato sauce into the open container.
2026-09-27 12:59:03,386 | INFO | [t=2080] VLA chunk prompt=Place the tomato sauce into the open container.
2026-09-27 12:59:03,749 | INFO | [t=2090] VLA chunk prompt=Place the tomato sauce into the open container.
2026-09-27 12:59:04,143 | INFO | [t=2100] VLA chunk prompt=Place the tomato sauce into the open container.
2026-09-27 12:59:04,536 | INFO | [t=2110] VLA chunk prompt=Place the tomato sauce into the open container.
2026-09-27 12:59:04,926 | INFO | [t=2120] VLA chunk prompt=Place the tomato sauce into the open container.
2026-09-27 12:59:05,296 | INFO | [t=2130] VLA chunk prompt=Place the tomato sauce into the open container.
2026-09-27 12:59:05,336 | INFO | API VLM @t=2015 task=19 subtask=Place the tomato sauce into the open container. keyframes=[]
2026-09-27 12:59:05,339 | INFO | [redact] enabled task=19 registered_phrases=0 terms=[]
2026-09-27 12:59:05,673 | INFO | [t=2140] VLA chunk prompt=Place the tomato sauce into the open container.
2026-09-27 12:59:06,047 | INFO | [t=2150] VLA chunk prompt=Place the tomato sauce into the open container.
2026-09-27 12:59:06,424 | INFO | [t=2160] VLA chunk prompt=Place the tomato sauce into the open container.
2026-09-27 12:59:06,807 | INFO | [t=2170] VLA chunk prompt=Place the tomato sauce into the open container.
2026-09-27 12:59:07,175 | INFO | [t=2180] VLA chunk prompt=Place the tomato sauce into the open container.
2026-09-27 12:59:07,548 | INFO | [t=2190] VLA chunk prompt=Place the tomato sauce into the open container.
2026-09-27 12:59:07,919 | INFO | [t=2200] VLA chunk prompt=Place the tomato sauce into the open container.
2026-09-27 12:59:08,295 | INFO | [t=2210] VLA chunk prompt=Place the tomato sauce into the open container.
2026-09-27 12:59:08,677 | INFO | [t=2220] VLA chunk prompt=Place the tomato sauce into the open container.
2026-09-27 12:59:09,046 | INFO | [t=2230] VLA chunk prompt=Place the tomato sauce into the open container.
2026-09-27 12:59:09,421 | INFO | [t=2240] VLA chunk prompt=Place the tomato sauce into the open container.
2026-09-27 12:59:09,794 | INFO | [t=2250] VLA chunk prompt=Place the tomato sauce into the open container.
2026-09-27 12:59:10,188 | INFO | [t=2260] VLA chunk prompt=Place the tomato sauce into the open container.
2026-09-27 12:59:10,569 | INFO | [t=2270] VLA chunk prompt=Place the tomato sauce into the open container.
2026-09-27 12:59:10,955 | INFO | [t=2280] VLA chunk prompt=Place the tomato sauce into the open container.
2026-09-27 12:59:11,259 | INFO | API VLM @t=2120 task=19 subtask=Place the tomato sauce into the open container. keyframes=[]
2026-09-27 12:59:11,261 | INFO | [redact] enabled task=19 registered_phrases=0 terms=[]
2026-09-27 12:59:11,315 | INFO | [t=2290] VLA chunk prompt=Place the tomato sauce into the open container.
2026-09-27 12:59:11,678 | INFO | [t=2300] VLA chunk prompt=Place the tomato sauce into the open container.
2026-09-27 12:59:12,062 | INFO | [t=2310] VLA chunk prompt=Place the tomato sauce into the open container.
2026-09-27 12:59:12,457 | INFO | [t=2320] VLA chunk prompt=Place the tomato sauce into the open container.
2026-09-27 12:59:12,842 | INFO | [t=2330] VLA chunk prompt=Place the tomato sauce into the open container.
2026-09-27 12:59:13,224 | INFO | [t=2340] VLA chunk prompt=Place the tomato sauce into the open container.
2026-09-27 12:59:13,601 | INFO | [t=2350] VLA chunk prompt=Place the tomato sauce into the open container.
2026-09-27 12:59:13,981 | INFO | [t=2360] VLA chunk prompt=Place the tomato sauce into the open container.
2026-09-27 12:59:14,361 | INFO | [t=2370] VLA chunk prompt=Place the tomato sauce into the open container.
2026-09-27 12:59:14,737 | INFO | [t=2380] VLA chunk prompt=Place the tomato sauce into the open container.
2026-09-27 12:59:15,120 | INFO | [t=2390] VLA chunk prompt=Place the tomato sauce into the open container.
2026-09-27 12:59:15,402 | INFO | API VLM @t=2275 task=19 subtask=Place the tomato sauce into the open container. keyframes=[]
2026-09-27 12:59:15,404 | INFO | [redact] enabled task=19 registered_phrases=0 terms=[]
2026-09-27 12:59:15,505 | INFO | [t=2400] VLA chunk prompt=Place the tomato sauce into the open container.
2026-09-27 12:59:15,883 | INFO | [t=2410] VLA chunk prompt=Place the tomato sauce into the open container.
2026-09-27 12:59:16,266 | INFO | [t=2420] VLA chunk prompt=Place the tomato sauce into the open container.
2026-09-27 12:59:16,645 | INFO | [t=2430] VLA chunk prompt=Place the tomato sauce into the open container.
2026-09-27 12:59:17,025 | INFO | [t=2440] VLA chunk prompt=Place the tomato sauce into the open container.
2026-09-27 12:59:17,403 | INFO | [t=2450] VLA chunk prompt=Place the tomato sauce into the open container.
2026-09-27 12:59:17,788 | INFO | [t=2460] VLA chunk prompt=Place the tomato sauce into the open container.
2026-09-27 12:59:18,173 | INFO | [t=2470] VLA chunk prompt=Place the tomato sauce into the open container.
2026-09-27 12:59:18,554 | INFO | [t=2480] VLA chunk prompt=Place the tomato sauce into the open container.
2026-09-27 12:59:18,937 | INFO | [t=2490] VLA chunk prompt=Place the tomato sauce into the open container.
2026-09-27 12:59:19,325 | INFO | [t=2500] VLA chunk prompt=Place the tomato sauce into the open container.
2026-09-27 12:59:20,782 | INFO | API VLM @t=2385 task=19 subtask=Place the object into the open container. keyframes=[]
2026-09-27 12:59:20,804 | INFO | attempt=0 stage_score=0.0 stage_success=False failure_reason=incomplete_stage
2026-09-27 12:59:20,804 | INFO | Episode 9 seed=109 stage_score=0.0 stage_success=0 goal=0.000 failure_reason=incomplete_stage | 01_Place_Tomato_Sauce_Cabinet2=N | 02_Place_Milk_Cabinet2=N | 03_Place_Orange_Juice_Cabinet2=N
