2026-09-26 20:03:22,803 | INFO | task_id=22 bddl=/project/peilab/why/RoboMemArena/bddl/22_pour_tomato_cookies_microwave.bddl vlm_ckpt=/project/peilab/why/RoboMemArena/checkpoints/PrediMem/vlm_tasks1to26_ckpt74500
2026-09-26 20:03:24,394 | INFO | async VLM enabled: single-slot subtask buffer
2026-09-26 20:03:24,619 | INFO | [t=10] VLA chunk prompt=Pour tomato sauce over cookies twice, then put the cookies into the microwave.
2026-09-26 20:03:24,854 | INFO | [t=20] VLA chunk prompt=Pour tomato sauce over cookies twice, then put the cookies into the microwave.
2026-09-26 20:03:25,087 | INFO | [t=30] VLA chunk prompt=Pour tomato sauce over cookies twice, then put the cookies into the microwave.
2026-09-26 20:03:25,322 | INFO | [t=40] VLA chunk prompt=Pour tomato sauce over cookies twice, then put the cookies into the microwave.
2026-09-26 20:03:25,555 | INFO | [t=50] VLA chunk prompt=Pour tomato sauce over cookies twice, then put the cookies into the microwave.
2026-09-26 20:03:25,788 | INFO | [t=60] VLA chunk prompt=Pour tomato sauce over cookies twice, then put the cookies into the microwave.
2026-09-26 20:03:26,023 | INFO | [t=70] VLA chunk prompt=Pour tomato sauce over cookies twice, then put the cookies into the microwave.
2026-09-26 20:03:26,256 | INFO | [t=80] VLA chunk prompt=Pour tomato sauce over cookies twice, then put the cookies into the microwave.
2026-09-26 20:03:26,490 | INFO | [t=90] VLA chunk prompt=Pour tomato sauce over cookies twice, then put the cookies into the microwave.
2026-09-26 20:03:26,734 | INFO | [t=100] VLA chunk prompt=Pour tomato sauce over cookies twice, then put the cookies into the microwave.
2026-09-26 20:03:26,967 | INFO | [t=110] VLA chunk prompt=Pour tomato sauce over cookies twice, then put the cookies into the microwave.
2026-09-26 20:03:27,202 | INFO | [t=120] VLA chunk prompt=Pour tomato sauce over cookies twice, then put the cookies into the microwave.
2026-09-26 20:03:27,436 | INFO | [t=130] VLA chunk prompt=Pour tomato sauce over cookies twice, then put the cookies into the microwave.
2026-09-26 20:03:27,674 | INFO | [t=140] VLA chunk prompt=Pour tomato sauce over cookies twice, then put the cookies into the microwave.
2026-09-26 20:03:27,935 | INFO | [t=150] VLA chunk prompt=Pour tomato sauce over cookies twice, then put the cookies into the microwave.
2026-09-26 20:03:28,200 | INFO | [t=160] VLA chunk prompt=Pour tomato sauce over cookies twice, then put the cookies into the microwave.
2026-09-26 20:03:28,467 | INFO | [t=170] VLA chunk prompt=Pour tomato sauce over cookies twice, then put the cookies into the microwave.
2026-09-26 20:03:28,745 | INFO | [t=180] VLA chunk prompt=Pour tomato sauce over cookies twice, then put the cookies into the microwave.
2026-09-26 20:03:28,838 | INFO | [t=184] stage done: 01_Lift_Tomato_Sauce
2026-09-26 20:03:29,030 | INFO | [t=190] VLA chunk prompt=Pour tomato sauce over cookies twice, then put the cookies into the microwave.
2026-09-26 20:03:29,319 | INFO | [t=200] VLA chunk prompt=Pour tomato sauce over cookies twice, then put the cookies into the microwave.
2026-09-26 20:03:29,615 | INFO | [t=210] VLA chunk prompt=Pour tomato sauce over cookies twice, then put the cookies into the microwave.
2026-09-26 20:03:29,914 | INFO | [t=220] VLA chunk prompt=Pour tomato sauce over cookies twice, then put the cookies into the microwave.
2026-09-26 20:03:30,212 | INFO | [t=230] VLA chunk prompt=Pour tomato sauce over cookies twice, then put the cookies into the microwave.
2026-09-26 20:03:30,516 | INFO | [t=240] VLA chunk prompt=Pour tomato sauce over cookies twice, then put the cookies into the microwave.
2026-09-26 20:03:30,768 | INFO | API VLM @t=0 task=22 subtask=reach for the tomato sauce bottle keyframes=[]
2026-09-26 20:03:30,777 | INFO | [t=250] VLM prompt update from step=0: reach for the tomato sauce bottle
2026-09-26 20:03:30,827 | INFO | [t=250] VLA chunk prompt=reach for the tomato sauce bottle
2026-09-26 20:03:31,141 | INFO | [t=260] VLA chunk prompt=reach for the tomato sauce bottle
2026-09-26 20:03:31,457 | INFO | [t=270] VLA chunk prompt=reach for the tomato sauce bottle
2026-09-26 20:03:31,779 | INFO | [t=280] VLA chunk prompt=reach for the tomato sauce bottle
2026-09-26 20:03:31,833 | INFO | [t=282] stage done: 02_Pour_One
2026-09-26 20:03:32,100 | INFO | [t=290] VLA chunk prompt=reach for the tomato sauce bottle
2026-09-26 20:03:32,418 | INFO | [t=300] VLA chunk prompt=reach for the tomato sauce bottle
2026-09-26 20:03:32,735 | INFO | [t=310] VLA chunk prompt=reach for the tomato sauce bottle
2026-09-26 20:03:33,052 | INFO | [t=320] VLA chunk prompt=reach for the tomato sauce bottle
2026-09-26 20:03:33,379 | INFO | [t=330] VLA chunk prompt=reach for the tomato sauce bottle
2026-09-26 20:03:33,702 | INFO | [t=340] VLA chunk prompt=reach for the tomato sauce bottle
2026-09-26 20:03:34,021 | INFO | [t=350] VLA chunk prompt=reach for the tomato sauce bottle
2026-09-26 20:03:34,335 | INFO | [t=360] VLA chunk prompt=reach for the tomato sauce bottle
2026-09-26 20:03:34,652 | INFO | [t=370] VLA chunk prompt=reach for the tomato sauce bottle
2026-09-26 20:03:34,967 | INFO | [t=380] VLA chunk prompt=reach for the tomato sauce bottle
2026-09-26 20:03:35,279 | INFO | [t=390] VLA chunk prompt=reach for the tomato sauce bottle
2026-09-26 20:03:35,593 | INFO | [t=400] VLA chunk prompt=reach for the tomato sauce bottle
2026-09-26 20:03:35,905 | INFO | [t=410] VLA chunk prompt=reach for the tomato sauce bottle
2026-09-26 20:03:36,219 | INFO | [t=420] VLA chunk prompt=reach for the tomato sauce bottle
2026-09-26 20:03:36,534 | INFO | [t=430] VLA chunk prompt=reach for the tomato sauce bottle
2026-09-26 20:03:36,850 | INFO | [t=440] VLA chunk prompt=reach for the tomato sauce bottle
2026-09-26 20:03:37,163 | INFO | [t=450] VLA chunk prompt=reach for the tomato sauce bottle
2026-09-26 20:03:37,475 | INFO | [t=460] VLA chunk prompt=reach for the tomato sauce bottle
2026-09-26 20:03:37,788 | INFO | [t=470] VLA chunk prompt=reach for the tomato sauce bottle
2026-09-26 20:03:38,096 | INFO | [t=480] VLA chunk prompt=reach for the tomato sauce bottle
2026-09-26 20:03:38,412 | INFO | [t=490] VLA chunk prompt=reach for the tomato sauce bottle
2026-09-26 20:03:38,448 | INFO | API VLM @t=235 task=22 subtask=Pour tomato sauce over the cookies. keyframes=[]
2026-09-26 20:03:38,676 | INFO | [t=500] VLM prompt update from step=235: Pour tomato sauce over the cookies.
2026-09-26 20:03:38,726 | INFO | [t=500] VLA chunk prompt=Pour tomato sauce over the cookies.
2026-09-26 20:03:39,036 | INFO | [t=510] VLA chunk prompt=Pour tomato sauce over the cookies.
2026-09-26 20:03:39,346 | INFO | [t=520] VLA chunk prompt=Pour tomato sauce over the cookies.
2026-09-26 20:03:39,655 | INFO | [t=530] VLA chunk prompt=Pour tomato sauce over the cookies.
2026-09-26 20:03:39,966 | INFO | [t=540] VLA chunk prompt=Pour tomato sauce over the cookies.
2026-09-26 20:03:40,278 | INFO | [t=550] VLA chunk prompt=Pour tomato sauce over the cookies.
2026-09-26 20:03:40,593 | INFO | [t=560] VLA chunk prompt=Pour tomato sauce over the cookies.
2026-09-26 20:03:40,911 | INFO | [t=570] VLA chunk prompt=Pour tomato sauce over the cookies.
2026-09-26 20:03:41,231 | INFO | [t=580] VLA chunk prompt=Pour tomato sauce over the cookies.
2026-09-26 20:03:41,552 | INFO | [t=590] VLA chunk prompt=Pour tomato sauce over the cookies.
2026-09-26 20:03:41,872 | INFO | [t=600] VLA chunk prompt=Pour tomato sauce over the cookies.
2026-09-26 20:03:42,192 | INFO | [t=610] VLA chunk prompt=Pour tomato sauce over the cookies.
2026-09-26 20:03:42,507 | INFO | [t=620] VLA chunk prompt=Pour tomato sauce over the cookies.
2026-09-26 20:03:42,822 | INFO | [t=630] VLA chunk prompt=Pour tomato sauce over the cookies.
2026-09-26 20:03:43,139 | INFO | [t=640] VLA chunk prompt=Pour tomato sauce over the cookies.
2026-09-26 20:03:43,456 | INFO | [t=650] VLA chunk prompt=Pour tomato sauce over the cookies.
2026-09-26 20:03:43,774 | INFO | [t=660] VLA chunk prompt=Pour tomato sauce over the cookies.
2026-09-26 20:03:44,090 | INFO | [t=670] VLA chunk prompt=Pour tomato sauce over the cookies.
2026-09-26 20:03:44,408 | INFO | [t=680] VLA chunk prompt=Pour tomato sauce over the cookies.
2026-09-26 20:03:44,726 | INFO | [t=690] VLA chunk prompt=Pour tomato sauce over the cookies.
2026-09-26 20:03:45,044 | INFO | [t=700] VLA chunk prompt=Pour tomato sauce over the cookies.
2026-09-26 20:03:45,364 | INFO | [t=710] VLA chunk prompt=Pour tomato sauce over the cookies.
2026-09-26 20:03:45,685 | INFO | [t=720] VLA chunk prompt=Pour tomato sauce over the cookies.
2026-09-26 20:03:46,000 | INFO | [t=730] VLA chunk prompt=Pour tomato sauce over the cookies.
2026-09-26 20:03:46,315 | INFO | [t=740] VLA chunk prompt=Pour tomato sauce over the cookies.
2026-09-26 20:03:46,628 | INFO | [t=750] VLA chunk prompt=Pour tomato sauce over the cookies.
2026-09-26 20:03:46,939 | INFO | [t=760] VLA chunk prompt=Pour tomato sauce over the cookies.
2026-09-26 20:03:47,250 | INFO | [t=770] VLA chunk prompt=Pour tomato sauce over the cookies.
2026-09-26 20:03:47,560 | INFO | [t=780] VLA chunk prompt=Pour tomato sauce over the cookies.
2026-09-26 20:03:47,870 | INFO | [t=790] VLA chunk prompt=Pour tomato sauce over the cookies.
2026-09-26 20:03:48,182 | INFO | [t=800] VLA chunk prompt=Pour tomato sauce over the cookies.
2026-09-26 20:03:48,489 | INFO | [t=810] VLA chunk prompt=Pour tomato sauce over the cookies.
2026-09-26 20:03:48,794 | INFO | [t=820] VLA chunk prompt=Pour tomato sauce over the cookies.
2026-09-26 20:03:49,100 | INFO | [t=830] VLA chunk prompt=Pour tomato sauce over the cookies.
2026-09-26 20:03:49,404 | INFO | [t=840] VLA chunk prompt=Pour tomato sauce over the cookies.
2026-09-26 20:03:49,707 | INFO | [t=850] VLA chunk prompt=Pour tomato sauce over the cookies.
2026-09-26 20:03:50,016 | INFO | [t=860] VLA chunk prompt=Pour tomato sauce over the cookies.
2026-09-26 20:03:50,317 | INFO | [t=870] VLA chunk prompt=Pour tomato sauce over the cookies.
2026-09-26 20:03:50,554 | INFO | API VLM @t=480 task=22 subtask=Place the sauce bottle aside after the second pour. keyframes=[]
2026-09-26 20:03:50,568 | INFO | [t=880] VLM prompt update from step=480: Place the sauce bottle aside after the second pour.
2026-09-26 20:03:50,618 | INFO | [t=880] VLA chunk prompt=Place the sauce bottle aside after the second pour.
2026-09-26 20:03:50,922 | INFO | [t=890] VLA chunk prompt=Place the sauce bottle aside after the second pour.
2026-09-26 20:03:51,227 | INFO | [t=900] VLA chunk prompt=Place the sauce bottle aside after the second pour.
2026-09-26 20:03:51,533 | INFO | [t=910] VLA chunk prompt=Place the sauce bottle aside after the second pour.
2026-09-26 20:03:51,839 | INFO | [t=920] VLA chunk prompt=Place the sauce bottle aside after the second pour.
2026-09-26 20:03:52,146 | INFO | [t=930] VLA chunk prompt=Place the sauce bottle aside after the second pour.
2026-09-26 20:03:52,454 | INFO | [t=940] VLA chunk prompt=Place the sauce bottle aside after the second pour.
2026-09-26 20:03:52,764 | INFO | [t=950] VLA chunk prompt=Place the sauce bottle aside after the second pour.
2026-09-26 20:03:53,069 | INFO | [t=960] VLA chunk prompt=Place the sauce bottle aside after the second pour.
2026-09-26 20:03:53,375 | INFO | [t=970] VLA chunk prompt=Place the sauce bottle aside after the second pour.
2026-09-26 20:03:53,681 | INFO | [t=980] VLA chunk prompt=Place the sauce bottle aside after the second pour.
2026-09-26 20:03:53,987 | INFO | [t=990] VLA chunk prompt=Place the sauce bottle aside after the second pour.
2026-09-26 20:03:54,297 | INFO | [t=1000] VLA chunk prompt=Place the sauce bottle aside after the second pour.
2026-09-26 20:03:54,603 | INFO | [t=1010] VLA chunk prompt=Place the sauce bottle aside after the second pour.
2026-09-26 20:03:54,904 | INFO | [t=1020] VLA chunk prompt=Place the sauce bottle aside after the second pour.
2026-09-26 20:03:55,204 | INFO | [t=1030] VLA chunk prompt=Place the sauce bottle aside after the second pour.
2026-09-26 20:03:55,505 | INFO | [t=1040] VLA chunk prompt=Place the sauce bottle aside after the second pour.
2026-09-26 20:03:55,806 | INFO | [t=1050] VLA chunk prompt=Place the sauce bottle aside after the second pour.
2026-09-26 20:03:56,106 | INFO | [t=1060] VLA chunk prompt=Place the sauce bottle aside after the second pour.
2026-09-26 20:03:56,407 | INFO | [t=1070] VLA chunk prompt=Place the sauce bottle aside after the second pour.
2026-09-26 20:03:56,709 | INFO | [t=1080] VLA chunk prompt=Place the sauce bottle aside after the second pour.
2026-09-26 20:03:57,010 | INFO | [t=1090] VLA chunk prompt=Place the sauce bottle aside after the second pour.
2026-09-26 20:03:57,310 | INFO | [t=1100] VLA chunk prompt=Place the sauce bottle aside after the second pour.
2026-09-26 20:03:57,608 | INFO | [t=1110] VLA chunk prompt=Place the sauce bottle aside after the second pour.
2026-09-26 20:03:57,906 | INFO | [t=1120] VLA chunk prompt=Place the sauce bottle aside after the second pour.
2026-09-26 20:03:58,206 | INFO | [t=1130] VLA chunk prompt=Place the sauce bottle aside after the second pour.
2026-09-26 20:03:58,506 | INFO | [t=1140] VLA chunk prompt=Place the sauce bottle aside after the second pour.
2026-09-26 20:03:58,805 | INFO | [t=1150] VLA chunk prompt=Place the sauce bottle aside after the second pour.
2026-09-26 20:03:59,106 | INFO | [t=1160] VLA chunk prompt=Place the sauce bottle aside after the second pour.
2026-09-26 20:03:59,407 | INFO | [t=1170] VLA chunk prompt=Place the sauce bottle aside after the second pour.
2026-09-26 20:03:59,706 | INFO | [t=1180] VLA chunk prompt=Place the sauce bottle aside after the second pour.
2026-09-26 20:03:59,983 | INFO | API VLM @t=865 task=22 subtask=open the microwave keyframes=[]
2026-09-26 20:04:00,006 | INFO | [t=1190] VLA chunk prompt=Place the sauce bottle aside after the second pour.
2026-09-26 20:04:00,285 | INFO | [t=1200] VLM prompt update from step=865: open the microwave
2026-09-26 20:04:00,337 | INFO | [t=1200] VLA chunk prompt=open the microwave
2026-09-26 20:04:00,635 | INFO | [t=1210] VLA chunk prompt=open the microwave
2026-09-26 20:04:00,933 | INFO | [t=1220] VLA chunk prompt=open the microwave
2026-09-26 20:04:01,231 | INFO | [t=1230] VLA chunk prompt=open the microwave
2026-09-26 20:04:01,528 | INFO | [t=1240] VLA chunk prompt=open the microwave
2026-09-26 20:04:01,827 | INFO | [t=1250] VLA chunk prompt=open the microwave
2026-09-26 20:04:02,125 | INFO | [t=1260] VLA chunk prompt=open the microwave
2026-09-26 20:04:02,422 | INFO | [t=1270] VLA chunk prompt=open the microwave
2026-09-26 20:04:02,721 | INFO | [t=1280] VLA chunk prompt=open the microwave
2026-09-26 20:04:03,021 | INFO | [t=1290] VLA chunk prompt=open the microwave
2026-09-26 20:04:03,324 | INFO | [t=1300] VLA chunk prompt=open the microwave
2026-09-26 20:04:03,630 | INFO | [t=1310] VLA chunk prompt=open the microwave
2026-09-26 20:04:03,934 | INFO | [t=1320] VLA chunk prompt=open the microwave
2026-09-26 20:04:04,238 | INFO | [t=1330] VLA chunk prompt=open the microwave
2026-09-26 20:04:04,544 | INFO | [t=1340] VLA chunk prompt=open the microwave
2026-09-26 20:04:04,850 | INFO | [t=1350] VLA chunk prompt=open the microwave
2026-09-26 20:04:05,158 | INFO | [t=1360] VLA chunk prompt=open the microwave
2026-09-26 20:04:05,480 | INFO | [t=1370] VLA chunk prompt=open the microwave
2026-09-26 20:04:05,795 | INFO | [t=1380] VLA chunk prompt=open the microwave
2026-09-26 20:04:06,102 | INFO | [t=1390] VLA chunk prompt=open the microwave
2026-09-26 20:04:06,408 | INFO | [t=1400] VLA chunk prompt=open the microwave
2026-09-26 20:04:06,726 | INFO | [t=1410] VLA chunk prompt=open the microwave
2026-09-26 20:04:07,043 | INFO | [t=1420] VLA chunk prompt=open the microwave
2026-09-26 20:04:07,346 | INFO | [t=1430] VLA chunk prompt=open the microwave
2026-09-26 20:04:07,650 | INFO | [t=1440] VLA chunk prompt=open the microwave
2026-09-26 20:04:07,908 | INFO | API VLM @t=1180 task=22 subtask=open the microwave keyframes=[]
2026-09-26 20:04:07,952 | INFO | [t=1450] VLA chunk prompt=open the microwave
2026-09-26 20:04:08,252 | INFO | [t=1460] VLA chunk prompt=open the microwave
2026-09-26 20:04:08,557 | INFO | [t=1470] VLA chunk prompt=open the microwave
2026-09-26 20:04:08,874 | INFO | [t=1480] VLA chunk prompt=open the microwave
2026-09-26 20:04:09,184 | INFO | [t=1490] VLA chunk prompt=open the microwave
2026-09-26 20:04:09,489 | INFO | [t=1500] VLA chunk prompt=open the microwave
2026-09-26 20:04:09,793 | INFO | [t=1510] VLA chunk prompt=open the microwave
2026-09-26 20:04:10,098 | INFO | [t=1520] VLA chunk prompt=open the microwave
2026-09-26 20:04:10,399 | INFO | [t=1530] VLA chunk prompt=open the microwave
2026-09-26 20:04:10,700 | INFO | [t=1540] VLA chunk prompt=open the microwave
2026-09-26 20:04:11,010 | INFO | [t=1550] VLA chunk prompt=open the microwave
2026-09-26 20:04:11,312 | INFO | [t=1560] VLA chunk prompt=open the microwave
2026-09-26 20:04:11,611 | INFO | [t=1570] VLA chunk prompt=open the microwave
2026-09-26 20:04:11,913 | INFO | [t=1580] VLA chunk prompt=open the microwave
2026-09-26 20:04:12,216 | INFO | [t=1590] VLA chunk prompt=open the microwave
2026-09-26 20:04:12,515 | INFO | [t=1600] VLA chunk prompt=open the microwave
2026-09-26 20:04:12,813 | INFO | [t=1610] VLA chunk prompt=open the microwave
2026-09-26 20:04:13,112 | INFO | [t=1620] VLA chunk prompt=open the microwave
2026-09-26 20:04:13,409 | INFO | [t=1630] VLA chunk prompt=open the microwave
2026-09-26 20:04:13,551 | INFO | API VLM @t=1440 task=22 subtask=open the microwave keyframes=[]
2026-09-26 20:04:13,708 | INFO | [t=1640] VLA chunk prompt=open the microwave
2026-09-26 20:04:14,006 | INFO | [t=1650] VLA chunk prompt=open the microwave
2026-09-26 20:04:14,304 | INFO | [t=1660] VLA chunk prompt=open the microwave
2026-09-26 20:04:14,604 | INFO | [t=1670] VLA chunk prompt=open the microwave
2026-09-26 20:04:14,905 | INFO | [t=1680] VLA chunk prompt=open the microwave
2026-09-26 20:04:15,206 | INFO | [t=1690] VLA chunk prompt=open the microwave
2026-09-26 20:04:15,509 | INFO | [t=1700] VLA chunk prompt=open the microwave
2026-09-26 20:04:15,810 | INFO | [t=1710] VLA chunk prompt=open the microwave
2026-09-26 20:04:16,114 | INFO | [t=1720] VLA chunk prompt=open the microwave
2026-09-26 20:04:16,417 | INFO | [t=1730] VLA chunk prompt=open the microwave
2026-09-26 20:04:16,718 | INFO | [t=1740] VLA chunk prompt=open the microwave
2026-09-26 20:04:17,019 | INFO | [t=1750] VLA chunk prompt=open the microwave
2026-09-26 20:04:17,318 | INFO | [t=1760] VLA chunk prompt=open the microwave
2026-09-26 20:04:17,617 | INFO | [t=1770] VLA chunk prompt=open the microwave
2026-09-26 20:04:17,940 | INFO | [t=1780] VLA chunk prompt=open the microwave
2026-09-26 20:04:18,253 | INFO | [t=1790] VLA chunk prompt=open the microwave
2026-09-26 20:04:18,553 | INFO | [t=1800] VLA chunk prompt=open the microwave
2026-09-26 20:04:18,853 | INFO | [t=1810] VLA chunk prompt=open the microwave
2026-09-26 20:04:19,154 | INFO | [t=1820] VLA chunk prompt=open the microwave
2026-09-26 20:04:19,455 | INFO | [t=1830] VLA chunk prompt=open the microwave
2026-09-26 20:04:19,755 | INFO | [t=1840] VLA chunk prompt=open the microwave
2026-09-26 20:04:20,063 | INFO | [t=1850] VLA chunk prompt=open the microwave
2026-09-26 20:04:20,380 | INFO | [t=1860] VLA chunk prompt=open the microwave
2026-09-26 20:04:20,688 | INFO | [t=1870] VLA chunk prompt=open the microwave
2026-09-26 20:04:20,994 | INFO | [t=1880] VLA chunk prompt=open the microwave
2026-09-26 20:04:21,303 | INFO | [t=1890] VLA chunk prompt=open the microwave
2026-09-26 20:04:21,612 | INFO | [t=1900] VLA chunk prompt=open the microwave
2026-09-26 20:04:21,920 | INFO | [t=1910] VLA chunk prompt=open the microwave
2026-09-26 20:04:22,225 | INFO | [t=1920] VLA chunk prompt=open the microwave
2026-09-26 20:04:22,313 | INFO | API VLM @t=1625 task=22 subtask=open the microwave keyframes=[]
2026-09-26 20:04:22,535 | INFO | [t=1930] VLA chunk prompt=open the microwave
2026-09-26 20:04:22,835 | INFO | [t=1940] VLA chunk prompt=open the microwave
2026-09-26 20:04:23,133 | INFO | [t=1950] VLA chunk prompt=open the microwave
2026-09-26 20:04:23,430 | INFO | [t=1960] VLA chunk prompt=open the microwave
2026-09-26 20:04:23,728 | INFO | [t=1970] VLA chunk prompt=open the microwave
2026-09-26 20:04:24,029 | INFO | [t=1980] VLA chunk prompt=open the microwave
2026-09-26 20:04:24,331 | INFO | [t=1990] VLA chunk prompt=open the microwave
2026-09-26 20:04:24,633 | INFO | [t=2000] VLA chunk prompt=open the microwave
2026-09-26 20:04:24,932 | INFO | [t=2010] VLA chunk prompt=open the microwave
2026-09-26 20:04:25,230 | INFO | [t=2020] VLA chunk prompt=open the microwave
2026-09-26 20:04:25,530 | INFO | [t=2030] VLA chunk prompt=open the microwave
2026-09-26 20:04:25,829 | INFO | [t=2040] VLA chunk prompt=open the microwave
2026-09-26 20:04:26,129 | INFO | [t=2050] VLA chunk prompt=open the microwave
2026-09-26 20:04:26,430 | INFO | [t=2060] VLA chunk prompt=open the microwave
2026-09-26 20:04:26,730 | INFO | [t=2070] VLA chunk prompt=open the microwave
2026-09-26 20:04:27,032 | INFO | [t=2080] VLA chunk prompt=open the microwave
2026-09-26 20:04:27,333 | INFO | [t=2090] VLA chunk prompt=open the microwave
2026-09-26 20:04:27,634 | INFO | [t=2100] VLA chunk prompt=open the microwave
2026-09-26 20:04:27,936 | INFO | [t=2110] VLA chunk prompt=open the microwave
2026-09-26 20:04:28,236 | INFO | [t=2120] VLA chunk prompt=open the microwave
2026-09-26 20:04:28,536 | INFO | [t=2130] VLA chunk prompt=open the microwave
2026-09-26 20:04:28,836 | INFO | [t=2140] VLA chunk prompt=open the microwave
2026-09-26 20:04:29,137 | INFO | [t=2150] VLA chunk prompt=open the microwave
2026-09-26 20:04:29,439 | INFO | [t=2160] VLA chunk prompt=open the microwave
2026-09-26 20:04:29,740 | INFO | [t=2170] VLA chunk prompt=open the microwave
2026-09-26 20:04:30,041 | INFO | [t=2180] VLA chunk prompt=open the microwave
2026-09-26 20:04:30,342 | INFO | [t=2190] VLA chunk prompt=open the microwave
2026-09-26 20:04:30,646 | INFO | [t=2200] VLA chunk prompt=open the microwave
2026-09-26 20:04:30,948 | INFO | [t=2210] VLA chunk prompt=open the microwave
2026-09-26 20:04:31,252 | INFO | [t=2220] VLA chunk prompt=open the microwave
2026-09-26 20:04:31,557 | INFO | [t=2230] VLA chunk prompt=open the microwave
2026-09-26 20:04:31,864 | INFO | [t=2240] VLA chunk prompt=open the microwave
2026-09-26 20:04:32,170 | INFO | [t=2250] VLA chunk prompt=open the microwave
2026-09-26 20:04:32,480 | INFO | [t=2260] VLA chunk prompt=open the microwave
2026-09-26 20:04:32,788 | INFO | [t=2270] VLA chunk prompt=open the microwave
2026-09-26 20:04:33,097 | INFO | [t=2280] VLA chunk prompt=open the microwave
2026-09-26 20:04:33,406 | INFO | [t=2290] VLA chunk prompt=open the microwave
2026-09-26 20:04:33,712 | INFO | [t=2300] VLA chunk prompt=open the microwave
2026-09-26 20:04:34,015 | INFO | [t=2310] VLA chunk prompt=open the microwave
2026-09-26 20:04:34,321 | INFO | [t=2320] VLA chunk prompt=open the microwave
2026-09-26 20:04:34,629 | INFO | [t=2330] VLA chunk prompt=open the microwave
2026-09-26 20:04:34,938 | INFO | [t=2340] VLA chunk prompt=open the microwave
2026-09-26 20:04:35,243 | INFO | [t=2350] VLA chunk prompt=open the microwave
2026-09-26 20:04:35,431 | INFO | API VLM @t=1910 task=22 subtask=Move the sauce bottle over the cookies to pour sauce. keyframes=[]
2026-09-26 20:04:35,501 | INFO | [t=2360] VLM prompt update from step=1910: Move the sauce bottle over the cookies to pour sauce.
2026-09-26 20:04:35,553 | INFO | [t=2360] VLA chunk prompt=Move the sauce bottle over the cookies to pour sauce.
2026-09-26 20:04:35,862 | INFO | [t=2370] VLA chunk prompt=Move the sauce bottle over the cookies to pour sauce.
2026-09-26 20:04:36,171 | INFO | [t=2380] VLA chunk prompt=Move the sauce bottle over the cookies to pour sauce.
2026-09-26 20:04:36,476 | INFO | [t=2390] VLA chunk prompt=Move the sauce bottle over the cookies to pour sauce.
2026-09-26 20:04:36,781 | INFO | [t=2400] VLA chunk prompt=Move the sauce bottle over the cookies to pour sauce.
2026-09-26 20:04:37,087 | INFO | [t=2410] VLA chunk prompt=Move the sauce bottle over the cookies to pour sauce.
2026-09-26 20:04:37,392 | INFO | [t=2420] VLA chunk prompt=Move the sauce bottle over the cookies to pour sauce.
2026-09-26 20:04:37,696 | INFO | [t=2430] VLA chunk prompt=Move the sauce bottle over the cookies to pour sauce.
2026-09-26 20:04:37,999 | INFO | [t=2440] VLA chunk prompt=Move the sauce bottle over the cookies to pour sauce.
2026-09-26 20:04:38,304 | INFO | [t=2450] VLA chunk prompt=Move the sauce bottle over the cookies to pour sauce.
2026-09-26 20:04:38,608 | INFO | [t=2460] VLA chunk prompt=Move the sauce bottle over the cookies to pour sauce.
2026-09-26 20:04:38,916 | INFO | [t=2470] VLA chunk prompt=Move the sauce bottle over the cookies to pour sauce.
2026-09-26 20:04:39,223 | INFO | [t=2480] VLA chunk prompt=Move the sauce bottle over the cookies to pour sauce.
2026-09-26 20:04:39,530 | INFO | [t=2490] VLA chunk prompt=Move the sauce bottle over the cookies to pour sauce.
2026-09-26 20:04:39,837 | INFO | [t=2500] VLA chunk prompt=Move the sauce bottle over the cookies to pour sauce.
2026-09-26 20:04:43,108 | INFO | attempt=0 stage_score=66.7 stage_success=False failure_reason=incomplete_stage
2026-09-26 20:04:43,108 | INFO | Episode 5 seed=105 stage_score=66.7 stage_success=0 goal=0.667 failure_reason=incomplete_stage | 01_Lift_Tomato_Sauce=Y | 02_Pour_One=Y | 03_Pour_Two=N
2026-09-26 20:04:45,278 | INFO | API VLM @t=2345 task=22 subtask=Reach for the tomato sauce bottle to begin the first pour over the cookies. keyframes=[]
