2026-09-19 15:38:46,126 | INFO | task_id=20 bddl=/project/peilab/why/RoboMemArena/bddl/20_cookies_chocolate_microwave.bddl vlm_ckpt=/project/peilab/why/RoboMemArena/checkpoints/PrediMem/vlm_tasks1to26_ckpt74500
2026-09-19 15:38:47,803 | INFO | async VLM enabled: single-slot subtask buffer
2026-09-19 15:38:48,020 | INFO | [t=10] VLA chunk prompt=Put cookies into the microwave and then put chocolate into the location where the cookies were placed.
2026-09-19 15:38:48,256 | INFO | [t=20] VLA chunk prompt=Put cookies into the microwave and then put chocolate into the location where the cookies were placed.
2026-09-19 15:38:48,489 | INFO | [t=30] VLA chunk prompt=Put cookies into the microwave and then put chocolate into the location where the cookies were placed.
2026-09-19 15:38:48,723 | INFO | [t=40] VLA chunk prompt=Put cookies into the microwave and then put chocolate into the location where the cookies were placed.
2026-09-19 15:38:48,960 | INFO | [t=50] VLA chunk prompt=Put cookies into the microwave and then put chocolate into the location where the cookies were placed.
2026-09-19 15:38:49,202 | INFO | [t=60] VLA chunk prompt=Put cookies into the microwave and then put chocolate into the location where the cookies were placed.
2026-09-19 15:38:49,437 | INFO | [t=70] VLA chunk prompt=Put cookies into the microwave and then put chocolate into the location where the cookies were placed.
2026-09-19 15:38:49,626 | INFO | [t=80] harness subtask override: open microwave
2026-09-19 15:38:49,626 | INFO | [t=80] VLM prompt update from step=-1: open microwave
2026-09-19 15:38:49,627 | INFO | [t=80] harness forced VLM replan after stall (pmh visual retrieve armed)
2026-09-19 15:38:49,677 | INFO | [t=80] VLA chunk prompt=open microwave
2026-09-19 15:38:49,921 | INFO | [t=90] VLA chunk prompt=open microwave
2026-09-19 15:38:50,162 | INFO | [t=100] VLA chunk prompt=open microwave
2026-09-19 15:38:50,402 | INFO | [t=110] VLA chunk prompt=open microwave
2026-09-19 15:38:50,647 | INFO | [t=120] VLA chunk prompt=open microwave
2026-09-19 15:38:50,683 | INFO | API VLM @t=0 task=20 subtask=open the microwave keyframes=[]
2026-09-19 15:38:50,839 | INFO | [t=130] VLM prompt update from step=0: open the microwave
2026-09-19 15:38:50,889 | INFO | [t=130] VLA chunk prompt=open the microwave
2026-09-19 15:38:51,140 | INFO | [t=140] VLA chunk prompt=open the microwave
2026-09-19 15:38:51,412 | INFO | [t=150] VLA chunk prompt=open the microwave
2026-09-19 15:38:51,480 | INFO | [t=153] stage done: 01_Open_Microwave
2026-09-19 15:38:51,684 | INFO | [t=160] VLA chunk prompt=open the microwave
2026-09-19 15:38:51,959 | INFO | [t=170] VLA chunk prompt=open the microwave
2026-09-19 15:38:52,235 | INFO | [t=180] VLA chunk prompt=open the microwave
2026-09-19 15:38:52,515 | INFO | [t=190] VLA chunk prompt=open the microwave
2026-09-19 15:38:52,803 | INFO | [t=200] VLA chunk prompt=open the microwave
2026-09-19 15:38:53,101 | INFO | [t=210] VLA chunk prompt=open the microwave
2026-09-19 15:38:53,291 | INFO | API VLM @t=110 task=20 subtask=open_microwave keyframes=[]
2026-09-19 15:38:53,358 | INFO | [t=220] VLM prompt update from step=110: open_microwave
2026-09-19 15:38:53,408 | INFO | [t=220] VLA chunk prompt=open_microwave
2026-09-19 15:38:53,714 | INFO | [t=230] VLA chunk prompt=open_microwave
2026-09-19 15:38:53,974 | INFO | [t=240] harness subtask override: place cookies
2026-09-19 15:38:53,974 | INFO | [t=240] VLM prompt update from step=110: place cookies
2026-09-19 15:38:53,974 | INFO | [t=240] harness forced VLM replan after stall (pmh visual retrieve armed)
2026-09-19 15:38:54,024 | INFO | [t=240] VLA chunk prompt=place cookies
2026-09-19 15:38:54,362 | INFO | [t=250] VLA chunk prompt=place cookies
2026-09-19 15:38:54,704 | INFO | [t=260] VLA chunk prompt=place cookies
2026-09-19 15:38:55,024 | INFO | [t=270] VLA chunk prompt=place cookies
2026-09-19 15:38:55,343 | INFO | [t=280] VLA chunk prompt=place cookies
2026-09-19 15:38:55,618 | INFO | API VLM @t=205 task=20 subtask=open_microwave keyframes=[]
2026-09-19 15:38:55,664 | INFO | [t=290] VLA chunk prompt=place cookies
2026-09-19 15:38:55,936 | INFO | [t=300] VLM prompt update from step=205: open_microwave
2026-09-19 15:38:55,987 | INFO | [t=300] VLA chunk prompt=open_microwave
2026-09-19 15:38:56,305 | INFO | [t=310] VLA chunk prompt=open_microwave
2026-09-19 15:38:56,623 | INFO | [t=320] VLA chunk prompt=open_microwave
2026-09-19 15:38:56,944 | INFO | [t=330] VLA chunk prompt=open_microwave
2026-09-19 15:38:57,265 | INFO | [t=340] VLA chunk prompt=open_microwave
2026-09-19 15:38:57,585 | INFO | [t=350] VLA chunk prompt=open_microwave
2026-09-19 15:38:57,906 | INFO | [t=360] VLA chunk prompt=open_microwave
2026-09-19 15:38:58,225 | INFO | [t=370] VLA chunk prompt=open_microwave
2026-09-19 15:38:58,536 | INFO | API VLM @t=280 task=20 subtask=open_microwave keyframes=[]
2026-09-19 15:38:58,545 | INFO | [t=380] VLA chunk prompt=open_microwave
2026-09-19 15:38:58,865 | INFO | [t=390] VLA chunk prompt=open_microwave
2026-09-19 15:38:59,183 | INFO | [t=400] VLA chunk prompt=open_microwave
2026-09-19 15:38:59,502 | INFO | [t=410] VLA chunk prompt=open_microwave
2026-09-19 15:38:59,820 | INFO | [t=420] VLA chunk prompt=open_microwave
2026-09-19 15:39:00,139 | INFO | [t=430] VLA chunk prompt=open_microwave
2026-09-19 15:39:00,463 | INFO | [t=440] VLA chunk prompt=open_microwave
2026-09-19 15:39:00,783 | INFO | [t=450] VLA chunk prompt=open_microwave
2026-09-19 15:39:00,985 | INFO | API VLM @t=370 task=20 subtask=open_microwave keyframes=[]
2026-09-19 15:39:01,105 | INFO | [t=460] VLA chunk prompt=open_microwave
2026-09-19 15:39:01,423 | INFO | [t=470] VLA chunk prompt=open_microwave
2026-09-19 15:39:01,737 | INFO | [t=480] VLA chunk prompt=open_microwave
2026-09-19 15:39:02,053 | INFO | [t=490] VLA chunk prompt=open_microwave
2026-09-19 15:39:02,369 | INFO | [t=500] VLA chunk prompt=open_microwave
2026-09-19 15:39:02,686 | INFO | [t=510] VLA chunk prompt=open_microwave
2026-09-19 15:39:03,004 | INFO | [t=520] VLA chunk prompt=open_microwave
2026-09-19 15:39:03,320 | INFO | [t=530] VLA chunk prompt=open_microwave
2026-09-19 15:39:03,636 | INFO | [t=540] VLA chunk prompt=open_microwave
2026-09-19 15:39:03,749 | INFO | API VLM @t=445 task=20 subtask=open_microwave keyframes=[]
2026-09-19 15:39:03,951 | INFO | [t=550] VLA chunk prompt=open_microwave
2026-09-19 15:39:04,264 | INFO | [t=560] VLA chunk prompt=open_microwave
2026-09-19 15:39:04,578 | INFO | [t=570] VLA chunk prompt=open_microwave
2026-09-19 15:39:04,887 | INFO | [t=580] VLA chunk prompt=open_microwave
2026-09-19 15:39:05,201 | INFO | [t=590] VLA chunk prompt=open_microwave
2026-09-19 15:39:05,513 | INFO | [t=600] VLA chunk prompt=open_microwave
2026-09-19 15:39:05,828 | INFO | [t=610] VLA chunk prompt=open_microwave
2026-09-19 15:39:05,962 | INFO | API VLM @t=530 task=20 subtask=open the microwave keyframes=[]
2026-09-19 15:39:06,095 | INFO | [t=620] VLM prompt update from step=530: open the microwave
2026-09-19 15:39:06,145 | INFO | [t=620] VLA chunk prompt=open the microwave
2026-09-19 15:39:06,463 | INFO | [t=630] VLA chunk prompt=open the microwave
2026-09-19 15:39:06,786 | INFO | [t=640] VLA chunk prompt=open the microwave
2026-09-19 15:39:07,108 | INFO | [t=650] VLA chunk prompt=open the microwave
2026-09-19 15:39:07,428 | INFO | [t=660] VLA chunk prompt=open the microwave
2026-09-19 15:39:07,748 | INFO | [t=670] VLA chunk prompt=open the microwave
2026-09-19 15:39:08,072 | INFO | [t=680] VLA chunk prompt=open the microwave
2026-09-19 15:39:08,397 | INFO | [t=690] VLA chunk prompt=open the microwave
2026-09-19 15:39:08,720 | INFO | [t=700] VLA chunk prompt=open the microwave
2026-09-19 15:39:09,041 | INFO | [t=710] VLA chunk prompt=open the microwave
2026-09-19 15:39:09,124 | INFO | API VLM @t=605 task=20 subtask=open_microwave keyframes=[]
2026-09-19 15:39:09,320 | INFO | [t=720] VLM prompt update from step=605: open_microwave
2026-09-19 15:39:09,370 | INFO | [t=720] VLA chunk prompt=open_microwave
2026-09-19 15:39:09,691 | INFO | [t=730] VLA chunk prompt=open_microwave
2026-09-19 15:39:10,012 | INFO | [t=740] VLA chunk prompt=open_microwave
2026-09-19 15:39:10,334 | INFO | [t=750] VLA chunk prompt=open_microwave
2026-09-19 15:39:10,655 | INFO | [t=760] VLA chunk prompt=open_microwave
2026-09-19 15:39:10,980 | INFO | [t=770] VLA chunk prompt=open_microwave
2026-09-19 15:39:11,305 | INFO | [t=780] VLA chunk prompt=open_microwave
2026-09-19 15:39:11,629 | INFO | [t=790] VLA chunk prompt=open_microwave
2026-09-19 15:39:11,637 | INFO | API VLM @t=700 task=20 subtask=pick_up_cookies keyframes=[]
2026-09-19 15:39:11,910 | INFO | [t=800] VLM prompt update from step=700: pick_up_cookies
2026-09-19 15:39:11,960 | INFO | [t=800] VLA chunk prompt=pick_up_cookies
2026-09-19 15:39:12,298 | INFO | [t=810] VLA chunk prompt=pick_up_cookies
2026-09-19 15:39:12,626 | INFO | [t=820] VLA chunk prompt=pick_up_cookies
2026-09-19 15:39:12,949 | INFO | [t=830] VLA chunk prompt=pick_up_cookies
2026-09-19 15:39:13,273 | INFO | [t=840] VLA chunk prompt=pick_up_cookies
2026-09-19 15:39:13,599 | INFO | [t=850] VLA chunk prompt=pick_up_cookies
2026-09-19 15:39:13,923 | INFO | [t=860] VLA chunk prompt=pick_up_cookies
2026-09-19 15:39:14,202 | INFO | API VLM @t=780 task=20 subtask=open_microwave keyframes=[]
2026-09-19 15:39:14,246 | INFO | [t=870] VLA chunk prompt=pick_up_cookies
2026-09-19 15:39:14,520 | INFO | [t=880] VLM prompt update from step=780: open_microwave
2026-09-19 15:39:14,570 | INFO | [t=880] VLA chunk prompt=open_microwave
2026-09-19 15:39:14,892 | INFO | [t=890] VLA chunk prompt=open_microwave
2026-09-19 15:39:15,215 | INFO | [t=900] VLA chunk prompt=open_microwave
2026-09-19 15:39:15,538 | INFO | [t=910] VLA chunk prompt=open_microwave
2026-09-19 15:39:15,861 | INFO | [t=920] VLA chunk prompt=open_microwave
2026-09-19 15:39:16,183 | INFO | [t=930] VLA chunk prompt=open_microwave
2026-09-19 15:39:16,506 | INFO | [t=940] VLA chunk prompt=open_microwave
2026-09-19 15:39:16,828 | INFO | [t=950] VLA chunk prompt=open_microwave
2026-09-19 15:39:16,930 | INFO | API VLM @t=860 task=20 subtask=open_microwave keyframes=[]
2026-09-19 15:39:17,152 | INFO | [t=960] VLA chunk prompt=open_microwave
2026-09-19 15:39:17,475 | INFO | [t=970] VLA chunk prompt=open_microwave
2026-09-19 15:39:17,798 | INFO | [t=980] VLA chunk prompt=open_microwave
2026-09-19 15:39:18,121 | INFO | [t=990] VLA chunk prompt=open_microwave
2026-09-19 15:39:18,444 | INFO | [t=1000] VLA chunk prompt=open_microwave
2026-09-19 15:39:18,766 | INFO | [t=1010] VLA chunk prompt=open_microwave
2026-09-19 15:39:19,090 | INFO | [t=1020] VLA chunk prompt=open_microwave
2026-09-19 15:39:19,412 | INFO | [t=1030] VLA chunk prompt=open_microwave
2026-09-19 15:39:19,648 | INFO | API VLM @t=940 task=20 subtask=grasp_cookies keyframes=[]
2026-09-19 15:39:19,687 | INFO | [t=1040] VLM prompt update from step=940: grasp_cookies
2026-09-19 15:39:19,737 | INFO | [t=1040] VLA chunk prompt=grasp_cookies
2026-09-19 15:39:20,066 | INFO | [t=1050] VLA chunk prompt=grasp_cookies
2026-09-19 15:39:20,389 | INFO | [t=1060] VLA chunk prompt=grasp_cookies
2026-09-19 15:39:20,711 | INFO | [t=1070] VLA chunk prompt=grasp_cookies
2026-09-19 15:39:21,035 | INFO | [t=1080] VLA chunk prompt=grasp_cookies
2026-09-19 15:39:21,358 | INFO | [t=1090] VLA chunk prompt=grasp_cookies
2026-09-19 15:39:21,681 | INFO | [t=1100] VLA chunk prompt=grasp_cookies
2026-09-19 15:39:22,005 | INFO | [t=1110] VLA chunk prompt=grasp_cookies
2026-09-19 15:39:22,159 | INFO | API VLM @t=1025 task=20 subtask=reach_to_cookies keyframes=[]
2026-09-19 15:39:22,281 | INFO | [t=1120] VLM prompt update from step=1025: reach_to_cookies
2026-09-19 15:39:22,342 | INFO | [t=1120] VLA chunk prompt=reach_to_cookies
2026-09-19 15:39:22,666 | INFO | [t=1130] VLA chunk prompt=reach_to_cookies
2026-09-19 15:39:22,989 | INFO | [t=1140] VLA chunk prompt=reach_to_cookies
2026-09-19 15:39:23,313 | INFO | [t=1150] VLA chunk prompt=reach_to_cookies
2026-09-19 15:39:23,636 | INFO | [t=1160] VLA chunk prompt=reach_to_cookies
2026-09-19 15:39:23,958 | INFO | [t=1170] VLA chunk prompt=reach_to_cookies
2026-09-19 15:39:24,282 | INFO | [t=1180] VLA chunk prompt=reach_to_cookies
2026-09-19 15:39:24,607 | INFO | [t=1190] VLA chunk prompt=reach_to_cookies
2026-09-19 15:39:24,783 | INFO | API VLM @t=1105 task=20 subtask=reach_to_cookies keyframes=[]
2026-09-19 15:39:24,951 | INFO | [t=1200] VLA chunk prompt=reach_to_cookies
2026-09-19 15:39:25,289 | INFO | [t=1210] VLA chunk prompt=reach_to_cookies
2026-09-19 15:39:25,613 | INFO | [t=1220] VLA chunk prompt=reach_to_cookies
2026-09-19 15:39:25,937 | INFO | [t=1230] VLA chunk prompt=reach_to_cookies
2026-09-19 15:39:26,260 | INFO | [t=1240] VLA chunk prompt=reach_to_cookies
2026-09-19 15:39:26,583 | INFO | [t=1250] VLA chunk prompt=reach_to_cookies
2026-09-19 15:39:26,905 | INFO | [t=1260] VLA chunk prompt=reach_to_cookies
2026-09-19 15:39:27,227 | INFO | [t=1270] VLA chunk prompt=reach_to_cookies
2026-09-19 15:39:27,547 | INFO | [t=1280] VLA chunk prompt=reach_to_cookies
2026-09-19 15:39:27,782 | INFO | API VLM @t=1185 task=20 subtask=reach_to_cookies keyframes=[]
2026-09-19 15:39:27,867 | INFO | [t=1290] VLA chunk prompt=reach_to_cookies
2026-09-19 15:39:28,179 | INFO | [t=1300] VLA chunk prompt=reach_to_cookies
2026-09-19 15:39:28,490 | INFO | [t=1310] VLA chunk prompt=reach_to_cookies
2026-09-19 15:39:28,802 | INFO | [t=1320] VLA chunk prompt=reach_to_cookies
2026-09-19 15:39:29,116 | INFO | [t=1330] VLA chunk prompt=reach_to_cookies
2026-09-19 15:39:29,433 | INFO | [t=1340] VLA chunk prompt=reach_to_cookies
2026-09-19 15:39:29,748 | INFO | [t=1350] VLA chunk prompt=reach_to_cookies
2026-09-19 15:39:30,064 | INFO | [t=1360] VLA chunk prompt=reach_to_cookies
2026-09-19 15:39:30,091 | INFO | [t=1361] stage done: 02_Place_Cookies_Microwave
2026-09-19 15:39:30,266 | INFO | API VLM @t=1275 task=20 subtask=pick_up_cookies keyframes=[]
2026-09-19 15:39:30,336 | INFO | [t=1370] VLM prompt update from step=1275: pick_up_cookies
2026-09-19 15:39:30,386 | INFO | [t=1370] VLA chunk prompt=pick_up_cookies
2026-09-19 15:39:30,706 | INFO | [t=1380] VLA chunk prompt=pick_up_cookies
2026-09-19 15:39:31,022 | INFO | [t=1390] VLA chunk prompt=pick_up_cookies
2026-09-19 15:39:31,336 | INFO | [t=1400] VLA chunk prompt=pick_up_cookies
2026-09-19 15:39:31,652 | INFO | [t=1410] VLA chunk prompt=pick_up_cookies
2026-09-19 15:39:31,973 | INFO | [t=1420] VLA chunk prompt=pick_up_cookies
2026-09-19 15:39:32,285 | INFO | [t=1430] VLA chunk prompt=pick_up_cookies
2026-09-19 15:39:32,595 | INFO | [t=1440] VLA chunk prompt=pick_up_cookies
2026-09-19 15:39:32,853 | INFO | [t=1450] harness subtask override: place chocolate
2026-09-19 15:39:32,853 | INFO | [t=1450] VLM prompt update from step=1275: place chocolate
2026-09-19 15:39:32,853 | INFO | [t=1450] harness forced VLM replan after stall (pmh visual retrieve armed)
2026-09-19 15:39:32,903 | INFO | [t=1450] VLA chunk prompt=place chocolate
2026-09-19 15:39:33,208 | INFO | [t=1460] VLA chunk prompt=place chocolate
2026-09-19 15:39:33,505 | INFO | API VLM @t=1355 task=20 subtask=open_microwave keyframes=[]
2026-09-19 15:39:33,514 | INFO | [t=1470] VLA chunk prompt=place chocolate
2026-09-19 15:39:33,794 | INFO | [t=1480] VLM prompt update from step=1355: open_microwave
2026-09-19 15:39:33,846 | INFO | [t=1480] VLA chunk prompt=open_microwave
2026-09-19 15:39:34,153 | INFO | [t=1490] VLA chunk prompt=open_microwave
2026-09-19 15:39:34,457 | INFO | [t=1500] VLA chunk prompt=open_microwave
2026-09-19 15:39:34,759 | INFO | [t=1510] VLA chunk prompt=open_microwave
2026-09-19 15:39:35,059 | INFO | [t=1520] VLA chunk prompt=open_microwave
2026-09-19 15:39:35,358 | INFO | [t=1530] VLA chunk prompt=open_microwave
2026-09-19 15:39:35,659 | INFO | [t=1540] VLA chunk prompt=open_microwave
2026-09-19 15:39:35,957 | INFO | [t=1550] VLA chunk prompt=open_microwave
2026-09-19 15:39:36,197 | INFO | API VLM @t=1460 task=20 subtask=open_microwave keyframes=[]
2026-09-19 15:39:36,258 | INFO | [t=1560] VLA chunk prompt=open_microwave
2026-09-19 15:39:36,561 | INFO | [t=1570] VLA chunk prompt=open_microwave
2026-09-19 15:39:36,859 | INFO | [t=1580] VLA chunk prompt=open_microwave
2026-09-19 15:39:37,158 | INFO | [t=1590] VLA chunk prompt=open_microwave
2026-09-19 15:39:37,458 | INFO | [t=1600] VLA chunk prompt=open_microwave
2026-09-19 15:39:37,758 | INFO | [t=1610] VLA chunk prompt=open_microwave
2026-09-19 15:39:38,062 | INFO | [t=1620] VLA chunk prompt=open_microwave
2026-09-19 15:39:38,362 | INFO | [t=1630] VLA chunk prompt=open_microwave
2026-09-19 15:39:38,662 | INFO | [t=1640] VLA chunk prompt=open_microwave
2026-09-19 15:39:38,961 | INFO | [t=1650] VLA chunk prompt=open_microwave
2026-09-19 15:39:39,261 | INFO | [t=1660] VLA chunk prompt=open_microwave
2026-09-19 15:39:39,414 | INFO | API VLM @t=1545 task=20 subtask=open_microwave keyframes=[]
2026-09-19 15:39:39,567 | INFO | [t=1670] VLA chunk prompt=open_microwave
2026-09-19 15:39:39,867 | INFO | [t=1680] VLA chunk prompt=open_microwave
2026-09-19 15:39:40,169 | INFO | [t=1690] VLA chunk prompt=open_microwave
2026-09-19 15:39:40,469 | INFO | [t=1700] VLA chunk prompt=open_microwave
2026-09-19 15:39:40,769 | INFO | [t=1710] VLA chunk prompt=open_microwave
2026-09-19 15:39:41,075 | INFO | [t=1720] VLA chunk prompt=open_microwave
2026-09-19 15:39:41,379 | INFO | [t=1730] VLA chunk prompt=open_microwave
2026-09-19 15:39:41,682 | INFO | [t=1740] VLA chunk prompt=open_microwave
2026-09-19 15:39:41,921 | INFO | API VLM @t=1655 task=20 subtask=open_microwave keyframes=[]
2026-09-19 15:39:41,985 | INFO | [t=1750] VLA chunk prompt=open_microwave
2026-09-19 15:39:42,291 | INFO | [t=1760] VLA chunk prompt=open_microwave
2026-09-19 15:39:42,592 | INFO | [t=1770] VLA chunk prompt=open_microwave
2026-09-19 15:39:42,893 | INFO | [t=1780] VLA chunk prompt=open_microwave
2026-09-19 15:39:43,196 | INFO | [t=1790] VLA chunk prompt=open_microwave
2026-09-19 15:39:43,497 | INFO | [t=1800] VLA chunk prompt=open_microwave
2026-09-19 15:39:43,799 | INFO | [t=1810] VLA chunk prompt=open_microwave
2026-09-19 15:39:44,110 | INFO | [t=1820] VLA chunk prompt=open_microwave
2026-09-19 15:39:44,423 | INFO | [t=1830] VLA chunk prompt=open_microwave
2026-09-19 15:39:44,453 | INFO | API VLM @t=1735 task=20 subtask=open_microwave keyframes=[]
2026-09-19 15:39:44,729 | INFO | [t=1840] VLA chunk prompt=open_microwave
2026-09-19 15:39:45,037 | INFO | [t=1850] VLA chunk prompt=open_microwave
2026-09-19 15:39:45,337 | INFO | [t=1860] VLA chunk prompt=open_microwave
2026-09-19 15:39:45,638 | INFO | [t=1870] VLA chunk prompt=open_microwave
2026-09-19 15:39:45,942 | INFO | [t=1880] VLA chunk prompt=open_microwave
2026-09-19 15:39:46,253 | INFO | [t=1890] VLA chunk prompt=open_microwave
2026-09-19 15:39:46,554 | INFO | [t=1900] VLA chunk prompt=open_microwave
2026-09-19 15:39:46,854 | INFO | [t=1910] VLA chunk prompt=open_microwave
2026-09-19 15:39:47,085 | INFO | API VLM @t=1820 task=20 subtask=open_microwave keyframes=[]
2026-09-19 15:39:47,157 | INFO | [t=1920] VLA chunk prompt=open_microwave
2026-09-19 15:39:47,456 | INFO | [t=1930] VLA chunk prompt=open_microwave
2026-09-19 15:39:47,757 | INFO | [t=1940] VLA chunk prompt=open_microwave
2026-09-19 15:39:48,055 | INFO | [t=1950] VLA chunk prompt=open_microwave
2026-09-19 15:39:48,354 | INFO | [t=1960] VLA chunk prompt=open_microwave
2026-09-19 15:39:48,652 | INFO | [t=1970] VLA chunk prompt=open_microwave
2026-09-19 15:39:48,951 | INFO | [t=1980] VLA chunk prompt=open_microwave
2026-09-19 15:39:49,250 | INFO | [t=1990] VLA chunk prompt=open_microwave
2026-09-19 15:39:49,553 | INFO | [t=2000] VLA chunk prompt=open_microwave
2026-09-19 15:39:49,853 | INFO | [t=2010] VLA chunk prompt=open_microwave
2026-09-19 15:39:50,151 | INFO | [t=2020] VLA chunk prompt=open_microwave
2026-09-19 15:39:50,324 | INFO | API VLM @t=1905 task=20 subtask=reach_to_open_microwave keyframes=[]
2026-09-19 15:39:50,401 | INFO | [t=2030] VLM prompt update from step=1905: reach_to_open_microwave
2026-09-19 15:39:50,451 | INFO | [t=2030] VLA chunk prompt=reach_to_open_microwave
2026-09-19 15:39:50,751 | INFO | [t=2040] VLA chunk prompt=reach_to_open_microwave
2026-09-19 15:39:51,054 | INFO | [t=2050] VLA chunk prompt=reach_to_open_microwave
2026-09-19 15:39:51,362 | INFO | [t=2060] VLA chunk prompt=reach_to_open_microwave
2026-09-19 15:39:51,672 | INFO | [t=2070] VLA chunk prompt=reach_to_open_microwave
2026-09-19 15:39:51,980 | INFO | [t=2080] VLA chunk prompt=reach_to_open_microwave
2026-09-19 15:39:52,290 | INFO | [t=2090] VLA chunk prompt=reach_to_open_microwave
2026-09-19 15:39:52,597 | INFO | [t=2100] VLA chunk prompt=reach_to_open_microwave
2026-09-19 15:39:52,903 | INFO | [t=2110] VLA chunk prompt=reach_to_open_microwave
2026-09-19 15:39:53,207 | INFO | [t=2120] VLA chunk prompt=reach_to_open_microwave
2026-09-19 15:39:53,511 | INFO | [t=2130] VLA chunk prompt=reach_to_open_microwave
2026-09-19 15:39:53,782 | INFO | API VLM @t=2015 task=20 subtask=open_microwave keyframes=[]
2026-09-19 15:39:53,814 | INFO | [t=2140] VLA chunk prompt=reach_to_open_microwave
2026-09-19 15:39:54,067 | INFO | [t=2150] VLM prompt update from step=2015: open_microwave
2026-09-19 15:39:54,117 | INFO | [t=2150] VLA chunk prompt=open_microwave
2026-09-19 15:39:54,420 | INFO | [t=2160] VLA chunk prompt=open_microwave
2026-09-19 15:39:54,724 | INFO | [t=2170] VLA chunk prompt=open_microwave
2026-09-19 15:39:55,027 | INFO | [t=2180] VLA chunk prompt=open_microwave
2026-09-19 15:39:55,348 | INFO | [t=2190] VLA chunk prompt=open_microwave
2026-09-19 15:39:55,672 | INFO | [t=2200] VLA chunk prompt=open_microwave
2026-09-19 15:39:55,976 | INFO | [t=2210] VLA chunk prompt=open_microwave
2026-09-19 15:39:56,279 | INFO | [t=2220] VLA chunk prompt=open_microwave
2026-09-19 15:39:56,316 | INFO | API VLM @t=2130 task=20 subtask=open_microwave keyframes=[]
2026-09-19 15:39:56,584 | INFO | [t=2230] VLA chunk prompt=open_microwave
2026-09-19 15:39:56,910 | INFO | [t=2240] VLA chunk prompt=open_microwave
2026-09-19 15:39:57,212 | INFO | [t=2250] VLA chunk prompt=open_microwave
2026-09-19 15:39:57,515 | INFO | [t=2260] VLA chunk prompt=open_microwave
2026-09-19 15:39:57,817 | INFO | [t=2270] VLA chunk prompt=open_microwave
2026-09-19 15:39:58,119 | INFO | [t=2280] VLA chunk prompt=open_microwave
2026-09-19 15:39:58,422 | INFO | [t=2290] VLA chunk prompt=open_microwave
2026-09-19 15:39:58,724 | INFO | [t=2300] VLA chunk prompt=open_microwave
2026-09-19 15:39:58,985 | INFO | API VLM @t=2210 task=20 subtask=open_microwave keyframes=[]
2026-09-19 15:39:59,026 | INFO | [t=2310] VLA chunk prompt=open_microwave
2026-09-19 15:39:59,328 | INFO | [t=2320] VLA chunk prompt=open_microwave
2026-09-19 15:39:59,631 | INFO | [t=2330] VLA chunk prompt=open_microwave
2026-09-19 15:39:59,933 | INFO | [t=2340] VLA chunk prompt=open_microwave
2026-09-19 15:40:00,262 | INFO | [t=2350] VLA chunk prompt=open_microwave
2026-09-19 15:40:00,566 | INFO | [t=2360] VLA chunk prompt=open_microwave
2026-09-19 15:40:00,869 | INFO | [t=2370] VLA chunk prompt=open_microwave
2026-09-19 15:40:01,172 | INFO | [t=2380] VLA chunk prompt=open_microwave
2026-09-19 15:40:01,473 | INFO | [t=2390] VLA chunk prompt=open_microwave
2026-09-19 15:40:01,518 | INFO | API VLM @t=2300 task=20 subtask=open the microwave keyframes=[]
2026-09-19 15:40:01,728 | INFO | [t=2400] VLM prompt update from step=2300: open the microwave
2026-09-19 15:40:01,778 | INFO | [t=2400] VLA chunk prompt=open the microwave
2026-09-19 15:40:02,081 | INFO | [t=2410] VLA chunk prompt=open the microwave
2026-09-19 15:40:02,383 | INFO | [t=2420] VLA chunk prompt=open the microwave
2026-09-19 15:40:02,686 | INFO | [t=2430] VLA chunk prompt=open the microwave
2026-09-19 15:40:02,990 | INFO | [t=2440] VLA chunk prompt=open the microwave
2026-09-19 15:40:03,293 | INFO | [t=2450] VLA chunk prompt=open the microwave
2026-09-19 15:40:03,599 | INFO | [t=2460] VLA chunk prompt=open the microwave
2026-09-19 15:40:03,903 | INFO | [t=2470] VLA chunk prompt=open the microwave
2026-09-19 15:40:04,207 | INFO | [t=2480] VLA chunk prompt=open the microwave
2026-09-19 15:40:04,510 | INFO | [t=2490] VLA chunk prompt=open the microwave
2026-09-19 15:40:04,812 | INFO | [t=2500] VLA chunk prompt=open the microwave
2026-09-19 15:40:05,259 | INFO | API VLM @t=2380 task=20 subtask=open_microwave keyframes=[]
2026-09-19 15:40:05,284 | INFO | attempt=0 stage_score=66.7 stage_success=False failure_reason=incomplete_stage
2026-09-19 15:40:05,285 | INFO | Episode 6 seed=106 stage_score=66.7 stage_success=0 goal=0.667 failure_reason=incomplete_stage | 01_Open_Microwave=Y | 02_Place_Cookies_Microwave=Y | 03_Place_Chocolate_Microwave=N
