2026-09-27 12:46:42,858 | INFO | task_id=19 bddl=/project/peilab/why/RoboMemArena/bddl/19_tomato_milk_orange_cabinet.bddl vlm_ckpt=/project/peilab/why/RoboMemArena/checkpoints/PrediMem/vlm_tasks1to26_ckpt74500
2026-09-27 12:46:42,869 | INFO | [redact] enabled task=19 registered_phrases=0 terms=[]
2026-09-27 12:46:45,353 | INFO | async VLM enabled: single-slot subtask buffer
2026-09-27 12:46:45,606 | INFO | [redact] enabled task=19 registered_phrases=0 terms=[]
2026-09-27 12:46:45,660 | INFO | [t=10] VLA chunk prompt=Pick and place tomato sauce, milk, and orange juice from cabinet1 to cabinet2.
2026-09-27 12:46:45,991 | INFO | [t=20] VLA chunk prompt=Pick and place tomato sauce, milk, and orange juice from cabinet1 to cabinet2.
2026-09-27 12:46:46,323 | INFO | [t=30] VLA chunk prompt=Pick and place tomato sauce, milk, and orange juice from cabinet1 to cabinet2.
2026-09-27 12:46:46,653 | INFO | [t=40] VLA chunk prompt=Pick and place tomato sauce, milk, and orange juice from cabinet1 to cabinet2.
2026-09-27 12:46:46,982 | INFO | [t=50] VLA chunk prompt=Pick and place tomato sauce, milk, and orange juice from cabinet1 to cabinet2.
2026-09-27 12:46:47,304 | INFO | [t=60] VLA chunk prompt=Pick and place tomato sauce, milk, and orange juice from cabinet1 to cabinet2.
2026-09-27 12:46:47,627 | INFO | [t=70] VLA chunk prompt=Pick and place tomato sauce, milk, and orange juice from cabinet1 to cabinet2.
2026-09-27 12:46:47,949 | INFO | [t=80] VLA chunk prompt=Pick and place tomato sauce, milk, and orange juice from cabinet1 to cabinet2.
2026-09-27 12:46:48,280 | INFO | [t=90] VLA chunk prompt=Pick and place tomato sauce, milk, and orange juice from cabinet1 to cabinet2.
2026-09-27 12:46:48,612 | INFO | [t=100] VLA chunk prompt=Pick and place tomato sauce, milk, and orange juice from cabinet1 to cabinet2.
2026-09-27 12:46:49,151 | INFO | [t=110] VLA chunk prompt=Pick and place tomato sauce, milk, and orange juice from cabinet1 to cabinet2.
2026-09-27 12:46:49,518 | INFO | [t=120] VLA chunk prompt=Pick and place tomato sauce, milk, and orange juice from cabinet1 to cabinet2.
2026-09-27 12:46:49,889 | INFO | [t=130] VLA chunk prompt=Pick and place tomato sauce, milk, and orange juice from cabinet1 to cabinet2.
2026-09-27 12:46:50,263 | INFO | [t=140] VLA chunk prompt=Pick and place tomato sauce, milk, and orange juice from cabinet1 to cabinet2.
2026-09-27 12:46:50,645 | INFO | [t=150] VLA chunk prompt=Pick and place tomato sauce, milk, and orange juice from cabinet1 to cabinet2.
2026-09-27 12:46:51,020 | INFO | [t=160] VLA chunk prompt=Pick and place tomato sauce, milk, and orange juice from cabinet1 to cabinet2.
2026-09-27 12:46:51,148 | INFO | API VLM @t=0 task=19 subtask=place tomato sauce in cabinet2 keyframes=[]
2026-09-27 12:46:51,151 | INFO | [redact] enabled task=19 registered_phrases=0 terms=[]
2026-09-27 12:46:51,362 | INFO | [t=170] VLM prompt update from step=0: place tomato sauce in cabinet2
2026-09-27 12:46:51,417 | INFO | [t=170] VLA chunk prompt=place tomato sauce in cabinet2
2026-09-27 12:46:51,808 | INFO | [t=180] VLA chunk prompt=place tomato sauce in cabinet2
2026-09-27 12:46:52,216 | INFO | [t=190] VLA chunk prompt=place tomato sauce in cabinet2
2026-09-27 12:46:52,619 | INFO | [t=200] VLA chunk prompt=place tomato sauce in cabinet2
2026-09-27 12:46:53,020 | INFO | [t=210] VLA chunk prompt=place tomato sauce in cabinet2
2026-09-27 12:46:53,414 | INFO | [t=220] VLA chunk prompt=place tomato sauce in cabinet2
2026-09-27 12:46:53,804 | INFO | [t=230] VLA chunk prompt=place tomato sauce in cabinet2
2026-09-27 12:46:54,206 | INFO | [t=240] VLA chunk prompt=place tomato sauce in cabinet2
2026-09-27 12:46:54,605 | INFO | [t=250] VLA chunk prompt=place tomato sauce in cabinet2
2026-09-27 12:46:54,991 | INFO | [t=260] VLA chunk prompt=place tomato sauce in cabinet2
2026-09-27 12:46:55,382 | INFO | [t=270] VLA chunk prompt=place tomato sauce in cabinet2
2026-09-27 12:46:55,779 | INFO | [t=280] VLA chunk prompt=place tomato sauce in cabinet2
2026-09-27 12:46:56,070 | INFO | API VLM @t=150 task=19 subtask=Place the tomato sauce in cabinet2. keyframes=[]
2026-09-27 12:46:56,073 | INFO | [redact] enabled task=19 registered_phrases=0 terms=[]
2026-09-27 12:46:56,131 | INFO | [t=290] VLM prompt update from step=150: Place the tomato sauce in cabinet2.
2026-09-27 12:46:56,185 | INFO | [t=290] VLA chunk prompt=Place the tomato sauce in cabinet2.
2026-09-27 12:46:56,584 | INFO | [t=300] VLA chunk prompt=Place the tomato sauce in cabinet2.
2026-09-27 12:46:56,977 | INFO | [t=310] VLA chunk prompt=Place the tomato sauce in cabinet2.
2026-09-27 12:46:57,369 | INFO | [t=320] VLA chunk prompt=Place the tomato sauce in cabinet2.
2026-09-27 12:46:57,760 | INFO | [t=330] VLA chunk prompt=Place the tomato sauce in cabinet2.
2026-09-27 12:46:58,161 | INFO | [t=340] VLA chunk prompt=Place the tomato sauce in cabinet2.
2026-09-27 12:46:58,563 | INFO | [t=350] VLA chunk prompt=Place the tomato sauce in cabinet2.
2026-09-27 12:46:58,956 | INFO | [t=360] VLA chunk prompt=Place the tomato sauce in cabinet2.
2026-09-27 12:46:59,368 | INFO | [t=370] VLA chunk prompt=Place the tomato sauce in cabinet2.
2026-09-27 12:46:59,756 | INFO | [t=380] VLA chunk prompt=Place the tomato sauce in cabinet2.
2026-09-27 12:47:00,144 | INFO | [t=390] VLA chunk prompt=Place the tomato sauce in cabinet2.
2026-09-27 12:47:00,534 | INFO | [t=400] VLA chunk prompt=Place the tomato sauce in cabinet2.
2026-09-27 12:47:00,935 | INFO | [t=410] VLA chunk prompt=Place the tomato sauce in cabinet2.
2026-09-27 12:47:01,256 | INFO | API VLM @t=275 task=19 subtask=Place the tomato sauce into cabinet2. keyframes=[]
2026-09-27 12:47:01,259 | INFO | [redact] enabled task=19 registered_phrases=0 terms=[]
2026-09-27 12:47:01,266 | INFO | [t=420] VLM prompt update from step=275: Place the tomato sauce into cabinet2.
2026-09-27 12:47:01,320 | INFO | [t=420] VLA chunk prompt=Place the tomato sauce into cabinet2.
2026-09-27 12:47:01,707 | INFO | [t=430] VLA chunk prompt=Place the tomato sauce into cabinet2.
2026-09-27 12:47:02,088 | INFO | [t=440] VLA chunk prompt=Place the tomato sauce into cabinet2.
2026-09-27 12:47:02,472 | INFO | [t=450] VLA chunk prompt=Place the tomato sauce into cabinet2.
2026-09-27 12:47:02,855 | INFO | [t=460] VLA chunk prompt=Place the tomato sauce into cabinet2.
2026-09-27 12:47:03,248 | INFO | [t=470] VLA chunk prompt=Place the tomato sauce into cabinet2.
2026-09-27 12:47:03,631 | INFO | [t=480] VLA chunk prompt=Place the tomato sauce into cabinet2.
2026-09-27 12:47:04,027 | INFO | [t=490] VLA chunk prompt=Place the tomato sauce into cabinet2.
2026-09-27 12:47:04,426 | INFO | [t=500] VLA chunk prompt=Place the tomato sauce into cabinet2.
2026-09-27 12:47:04,820 | INFO | [t=510] VLA chunk prompt=Place the tomato sauce into cabinet2.
2026-09-27 12:47:05,202 | INFO | [t=520] VLA chunk prompt=Place the tomato sauce into cabinet2.
2026-09-27 12:47:05,581 | INFO | [t=530] VLA chunk prompt=Place the tomato sauce into cabinet2.
2026-09-27 12:47:05,968 | INFO | [t=540] VLA chunk prompt=Place the tomato sauce into cabinet2.
2026-09-27 12:47:06,152 | INFO | API VLM @t=405 task=19 subtask=Place the tomato sauce into the open container. keyframes=[]
2026-09-27 12:47:06,155 | INFO | [redact] enabled task=19 registered_phrases=0 terms=[]
2026-09-27 12:47:06,304 | INFO | [t=550] VLM prompt update from step=405: Place the tomato sauce into the open container.
2026-09-27 12:47:06,358 | INFO | [t=550] VLA chunk prompt=Place the tomato sauce into the open container.
2026-09-27 12:47:06,759 | INFO | [t=560] VLA chunk prompt=Place the tomato sauce into the open container.
2026-09-27 12:47:07,143 | INFO | [t=570] VLA chunk prompt=Place the tomato sauce into the open container.
2026-09-27 12:47:07,527 | INFO | [t=580] VLA chunk prompt=Place the tomato sauce into the open container.
2026-09-27 12:47:07,918 | INFO | [t=590] VLA chunk prompt=Place the tomato sauce into the open container.
2026-09-27 12:47:08,311 | INFO | [t=600] VLA chunk prompt=Place the tomato sauce into the open container.
2026-09-27 12:47:08,712 | INFO | [t=610] VLA chunk prompt=Place the tomato sauce into the open container.
2026-09-27 12:47:09,117 | INFO | [t=620] VLA chunk prompt=Place the tomato sauce into the open container.
2026-09-27 12:47:09,514 | INFO | [t=630] VLA chunk prompt=Place the tomato sauce into the open container.
2026-09-27 12:47:09,909 | INFO | [t=640] VLA chunk prompt=Place the tomato sauce into the open container.
2026-09-27 12:47:10,304 | INFO | [t=650] VLA chunk prompt=Place the tomato sauce into the open container.
2026-09-27 12:47:10,691 | INFO | API VLM @t=535 task=19 subtask=Place the tomato sauce into the open container. keyframes=[]
2026-09-27 12:47:10,692 | INFO | [t=660] VLA chunk prompt=Place the tomato sauce into the open container.
2026-09-27 12:47:10,694 | INFO | [redact] enabled task=19 registered_phrases=0 terms=[]
2026-09-27 12:47:11,081 | INFO | [t=670] VLA chunk prompt=Place the tomato sauce into the open container.
2026-09-27 12:47:11,470 | INFO | [t=680] VLA chunk prompt=Place the tomato sauce into the open container.
2026-09-27 12:47:11,861 | INFO | [t=690] VLA chunk prompt=Place the tomato sauce into the open container.
2026-09-27 12:47:12,246 | INFO | [t=700] VLA chunk prompt=Place the tomato sauce into the open container.
2026-09-27 12:47:12,617 | INFO | [t=710] VLA chunk prompt=Place the tomato sauce into the open container.
2026-09-27 12:47:12,994 | INFO | [t=720] VLA chunk prompt=Place the tomato sauce into the open container.
2026-09-27 12:47:13,369 | INFO | [t=730] VLA chunk prompt=Place the tomato sauce into the open container.
2026-09-27 12:47:13,760 | INFO | [t=740] VLA chunk prompt=Place the tomato sauce into the open container.
2026-09-27 12:47:14,156 | INFO | [t=750] VLA chunk prompt=Place the tomato sauce into the open container.
2026-09-27 12:47:14,545 | INFO | [t=760] VLA chunk prompt=Place the tomato sauce into the open container.
2026-09-27 12:47:14,936 | INFO | [t=770] VLA chunk prompt=Place the tomato sauce into the open container.
2026-09-27 12:47:15,331 | INFO | [t=780] VLA chunk prompt=Place the tomato sauce into the open container.
2026-09-27 12:47:15,726 | INFO | [t=790] VLA chunk prompt=Place the tomato sauce into the open container.
2026-09-27 12:47:16,118 | INFO | API VLM @t=650 task=19 subtask=Place the tomato sauce into the open container. keyframes=[]
2026-09-27 12:47:16,121 | INFO | [redact] enabled task=19 registered_phrases=0 terms=[]
2026-09-27 12:47:16,124 | INFO | [t=800] VLA chunk prompt=Place the tomato sauce into the open container.
2026-09-27 12:47:16,527 | INFO | [t=810] VLA chunk prompt=Place the tomato sauce into the open container.
2026-09-27 12:47:16,922 | INFO | [t=820] VLA chunk prompt=Place the tomato sauce into the open container.
2026-09-27 12:47:17,315 | INFO | [t=830] VLA chunk prompt=Place the tomato sauce into the open container.
2026-09-27 12:47:17,704 | INFO | [t=840] VLA chunk prompt=Place the tomato sauce into the open container.
2026-09-27 12:47:18,100 | INFO | [t=850] VLA chunk prompt=Place the tomato sauce into the open container.
2026-09-27 12:47:18,502 | INFO | [t=860] VLA chunk prompt=Place the tomato sauce into the open container.
2026-09-27 12:47:18,909 | INFO | [t=870] VLA chunk prompt=Place the tomato sauce into the open container.
2026-09-27 12:47:19,319 | INFO | [t=880] VLA chunk prompt=Place the tomato sauce into the open container.
2026-09-27 12:47:19,729 | INFO | [t=890] VLA chunk prompt=Place the tomato sauce into the open container.
2026-09-27 12:47:20,136 | INFO | [t=900] VLA chunk prompt=Place the tomato sauce into the open container.
2026-09-27 12:47:20,548 | INFO | [t=910] VLA chunk prompt=Place the tomato sauce into the open container.
2026-09-27 12:47:20,965 | INFO | [t=920] VLA chunk prompt=Place the tomato sauce into the open container.
2026-09-27 12:47:21,384 | INFO | [t=930] VLA chunk prompt=Place the tomato sauce into the open container.
2026-09-27 12:47:21,795 | INFO | [t=940] VLA chunk prompt=Place the tomato sauce into the open container.
2026-09-27 12:47:21,960 | INFO | API VLM @t=790 task=19 subtask=Place the tomato sauce into the open container. keyframes=[]
2026-09-27 12:47:21,962 | INFO | [redact] enabled task=19 registered_phrases=0 terms=[]
2026-09-27 12:47:22,213 | INFO | [t=950] VLA chunk prompt=Place the tomato sauce into the open container.
2026-09-27 12:47:22,622 | INFO | [t=960] VLA chunk prompt=Place the tomato sauce into the open container.
2026-09-27 12:47:23,035 | INFO | [t=970] VLA chunk prompt=Place the tomato sauce into the open container.
2026-09-27 12:47:23,449 | INFO | [t=980] VLA chunk prompt=Place the tomato sauce into the open container.
2026-09-27 12:47:23,864 | INFO | [t=990] VLA chunk prompt=Place the tomato sauce into the open container.
2026-09-27 12:47:24,279 | INFO | [t=1000] VLA chunk prompt=Place the tomato sauce into the open container.
2026-09-27 12:47:24,694 | INFO | [t=1010] VLA chunk prompt=Place the tomato sauce into the open container.
2026-09-27 12:47:25,107 | INFO | [t=1020] VLA chunk prompt=Place the tomato sauce into the open container.
2026-09-27 12:47:25,520 | INFO | [t=1030] VLA chunk prompt=Place the tomato sauce into the open container.
2026-09-27 12:47:25,926 | INFO | [t=1040] VLA chunk prompt=Place the tomato sauce into the open container.
2026-09-27 12:47:26,335 | INFO | [t=1050] VLA chunk prompt=Place the tomato sauce into the open container.
2026-09-27 12:47:26,746 | INFO | API VLM @t=930 task=19 subtask=Place the tomato sauce into the open container. keyframes=[]
2026-09-27 12:47:26,747 | INFO | [t=1060] VLA chunk prompt=Place the tomato sauce into the open container.
2026-09-27 12:47:26,749 | INFO | [redact] enabled task=19 registered_phrases=0 terms=[]
2026-09-27 12:47:27,160 | INFO | [t=1070] VLA chunk prompt=Place the tomato sauce into the open container.
2026-09-27 12:47:27,565 | INFO | [t=1080] VLA chunk prompt=Place the tomato sauce into the open container.
2026-09-27 12:47:27,979 | INFO | [t=1090] VLA chunk prompt=Place the tomato sauce into the open container.
2026-09-27 12:47:28,393 | INFO | [t=1100] VLA chunk prompt=Place the tomato sauce into the open container.
2026-09-27 12:47:28,793 | INFO | [t=1110] VLA chunk prompt=Place the tomato sauce into the open container.
2026-09-27 12:47:29,190 | INFO | [t=1120] VLA chunk prompt=Place the tomato sauce into the open container.
2026-09-27 12:47:29,600 | INFO | [t=1130] VLA chunk prompt=Place the tomato sauce into the open container.
2026-09-27 12:47:30,011 | INFO | [t=1140] VLA chunk prompt=Place the tomato sauce into the open container.
2026-09-27 12:47:30,412 | INFO | [t=1150] VLA chunk prompt=Place the tomato sauce into the open container.
2026-09-27 12:47:30,820 | INFO | [t=1160] VLA chunk prompt=Place the tomato sauce into the open container.
2026-09-27 12:47:31,217 | INFO | [t=1170] VLA chunk prompt=Place the tomato sauce into the open container.
2026-09-27 12:47:31,579 | INFO | API VLM @t=1050 task=19 subtask=Place the tomato sauce into the open container. keyframes=[]
2026-09-27 12:47:31,581 | INFO | [redact] enabled task=19 registered_phrases=0 terms=[]
2026-09-27 12:47:31,614 | INFO | [t=1180] VLA chunk prompt=Place the tomato sauce into the open container.
2026-09-27 12:47:32,013 | INFO | [t=1190] VLA chunk prompt=Place the tomato sauce into the open container.
2026-09-27 12:47:32,416 | INFO | [t=1200] VLA chunk prompt=Place the tomato sauce into the open container.
2026-09-27 12:47:32,816 | INFO | [t=1210] VLA chunk prompt=Place the tomato sauce into the open container.
2026-09-27 12:47:33,220 | INFO | [t=1220] VLA chunk prompt=Place the tomato sauce into the open container.
2026-09-27 12:47:33,613 | INFO | [t=1230] VLA chunk prompt=Place the tomato sauce into the open container.
2026-09-27 12:47:34,009 | INFO | [t=1240] VLA chunk prompt=Place the tomato sauce into the open container.
2026-09-27 12:47:34,405 | INFO | [t=1250] VLA chunk prompt=Place the tomato sauce into the open container.
2026-09-27 12:47:34,806 | INFO | [t=1260] VLA chunk prompt=Place the tomato sauce into the open container.
2026-09-27 12:47:35,205 | INFO | [t=1270] VLA chunk prompt=Place the tomato sauce into the open container.
2026-09-27 12:47:35,595 | INFO | [t=1280] VLA chunk prompt=Place the tomato sauce into the open container.
2026-09-27 12:47:35,987 | INFO | [t=1290] VLA chunk prompt=Place the tomato sauce into the open container.
2026-09-27 12:47:36,378 | INFO | [t=1300] VLA chunk prompt=Place the tomato sauce into the open container.
2026-09-27 12:47:36,772 | INFO | [t=1310] VLA chunk prompt=Place the tomato sauce into the open container.
2026-09-27 12:47:37,148 | INFO | [t=1320] VLA chunk prompt=Place the tomato sauce into the open container.
2026-09-27 12:47:37,531 | INFO | [t=1330] VLA chunk prompt=Place the tomato sauce into the open container.
2026-09-27 12:47:37,916 | INFO | [t=1340] VLA chunk prompt=Place the tomato sauce into the open container.
2026-09-27 12:47:37,943 | INFO | API VLM @t=1170 task=19 subtask=Place the tomato sauce into the open container. keyframes=[]
2026-09-27 12:47:37,946 | INFO | [redact] enabled task=19 registered_phrases=0 terms=[]
2026-09-27 12:47:38,317 | INFO | [t=1350] VLA chunk prompt=Place the tomato sauce into the open container.
2026-09-27 12:47:38,702 | INFO | [t=1360] VLA chunk prompt=Place the tomato sauce into the open container.
2026-09-27 12:47:39,088 | INFO | [t=1370] VLA chunk prompt=Place the tomato sauce into the open container.
2026-09-27 12:47:39,472 | INFO | [t=1380] VLA chunk prompt=Place the tomato sauce into the open container.
2026-09-27 12:47:39,850 | INFO | [t=1390] VLA chunk prompt=Place the tomato sauce into the open container.
2026-09-27 12:47:40,234 | INFO | [t=1400] VLA chunk prompt=Place the tomato sauce into the open container.
2026-09-27 12:47:40,618 | INFO | [t=1410] VLA chunk prompt=Place the tomato sauce into the open container.
2026-09-27 12:47:41,001 | INFO | [t=1420] VLA chunk prompt=Place the tomato sauce into the open container.
2026-09-27 12:47:41,372 | INFO | [t=1430] VLA chunk prompt=Place the tomato sauce into the open container.
2026-09-27 12:47:41,746 | INFO | [t=1440] VLA chunk prompt=Place the tomato sauce into the open container.
2026-09-27 12:47:42,122 | INFO | [t=1450] VLA chunk prompt=Place the tomato sauce into the open container.
2026-09-27 12:47:42,504 | INFO | [t=1460] VLA chunk prompt=Place the tomato sauce into the open container.
2026-09-27 12:47:42,892 | INFO | [t=1470] VLA chunk prompt=Place the tomato sauce into the open container.
2026-09-27 12:47:43,275 | INFO | [t=1480] VLA chunk prompt=Place the tomato sauce into the open container.
2026-09-27 12:47:43,377 | INFO | API VLM @t=1330 task=19 subtask=Place the tomato sauce into the open drawer. keyframes=[]
2026-09-27 12:47:43,380 | INFO | [redact] enabled task=19 registered_phrases=0 terms=[]
2026-09-27 12:47:43,611 | INFO | [t=1490] VLM prompt update from step=1330: Place the tomato sauce into the open drawer.
2026-09-27 12:47:43,665 | INFO | [t=1490] VLA chunk prompt=Place the tomato sauce into the open drawer.
2026-09-27 12:47:44,055 | INFO | [t=1500] VLA chunk prompt=Place the tomato sauce into the open drawer.
2026-09-27 12:47:44,446 | INFO | [t=1510] VLA chunk prompt=Place the tomato sauce into the open drawer.
2026-09-27 12:47:44,840 | INFO | [t=1520] VLA chunk prompt=Place the tomato sauce into the open drawer.
2026-09-27 12:47:45,236 | INFO | [t=1530] VLA chunk prompt=Place the tomato sauce into the open drawer.
2026-09-27 12:47:45,648 | INFO | [t=1540] VLA chunk prompt=Place the tomato sauce into the open drawer.
2026-09-27 12:47:46,060 | INFO | [t=1550] VLA chunk prompt=Place the tomato sauce into the open drawer.
2026-09-27 12:47:46,473 | INFO | [t=1560] VLA chunk prompt=Place the tomato sauce into the open drawer.
2026-09-27 12:47:46,896 | INFO | [t=1570] VLA chunk prompt=Place the tomato sauce into the open drawer.
2026-09-27 12:47:47,311 | INFO | [t=1580] VLA chunk prompt=Place the tomato sauce into the open drawer.
2026-09-27 12:47:47,726 | INFO | [t=1590] VLA chunk prompt=Place the tomato sauce into the open drawer.
2026-09-27 12:47:48,127 | INFO | [t=1600] VLA chunk prompt=Place the tomato sauce into the open drawer.
2026-09-27 12:47:48,533 | INFO | [t=1610] VLA chunk prompt=Place the tomato sauce into the open drawer.
2026-09-27 12:47:48,943 | INFO | [t=1620] VLA chunk prompt=Place the tomato sauce into the open drawer.
2026-09-27 12:47:49,341 | INFO | [t=1630] VLA chunk prompt=Place the tomato sauce into the open drawer.
2026-09-27 12:47:49,745 | INFO | [t=1640] VLA chunk prompt=Place the tomato sauce into the open drawer.
2026-09-27 12:47:50,146 | INFO | [t=1650] VLA chunk prompt=Place the tomato sauce into the open drawer.
2026-09-27 12:47:50,235 | INFO | API VLM @t=1470 task=19 subtask=Place the tomato sauce into the open container. keyframes=[]
2026-09-27 12:47:50,237 | INFO | [redact] enabled task=19 registered_phrases=0 terms=[]
2026-09-27 12:47:50,500 | INFO | [t=1660] VLM prompt update from step=1470: Place the tomato sauce into the open container.
2026-09-27 12:47:50,553 | INFO | [t=1660] VLA chunk prompt=Place the tomato sauce into the open container.
2026-09-27 12:47:50,959 | INFO | [t=1670] VLA chunk prompt=Place the tomato sauce into the open container.
2026-09-27 12:47:51,350 | INFO | [t=1680] VLA chunk prompt=Place the tomato sauce into the open container.
2026-09-27 12:47:51,735 | INFO | [t=1690] VLA chunk prompt=Place the tomato sauce into the open container.
2026-09-27 12:47:52,133 | INFO | [t=1700] VLA chunk prompt=Place the tomato sauce into the open container.
2026-09-27 12:47:52,530 | INFO | [t=1710] VLA chunk prompt=Place the tomato sauce into the open container.
2026-09-27 12:47:52,936 | INFO | [t=1720] VLA chunk prompt=Place the tomato sauce into the open container.
2026-09-27 12:47:53,349 | INFO | [t=1730] VLA chunk prompt=Place the tomato sauce into the open container.
2026-09-27 12:47:53,744 | INFO | [t=1740] VLA chunk prompt=Place the tomato sauce into the open container.
2026-09-27 12:47:54,149 | INFO | [t=1750] VLA chunk prompt=Place the tomato sauce into the open container.
2026-09-27 12:47:54,551 | INFO | [t=1760] VLA chunk prompt=Place the tomato sauce into the open container.
2026-09-27 12:47:54,955 | INFO | [t=1770] VLA chunk prompt=Place the tomato sauce into the open container.
2026-09-27 12:47:55,371 | INFO | [t=1780] VLA chunk prompt=Place the tomato sauce into the open container.
2026-09-27 12:47:55,789 | INFO | [t=1790] VLA chunk prompt=Place the tomato sauce into the open container.
2026-09-27 12:47:56,199 | INFO | API VLM @t=1640 task=19 subtask=Place the tomato sauce into the open container. keyframes=[]
2026-09-27 12:47:56,201 | INFO | [redact] enabled task=19 registered_phrases=0 terms=[]
2026-09-27 12:47:56,204 | INFO | [t=1800] VLA chunk prompt=Place the tomato sauce into the open container.
2026-09-27 12:47:56,609 | INFO | [t=1810] VLA chunk prompt=Place the tomato sauce into the open container.
2026-09-27 12:47:57,004 | INFO | [t=1820] VLA chunk prompt=Place the tomato sauce into the open container.
2026-09-27 12:47:57,399 | INFO | [t=1830] VLA chunk prompt=Place the tomato sauce into the open container.
2026-09-27 12:47:57,795 | INFO | [t=1840] VLA chunk prompt=Place the tomato sauce into the open container.
2026-09-27 12:47:58,189 | INFO | [t=1850] VLA chunk prompt=Place the tomato sauce into the open container.
2026-09-27 12:47:58,586 | INFO | [t=1860] VLA chunk prompt=Place the tomato sauce into the open container.
2026-09-27 12:47:58,987 | INFO | [t=1870] VLA chunk prompt=Place the tomato sauce into the open container.
2026-09-27 12:47:59,384 | INFO | [t=1880] VLA chunk prompt=Place the tomato sauce into the open container.
2026-09-27 12:47:59,780 | INFO | [t=1890] VLA chunk prompt=Place the tomato sauce into the open container.
2026-09-27 12:48:00,175 | INFO | [t=1900] VLA chunk prompt=Place the tomato sauce into the open container.
2026-09-27 12:48:00,573 | INFO | [t=1910] VLA chunk prompt=Place the tomato sauce into the open container.
2026-09-27 12:48:00,949 | INFO | [t=1920] VLA chunk prompt=Place the tomato sauce into the open container.
2026-09-27 12:48:01,326 | INFO | API VLM @t=1790 task=19 subtask=Place the object into the open container. keyframes=[]
2026-09-27 12:48:01,327 | INFO | [t=1930] VLA chunk prompt=Place the tomato sauce into the open container.
2026-09-27 12:48:01,329 | INFO | [redact] enabled task=19 registered_phrases=0 terms=[]
2026-09-27 12:48:01,643 | INFO | [t=1940] VLM prompt update from step=1790: Place the object into the open container.
2026-09-27 12:48:01,696 | INFO | [t=1940] VLA chunk prompt=Place the object into the open container.
2026-09-27 12:48:02,059 | INFO | [t=1950] VLA chunk prompt=Place the object into the open container.
2026-09-27 12:48:02,430 | INFO | [t=1960] VLA chunk prompt=Place the object into the open container.
2026-09-27 12:48:02,793 | INFO | [t=1970] VLA chunk prompt=Place the object into the open container.
2026-09-27 12:48:03,167 | INFO | [t=1980] VLA chunk prompt=Place the object into the open container.
2026-09-27 12:48:03,539 | INFO | [t=1990] VLA chunk prompt=Place the object into the open container.
2026-09-27 12:48:03,903 | INFO | [t=2000] VLA chunk prompt=Place the object into the open container.
2026-09-27 12:48:04,298 | INFO | [t=2010] VLA chunk prompt=Place the object into the open container.
2026-09-27 12:48:04,685 | INFO | [t=2020] VLA chunk prompt=Place the object into the open container.
2026-09-27 12:48:05,072 | INFO | [t=2030] VLA chunk prompt=Place the object into the open container.
2026-09-27 12:48:05,456 | INFO | [t=2040] VLA chunk prompt=Place the object into the open container.
2026-09-27 12:48:05,842 | INFO | [t=2050] VLA chunk prompt=Place the object into the open container.
2026-09-27 12:48:06,231 | INFO | [t=2060] VLA chunk prompt=Place the object into the open container.
2026-09-27 12:48:06,621 | INFO | [t=2070] VLA chunk prompt=Place the object into the open container.
2026-09-27 12:48:07,018 | INFO | [t=2080] VLA chunk prompt=Place the object into the open container.
2026-09-27 12:48:07,416 | INFO | [t=2090] VLA chunk prompt=Place the object into the open container.
2026-09-27 12:48:07,811 | INFO | [t=2100] VLA chunk prompt=Place the object into the open container.
2026-09-27 12:48:08,207 | INFO | [t=2110] VLA chunk prompt=Place the object into the open container.
2026-09-27 12:48:08,595 | INFO | [t=2120] VLA chunk prompt=Place the object into the open container.
2026-09-27 12:48:08,975 | INFO | [t=2130] VLA chunk prompt=Place the object into the open container.
2026-09-27 12:48:09,088 | INFO | API VLM @t=1920 task=19 subtask=Place the tomato sauce into the open container. keyframes=[]
2026-09-27 12:48:09,091 | INFO | [redact] enabled task=19 registered_phrases=0 terms=[]
2026-09-27 12:48:09,313 | INFO | [t=2140] VLM prompt update from step=1920: Place the tomato sauce into the open container.
2026-09-27 12:48:09,368 | INFO | [t=2140] VLA chunk prompt=Place the tomato sauce into the open container.
2026-09-27 12:48:09,756 | INFO | [t=2150] VLA chunk prompt=Place the tomato sauce into the open container.
2026-09-27 12:48:10,138 | INFO | [t=2160] VLA chunk prompt=Place the tomato sauce into the open container.
2026-09-27 12:48:10,524 | INFO | [t=2170] VLA chunk prompt=Place the tomato sauce into the open container.
2026-09-27 12:48:10,909 | INFO | [t=2180] VLA chunk prompt=Place the tomato sauce into the open container.
2026-09-27 12:48:11,289 | INFO | [t=2190] VLA chunk prompt=Place the tomato sauce into the open container.
2026-09-27 12:48:11,663 | INFO | [t=2200] VLA chunk prompt=Place the tomato sauce into the open container.
2026-09-27 12:48:12,042 | INFO | [t=2210] VLA chunk prompt=Place the tomato sauce into the open container.
2026-09-27 12:48:12,427 | INFO | [t=2220] VLA chunk prompt=Place the tomato sauce into the open container.
2026-09-27 12:48:12,803 | INFO | [t=2230] VLA chunk prompt=Place the tomato sauce into the open container.
2026-09-27 12:48:13,184 | INFO | [t=2240] VLA chunk prompt=Place the tomato sauce into the open container.
2026-09-27 12:48:13,561 | INFO | [t=2250] VLA chunk prompt=Place the tomato sauce into the open container.
2026-09-27 12:48:13,943 | INFO | [t=2260] VLA chunk prompt=Place the tomato sauce into the open container.
2026-09-27 12:48:14,320 | INFO | [t=2270] VLA chunk prompt=Place the tomato sauce into the open container.
2026-09-27 12:48:14,698 | INFO | [t=2280] VLA chunk prompt=Place the tomato sauce into the open container.
2026-09-27 12:48:15,081 | INFO | [t=2290] VLA chunk prompt=Place the tomato sauce into the open container.
2026-09-27 12:48:15,466 | INFO | [t=2300] VLA chunk prompt=Place the tomato sauce into the open container.
2026-09-27 12:48:15,848 | INFO | [t=2310] VLA chunk prompt=Place the tomato sauce into the open container.
2026-09-27 12:48:15,934 | INFO | API VLM @t=2120 task=19 subtask=Place the tomato sauce into the open container. keyframes=[]
2026-09-27 12:48:15,936 | INFO | [redact] enabled task=19 registered_phrases=0 terms=[]
2026-09-27 12:48:16,239 | INFO | [t=2320] VLA chunk prompt=Place the tomato sauce into the open container.
2026-09-27 12:48:16,628 | INFO | [t=2330] VLA chunk prompt=Place the tomato sauce into the open container.
2026-09-27 12:48:17,019 | INFO | [t=2340] VLA chunk prompt=Place the tomato sauce into the open container.
2026-09-27 12:48:17,412 | INFO | [t=2350] VLA chunk prompt=Place the tomato sauce into the open container.
2026-09-27 12:48:17,811 | INFO | [t=2360] VLA chunk prompt=Place the tomato sauce into the open container.
2026-09-27 12:48:18,208 | INFO | [t=2370] VLA chunk prompt=Place the tomato sauce into the open container.
2026-09-27 12:48:18,608 | INFO | [t=2380] VLA chunk prompt=Place the tomato sauce into the open container.
2026-09-27 12:48:19,003 | INFO | [t=2390] VLA chunk prompt=Place the tomato sauce into the open container.
2026-09-27 12:48:19,398 | INFO | [t=2400] VLA chunk prompt=Place the tomato sauce into the open container.
2026-09-27 12:48:19,793 | INFO | [t=2410] VLA chunk prompt=Place the tomato sauce into the open container.
2026-09-27 12:48:20,186 | INFO | [t=2420] VLA chunk prompt=Place the tomato sauce into the open container.
2026-09-27 12:48:20,580 | INFO | [t=2430] VLA chunk prompt=Place the tomato sauce into the open container.
2026-09-27 12:48:20,968 | INFO | [t=2440] VLA chunk prompt=Place the tomato sauce into the open container.
2026-09-27 12:48:21,335 | INFO | API VLM @t=2300 task=19 subtask=Place the tomato sauce into the open container. keyframes=[]
2026-09-27 12:48:21,338 | INFO | [redact] enabled task=19 registered_phrases=0 terms=[]
2026-09-27 12:48:21,361 | INFO | [t=2450] VLA chunk prompt=Place the tomato sauce into the open container.
2026-09-27 12:48:21,754 | INFO | [t=2460] VLA chunk prompt=Place the tomato sauce into the open container.
2026-09-27 12:48:22,144 | INFO | [t=2470] VLA chunk prompt=Place the tomato sauce into the open container.
2026-09-27 12:48:22,529 | INFO | [t=2480] VLA chunk prompt=Place the tomato sauce into the open container.
2026-09-27 12:48:22,911 | INFO | [t=2490] VLA chunk prompt=Place the tomato sauce into the open container.
2026-09-27 12:48:23,296 | INFO | [t=2500] VLA chunk prompt=Place the tomato sauce into the open container.
2026-09-27 12:48:26,479 | INFO | API VLM @t=2440 task=19 subtask=Place the tomato sauce into the open container. keyframes=[]
2026-09-27 12:48:26,509 | INFO | attempt=0 stage_score=0.0 stage_success=False failure_reason=incomplete_stage
2026-09-27 12:48:26,509 | INFO | Episode 3 seed=103 stage_score=0.0 stage_success=0 goal=0.000 failure_reason=incomplete_stage | 01_Place_Tomato_Sauce_Cabinet2=N | 02_Place_Milk_Cabinet2=N | 03_Place_Orange_Juice_Cabinet2=N
