2026-09-27 12:48:28,881 | INFO | task_id=19 bddl=/project/peilab/why/RoboMemArena/bddl/19_tomato_milk_orange_cabinet.bddl vlm_ckpt=/project/peilab/why/RoboMemArena/checkpoints/PrediMem/vlm_tasks1to26_ckpt74500
2026-09-27 12:48:28,892 | INFO | [redact] enabled task=19 registered_phrases=0 terms=[]
2026-09-27 12:48:31,417 | INFO | async VLM enabled: single-slot subtask buffer
2026-09-27 12:48:31,647 | INFO | [redact] enabled task=19 registered_phrases=0 terms=[]
2026-09-27 12:48:31,701 | INFO | [t=10] VLA chunk prompt=Pick and place tomato sauce, milk, and orange juice from cabinet1 to cabinet2.
2026-09-27 12:48:32,024 | INFO | [t=20] VLA chunk prompt=Pick and place tomato sauce, milk, and orange juice from cabinet1 to cabinet2.
2026-09-27 12:48:32,343 | INFO | [t=30] VLA chunk prompt=Pick and place tomato sauce, milk, and orange juice from cabinet1 to cabinet2.
2026-09-27 12:48:32,659 | INFO | [t=40] VLA chunk prompt=Pick and place tomato sauce, milk, and orange juice from cabinet1 to cabinet2.
2026-09-27 12:48:32,977 | INFO | [t=50] VLA chunk prompt=Pick and place tomato sauce, milk, and orange juice from cabinet1 to cabinet2.
2026-09-27 12:48:33,281 | INFO | [t=60] VLA chunk prompt=Pick and place tomato sauce, milk, and orange juice from cabinet1 to cabinet2.
2026-09-27 12:48:33,587 | INFO | [t=70] VLA chunk prompt=Pick and place tomato sauce, milk, and orange juice from cabinet1 to cabinet2.
2026-09-27 12:48:33,892 | INFO | [t=80] VLA chunk prompt=Pick and place tomato sauce, milk, and orange juice from cabinet1 to cabinet2.
2026-09-27 12:48:34,207 | INFO | [t=90] VLA chunk prompt=Pick and place tomato sauce, milk, and orange juice from cabinet1 to cabinet2.
2026-09-27 12:48:34,534 | INFO | [t=100] VLA chunk prompt=Pick and place tomato sauce, milk, and orange juice from cabinet1 to cabinet2.
2026-09-27 12:48:34,861 | INFO | [t=110] VLA chunk prompt=Pick and place tomato sauce, milk, and orange juice from cabinet1 to cabinet2.
2026-09-27 12:48:35,218 | INFO | [t=120] VLA chunk prompt=Pick and place tomato sauce, milk, and orange juice from cabinet1 to cabinet2.
2026-09-27 12:48:35,580 | INFO | [t=130] VLA chunk prompt=Pick and place tomato sauce, milk, and orange juice from cabinet1 to cabinet2.
2026-09-27 12:48:35,946 | INFO | [t=140] VLA chunk prompt=Pick and place tomato sauce, milk, and orange juice from cabinet1 to cabinet2.
2026-09-27 12:48:36,314 | INFO | [t=150] VLA chunk prompt=Pick and place tomato sauce, milk, and orange juice from cabinet1 to cabinet2.
2026-09-27 12:48:36,691 | INFO | [t=160] VLA chunk prompt=Pick and place tomato sauce, milk, and orange juice from cabinet1 to cabinet2.
2026-09-27 12:48:37,068 | INFO | [t=170] VLA chunk prompt=Pick and place tomato sauce, milk, and orange juice from cabinet1 to cabinet2.
2026-09-27 12:48:37,450 | INFO | [t=180] VLA chunk prompt=Pick and place tomato sauce, milk, and orange juice from cabinet1 to cabinet2.
2026-09-27 12:48:37,835 | INFO | [t=190] VLA chunk prompt=Pick and place tomato sauce, milk, and orange juice from cabinet1 to cabinet2.
2026-09-27 12:48:38,241 | INFO | [t=200] VLA chunk prompt=Pick and place tomato sauce, milk, and orange juice from cabinet1 to cabinet2.
2026-09-27 12:48:38,649 | INFO | [t=210] VLA chunk prompt=Pick and place tomato sauce, milk, and orange juice from cabinet1 to cabinet2.
2026-09-27 12:48:39,059 | INFO | [t=220] VLA chunk prompt=Pick and place tomato sauce, milk, and orange juice from cabinet1 to cabinet2.
2026-09-27 12:48:39,459 | INFO | [t=230] VLA chunk prompt=Pick and place tomato sauce, milk, and orange juice from cabinet1 to cabinet2.
2026-09-27 12:48:39,684 | INFO | API VLM @t=0 task=19 subtask=Reach toward and grasp the tomato sauce in cabinet1 keyframes=[]
2026-09-27 12:48:39,686 | INFO | [redact] enabled task=19 registered_phrases=0 terms=[]
2026-09-27 12:48:39,817 | INFO | [t=240] VLM prompt update from step=0: Reach toward and grasp the tomato sauce in cabinet1
2026-09-27 12:48:39,871 | INFO | [t=240] VLA chunk prompt=Reach toward and grasp the tomato sauce in cabinet1
2026-09-27 12:48:40,277 | INFO | [t=250] VLA chunk prompt=Reach toward and grasp the tomato sauce in cabinet1
2026-09-27 12:48:40,688 | INFO | [t=260] VLA chunk prompt=Reach toward and grasp the tomato sauce in cabinet1
2026-09-27 12:48:41,084 | INFO | [t=270] VLA chunk prompt=Reach toward and grasp the tomato sauce in cabinet1
2026-09-27 12:48:41,480 | INFO | [t=280] VLA chunk prompt=Reach toward and grasp the tomato sauce in cabinet1
2026-09-27 12:48:41,549 | INFO | [t=282] stage done: 01_Place_Tomato_Sauce_Cabinet2
2026-09-27 12:48:41,883 | INFO | [t=290] VLA chunk prompt=Reach toward and grasp the tomato sauce in cabinet1
2026-09-27 12:48:42,302 | INFO | [t=300] VLA chunk prompt=Reach toward and grasp the tomato sauce in cabinet1
2026-09-27 12:48:42,716 | INFO | [t=310] VLA chunk prompt=Reach toward and grasp the tomato sauce in cabinet1
2026-09-27 12:48:43,135 | INFO | [t=320] VLA chunk prompt=Reach toward and grasp the tomato sauce in cabinet1
2026-09-27 12:48:43,549 | INFO | [t=330] VLA chunk prompt=Reach toward and grasp the tomato sauce in cabinet1
2026-09-27 12:48:43,964 | INFO | [t=340] VLA chunk prompt=Reach toward and grasp the tomato sauce in cabinet1
2026-09-27 12:48:44,388 | INFO | [t=350] VLA chunk prompt=Reach toward and grasp the tomato sauce in cabinet1
2026-09-27 12:48:44,445 | INFO | API VLM @t=225 task=19 subtask=Place the tomato sauce in cabinet2. keyframes=[]
2026-09-27 12:48:44,448 | INFO | [redact] enabled task=19 registered_phrases=0 terms=[]
2026-09-27 12:48:44,769 | INFO | [t=360] VLM prompt update from step=225: Place the tomato sauce in cabinet2.
2026-09-27 12:48:44,822 | INFO | [t=360] VLA chunk prompt=Place the tomato sauce in cabinet2.
2026-09-27 12:48:45,245 | INFO | [t=370] VLA chunk prompt=Place the tomato sauce in cabinet2.
2026-09-27 12:48:45,667 | INFO | [t=380] VLA chunk prompt=Place the tomato sauce in cabinet2.
2026-09-27 12:48:46,094 | INFO | [t=390] VLA chunk prompt=Place the tomato sauce in cabinet2.
2026-09-27 12:48:46,523 | INFO | [t=400] VLA chunk prompt=Place the tomato sauce in cabinet2.
2026-09-27 12:48:46,927 | INFO | [t=410] VLA chunk prompt=Place the tomato sauce in cabinet2.
2026-09-27 12:48:47,326 | INFO | [t=420] VLA chunk prompt=Place the tomato sauce in cabinet2.
2026-09-27 12:48:47,721 | INFO | [t=430] VLA chunk prompt=Place the tomato sauce in cabinet2.
2026-09-27 12:48:48,109 | INFO | [t=440] VLA chunk prompt=Place the tomato sauce in cabinet2.
2026-09-27 12:48:48,513 | INFO | [t=450] VLA chunk prompt=Place the tomato sauce in cabinet2.
2026-09-27 12:48:48,881 | INFO | API VLM @t=340 task=19 subtask=Place the milk in cabinet2. keyframes=[]
2026-09-27 12:48:48,883 | INFO | [redact] enabled task=19 registered_phrases=0 terms=[]
2026-09-27 12:48:48,903 | INFO | [t=460] VLA chunk prompt=Place the tomato sauce in cabinet2.
2026-09-27 12:48:49,245 | INFO | [t=470] VLM prompt update from step=340: Place the milk in cabinet2.
2026-09-27 12:48:49,299 | INFO | [t=470] VLA chunk prompt=Place the milk in cabinet2.
2026-09-27 12:48:49,676 | INFO | [t=480] VLA chunk prompt=Place the milk in cabinet2.
2026-09-27 12:48:50,057 | INFO | [t=490] VLA chunk prompt=Place the milk in cabinet2.
2026-09-27 12:48:50,445 | INFO | [t=500] VLA chunk prompt=Place the milk in cabinet2.
2026-09-27 12:48:50,830 | INFO | [t=510] VLA chunk prompt=Place the milk in cabinet2.
2026-09-27 12:48:51,225 | INFO | [t=520] VLA chunk prompt=Place the milk in cabinet2.
2026-09-27 12:48:51,613 | INFO | [t=530] VLA chunk prompt=Place the milk in cabinet2.
2026-09-27 12:48:52,004 | INFO | [t=540] VLA chunk prompt=Place the milk in cabinet2.
2026-09-27 12:48:52,407 | INFO | [t=550] VLA chunk prompt=Place the milk in cabinet2.
2026-09-27 12:48:52,830 | INFO | [t=560] VLA chunk prompt=Place the milk in cabinet2.
2026-09-27 12:48:53,245 | INFO | [t=570] VLA chunk prompt=Place the milk in cabinet2.
2026-09-27 12:48:53,675 | INFO | [t=580] VLA chunk prompt=Place the milk in cabinet2.
2026-09-27 12:48:54,094 | INFO | [t=590] VLA chunk prompt=Place the milk in cabinet2.
2026-09-27 12:48:54,513 | INFO | [t=600] VLA chunk prompt=Place the milk in cabinet2.
2026-09-27 12:48:54,643 | INFO | API VLM @t=450 task=19 subtask=Place the milk in cabinet2. keyframes=[]
2026-09-27 12:48:54,646 | INFO | [redact] enabled task=19 registered_phrases=0 terms=[]
2026-09-27 12:48:54,930 | INFO | [t=610] VLA chunk prompt=Place the milk in cabinet2.
2026-09-27 12:48:55,344 | INFO | [t=620] VLA chunk prompt=Place the milk in cabinet2.
2026-09-27 12:48:55,744 | INFO | [t=630] VLA chunk prompt=Place the milk in cabinet2.
2026-09-27 12:48:56,149 | INFO | [t=640] VLA chunk prompt=Place the milk in cabinet2.
2026-09-27 12:48:56,544 | INFO | [t=650] VLA chunk prompt=Place the milk in cabinet2.
2026-09-27 12:48:56,945 | INFO | [t=660] VLA chunk prompt=Place the milk in cabinet2.
2026-09-27 12:48:57,342 | INFO | [t=670] VLA chunk prompt=Place the milk in cabinet2.
2026-09-27 12:48:57,736 | INFO | [t=680] VLA chunk prompt=Place the milk in cabinet2.
2026-09-27 12:48:58,157 | INFO | [t=690] VLA chunk prompt=Place the milk in cabinet2.
2026-09-27 12:48:58,577 | INFO | [t=700] VLA chunk prompt=Place the milk in cabinet2.
2026-09-27 12:48:59,000 | INFO | [t=710] VLA chunk prompt=Place the milk in cabinet2.
2026-09-27 12:48:59,417 | INFO | [t=720] VLA chunk prompt=Place the milk in cabinet2.
2026-09-27 12:48:59,839 | INFO | [t=730] VLA chunk prompt=Place the milk in cabinet2.
2026-09-27 12:48:59,988 | INFO | API VLM @t=590 task=19 subtask=Place the milk carton in cabinet2 and release it. keyframes=[]
2026-09-27 12:48:59,991 | INFO | [redact] enabled task=19 registered_phrases=0 terms=[]
2026-09-27 12:49:00,218 | INFO | [t=740] VLM prompt update from step=590: Place the milk carton in cabinet2 and release it.
2026-09-27 12:49:00,272 | INFO | [t=740] VLA chunk prompt=Place the milk carton in cabinet2 and release it.
2026-09-27 12:49:00,694 | INFO | [t=750] VLA chunk prompt=Place the milk carton in cabinet2 and release it.
2026-09-27 12:49:01,154 | INFO | [t=760] VLA chunk prompt=Place the milk carton in cabinet2 and release it.
2026-09-27 12:49:01,636 | INFO | [t=770] VLA chunk prompt=Place the milk carton in cabinet2 and release it.
2026-09-27 12:49:02,107 | INFO | [t=780] VLA chunk prompt=Place the milk carton in cabinet2 and release it.
2026-09-27 12:49:02,591 | INFO | [t=790] VLA chunk prompt=Place the milk carton in cabinet2 and release it.
2026-09-27 12:49:03,057 | INFO | [t=800] VLA chunk prompt=Place the milk carton in cabinet2 and release it.
2026-09-27 12:49:03,514 | INFO | [t=810] VLA chunk prompt=Place the milk carton in cabinet2 and release it.
2026-09-27 12:49:03,956 | INFO | [t=820] VLA chunk prompt=Place the milk carton in cabinet2 and release it.
2026-09-27 12:49:04,447 | INFO | [t=830] VLA chunk prompt=Place the milk carton in cabinet2 and release it.
2026-09-27 12:49:04,988 | INFO | [t=840] VLA chunk prompt=Place the milk carton in cabinet2 and release it.
2026-09-27 12:49:05,529 | INFO | [t=850] VLA chunk prompt=Place the milk carton in cabinet2 and release it.
2026-09-27 12:49:05,682 | INFO | API VLM @t=720 task=19 subtask=Place the milk into the open container. keyframes=[]
2026-09-27 12:49:05,685 | INFO | [redact] enabled task=19 registered_phrases=0 terms=[]
2026-09-27 12:49:06,019 | INFO | [t=860] VLM prompt update from step=720: Place the milk into the open container.
2026-09-27 12:49:06,072 | INFO | [t=860] VLA chunk prompt=Place the milk into the open container.
2026-09-27 12:49:06,600 | INFO | [t=870] VLA chunk prompt=Place the milk into the open container.
2026-09-27 12:49:07,126 | INFO | [t=880] VLA chunk prompt=Place the milk into the open container.
2026-09-27 12:49:07,603 | INFO | [t=890] VLA chunk prompt=Place the milk into the open container.
2026-09-27 12:49:08,092 | INFO | [t=900] VLA chunk prompt=Place the milk into the open container.
2026-09-27 12:49:08,587 | INFO | [t=910] VLA chunk prompt=Place the milk into the open container.
2026-09-27 12:49:09,059 | INFO | [t=920] VLA chunk prompt=Place the milk into the open container.
2026-09-27 12:49:09,535 | INFO | [t=930] VLA chunk prompt=Place the milk into the open container.
2026-09-27 12:49:10,009 | INFO | API VLM @t=840 task=19 subtask=Place the milk into the open container. keyframes=[]
2026-09-27 12:49:10,011 | INFO | [redact] enabled task=19 registered_phrases=0 terms=[]
2026-09-27 12:49:10,013 | INFO | [t=940] VLA chunk prompt=Place the milk into the open container.
2026-09-27 12:49:10,504 | INFO | [t=950] VLA chunk prompt=Place the milk into the open container.
2026-09-27 12:49:10,986 | INFO | [t=960] VLA chunk prompt=Place the milk into the open container.
2026-09-27 12:49:11,463 | INFO | [t=970] VLA chunk prompt=Place the milk into the open container.
2026-09-27 12:49:11,924 | INFO | [t=980] VLA chunk prompt=Place the milk into the open container.
2026-09-27 12:49:12,380 | INFO | [t=990] VLA chunk prompt=Place the milk into the open container.
2026-09-27 12:49:12,828 | INFO | [t=1000] VLA chunk prompt=Place the milk into the open container.
2026-09-27 12:49:13,278 | INFO | [t=1010] VLA chunk prompt=Place the milk into the open container.
2026-09-27 12:49:13,725 | INFO | [t=1020] VLA chunk prompt=Place the milk into the open container.
2026-09-27 12:49:14,168 | INFO | [t=1030] VLA chunk prompt=Place the milk into the open container.
2026-09-27 12:49:14,604 | INFO | [t=1040] VLA chunk prompt=Place the milk into the open container.
2026-09-27 12:49:15,047 | INFO | [t=1050] VLA chunk prompt=Place the milk into the open container.
2026-09-27 12:49:15,269 | INFO | API VLM @t=930 task=19 subtask=Move the milk over the open target container and release it inside. keyframes=[]
2026-09-27 12:49:15,272 | INFO | [redact] enabled task=19 registered_phrases=0 terms=[]
2026-09-27 12:49:15,440 | INFO | [t=1060] VLM prompt update from step=930: Move the milk over the open target container and release it inside.
2026-09-27 12:49:15,494 | INFO | [t=1060] VLA chunk prompt=Move the milk over the open target container and release it inside.
2026-09-27 12:49:15,931 | INFO | [t=1070] VLA chunk prompt=Move the milk over the open target container and release it inside.
2026-09-27 12:49:16,372 | INFO | [t=1080] VLA chunk prompt=Move the milk over the open target container and release it inside.
2026-09-27 12:49:16,815 | INFO | [t=1090] VLA chunk prompt=Move the milk over the open target container and release it inside.
2026-09-27 12:49:17,248 | INFO | [t=1100] VLA chunk prompt=Move the milk over the open target container and release it inside.
2026-09-27 12:49:17,674 | INFO | [t=1110] VLA chunk prompt=Move the milk over the open target container and release it inside.
2026-09-27 12:49:18,108 | INFO | [t=1120] VLA chunk prompt=Move the milk over the open target container and release it inside.
2026-09-27 12:49:18,541 | INFO | [t=1130] VLA chunk prompt=Move the milk over the open target container and release it inside.
2026-09-27 12:49:18,968 | INFO | [t=1140] VLA chunk prompt=Move the milk over the open target container and release it inside.
2026-09-27 12:49:19,339 | INFO | API VLM @t=1045 task=19 subtask=Place the milk into the open container. keyframes=[]
2026-09-27 12:49:19,341 | INFO | [redact] enabled task=19 registered_phrases=0 terms=[]
2026-09-27 12:49:19,342 | INFO | [t=1150] VLM prompt update from step=1045: Place the milk into the open container.
2026-09-27 12:49:19,396 | INFO | [t=1150] VLA chunk prompt=Place the milk into the open container.
2026-09-27 12:49:19,832 | INFO | [t=1160] VLA chunk prompt=Place the milk into the open container.
2026-09-27 12:49:19,948 | INFO | [t=1163] stage done: 02_Place_Milk_Cabinet2
2026-09-27 12:49:20,275 | INFO | [t=1170] VLA chunk prompt=Place the milk into the open container.
2026-09-27 12:49:20,710 | INFO | [t=1180] VLA chunk prompt=Place the milk into the open container.
2026-09-27 12:49:21,147 | INFO | [t=1190] VLA chunk prompt=Place the milk into the open container.
2026-09-27 12:49:21,539 | INFO | [t=1200] VLA chunk prompt=Place the milk into the open container.
2026-09-27 12:49:21,927 | INFO | [t=1210] VLA chunk prompt=Place the milk into the open container.
2026-09-27 12:49:22,314 | INFO | [t=1220] VLA chunk prompt=Place the milk into the open container.
2026-09-27 12:49:22,696 | INFO | [t=1230] VLA chunk prompt=Place the milk into the open container.
2026-09-27 12:49:23,079 | INFO | [t=1240] VLA chunk prompt=Place the milk into the open container.
2026-09-27 12:49:23,463 | INFO | [t=1250] VLA chunk prompt=Place the milk into the open container.
2026-09-27 12:49:23,857 | INFO | [t=1260] VLA chunk prompt=Place the milk into the open container.
2026-09-27 12:49:24,177 | INFO | API VLM @t=1135 task=19 subtask=Place the milk into the open container. keyframes=[]
2026-09-27 12:49:24,180 | INFO | [redact] enabled task=19 registered_phrases=0 terms=[]
2026-09-27 12:49:24,251 | INFO | [t=1270] VLA chunk prompt=Place the milk into the open container.
2026-09-27 12:49:24,645 | INFO | [t=1280] VLA chunk prompt=Place the milk into the open container.
2026-09-27 12:49:25,026 | INFO | [t=1290] VLA chunk prompt=Place the milk into the open container.
2026-09-27 12:49:25,417 | INFO | [t=1300] VLA chunk prompt=Place the milk into the open container.
2026-09-27 12:49:25,810 | INFO | [t=1310] VLA chunk prompt=Place the milk into the open container.
2026-09-27 12:49:26,210 | INFO | [t=1320] VLA chunk prompt=Place the milk into the open container.
2026-09-27 12:49:26,612 | INFO | [t=1330] VLA chunk prompt=Place the milk into the open container.
2026-09-27 12:49:27,016 | INFO | [t=1340] VLA chunk prompt=Place the milk into the open container.
2026-09-27 12:49:27,415 | INFO | [t=1350] VLA chunk prompt=Place the milk into the open container.
2026-09-27 12:49:27,809 | INFO | [t=1360] VLA chunk prompt=Place the milk into the open container.
2026-09-27 12:49:28,211 | INFO | [t=1370] VLA chunk prompt=Place the milk into the open container.
2026-09-27 12:49:28,610 | INFO | [t=1380] VLA chunk prompt=Place the milk into the open container.
2026-09-27 12:49:29,010 | INFO | [t=1390] VLA chunk prompt=Place the milk into the open container.
2026-09-27 12:49:29,404 | INFO | [t=1400] VLA chunk prompt=Place the milk into the open container.
2026-09-27 12:49:29,516 | INFO | API VLM @t=1255 task=19 subtask=Place the orange juice into cabinet2. keyframes=[]
2026-09-27 12:49:29,518 | INFO | [redact] enabled task=19 registered_phrases=0 terms=[]
2026-09-27 12:49:29,748 | INFO | [t=1410] VLM prompt update from step=1255: Place the orange juice into cabinet2.
2026-09-27 12:49:29,802 | INFO | [t=1410] VLA chunk prompt=Place the orange juice into cabinet2.
2026-09-27 12:49:30,181 | INFO | [t=1420] VLA chunk prompt=Place the orange juice into cabinet2.
2026-09-27 12:49:30,560 | INFO | [t=1430] VLA chunk prompt=Place the orange juice into cabinet2.
2026-09-27 12:49:30,953 | INFO | [t=1440] VLA chunk prompt=Place the orange juice into cabinet2.
2026-09-27 12:49:31,346 | INFO | [t=1450] VLA chunk prompt=Place the orange juice into cabinet2.
2026-09-27 12:49:31,751 | INFO | [t=1460] VLA chunk prompt=Place the orange juice into cabinet2.
2026-09-27 12:49:32,176 | INFO | [t=1470] VLA chunk prompt=Place the orange juice into cabinet2.
2026-09-27 12:49:32,571 | INFO | [t=1480] VLA chunk prompt=Place the orange juice into cabinet2.
2026-09-27 12:49:32,969 | INFO | [t=1490] VLA chunk prompt=Place the orange juice into cabinet2.
2026-09-27 12:49:33,356 | INFO | [t=1500] VLA chunk prompt=Place the orange juice into cabinet2.
2026-09-27 12:49:33,755 | INFO | [t=1510] VLA chunk prompt=Place the orange juice into cabinet2.
2026-09-27 12:49:34,143 | INFO | [t=1520] VLA chunk prompt=Place the orange juice into cabinet2.
2026-09-27 12:49:34,532 | INFO | [t=1530] VLA chunk prompt=Place the orange juice into cabinet2.
2026-09-27 12:49:34,926 | INFO | [t=1540] VLA chunk prompt=Place the orange juice into cabinet2.
2026-09-27 12:49:35,016 | INFO | API VLM @t=1390 task=19 subtask=Place the orange juice into cabinet2. keyframes=[]
2026-09-27 12:49:35,019 | INFO | [redact] enabled task=19 registered_phrases=0 terms=[]
2026-09-27 12:49:35,326 | INFO | [t=1550] VLA chunk prompt=Place the orange juice into cabinet2.
2026-09-27 12:49:35,728 | INFO | [t=1560] VLA chunk prompt=Place the orange juice into cabinet2.
2026-09-27 12:49:36,126 | INFO | [t=1570] VLA chunk prompt=Place the orange juice into cabinet2.
2026-09-27 12:49:36,532 | INFO | [t=1580] VLA chunk prompt=Place the orange juice into cabinet2.
2026-09-27 12:49:36,946 | INFO | [t=1590] VLA chunk prompt=Place the orange juice into cabinet2.
2026-09-27 12:49:37,339 | INFO | [t=1600] VLA chunk prompt=Place the orange juice into cabinet2.
2026-09-27 12:49:37,735 | INFO | [t=1610] VLA chunk prompt=Place the orange juice into cabinet2.
2026-09-27 12:49:38,137 | INFO | [t=1620] VLA chunk prompt=Place the orange juice into cabinet2.
2026-09-27 12:49:38,527 | INFO | [t=1630] VLA chunk prompt=Place the orange juice into cabinet2.
2026-09-27 12:49:38,934 | INFO | [t=1640] VLA chunk prompt=Place the orange juice into cabinet2.
2026-09-27 12:49:39,347 | INFO | [t=1650] VLA chunk prompt=Place the orange juice into cabinet2.
2026-09-27 12:49:39,770 | INFO | [t=1660] VLA chunk prompt=Place the orange juice into cabinet2.
2026-09-27 12:49:40,187 | INFO | [t=1670] VLA chunk prompt=Place the orange juice into cabinet2.
2026-09-27 12:49:40,594 | INFO | [t=1680] VLA chunk prompt=Place the orange juice into cabinet2.
2026-09-27 12:49:40,937 | INFO | API VLM @t=1530 task=19 subtask=Place the orange juice in cabinet2. keyframes=[]
2026-09-27 12:49:40,939 | INFO | [redact] enabled task=19 registered_phrases=0 terms=[]
2026-09-27 12:49:40,957 | INFO | [t=1690] VLM prompt update from step=1530: Place the orange juice in cabinet2.
2026-09-27 12:49:41,012 | INFO | [t=1690] VLA chunk prompt=Place the orange juice in cabinet2.
2026-09-27 12:49:41,431 | INFO | [t=1700] VLA chunk prompt=Place the orange juice in cabinet2.
2026-09-27 12:49:41,838 | INFO | [t=1710] VLA chunk prompt=Place the orange juice in cabinet2.
2026-09-27 12:49:42,253 | INFO | [t=1720] VLA chunk prompt=Place the orange juice in cabinet2.
2026-09-27 12:49:42,646 | INFO | [t=1730] VLA chunk prompt=Place the orange juice in cabinet2.
2026-09-27 12:49:43,038 | INFO | [t=1740] VLA chunk prompt=Place the orange juice in cabinet2.
2026-09-27 12:49:43,418 | INFO | [t=1750] VLA chunk prompt=Place the orange juice in cabinet2.
2026-09-27 12:49:43,814 | INFO | [t=1760] VLA chunk prompt=Place the orange juice in cabinet2.
2026-09-27 12:49:44,205 | INFO | [t=1770] VLA chunk prompt=Place the orange juice in cabinet2.
2026-09-27 12:49:44,607 | INFO | [t=1780] VLA chunk prompt=Place the orange juice in cabinet2.
2026-09-27 12:49:45,022 | INFO | [t=1790] VLA chunk prompt=Place the orange juice in cabinet2.
2026-09-27 12:49:45,421 | INFO | [t=1800] VLA chunk prompt=Place the orange juice in cabinet2.
2026-09-27 12:49:45,825 | INFO | [t=1810] VLA chunk prompt=Place the orange juice in cabinet2.
2026-09-27 12:49:46,223 | INFO | [t=1820] VLA chunk prompt=Place the orange juice in cabinet2.
2026-09-27 12:49:46,483 | INFO | API VLM @t=1675 task=19 subtask=Place the orange juice into the open container. keyframes=[]
2026-09-27 12:49:46,485 | INFO | [redact] enabled task=19 registered_phrases=0 terms=[]
2026-09-27 12:49:46,576 | INFO | [t=1830] VLM prompt update from step=1675: Place the orange juice into the open container.
2026-09-27 12:49:46,630 | INFO | [t=1830] VLA chunk prompt=Place the orange juice into the open container.
2026-09-27 12:49:47,042 | INFO | [t=1840] VLA chunk prompt=Place the orange juice into the open container.
2026-09-27 12:49:47,445 | INFO | [t=1850] VLA chunk prompt=Place the orange juice into the open container.
2026-09-27 12:49:47,832 | INFO | [t=1860] VLA chunk prompt=Place the orange juice into the open container.
2026-09-27 12:49:48,222 | INFO | [t=1870] VLA chunk prompt=Place the orange juice into the open container.
2026-09-27 12:49:48,615 | INFO | [t=1880] VLA chunk prompt=Place the orange juice into the open container.
2026-09-27 12:49:48,992 | INFO | [t=1890] VLA chunk prompt=Place the orange juice into the open container.
2026-09-27 12:49:49,386 | INFO | [t=1900] VLA chunk prompt=Place the orange juice into the open container.
2026-09-27 12:49:49,786 | INFO | [t=1910] VLA chunk prompt=Place the orange juice into the open container.
2026-09-27 12:49:50,180 | INFO | [t=1920] VLA chunk prompt=Place the orange juice into the open container.
2026-09-27 12:49:50,573 | INFO | [t=1930] VLA chunk prompt=Place the orange juice into the open container.
2026-09-27 12:49:50,967 | INFO | [t=1940] VLA chunk prompt=Place the orange juice into the open container.
2026-09-27 12:49:51,356 | INFO | [t=1950] VLA chunk prompt=Place the orange juice into the open container.
2026-09-27 12:49:51,565 | INFO | API VLM @t=1815 task=19 subtask=Place the orange juice into the open container. keyframes=[]
2026-09-27 12:49:51,568 | INFO | [redact] enabled task=19 registered_phrases=0 terms=[]
2026-09-27 12:49:51,753 | INFO | [t=1960] VLA chunk prompt=Place the orange juice into the open container.
2026-09-27 12:49:52,144 | INFO | [t=1970] VLA chunk prompt=Place the orange juice into the open container.
2026-09-27 12:49:52,533 | INFO | [t=1980] VLA chunk prompt=Place the orange juice into the open container.
2026-09-27 12:49:52,927 | INFO | [t=1990] VLA chunk prompt=Place the orange juice into the open container.
2026-09-27 12:49:53,321 | INFO | [t=2000] VLA chunk prompt=Place the orange juice into the open container.
2026-09-27 12:49:53,701 | INFO | [t=2010] VLA chunk prompt=Place the orange juice into the open container.
2026-09-27 12:49:54,090 | INFO | [t=2020] VLA chunk prompt=Place the orange juice into the open container.
2026-09-27 12:49:54,474 | INFO | [t=2030] VLA chunk prompt=Place the orange juice into the open container.
2026-09-27 12:49:54,857 | INFO | [t=2040] VLA chunk prompt=Place the orange juice into the open container.
2026-09-27 12:49:55,236 | INFO | [t=2050] VLA chunk prompt=Place the orange juice into the open container.
2026-09-27 12:49:55,623 | INFO | [t=2060] VLA chunk prompt=Place the orange juice into the open container.
2026-09-27 12:49:56,014 | INFO | [t=2070] VLA chunk prompt=Place the orange juice into the open container.
2026-09-27 12:49:56,406 | INFO | [t=2080] VLA chunk prompt=Place the orange juice into the open container.
2026-09-27 12:49:56,778 | INFO | API VLM @t=1945 task=19 subtask=Put the orange juice into the open container. keyframes=[]
2026-09-27 12:49:56,780 | INFO | [redact] enabled task=19 registered_phrases=0 terms=[]
2026-09-27 12:49:56,798 | INFO | [t=2090] VLA chunk prompt=Place the orange juice into the open container.
2026-09-27 12:49:57,142 | INFO | [t=2100] VLM prompt update from step=1945: Put the orange juice into the open container.
2026-09-27 12:49:57,196 | INFO | [t=2100] VLA chunk prompt=Put the orange juice into the open container.
2026-09-27 12:49:57,596 | INFO | [t=2110] VLA chunk prompt=Put the orange juice into the open container.
2026-09-27 12:49:58,000 | INFO | [t=2120] VLA chunk prompt=Put the orange juice into the open container.
2026-09-27 12:49:58,406 | INFO | [t=2130] VLA chunk prompt=Put the orange juice into the open container.
2026-09-27 12:49:58,815 | INFO | [t=2140] VLA chunk prompt=Put the orange juice into the open container.
2026-09-27 12:49:59,224 | INFO | [t=2150] VLA chunk prompt=Put the orange juice into the open container.
2026-09-27 12:49:59,628 | INFO | [t=2160] VLA chunk prompt=Put the orange juice into the open container.
2026-09-27 12:50:00,033 | INFO | [t=2170] VLA chunk prompt=Put the orange juice into the open container.
2026-09-27 12:50:00,449 | INFO | [t=2180] VLA chunk prompt=Put the orange juice into the open container.
2026-09-27 12:50:00,852 | INFO | [t=2190] VLA chunk prompt=Put the orange juice into the open container.
2026-09-27 12:50:01,042 | INFO | API VLM @t=2080 task=19 subtask=Place the orange juice into the open container. keyframes=[]
2026-09-27 12:50:01,044 | INFO | [redact] enabled task=19 registered_phrases=0 terms=[]
2026-09-27 12:50:01,198 | INFO | [t=2200] VLM prompt update from step=2080: Place the orange juice into the open container.
2026-09-27 12:50:01,252 | INFO | [t=2200] VLA chunk prompt=Place the orange juice into the open container.
2026-09-27 12:50:01,651 | INFO | [t=2210] VLA chunk prompt=Place the orange juice into the open container.
2026-09-27 12:50:02,047 | INFO | [t=2220] VLA chunk prompt=Place the orange juice into the open container.
2026-09-27 12:50:02,455 | INFO | [t=2230] VLA chunk prompt=Place the orange juice into the open container.
2026-09-27 12:50:02,871 | INFO | [t=2240] VLA chunk prompt=Place the orange juice into the open container.
2026-09-27 12:50:03,289 | INFO | [t=2250] VLA chunk prompt=Place the orange juice into the open container.
2026-09-27 12:50:03,694 | INFO | [t=2260] VLA chunk prompt=Place the orange juice into the open container.
2026-09-27 12:50:04,096 | INFO | [t=2270] VLA chunk prompt=Place the orange juice into the open container.
2026-09-27 12:50:04,491 | INFO | [t=2280] VLA chunk prompt=Place the orange juice into the open container.
2026-09-27 12:50:04,873 | INFO | [t=2290] VLA chunk prompt=Place the orange juice into the open container.
2026-09-27 12:50:05,275 | INFO | [t=2300] VLA chunk prompt=Place the orange juice into the open container.
2026-09-27 12:50:05,671 | INFO | [t=2310] VLA chunk prompt=Place the orange juice into the open container.
2026-09-27 12:50:06,081 | INFO | [t=2320] VLA chunk prompt=Place the orange juice into the open container.
2026-09-27 12:50:06,357 | INFO | API VLM @t=2185 task=19 subtask=Place the orange juice into the open container. keyframes=[]
2026-09-27 12:50:06,359 | INFO | [redact] enabled task=19 registered_phrases=0 terms=[]
2026-09-27 12:50:06,500 | INFO | [t=2330] VLA chunk prompt=Place the orange juice into the open container.
2026-09-27 12:50:06,911 | INFO | [t=2340] VLA chunk prompt=Place the orange juice into the open container.
2026-09-27 12:50:07,312 | INFO | [t=2350] VLA chunk prompt=Place the orange juice into the open container.
2026-09-27 12:50:07,711 | INFO | [t=2360] VLA chunk prompt=Place the orange juice into the open container.
2026-09-27 12:50:08,114 | INFO | [t=2370] VLA chunk prompt=Place the orange juice into the open container.
2026-09-27 12:50:08,512 | INFO | [t=2380] VLA chunk prompt=Place the orange juice into the open container.
2026-09-27 12:50:08,908 | INFO | [t=2390] VLA chunk prompt=Place the orange juice into the open container.
2026-09-27 12:50:09,295 | INFO | [t=2400] VLA chunk prompt=Place the orange juice into the open container.
2026-09-27 12:50:09,683 | INFO | [t=2410] VLA chunk prompt=Place the orange juice into the open container.
2026-09-27 12:50:10,073 | INFO | [t=2420] VLA chunk prompt=Place the orange juice into the open container.
2026-09-27 12:50:10,464 | INFO | [t=2430] VLA chunk prompt=Place the orange juice into the open container.
2026-09-27 12:50:10,861 | INFO | [t=2440] VLA chunk prompt=Place the orange juice into the open container.
2026-09-27 12:50:11,252 | INFO | [t=2450] VLA chunk prompt=Place the orange juice into the open container.
2026-09-27 12:50:11,433 | INFO | API VLM @t=2315 task=19 subtask=Place the orange juice into the open container. keyframes=[]
2026-09-27 12:50:11,435 | INFO | [redact] enabled task=19 registered_phrases=0 terms=[]
2026-09-27 12:50:11,648 | INFO | [t=2460] VLA chunk prompt=Place the orange juice into the open container.
2026-09-27 12:50:12,032 | INFO | [t=2470] VLA chunk prompt=Place the orange juice into the open container.
2026-09-27 12:50:12,428 | INFO | [t=2480] VLA chunk prompt=Place the orange juice into the open container.
2026-09-27 12:50:12,840 | INFO | [t=2490] VLA chunk prompt=Place the orange juice into the open container.
2026-09-27 12:50:13,268 | INFO | [t=2500] VLA chunk prompt=Place the orange juice into the open container.
2026-09-27 12:50:16,267 | INFO | API VLM @t=2445 task=19 subtask=Place the orange juice into the open container. keyframes=[]
2026-09-27 12:50:16,290 | INFO | attempt=0 stage_score=66.7 stage_success=False failure_reason=incomplete_stage
2026-09-27 12:50:16,290 | INFO | Episode 4 seed=104 stage_score=66.7 stage_success=0 goal=0.667 failure_reason=incomplete_stage | 01_Place_Tomato_Sauce_Cabinet2=Y | 02_Place_Milk_Cabinet2=Y | 03_Place_Orange_Juice_Cabinet2=N
