2026-09-18 12:38:17,898 | INFO | task_id=5 bddl=/project/peilab/why/RoboMemArena/bddl/5_butter_middle_drawer.bddl vlm_ckpt=/project/peilab/why/RoboMemArena/checkpoints/PrediMem/vlm_tasks1to26_ckpt74500
2026-09-18 12:38:20,094 | INFO | async VLM enabled: single-slot subtask buffer
2026-09-18 12:38:20,359 | INFO | [t=10] VLA chunk prompt=Open all drawers in order, remember the empty drawer, then put butter into that empty drawer.
2026-09-18 12:38:20,644 | INFO | [t=20] VLA chunk prompt=Open all drawers in order, remember the empty drawer, then put butter into that empty drawer.
2026-09-18 12:38:20,924 | INFO | [t=30] VLA chunk prompt=Open all drawers in order, remember the empty drawer, then put butter into that empty drawer.
2026-09-18 12:38:21,203 | INFO | [t=40] VLA chunk prompt=Open all drawers in order, remember the empty drawer, then put butter into that empty drawer.
2026-09-18 12:38:21,482 | INFO | [t=50] VLA chunk prompt=Open all drawers in order, remember the empty drawer, then put butter into that empty drawer.
2026-09-18 12:38:21,761 | INFO | [t=60] VLA chunk prompt=Open all drawers in order, remember the empty drawer, then put butter into that empty drawer.
2026-09-18 12:38:22,043 | INFO | [t=70] VLA chunk prompt=Open all drawers in order, remember the empty drawer, then put butter into that empty drawer.
2026-09-18 12:38:22,281 | INFO | [t=80] harness subtask override: open top drawer
2026-09-18 12:38:22,281 | INFO | [t=80] VLM prompt update from step=-1: open top drawer
2026-09-18 12:38:22,281 | INFO | [t=80] harness forced VLM replan after stall (pmh visual retrieve armed)
2026-09-18 12:38:22,332 | INFO | [t=80] VLA chunk prompt=open top drawer
2026-09-18 12:38:22,504 | INFO | [t=87] stage done: 01_Open_Top_Drawer
2026-09-18 12:38:22,631 | INFO | [t=90] VLA chunk prompt=open top drawer
2026-09-18 12:38:22,919 | INFO | [t=100] VLA chunk prompt=open top drawer
2026-09-18 12:38:23,207 | INFO | [t=110] VLA chunk prompt=open top drawer
2026-09-18 12:38:23,505 | INFO | [t=120] VLA chunk prompt=open top drawer
2026-09-18 12:38:23,824 | INFO | [t=130] VLA chunk prompt=open top drawer
2026-09-18 12:38:24,145 | INFO | [t=140] VLA chunk prompt=open top drawer
2026-09-18 12:38:24,476 | INFO | [t=150] VLA chunk prompt=open top drawer
2026-09-18 12:38:24,681 | INFO | [t=157] stage done: 02_Close_Top_Drawer
2026-09-18 12:38:24,819 | INFO | [t=160] VLA chunk prompt=open top drawer
2026-09-18 12:38:25,209 | INFO | [t=170] VLA chunk prompt=open top drawer
2026-09-18 12:38:25,574 | INFO | [t=180] VLA chunk prompt=open top drawer
2026-09-18 12:38:25,927 | INFO | [t=190] VLA chunk prompt=open top drawer
2026-09-18 12:38:26,282 | INFO | [t=200] VLA chunk prompt=open top drawer
2026-09-18 12:38:26,640 | INFO | [t=210] VLA chunk prompt=open top drawer
2026-09-18 12:38:27,001 | INFO | [t=220] VLA chunk prompt=open top drawer
2026-09-18 12:38:27,367 | INFO | [t=230] VLA chunk prompt=open top drawer
2026-09-18 12:38:27,685 | INFO | [t=240] harness subtask override: open middle drawer
2026-09-18 12:38:27,685 | INFO | [t=240] VLM prompt update from step=70: open middle drawer
2026-09-18 12:38:27,686 | INFO | [t=240] harness forced VLM replan after stall (pmh visual retrieve armed)
2026-09-18 12:38:27,736 | INFO | [t=240] VLA chunk prompt=open middle drawer
2026-09-18 12:38:28,103 | INFO | [t=250] VLA chunk prompt=open middle drawer
2026-09-18 12:38:28,468 | INFO | [t=260] VLA chunk prompt=open middle drawer
2026-09-18 12:38:28,831 | INFO | [t=270] VLA chunk prompt=open middle drawer
2026-09-18 12:38:29,194 | INFO | [t=280] VLA chunk prompt=open middle drawer
2026-09-18 12:38:29,563 | INFO | [t=290] VLA chunk prompt=open middle drawer
2026-09-18 12:38:29,923 | INFO | [t=300] VLA chunk prompt=open middle drawer
2026-09-18 12:38:30,287 | INFO | [t=310] VLA chunk prompt=open middle drawer
2026-09-18 12:38:30,658 | INFO | [t=320] VLA chunk prompt=open middle drawer
2026-09-18 12:38:31,032 | INFO | [t=330] VLA chunk prompt=open middle drawer
2026-09-18 12:38:31,411 | INFO | [t=340] VLA chunk prompt=open middle drawer
2026-09-18 12:38:31,787 | INFO | [t=350] VLA chunk prompt=open middle drawer
2026-09-18 12:38:32,010 | INFO | API VLM @t=0 task=5 subtask=open top drawer keyframes=[]
2026-09-18 12:38:32,116 | INFO | [t=360] VLM prompt update from step=0: open top drawer
2026-09-18 12:38:32,167 | INFO | [t=360] VLA chunk prompt=open top drawer
2026-09-18 12:38:32,546 | INFO | [t=370] VLA chunk prompt=open top drawer
2026-09-18 12:38:32,923 | INFO | [t=380] VLA chunk prompt=open top drawer
2026-09-18 12:38:33,301 | INFO | [t=390] VLA chunk prompt=open top drawer
2026-09-18 12:38:33,677 | INFO | [t=400] VLA chunk prompt=open top drawer
2026-09-18 12:38:34,051 | INFO | [t=410] VLA chunk prompt=open top drawer
2026-09-18 12:38:34,421 | INFO | [t=420] VLA chunk prompt=open top drawer
2026-09-18 12:38:34,792 | INFO | [t=430] VLA chunk prompt=open top drawer
2026-09-18 12:38:35,166 | INFO | [t=440] VLA chunk prompt=open top drawer
2026-09-18 12:38:35,535 | INFO | [t=450] VLA chunk prompt=open top drawer
2026-09-18 12:38:35,901 | INFO | [t=460] VLA chunk prompt=open top drawer
2026-09-18 12:38:36,267 | INFO | [t=470] VLA chunk prompt=open top drawer
2026-09-18 12:38:36,629 | INFO | [t=480] VLA chunk prompt=open top drawer
2026-09-18 12:38:36,988 | INFO | [t=490] VLA chunk prompt=open top drawer
2026-09-18 12:38:37,350 | INFO | [t=500] VLA chunk prompt=open top drawer
2026-09-18 12:38:37,714 | INFO | [t=510] VLA chunk prompt=open top drawer
2026-09-18 12:38:38,090 | INFO | [t=520] VLA chunk prompt=open top drawer
2026-09-18 12:38:38,466 | INFO | [t=530] VLA chunk prompt=open top drawer
2026-09-18 12:38:38,844 | INFO | [t=540] VLA chunk prompt=open top drawer
2026-09-18 12:38:39,223 | INFO | [t=550] VLA chunk prompt=open top drawer
2026-09-18 12:38:39,608 | INFO | [t=560] VLA chunk prompt=open top drawer
2026-09-18 12:38:40,010 | INFO | [t=570] VLA chunk prompt=open top drawer
2026-09-18 12:38:40,436 | INFO | [t=580] VLA chunk prompt=open top drawer
2026-09-18 12:38:40,834 | INFO | [t=590] VLA chunk prompt=open top drawer
2026-09-18 12:38:41,202 | INFO | [t=600] VLA chunk prompt=open top drawer
2026-09-18 12:38:41,552 | INFO | [t=610] VLA chunk prompt=open top drawer
2026-09-18 12:38:41,893 | INFO | [t=620] VLA chunk prompt=open top drawer
2026-09-18 12:38:42,229 | INFO | [t=630] VLA chunk prompt=open top drawer
2026-09-18 12:38:42,566 | INFO | [t=640] VLA chunk prompt=open top drawer
2026-09-18 12:38:42,923 | INFO | [t=650] VLA chunk prompt=open top drawer
2026-09-18 12:38:43,292 | INFO | [t=660] VLA chunk prompt=open top drawer
2026-09-18 12:38:43,301 | INFO | API VLM @t=345 task=5 subtask=open top drawer keyframes=[]
2026-09-18 12:38:43,657 | INFO | [t=670] VLA chunk prompt=open top drawer
2026-09-18 12:38:44,023 | INFO | [t=680] VLA chunk prompt=open top drawer
2026-09-18 12:38:44,391 | INFO | [t=690] VLA chunk prompt=open top drawer
2026-09-18 12:38:44,767 | INFO | [t=700] VLA chunk prompt=open top drawer
2026-09-18 12:38:45,148 | INFO | [t=710] VLA chunk prompt=open top drawer
2026-09-18 12:38:45,530 | INFO | [t=720] VLA chunk prompt=open top drawer
2026-09-18 12:38:45,909 | INFO | [t=730] VLA chunk prompt=open top drawer
2026-09-18 12:38:46,291 | INFO | [t=740] VLA chunk prompt=open top drawer
2026-09-18 12:38:46,689 | INFO | [t=750] VLA chunk prompt=open top drawer
2026-09-18 12:38:47,102 | INFO | [t=760] VLA chunk prompt=open top drawer
2026-09-18 12:38:47,509 | INFO | [t=770] VLA chunk prompt=open top drawer
2026-09-18 12:38:47,906 | INFO | [t=780] VLA chunk prompt=open top drawer
2026-09-18 12:38:48,291 | INFO | [t=790] VLA chunk prompt=open top drawer
2026-09-18 12:38:48,679 | INFO | [t=800] VLA chunk prompt=open top drawer
2026-09-18 12:38:49,072 | INFO | [t=810] VLA chunk prompt=open top drawer
2026-09-18 12:38:49,457 | INFO | [t=820] VLA chunk prompt=open top drawer
2026-09-18 12:38:49,830 | INFO | [t=830] VLA chunk prompt=open top drawer
2026-09-18 12:38:50,196 | INFO | [t=840] VLA chunk prompt=open top drawer
2026-09-18 12:38:50,555 | INFO | [t=850] VLA chunk prompt=open top drawer
2026-09-18 12:38:50,921 | INFO | [t=860] VLA chunk prompt=open top drawer
2026-09-18 12:38:51,304 | INFO | [t=870] VLA chunk prompt=open top drawer
2026-09-18 12:38:51,699 | INFO | [t=880] VLA chunk prompt=open top drawer
2026-09-18 12:38:52,093 | INFO | [t=890] VLA chunk prompt=open top drawer
2026-09-18 12:38:52,477 | INFO | [t=900] VLA chunk prompt=open top drawer
2026-09-18 12:38:52,859 | INFO | [t=910] VLA chunk prompt=open top drawer
2026-09-18 12:38:53,237 | INFO | [t=920] VLA chunk prompt=open top drawer
2026-09-18 12:38:53,601 | INFO | [t=930] VLA chunk prompt=open top drawer
2026-09-18 12:38:53,959 | INFO | [t=940] VLA chunk prompt=open top drawer
2026-09-18 12:38:54,312 | INFO | [t=950] VLA chunk prompt=open top drawer
2026-09-18 12:38:54,659 | INFO | [t=960] VLA chunk prompt=open top drawer
2026-09-18 12:38:55,003 | INFO | [t=970] VLA chunk prompt=open top drawer
2026-09-18 12:38:55,354 | INFO | [t=980] VLA chunk prompt=open top drawer
2026-09-18 12:38:55,706 | INFO | [t=990] VLA chunk prompt=open top drawer
2026-09-18 12:38:56,062 | INFO | [t=1000] VLA chunk prompt=open top drawer
2026-09-18 12:38:56,421 | INFO | [t=1010] VLA chunk prompt=open top drawer
2026-09-18 12:38:56,780 | INFO | [t=1020] VLA chunk prompt=open top drawer
2026-09-18 12:38:57,141 | INFO | [t=1030] VLA chunk prompt=open top drawer
2026-09-18 12:38:57,504 | INFO | [t=1040] VLA chunk prompt=open top drawer
2026-09-18 12:38:57,870 | INFO | [t=1050] VLA chunk prompt=open top drawer
2026-09-18 12:38:58,230 | INFO | [t=1060] VLA chunk prompt=open top drawer
2026-09-18 12:38:58,590 | INFO | [t=1070] VLA chunk prompt=open top drawer
2026-09-18 12:38:58,949 | INFO | [t=1080] VLA chunk prompt=open top drawer
2026-09-18 12:38:59,309 | INFO | [t=1090] VLA chunk prompt=open top drawer
2026-09-18 12:38:59,668 | INFO | [t=1100] VLA chunk prompt=open top drawer
2026-09-18 12:38:59,996 | INFO | API VLM @t=650 task=5 subtask=open top drawer keyframes=[]
2026-09-18 12:39:00,023 | INFO | [t=1110] VLA chunk prompt=open top drawer
2026-09-18 12:39:00,380 | INFO | [t=1120] VLA chunk prompt=open top drawer
2026-09-18 12:39:00,738 | INFO | [t=1130] VLA chunk prompt=open top drawer
2026-09-18 12:39:01,096 | INFO | [t=1140] VLA chunk prompt=open top drawer
2026-09-18 12:39:01,453 | INFO | [t=1150] VLA chunk prompt=open top drawer
2026-09-18 12:39:01,816 | INFO | [t=1160] VLA chunk prompt=open top drawer
2026-09-18 12:39:02,183 | INFO | [t=1170] VLA chunk prompt=open top drawer
2026-09-18 12:39:02,553 | INFO | [t=1180] VLA chunk prompt=open top drawer
2026-09-18 12:39:02,926 | INFO | [t=1190] VLA chunk prompt=open top drawer
2026-09-18 12:39:03,298 | INFO | [t=1200] VLA chunk prompt=open top drawer
2026-09-18 12:39:03,669 | INFO | [t=1210] VLA chunk prompt=open top drawer
2026-09-18 12:39:04,035 | INFO | [t=1220] VLA chunk prompt=open top drawer
2026-09-18 12:39:04,398 | INFO | [t=1230] VLA chunk prompt=open top drawer
2026-09-18 12:39:04,761 | INFO | [t=1240] VLA chunk prompt=open top drawer
2026-09-18 12:39:05,125 | INFO | [t=1250] VLA chunk prompt=open top drawer
2026-09-18 12:39:05,487 | INFO | [t=1260] VLA chunk prompt=open top drawer
2026-09-18 12:39:05,849 | INFO | [t=1270] VLA chunk prompt=open top drawer
2026-09-18 12:39:06,218 | INFO | [t=1280] VLA chunk prompt=open top drawer
2026-09-18 12:39:06,594 | INFO | [t=1290] VLA chunk prompt=open top drawer
2026-09-18 12:39:06,973 | INFO | [t=1300] VLA chunk prompt=open top drawer
2026-09-18 12:39:07,354 | INFO | [t=1310] VLA chunk prompt=open top drawer
2026-09-18 12:39:07,730 | INFO | [t=1320] VLA chunk prompt=open top drawer
2026-09-18 12:39:08,103 | INFO | [t=1330] VLA chunk prompt=open top drawer
2026-09-18 12:39:08,466 | INFO | [t=1340] VLA chunk prompt=open top drawer
2026-09-18 12:39:08,827 | INFO | [t=1350] VLA chunk prompt=open top drawer
2026-09-18 12:39:09,186 | INFO | [t=1360] VLA chunk prompt=open top drawer
2026-09-18 12:39:09,546 | INFO | [t=1370] VLA chunk prompt=open top drawer
2026-09-18 12:39:09,907 | INFO | [t=1380] VLA chunk prompt=open top drawer
2026-09-18 12:39:10,267 | INFO | [t=1390] VLA chunk prompt=open top drawer
2026-09-18 12:39:10,624 | INFO | [t=1400] VLA chunk prompt=open top drawer
2026-09-18 12:39:10,977 | INFO | [t=1410] VLA chunk prompt=open top drawer
2026-09-18 12:39:11,332 | INFO | [t=1420] VLA chunk prompt=open top drawer
2026-09-18 12:39:11,688 | INFO | [t=1430] VLA chunk prompt=open top drawer
2026-09-18 12:39:11,897 | INFO | API VLM @t=1100 task=5 subtask=open the top drawer keyframes=[]
2026-09-18 12:39:11,994 | INFO | [t=1440] VLM prompt update from step=1100: open the top drawer
2026-09-18 12:39:12,045 | INFO | [t=1440] VLA chunk prompt=open the top drawer
2026-09-18 12:39:12,410 | INFO | [t=1450] VLA chunk prompt=open the top drawer
2026-09-18 12:39:12,780 | INFO | [t=1460] VLA chunk prompt=open the top drawer
2026-09-18 12:39:13,149 | INFO | [t=1470] VLA chunk prompt=open the top drawer
2026-09-18 12:39:13,525 | INFO | [t=1480] VLA chunk prompt=open the top drawer
2026-09-18 12:39:13,901 | INFO | [t=1490] VLA chunk prompt=open the top drawer
2026-09-18 12:39:14,274 | INFO | [t=1500] VLA chunk prompt=open the top drawer
2026-09-18 12:39:14,642 | INFO | [t=1510] VLA chunk prompt=open the top drawer
2026-09-18 12:39:15,005 | INFO | [t=1520] VLA chunk prompt=open the top drawer
2026-09-18 12:39:15,369 | INFO | [t=1530] VLA chunk prompt=open the top drawer
2026-09-18 12:39:15,731 | INFO | [t=1540] VLA chunk prompt=open the top drawer
2026-09-18 12:39:16,091 | INFO | [t=1550] VLA chunk prompt=open the top drawer
2026-09-18 12:39:16,450 | INFO | [t=1560] VLA chunk prompt=open the top drawer
2026-09-18 12:39:16,809 | INFO | [t=1570] VLA chunk prompt=open the top drawer
2026-09-18 12:39:17,167 | INFO | [t=1580] VLA chunk prompt=open the top drawer
2026-09-18 12:39:17,526 | INFO | [t=1590] VLA chunk prompt=open the top drawer
2026-09-18 12:39:17,885 | INFO | [t=1600] VLA chunk prompt=open the top drawer
2026-09-18 12:39:18,247 | INFO | [t=1610] VLA chunk prompt=open the top drawer
2026-09-18 12:39:18,612 | INFO | [t=1620] VLA chunk prompt=open the top drawer
2026-09-18 12:39:18,980 | INFO | [t=1630] VLA chunk prompt=open the top drawer
2026-09-18 12:39:19,350 | INFO | [t=1640] VLA chunk prompt=open the top drawer
2026-09-18 12:39:19,726 | INFO | [t=1650] VLA chunk prompt=open the top drawer
2026-09-18 12:39:20,101 | INFO | [t=1660] VLA chunk prompt=open the top drawer
2026-09-18 12:39:20,470 | INFO | [t=1670] VLA chunk prompt=open the top drawer
2026-09-18 12:39:20,832 | INFO | [t=1680] VLA chunk prompt=open the top drawer
2026-09-18 12:39:21,193 | INFO | [t=1690] VLA chunk prompt=open the top drawer
2026-09-18 12:39:21,552 | INFO | [t=1700] VLA chunk prompt=open the top drawer
2026-09-18 12:39:21,912 | INFO | [t=1710] VLA chunk prompt=open the top drawer
2026-09-18 12:39:22,272 | INFO | [t=1720] VLA chunk prompt=open the top drawer
2026-09-18 12:39:22,634 | INFO | [t=1730] VLA chunk prompt=open the top drawer
2026-09-18 12:39:22,994 | INFO | [t=1740] VLA chunk prompt=open the top drawer
2026-09-18 12:39:23,354 | INFO | [t=1750] VLA chunk prompt=open the top drawer
2026-09-18 12:39:23,716 | INFO | [t=1760] VLA chunk prompt=open the top drawer
2026-09-18 12:39:24,080 | INFO | [t=1770] VLA chunk prompt=open the top drawer
2026-09-18 12:39:24,442 | INFO | [t=1780] VLA chunk prompt=open the top drawer
2026-09-18 12:39:24,808 | INFO | [t=1790] VLA chunk prompt=open the top drawer
2026-09-18 12:39:25,174 | INFO | [t=1800] VLA chunk prompt=open the top drawer
2026-09-18 12:39:25,546 | INFO | [t=1810] VLA chunk prompt=open the top drawer
2026-09-18 12:39:25,700 | INFO | API VLM @t=1425 task=5 subtask=open the top drawer keyframes=[]
2026-09-18 12:39:25,919 | INFO | [t=1820] VLA chunk prompt=open the top drawer
2026-09-18 12:39:26,296 | INFO | [t=1830] VLA chunk prompt=open the top drawer
2026-09-18 12:39:26,673 | INFO | [t=1840] VLA chunk prompt=open the top drawer
2026-09-18 12:39:27,044 | INFO | [t=1850] VLA chunk prompt=open the top drawer
2026-09-18 12:39:27,411 | INFO | [t=1860] VLA chunk prompt=open the top drawer
2026-09-18 12:39:27,778 | INFO | [t=1870] VLA chunk prompt=open the top drawer
2026-09-18 12:39:28,144 | INFO | [t=1880] VLA chunk prompt=open the top drawer
2026-09-18 12:39:28,510 | INFO | [t=1890] VLA chunk prompt=open the top drawer
2026-09-18 12:39:28,877 | INFO | [t=1900] VLA chunk prompt=open the top drawer
2026-09-18 12:39:29,247 | INFO | [t=1910] VLA chunk prompt=open the top drawer
2026-09-18 12:39:29,620 | INFO | [t=1920] VLA chunk prompt=open the top drawer
2026-09-18 12:39:29,995 | INFO | [t=1930] VLA chunk prompt=open the top drawer
2026-09-18 12:39:30,371 | INFO | [t=1940] VLA chunk prompt=open the top drawer
2026-09-18 12:39:30,749 | INFO | [t=1950] VLA chunk prompt=open the top drawer
2026-09-18 12:39:31,120 | INFO | [t=1960] VLA chunk prompt=open the top drawer
2026-09-18 12:39:31,492 | INFO | [t=1970] VLA chunk prompt=open the top drawer
2026-09-18 12:39:31,863 | INFO | [t=1980] VLA chunk prompt=open the top drawer
2026-09-18 12:39:32,238 | INFO | [t=1990] VLA chunk prompt=open the top drawer
2026-09-18 12:39:32,608 | INFO | [t=2000] VLA chunk prompt=open the top drawer
2026-09-18 12:39:32,978 | INFO | [t=2010] VLA chunk prompt=open the top drawer
2026-09-18 12:39:33,349 | INFO | [t=2020] VLA chunk prompt=open the top drawer
2026-09-18 12:39:33,720 | INFO | [t=2030] VLA chunk prompt=open the top drawer
2026-09-18 12:39:34,090 | INFO | [t=2040] VLA chunk prompt=open the top drawer
2026-09-18 12:39:34,468 | INFO | [t=2050] VLA chunk prompt=open the top drawer
2026-09-18 12:39:34,842 | INFO | [t=2060] VLA chunk prompt=open the top drawer
2026-09-18 12:39:35,209 | INFO | [t=2070] VLA chunk prompt=open the top drawer
2026-09-18 12:39:35,576 | INFO | [t=2080] VLA chunk prompt=open the top drawer
2026-09-18 12:39:35,942 | INFO | [t=2090] VLA chunk prompt=open the top drawer
2026-09-18 12:39:36,309 | INFO | [t=2100] VLA chunk prompt=open the top drawer
2026-09-18 12:39:36,674 | INFO | [t=2110] VLA chunk prompt=open the top drawer
2026-09-18 12:39:37,038 | INFO | [t=2120] VLA chunk prompt=open the top drawer
2026-09-18 12:39:37,396 | INFO | [t=2130] VLA chunk prompt=open the top drawer
2026-09-18 12:39:37,755 | INFO | [t=2140] VLA chunk prompt=open the top drawer
2026-09-18 12:39:38,113 | INFO | [t=2150] VLA chunk prompt=open the top drawer
2026-09-18 12:39:38,472 | INFO | [t=2160] VLA chunk prompt=open the top drawer
2026-09-18 12:39:38,829 | INFO | [t=2170] VLA chunk prompt=open the top drawer
2026-09-18 12:39:39,189 | INFO | [t=2180] VLA chunk prompt=open the top drawer
2026-09-18 12:39:39,552 | INFO | [t=2190] VLA chunk prompt=open the top drawer
2026-09-18 12:39:39,852 | INFO | API VLM @t=1800 task=5 subtask=open top drawer keyframes=[]
2026-09-18 12:39:39,868 | INFO | [t=2200] VLM prompt update from step=1800: open top drawer
2026-09-18 12:39:39,919 | INFO | [t=2200] VLA chunk prompt=open top drawer
2026-09-18 12:39:40,289 | INFO | [t=2210] VLA chunk prompt=open top drawer
2026-09-18 12:39:40,662 | INFO | [t=2220] VLA chunk prompt=open top drawer
2026-09-18 12:39:41,036 | INFO | [t=2230] VLA chunk prompt=open top drawer
2026-09-18 12:39:41,404 | INFO | [t=2240] VLA chunk prompt=open top drawer
2026-09-18 12:39:41,772 | INFO | [t=2250] VLA chunk prompt=open top drawer
2026-09-18 12:39:42,139 | INFO | [t=2260] VLA chunk prompt=open top drawer
2026-09-18 12:39:42,505 | INFO | [t=2270] VLA chunk prompt=open top drawer
2026-09-18 12:39:42,867 | INFO | [t=2280] VLA chunk prompt=open top drawer
2026-09-18 12:39:43,221 | INFO | [t=2290] VLA chunk prompt=open top drawer
2026-09-18 12:39:43,575 | INFO | [t=2300] VLA chunk prompt=open top drawer
2026-09-18 12:39:43,928 | INFO | [t=2310] VLA chunk prompt=open top drawer
2026-09-18 12:39:44,284 | INFO | [t=2320] VLA chunk prompt=open top drawer
2026-09-18 12:39:44,638 | INFO | [t=2330] VLA chunk prompt=open top drawer
2026-09-18 12:39:44,994 | INFO | [t=2340] VLA chunk prompt=open top drawer
2026-09-18 12:39:45,356 | INFO | [t=2350] VLA chunk prompt=open top drawer
2026-09-18 12:39:45,720 | INFO | [t=2360] VLA chunk prompt=open top drawer
2026-09-18 12:39:46,092 | INFO | [t=2370] VLA chunk prompt=open top drawer
2026-09-18 12:39:46,463 | INFO | [t=2380] VLA chunk prompt=open top drawer
2026-09-18 12:39:46,835 | INFO | [t=2390] VLA chunk prompt=open top drawer
2026-09-18 12:39:47,210 | INFO | [t=2400] VLA chunk prompt=open top drawer
2026-09-18 12:39:47,575 | INFO | [t=2410] VLA chunk prompt=open top drawer
2026-09-18 12:39:47,945 | INFO | [t=2420] VLA chunk prompt=open top drawer
2026-09-18 12:39:48,314 | INFO | [t=2430] VLA chunk prompt=open top drawer
2026-09-18 12:39:48,682 | INFO | [t=2440] VLA chunk prompt=open top drawer
2026-09-18 12:39:49,056 | INFO | [t=2450] VLA chunk prompt=open top drawer
2026-09-18 12:39:49,428 | INFO | [t=2460] VLA chunk prompt=open top drawer
2026-09-18 12:39:49,804 | INFO | [t=2470] VLA chunk prompt=open top drawer
2026-09-18 12:39:50,183 | INFO | [t=2480] VLA chunk prompt=open top drawer
2026-09-18 12:39:50,560 | INFO | [t=2490] VLA chunk prompt=open top drawer
2026-09-18 12:39:50,777 | INFO | API VLM @t=2185 task=5 subtask=open the top drawer keyframes=[]
2026-09-18 12:39:51,445 | INFO | [t=2500] VLM prompt update from step=2185: open the top drawer
2026-09-18 12:39:51,496 | INFO | [t=2500] VLA chunk prompt=open the top drawer
2026-09-18 12:39:54,911 | INFO | attempt=0 stage_score=25.0 stage_success=False failure_reason=incomplete_stage
2026-09-18 12:39:56,977 | INFO | harness release_gripper after env.reset (attempt=1)
2026-09-18 12:39:56,978 | INFO | async VLM enabled: single-slot subtask buffer
2026-09-18 12:39:57,241 | INFO | [t=10] VLA chunk prompt=Open all drawers in order, remember the empty drawer, then put butter into that empty drawer.
2026-09-18 12:39:57,525 | INFO | [t=20] VLA chunk prompt=Open all drawers in order, remember the empty drawer, then put butter into that empty drawer.
2026-09-18 12:39:57,806 | INFO | [t=30] VLA chunk prompt=Open all drawers in order, remember the empty drawer, then put butter into that empty drawer.
2026-09-18 12:39:58,086 | INFO | [t=40] VLA chunk prompt=Open all drawers in order, remember the empty drawer, then put butter into that empty drawer.
2026-09-18 12:39:58,363 | INFO | [t=50] VLA chunk prompt=Open all drawers in order, remember the empty drawer, then put butter into that empty drawer.
2026-09-18 12:39:58,643 | INFO | [t=60] VLA chunk prompt=Open all drawers in order, remember the empty drawer, then put butter into that empty drawer.
2026-09-18 12:39:58,930 | INFO | [t=70] VLA chunk prompt=Open all drawers in order, remember the empty drawer, then put butter into that empty drawer.
2026-09-18 12:39:59,173 | INFO | [t=80] harness subtask override: open top drawer
2026-09-18 12:39:59,235 | INFO | [t=80] VLM prompt update from step=-1: open top drawer
2026-09-18 12:39:59,235 | INFO | [t=80] harness forced VLM replan after stall (pmh visual retrieve armed)
2026-09-18 12:39:59,285 | INFO | [t=80] VLA chunk prompt=open top drawer
2026-09-18 12:39:59,576 | INFO | [t=90] VLA chunk prompt=open top drawer
2026-09-18 12:39:59,944 | INFO | [t=100] VLA chunk prompt=open top drawer
2026-09-18 12:40:00,413 | INFO | [t=110] VLA chunk prompt=open top drawer
2026-09-18 12:40:00,858 | INFO | [t=120] VLA chunk prompt=open top drawer
2026-09-18 12:40:01,194 | INFO | [t=130] VLA chunk prompt=open top drawer
2026-09-18 12:40:01,435 | INFO | [t=138] stage done: 01_Open_Top_Drawer
2026-09-18 12:40:01,545 | INFO | [t=140] VLA chunk prompt=open top drawer
2026-09-18 12:40:01,891 | INFO | [t=150] VLA chunk prompt=open top drawer
2026-09-18 12:40:02,257 | INFO | [t=160] VLA chunk prompt=open top drawer
2026-09-18 12:40:02,630 | INFO | [t=170] VLA chunk prompt=open top drawer
2026-09-18 12:40:03,000 | INFO | [t=180] VLA chunk prompt=open top drawer
2026-09-18 12:40:03,375 | INFO | [t=190] VLA chunk prompt=open top drawer
2026-09-18 12:40:03,751 | INFO | [t=200] VLA chunk prompt=open top drawer
2026-09-18 12:40:04,127 | INFO | [t=210] VLA chunk prompt=open top drawer
2026-09-18 12:40:04,468 | INFO | [t=220] harness subtask override: close top drawer
2026-09-18 12:40:04,468 | INFO | [t=220] VLM prompt update from step=70: close top drawer
2026-09-18 12:40:04,468 | INFO | [t=220] harness forced VLM replan after stall (pmh visual retrieve armed)
2026-09-18 12:40:04,519 | INFO | [t=220] VLA chunk prompt=close top drawer
2026-09-18 12:40:04,917 | INFO | [t=230] VLA chunk prompt=close top drawer
2026-09-18 12:40:05,316 | INFO | [t=240] VLA chunk prompt=close top drawer
2026-09-18 12:40:05,713 | INFO | [t=250] VLA chunk prompt=close top drawer
2026-09-18 12:40:06,111 | INFO | [t=260] VLA chunk prompt=close top drawer
2026-09-18 12:40:06,503 | INFO | [t=270] VLA chunk prompt=close top drawer
2026-09-18 12:40:06,889 | INFO | [t=280] VLA chunk prompt=close top drawer
2026-09-18 12:40:07,283 | INFO | [t=290] VLA chunk prompt=close top drawer
2026-09-18 12:40:07,366 | INFO | API VLM @t=0 task=5 subtask=05_Open_Bottom_Drawer keyframes=[]
2026-09-18 12:40:07,617 | INFO | [t=300] VLM prompt update from step=0: 05_Open_Bottom_Drawer
2026-09-18 12:40:07,668 | INFO | [t=300] VLA chunk prompt=05_Open_Bottom_Drawer
2026-09-18 12:40:08,063 | INFO | [t=310] VLA chunk prompt=05_Open_Bottom_Drawer
2026-09-18 12:40:08,451 | INFO | [t=320] VLA chunk prompt=05_Open_Bottom_Drawer
2026-09-18 12:40:08,848 | INFO | [t=330] VLA chunk prompt=05_Open_Bottom_Drawer
2026-09-18 12:40:09,242 | INFO | [t=340] VLA chunk prompt=05_Open_Bottom_Drawer
2026-09-18 12:40:09,652 | INFO | [t=350] VLA chunk prompt=05_Open_Bottom_Drawer
2026-09-18 12:40:10,058 | INFO | [t=360] VLA chunk prompt=05_Open_Bottom_Drawer
2026-09-18 12:40:10,460 | INFO | [t=370] VLA chunk prompt=05_Open_Bottom_Drawer
2026-09-18 12:40:10,857 | INFO | [t=380] VLA chunk prompt=05_Open_Bottom_Drawer
2026-09-18 12:40:10,996 | INFO | API VLM @t=2480 task=5 subtask=open the top drawer keyframes=[]
2026-09-18 12:40:11,252 | INFO | [t=390] VLA chunk prompt=05_Open_Bottom_Drawer
2026-09-18 12:40:11,642 | INFO | [t=400] VLA chunk prompt=05_Open_Bottom_Drawer
2026-09-18 12:40:12,040 | INFO | [t=410] VLA chunk prompt=05_Open_Bottom_Drawer
2026-09-18 12:40:12,439 | INFO | [t=420] VLA chunk prompt=05_Open_Bottom_Drawer
2026-09-18 12:40:12,839 | INFO | [t=430] VLA chunk prompt=05_Open_Bottom_Drawer
2026-09-18 12:40:13,243 | INFO | [t=440] VLA chunk prompt=05_Open_Bottom_Drawer
2026-09-18 12:40:13,650 | INFO | [t=450] VLA chunk prompt=05_Open_Bottom_Drawer
2026-09-18 12:40:14,056 | INFO | [t=460] VLA chunk prompt=05_Open_Bottom_Drawer
2026-09-18 12:40:14,165 | INFO | [t=463] stage done: 02_Close_Top_Drawer
2026-09-18 12:40:14,472 | INFO | [t=470] VLA chunk prompt=05_Open_Bottom_Drawer
2026-09-18 12:40:14,867 | INFO | [t=480] VLA chunk prompt=05_Open_Bottom_Drawer
2026-09-18 12:40:15,252 | INFO | [t=490] VLA chunk prompt=05_Open_Bottom_Drawer
2026-09-18 12:40:15,634 | INFO | [t=500] VLA chunk prompt=05_Open_Bottom_Drawer
2026-09-18 12:40:16,016 | INFO | [t=510] VLA chunk prompt=05_Open_Bottom_Drawer
2026-09-18 12:40:16,398 | INFO | [t=520] VLA chunk prompt=05_Open_Bottom_Drawer
2026-09-18 12:40:16,785 | INFO | [t=530] VLA chunk prompt=05_Open_Bottom_Drawer
2026-09-18 12:40:17,176 | INFO | [t=540] VLA chunk prompt=05_Open_Bottom_Drawer
2026-09-18 12:40:17,512 | INFO | [t=550] harness subtask override: open middle drawer
2026-09-18 12:40:17,512 | INFO | [t=550] VLM prompt update from step=0: open middle drawer
2026-09-18 12:40:17,513 | INFO | [t=550] harness forced VLM replan after stall (pmh visual retrieve armed)
2026-09-18 12:40:17,564 | INFO | [t=550] VLA chunk prompt=open middle drawer
2026-09-18 12:40:17,953 | INFO | [t=560] VLA chunk prompt=open middle drawer
2026-09-18 12:40:18,346 | INFO | [t=570] VLA chunk prompt=open middle drawer
2026-09-18 12:40:18,739 | INFO | [t=580] VLA chunk prompt=open middle drawer
2026-09-18 12:40:19,010 | INFO | [t=588] stage done: 03_Open_Middle_Drawer
2026-09-18 12:40:19,128 | INFO | [t=590] VLA chunk prompt=open middle drawer
2026-09-18 12:40:19,508 | INFO | [t=600] VLA chunk prompt=open middle drawer
2026-09-18 12:40:19,896 | INFO | [t=610] VLA chunk prompt=open middle drawer
2026-09-18 12:40:20,285 | INFO | [t=620] VLA chunk prompt=open middle drawer
2026-09-18 12:40:20,680 | INFO | [t=630] VLA chunk prompt=open middle drawer
2026-09-18 12:40:21,078 | INFO | [t=640] VLA chunk prompt=open middle drawer
2026-09-18 12:40:21,477 | INFO | [t=650] VLA chunk prompt=open middle drawer
2026-09-18 12:40:21,882 | INFO | [t=660] VLA chunk prompt=open middle drawer
2026-09-18 12:40:22,235 | INFO | [t=670] harness subtask override: close middle drawer
2026-09-18 12:40:22,235 | INFO | [t=670] VLM prompt update from step=0: close middle drawer
2026-09-18 12:40:22,235 | INFO | [t=670] harness forced VLM replan after stall (pmh visual retrieve armed)
2026-09-18 12:40:22,287 | INFO | [t=670] VLA chunk prompt=close middle drawer
2026-09-18 12:40:22,693 | INFO | [t=680] VLA chunk prompt=close middle drawer
2026-09-18 12:40:23,093 | INFO | [t=690] VLA chunk prompt=close middle drawer
2026-09-18 12:40:23,484 | INFO | [t=700] VLA chunk prompt=close middle drawer
2026-09-18 12:40:23,863 | INFO | [t=710] VLA chunk prompt=close middle drawer
2026-09-18 12:40:24,240 | INFO | [t=720] VLA chunk prompt=close middle drawer
2026-09-18 12:40:24,612 | INFO | [t=730] VLA chunk prompt=close middle drawer
2026-09-18 12:40:24,984 | INFO | [t=740] VLA chunk prompt=close middle drawer
2026-09-18 12:40:25,356 | INFO | [t=750] VLA chunk prompt=close middle drawer
2026-09-18 12:40:25,729 | INFO | [t=760] VLA chunk prompt=close middle drawer
2026-09-18 12:40:26,101 | INFO | [t=770] VLA chunk prompt=close middle drawer
2026-09-18 12:40:26,468 | INFO | [t=780] VLA chunk prompt=close middle drawer
2026-09-18 12:40:26,833 | INFO | [t=790] VLA chunk prompt=close middle drawer
2026-09-18 12:40:27,197 | INFO | [t=800] VLA chunk prompt=close middle drawer
2026-09-18 12:40:27,562 | INFO | [t=810] VLA chunk prompt=close middle drawer
2026-09-18 12:40:27,925 | INFO | [t=820] VLA chunk prompt=close middle drawer
2026-09-18 12:40:28,288 | INFO | [t=830] VLA chunk prompt=close middle drawer
2026-09-18 12:40:28,657 | INFO | [t=840] VLA chunk prompt=close middle drawer
2026-09-18 12:40:29,029 | INFO | [t=850] VLA chunk prompt=close middle drawer
2026-09-18 12:40:29,402 | INFO | [t=860] VLA chunk prompt=close middle drawer
2026-09-18 12:40:29,782 | INFO | [t=870] VLA chunk prompt=close middle drawer
2026-09-18 12:40:30,162 | INFO | [t=880] VLA chunk prompt=close middle drawer
2026-09-18 12:40:30,536 | INFO | [t=890] VLA chunk prompt=close middle drawer
2026-09-18 12:40:30,903 | INFO | [t=900] VLA chunk prompt=close middle drawer
2026-09-18 12:40:31,262 | INFO | [t=910] VLA chunk prompt=close middle drawer
2026-09-18 12:40:31,622 | INFO | [t=920] VLA chunk prompt=close middle drawer
2026-09-18 12:40:31,985 | INFO | [t=930] VLA chunk prompt=close middle drawer
2026-09-18 12:40:32,358 | INFO | [t=940] VLA chunk prompt=close middle drawer
2026-09-18 12:40:32,727 | INFO | [t=950] VLA chunk prompt=close middle drawer
2026-09-18 12:40:33,096 | INFO | [t=960] VLA chunk prompt=close middle drawer
2026-09-18 12:40:33,464 | INFO | [t=970] VLA chunk prompt=close middle drawer
2026-09-18 12:40:33,833 | INFO | [t=980] VLA chunk prompt=close middle drawer
2026-09-18 12:40:34,203 | INFO | [t=990] VLA chunk prompt=close middle drawer
2026-09-18 12:40:34,578 | INFO | [t=1000] VLA chunk prompt=close middle drawer
2026-09-18 12:40:34,956 | INFO | [t=1010] VLA chunk prompt=close middle drawer
2026-09-18 12:40:35,330 | INFO | [t=1020] VLA chunk prompt=close middle drawer
2026-09-18 12:40:35,700 | INFO | [t=1030] VLA chunk prompt=close middle drawer
2026-09-18 12:40:36,068 | INFO | [t=1040] VLA chunk prompt=close middle drawer
2026-09-18 12:40:36,433 | INFO | [t=1050] VLA chunk prompt=close middle drawer
2026-09-18 12:40:36,798 | INFO | [t=1060] VLA chunk prompt=close middle drawer
2026-09-18 12:40:37,162 | INFO | [t=1070] VLA chunk prompt=close middle drawer
2026-09-18 12:40:37,527 | INFO | [t=1080] VLA chunk prompt=close middle drawer
2026-09-18 12:40:37,893 | INFO | [t=1090] VLA chunk prompt=close middle drawer
2026-09-18 12:40:38,264 | INFO | [t=1100] VLA chunk prompt=close middle drawer
2026-09-18 12:40:38,639 | INFO | [t=1110] VLA chunk prompt=close middle drawer
2026-09-18 12:40:39,011 | INFO | [t=1120] VLA chunk prompt=close middle drawer
2026-09-18 12:40:39,383 | INFO | [t=1130] VLA chunk prompt=close middle drawer
2026-09-18 12:40:39,755 | INFO | [t=1140] VLA chunk prompt=close middle drawer
2026-09-18 12:40:40,127 | INFO | [t=1150] VLA chunk prompt=close middle drawer
2026-09-18 12:40:40,499 | INFO | [t=1160] VLA chunk prompt=close middle drawer
2026-09-18 12:40:40,867 | INFO | [t=1170] VLA chunk prompt=close middle drawer
2026-09-18 12:40:41,230 | INFO | [t=1180] VLA chunk prompt=close middle drawer
2026-09-18 12:40:41,593 | INFO | [t=1190] VLA chunk prompt=close middle drawer
2026-09-18 12:40:42,003 | INFO | [t=1200] VLA chunk prompt=close middle drawer
2026-09-18 12:40:42,443 | INFO | [t=1210] VLA chunk prompt=close middle drawer
2026-09-18 12:40:42,476 | INFO | API VLM @t=280 task=5 subtask=close the top drawer keyframes=[1]
2026-09-18 12:40:42,798 | INFO | [t=1220] VLM prompt update from step=280: close the top drawer
2026-09-18 12:40:42,849 | INFO | [t=1220] VLA chunk prompt=close the top drawer
2026-09-18 12:40:43,222 | INFO | [t=1230] VLA chunk prompt=close the top drawer
2026-09-18 12:40:43,597 | INFO | [t=1240] VLA chunk prompt=close the top drawer
2026-09-18 12:40:44,045 | INFO | [t=1250] VLA chunk prompt=close the top drawer
2026-09-18 12:40:44,421 | INFO | [t=1260] VLA chunk prompt=close the top drawer
2026-09-18 12:40:44,796 | INFO | [t=1270] VLA chunk prompt=close the top drawer
2026-09-18 12:40:45,171 | INFO | [t=1280] VLA chunk prompt=close the top drawer
2026-09-18 12:40:45,546 | INFO | [t=1290] VLA chunk prompt=close the top drawer
2026-09-18 12:40:45,935 | INFO | [t=1300] VLA chunk prompt=close the top drawer
2026-09-18 12:40:46,377 | INFO | [t=1310] VLA chunk prompt=close the top drawer
2026-09-18 12:40:46,748 | INFO | [t=1320] VLA chunk prompt=close the top drawer
2026-09-18 12:40:47,119 | INFO | [t=1330] VLA chunk prompt=close the top drawer
2026-09-18 12:40:47,490 | INFO | [t=1340] VLA chunk prompt=close the top drawer
2026-09-18 12:40:47,866 | INFO | [t=1350] VLA chunk prompt=close the top drawer
2026-09-18 12:40:48,241 | INFO | [t=1360] VLA chunk prompt=close the top drawer
2026-09-18 12:40:48,613 | INFO | [t=1370] VLA chunk prompt=close the top drawer
2026-09-18 12:40:48,981 | INFO | [t=1380] VLA chunk prompt=close the top drawer
2026-09-18 12:40:49,349 | INFO | [t=1390] VLA chunk prompt=close the top drawer
2026-09-18 12:40:49,718 | INFO | [t=1400] VLA chunk prompt=close the top drawer
2026-09-18 12:40:50,087 | INFO | [t=1410] VLA chunk prompt=close the top drawer
2026-09-18 12:40:50,463 | INFO | [t=1420] VLA chunk prompt=close the top drawer
2026-09-18 12:40:50,844 | INFO | [t=1430] VLA chunk prompt=close the top drawer
2026-09-18 12:40:51,219 | INFO | [t=1440] VLA chunk prompt=close the top drawer
2026-09-18 12:40:51,604 | INFO | [t=1450] VLA chunk prompt=close the top drawer
2026-09-18 12:40:51,979 | INFO | [t=1460] VLA chunk prompt=close the top drawer
2026-09-18 12:40:52,353 | INFO | [t=1470] VLA chunk prompt=close the top drawer
2026-09-18 12:40:52,729 | INFO | [t=1480] VLA chunk prompt=close the top drawer
2026-09-18 12:40:53,105 | INFO | [t=1490] VLA chunk prompt=close the top drawer
2026-09-18 12:40:53,476 | INFO | [t=1500] VLA chunk prompt=close the top drawer
2026-09-18 12:40:53,849 | INFO | [t=1510] VLA chunk prompt=close the top drawer
2026-09-18 12:40:54,229 | INFO | [t=1520] VLA chunk prompt=close the top drawer
2026-09-18 12:40:54,610 | INFO | [t=1530] VLA chunk prompt=close the top drawer
2026-09-18 12:40:54,993 | INFO | [t=1540] VLA chunk prompt=close the top drawer
2026-09-18 12:40:55,383 | INFO | [t=1550] VLA chunk prompt=close the top drawer
2026-09-18 12:40:55,785 | INFO | [t=1560] VLA chunk prompt=close the top drawer
2026-09-18 12:40:56,188 | INFO | [t=1570] VLA chunk prompt=close the top drawer
2026-09-18 12:40:56,596 | INFO | [t=1580] VLA chunk prompt=close the top drawer
2026-09-18 12:40:57,006 | INFO | [t=1590] VLA chunk prompt=close the top drawer
2026-09-18 12:40:57,421 | INFO | [t=1600] VLA chunk prompt=close the top drawer
2026-09-18 12:40:57,831 | INFO | [t=1610] VLA chunk prompt=close the top drawer
2026-09-18 12:40:58,222 | INFO | [t=1620] VLA chunk prompt=close the top drawer
2026-09-18 12:40:58,611 | INFO | [t=1630] VLA chunk prompt=close the top drawer
2026-09-18 12:40:59,003 | INFO | [t=1640] VLA chunk prompt=close the top drawer
2026-09-18 12:40:59,394 | INFO | [t=1650] VLA chunk prompt=close the top drawer
2026-09-18 12:40:59,783 | INFO | [t=1660] VLA chunk prompt=close the top drawer
2026-09-18 12:41:00,167 | INFO | [t=1670] VLA chunk prompt=close the top drawer
2026-09-18 12:41:00,541 | INFO | [t=1680] VLA chunk prompt=close the top drawer
2026-09-18 12:41:00,908 | INFO | [t=1690] VLA chunk prompt=close the top drawer
2026-09-18 12:41:01,272 | INFO | [t=1700] VLA chunk prompt=close the top drawer
2026-09-18 12:41:01,633 | INFO | [t=1710] VLA chunk prompt=close the top drawer
2026-09-18 12:41:01,989 | INFO | [t=1720] VLA chunk prompt=close the top drawer
2026-09-18 12:41:02,346 | INFO | [t=1730] VLA chunk prompt=close the top drawer
2026-09-18 12:41:02,697 | INFO | [t=1740] VLA chunk prompt=close the top drawer
2026-09-18 12:41:03,047 | INFO | [t=1750] VLA chunk prompt=close the top drawer
2026-09-18 12:41:03,397 | INFO | [t=1760] VLA chunk prompt=close the top drawer
2026-09-18 12:41:03,765 | INFO | [t=1770] VLA chunk prompt=close the top drawer
2026-09-18 12:41:04,138 | INFO | [t=1780] VLA chunk prompt=close the top drawer
2026-09-18 12:41:04,512 | INFO | [t=1790] VLA chunk prompt=close the top drawer
2026-09-18 12:41:04,891 | INFO | [t=1800] VLA chunk prompt=close the top drawer
2026-09-18 12:41:05,266 | INFO | [t=1810] VLA chunk prompt=close the top drawer
2026-09-18 12:41:05,642 | INFO | [t=1820] VLA chunk prompt=close the top drawer
2026-09-18 12:41:06,016 | INFO | [t=1830] VLA chunk prompt=close the top drawer
2026-09-18 12:41:06,387 | INFO | [t=1840] VLA chunk prompt=close the top drawer
2026-09-18 12:41:06,757 | INFO | [t=1850] VLA chunk prompt=close the top drawer
2026-09-18 12:41:07,127 | INFO | [t=1860] VLA chunk prompt=close the top drawer
2026-09-18 12:41:07,496 | INFO | [t=1870] VLA chunk prompt=close the top drawer
2026-09-18 12:41:07,867 | INFO | [t=1880] VLA chunk prompt=close the top drawer
2026-09-18 12:41:08,236 | INFO | [t=1890] VLA chunk prompt=close the top drawer
2026-09-18 12:41:08,512 | INFO | API VLM @t=1200 task=5 subtask=grasp butter keyframes=[]
2026-09-18 12:41:08,552 | INFO | [t=1900] VLM prompt update from step=1200: grasp butter
2026-09-18 12:41:08,602 | INFO | [t=1900] VLA chunk prompt=grasp butter
2026-09-18 12:41:08,972 | INFO | [t=1910] VLA chunk prompt=grasp butter
2026-09-18 12:41:09,341 | INFO | [t=1920] VLA chunk prompt=grasp butter
2026-09-18 12:41:09,711 | INFO | [t=1930] VLA chunk prompt=grasp butter
2026-09-18 12:41:10,081 | INFO | [t=1940] VLA chunk prompt=grasp butter
2026-09-18 12:41:10,461 | INFO | [t=1950] VLA chunk prompt=grasp butter
2026-09-18 12:41:10,841 | INFO | [t=1960] VLA chunk prompt=grasp butter
2026-09-18 12:41:11,211 | INFO | [t=1970] VLA chunk prompt=grasp butter
2026-09-18 12:41:11,580 | INFO | [t=1980] VLA chunk prompt=grasp butter
2026-09-18 12:41:11,949 | INFO | [t=1990] VLA chunk prompt=grasp butter
2026-09-18 12:41:12,316 | INFO | [t=2000] VLA chunk prompt=grasp butter
2026-09-18 12:41:12,687 | INFO | [t=2010] VLA chunk prompt=grasp butter
2026-09-18 12:41:13,072 | INFO | [t=2020] VLA chunk prompt=grasp butter
2026-09-18 12:41:13,458 | INFO | [t=2030] VLA chunk prompt=grasp butter
2026-09-18 12:41:13,846 | INFO | [t=2040] VLA chunk prompt=grasp butter
2026-09-18 12:41:14,236 | INFO | [t=2050] VLA chunk prompt=grasp butter
2026-09-18 12:41:14,618 | INFO | [t=2060] VLA chunk prompt=grasp butter
2026-09-18 12:41:15,005 | INFO | [t=2070] VLA chunk prompt=grasp butter
2026-09-18 12:41:15,389 | INFO | [t=2080] VLA chunk prompt=grasp butter
2026-09-18 12:41:15,771 | INFO | [t=2090] VLA chunk prompt=grasp butter
2026-09-18 12:41:16,151 | INFO | [t=2100] VLA chunk prompt=grasp butter
2026-09-18 12:41:16,534 | INFO | [t=2110] VLA chunk prompt=grasp butter
2026-09-18 12:41:16,915 | INFO | [t=2120] VLA chunk prompt=grasp butter
2026-09-18 12:41:17,292 | INFO | [t=2130] VLA chunk prompt=grasp butter
2026-09-18 12:41:17,668 | INFO | [t=2140] VLA chunk prompt=grasp butter
2026-09-18 12:41:18,046 | INFO | [t=2150] VLA chunk prompt=grasp butter
2026-09-18 12:41:18,423 | INFO | [t=2160] VLA chunk prompt=grasp butter
2026-09-18 12:41:18,805 | INFO | [t=2170] VLA chunk prompt=grasp butter
2026-09-18 12:41:19,195 | INFO | [t=2180] VLA chunk prompt=grasp butter
2026-09-18 12:41:19,583 | INFO | [t=2190] VLA chunk prompt=grasp butter
2026-09-18 12:41:19,966 | INFO | [t=2200] VLA chunk prompt=grasp butter
2026-09-18 12:41:20,339 | INFO | [t=2210] VLA chunk prompt=grasp butter
2026-09-18 12:41:20,701 | INFO | [t=2220] VLA chunk prompt=grasp butter
2026-09-18 12:41:21,059 | INFO | [t=2230] VLA chunk prompt=grasp butter
2026-09-18 12:41:21,419 | INFO | [t=2240] VLA chunk prompt=grasp butter
2026-09-18 12:41:21,778 | INFO | [t=2250] VLA chunk prompt=grasp butter
2026-09-18 12:41:22,140 | INFO | [t=2260] VLA chunk prompt=grasp butter
2026-09-18 12:41:22,502 | INFO | [t=2270] VLA chunk prompt=grasp butter
2026-09-18 12:41:22,868 | INFO | [t=2280] VLA chunk prompt=grasp butter
2026-09-18 12:41:23,229 | INFO | [t=2290] VLA chunk prompt=grasp butter
2026-09-18 12:41:23,587 | INFO | [t=2300] VLA chunk prompt=grasp butter
2026-09-18 12:41:23,942 | INFO | [t=2310] VLA chunk prompt=grasp butter
2026-09-18 12:41:24,310 | INFO | [t=2320] VLA chunk prompt=grasp butter
2026-09-18 12:41:24,687 | INFO | [t=2330] VLA chunk prompt=grasp butter
2026-09-18 12:41:25,065 | INFO | [t=2340] VLA chunk prompt=grasp butter
2026-09-18 12:41:25,439 | INFO | [t=2350] VLA chunk prompt=grasp butter
2026-09-18 12:41:25,808 | INFO | [t=2360] VLA chunk prompt=grasp butter
2026-09-18 12:41:26,176 | INFO | [t=2370] VLA chunk prompt=grasp butter
2026-09-18 12:41:26,538 | INFO | [t=2380] VLA chunk prompt=grasp butter
2026-09-18 12:41:26,897 | INFO | [t=2390] VLA chunk prompt=grasp butter
2026-09-18 12:41:27,245 | INFO | [t=2400] VLA chunk prompt=grasp butter
2026-09-18 12:41:27,599 | INFO | [t=2410] VLA chunk prompt=grasp butter
2026-09-18 12:41:27,954 | INFO | [t=2420] VLA chunk prompt=grasp butter
2026-09-18 12:41:28,313 | INFO | [t=2430] VLA chunk prompt=grasp butter
2026-09-18 12:41:28,678 | INFO | [t=2440] VLA chunk prompt=grasp butter
2026-09-18 12:41:29,046 | INFO | [t=2450] VLA chunk prompt=grasp butter
2026-09-18 12:41:29,422 | INFO | [t=2460] VLA chunk prompt=grasp butter
2026-09-18 12:41:29,809 | INFO | [t=2470] VLA chunk prompt=grasp butter
2026-09-18 12:41:30,191 | INFO | [t=2480] VLA chunk prompt=grasp butter
2026-09-18 12:41:30,587 | INFO | [t=2490] VLA chunk prompt=grasp butter
2026-09-18 12:41:31,000 | INFO | [t=2500] VLA chunk prompt=grasp butter
2026-09-18 12:41:34,384 | INFO | attempt=1 stage_score=37.5 stage_success=False failure_reason=incomplete_stage
2026-09-18 12:41:34,384 | INFO | Episode 9 seed=109 stage_score=37.5 stage_success=0 goal=0.375 failure_reason=incomplete_stage | 01_Open_Top_Drawer=Y | 02_Close_Top_Drawer=Y | 03_Open_Middle_Drawer=Y | 04_Close_Middle_Drawer=N | 05_Open_Bottom_Drawer=N | 06_Close_Bottom_Drawer=N | 07_Open_Middle_Drawer_Again=N | 08_Put_Butter_Middle_Drawer=N | 09_Close_Middle_Drawer_Final=N
