2026-09-26 20:07:43,653 | INFO | task_id=8 bddl=/project/peilab/why/RoboMemArena/bddl/8_pick_chocolate_in_frypan_pour_tomato_sauce_twice.bddl vlm_ckpt=/project/peilab/why/RoboMemArena/checkpoints/PrediMem/vlm_tasks1to26_ckpt74500
2026-09-26 20:07:43,846 | INFO | API VLM @t=2435 task=8 subtask=Pick up the chocolate to place it in the frypan. keyframes=[]
2026-09-26 20:07:45,328 | INFO | async VLM enabled: single-slot subtask buffer
2026-09-26 20:07:45,562 | INFO | [t=10] VLA chunk prompt=Pick and place chocolate into the frypan, pour tomato sauce over it twice, then place the sauce bottle into the bowl drainer.
2026-09-26 20:07:45,804 | INFO | [t=20] VLA chunk prompt=Pick and place chocolate into the frypan, pour tomato sauce over it twice, then place the sauce bottle into the bowl drainer.
2026-09-26 20:07:46,045 | INFO | [t=30] VLA chunk prompt=Pick and place chocolate into the frypan, pour tomato sauce over it twice, then place the sauce bottle into the bowl drainer.
2026-09-26 20:07:46,286 | INFO | [t=40] VLA chunk prompt=Pick and place chocolate into the frypan, pour tomato sauce over it twice, then place the sauce bottle into the bowl drainer.
2026-09-26 20:07:46,527 | INFO | [t=50] VLA chunk prompt=Pick and place chocolate into the frypan, pour tomato sauce over it twice, then place the sauce bottle into the bowl drainer.
2026-09-26 20:07:46,768 | INFO | [t=60] VLA chunk prompt=Pick and place chocolate into the frypan, pour tomato sauce over it twice, then place the sauce bottle into the bowl drainer.
2026-09-26 20:07:47,009 | INFO | [t=70] VLA chunk prompt=Pick and place chocolate into the frypan, pour tomato sauce over it twice, then place the sauce bottle into the bowl drainer.
2026-09-26 20:07:47,249 | INFO | [t=80] VLA chunk prompt=Pick and place chocolate into the frypan, pour tomato sauce over it twice, then place the sauce bottle into the bowl drainer.
2026-09-26 20:07:47,490 | INFO | [t=90] VLA chunk prompt=Pick and place chocolate into the frypan, pour tomato sauce over it twice, then place the sauce bottle into the bowl drainer.
2026-09-26 20:07:47,730 | INFO | [t=100] VLA chunk prompt=Pick and place chocolate into the frypan, pour tomato sauce over it twice, then place the sauce bottle into the bowl drainer.
2026-09-26 20:07:47,969 | INFO | [t=110] VLA chunk prompt=Pick and place chocolate into the frypan, pour tomato sauce over it twice, then place the sauce bottle into the bowl drainer.
2026-09-26 20:07:48,232 | INFO | [t=120] VLA chunk prompt=Pick and place chocolate into the frypan, pour tomato sauce over it twice, then place the sauce bottle into the bowl drainer.
2026-09-26 20:07:48,511 | INFO | [t=130] VLA chunk prompt=Pick and place chocolate into the frypan, pour tomato sauce over it twice, then place the sauce bottle into the bowl drainer.
2026-09-26 20:07:48,794 | INFO | [t=140] VLA chunk prompt=Pick and place chocolate into the frypan, pour tomato sauce over it twice, then place the sauce bottle into the bowl drainer.
2026-09-26 20:07:49,081 | INFO | [t=150] VLA chunk prompt=Pick and place chocolate into the frypan, pour tomato sauce over it twice, then place the sauce bottle into the bowl drainer.
2026-09-26 20:07:49,373 | INFO | [t=160] VLA chunk prompt=Pick and place chocolate into the frypan, pour tomato sauce over it twice, then place the sauce bottle into the bowl drainer.
2026-09-26 20:07:49,670 | INFO | [t=170] VLA chunk prompt=Pick and place chocolate into the frypan, pour tomato sauce over it twice, then place the sauce bottle into the bowl drainer.
2026-09-26 20:07:49,969 | INFO | [t=180] VLA chunk prompt=Pick and place chocolate into the frypan, pour tomato sauce over it twice, then place the sauce bottle into the bowl drainer.
2026-09-26 20:07:50,275 | INFO | [t=190] VLA chunk prompt=Pick and place chocolate into the frypan, pour tomato sauce over it twice, then place the sauce bottle into the bowl drainer.
2026-09-26 20:07:50,584 | INFO | [t=200] VLA chunk prompt=Pick and place chocolate into the frypan, pour tomato sauce over it twice, then place the sauce bottle into the bowl drainer.
2026-09-26 20:07:50,898 | INFO | [t=210] VLA chunk prompt=Pick and place chocolate into the frypan, pour tomato sauce over it twice, then place the sauce bottle into the bowl drainer.
2026-09-26 20:07:51,217 | INFO | [t=220] VLA chunk prompt=Pick and place chocolate into the frypan, pour tomato sauce over it twice, then place the sauce bottle into the bowl drainer.
2026-09-26 20:07:51,539 | INFO | [t=230] VLA chunk prompt=Pick and place chocolate into the frypan, pour tomato sauce over it twice, then place the sauce bottle into the bowl drainer.
2026-09-26 20:07:51,665 | INFO | API VLM @t=0 task=8 subtask=Pick up the chocolate and place it in the frypan. keyframes=[]
2026-09-26 20:07:51,816 | INFO | [t=240] VLM prompt update from step=0: Pick up the chocolate and place it in the frypan.
2026-09-26 20:07:51,866 | INFO | [t=240] VLA chunk prompt=Pick up the chocolate and place it in the frypan.
2026-09-26 20:07:52,192 | INFO | [t=250] VLA chunk prompt=Pick up the chocolate and place it in the frypan.
2026-09-26 20:07:52,523 | INFO | [t=260] VLA chunk prompt=Pick up the chocolate and place it in the frypan.
2026-09-26 20:07:52,856 | INFO | [t=270] VLA chunk prompt=Pick up the chocolate and place it in the frypan.
2026-09-26 20:07:53,189 | INFO | [t=280] VLA chunk prompt=Pick up the chocolate and place it in the frypan.
2026-09-26 20:07:53,516 | INFO | [t=290] VLA chunk prompt=Pick up the chocolate and place it in the frypan.
2026-09-26 20:07:53,838 | INFO | [t=300] VLA chunk prompt=Pick up the chocolate and place it in the frypan.
2026-09-26 20:07:54,162 | INFO | [t=310] VLA chunk prompt=Pick up the chocolate and place it in the frypan.
2026-09-26 20:07:54,487 | INFO | [t=320] VLA chunk prompt=Pick up the chocolate and place it in the frypan.
2026-09-26 20:07:54,813 | INFO | [t=330] VLA chunk prompt=Pick up the chocolate and place it in the frypan.
2026-09-26 20:07:55,138 | INFO | [t=340] VLA chunk prompt=Pick up the chocolate and place it in the frypan.
2026-09-26 20:07:55,464 | INFO | [t=350] VLA chunk prompt=Pick up the chocolate and place it in the frypan.
2026-09-26 20:07:55,789 | INFO | [t=360] VLA chunk prompt=Pick up the chocolate and place it in the frypan.
2026-09-26 20:07:56,115 | INFO | [t=370] VLA chunk prompt=Pick up the chocolate and place it in the frypan.
2026-09-26 20:07:56,440 | INFO | [t=380] VLA chunk prompt=Pick up the chocolate and place it in the frypan.
2026-09-26 20:07:56,762 | INFO | [t=390] VLA chunk prompt=Pick up the chocolate and place it in the frypan.
2026-09-26 20:07:57,085 | INFO | [t=400] VLA chunk prompt=Pick up the chocolate and place it in the frypan.
2026-09-26 20:07:57,407 | INFO | [t=410] VLA chunk prompt=Pick up the chocolate and place it in the frypan.
2026-09-26 20:07:57,728 | INFO | [t=420] VLA chunk prompt=Pick up the chocolate and place it in the frypan.
2026-09-26 20:07:58,052 | INFO | [t=430] VLA chunk prompt=Pick up the chocolate and place it in the frypan.
2026-09-26 20:07:58,375 | INFO | [t=440] VLA chunk prompt=Pick up the chocolate and place it in the frypan.
2026-09-26 20:07:58,699 | INFO | [t=450] VLA chunk prompt=Pick up the chocolate and place it in the frypan.
2026-09-26 20:07:59,026 | INFO | [t=460] VLA chunk prompt=Pick up the chocolate and place it in the frypan.
2026-09-26 20:07:59,367 | INFO | [t=470] VLA chunk prompt=Pick up the chocolate and place it in the frypan.
2026-09-26 20:07:59,729 | INFO | [t=480] VLA chunk prompt=Pick up the chocolate and place it in the frypan.
2026-09-26 20:08:00,091 | INFO | [t=490] VLA chunk prompt=Pick up the chocolate and place it in the frypan.
2026-09-26 20:08:00,450 | INFO | [t=500] VLA chunk prompt=Pick up the chocolate and place it in the frypan.
2026-09-26 20:08:00,806 | INFO | [t=510] VLA chunk prompt=Pick up the chocolate and place it in the frypan.
2026-09-26 20:08:01,160 | INFO | [t=520] VLA chunk prompt=Pick up the chocolate and place it in the frypan.
2026-09-26 20:08:01,511 | INFO | [t=530] VLA chunk prompt=Pick up the chocolate and place it in the frypan.
2026-09-26 20:08:01,860 | INFO | [t=540] VLA chunk prompt=Pick up the chocolate and place it in the frypan.
2026-09-26 20:08:02,208 | INFO | [t=550] VLA chunk prompt=Pick up the chocolate and place it in the frypan.
2026-09-26 20:08:02,555 | INFO | [t=560] VLA chunk prompt=Pick up the chocolate and place it in the frypan.
2026-09-26 20:08:02,902 | INFO | [t=570] VLA chunk prompt=Pick up the chocolate and place it in the frypan.
2026-09-26 20:08:03,246 | INFO | [t=580] VLA chunk prompt=Pick up the chocolate and place it in the frypan.
2026-09-26 20:08:03,430 | INFO | API VLM @t=220 task=8 subtask=Pour tomato sauce over the chocolate in the frypan. keyframes=[]
2026-09-26 20:08:03,544 | INFO | [t=590] VLM prompt update from step=220: Pour tomato sauce over the chocolate in the frypan.
2026-09-26 20:08:03,594 | INFO | [t=590] VLA chunk prompt=Pour tomato sauce over the chocolate in the frypan.
2026-09-26 20:08:03,937 | INFO | [t=600] VLA chunk prompt=Pour tomato sauce over the chocolate in the frypan.
2026-09-26 20:08:04,279 | INFO | [t=610] VLA chunk prompt=Pour tomato sauce over the chocolate in the frypan.
2026-09-26 20:08:04,622 | INFO | [t=620] VLA chunk prompt=Pour tomato sauce over the chocolate in the frypan.
2026-09-26 20:08:04,966 | INFO | [t=630] VLA chunk prompt=Pour tomato sauce over the chocolate in the frypan.
2026-09-26 20:08:05,312 | INFO | [t=640] VLA chunk prompt=Pour tomato sauce over the chocolate in the frypan.
2026-09-26 20:08:05,659 | INFO | [t=650] VLA chunk prompt=Pour tomato sauce over the chocolate in the frypan.
2026-09-26 20:08:06,006 | INFO | [t=660] VLA chunk prompt=Pour tomato sauce over the chocolate in the frypan.
2026-09-26 20:08:06,353 | INFO | [t=670] VLA chunk prompt=Pour tomato sauce over the chocolate in the frypan.
2026-09-26 20:08:06,697 | INFO | [t=680] VLA chunk prompt=Pour tomato sauce over the chocolate in the frypan.
2026-09-26 20:08:07,043 | INFO | [t=690] VLA chunk prompt=Pour tomato sauce over the chocolate in the frypan.
2026-09-26 20:08:07,390 | INFO | [t=700] VLA chunk prompt=Pour tomato sauce over the chocolate in the frypan.
2026-09-26 20:08:07,735 | INFO | [t=710] VLA chunk prompt=Pour tomato sauce over the chocolate in the frypan.
2026-09-26 20:08:08,080 | INFO | [t=720] VLA chunk prompt=Pour tomato sauce over the chocolate in the frypan.
2026-09-26 20:08:08,425 | INFO | [t=730] VLA chunk prompt=Pour tomato sauce over the chocolate in the frypan.
2026-09-26 20:08:08,771 | INFO | [t=740] VLA chunk prompt=Pour tomato sauce over the chocolate in the frypan.
2026-09-26 20:08:09,116 | INFO | [t=750] VLA chunk prompt=Pour tomato sauce over the chocolate in the frypan.
2026-09-26 20:08:09,463 | INFO | [t=760] VLA chunk prompt=Pour tomato sauce over the chocolate in the frypan.
2026-09-26 20:08:09,806 | INFO | [t=770] VLA chunk prompt=Pour tomato sauce over the chocolate in the frypan.
2026-09-26 20:08:10,150 | INFO | [t=780] VLA chunk prompt=Pour tomato sauce over the chocolate in the frypan.
2026-09-26 20:08:10,495 | INFO | [t=790] VLA chunk prompt=Pour tomato sauce over the chocolate in the frypan.
2026-09-26 20:08:10,836 | INFO | [t=800] VLA chunk prompt=Pour tomato sauce over the chocolate in the frypan.
2026-09-26 20:08:11,181 | INFO | [t=810] VLA chunk prompt=Pour tomato sauce over the chocolate in the frypan.
2026-09-26 20:08:11,524 | INFO | [t=820] VLA chunk prompt=Pour tomato sauce over the chocolate in the frypan.
2026-09-26 20:08:11,868 | INFO | [t=830] VLA chunk prompt=Pour tomato sauce over the chocolate in the frypan.
2026-09-26 20:08:12,210 | INFO | [t=840] VLA chunk prompt=Pour tomato sauce over the chocolate in the frypan.
2026-09-26 20:08:12,490 | INFO | API VLM @t=575 task=8 subtask=pick up the tomato sauce bottle keyframes=[]
2026-09-26 20:08:12,503 | INFO | [t=850] VLM prompt update from step=575: pick up the tomato sauce bottle
2026-09-26 20:08:12,554 | INFO | [t=850] VLA chunk prompt=pick up the tomato sauce bottle
2026-09-26 20:08:12,893 | INFO | [t=860] VLA chunk prompt=pick up the tomato sauce bottle
2026-09-26 20:08:13,236 | INFO | [t=870] VLA chunk prompt=pick up the tomato sauce bottle
2026-09-26 20:08:13,579 | INFO | [t=880] VLA chunk prompt=pick up the tomato sauce bottle
2026-09-26 20:08:13,922 | INFO | [t=890] VLA chunk prompt=pick up the tomato sauce bottle
2026-09-26 20:08:14,259 | INFO | [t=900] VLA chunk prompt=pick up the tomato sauce bottle
2026-09-26 20:08:14,580 | INFO | [t=910] VLA chunk prompt=pick up the tomato sauce bottle
2026-09-26 20:08:14,898 | INFO | [t=920] VLA chunk prompt=pick up the tomato sauce bottle
2026-09-26 20:08:15,220 | INFO | [t=930] VLA chunk prompt=pick up the tomato sauce bottle
2026-09-26 20:08:15,543 | INFO | [t=940] VLA chunk prompt=pick up the tomato sauce bottle
2026-09-26 20:08:15,867 | INFO | [t=950] VLA chunk prompt=pick up the tomato sauce bottle
2026-09-26 20:08:16,193 | INFO | [t=960] VLA chunk prompt=pick up the tomato sauce bottle
2026-09-26 20:08:16,517 | INFO | [t=970] VLA chunk prompt=pick up the tomato sauce bottle
2026-09-26 20:08:16,840 | INFO | [t=980] VLA chunk prompt=pick up the tomato sauce bottle
2026-09-26 20:08:17,164 | INFO | [t=990] VLA chunk prompt=pick up the tomato sauce bottle
2026-09-26 20:08:17,488 | INFO | [t=1000] VLA chunk prompt=pick up the tomato sauce bottle
2026-09-26 20:08:17,813 | INFO | [t=1010] VLA chunk prompt=pick up the tomato sauce bottle
2026-09-26 20:08:18,139 | INFO | [t=1020] VLA chunk prompt=pick up the tomato sauce bottle
2026-09-26 20:08:18,464 | INFO | [t=1030] VLA chunk prompt=pick up the tomato sauce bottle
2026-09-26 20:08:18,787 | INFO | [t=1040] VLA chunk prompt=pick up the tomato sauce bottle
2026-09-26 20:08:19,110 | INFO | [t=1050] VLA chunk prompt=pick up the tomato sauce bottle
2026-09-26 20:08:19,432 | INFO | [t=1060] VLA chunk prompt=pick up the tomato sauce bottle
2026-09-26 20:08:19,755 | INFO | [t=1070] VLA chunk prompt=pick up the tomato sauce bottle
2026-09-26 20:08:19,806 | INFO | API VLM @t=835 task=8 subtask=Place the tomato sauce bottle into the bowl drainer. keyframes=[]
2026-09-26 20:08:20,031 | INFO | [t=1080] VLM prompt update from step=835: Place the tomato sauce bottle into the bowl drainer.
2026-09-26 20:08:20,082 | INFO | [t=1080] VLA chunk prompt=Place the tomato sauce bottle into the bowl drainer.
2026-09-26 20:08:20,406 | INFO | [t=1090] VLA chunk prompt=Place the tomato sauce bottle into the bowl drainer.
2026-09-26 20:08:20,730 | INFO | [t=1100] VLA chunk prompt=Place the tomato sauce bottle into the bowl drainer.
2026-09-26 20:08:21,055 | INFO | [t=1110] VLA chunk prompt=Place the tomato sauce bottle into the bowl drainer.
2026-09-26 20:08:21,378 | INFO | [t=1120] VLA chunk prompt=Place the tomato sauce bottle into the bowl drainer.
2026-09-26 20:08:21,701 | INFO | [t=1130] VLA chunk prompt=Place the tomato sauce bottle into the bowl drainer.
2026-09-26 20:08:22,026 | INFO | [t=1140] VLA chunk prompt=Place the tomato sauce bottle into the bowl drainer.
2026-09-26 20:08:22,349 | INFO | [t=1150] VLA chunk prompt=Place the tomato sauce bottle into the bowl drainer.
2026-09-26 20:08:22,673 | INFO | [t=1160] VLA chunk prompt=Place the tomato sauce bottle into the bowl drainer.
2026-09-26 20:08:22,997 | INFO | [t=1170] VLA chunk prompt=Place the tomato sauce bottle into the bowl drainer.
2026-09-26 20:08:23,321 | INFO | [t=1180] VLA chunk prompt=Place the tomato sauce bottle into the bowl drainer.
2026-09-26 20:08:23,644 | INFO | [t=1190] VLA chunk prompt=Place the tomato sauce bottle into the bowl drainer.
2026-09-26 20:08:23,967 | INFO | [t=1200] VLA chunk prompt=Place the tomato sauce bottle into the bowl drainer.
2026-09-26 20:08:24,292 | INFO | [t=1210] VLA chunk prompt=Place the tomato sauce bottle into the bowl drainer.
2026-09-26 20:08:24,615 | INFO | [t=1220] VLA chunk prompt=Place the tomato sauce bottle into the bowl drainer.
2026-09-26 20:08:24,940 | INFO | [t=1230] VLA chunk prompt=Place the tomato sauce bottle into the bowl drainer.
2026-09-26 20:08:25,263 | INFO | [t=1240] VLA chunk prompt=Place the tomato sauce bottle into the bowl drainer.
2026-09-26 20:08:25,588 | INFO | [t=1250] VLA chunk prompt=Place the tomato sauce bottle into the bowl drainer.
2026-09-26 20:08:25,911 | INFO | [t=1260] VLA chunk prompt=Place the tomato sauce bottle into the bowl drainer.
2026-09-26 20:08:26,235 | INFO | [t=1270] VLA chunk prompt=Place the tomato sauce bottle into the bowl drainer.
2026-09-26 20:08:26,559 | INFO | [t=1280] VLA chunk prompt=Place the tomato sauce bottle into the bowl drainer.
2026-09-26 20:08:26,883 | INFO | [t=1290] VLA chunk prompt=Place the tomato sauce bottle into the bowl drainer.
2026-09-26 20:08:27,206 | INFO | [t=1300] VLA chunk prompt=Place the tomato sauce bottle into the bowl drainer.
2026-09-26 20:08:27,529 | INFO | [t=1310] VLA chunk prompt=Place the tomato sauce bottle into the bowl drainer.
2026-09-26 20:08:27,855 | INFO | [t=1320] VLA chunk prompt=Place the tomato sauce bottle into the bowl drainer.
2026-09-26 20:08:28,044 | INFO | API VLM @t=1060 task=8 subtask=Pick up the tomato sauce bottle keyframes=[]
2026-09-26 20:08:28,130 | INFO | [t=1330] VLM prompt update from step=1060: Pick up the tomato sauce bottle
2026-09-26 20:08:28,181 | INFO | [t=1330] VLA chunk prompt=Pick up the tomato sauce bottle
2026-09-26 20:08:28,504 | INFO | [t=1340] VLA chunk prompt=Pick up the tomato sauce bottle
2026-09-26 20:08:28,830 | INFO | [t=1350] VLA chunk prompt=Pick up the tomato sauce bottle
2026-09-26 20:08:29,155 | INFO | [t=1360] VLA chunk prompt=Pick up the tomato sauce bottle
2026-09-26 20:08:29,481 | INFO | [t=1370] VLA chunk prompt=Pick up the tomato sauce bottle
2026-09-26 20:08:29,806 | INFO | [t=1380] VLA chunk prompt=Pick up the tomato sauce bottle
2026-09-26 20:08:30,129 | INFO | [t=1390] VLA chunk prompt=Pick up the tomato sauce bottle
2026-09-26 20:08:30,452 | INFO | [t=1400] VLA chunk prompt=Pick up the tomato sauce bottle
2026-09-26 20:08:30,777 | INFO | [t=1410] VLA chunk prompt=Pick up the tomato sauce bottle
2026-09-26 20:08:31,100 | INFO | [t=1420] VLA chunk prompt=Pick up the tomato sauce bottle
2026-09-26 20:08:31,422 | INFO | [t=1430] VLA chunk prompt=Pick up the tomato sauce bottle
2026-09-26 20:08:31,743 | INFO | [t=1440] VLA chunk prompt=Pick up the tomato sauce bottle
2026-09-26 20:08:32,067 | INFO | [t=1450] VLA chunk prompt=Pick up the tomato sauce bottle
2026-09-26 20:08:32,390 | INFO | [t=1460] VLA chunk prompt=Pick up the tomato sauce bottle
2026-09-26 20:08:32,713 | INFO | [t=1470] VLA chunk prompt=Pick up the tomato sauce bottle
2026-09-26 20:08:33,043 | INFO | [t=1480] VLA chunk prompt=Pick up the tomato sauce bottle
2026-09-26 20:08:33,386 | INFO | [t=1490] VLA chunk prompt=Pick up the tomato sauce bottle
2026-09-26 20:08:33,720 | INFO | [t=1500] VLA chunk prompt=Pick up the tomato sauce bottle
2026-09-26 20:08:34,059 | INFO | [t=1510] VLA chunk prompt=Pick up the tomato sauce bottle
2026-09-26 20:08:34,398 | INFO | [t=1520] VLA chunk prompt=Pick up the tomato sauce bottle
2026-09-26 20:08:34,737 | INFO | [t=1530] VLA chunk prompt=Pick up the tomato sauce bottle
2026-09-26 20:08:35,078 | INFO | [t=1540] VLA chunk prompt=Pick up the tomato sauce bottle
2026-09-26 20:08:35,404 | INFO | [t=1550] VLA chunk prompt=Pick up the tomato sauce bottle
2026-09-26 20:08:35,419 | INFO | API VLM @t=1315 task=8 subtask=Pick up the tomato sauce bottle keyframes=[]
2026-09-26 20:08:35,731 | INFO | [t=1560] VLA chunk prompt=Pick up the tomato sauce bottle
2026-09-26 20:08:36,056 | INFO | [t=1570] VLA chunk prompt=Pick up the tomato sauce bottle
2026-09-26 20:08:36,381 | INFO | [t=1580] VLA chunk prompt=Pick up the tomato sauce bottle
2026-09-26 20:08:36,707 | INFO | [t=1590] VLA chunk prompt=Pick up the tomato sauce bottle
2026-09-26 20:08:37,039 | INFO | [t=1600] VLA chunk prompt=Pick up the tomato sauce bottle
2026-09-26 20:08:37,364 | INFO | [t=1610] VLA chunk prompt=Pick up the tomato sauce bottle
2026-09-26 20:08:37,688 | INFO | [t=1620] VLA chunk prompt=Pick up the tomato sauce bottle
2026-09-26 20:08:38,011 | INFO | [t=1630] VLA chunk prompt=Pick up the tomato sauce bottle
2026-09-26 20:08:38,335 | INFO | [t=1640] VLA chunk prompt=Pick up the tomato sauce bottle
2026-09-26 20:08:38,658 | INFO | [t=1650] VLA chunk prompt=Pick up the tomato sauce bottle
2026-09-26 20:08:38,980 | INFO | [t=1660] VLA chunk prompt=Pick up the tomato sauce bottle
2026-09-26 20:08:39,303 | INFO | [t=1670] VLA chunk prompt=Pick up the tomato sauce bottle
2026-09-26 20:08:39,627 | INFO | [t=1680] VLA chunk prompt=Pick up the tomato sauce bottle
2026-09-26 20:08:39,952 | INFO | [t=1690] VLA chunk prompt=Pick up the tomato sauce bottle
2026-09-26 20:08:40,275 | INFO | [t=1700] VLA chunk prompt=Pick up the tomato sauce bottle
2026-09-26 20:08:40,599 | INFO | [t=1710] VLA chunk prompt=Pick up the tomato sauce bottle
2026-09-26 20:08:40,922 | INFO | [t=1720] VLA chunk prompt=Pick up the tomato sauce bottle
2026-09-26 20:08:41,248 | INFO | [t=1730] VLA chunk prompt=Pick up the tomato sauce bottle
2026-09-26 20:08:41,571 | INFO | [t=1740] VLA chunk prompt=Pick up the tomato sauce bottle
2026-09-26 20:08:41,894 | INFO | [t=1750] VLA chunk prompt=Pick up the tomato sauce bottle
2026-09-26 20:08:42,218 | INFO | [t=1760] VLA chunk prompt=Pick up the tomato sauce bottle
2026-09-26 20:08:42,542 | INFO | [t=1770] VLA chunk prompt=Pick up the tomato sauce bottle
2026-09-26 20:08:42,554 | INFO | API VLM @t=1540 task=8 subtask=Pick up the tomato sauce bottle. keyframes=[]
2026-09-26 20:08:42,817 | INFO | [t=1780] VLM prompt update from step=1540: Pick up the tomato sauce bottle.
2026-09-26 20:08:42,868 | INFO | [t=1780] VLA chunk prompt=Pick up the tomato sauce bottle.
2026-09-26 20:08:43,190 | INFO | [t=1790] VLA chunk prompt=Pick up the tomato sauce bottle.
2026-09-26 20:08:43,513 | INFO | [t=1800] VLA chunk prompt=Pick up the tomato sauce bottle.
2026-09-26 20:08:43,836 | INFO | [t=1810] VLA chunk prompt=Pick up the tomato sauce bottle.
2026-09-26 20:08:44,159 | INFO | [t=1820] VLA chunk prompt=Pick up the tomato sauce bottle.
2026-09-26 20:08:44,483 | INFO | [t=1830] VLA chunk prompt=Pick up the tomato sauce bottle.
2026-09-26 20:08:44,806 | INFO | [t=1840] VLA chunk prompt=Pick up the tomato sauce bottle.
2026-09-26 20:08:45,130 | INFO | [t=1850] VLA chunk prompt=Pick up the tomato sauce bottle.
2026-09-26 20:08:45,454 | INFO | [t=1860] VLA chunk prompt=Pick up the tomato sauce bottle.
2026-09-26 20:08:45,775 | INFO | [t=1870] VLA chunk prompt=Pick up the tomato sauce bottle.
2026-09-26 20:08:46,098 | INFO | [t=1880] VLA chunk prompt=Pick up the tomato sauce bottle.
2026-09-26 20:08:46,421 | INFO | [t=1890] VLA chunk prompt=Pick up the tomato sauce bottle.
2026-09-26 20:08:46,744 | INFO | [t=1900] VLA chunk prompt=Pick up the tomato sauce bottle.
2026-09-26 20:08:47,067 | INFO | [t=1910] VLA chunk prompt=Pick up the tomato sauce bottle.
2026-09-26 20:08:47,390 | INFO | [t=1920] VLA chunk prompt=Pick up the tomato sauce bottle.
2026-09-26 20:08:47,713 | INFO | [t=1930] VLA chunk prompt=Pick up the tomato sauce bottle.
2026-09-26 20:08:48,037 | INFO | [t=1940] VLA chunk prompt=Pick up the tomato sauce bottle.
2026-09-26 20:08:48,152 | INFO | API VLM @t=1760 task=8 subtask=Reach for and pick up the tomato sauce bottle keyframes=[]
2026-09-26 20:08:48,315 | INFO | [t=1950] VLM prompt update from step=1760: Reach for and pick up the tomato sauce bottle
2026-09-26 20:08:48,366 | INFO | [t=1950] VLA chunk prompt=Reach for and pick up the tomato sauce bottle
2026-09-26 20:08:48,689 | INFO | [t=1960] VLA chunk prompt=Reach for and pick up the tomato sauce bottle
2026-09-26 20:08:49,013 | INFO | [t=1970] VLA chunk prompt=Reach for and pick up the tomato sauce bottle
2026-09-26 20:08:49,340 | INFO | [t=1980] VLA chunk prompt=Reach for and pick up the tomato sauce bottle
2026-09-26 20:08:49,665 | INFO | [t=1990] VLA chunk prompt=Reach for and pick up the tomato sauce bottle
2026-09-26 20:08:49,992 | INFO | [t=2000] VLA chunk prompt=Reach for and pick up the tomato sauce bottle
2026-09-26 20:08:50,317 | INFO | [t=2010] VLA chunk prompt=Reach for and pick up the tomato sauce bottle
2026-09-26 20:08:50,641 | INFO | [t=2020] VLA chunk prompt=Reach for and pick up the tomato sauce bottle
2026-09-26 20:08:50,964 | INFO | [t=2030] VLA chunk prompt=Reach for and pick up the tomato sauce bottle
2026-09-26 20:08:51,287 | INFO | [t=2040] VLA chunk prompt=Reach for and pick up the tomato sauce bottle
2026-09-26 20:08:51,610 | INFO | [t=2050] VLA chunk prompt=Reach for and pick up the tomato sauce bottle
2026-09-26 20:08:51,934 | INFO | [t=2060] VLA chunk prompt=Reach for and pick up the tomato sauce bottle
2026-09-26 20:08:52,258 | INFO | [t=2070] VLA chunk prompt=Reach for and pick up the tomato sauce bottle
2026-09-26 20:08:52,576 | INFO | [t=2080] VLA chunk prompt=Reach for and pick up the tomato sauce bottle
2026-09-26 20:08:52,890 | INFO | [t=2090] VLA chunk prompt=Reach for and pick up the tomato sauce bottle
2026-09-26 20:08:53,204 | INFO | [t=2100] VLA chunk prompt=Reach for and pick up the tomato sauce bottle
2026-09-26 20:08:53,517 | INFO | [t=2110] VLA chunk prompt=Reach for and pick up the tomato sauce bottle
2026-09-26 20:08:53,831 | INFO | [t=2120] VLA chunk prompt=Reach for and pick up the tomato sauce bottle
2026-09-26 20:08:54,146 | INFO | [t=2130] VLA chunk prompt=Reach for and pick up the tomato sauce bottle
2026-09-26 20:08:54,460 | INFO | [t=2140] VLA chunk prompt=Reach for and pick up the tomato sauce bottle
2026-09-26 20:08:54,775 | INFO | [t=2150] VLA chunk prompt=Reach for and pick up the tomato sauce bottle
2026-09-26 20:08:55,091 | INFO | [t=2160] VLA chunk prompt=Reach for and pick up the tomato sauce bottle
2026-09-26 20:08:55,148 | INFO | API VLM @t=1930 task=8 subtask=Pick up the tomato sauce bottle to pour it over the chocolate in the pan. keyframes=[]
2026-09-26 20:08:55,362 | INFO | [t=2170] VLM prompt update from step=1930: Pick up the tomato sauce bottle to pour it over the chocolate in the pan.
2026-09-26 20:08:55,412 | INFO | [t=2170] VLA chunk prompt=Pick up the tomato sauce bottle to pour it over the chocolate in the pan.
2026-09-26 20:08:55,728 | INFO | [t=2180] VLA chunk prompt=Pick up the tomato sauce bottle to pour it over the chocolate in the pan.
2026-09-26 20:08:56,049 | INFO | [t=2190] VLA chunk prompt=Pick up the tomato sauce bottle to pour it over the chocolate in the pan.
2026-09-26 20:08:56,368 | INFO | [t=2200] VLA chunk prompt=Pick up the tomato sauce bottle to pour it over the chocolate in the pan.
2026-09-26 20:08:56,689 | INFO | [t=2210] VLA chunk prompt=Pick up the tomato sauce bottle to pour it over the chocolate in the pan.
2026-09-26 20:08:57,010 | INFO | [t=2220] VLA chunk prompt=Pick up the tomato sauce bottle to pour it over the chocolate in the pan.
2026-09-26 20:08:57,333 | INFO | [t=2230] VLA chunk prompt=Pick up the tomato sauce bottle to pour it over the chocolate in the pan.
2026-09-26 20:08:57,658 | INFO | [t=2240] VLA chunk prompt=Pick up the tomato sauce bottle to pour it over the chocolate in the pan.
2026-09-26 20:08:57,988 | INFO | [t=2250] VLA chunk prompt=Pick up the tomato sauce bottle to pour it over the chocolate in the pan.
2026-09-26 20:08:58,309 | INFO | [t=2260] VLA chunk prompt=Pick up the tomato sauce bottle to pour it over the chocolate in the pan.
2026-09-26 20:08:58,627 | INFO | [t=2270] VLA chunk prompt=Pick up the tomato sauce bottle to pour it over the chocolate in the pan.
2026-09-26 20:08:58,944 | INFO | [t=2280] VLA chunk prompt=Pick up the tomato sauce bottle to pour it over the chocolate in the pan.
2026-09-26 20:08:59,262 | INFO | [t=2290] VLA chunk prompt=Pick up the tomato sauce bottle to pour it over the chocolate in the pan.
2026-09-26 20:08:59,581 | INFO | [t=2300] VLA chunk prompt=Pick up the tomato sauce bottle to pour it over the chocolate in the pan.
2026-09-26 20:08:59,900 | INFO | [t=2310] VLA chunk prompt=Pick up the tomato sauce bottle to pour it over the chocolate in the pan.
2026-09-26 20:09:00,221 | INFO | [t=2320] VLA chunk prompt=Pick up the tomato sauce bottle to pour it over the chocolate in the pan.
2026-09-26 20:09:00,543 | INFO | [t=2330] VLA chunk prompt=Pick up the tomato sauce bottle to pour it over the chocolate in the pan.
2026-09-26 20:09:00,865 | INFO | [t=2340] VLA chunk prompt=Pick up the tomato sauce bottle to pour it over the chocolate in the pan.
2026-09-26 20:09:01,187 | INFO | [t=2350] VLA chunk prompt=Pick up the tomato sauce bottle to pour it over the chocolate in the pan.
2026-09-26 20:09:01,508 | INFO | [t=2360] VLA chunk prompt=Pick up the tomato sauce bottle to pour it over the chocolate in the pan.
2026-09-26 20:09:01,828 | INFO | [t=2370] VLA chunk prompt=Pick up the tomato sauce bottle to pour it over the chocolate in the pan.
2026-09-26 20:09:02,147 | INFO | [t=2380] VLA chunk prompt=Pick up the tomato sauce bottle to pour it over the chocolate in the pan.
2026-09-26 20:09:02,197 | INFO | API VLM @t=2150 task=8 subtask=Pick up the tomato sauce bottle keyframes=[]
2026-09-26 20:09:02,414 | INFO | [t=2390] VLM prompt update from step=2150: Pick up the tomato sauce bottle
2026-09-26 20:09:02,465 | INFO | [t=2390] VLA chunk prompt=Pick up the tomato sauce bottle
2026-09-26 20:09:02,778 | INFO | [t=2400] VLA chunk prompt=Pick up the tomato sauce bottle
2026-09-26 20:09:03,095 | INFO | [t=2410] VLA chunk prompt=Pick up the tomato sauce bottle
2026-09-26 20:09:03,418 | INFO | [t=2420] VLA chunk prompt=Pick up the tomato sauce bottle
2026-09-26 20:09:03,741 | INFO | [t=2430] VLA chunk prompt=Pick up the tomato sauce bottle
2026-09-26 20:09:04,063 | INFO | [t=2440] VLA chunk prompt=Pick up the tomato sauce bottle
2026-09-26 20:09:04,383 | INFO | [t=2450] VLA chunk prompt=Pick up the tomato sauce bottle
2026-09-26 20:09:04,703 | INFO | [t=2460] VLA chunk prompt=Pick up the tomato sauce bottle
2026-09-26 20:09:05,022 | INFO | [t=2470] VLA chunk prompt=Pick up the tomato sauce bottle
2026-09-26 20:09:05,340 | INFO | [t=2480] VLA chunk prompt=Pick up the tomato sauce bottle
2026-09-26 20:09:05,660 | INFO | [t=2490] VLA chunk prompt=Pick up the tomato sauce bottle
2026-09-26 20:09:05,977 | INFO | [t=2500] VLA chunk prompt=Pick up the tomato sauce bottle
2026-09-26 20:09:07,331 | INFO | API VLM @t=2370 task=8 subtask=Pick up the tomato sauce bottle to begin pouring it over the chocolate in the frypan. keyframes=[]
2026-09-26 20:09:07,350 | INFO | attempt=0 stage_score=0.0 stage_success=False failure_reason=incomplete_stage
2026-09-26 20:09:07,350 | INFO | Episode 6 seed=106 stage_score=0.0 stage_success=0 goal=0.000 failure_reason=incomplete_stage | 01_Lift_Tomato_Sauce=N | 02_Pour_One=N | 03_Pour_Two=N
