2026-09-27 12:32:09,587 | INFO | task_id=8 bddl=/project/peilab/why/RoboMemArena/bddl/8_pick_chocolate_in_frypan_pour_tomato_sauce_twice.bddl vlm_ckpt=/project/peilab/why/RoboMemArena/checkpoints/PrediMem/vlm_tasks1to26_ckpt74500
2026-09-27 12:32:09,593 | INFO | [redact] enabled task=8 registered_phrases=0 terms=[]
2026-09-27 12:32:11,296 | INFO | async VLM enabled: single-slot subtask buffer
2026-09-27 12:32:11,481 | INFO | [redact] enabled task=8 registered_phrases=0 terms=[]
2026-09-27 12:32:11,533 | INFO | [t=10] VLA chunk prompt=Pick and place chocolate into the frypan, pour tomato sauce over it twice, then place the sauce bottle into the bowl drainer.
2026-09-27 12:32:11,781 | INFO | [t=20] VLA chunk prompt=Pick and place chocolate into the frypan, pour tomato sauce over it twice, then place the sauce bottle into the bowl drainer.
2026-09-27 12:32:12,024 | INFO | [t=30] VLA chunk prompt=Pick and place chocolate into the frypan, pour tomato sauce over it twice, then place the sauce bottle into the bowl drainer.
2026-09-27 12:32:12,267 | INFO | [t=40] VLA chunk prompt=Pick and place chocolate into the frypan, pour tomato sauce over it twice, then place the sauce bottle into the bowl drainer.
2026-09-27 12:32:12,509 | INFO | [t=50] VLA chunk prompt=Pick and place chocolate into the frypan, pour tomato sauce over it twice, then place the sauce bottle into the bowl drainer.
2026-09-27 12:32:12,751 | INFO | [t=60] VLA chunk prompt=Pick and place chocolate into the frypan, pour tomato sauce over it twice, then place the sauce bottle into the bowl drainer.
2026-09-27 12:32:12,994 | INFO | [t=70] VLA chunk prompt=Pick and place chocolate into the frypan, pour tomato sauce over it twice, then place the sauce bottle into the bowl drainer.
2026-09-27 12:32:13,241 | INFO | [t=80] VLA chunk prompt=Pick and place chocolate into the frypan, pour tomato sauce over it twice, then place the sauce bottle into the bowl drainer.
2026-09-27 12:32:13,494 | INFO | [t=90] VLA chunk prompt=Pick and place chocolate into the frypan, pour tomato sauce over it twice, then place the sauce bottle into the bowl drainer.
2026-09-27 12:32:13,754 | INFO | [t=100] VLA chunk prompt=Pick and place chocolate into the frypan, pour tomato sauce over it twice, then place the sauce bottle into the bowl drainer.
2026-09-27 12:32:14,000 | INFO | [t=110] VLA chunk prompt=Pick and place chocolate into the frypan, pour tomato sauce over it twice, then place the sauce bottle into the bowl drainer.
2026-09-27 12:32:14,265 | INFO | [t=120] VLA chunk prompt=Pick and place chocolate into the frypan, pour tomato sauce over it twice, then place the sauce bottle into the bowl drainer.
2026-09-27 12:32:14,547 | INFO | [t=130] VLA chunk prompt=Pick and place chocolate into the frypan, pour tomato sauce over it twice, then place the sauce bottle into the bowl drainer.
2026-09-27 12:32:14,834 | INFO | [t=140] VLA chunk prompt=Pick and place chocolate into the frypan, pour tomato sauce over it twice, then place the sauce bottle into the bowl drainer.
2026-09-27 12:32:15,127 | INFO | [t=150] VLA chunk prompt=Pick and place chocolate into the frypan, pour tomato sauce over it twice, then place the sauce bottle into the bowl drainer.
2026-09-27 12:32:15,423 | INFO | [t=160] VLA chunk prompt=Pick and place chocolate into the frypan, pour tomato sauce over it twice, then place the sauce bottle into the bowl drainer.
2026-09-27 12:32:15,585 | INFO | API VLM @t=0 task=8 subtask=Grasp and lift the tomato sauce bottle. keyframes=[]
2026-09-27 12:32:15,587 | INFO | [redact] enabled task=8 registered_phrases=0 terms=[]
2026-09-27 12:32:15,676 | INFO | [t=170] VLM prompt update from step=0: Grasp and lift the tomato sauce bottle.
2026-09-27 12:32:15,729 | INFO | [t=170] VLA chunk prompt=Grasp and lift the tomato sauce bottle.
2026-09-27 12:32:16,047 | INFO | [t=180] VLA chunk prompt=Grasp and lift the tomato sauce bottle.
2026-09-27 12:32:16,361 | INFO | [t=190] VLA chunk prompt=Grasp and lift the tomato sauce bottle.
2026-09-27 12:32:16,682 | INFO | [t=200] VLA chunk prompt=Grasp and lift the tomato sauce bottle.
2026-09-27 12:32:17,002 | INFO | [t=210] VLA chunk prompt=Grasp and lift the tomato sauce bottle.
2026-09-27 12:32:17,325 | INFO | [t=220] VLA chunk prompt=Grasp and lift the tomato sauce bottle.
2026-09-27 12:32:17,652 | INFO | [t=230] VLA chunk prompt=Grasp and lift the tomato sauce bottle.
2026-09-27 12:32:17,984 | INFO | [t=240] VLA chunk prompt=Grasp and lift the tomato sauce bottle.
2026-09-27 12:32:18,327 | INFO | [t=250] VLA chunk prompt=Grasp and lift the tomato sauce bottle.
2026-09-27 12:32:18,685 | INFO | [t=260] VLA chunk prompt=Grasp and lift the tomato sauce bottle.
2026-09-27 12:32:19,039 | INFO | [t=270] VLA chunk prompt=Grasp and lift the tomato sauce bottle.
2026-09-27 12:32:19,384 | INFO | [t=280] VLA chunk prompt=Grasp and lift the tomato sauce bottle.
2026-09-27 12:32:19,642 | INFO | API VLM @t=155 task=8 subtask=Grasp and lift the tomato sauce bottle from the table. keyframes=[]
2026-09-27 12:32:19,645 | INFO | [redact] enabled task=8 registered_phrases=0 terms=[]
2026-09-27 12:32:19,671 | INFO | [t=290] VLM prompt update from step=155: Grasp and lift the tomato sauce bottle from the table.
2026-09-27 12:32:19,722 | INFO | [t=290] VLA chunk prompt=Grasp and lift the tomato sauce bottle from the table.
2026-09-27 12:32:20,056 | INFO | [t=300] VLA chunk prompt=Grasp and lift the tomato sauce bottle from the table.
2026-09-27 12:32:20,390 | INFO | [t=310] VLA chunk prompt=Grasp and lift the tomato sauce bottle from the table.
2026-09-27 12:32:20,733 | INFO | [t=320] VLA chunk prompt=Grasp and lift the tomato sauce bottle from the table.
2026-09-27 12:32:21,079 | INFO | [t=330] VLA chunk prompt=Grasp and lift the tomato sauce bottle from the table.
2026-09-27 12:32:21,425 | INFO | [t=340] VLA chunk prompt=Grasp and lift the tomato sauce bottle from the table.
2026-09-27 12:32:21,777 | INFO | [t=350] VLA chunk prompt=Grasp and lift the tomato sauce bottle from the table.
2026-09-27 12:32:22,120 | INFO | [t=360] VLA chunk prompt=Grasp and lift the tomato sauce bottle from the table.
2026-09-27 12:32:22,463 | INFO | [t=370] VLA chunk prompt=Grasp and lift the tomato sauce bottle from the table.
2026-09-27 12:32:22,802 | INFO | [t=380] VLA chunk prompt=Grasp and lift the tomato sauce bottle from the table.
2026-09-27 12:32:23,139 | INFO | [t=390] VLA chunk prompt=Grasp and lift the tomato sauce bottle from the table.
2026-09-27 12:32:23,477 | INFO | [t=400] VLA chunk prompt=Grasp and lift the tomato sauce bottle from the table.
2026-09-27 12:32:23,814 | INFO | [t=410] VLA chunk prompt=Grasp and lift the tomato sauce bottle from the table.
2026-09-27 12:32:24,156 | INFO | [t=420] VLA chunk prompt=Grasp and lift the tomato sauce bottle from the table.
2026-09-27 12:32:24,505 | INFO | [t=430] VLA chunk prompt=Grasp and lift the tomato sauce bottle from the table.
2026-09-27 12:32:24,846 | INFO | [t=440] VLA chunk prompt=Grasp and lift the tomato sauce bottle from the table.
2026-09-27 12:32:25,186 | INFO | [t=450] VLA chunk prompt=Grasp and lift the tomato sauce bottle from the table.
2026-09-27 12:32:25,256 | INFO | API VLM @t=275 task=8 subtask=Grasp the tomato sauce bottle and lift it. keyframes=[]
2026-09-27 12:32:25,258 | INFO | [redact] enabled task=8 registered_phrases=0 terms=[]
2026-09-27 12:32:25,469 | INFO | [t=460] VLM prompt update from step=275: Grasp the tomato sauce bottle and lift it.
2026-09-27 12:32:25,520 | INFO | [t=460] VLA chunk prompt=Grasp the tomato sauce bottle and lift it.
2026-09-27 12:32:25,854 | INFO | [t=470] VLA chunk prompt=Grasp the tomato sauce bottle and lift it.
2026-09-27 12:32:26,185 | INFO | [t=480] VLA chunk prompt=Grasp the tomato sauce bottle and lift it.
2026-09-27 12:32:26,521 | INFO | [t=490] VLA chunk prompt=Grasp the tomato sauce bottle and lift it.
2026-09-27 12:32:26,868 | INFO | [t=500] VLA chunk prompt=Grasp the tomato sauce bottle and lift it.
2026-09-27 12:32:27,209 | INFO | [t=510] VLA chunk prompt=Grasp the tomato sauce bottle and lift it.
2026-09-27 12:32:27,542 | INFO | [t=520] VLA chunk prompt=Grasp the tomato sauce bottle and lift it.
2026-09-27 12:32:27,865 | INFO | [t=530] VLA chunk prompt=Grasp the tomato sauce bottle and lift it.
2026-09-27 12:32:28,187 | INFO | [t=540] VLA chunk prompt=Grasp the tomato sauce bottle and lift it.
2026-09-27 12:32:28,516 | INFO | [t=550] VLA chunk prompt=Grasp the tomato sauce bottle and lift it.
2026-09-27 12:32:28,849 | INFO | [t=560] VLA chunk prompt=Grasp the tomato sauce bottle and lift it.
2026-09-27 12:32:29,190 | INFO | [t=570] VLA chunk prompt=Grasp the tomato sauce bottle and lift it.
2026-09-27 12:32:29,537 | INFO | [t=580] VLA chunk prompt=Grasp the tomato sauce bottle and lift it.
2026-09-27 12:32:29,875 | INFO | [t=590] VLA chunk prompt=Grasp the tomato sauce bottle and lift it.
2026-09-27 12:32:30,213 | INFO | [t=600] VLA chunk prompt=Grasp the tomato sauce bottle and lift it.
2026-09-27 12:32:30,504 | INFO | API VLM @t=440 task=8 subtask=Reach for and grasp the tomato sauce bottle, then lift it. keyframes=[]
2026-09-27 12:32:30,505 | INFO | [redact] enabled task=8 registered_phrases=0 terms=[]
2026-09-27 12:32:30,546 | INFO | [t=610] VLA chunk prompt=Grasp the tomato sauce bottle and lift it.
2026-09-27 12:32:30,822 | INFO | [t=620] VLM prompt update from step=440: Reach for and grasp the tomato sauce bottle, then lift it.
2026-09-27 12:32:30,873 | INFO | [t=620] VLA chunk prompt=Reach for and grasp the tomato sauce bottle, then lift it.
2026-09-27 12:32:31,196 | INFO | [t=630] VLA chunk prompt=Reach for and grasp the tomato sauce bottle, then lift it.
2026-09-27 12:32:31,523 | INFO | [t=640] VLA chunk prompt=Reach for and grasp the tomato sauce bottle, then lift it.
2026-09-27 12:32:31,861 | INFO | [t=650] VLA chunk prompt=Reach for and grasp the tomato sauce bottle, then lift it.
2026-09-27 12:32:32,193 | INFO | [t=660] VLA chunk prompt=Reach for and grasp the tomato sauce bottle, then lift it.
2026-09-27 12:32:32,522 | INFO | [t=670] VLA chunk prompt=Reach for and grasp the tomato sauce bottle, then lift it.
2026-09-27 12:32:32,847 | INFO | [t=680] VLA chunk prompt=Reach for and grasp the tomato sauce bottle, then lift it.
2026-09-27 12:32:33,171 | INFO | [t=690] VLA chunk prompt=Reach for and grasp the tomato sauce bottle, then lift it.
2026-09-27 12:32:33,494 | INFO | [t=700] VLA chunk prompt=Reach for and grasp the tomato sauce bottle, then lift it.
2026-09-27 12:32:33,815 | INFO | [t=710] VLA chunk prompt=Reach for and grasp the tomato sauce bottle, then lift it.
2026-09-27 12:32:34,143 | INFO | [t=720] VLA chunk prompt=Reach for and grasp the tomato sauce bottle, then lift it.
2026-09-27 12:32:34,478 | INFO | [t=730] VLA chunk prompt=Reach for and grasp the tomato sauce bottle, then lift it.
2026-09-27 12:32:34,804 | INFO | [t=740] VLA chunk prompt=Reach for and grasp the tomato sauce bottle, then lift it.
2026-09-27 12:32:35,132 | INFO | [t=750] VLA chunk prompt=Reach for and grasp the tomato sauce bottle, then lift it.
2026-09-27 12:32:35,456 | INFO | [t=760] VLA chunk prompt=Reach for and grasp the tomato sauce bottle, then lift it.
2026-09-27 12:32:35,781 | INFO | [t=770] VLA chunk prompt=Reach for and grasp the tomato sauce bottle, then lift it.
2026-09-27 12:32:36,104 | INFO | [t=780] VLA chunk prompt=Reach for and grasp the tomato sauce bottle, then lift it.
2026-09-27 12:32:36,307 | INFO | API VLM @t=600 task=8 subtask=Reach for and grasp the tomato sauce bottle, then lift it. keyframes=[]
2026-09-27 12:32:36,309 | INFO | [redact] enabled task=8 registered_phrases=0 terms=[]
2026-09-27 12:32:36,427 | INFO | [t=790] VLA chunk prompt=Reach for and grasp the tomato sauce bottle, then lift it.
2026-09-27 12:32:36,758 | INFO | [t=800] VLA chunk prompt=Reach for and grasp the tomato sauce bottle, then lift it.
2026-09-27 12:32:37,091 | INFO | [t=810] VLA chunk prompt=Reach for and grasp the tomato sauce bottle, then lift it.
2026-09-27 12:32:37,417 | INFO | [t=820] VLA chunk prompt=Reach for and grasp the tomato sauce bottle, then lift it.
2026-09-27 12:32:37,740 | INFO | [t=830] VLA chunk prompt=Reach for and grasp the tomato sauce bottle, then lift it.
2026-09-27 12:32:38,062 | INFO | [t=840] VLA chunk prompt=Reach for and grasp the tomato sauce bottle, then lift it.
2026-09-27 12:32:38,385 | INFO | [t=850] VLA chunk prompt=Reach for and grasp the tomato sauce bottle, then lift it.
2026-09-27 12:32:38,702 | INFO | [t=860] VLA chunk prompt=Reach for and grasp the tomato sauce bottle, then lift it.
2026-09-27 12:32:39,019 | INFO | [t=870] VLA chunk prompt=Reach for and grasp the tomato sauce bottle, then lift it.
2026-09-27 12:32:39,349 | INFO | [t=880] VLA chunk prompt=Reach for and grasp the tomato sauce bottle, then lift it.
2026-09-27 12:32:39,671 | INFO | [t=890] VLA chunk prompt=Reach for and grasp the tomato sauce bottle, then lift it.
2026-09-27 12:32:39,992 | INFO | [t=900] VLA chunk prompt=Reach for and grasp the tomato sauce bottle, then lift it.
2026-09-27 12:32:40,311 | INFO | [t=910] VLA chunk prompt=Reach for and grasp the tomato sauce bottle, then lift it.
2026-09-27 12:32:40,629 | INFO | [t=920] VLA chunk prompt=Reach for and grasp the tomato sauce bottle, then lift it.
2026-09-27 12:32:40,955 | INFO | [t=930] VLA chunk prompt=Reach for and grasp the tomato sauce bottle, then lift it.
2026-09-27 12:32:41,288 | INFO | [t=940] VLA chunk prompt=Reach for and grasp the tomato sauce bottle, then lift it.
2026-09-27 12:32:41,626 | INFO | [t=950] VLA chunk prompt=Reach for and grasp the tomato sauce bottle, then lift it.
2026-09-27 12:32:41,969 | INFO | [t=960] VLA chunk prompt=Reach for and grasp the tomato sauce bottle, then lift it.
2026-09-27 12:32:42,062 | INFO | API VLM @t=775 task=8 subtask=Reach for and grasp the tomato sauce bottle, then lift it until it is raised. keyframes=[]
2026-09-27 12:32:42,064 | INFO | [redact] enabled task=8 registered_phrases=0 terms=[]
2026-09-27 12:32:42,262 | INFO | [t=970] VLM prompt update from step=775: Reach for and grasp the tomato sauce bottle, then lift it until it is raised.
2026-09-27 12:32:42,315 | INFO | [t=970] VLA chunk prompt=Reach for and grasp the tomato sauce bottle, then lift it until it is raised.
2026-09-27 12:32:42,662 | INFO | [t=980] VLA chunk prompt=Reach for and grasp the tomato sauce bottle, then lift it until it is raised.
2026-09-27 12:32:42,996 | INFO | [t=990] VLA chunk prompt=Reach for and grasp the tomato sauce bottle, then lift it until it is raised.
2026-09-27 12:32:43,321 | INFO | [t=1000] VLA chunk prompt=Reach for and grasp the tomato sauce bottle, then lift it until it is raised.
2026-09-27 12:32:43,641 | INFO | [t=1010] VLA chunk prompt=Reach for and grasp the tomato sauce bottle, then lift it until it is raised.
2026-09-27 12:32:43,962 | INFO | [t=1020] VLA chunk prompt=Reach for and grasp the tomato sauce bottle, then lift it until it is raised.
2026-09-27 12:32:44,283 | INFO | [t=1030] VLA chunk prompt=Reach for and grasp the tomato sauce bottle, then lift it until it is raised.
2026-09-27 12:32:44,600 | INFO | [t=1040] VLA chunk prompt=Reach for and grasp the tomato sauce bottle, then lift it until it is raised.
2026-09-27 12:32:44,924 | INFO | [t=1050] VLA chunk prompt=Reach for and grasp the tomato sauce bottle, then lift it until it is raised.
2026-09-27 12:32:45,254 | INFO | [t=1060] VLA chunk prompt=Reach for and grasp the tomato sauce bottle, then lift it until it is raised.
2026-09-27 12:32:45,577 | INFO | [t=1070] VLA chunk prompt=Reach for and grasp the tomato sauce bottle, then lift it until it is raised.
2026-09-27 12:32:45,895 | INFO | [t=1080] VLA chunk prompt=Reach for and grasp the tomato sauce bottle, then lift it until it is raised.
2026-09-27 12:32:46,211 | INFO | [t=1090] VLA chunk prompt=Reach for and grasp the tomato sauce bottle, then lift it until it is raised.
2026-09-27 12:32:46,527 | INFO | [t=1100] VLA chunk prompt=Reach for and grasp the tomato sauce bottle, then lift it until it is raised.
2026-09-27 12:32:46,605 | INFO | API VLM @t=950 task=8 subtask=Reach for and grasp the tomato sauce bottle, then lift it until it is raised. keyframes=[]
2026-09-27 12:32:46,607 | INFO | [redact] enabled task=8 registered_phrases=0 terms=[]
2026-09-27 12:32:46,851 | INFO | [t=1110] VLA chunk prompt=Reach for and grasp the tomato sauce bottle, then lift it until it is raised.
2026-09-27 12:32:47,172 | INFO | [t=1120] VLA chunk prompt=Reach for and grasp the tomato sauce bottle, then lift it until it is raised.
2026-09-27 12:32:47,503 | INFO | [t=1130] VLA chunk prompt=Reach for and grasp the tomato sauce bottle, then lift it until it is raised.
2026-09-27 12:32:47,827 | INFO | [t=1140] VLA chunk prompt=Reach for and grasp the tomato sauce bottle, then lift it until it is raised.
2026-09-27 12:32:48,156 | INFO | [t=1150] VLA chunk prompt=Reach for and grasp the tomato sauce bottle, then lift it until it is raised.
2026-09-27 12:32:48,500 | INFO | [t=1160] VLA chunk prompt=Reach for and grasp the tomato sauce bottle, then lift it until it is raised.
2026-09-27 12:32:48,836 | INFO | [t=1170] VLA chunk prompt=Reach for and grasp the tomato sauce bottle, then lift it until it is raised.
2026-09-27 12:32:49,169 | INFO | [t=1180] VLA chunk prompt=Reach for and grasp the tomato sauce bottle, then lift it until it is raised.
2026-09-27 12:32:49,502 | INFO | [t=1190] VLA chunk prompt=Reach for and grasp the tomato sauce bottle, then lift it until it is raised.
2026-09-27 12:32:49,847 | INFO | [t=1200] VLA chunk prompt=Reach for and grasp the tomato sauce bottle, then lift it until it is raised.
2026-09-27 12:32:50,193 | INFO | [t=1210] VLA chunk prompt=Reach for and grasp the tomato sauce bottle, then lift it until it is raised.
2026-09-27 12:32:50,531 | INFO | [t=1220] VLA chunk prompt=Reach for and grasp the tomato sauce bottle, then lift it until it is raised.
2026-09-27 12:32:50,870 | INFO | [t=1230] VLA chunk prompt=Reach for and grasp the tomato sauce bottle, then lift it until it is raised.
2026-09-27 12:32:51,205 | INFO | [t=1240] VLA chunk prompt=Reach for and grasp the tomato sauce bottle, then lift it until it is raised.
2026-09-27 12:32:51,539 | INFO | [t=1250] VLA chunk prompt=Reach for and grasp the tomato sauce bottle, then lift it until it is raised.
2026-09-27 12:32:51,631 | INFO | API VLM @t=1090 task=8 subtask=Reach for and grasp the tomato sauce bottle, then lift it. keyframes=[]
2026-09-27 12:32:51,634 | INFO | [redact] enabled task=8 registered_phrases=0 terms=[]
2026-09-27 12:32:51,827 | INFO | [t=1260] VLM prompt update from step=1090: Reach for and grasp the tomato sauce bottle, then lift it.
2026-09-27 12:32:51,877 | INFO | [t=1260] VLA chunk prompt=Reach for and grasp the tomato sauce bottle, then lift it.
2026-09-27 12:32:52,210 | INFO | [t=1270] VLA chunk prompt=Reach for and grasp the tomato sauce bottle, then lift it.
2026-09-27 12:32:52,553 | INFO | [t=1280] VLA chunk prompt=Reach for and grasp the tomato sauce bottle, then lift it.
2026-09-27 12:32:52,893 | INFO | [t=1290] VLA chunk prompt=Reach for and grasp the tomato sauce bottle, then lift it.
2026-09-27 12:32:53,231 | INFO | [t=1300] VLA chunk prompt=Reach for and grasp the tomato sauce bottle, then lift it.
2026-09-27 12:32:53,568 | INFO | [t=1310] VLA chunk prompt=Reach for and grasp the tomato sauce bottle, then lift it.
2026-09-27 12:32:53,911 | INFO | [t=1320] VLA chunk prompt=Reach for and grasp the tomato sauce bottle, then lift it.
2026-09-27 12:32:54,244 | INFO | [t=1330] VLA chunk prompt=Reach for and grasp the tomato sauce bottle, then lift it.
2026-09-27 12:32:54,576 | INFO | [t=1340] VLA chunk prompt=Reach for and grasp the tomato sauce bottle, then lift it.
2026-09-27 12:32:54,913 | INFO | [t=1350] VLA chunk prompt=Reach for and grasp the tomato sauce bottle, then lift it.
2026-09-27 12:32:55,260 | INFO | [t=1360] VLA chunk prompt=Reach for and grasp the tomato sauce bottle, then lift it.
2026-09-27 12:32:55,596 | INFO | [t=1370] VLA chunk prompt=Reach for and grasp the tomato sauce bottle, then lift it.
2026-09-27 12:32:55,921 | INFO | [t=1380] VLA chunk prompt=Reach for and grasp the tomato sauce bottle, then lift it.
2026-09-27 12:32:56,240 | INFO | [t=1390] VLA chunk prompt=Reach for and grasp the tomato sauce bottle, then lift it.
2026-09-27 12:32:56,487 | INFO | API VLM @t=1240 task=8 subtask=Reach for and grasp the tomato sauce bottle, then lift it off the table. keyframes=[]
2026-09-27 12:32:56,490 | INFO | [redact] enabled task=8 registered_phrases=0 terms=[]
2026-09-27 12:32:56,513 | INFO | [t=1400] VLM prompt update from step=1240: Reach for and grasp the tomato sauce bottle, then lift it off the table.
2026-09-27 12:32:56,565 | INFO | [t=1400] VLA chunk prompt=Reach for and grasp the tomato sauce bottle, then lift it off the table.
2026-09-27 12:32:56,884 | INFO | [t=1410] VLA chunk prompt=Reach for and grasp the tomato sauce bottle, then lift it off the table.
2026-09-27 12:32:57,208 | INFO | [t=1420] VLA chunk prompt=Reach for and grasp the tomato sauce bottle, then lift it off the table.
2026-09-27 12:32:57,547 | INFO | [t=1430] VLA chunk prompt=Reach for and grasp the tomato sauce bottle, then lift it off the table.
2026-09-27 12:32:57,887 | INFO | [t=1440] VLA chunk prompt=Reach for and grasp the tomato sauce bottle, then lift it off the table.
2026-09-27 12:32:58,219 | INFO | [t=1450] VLA chunk prompt=Reach for and grasp the tomato sauce bottle, then lift it off the table.
2026-09-27 12:32:58,551 | INFO | [t=1460] VLA chunk prompt=Reach for and grasp the tomato sauce bottle, then lift it off the table.
2026-09-27 12:32:58,882 | INFO | [t=1470] VLA chunk prompt=Reach for and grasp the tomato sauce bottle, then lift it off the table.
2026-09-27 12:32:59,215 | INFO | [t=1480] VLA chunk prompt=Reach for and grasp the tomato sauce bottle, then lift it off the table.
2026-09-27 12:32:59,549 | INFO | [t=1490] VLA chunk prompt=Reach for and grasp the tomato sauce bottle, then lift it off the table.
2026-09-27 12:32:59,888 | INFO | [t=1500] VLA chunk prompt=Reach for and grasp the tomato sauce bottle, then lift it off the table.
2026-09-27 12:33:00,230 | INFO | API VLM @t=1385 task=8 subtask=Reach for and grasp the tomato sauce bottle, then lift it until it is raised. keyframes=[]
2026-09-27 12:33:00,233 | INFO | [redact] enabled task=8 registered_phrases=0 terms=[]
2026-09-27 12:33:00,238 | INFO | [t=1510] VLA chunk prompt=Reach for and grasp the tomato sauce bottle, then lift it off the table.
2026-09-27 12:33:00,531 | INFO | [t=1520] VLM prompt update from step=1385: Reach for and grasp the tomato sauce bottle, then lift it until it is raised.
2026-09-27 12:33:00,584 | INFO | [t=1520] VLA chunk prompt=Reach for and grasp the tomato sauce bottle, then lift it until it is raised.
2026-09-27 12:33:00,920 | INFO | [t=1530] VLA chunk prompt=Reach for and grasp the tomato sauce bottle, then lift it until it is raised.
2026-09-27 12:33:01,253 | INFO | [t=1540] VLA chunk prompt=Reach for and grasp the tomato sauce bottle, then lift it until it is raised.
2026-09-27 12:33:01,587 | INFO | [t=1550] VLA chunk prompt=Reach for and grasp the tomato sauce bottle, then lift it until it is raised.
2026-09-27 12:33:01,919 | INFO | [t=1560] VLA chunk prompt=Reach for and grasp the tomato sauce bottle, then lift it until it is raised.
2026-09-27 12:33:02,247 | INFO | [t=1570] VLA chunk prompt=Reach for and grasp the tomato sauce bottle, then lift it until it is raised.
2026-09-27 12:33:02,580 | INFO | [t=1580] VLA chunk prompt=Reach for and grasp the tomato sauce bottle, then lift it until it is raised.
2026-09-27 12:33:02,921 | INFO | [t=1590] VLA chunk prompt=Reach for and grasp the tomato sauce bottle, then lift it until it is raised.
2026-09-27 12:33:03,263 | INFO | [t=1600] VLA chunk prompt=Reach for and grasp the tomato sauce bottle, then lift it until it is raised.
2026-09-27 12:33:03,607 | INFO | [t=1610] VLA chunk prompt=Reach for and grasp the tomato sauce bottle, then lift it until it is raised.
2026-09-27 12:33:03,944 | INFO | [t=1620] VLA chunk prompt=Reach for and grasp the tomato sauce bottle, then lift it until it is raised.
2026-09-27 12:33:04,246 | INFO | API VLM @t=1500 task=8 subtask=Reach for and grasp the tomato sauce bottle, lifting it from the table. keyframes=[]
2026-09-27 12:33:04,248 | INFO | [redact] enabled task=8 registered_phrases=0 terms=[]
2026-09-27 12:33:04,278 | INFO | [t=1630] VLA chunk prompt=Reach for and grasp the tomato sauce bottle, then lift it until it is raised.
2026-09-27 12:33:04,557 | INFO | [t=1640] VLM prompt update from step=1500: Reach for and grasp the tomato sauce bottle, lifting it from the table.
2026-09-27 12:33:04,609 | INFO | [t=1640] VLA chunk prompt=Reach for and grasp the tomato sauce bottle, lifting it from the table.
2026-09-27 12:33:04,938 | INFO | [t=1650] VLA chunk prompt=Reach for and grasp the tomato sauce bottle, lifting it from the table.
2026-09-27 12:33:05,266 | INFO | [t=1660] VLA chunk prompt=Reach for and grasp the tomato sauce bottle, lifting it from the table.
2026-09-27 12:33:05,594 | INFO | [t=1670] VLA chunk prompt=Reach for and grasp the tomato sauce bottle, lifting it from the table.
2026-09-27 12:33:05,932 | INFO | [t=1680] VLA chunk prompt=Reach for and grasp the tomato sauce bottle, lifting it from the table.
2026-09-27 12:33:06,268 | INFO | [t=1690] VLA chunk prompt=Reach for and grasp the tomato sauce bottle, lifting it from the table.
2026-09-27 12:33:06,599 | INFO | [t=1700] VLA chunk prompt=Reach for and grasp the tomato sauce bottle, lifting it from the table.
2026-09-27 12:33:06,957 | INFO | [t=1710] VLA chunk prompt=Reach for and grasp the tomato sauce bottle, lifting it from the table.
2026-09-27 12:33:07,314 | INFO | [t=1720] VLA chunk prompt=Reach for and grasp the tomato sauce bottle, lifting it from the table.
2026-09-27 12:33:07,650 | INFO | [t=1730] VLA chunk prompt=Reach for and grasp the tomato sauce bottle, lifting it from the table.
2026-09-27 12:33:07,988 | INFO | [t=1740] VLA chunk prompt=Reach for and grasp the tomato sauce bottle, lifting it from the table.
2026-09-27 12:33:08,336 | INFO | [t=1750] VLA chunk prompt=Reach for and grasp the tomato sauce bottle, lifting it from the table.
2026-09-27 12:33:08,684 | INFO | [t=1760] VLA chunk prompt=Reach for and grasp the tomato sauce bottle, lifting it from the table.
2026-09-27 12:33:09,026 | INFO | [t=1770] VLA chunk prompt=Reach for and grasp the tomato sauce bottle, lifting it from the table.
2026-09-27 12:33:09,245 | INFO | API VLM @t=1620 task=8 subtask=Reach for and grasp the tomato sauce bottle, then lift it. keyframes=[]
2026-09-27 12:33:09,247 | INFO | [redact] enabled task=8 registered_phrases=0 terms=[]
2026-09-27 12:33:09,314 | INFO | [t=1780] VLM prompt update from step=1620: Reach for and grasp the tomato sauce bottle, then lift it.
2026-09-27 12:33:09,365 | INFO | [t=1780] VLA chunk prompt=Reach for and grasp the tomato sauce bottle, then lift it.
2026-09-27 12:33:09,699 | INFO | [t=1790] VLA chunk prompt=Reach for and grasp the tomato sauce bottle, then lift it.
2026-09-27 12:33:10,032 | INFO | [t=1800] VLA chunk prompt=Reach for and grasp the tomato sauce bottle, then lift it.
2026-09-27 12:33:10,365 | INFO | [t=1810] VLA chunk prompt=Reach for and grasp the tomato sauce bottle, then lift it.
2026-09-27 12:33:10,703 | INFO | [t=1820] VLA chunk prompt=Reach for and grasp the tomato sauce bottle, then lift it.
2026-09-27 12:33:11,051 | INFO | [t=1830] VLA chunk prompt=Reach for and grasp the tomato sauce bottle, then lift it.
2026-09-27 12:33:11,390 | INFO | [t=1840] VLA chunk prompt=Reach for and grasp the tomato sauce bottle, then lift it.
2026-09-27 12:33:11,725 | INFO | [t=1850] VLA chunk prompt=Reach for and grasp the tomato sauce bottle, then lift it.
2026-09-27 12:33:12,056 | INFO | [t=1860] VLA chunk prompt=Reach for and grasp the tomato sauce bottle, then lift it.
2026-09-27 12:33:12,387 | INFO | [t=1870] VLA chunk prompt=Reach for and grasp the tomato sauce bottle, then lift it.
2026-09-27 12:33:12,714 | INFO | [t=1880] VLA chunk prompt=Reach for and grasp the tomato sauce bottle, then lift it.
2026-09-27 12:33:13,040 | INFO | [t=1890] VLA chunk prompt=Reach for and grasp the tomato sauce bottle, then lift it.
2026-09-27 12:33:13,375 | INFO | [t=1900] VLA chunk prompt=Reach for and grasp the tomato sauce bottle, then lift it.
2026-09-27 12:33:13,711 | INFO | [t=1910] VLA chunk prompt=Reach for and grasp the tomato sauce bottle, then lift it.
2026-09-27 12:33:13,767 | INFO | API VLM @t=1765 task=8 subtask=Reach for and grasp the tomato sauce bottle, then lift it until it is raised. keyframes=[]
2026-09-27 12:33:13,769 | INFO | [redact] enabled task=8 registered_phrases=0 terms=[]
2026-09-27 12:33:13,992 | INFO | [t=1920] VLM prompt update from step=1765: Reach for and grasp the tomato sauce bottle, then lift it until it is raised.
2026-09-27 12:33:14,045 | INFO | [t=1920] VLA chunk prompt=Reach for and grasp the tomato sauce bottle, then lift it until it is raised.
2026-09-27 12:33:14,381 | INFO | [t=1930] VLA chunk prompt=Reach for and grasp the tomato sauce bottle, then lift it until it is raised.
2026-09-27 12:33:14,718 | INFO | [t=1940] VLA chunk prompt=Reach for and grasp the tomato sauce bottle, then lift it until it is raised.
2026-09-27 12:33:15,044 | INFO | [t=1950] VLA chunk prompt=Reach for and grasp the tomato sauce bottle, then lift it until it is raised.
2026-09-27 12:33:15,370 | INFO | [t=1960] VLA chunk prompt=Reach for and grasp the tomato sauce bottle, then lift it until it is raised.
2026-09-27 12:33:15,698 | INFO | [t=1970] VLA chunk prompt=Reach for and grasp the tomato sauce bottle, then lift it until it is raised.
2026-09-27 12:33:16,036 | INFO | [t=1980] VLA chunk prompt=Reach for and grasp the tomato sauce bottle, then lift it until it is raised.
2026-09-27 12:33:16,368 | INFO | [t=1990] VLA chunk prompt=Reach for and grasp the tomato sauce bottle, then lift it until it is raised.
2026-09-27 12:33:16,700 | INFO | [t=2000] VLA chunk prompt=Reach for and grasp the tomato sauce bottle, then lift it until it is raised.
2026-09-27 12:33:17,027 | INFO | [t=2010] VLA chunk prompt=Reach for and grasp the tomato sauce bottle, then lift it until it is raised.
2026-09-27 12:33:17,358 | INFO | [t=2020] VLA chunk prompt=Reach for and grasp the tomato sauce bottle, then lift it until it is raised.
2026-09-27 12:33:17,681 | INFO | [t=2030] VLA chunk prompt=Reach for and grasp the tomato sauce bottle, then lift it until it is raised.
2026-09-27 12:33:18,002 | INFO | [t=2040] VLA chunk prompt=Reach for and grasp the tomato sauce bottle, then lift it until it is raised.
2026-09-27 12:33:18,332 | INFO | [t=2050] VLA chunk prompt=Reach for and grasp the tomato sauce bottle, then lift it until it is raised.
2026-09-27 12:33:18,661 | INFO | [t=2060] VLA chunk prompt=Reach for and grasp the tomato sauce bottle, then lift it until it is raised.
2026-09-27 12:33:18,986 | INFO | [t=2070] VLA chunk prompt=Reach for and grasp the tomato sauce bottle, then lift it until it is raised.
2026-09-27 12:33:19,000 | INFO | API VLM @t=1900 task=8 subtask=Reach for and grasp the tomato sauce bottle, then lift it. keyframes=[]
2026-09-27 12:33:19,002 | INFO | [redact] enabled task=8 registered_phrases=0 terms=[]
2026-09-27 12:33:19,261 | INFO | [t=2080] VLM prompt update from step=1900: Reach for and grasp the tomato sauce bottle, then lift it.
2026-09-27 12:33:19,313 | INFO | [t=2080] VLA chunk prompt=Reach for and grasp the tomato sauce bottle, then lift it.
2026-09-27 12:33:19,634 | INFO | [t=2090] VLA chunk prompt=Reach for and grasp the tomato sauce bottle, then lift it.
2026-09-27 12:33:19,955 | INFO | [t=2100] VLA chunk prompt=Reach for and grasp the tomato sauce bottle, then lift it.
2026-09-27 12:33:20,275 | INFO | [t=2110] VLA chunk prompt=Reach for and grasp the tomato sauce bottle, then lift it.
2026-09-27 12:33:20,602 | INFO | [t=2120] VLA chunk prompt=Reach for and grasp the tomato sauce bottle, then lift it.
2026-09-27 12:33:20,935 | INFO | [t=2130] VLA chunk prompt=Reach for and grasp the tomato sauce bottle, then lift it.
2026-09-27 12:33:21,262 | INFO | [t=2140] VLA chunk prompt=Reach for and grasp the tomato sauce bottle, then lift it.
2026-09-27 12:33:21,595 | INFO | [t=2150] VLA chunk prompt=Reach for and grasp the tomato sauce bottle, then lift it.
2026-09-27 12:33:21,928 | INFO | [t=2160] VLA chunk prompt=Reach for and grasp the tomato sauce bottle, then lift it.
2026-09-27 12:33:22,258 | INFO | [t=2170] VLA chunk prompt=Reach for and grasp the tomato sauce bottle, then lift it.
2026-09-27 12:33:22,588 | INFO | [t=2180] VLA chunk prompt=Reach for and grasp the tomato sauce bottle, then lift it.
2026-09-27 12:33:22,919 | INFO | [t=2190] VLA chunk prompt=Reach for and grasp the tomato sauce bottle, then lift it.
2026-09-27 12:33:23,263 | INFO | [t=2200] VLA chunk prompt=Reach for and grasp the tomato sauce bottle, then lift it.
2026-09-27 12:33:23,361 | INFO | API VLM @t=2060 task=8 subtask=Reach for and grasp the tomato sauce bottle, then lift it. keyframes=[]
2026-09-27 12:33:23,364 | INFO | [redact] enabled task=8 registered_phrases=0 terms=[]
2026-09-27 12:33:23,616 | INFO | [t=2210] VLA chunk prompt=Reach for and grasp the tomato sauce bottle, then lift it.
2026-09-27 12:33:23,961 | INFO | [t=2220] VLA chunk prompt=Reach for and grasp the tomato sauce bottle, then lift it.
2026-09-27 12:33:24,304 | INFO | [t=2230] VLA chunk prompt=Reach for and grasp the tomato sauce bottle, then lift it.
2026-09-27 12:33:24,632 | INFO | [t=2240] VLA chunk prompt=Reach for and grasp the tomato sauce bottle, then lift it.
2026-09-27 12:33:24,960 | INFO | [t=2250] VLA chunk prompt=Reach for and grasp the tomato sauce bottle, then lift it.
2026-09-27 12:33:25,285 | INFO | [t=2260] VLA chunk prompt=Reach for and grasp the tomato sauce bottle, then lift it.
2026-09-27 12:33:25,612 | INFO | [t=2270] VLA chunk prompt=Reach for and grasp the tomato sauce bottle, then lift it.
2026-09-27 12:33:25,939 | INFO | [t=2280] VLA chunk prompt=Reach for and grasp the tomato sauce bottle, then lift it.
2026-09-27 12:33:26,264 | INFO | [t=2290] VLA chunk prompt=Reach for and grasp the tomato sauce bottle, then lift it.
2026-09-27 12:33:26,601 | INFO | [t=2300] VLA chunk prompt=Reach for and grasp the tomato sauce bottle, then lift it.
2026-09-27 12:33:26,935 | INFO | [t=2310] VLA chunk prompt=Reach for and grasp the tomato sauce bottle, then lift it.
2026-09-27 12:33:27,272 | INFO | [t=2320] VLA chunk prompt=Reach for and grasp the tomato sauce bottle, then lift it.
2026-09-27 12:33:27,602 | INFO | [t=2330] VLA chunk prompt=Reach for and grasp the tomato sauce bottle, then lift it.
2026-09-27 12:33:27,825 | INFO | API VLM @t=2190 task=8 subtask=Reach for and grasp the tomato sauce bottle, then lift it. keyframes=[]
2026-09-27 12:33:27,828 | INFO | [redact] enabled task=8 registered_phrases=0 terms=[]
2026-09-27 12:33:27,932 | INFO | [t=2340] VLA chunk prompt=Reach for and grasp the tomato sauce bottle, then lift it.
2026-09-27 12:33:28,259 | INFO | [t=2350] VLA chunk prompt=Reach for and grasp the tomato sauce bottle, then lift it.
2026-09-27 12:33:28,587 | INFO | [t=2360] VLA chunk prompt=Reach for and grasp the tomato sauce bottle, then lift it.
2026-09-27 12:33:28,928 | INFO | [t=2370] VLA chunk prompt=Reach for and grasp the tomato sauce bottle, then lift it.
2026-09-27 12:33:29,270 | INFO | [t=2380] VLA chunk prompt=Reach for and grasp the tomato sauce bottle, then lift it.
2026-09-27 12:33:29,606 | INFO | [t=2390] VLA chunk prompt=Reach for and grasp the tomato sauce bottle, then lift it.
2026-09-27 12:33:29,934 | INFO | [t=2400] VLA chunk prompt=Reach for and grasp the tomato sauce bottle, then lift it.
2026-09-27 12:33:30,260 | INFO | [t=2410] VLA chunk prompt=Reach for and grasp the tomato sauce bottle, then lift it.
2026-09-27 12:33:30,581 | INFO | [t=2420] VLA chunk prompt=Reach for and grasp the tomato sauce bottle, then lift it.
2026-09-27 12:33:30,902 | INFO | [t=2430] VLA chunk prompt=Reach for and grasp the tomato sauce bottle, then lift it.
2026-09-27 12:33:31,227 | INFO | [t=2440] VLA chunk prompt=Reach for and grasp the tomato sauce bottle, then lift it.
2026-09-27 12:33:31,558 | INFO | [t=2450] VLA chunk prompt=Reach for and grasp the tomato sauce bottle, then lift it.
2026-09-27 12:33:31,883 | INFO | [t=2460] VLA chunk prompt=Reach for and grasp the tomato sauce bottle, then lift it.
2026-09-27 12:33:32,157 | INFO | API VLM @t=2325 task=8 subtask=Reach for and grasp the tomato sauce bottle, then lift it. keyframes=[]
2026-09-27 12:33:32,159 | INFO | [redact] enabled task=8 registered_phrases=0 terms=[]
2026-09-27 12:33:32,212 | INFO | [t=2470] VLA chunk prompt=Reach for and grasp the tomato sauce bottle, then lift it.
2026-09-27 12:33:32,538 | INFO | [t=2480] VLA chunk prompt=Reach for and grasp the tomato sauce bottle, then lift it.
2026-09-27 12:33:32,863 | INFO | [t=2490] VLA chunk prompt=Reach for and grasp the tomato sauce bottle, then lift it.
2026-09-27 12:33:33,187 | INFO | [t=2500] VLA chunk prompt=Reach for and grasp the tomato sauce bottle, then lift it.
2026-09-27 12:33:36,492 | INFO | attempt=0 stage_score=0.0 stage_success=False failure_reason=incomplete_stage
2026-09-27 12:33:36,492 | INFO | Episode 9 seed=109 stage_score=0.0 stage_success=0 goal=0.000 failure_reason=incomplete_stage | 01_Lift_Tomato_Sauce=N | 02_Pour_One=N | 03_Pour_Two=N
2026-09-27 12:33:36,553 | INFO | API VLM @t=2455 task=8 subtask=Reach down, grasp the tomato sauce bottle at the center of the table, and lift it clear of the surface. keyframes=[]
