2026-09-18 12:11:39,248 | INFO | task_id=5 bddl=/project/peilab/why/RoboMemArena/bddl/5_butter_middle_drawer.bddl vlm_ckpt=/project/peilab/why/RoboMemArena/checkpoints/PrediMem/vlm_tasks1to26_ckpt74500
2026-09-18 12:11:41,287 | INFO | async VLM enabled: single-slot subtask buffer
2026-09-18 12:11:41,549 | INFO | [t=10] VLA chunk prompt=Open all drawers in order, remember the empty drawer, then put butter into that empty drawer.
2026-09-18 12:11:41,829 | INFO | [t=20] VLA chunk prompt=Open all drawers in order, remember the empty drawer, then put butter into that empty drawer.
2026-09-18 12:11:42,107 | INFO | [t=30] VLA chunk prompt=Open all drawers in order, remember the empty drawer, then put butter into that empty drawer.
2026-09-18 12:11:42,382 | INFO | [t=40] VLA chunk prompt=Open all drawers in order, remember the empty drawer, then put butter into that empty drawer.
2026-09-18 12:11:42,659 | INFO | [t=50] VLA chunk prompt=Open all drawers in order, remember the empty drawer, then put butter into that empty drawer.
2026-09-18 12:11:42,936 | INFO | [t=60] VLA chunk prompt=Open all drawers in order, remember the empty drawer, then put butter into that empty drawer.
2026-09-18 12:11:43,219 | INFO | [t=70] VLA chunk prompt=Open all drawers in order, remember the empty drawer, then put butter into that empty drawer.
2026-09-18 12:11:43,454 | INFO | [t=80] harness subtask override: open top drawer
2026-09-18 12:11:43,454 | INFO | [t=80] VLM prompt update from step=-1: open top drawer
2026-09-18 12:11:43,454 | INFO | [t=80] harness forced VLM replan after stall (pmh visual retrieve armed)
2026-09-18 12:11:43,505 | INFO | [t=80] VLA chunk prompt=open top drawer
2026-09-18 12:11:43,792 | INFO | [t=90] VLA chunk prompt=open top drawer
2026-09-18 12:11:44,083 | INFO | [t=100] VLA chunk prompt=open top drawer
2026-09-18 12:11:44,392 | INFO | [t=110] VLA chunk prompt=open top drawer
2026-09-18 12:11:44,719 | INFO | [t=120] VLA chunk prompt=open top drawer
2026-09-18 12:11:45,055 | INFO | [t=130] VLA chunk prompt=open top drawer
2026-09-18 12:11:45,400 | INFO | [t=140] VLA chunk prompt=open top drawer
2026-09-18 12:11:45,750 | INFO | [t=150] VLA chunk prompt=open top drawer
2026-09-18 12:11:46,092 | INFO | [t=160] VLA chunk prompt=open top drawer
2026-09-18 12:11:46,432 | INFO | [t=170] VLA chunk prompt=open top drawer
2026-09-18 12:11:46,777 | INFO | [t=180] VLA chunk prompt=open top drawer
2026-09-18 12:11:47,124 | INFO | [t=190] VLA chunk prompt=open top drawer
2026-09-18 12:11:47,478 | INFO | [t=200] VLA chunk prompt=open top drawer
2026-09-18 12:11:47,841 | INFO | [t=210] VLA chunk prompt=open top drawer
2026-09-18 12:11:48,215 | INFO | [t=220] VLA chunk prompt=open top drawer
2026-09-18 12:11:48,589 | INFO | [t=230] VLA chunk prompt=open top drawer
2026-09-18 12:11:48,974 | INFO | [t=240] VLA chunk prompt=open top drawer
2026-09-18 12:11:49,361 | INFO | [t=250] VLA chunk prompt=open top drawer
2026-09-18 12:11:49,749 | INFO | [t=260] VLA chunk prompt=open top drawer
2026-09-18 12:11:50,126 | INFO | [t=270] VLA chunk prompt=open top drawer
2026-09-18 12:11:50,497 | INFO | [t=280] VLA chunk prompt=open top drawer
2026-09-18 12:11:50,872 | INFO | [t=290] VLA chunk prompt=open top drawer
2026-09-18 12:11:51,252 | INFO | [t=300] VLA chunk prompt=open top drawer
2026-09-18 12:11:51,630 | INFO | [t=310] VLA chunk prompt=open top drawer
2026-09-18 12:11:52,009 | INFO | [t=320] VLA chunk prompt=open top drawer
2026-09-18 12:11:52,393 | INFO | [t=330] VLA chunk prompt=open top drawer
2026-09-18 12:11:52,780 | INFO | [t=340] VLA chunk prompt=open top drawer
2026-09-18 12:11:53,161 | INFO | [t=350] VLA chunk prompt=open top drawer
2026-09-18 12:11:53,542 | INFO | [t=360] VLA chunk prompt=open top drawer
2026-09-18 12:11:53,923 | INFO | [t=370] VLA chunk prompt=open top drawer
2026-09-18 12:11:54,301 | INFO | [t=380] VLA chunk prompt=open top drawer
2026-09-18 12:11:54,680 | INFO | [t=390] VLA chunk prompt=open top drawer
2026-09-18 12:11:55,066 | INFO | [t=400] VLA chunk prompt=open top drawer
2026-09-18 12:11:55,453 | INFO | [t=410] VLA chunk prompt=open top drawer
2026-09-18 12:11:55,837 | INFO | [t=420] VLA chunk prompt=open top drawer
2026-09-18 12:11:56,218 | INFO | [t=430] VLA chunk prompt=open top drawer
2026-09-18 12:11:56,599 | INFO | [t=440] VLA chunk prompt=open top drawer
2026-09-18 12:11:56,900 | INFO | API VLM @t=0 task=5 subtask=open the top drawer keyframes=[]
2026-09-18 12:11:56,933 | INFO | [t=450] VLM prompt update from step=0: open the top drawer
2026-09-18 12:11:56,984 | INFO | [t=450] VLA chunk prompt=open the top drawer
2026-09-18 12:11:57,365 | INFO | [t=460] VLA chunk prompt=open the top drawer
2026-09-18 12:11:57,748 | INFO | [t=470] VLA chunk prompt=open the top drawer
2026-09-18 12:11:58,129 | INFO | [t=480] VLA chunk prompt=open the top drawer
2026-09-18 12:11:58,509 | INFO | [t=490] VLA chunk prompt=open the top drawer
2026-09-18 12:11:58,889 | INFO | [t=500] VLA chunk prompt=open the top drawer
2026-09-18 12:11:59,265 | INFO | [t=510] VLA chunk prompt=open the top drawer
2026-09-18 12:11:59,642 | INFO | [t=520] VLA chunk prompt=open the top drawer
2026-09-18 12:12:00,018 | INFO | [t=530] VLA chunk prompt=open the top drawer
2026-09-18 12:12:00,406 | INFO | [t=540] VLA chunk prompt=open the top drawer
2026-09-18 12:12:00,788 | INFO | [t=550] VLA chunk prompt=open the top drawer
2026-09-18 12:12:01,176 | INFO | [t=560] VLA chunk prompt=open the top drawer
2026-09-18 12:12:01,556 | INFO | [t=570] VLA chunk prompt=open the top drawer
2026-09-18 12:12:01,932 | INFO | [t=580] VLA chunk prompt=open the top drawer
2026-09-18 12:12:02,121 | INFO | API VLM @t=2420 task=5 subtask=open top drawer keyframes=[]
2026-09-18 12:12:02,310 | INFO | [t=590] VLA chunk prompt=open the top drawer
2026-09-18 12:12:02,685 | INFO | [t=600] VLA chunk prompt=open the top drawer
2026-09-18 12:12:03,061 | INFO | [t=610] VLA chunk prompt=open the top drawer
2026-09-18 12:12:03,438 | INFO | [t=620] VLA chunk prompt=open the top drawer
2026-09-18 12:12:03,818 | INFO | [t=630] VLA chunk prompt=open the top drawer
2026-09-18 12:12:04,201 | INFO | [t=640] VLA chunk prompt=open the top drawer
2026-09-18 12:12:04,587 | INFO | [t=650] VLA chunk prompt=open the top drawer
2026-09-18 12:12:04,971 | INFO | [t=660] VLA chunk prompt=open the top drawer
2026-09-18 12:12:05,351 | INFO | [t=670] VLA chunk prompt=open the top drawer
2026-09-18 12:12:05,731 | INFO | [t=680] VLA chunk prompt=open the top drawer
2026-09-18 12:12:06,113 | INFO | [t=690] VLA chunk prompt=open the top drawer
2026-09-18 12:12:06,493 | INFO | [t=700] VLA chunk prompt=open the top drawer
2026-09-18 12:12:06,868 | INFO | [t=710] VLA chunk prompt=open the top drawer
2026-09-18 12:12:07,243 | INFO | [t=720] VLA chunk prompt=open the top drawer
2026-09-18 12:12:07,617 | INFO | [t=730] VLA chunk prompt=open the top drawer
2026-09-18 12:12:07,997 | INFO | [t=740] VLA chunk prompt=open the top drawer
2026-09-18 12:12:08,380 | INFO | [t=750] VLA chunk prompt=open the top drawer
2026-09-18 12:12:08,767 | INFO | [t=760] VLA chunk prompt=open the top drawer
2026-09-18 12:12:09,157 | INFO | [t=770] VLA chunk prompt=open the top drawer
2026-09-18 12:12:09,545 | INFO | [t=780] VLA chunk prompt=open the top drawer
2026-09-18 12:12:09,929 | INFO | [t=790] VLA chunk prompt=open the top drawer
2026-09-18 12:12:10,305 | INFO | [t=800] VLA chunk prompt=open the top drawer
2026-09-18 12:12:10,680 | INFO | [t=810] VLA chunk prompt=open the top drawer
2026-09-18 12:12:11,050 | INFO | [t=820] VLA chunk prompt=open the top drawer
2026-09-18 12:12:11,413 | INFO | [t=830] VLA chunk prompt=open the top drawer
2026-09-18 12:12:11,777 | INFO | [t=840] VLA chunk prompt=open the top drawer
2026-09-18 12:12:12,140 | INFO | [t=850] VLA chunk prompt=open the top drawer
2026-09-18 12:12:12,504 | INFO | [t=860] VLA chunk prompt=open the top drawer
2026-09-18 12:12:12,867 | INFO | [t=870] VLA chunk prompt=open the top drawer
2026-09-18 12:12:13,237 | INFO | [t=880] VLA chunk prompt=open the top drawer
2026-09-18 12:12:13,608 | INFO | [t=890] VLA chunk prompt=open the top drawer
2026-09-18 12:12:13,982 | INFO | [t=900] VLA chunk prompt=open the top drawer
2026-09-18 12:12:14,353 | INFO | [t=910] VLA chunk prompt=open the top drawer
2026-09-18 12:12:14,713 | INFO | [t=920] VLA chunk prompt=open the top drawer
2026-09-18 12:12:15,069 | INFO | [t=930] VLA chunk prompt=open the top drawer
2026-09-18 12:12:15,425 | INFO | [t=940] VLA chunk prompt=open the top drawer
2026-09-18 12:12:15,782 | INFO | [t=950] VLA chunk prompt=open the top drawer
2026-09-18 12:12:16,140 | INFO | [t=960] VLA chunk prompt=open the top drawer
2026-09-18 12:12:16,501 | INFO | [t=970] VLA chunk prompt=open the top drawer
2026-09-18 12:12:16,856 | INFO | [t=980] VLA chunk prompt=open the top drawer
2026-09-18 12:12:17,213 | INFO | [t=990] VLA chunk prompt=open the top drawer
2026-09-18 12:12:17,565 | INFO | [t=1000] VLA chunk prompt=open the top drawer
2026-09-18 12:12:17,921 | INFO | [t=1010] VLA chunk prompt=open the top drawer
2026-09-18 12:12:18,285 | INFO | [t=1020] VLA chunk prompt=open the top drawer
2026-09-18 12:12:18,644 | INFO | [t=1030] VLA chunk prompt=open the top drawer
2026-09-18 12:12:19,004 | INFO | [t=1040] VLA chunk prompt=open the top drawer
2026-09-18 12:12:19,365 | INFO | [t=1050] VLA chunk prompt=open the top drawer
2026-09-18 12:12:19,725 | INFO | [t=1060] VLA chunk prompt=open the top drawer
2026-09-18 12:12:20,085 | INFO | [t=1070] VLA chunk prompt=open the top drawer
2026-09-18 12:12:20,446 | INFO | [t=1080] VLA chunk prompt=open the top drawer
2026-09-18 12:12:20,618 | INFO | API VLM @t=435 task=5 subtask=open the top drawer keyframes=[]
2026-09-18 12:12:20,811 | INFO | [t=1090] VLA chunk prompt=open the top drawer
2026-09-18 12:12:21,180 | INFO | [t=1100] VLA chunk prompt=open the top drawer
2026-09-18 12:12:21,551 | INFO | [t=1110] VLA chunk prompt=open the top drawer
2026-09-18 12:12:21,913 | INFO | [t=1120] VLA chunk prompt=open the top drawer
2026-09-18 12:12:22,279 | INFO | [t=1130] VLA chunk prompt=open the top drawer
2026-09-18 12:12:22,650 | INFO | [t=1140] VLA chunk prompt=open the top drawer
2026-09-18 12:12:23,021 | INFO | [t=1150] VLA chunk prompt=open the top drawer
2026-09-18 12:12:23,395 | INFO | [t=1160] VLA chunk prompt=open the top drawer
2026-09-18 12:12:23,774 | INFO | [t=1170] VLA chunk prompt=open the top drawer
2026-09-18 12:12:24,160 | INFO | [t=1180] VLA chunk prompt=open the top drawer
2026-09-18 12:12:24,546 | INFO | [t=1190] VLA chunk prompt=open the top drawer
2026-09-18 12:12:24,936 | INFO | [t=1200] VLA chunk prompt=open the top drawer
2026-09-18 12:12:25,325 | INFO | [t=1210] VLA chunk prompt=open the top drawer
2026-09-18 12:12:25,714 | INFO | [t=1220] VLA chunk prompt=open the top drawer
2026-09-18 12:12:26,102 | INFO | [t=1230] VLA chunk prompt=open the top drawer
2026-09-18 12:12:26,487 | INFO | [t=1240] VLA chunk prompt=open the top drawer
2026-09-18 12:12:26,872 | INFO | [t=1250] VLA chunk prompt=open the top drawer
2026-09-18 12:12:27,259 | INFO | [t=1260] VLA chunk prompt=open the top drawer
2026-09-18 12:12:27,651 | INFO | [t=1270] VLA chunk prompt=open the top drawer
2026-09-18 12:12:28,043 | INFO | [t=1280] VLA chunk prompt=open the top drawer
2026-09-18 12:12:28,437 | INFO | [t=1290] VLA chunk prompt=open the top drawer
2026-09-18 12:12:28,821 | INFO | [t=1300] VLA chunk prompt=open the top drawer
2026-09-18 12:12:29,202 | INFO | [t=1310] VLA chunk prompt=open the top drawer
2026-09-18 12:12:29,581 | INFO | [t=1320] VLA chunk prompt=open the top drawer
2026-09-18 12:12:29,959 | INFO | [t=1330] VLA chunk prompt=open the top drawer
2026-09-18 12:12:30,331 | INFO | [t=1340] VLA chunk prompt=open the top drawer
2026-09-18 12:12:30,701 | INFO | [t=1350] VLA chunk prompt=open the top drawer
2026-09-18 12:12:31,070 | INFO | [t=1360] VLA chunk prompt=open the top drawer
2026-09-18 12:12:31,439 | INFO | [t=1370] VLA chunk prompt=open the top drawer
2026-09-18 12:12:31,807 | INFO | [t=1380] VLA chunk prompt=open the top drawer
2026-09-18 12:12:32,177 | INFO | [t=1390] VLA chunk prompt=open the top drawer
2026-09-18 12:12:32,542 | INFO | [t=1400] VLA chunk prompt=open the top drawer
2026-09-18 12:12:32,898 | INFO | [t=1410] VLA chunk prompt=open the top drawer
2026-09-18 12:12:33,246 | INFO | [t=1420] VLA chunk prompt=open the top drawer
2026-09-18 12:12:33,594 | INFO | [t=1430] VLA chunk prompt=open the top drawer
2026-09-18 12:12:33,941 | INFO | [t=1440] VLA chunk prompt=open the top drawer
2026-09-18 12:12:34,289 | INFO | [t=1450] VLA chunk prompt=open the top drawer
2026-09-18 12:12:34,652 | INFO | [t=1460] VLA chunk prompt=open the top drawer
2026-09-18 12:12:35,009 | INFO | [t=1470] VLA chunk prompt=open the top drawer
2026-09-18 12:12:35,369 | INFO | [t=1480] VLA chunk prompt=open the top drawer
2026-09-18 12:12:35,729 | INFO | [t=1490] VLA chunk prompt=open the top drawer
2026-09-18 12:12:36,089 | INFO | [t=1500] VLA chunk prompt=open the top drawer
2026-09-18 12:12:36,456 | INFO | [t=1510] VLA chunk prompt=open the top drawer
2026-09-18 12:12:36,830 | INFO | [t=1520] VLA chunk prompt=open the top drawer
2026-09-18 12:12:37,202 | INFO | [t=1530] VLA chunk prompt=open the top drawer
2026-09-18 12:12:37,578 | INFO | [t=1540] VLA chunk prompt=open the top drawer
2026-09-18 12:12:37,959 | INFO | [t=1550] VLA chunk prompt=open the top drawer
2026-09-18 12:12:38,336 | INFO | [t=1560] VLA chunk prompt=open the top drawer
2026-09-18 12:12:38,714 | INFO | [t=1570] VLA chunk prompt=open the top drawer
2026-09-18 12:12:39,101 | INFO | [t=1580] VLA chunk prompt=open the top drawer
2026-09-18 12:12:39,491 | INFO | [t=1590] VLA chunk prompt=open the top drawer
2026-09-18 12:12:39,871 | INFO | [t=1600] VLA chunk prompt=open the top drawer
2026-09-18 12:12:40,250 | INFO | [t=1610] VLA chunk prompt=open the top drawer
2026-09-18 12:12:40,618 | INFO | [t=1620] VLA chunk prompt=open the top drawer
2026-09-18 12:12:40,988 | INFO | [t=1630] VLA chunk prompt=open the top drawer
2026-09-18 12:12:41,356 | INFO | [t=1640] VLA chunk prompt=open the top drawer
2026-09-18 12:12:41,727 | INFO | [t=1650] VLA chunk prompt=open the top drawer
2026-09-18 12:12:42,098 | INFO | [t=1660] VLA chunk prompt=open the top drawer
2026-09-18 12:12:42,445 | INFO | API VLM @t=1075 task=5 subtask=grasp butter keyframes=[]
2026-09-18 12:12:42,476 | INFO | [t=1670] VLA chunk prompt=open the top drawer
2026-09-18 12:12:42,802 | INFO | [t=1680] VLM prompt update from step=1075: grasp butter
2026-09-18 12:12:42,853 | INFO | [t=1680] VLA chunk prompt=grasp butter
2026-09-18 12:12:43,225 | INFO | [t=1690] VLA chunk prompt=grasp butter
2026-09-18 12:12:43,596 | INFO | [t=1700] VLA chunk prompt=grasp butter
2026-09-18 12:12:43,967 | INFO | [t=1710] VLA chunk prompt=grasp butter
2026-09-18 12:12:44,340 | INFO | [t=1720] VLA chunk prompt=grasp butter
2026-09-18 12:12:44,711 | INFO | [t=1730] VLA chunk prompt=grasp butter
2026-09-18 12:12:45,088 | INFO | [t=1740] VLA chunk prompt=grasp butter
2026-09-18 12:12:45,457 | INFO | [t=1750] VLA chunk prompt=grasp butter
2026-09-18 12:12:45,821 | INFO | [t=1760] VLA chunk prompt=grasp butter
2026-09-18 12:12:46,195 | INFO | [t=1770] VLA chunk prompt=grasp butter
2026-09-18 12:12:46,569 | INFO | [t=1780] VLA chunk prompt=grasp butter
2026-09-18 12:12:46,938 | INFO | [t=1790] VLA chunk prompt=grasp butter
2026-09-18 12:12:47,308 | INFO | [t=1800] VLA chunk prompt=grasp butter
2026-09-18 12:12:47,684 | INFO | [t=1810] VLA chunk prompt=grasp butter
2026-09-18 12:12:48,070 | INFO | [t=1820] VLA chunk prompt=grasp butter
2026-09-18 12:12:48,449 | INFO | [t=1830] VLA chunk prompt=grasp butter
2026-09-18 12:12:48,829 | INFO | [t=1840] VLA chunk prompt=grasp butter
2026-09-18 12:12:49,211 | INFO | [t=1850] VLA chunk prompt=grasp butter
2026-09-18 12:12:49,599 | INFO | [t=1860] VLA chunk prompt=grasp butter
2026-09-18 12:12:49,982 | INFO | [t=1870] VLA chunk prompt=grasp butter
2026-09-18 12:12:50,370 | INFO | [t=1880] VLA chunk prompt=grasp butter
2026-09-18 12:12:50,757 | INFO | [t=1890] VLA chunk prompt=grasp butter
2026-09-18 12:12:51,140 | INFO | [t=1900] VLA chunk prompt=grasp butter
2026-09-18 12:12:51,523 | INFO | [t=1910] VLA chunk prompt=grasp butter
2026-09-18 12:12:51,903 | INFO | [t=1920] VLA chunk prompt=grasp butter
2026-09-18 12:12:52,282 | INFO | [t=1930] VLA chunk prompt=grasp butter
2026-09-18 12:12:52,659 | INFO | [t=1940] VLA chunk prompt=grasp butter
2026-09-18 12:12:53,038 | INFO | [t=1950] VLA chunk prompt=grasp butter
2026-09-18 12:12:53,422 | INFO | [t=1960] VLA chunk prompt=grasp butter
2026-09-18 12:12:53,799 | INFO | [t=1970] VLA chunk prompt=grasp butter
2026-09-18 12:12:54,178 | INFO | [t=1980] VLA chunk prompt=grasp butter
2026-09-18 12:12:54,568 | INFO | [t=1990] VLA chunk prompt=grasp butter
2026-09-18 12:12:54,957 | INFO | [t=2000] VLA chunk prompt=grasp butter
2026-09-18 12:12:55,338 | INFO | [t=2010] VLA chunk prompt=grasp butter
2026-09-18 12:12:55,713 | INFO | [t=2020] VLA chunk prompt=grasp butter
2026-09-18 12:12:56,085 | INFO | [t=2030] VLA chunk prompt=grasp butter
2026-09-18 12:12:56,452 | INFO | [t=2040] VLA chunk prompt=grasp butter
2026-09-18 12:12:56,812 | INFO | [t=2050] VLA chunk prompt=grasp butter
2026-09-18 12:12:57,171 | INFO | [t=2060] VLA chunk prompt=grasp butter
2026-09-18 12:12:57,530 | INFO | [t=2070] VLA chunk prompt=grasp butter
2026-09-18 12:12:57,892 | INFO | [t=2080] VLA chunk prompt=grasp butter
2026-09-18 12:12:58,251 | INFO | [t=2090] VLA chunk prompt=grasp butter
2026-09-18 12:12:58,614 | INFO | [t=2100] VLA chunk prompt=grasp butter
2026-09-18 12:12:58,978 | INFO | [t=2110] VLA chunk prompt=grasp butter
2026-09-18 12:12:59,345 | INFO | [t=2120] VLA chunk prompt=grasp butter
2026-09-18 12:12:59,710 | INFO | [t=2130] VLA chunk prompt=grasp butter
2026-09-18 12:13:00,075 | INFO | [t=2140] VLA chunk prompt=grasp butter
2026-09-18 12:13:00,441 | INFO | [t=2150] VLA chunk prompt=grasp butter
2026-09-18 12:13:00,805 | INFO | [t=2160] VLA chunk prompt=grasp butter
2026-09-18 12:13:01,173 | INFO | [t=2170] VLA chunk prompt=grasp butter
2026-09-18 12:13:01,547 | INFO | [t=2180] VLA chunk prompt=grasp butter
2026-09-18 12:13:01,918 | INFO | [t=2190] VLA chunk prompt=grasp butter
2026-09-18 12:13:02,291 | INFO | [t=2200] VLA chunk prompt=grasp butter
2026-09-18 12:13:02,660 | INFO | [t=2210] VLA chunk prompt=grasp butter
2026-09-18 12:13:03,025 | INFO | [t=2220] VLA chunk prompt=grasp butter
2026-09-18 12:13:03,388 | INFO | [t=2230] VLA chunk prompt=grasp butter
2026-09-18 12:13:03,752 | INFO | [t=2240] VLA chunk prompt=grasp butter
2026-09-18 12:13:04,120 | INFO | [t=2250] VLA chunk prompt=grasp butter
2026-09-18 12:13:04,486 | INFO | [t=2260] VLA chunk prompt=grasp butter
2026-09-18 12:13:04,850 | INFO | [t=2270] VLA chunk prompt=grasp butter
2026-09-18 12:13:05,211 | INFO | [t=2280] VLA chunk prompt=grasp butter
2026-09-18 12:13:05,568 | INFO | [t=2290] VLA chunk prompt=grasp butter
2026-09-18 12:13:05,927 | INFO | [t=2300] VLA chunk prompt=grasp butter
2026-09-18 12:13:06,289 | INFO | [t=2310] VLA chunk prompt=grasp butter
2026-09-18 12:13:06,652 | INFO | [t=2320] VLA chunk prompt=grasp butter
2026-09-18 12:13:07,014 | INFO | [t=2330] VLA chunk prompt=grasp butter
2026-09-18 12:13:07,392 | INFO | [t=2340] VLA chunk prompt=grasp butter
2026-09-18 12:13:07,766 | INFO | [t=2350] VLA chunk prompt=grasp butter
2026-09-18 12:13:08,142 | INFO | [t=2360] VLA chunk prompt=grasp butter
2026-09-18 12:13:08,521 | INFO | [t=2370] VLA chunk prompt=grasp butter
2026-09-18 12:13:08,895 | INFO | [t=2380] VLA chunk prompt=grasp butter
2026-09-18 12:13:09,275 | INFO | [t=2390] VLA chunk prompt=grasp butter
2026-09-18 12:13:09,662 | INFO | [t=2400] VLA chunk prompt=grasp butter
2026-09-18 12:13:10,051 | INFO | [t=2410] VLA chunk prompt=grasp butter
2026-09-18 12:13:10,439 | INFO | [t=2420] VLA chunk prompt=grasp butter
2026-09-18 12:13:10,818 | INFO | [t=2430] VLA chunk prompt=grasp butter
2026-09-18 12:13:11,205 | INFO | [t=2440] VLA chunk prompt=grasp butter
2026-09-18 12:13:11,592 | INFO | [t=2450] VLA chunk prompt=grasp butter
2026-09-18 12:13:11,975 | INFO | [t=2460] VLA chunk prompt=grasp butter
2026-09-18 12:13:12,348 | INFO | [t=2470] VLA chunk prompt=grasp butter
2026-09-18 12:13:12,715 | INFO | [t=2480] VLA chunk prompt=grasp butter
2026-09-18 12:13:13,078 | INFO | [t=2490] VLA chunk prompt=grasp butter
2026-09-18 12:13:13,441 | INFO | [t=2500] VLA chunk prompt=grasp butter
2026-09-18 12:13:14,053 | INFO | API VLM @t=1660 task=5 subtask=provided at all!
And: "If there is no keyframe in the recent window, keyframe_positions must be an empty list."
So if this drawer is not empty, it's definitely NOT a target keyframe, so `keyframe_positions: []`.
Wait, what if it IS empty? Is that brown thing the shadow or an object?
It clearly has height, rectangular shape, brownish-red color. It's an object inside the drawer (like an obstacle/distractor object).
So the middle drawer is NOT empty.
Therefore, `keyframe_positions` is `[]`.

Now, what is `current_primitive`?
Since the middle drawer is open, and the robot has observed it (or finished opening it), the next keyframes=[]
2026-09-18 12:13:14,078 | INFO | attempt=0 stage_score=0.0 stage_success=False failure_reason=incomplete_stage
2026-09-18 12:13:16,132 | INFO | harness release_gripper after env.reset (attempt=1)
2026-09-18 12:13:16,133 | INFO | async VLM enabled: single-slot subtask buffer
2026-09-18 12:13:16,395 | INFO | [t=10] VLA chunk prompt=Open all drawers in order, remember the empty drawer, then put butter into that empty drawer.
2026-09-18 12:13:16,676 | INFO | [t=20] VLA chunk prompt=Open all drawers in order, remember the empty drawer, then put butter into that empty drawer.
2026-09-18 12:13:16,957 | INFO | [t=30] VLA chunk prompt=Open all drawers in order, remember the empty drawer, then put butter into that empty drawer.
2026-09-18 12:13:17,233 | INFO | [t=40] VLA chunk prompt=Open all drawers in order, remember the empty drawer, then put butter into that empty drawer.
2026-09-18 12:13:17,511 | INFO | [t=50] VLA chunk prompt=Open all drawers in order, remember the empty drawer, then put butter into that empty drawer.
2026-09-18 12:13:17,788 | INFO | [t=60] VLA chunk prompt=Open all drawers in order, remember the empty drawer, then put butter into that empty drawer.
2026-09-18 12:13:18,064 | INFO | [t=70] VLA chunk prompt=Open all drawers in order, remember the empty drawer, then put butter into that empty drawer.
2026-09-18 12:13:18,290 | INFO | [t=80] harness subtask override: open top drawer
2026-09-18 12:13:18,290 | INFO | [t=80] VLM prompt update from step=-1: open top drawer
2026-09-18 12:13:18,290 | INFO | [t=80] harness forced VLM replan after stall (pmh visual retrieve armed)
2026-09-18 12:13:18,340 | INFO | [t=80] VLA chunk prompt=open top drawer
2026-09-18 12:13:18,618 | INFO | [t=90] VLA chunk prompt=open top drawer
2026-09-18 12:13:18,899 | INFO | [t=100] VLA chunk prompt=open top drawer
2026-09-18 12:13:19,186 | INFO | [t=110] VLA chunk prompt=open top drawer
2026-09-18 12:13:19,507 | INFO | [t=120] VLA chunk prompt=open top drawer
2026-09-18 12:13:19,823 | INFO | [t=130] VLA chunk prompt=open top drawer
2026-09-18 12:13:20,144 | INFO | [t=140] VLA chunk prompt=open top drawer
2026-09-18 12:13:20,467 | INFO | [t=150] VLA chunk prompt=open top drawer
2026-09-18 12:13:20,793 | INFO | [t=160] VLA chunk prompt=open top drawer
2026-09-18 12:13:21,125 | INFO | [t=170] VLA chunk prompt=open top drawer
2026-09-18 12:13:21,463 | INFO | [t=180] VLA chunk prompt=open top drawer
2026-09-18 12:13:21,804 | INFO | [t=190] VLA chunk prompt=open top drawer
2026-09-18 12:13:22,151 | INFO | [t=200] VLA chunk prompt=open top drawer
2026-09-18 12:13:22,500 | INFO | [t=210] VLA chunk prompt=open top drawer
2026-09-18 12:13:22,851 | INFO | [t=220] VLA chunk prompt=open top drawer
2026-09-18 12:13:23,204 | INFO | [t=230] VLA chunk prompt=open top drawer
2026-09-18 12:13:23,564 | INFO | [t=240] VLA chunk prompt=open top drawer
2026-09-18 12:13:23,934 | INFO | [t=250] VLA chunk prompt=open top drawer
2026-09-18 12:13:24,309 | INFO | [t=260] VLA chunk prompt=open top drawer
2026-09-18 12:13:24,691 | INFO | [t=270] VLA chunk prompt=open top drawer
2026-09-18 12:13:25,072 | INFO | [t=280] VLA chunk prompt=open top drawer
2026-09-18 12:13:25,456 | INFO | [t=290] VLA chunk prompt=open top drawer
2026-09-18 12:13:25,838 | INFO | [t=300] VLA chunk prompt=open top drawer
2026-09-18 12:13:26,220 | INFO | [t=310] VLA chunk prompt=open top drawer
2026-09-18 12:13:26,604 | INFO | [t=320] VLA chunk prompt=open top drawer
2026-09-18 12:13:26,986 | INFO | [t=330] VLA chunk prompt=open top drawer
2026-09-18 12:13:27,370 | INFO | [t=340] VLA chunk prompt=open top drawer
2026-09-18 12:13:27,757 | INFO | [t=350] VLA chunk prompt=open top drawer
2026-09-18 12:13:28,145 | INFO | [t=360] VLA chunk prompt=open top drawer
2026-09-18 12:13:28,541 | INFO | [t=370] VLA chunk prompt=open top drawer
2026-09-18 12:13:28,947 | INFO | [t=380] VLA chunk prompt=open top drawer
2026-09-18 12:13:29,349 | INFO | [t=390] VLA chunk prompt=open top drawer
2026-09-18 12:13:29,738 | INFO | [t=400] VLA chunk prompt=open top drawer
2026-09-18 12:13:30,125 | INFO | [t=410] VLA chunk prompt=open top drawer
2026-09-18 12:13:30,514 | INFO | [t=420] VLA chunk prompt=open top drawer
2026-09-18 12:13:30,904 | INFO | [t=430] VLA chunk prompt=open top drawer
2026-09-18 12:13:31,294 | INFO | [t=440] VLA chunk prompt=open top drawer
2026-09-18 12:13:31,685 | INFO | [t=450] VLA chunk prompt=open top drawer
2026-09-18 12:13:32,075 | INFO | [t=460] VLA chunk prompt=open top drawer
2026-09-18 12:13:32,467 | INFO | [t=470] VLA chunk prompt=open top drawer
2026-09-18 12:13:32,863 | INFO | [t=480] VLA chunk prompt=open top drawer
2026-09-18 12:13:33,263 | INFO | [t=490] VLA chunk prompt=open top drawer
2026-09-18 12:13:33,662 | INFO | [t=500] VLA chunk prompt=open top drawer
2026-09-18 12:13:34,067 | INFO | [t=510] VLA chunk prompt=open top drawer
2026-09-18 12:13:34,472 | INFO | [t=520] VLA chunk prompt=open top drawer
2026-09-18 12:13:34,879 | INFO | [t=530] VLA chunk prompt=open top drawer
2026-09-18 12:13:35,269 | INFO | [t=540] VLA chunk prompt=open top drawer
2026-09-18 12:13:35,655 | INFO | [t=550] VLA chunk prompt=open top drawer
2026-09-18 12:13:36,045 | INFO | [t=560] VLA chunk prompt=open top drawer
2026-09-18 12:13:36,431 | INFO | [t=570] VLA chunk prompt=open top drawer
2026-09-18 12:13:36,816 | INFO | [t=580] VLA chunk prompt=open top drawer
2026-09-18 12:13:37,213 | INFO | [t=590] VLA chunk prompt=open top drawer
2026-09-18 12:13:37,449 | INFO | API VLM @t=0 task=5 subtask=04_Close_Middle_Drawer keyframes=[]
2026-09-18 12:13:37,569 | INFO | [t=600] VLM prompt update from step=0: 04_Close_Middle_Drawer
2026-09-18 12:13:37,620 | INFO | [t=600] VLA chunk prompt=04_Close_Middle_Drawer
2026-09-18 12:13:38,025 | INFO | [t=610] VLA chunk prompt=04_Close_Middle_Drawer
2026-09-18 12:13:38,430 | INFO | [t=620] VLA chunk prompt=04_Close_Middle_Drawer
2026-09-18 12:13:38,835 | INFO | [t=630] VLA chunk prompt=04_Close_Middle_Drawer
2026-09-18 12:13:39,242 | INFO | [t=640] VLA chunk prompt=04_Close_Middle_Drawer
2026-09-18 12:13:39,648 | INFO | [t=650] VLA chunk prompt=04_Close_Middle_Drawer
2026-09-18 12:13:40,055 | INFO | [t=660] VLA chunk prompt=04_Close_Middle_Drawer
2026-09-18 12:13:40,441 | INFO | [t=670] VLA chunk prompt=04_Close_Middle_Drawer
2026-09-18 12:13:40,824 | INFO | [t=680] VLA chunk prompt=04_Close_Middle_Drawer
2026-09-18 12:13:41,208 | INFO | [t=690] VLA chunk prompt=04_Close_Middle_Drawer
2026-09-18 12:13:41,596 | INFO | [t=700] VLA chunk prompt=04_Close_Middle_Drawer
2026-09-18 12:13:41,987 | INFO | [t=710] VLA chunk prompt=04_Close_Middle_Drawer
2026-09-18 12:13:42,369 | INFO | [t=720] VLA chunk prompt=04_Close_Middle_Drawer
2026-09-18 12:13:42,749 | INFO | [t=730] VLA chunk prompt=04_Close_Middle_Drawer
2026-09-18 12:13:43,133 | INFO | [t=740] VLA chunk prompt=04_Close_Middle_Drawer
2026-09-18 12:13:43,513 | INFO | [t=750] VLA chunk prompt=04_Close_Middle_Drawer
2026-09-18 12:13:43,900 | INFO | [t=760] VLA chunk prompt=04_Close_Middle_Drawer
2026-09-18 12:13:44,306 | INFO | [t=770] VLA chunk prompt=04_Close_Middle_Drawer
2026-09-18 12:13:44,707 | INFO | [t=780] VLA chunk prompt=04_Close_Middle_Drawer
2026-09-18 12:13:45,101 | INFO | [t=790] VLA chunk prompt=04_Close_Middle_Drawer
2026-09-18 12:13:45,502 | INFO | [t=800] VLA chunk prompt=04_Close_Middle_Drawer
2026-09-18 12:13:45,905 | INFO | [t=810] VLA chunk prompt=04_Close_Middle_Drawer
2026-09-18 12:13:46,297 | INFO | [t=820] VLA chunk prompt=04_Close_Middle_Drawer
2026-09-18 12:13:46,689 | INFO | [t=830] VLA chunk prompt=04_Close_Middle_Drawer
2026-09-18 12:13:47,083 | INFO | [t=840] VLA chunk prompt=04_Close_Middle_Drawer
2026-09-18 12:13:47,481 | INFO | [t=850] VLA chunk prompt=04_Close_Middle_Drawer
2026-09-18 12:13:47,871 | INFO | [t=860] VLA chunk prompt=04_Close_Middle_Drawer
2026-09-18 12:13:48,259 | INFO | [t=870] VLA chunk prompt=04_Close_Middle_Drawer
2026-09-18 12:13:48,643 | INFO | [t=880] VLA chunk prompt=04_Close_Middle_Drawer
2026-09-18 12:13:49,029 | INFO | [t=890] VLA chunk prompt=04_Close_Middle_Drawer
2026-09-18 12:13:49,425 | INFO | [t=900] VLA chunk prompt=04_Close_Middle_Drawer
2026-09-18 12:13:49,828 | INFO | [t=910] VLA chunk prompt=04_Close_Middle_Drawer
2026-09-18 12:13:50,230 | INFO | [t=920] VLA chunk prompt=04_Close_Middle_Drawer
2026-09-18 12:13:50,639 | INFO | [t=930] VLA chunk prompt=04_Close_Middle_Drawer
2026-09-18 12:13:51,045 | INFO | [t=940] VLA chunk prompt=04_Close_Middle_Drawer
2026-09-18 12:13:51,441 | INFO | [t=950] VLA chunk prompt=04_Close_Middle_Drawer
2026-09-18 12:13:51,836 | INFO | [t=960] VLA chunk prompt=04_Close_Middle_Drawer
2026-09-18 12:13:52,229 | INFO | [t=970] VLA chunk prompt=04_Close_Middle_Drawer
2026-09-18 12:13:52,624 | INFO | [t=980] VLA chunk prompt=04_Close_Middle_Drawer
2026-09-18 12:13:53,025 | INFO | [t=990] VLA chunk prompt=04_Close_Middle_Drawer
2026-09-18 12:13:53,431 | INFO | [t=1000] VLA chunk prompt=04_Close_Middle_Drawer
2026-09-18 12:13:53,834 | INFO | [t=1010] VLA chunk prompt=04_Close_Middle_Drawer
2026-09-18 12:13:54,229 | INFO | [t=1020] VLA chunk prompt=04_Close_Middle_Drawer
2026-09-18 12:13:54,638 | INFO | [t=1030] VLA chunk prompt=04_Close_Middle_Drawer
2026-09-18 12:13:55,035 | INFO | [t=1040] VLA chunk prompt=04_Close_Middle_Drawer
2026-09-18 12:13:55,420 | INFO | [t=1050] VLA chunk prompt=04_Close_Middle_Drawer
2026-09-18 12:13:55,813 | INFO | [t=1060] VLA chunk prompt=04_Close_Middle_Drawer
2026-09-18 12:13:56,206 | INFO | [t=1070] VLA chunk prompt=04_Close_Middle_Drawer
2026-09-18 12:13:56,590 | INFO | [t=1080] VLA chunk prompt=04_Close_Middle_Drawer
2026-09-18 12:13:56,968 | INFO | [t=1090] VLA chunk prompt=04_Close_Middle_Drawer
2026-09-18 12:13:57,132 | INFO | API VLM @t=585 task=5 subtask=open top drawer keyframes=[]
2026-09-18 12:13:57,294 | INFO | [t=1100] VLM prompt update from step=585: open top drawer
2026-09-18 12:13:57,345 | INFO | [t=1100] VLA chunk prompt=open top drawer
2026-09-18 12:13:57,715 | INFO | [t=1110] VLA chunk prompt=open top drawer
2026-09-18 12:13:58,079 | INFO | [t=1120] VLA chunk prompt=open top drawer
2026-09-18 12:13:58,435 | INFO | [t=1130] VLA chunk prompt=open top drawer
2026-09-18 12:13:58,794 | INFO | [t=1140] VLA chunk prompt=open top drawer
2026-09-18 12:13:59,153 | INFO | [t=1150] VLA chunk prompt=open top drawer
2026-09-18 12:13:59,515 | INFO | [t=1160] VLA chunk prompt=open top drawer
2026-09-18 12:13:59,880 | INFO | [t=1170] VLA chunk prompt=open top drawer
2026-09-18 12:14:00,257 | INFO | [t=1180] VLA chunk prompt=open top drawer
2026-09-18 12:14:00,635 | INFO | [t=1190] VLA chunk prompt=open top drawer
2026-09-18 12:14:01,017 | INFO | [t=1200] VLA chunk prompt=open top drawer
2026-09-18 12:14:01,400 | INFO | [t=1210] VLA chunk prompt=open top drawer
2026-09-18 12:14:01,771 | INFO | [t=1220] VLA chunk prompt=open top drawer
2026-09-18 12:14:02,145 | INFO | [t=1230] VLA chunk prompt=open top drawer
2026-09-18 12:14:02,533 | INFO | [t=1240] VLA chunk prompt=open top drawer
2026-09-18 12:14:02,925 | INFO | [t=1250] VLA chunk prompt=open top drawer
2026-09-18 12:14:03,333 | INFO | [t=1260] VLA chunk prompt=open top drawer
2026-09-18 12:14:03,741 | INFO | [t=1270] VLA chunk prompt=open top drawer
2026-09-18 12:14:04,143 | INFO | [t=1280] VLA chunk prompt=open top drawer
2026-09-18 12:14:04,532 | INFO | [t=1290] VLA chunk prompt=open top drawer
2026-09-18 12:14:04,917 | INFO | [t=1300] VLA chunk prompt=open top drawer
2026-09-18 12:14:05,308 | INFO | [t=1310] VLA chunk prompt=open top drawer
2026-09-18 12:14:05,693 | INFO | [t=1320] VLA chunk prompt=open top drawer
2026-09-18 12:14:06,078 | INFO | [t=1330] VLA chunk prompt=open top drawer
2026-09-18 12:14:06,463 | INFO | [t=1340] VLA chunk prompt=open top drawer
2026-09-18 12:14:06,848 | INFO | [t=1350] VLA chunk prompt=open top drawer
2026-09-18 12:14:07,237 | INFO | [t=1360] VLA chunk prompt=open top drawer
2026-09-18 12:14:07,629 | INFO | [t=1370] VLA chunk prompt=open top drawer
2026-09-18 12:14:08,017 | INFO | [t=1380] VLA chunk prompt=open top drawer
2026-09-18 12:14:08,402 | INFO | [t=1390] VLA chunk prompt=open top drawer
2026-09-18 12:14:08,791 | INFO | [t=1400] VLA chunk prompt=open top drawer
2026-09-18 12:14:09,177 | INFO | [t=1410] VLA chunk prompt=open top drawer
2026-09-18 12:14:09,573 | INFO | [t=1420] VLA chunk prompt=open top drawer
2026-09-18 12:14:09,966 | INFO | [t=1430] VLA chunk prompt=open top drawer
2026-09-18 12:14:10,275 | INFO | API VLM @t=1085 task=5 subtask=open top drawer keyframes=[5]
2026-09-18 12:14:10,359 | INFO | [t=1440] VLA chunk prompt=open top drawer
2026-09-18 12:14:10,744 | INFO | [t=1450] VLA chunk prompt=open top drawer
2026-09-18 12:14:11,124 | INFO | [t=1460] VLA chunk prompt=open top drawer
2026-09-18 12:14:11,507 | INFO | [t=1470] VLA chunk prompt=open top drawer
2026-09-18 12:14:11,891 | INFO | [t=1480] VLA chunk prompt=open top drawer
2026-09-18 12:14:12,269 | INFO | [t=1490] VLA chunk prompt=open top drawer
2026-09-18 12:14:12,652 | INFO | [t=1500] VLA chunk prompt=open top drawer
2026-09-18 12:14:13,040 | INFO | [t=1510] VLA chunk prompt=open top drawer
2026-09-18 12:14:13,427 | INFO | [t=1520] VLA chunk prompt=open top drawer
2026-09-18 12:14:13,817 | INFO | [t=1530] VLA chunk prompt=open top drawer
2026-09-18 12:14:13,954 | INFO | [t=1534] stage done: 01_Open_Top_Drawer
2026-09-18 12:14:14,208 | INFO | [t=1540] VLA chunk prompt=open top drawer
2026-09-18 12:14:14,587 | INFO | [t=1550] VLA chunk prompt=open top drawer
2026-09-18 12:14:14,962 | INFO | [t=1560] VLA chunk prompt=open top drawer
2026-09-18 12:14:15,338 | INFO | [t=1570] VLA chunk prompt=open top drawer
2026-09-18 12:14:15,709 | INFO | [t=1580] VLA chunk prompt=open top drawer
2026-09-18 12:14:16,078 | INFO | [t=1590] VLA chunk prompt=open top drawer
2026-09-18 12:14:16,446 | INFO | [t=1600] VLA chunk prompt=open top drawer
2026-09-18 12:14:16,815 | INFO | [t=1610] VLA chunk prompt=open top drawer
2026-09-18 12:14:17,134 | INFO | [t=1620] harness subtask override: close top drawer
2026-09-18 12:14:17,134 | INFO | [t=1620] VLM prompt update from step=1085: close top drawer
2026-09-18 12:14:17,134 | INFO | [t=1620] harness forced VLM replan after stall (pmh visual retrieve armed)
2026-09-18 12:14:17,186 | INFO | [t=1620] VLA chunk prompt=close top drawer
2026-09-18 12:14:17,555 | INFO | [t=1630] VLA chunk prompt=close top drawer
2026-09-18 12:14:17,610 | INFO | API VLM @t=1425 task=5 subtask=open top drawer keyframes=[]
2026-09-18 12:14:17,880 | INFO | [t=1640] VLM prompt update from step=1425: open top drawer
2026-09-18 12:14:17,931 | INFO | [t=1640] VLA chunk prompt=open top drawer
2026-09-18 12:14:18,304 | INFO | [t=1650] VLA chunk prompt=open top drawer
2026-09-18 12:14:18,681 | INFO | [t=1660] VLA chunk prompt=open top drawer
2026-09-18 12:14:19,056 | INFO | [t=1670] VLA chunk prompt=open top drawer
2026-09-18 12:14:19,439 | INFO | [t=1680] VLA chunk prompt=open top drawer
2026-09-18 12:14:19,821 | INFO | [t=1690] VLA chunk prompt=open top drawer
2026-09-18 12:14:20,202 | INFO | [t=1700] VLA chunk prompt=open top drawer
2026-09-18 12:14:20,589 | INFO | [t=1710] VLA chunk prompt=open top drawer
2026-09-18 12:14:20,973 | INFO | [t=1720] VLA chunk prompt=open top drawer
2026-09-18 12:14:21,354 | INFO | [t=1730] VLA chunk prompt=open top drawer
2026-09-18 12:14:21,732 | INFO | [t=1740] VLA chunk prompt=open top drawer
2026-09-18 12:14:22,107 | INFO | [t=1750] VLA chunk prompt=open top drawer
2026-09-18 12:14:22,481 | INFO | [t=1760] VLA chunk prompt=open top drawer
2026-09-18 12:14:22,851 | INFO | [t=1770] VLA chunk prompt=open top drawer
2026-09-18 12:14:23,216 | INFO | [t=1780] VLA chunk prompt=open top drawer
2026-09-18 12:14:23,582 | INFO | [t=1790] VLA chunk prompt=open top drawer
2026-09-18 12:14:23,946 | INFO | [t=1800] VLA chunk prompt=open top drawer
2026-09-18 12:14:24,309 | INFO | [t=1810] VLA chunk prompt=open top drawer
2026-09-18 12:14:24,671 | INFO | [t=1820] VLA chunk prompt=open top drawer
2026-09-18 12:14:25,033 | INFO | [t=1830] VLA chunk prompt=open top drawer
2026-09-18 12:14:25,399 | INFO | [t=1840] VLA chunk prompt=open top drawer
2026-09-18 12:14:25,497 | INFO | [t=1843] stage done: 02_Close_Top_Drawer
2026-09-18 12:14:25,780 | INFO | [t=1850] VLA chunk prompt=open top drawer
2026-09-18 12:14:26,160 | INFO | [t=1860] VLA chunk prompt=open top drawer
2026-09-18 12:14:26,541 | INFO | [t=1870] VLA chunk prompt=open top drawer
2026-09-18 12:14:26,928 | INFO | [t=1880] VLA chunk prompt=open top drawer
2026-09-18 12:14:27,316 | INFO | [t=1890] VLA chunk prompt=open top drawer
2026-09-18 12:14:27,704 | INFO | [t=1900] VLA chunk prompt=open top drawer
2026-09-18 12:14:28,090 | INFO | [t=1910] VLA chunk prompt=open top drawer
2026-09-18 12:14:28,093 | INFO | API VLM @t=1620 task=5 subtask=open top drawer keyframes=[]
2026-09-18 12:14:28,482 | INFO | [t=1920] VLA chunk prompt=open top drawer
2026-09-18 12:14:28,812 | INFO | [t=1930] harness subtask override: open middle drawer
2026-09-18 12:14:28,812 | INFO | [t=1930] VLM prompt update from step=1620: open middle drawer
2026-09-18 12:14:28,812 | INFO | [t=1930] harness forced VLM replan after stall (pmh visual retrieve armed)
2026-09-18 12:14:28,863 | INFO | [t=1930] VLA chunk prompt=open middle drawer
2026-09-18 12:14:29,255 | INFO | [t=1940] VLA chunk prompt=open middle drawer
2026-09-18 12:14:29,648 | INFO | [t=1950] VLA chunk prompt=open middle drawer
2026-09-18 12:14:30,046 | INFO | [t=1960] VLA chunk prompt=open middle drawer
2026-09-18 12:14:30,445 | INFO | [t=1970] VLA chunk prompt=open middle drawer
2026-09-18 12:14:30,831 | INFO | [t=1980] VLA chunk prompt=open middle drawer
2026-09-18 12:14:31,239 | INFO | [t=1990] VLA chunk prompt=open middle drawer
2026-09-18 12:14:31,634 | INFO | [t=2000] VLA chunk prompt=open middle drawer
2026-09-18 12:14:32,036 | INFO | [t=2010] VLA chunk prompt=open middle drawer
2026-09-18 12:14:32,439 | INFO | [t=2020] VLA chunk prompt=open middle drawer
2026-09-18 12:14:32,838 | INFO | [t=2030] VLA chunk prompt=open middle drawer
2026-09-18 12:14:33,231 | INFO | [t=2040] VLA chunk prompt=open middle drawer
2026-09-18 12:14:33,627 | INFO | [t=2050] VLA chunk prompt=open middle drawer
2026-09-18 12:14:34,013 | INFO | [t=2060] VLA chunk prompt=open middle drawer
2026-09-18 12:14:34,387 | INFO | [t=2070] VLA chunk prompt=open middle drawer
2026-09-18 12:14:34,757 | INFO | [t=2080] VLA chunk prompt=open middle drawer
2026-09-18 12:14:35,134 | INFO | [t=2090] VLA chunk prompt=open middle drawer
2026-09-18 12:14:35,509 | INFO | [t=2100] VLA chunk prompt=open middle drawer
2026-09-18 12:14:35,885 | INFO | [t=2110] VLA chunk prompt=open middle drawer
2026-09-18 12:14:36,257 | INFO | [t=2120] VLA chunk prompt=open middle drawer
2026-09-18 12:14:36,626 | INFO | [t=2130] VLA chunk prompt=open middle drawer
2026-09-18 12:14:36,994 | INFO | [t=2140] VLA chunk prompt=open middle drawer
2026-09-18 12:14:37,360 | INFO | [t=2150] VLA chunk prompt=open middle drawer
2026-09-18 12:14:37,725 | INFO | [t=2160] VLA chunk prompt=open middle drawer
2026-09-18 12:14:38,090 | INFO | [t=2170] VLA chunk prompt=open middle drawer
2026-09-18 12:14:38,460 | INFO | [t=2180] VLA chunk prompt=open middle drawer
2026-09-18 12:14:38,830 | INFO | [t=2190] VLA chunk prompt=open middle drawer
2026-09-18 12:14:39,202 | INFO | [t=2200] VLA chunk prompt=open middle drawer
2026-09-18 12:14:39,580 | INFO | [t=2210] VLA chunk prompt=open middle drawer
2026-09-18 12:14:39,953 | INFO | [t=2220] VLA chunk prompt=open middle drawer
2026-09-18 12:14:40,320 | INFO | [t=2230] VLA chunk prompt=open middle drawer
2026-09-18 12:14:40,689 | INFO | [t=2240] VLA chunk prompt=open middle drawer
2026-09-18 12:14:41,053 | INFO | [t=2250] VLA chunk prompt=open middle drawer
2026-09-18 12:14:41,420 | INFO | [t=2260] VLA chunk prompt=open middle drawer
2026-09-18 12:14:41,789 | INFO | [t=2270] VLA chunk prompt=open middle drawer
2026-09-18 12:14:42,156 | INFO | [t=2280] VLA chunk prompt=open middle drawer
2026-09-18 12:14:42,525 | INFO | [t=2290] VLA chunk prompt=open middle drawer
2026-09-18 12:14:42,898 | INFO | [t=2300] VLA chunk prompt=open middle drawer
2026-09-18 12:14:43,273 | INFO | [t=2310] VLA chunk prompt=open middle drawer
2026-09-18 12:14:43,652 | INFO | [t=2320] VLA chunk prompt=open middle drawer
2026-09-18 12:14:44,026 | INFO | [t=2330] VLA chunk prompt=open middle drawer
2026-09-18 12:14:44,407 | INFO | [t=2340] VLA chunk prompt=open middle drawer
2026-09-18 12:14:44,782 | INFO | [t=2350] VLA chunk prompt=open middle drawer
2026-09-18 12:14:45,162 | INFO | [t=2360] VLA chunk prompt=open middle drawer
2026-09-18 12:14:45,541 | INFO | [t=2370] VLA chunk prompt=open middle drawer
2026-09-18 12:14:45,915 | INFO | [t=2380] VLA chunk prompt=open middle drawer
2026-09-18 12:14:46,284 | INFO | [t=2390] VLA chunk prompt=open middle drawer
2026-09-18 12:14:46,648 | INFO | [t=2400] VLA chunk prompt=open middle drawer
2026-09-18 12:14:47,009 | INFO | [t=2410] VLA chunk prompt=open middle drawer
2026-09-18 12:14:47,370 | INFO | [t=2420] VLA chunk prompt=open middle drawer
2026-09-18 12:14:47,726 | INFO | [t=2430] VLA chunk prompt=open middle drawer
2026-09-18 12:14:48,081 | INFO | [t=2440] VLA chunk prompt=open middle drawer
2026-09-18 12:14:48,435 | INFO | [t=2450] VLA chunk prompt=open middle drawer
2026-09-18 12:14:48,796 | INFO | [t=2460] VLA chunk prompt=open middle drawer
2026-09-18 12:14:49,167 | INFO | [t=2470] VLA chunk prompt=open middle drawer
2026-09-18 12:14:49,543 | INFO | [t=2480] VLA chunk prompt=open middle drawer
2026-09-18 12:14:49,918 | INFO | [t=2490] VLA chunk prompt=open middle drawer
2026-09-18 12:14:50,290 | INFO | [t=2500] VLA chunk prompt=open middle drawer
2026-09-18 12:14:53,640 | INFO | attempt=1 stage_score=25.0 stage_success=False failure_reason=incomplete_stage
2026-09-18 12:14:53,641 | INFO | Episode 1 seed=101 stage_score=25.0 stage_success=0 goal=0.250 failure_reason=incomplete_stage | 01_Open_Top_Drawer=Y | 02_Close_Top_Drawer=Y | 03_Open_Middle_Drawer=N | 04_Close_Middle_Drawer=N | 05_Open_Bottom_Drawer=N | 06_Close_Bottom_Drawer=N | 07_Open_Middle_Drawer_Again=N | 08_Put_Butter_Middle_Drawer=N | 09_Close_Middle_Drawer_Final=N
