2026-09-27 12:46:38,479 | INFO | task_id=22 bddl=/project/peilab/why/RoboMemArena/bddl/22_pour_tomato_cookies_microwave.bddl vlm_ckpt=/project/peilab/why/RoboMemArena/checkpoints/PrediMem/vlm_tasks1to26_ckpt74500
2026-09-27 12:46:38,482 | INFO | [redact] enabled task=22 registered_phrases=0 terms=[]
2026-09-27 12:46:40,104 | INFO | async VLM enabled: single-slot subtask buffer
2026-09-27 12:46:40,281 | INFO | [redact] enabled task=22 registered_phrases=0 terms=[]
2026-09-27 12:46:40,336 | INFO | [t=10] VLA chunk prompt=Pour tomato sauce over cookies twice, then put the cookies into the microwave.
2026-09-27 12:46:40,578 | INFO | [t=20] VLA chunk prompt=Pour tomato sauce over cookies twice, then put the cookies into the microwave.
2026-09-27 12:46:40,813 | INFO | [t=30] VLA chunk prompt=Pour tomato sauce over cookies twice, then put the cookies into the microwave.
2026-09-27 12:46:41,049 | INFO | [t=40] VLA chunk prompt=Pour tomato sauce over cookies twice, then put the cookies into the microwave.
2026-09-27 12:46:41,290 | INFO | [t=50] VLA chunk prompt=Pour tomato sauce over cookies twice, then put the cookies into the microwave.
2026-09-27 12:46:41,536 | INFO | [t=60] VLA chunk prompt=Pour tomato sauce over cookies twice, then put the cookies into the microwave.
2026-09-27 12:46:41,775 | INFO | [t=70] VLA chunk prompt=Pour tomato sauce over cookies twice, then put the cookies into the microwave.
2026-09-27 12:46:42,016 | INFO | [t=80] VLA chunk prompt=Pour tomato sauce over cookies twice, then put the cookies into the microwave.
2026-09-27 12:46:42,255 | INFO | [t=90] VLA chunk prompt=Pour tomato sauce over cookies twice, then put the cookies into the microwave.
2026-09-27 12:46:42,495 | INFO | [t=100] VLA chunk prompt=Pour tomato sauce over cookies twice, then put the cookies into the microwave.
2026-09-27 12:46:42,738 | INFO | [t=110] VLA chunk prompt=Pour tomato sauce over cookies twice, then put the cookies into the microwave.
2026-09-27 12:46:42,979 | INFO | [t=120] VLA chunk prompt=Pour tomato sauce over cookies twice, then put the cookies into the microwave.
2026-09-27 12:46:43,221 | INFO | [t=130] VLA chunk prompt=Pour tomato sauce over cookies twice, then put the cookies into the microwave.
2026-09-27 12:46:43,472 | INFO | [t=140] VLA chunk prompt=Pour tomato sauce over cookies twice, then put the cookies into the microwave.
2026-09-27 12:46:43,725 | INFO | [t=150] VLA chunk prompt=Pour tomato sauce over cookies twice, then put the cookies into the microwave.
2026-09-27 12:46:44,009 | INFO | [t=160] VLA chunk prompt=Pour tomato sauce over cookies twice, then put the cookies into the microwave.
2026-09-27 12:46:44,303 | INFO | [t=170] VLA chunk prompt=Pour tomato sauce over cookies twice, then put the cookies into the microwave.
2026-09-27 12:46:44,396 | INFO | [t=174] stage done: 01_Lift_Tomato_Sauce
2026-09-27 12:46:44,587 | INFO | [t=180] VLA chunk prompt=Pour tomato sauce over cookies twice, then put the cookies into the microwave.
2026-09-27 12:46:44,871 | INFO | [t=190] VLA chunk prompt=Pour tomato sauce over cookies twice, then put the cookies into the microwave.
2026-09-27 12:46:45,171 | INFO | [t=200] VLA chunk prompt=Pour tomato sauce over cookies twice, then put the cookies into the microwave.
2026-09-27 12:46:45,347 | INFO | API VLM @t=0 task=22 subtask=Grasp the tomato sauce bottle and lift it until it is raised. keyframes=[]
2026-09-27 12:46:45,349 | INFO | [redact] enabled task=22 registered_phrases=0 terms=[]
2026-09-27 12:46:45,424 | INFO | [t=210] VLM prompt update from step=0: Grasp the tomato sauce bottle and lift it until it is raised.
2026-09-27 12:46:45,476 | INFO | [t=210] VLA chunk prompt=Grasp the tomato sauce bottle and lift it until it is raised.
2026-09-27 12:46:45,781 | INFO | [t=220] VLA chunk prompt=Grasp the tomato sauce bottle and lift it until it is raised.
2026-09-27 12:46:46,087 | INFO | [t=230] VLA chunk prompt=Grasp the tomato sauce bottle and lift it until it is raised.
2026-09-27 12:46:46,394 | INFO | [t=240] VLA chunk prompt=Grasp the tomato sauce bottle and lift it until it is raised.
2026-09-27 12:46:46,706 | INFO | [t=250] VLA chunk prompt=Grasp the tomato sauce bottle and lift it until it is raised.
2026-09-27 12:46:47,017 | INFO | [t=260] VLA chunk prompt=Grasp the tomato sauce bottle and lift it until it is raised.
2026-09-27 12:46:47,333 | INFO | [t=270] VLA chunk prompt=Grasp the tomato sauce bottle and lift it until it is raised.
2026-09-27 12:46:47,652 | INFO | [t=280] VLA chunk prompt=Grasp the tomato sauce bottle and lift it until it is raised.
2026-09-27 12:46:47,973 | INFO | [t=290] VLA chunk prompt=Grasp the tomato sauce bottle and lift it until it is raised.
2026-09-27 12:46:48,302 | INFO | [t=300] VLA chunk prompt=Grasp the tomato sauce bottle and lift it until it is raised.
2026-09-27 12:46:48,629 | INFO | [t=310] VLA chunk prompt=Grasp the tomato sauce bottle and lift it until it is raised.
2026-09-27 12:46:48,954 | INFO | [t=320] VLA chunk prompt=Grasp the tomato sauce bottle and lift it until it is raised.
2026-09-27 12:46:49,281 | INFO | [t=330] VLA chunk prompt=Grasp the tomato sauce bottle and lift it until it is raised.
2026-09-27 12:46:49,607 | INFO | [t=340] VLA chunk prompt=Grasp the tomato sauce bottle and lift it until it is raised.
2026-09-27 12:46:49,936 | INFO | [t=350] VLA chunk prompt=Grasp the tomato sauce bottle and lift it until it is raised.
2026-09-27 12:46:50,279 | INFO | [t=360] VLA chunk prompt=Grasp the tomato sauce bottle and lift it until it is raised.
2026-09-27 12:46:50,615 | INFO | [t=370] VLA chunk prompt=Grasp the tomato sauce bottle and lift it until it is raised.
2026-09-27 12:46:50,933 | INFO | [t=380] VLA chunk prompt=Grasp the tomato sauce bottle and lift it until it is raised.
2026-09-27 12:46:51,252 | INFO | [t=390] VLA chunk prompt=Grasp the tomato sauce bottle and lift it until it is raised.
2026-09-27 12:46:51,568 | INFO | [t=400] VLA chunk prompt=Grasp the tomato sauce bottle and lift it until it is raised.
2026-09-27 12:46:51,886 | INFO | [t=410] VLA chunk prompt=Grasp the tomato sauce bottle and lift it until it is raised.
2026-09-27 12:46:52,203 | INFO | [t=420] VLA chunk prompt=Grasp the tomato sauce bottle and lift it until it is raised.
2026-09-27 12:46:52,519 | INFO | [t=430] VLA chunk prompt=Grasp the tomato sauce bottle and lift it until it is raised.
2026-09-27 12:46:52,808 | INFO | API VLM @t=195 task=22 subtask=Grasp and lift the tomato sauce bottle. keyframes=[]
2026-09-27 12:46:52,810 | INFO | [redact] enabled task=22 registered_phrases=0 terms=[]
2026-09-27 12:46:52,835 | INFO | [t=440] VLA chunk prompt=Grasp the tomato sauce bottle and lift it until it is raised.
2026-09-27 12:46:53,111 | INFO | [t=450] VLM prompt update from step=195: Grasp and lift the tomato sauce bottle.
2026-09-27 12:46:53,163 | INFO | [t=450] VLA chunk prompt=Grasp and lift the tomato sauce bottle.
2026-09-27 12:46:53,485 | INFO | [t=460] VLA chunk prompt=Grasp and lift the tomato sauce bottle.
2026-09-27 12:46:53,809 | INFO | [t=470] VLA chunk prompt=Grasp and lift the tomato sauce bottle.
2026-09-27 12:46:54,125 | INFO | [t=480] VLA chunk prompt=Grasp and lift the tomato sauce bottle.
2026-09-27 12:46:54,450 | INFO | [t=490] VLA chunk prompt=Grasp and lift the tomato sauce bottle.
2026-09-27 12:46:54,780 | INFO | [t=500] VLA chunk prompt=Grasp and lift the tomato sauce bottle.
2026-09-27 12:46:55,109 | INFO | [t=510] VLA chunk prompt=Grasp and lift the tomato sauce bottle.
2026-09-27 12:46:55,438 | INFO | [t=520] VLA chunk prompt=Grasp and lift the tomato sauce bottle.
2026-09-27 12:46:55,770 | INFO | [t=530] VLA chunk prompt=Grasp and lift the tomato sauce bottle.
2026-09-27 12:46:56,105 | INFO | [t=540] VLA chunk prompt=Grasp and lift the tomato sauce bottle.
2026-09-27 12:46:56,445 | INFO | [t=550] VLA chunk prompt=Grasp and lift the tomato sauce bottle.
2026-09-27 12:46:56,782 | INFO | [t=560] VLA chunk prompt=Grasp and lift the tomato sauce bottle.
2026-09-27 12:46:57,115 | INFO | [t=570] VLA chunk prompt=Grasp and lift the tomato sauce bottle.
2026-09-27 12:46:57,448 | INFO | [t=580] VLA chunk prompt=Grasp and lift the tomato sauce bottle.
2026-09-27 12:46:57,781 | INFO | [t=590] VLA chunk prompt=Grasp and lift the tomato sauce bottle.
2026-09-27 12:46:57,784 | INFO | API VLM @t=430 task=22 subtask=Pick up the tomato sauce bottle and pour it over the cookies once. keyframes=[]
2026-09-27 12:46:57,787 | INFO | [redact] enabled task=22 registered_phrases=0 terms=[]
2026-09-27 12:46:58,058 | INFO | [t=600] VLM prompt update from step=430: Pick up the tomato sauce bottle and pour it over the cookies once.
2026-09-27 12:46:58,110 | INFO | [t=600] VLA chunk prompt=Pick up the tomato sauce bottle and pour it over the cookies once.
2026-09-27 12:46:58,440 | INFO | [t=610] VLA chunk prompt=Pick up the tomato sauce bottle and pour it over the cookies once.
2026-09-27 12:46:58,766 | INFO | [t=620] VLA chunk prompt=Pick up the tomato sauce bottle and pour it over the cookies once.
2026-09-27 12:46:59,090 | INFO | [t=630] VLA chunk prompt=Pick up the tomato sauce bottle and pour it over the cookies once.
2026-09-27 12:46:59,412 | INFO | [t=640] VLA chunk prompt=Pick up the tomato sauce bottle and pour it over the cookies once.
2026-09-27 12:46:59,732 | INFO | [t=650] VLA chunk prompt=Pick up the tomato sauce bottle and pour it over the cookies once.
2026-09-27 12:47:00,048 | INFO | [t=660] VLA chunk prompt=Pick up the tomato sauce bottle and pour it over the cookies once.
2026-09-27 12:47:00,362 | INFO | [t=670] VLA chunk prompt=Pick up the tomato sauce bottle and pour it over the cookies once.
2026-09-27 12:47:00,677 | INFO | [t=680] VLA chunk prompt=Pick up the tomato sauce bottle and pour it over the cookies once.
2026-09-27 12:47:00,992 | INFO | [t=690] VLA chunk prompt=Pick up the tomato sauce bottle and pour it over the cookies once.
2026-09-27 12:47:01,308 | INFO | [t=700] VLA chunk prompt=Pick up the tomato sauce bottle and pour it over the cookies once.
2026-09-27 12:47:01,629 | INFO | [t=710] VLA chunk prompt=Pick up the tomato sauce bottle and pour it over the cookies once.
2026-09-27 12:47:01,946 | INFO | [t=720] VLA chunk prompt=Pick up the tomato sauce bottle and pour it over the cookies once.
2026-09-27 12:47:02,259 | INFO | [t=730] VLA chunk prompt=Pick up the tomato sauce bottle and pour it over the cookies once.
2026-09-27 12:47:02,580 | INFO | [t=740] VLA chunk prompt=Pick up the tomato sauce bottle and pour it over the cookies once.
2026-09-27 12:47:02,883 | INFO | API VLM @t=580 task=22 subtask=Tilt the sauce bottle over the cookies to pour sauce onto them. keyframes=[]
2026-09-27 12:47:02,885 | INFO | [redact] enabled task=22 registered_phrases=0 terms=[]
2026-09-27 12:47:02,894 | INFO | [t=750] VLA chunk prompt=Pick up the tomato sauce bottle and pour it over the cookies once.
2026-09-27 12:47:03,163 | INFO | [t=760] VLM prompt update from step=580: Tilt the sauce bottle over the cookies to pour sauce onto them.
2026-09-27 12:47:03,215 | INFO | [t=760] VLA chunk prompt=Tilt the sauce bottle over the cookies to pour sauce onto them.
2026-09-27 12:47:03,530 | INFO | [t=770] VLA chunk prompt=Tilt the sauce bottle over the cookies to pour sauce onto them.
2026-09-27 12:47:03,845 | INFO | [t=780] VLA chunk prompt=Tilt the sauce bottle over the cookies to pour sauce onto them.
2026-09-27 12:47:04,160 | INFO | [t=790] VLA chunk prompt=Tilt the sauce bottle over the cookies to pour sauce onto them.
2026-09-27 12:47:04,478 | INFO | [t=800] VLA chunk prompt=Tilt the sauce bottle over the cookies to pour sauce onto them.
2026-09-27 12:47:04,798 | INFO | [t=810] VLA chunk prompt=Tilt the sauce bottle over the cookies to pour sauce onto them.
2026-09-27 12:47:05,121 | INFO | [t=820] VLA chunk prompt=Tilt the sauce bottle over the cookies to pour sauce onto them.
2026-09-27 12:47:05,442 | INFO | [t=830] VLA chunk prompt=Tilt the sauce bottle over the cookies to pour sauce onto them.
2026-09-27 12:47:05,760 | INFO | [t=840] VLA chunk prompt=Tilt the sauce bottle over the cookies to pour sauce onto them.
2026-09-27 12:47:06,088 | INFO | [t=850] VLA chunk prompt=Tilt the sauce bottle over the cookies to pour sauce onto them.
2026-09-27 12:47:06,421 | INFO | [t=860] VLA chunk prompt=Tilt the sauce bottle over the cookies to pour sauce onto them.
2026-09-27 12:47:06,757 | INFO | [t=870] VLA chunk prompt=Tilt the sauce bottle over the cookies to pour sauce onto them.
2026-09-27 12:47:07,102 | INFO | [t=880] VLA chunk prompt=Tilt the sauce bottle over the cookies to pour sauce onto them.
2026-09-27 12:47:07,436 | INFO | [t=890] VLA chunk prompt=Tilt the sauce bottle over the cookies to pour sauce onto them.
2026-09-27 12:47:07,552 | INFO | API VLM @t=740 task=22 subtask=Tilt the bottle to pour sauce onto the target once. keyframes=[]
2026-09-27 12:47:07,555 | INFO | [redact] enabled task=22 registered_phrases=0 terms=[]
2026-09-27 12:47:07,724 | INFO | [t=900] VLM prompt update from step=740: Tilt the bottle to pour sauce onto the target once.
2026-09-27 12:47:07,777 | INFO | [t=900] VLA chunk prompt=Tilt the bottle to pour sauce onto the target once.
2026-09-27 12:47:08,119 | INFO | [t=910] VLA chunk prompt=Tilt the bottle to pour sauce onto the target once.
2026-09-27 12:47:08,454 | INFO | [t=920] VLA chunk prompt=Tilt the bottle to pour sauce onto the target once.
2026-09-27 12:47:08,789 | INFO | [t=930] VLA chunk prompt=Tilt the bottle to pour sauce onto the target once.
2026-09-27 12:47:09,117 | INFO | [t=940] VLA chunk prompt=Tilt the bottle to pour sauce onto the target once.
2026-09-27 12:47:09,452 | INFO | [t=950] VLA chunk prompt=Tilt the bottle to pour sauce onto the target once.
2026-09-27 12:47:09,805 | INFO | [t=960] VLA chunk prompt=Tilt the bottle to pour sauce onto the target once.
2026-09-27 12:47:10,152 | INFO | [t=970] VLA chunk prompt=Tilt the bottle to pour sauce onto the target once.
2026-09-27 12:47:10,481 | INFO | [t=980] VLA chunk prompt=Tilt the bottle to pour sauce onto the target once.
2026-09-27 12:47:10,807 | INFO | [t=990] VLA chunk prompt=Tilt the bottle to pour sauce onto the target once.
2026-09-27 12:47:11,141 | INFO | [t=1000] VLA chunk prompt=Tilt the bottle to pour sauce onto the target once.
2026-09-27 12:47:11,484 | INFO | [t=1010] VLA chunk prompt=Tilt the bottle to pour sauce onto the target once.
2026-09-27 12:47:11,816 | INFO | [t=1020] VLA chunk prompt=Tilt the bottle to pour sauce onto the target once.
2026-09-27 12:47:12,151 | INFO | [t=1030] VLA chunk prompt=Tilt the bottle to pour sauce onto the target once.
2026-09-27 12:47:12,476 | INFO | [t=1040] VLA chunk prompt=Tilt the bottle to pour sauce onto the target once.
2026-09-27 12:47:12,801 | INFO | [t=1050] VLA chunk prompt=Tilt the bottle to pour sauce onto the target once.
2026-09-27 12:47:12,822 | INFO | API VLM @t=880 task=22 subtask=Tilt the sauce bottle to pour sauce onto the cookies. keyframes=[]
2026-09-27 12:47:12,824 | INFO | [redact] enabled task=22 registered_phrases=0 terms=[]
2026-09-27 12:47:13,092 | INFO | [t=1060] VLM prompt update from step=880: Tilt the sauce bottle to pour sauce onto the cookies.
2026-09-27 12:47:13,145 | INFO | [t=1060] VLA chunk prompt=Tilt the sauce bottle to pour sauce onto the cookies.
2026-09-27 12:47:13,478 | INFO | [t=1070] VLA chunk prompt=Tilt the sauce bottle to pour sauce onto the cookies.
2026-09-27 12:47:13,798 | INFO | [t=1080] VLA chunk prompt=Tilt the sauce bottle to pour sauce onto the cookies.
2026-09-27 12:47:14,103 | INFO | [t=1090] VLA chunk prompt=Tilt the sauce bottle to pour sauce onto the cookies.
2026-09-27 12:47:14,410 | INFO | [t=1100] VLA chunk prompt=Tilt the sauce bottle to pour sauce onto the cookies.
2026-09-27 12:47:14,708 | INFO | [t=1110] VLA chunk prompt=Tilt the sauce bottle to pour sauce onto the cookies.
2026-09-27 12:47:15,004 | INFO | [t=1120] VLA chunk prompt=Tilt the sauce bottle to pour sauce onto the cookies.
2026-09-27 12:47:15,302 | INFO | [t=1130] VLA chunk prompt=Tilt the sauce bottle to pour sauce onto the cookies.
2026-09-27 12:47:15,598 | INFO | [t=1140] VLA chunk prompt=Tilt the sauce bottle to pour sauce onto the cookies.
2026-09-27 12:47:15,898 | INFO | [t=1150] VLA chunk prompt=Tilt the sauce bottle to pour sauce onto the cookies.
2026-09-27 12:47:16,197 | INFO | [t=1160] VLA chunk prompt=Tilt the sauce bottle to pour sauce onto the cookies.
2026-09-27 12:47:16,505 | INFO | [t=1170] VLA chunk prompt=Tilt the sauce bottle to pour sauce onto the cookies.
2026-09-27 12:47:16,725 | INFO | API VLM @t=1040 task=22 subtask=Pour the sauce onto the target once. keyframes=[]
2026-09-27 12:47:16,727 | INFO | [redact] enabled task=22 registered_phrases=0 terms=[]
2026-09-27 12:47:16,757 | INFO | [t=1180] VLM prompt update from step=1040: Pour the sauce onto the target once.
2026-09-27 12:47:16,808 | INFO | [t=1180] VLA chunk prompt=Pour the sauce onto the target once.
2026-09-27 12:47:17,108 | INFO | [t=1190] VLA chunk prompt=Pour the sauce onto the target once.
2026-09-27 12:47:17,412 | INFO | [t=1200] VLA chunk prompt=Pour the sauce onto the target once.
2026-09-27 12:47:17,713 | INFO | [t=1210] VLA chunk prompt=Pour the sauce onto the target once.
2026-09-27 12:47:18,013 | INFO | [t=1220] VLA chunk prompt=Pour the sauce onto the target once.
2026-09-27 12:47:18,312 | INFO | [t=1230] VLA chunk prompt=Pour the sauce onto the target once.
2026-09-27 12:47:18,609 | INFO | [t=1240] VLA chunk prompt=Pour the sauce onto the target once.
2026-09-27 12:47:18,903 | INFO | [t=1250] VLA chunk prompt=Pour the sauce onto the target once.
2026-09-27 12:47:19,199 | INFO | [t=1260] VLA chunk prompt=Pour the sauce onto the target once.
2026-09-27 12:47:19,497 | INFO | [t=1270] VLA chunk prompt=Pour the sauce onto the target once.
2026-09-27 12:47:19,795 | INFO | [t=1280] VLA chunk prompt=Pour the sauce onto the target once.
2026-09-27 12:47:20,098 | INFO | [t=1290] VLA chunk prompt=Pour the sauce onto the target once.
2026-09-27 12:47:20,426 | INFO | [t=1300] VLA chunk prompt=Pour the sauce onto the target once.
2026-09-27 12:47:20,769 | INFO | [t=1310] VLA chunk prompt=Pour the sauce onto the target once.
2026-09-27 12:47:21,079 | INFO | [t=1320] VLA chunk prompt=Pour the sauce onto the target once.
2026-09-27 12:47:21,386 | INFO | [t=1330] VLA chunk prompt=Pour the sauce onto the target once.
2026-09-27 12:47:21,691 | INFO | [t=1340] VLA chunk prompt=Pour the sauce onto the target once.
2026-09-27 12:47:21,995 | INFO | [t=1350] VLA chunk prompt=Pour the sauce onto the target once.
2026-09-27 12:47:22,041 | INFO | API VLM @t=1165 task=22 subtask=Tilt the sauce bottle to pour sauce onto the cookie once. keyframes=[]
2026-09-27 12:47:22,043 | INFO | [redact] enabled task=22 registered_phrases=0 terms=[]
2026-09-27 12:47:22,254 | INFO | [t=1360] VLM prompt update from step=1165: Tilt the sauce bottle to pour sauce onto the cookie once.
2026-09-27 12:47:22,305 | INFO | [t=1360] VLA chunk prompt=Tilt the sauce bottle to pour sauce onto the cookie once.
2026-09-27 12:47:22,609 | INFO | [t=1370] VLA chunk prompt=Tilt the sauce bottle to pour sauce onto the cookie once.
2026-09-27 12:47:22,914 | INFO | [t=1380] VLA chunk prompt=Tilt the sauce bottle to pour sauce onto the cookie once.
2026-09-27 12:47:23,222 | INFO | [t=1390] VLA chunk prompt=Tilt the sauce bottle to pour sauce onto the cookie once.
2026-09-27 12:47:23,529 | INFO | [t=1400] VLA chunk prompt=Tilt the sauce bottle to pour sauce onto the cookie once.
2026-09-27 12:47:23,833 | INFO | [t=1410] VLA chunk prompt=Tilt the sauce bottle to pour sauce onto the cookie once.
2026-09-27 12:47:24,138 | INFO | [t=1420] VLA chunk prompt=Tilt the sauce bottle to pour sauce onto the cookie once.
2026-09-27 12:47:24,447 | INFO | [t=1430] VLA chunk prompt=Tilt the sauce bottle to pour sauce onto the cookie once.
2026-09-27 12:47:24,746 | INFO | [t=1440] VLA chunk prompt=Tilt the sauce bottle to pour sauce onto the cookie once.
2026-09-27 12:47:25,046 | INFO | [t=1450] VLA chunk prompt=Tilt the sauce bottle to pour sauce onto the cookie once.
2026-09-27 12:47:25,355 | INFO | [t=1460] VLA chunk prompt=Tilt the sauce bottle to pour sauce onto the cookie once.
2026-09-27 12:47:25,666 | INFO | [t=1470] VLA chunk prompt=Tilt the sauce bottle to pour sauce onto the cookie once.
2026-09-27 12:47:25,975 | INFO | [t=1480] VLA chunk prompt=Tilt the sauce bottle to pour sauce onto the cookie once.
2026-09-27 12:47:26,283 | INFO | [t=1490] VLA chunk prompt=Tilt the sauce bottle to pour sauce onto the cookie once.
2026-09-27 12:47:26,585 | INFO | [t=1500] VLA chunk prompt=Tilt the sauce bottle to pour sauce onto the cookie once.
2026-09-27 12:47:26,885 | INFO | [t=1510] VLA chunk prompt=Tilt the sauce bottle to pour sauce onto the cookie once.
2026-09-27 12:47:27,188 | INFO | [t=1520] VLA chunk prompt=Tilt the sauce bottle to pour sauce onto the cookie once.
2026-09-27 12:47:27,225 | INFO | API VLM @t=1340 task=22 subtask=Tilt the sauce bottle to pour sauce onto the cookies once. keyframes=[]
2026-09-27 12:47:27,227 | INFO | [redact] enabled task=22 registered_phrases=0 terms=[]
2026-09-27 12:47:27,445 | INFO | [t=1530] VLM prompt update from step=1340: Tilt the sauce bottle to pour sauce onto the cookies once.
2026-09-27 12:47:27,496 | INFO | [t=1530] VLA chunk prompt=Tilt the sauce bottle to pour sauce onto the cookies once.
2026-09-27 12:47:27,800 | INFO | [t=1540] VLA chunk prompt=Tilt the sauce bottle to pour sauce onto the cookies once.
2026-09-27 12:47:28,101 | INFO | [t=1550] VLA chunk prompt=Tilt the sauce bottle to pour sauce onto the cookies once.
2026-09-27 12:47:28,405 | INFO | [t=1560] VLA chunk prompt=Tilt the sauce bottle to pour sauce onto the cookies once.
2026-09-27 12:47:28,710 | INFO | [t=1570] VLA chunk prompt=Tilt the sauce bottle to pour sauce onto the cookies once.
2026-09-27 12:47:29,025 | INFO | [t=1580] VLA chunk prompt=Tilt the sauce bottle to pour sauce onto the cookies once.
2026-09-27 12:47:29,348 | INFO | [t=1590] VLA chunk prompt=Tilt the sauce bottle to pour sauce onto the cookies once.
2026-09-27 12:47:29,660 | INFO | [t=1600] VLA chunk prompt=Tilt the sauce bottle to pour sauce onto the cookies once.
2026-09-27 12:47:29,976 | INFO | [t=1610] VLA chunk prompt=Tilt the sauce bottle to pour sauce onto the cookies once.
2026-09-27 12:47:30,294 | INFO | [t=1620] VLA chunk prompt=Tilt the sauce bottle to pour sauce onto the cookies once.
2026-09-27 12:47:30,606 | INFO | [t=1630] VLA chunk prompt=Tilt the sauce bottle to pour sauce onto the cookies once.
2026-09-27 12:47:30,920 | INFO | [t=1640] VLA chunk prompt=Tilt the sauce bottle to pour sauce onto the cookies once.
2026-09-27 12:47:31,240 | INFO | [t=1650] VLA chunk prompt=Tilt the sauce bottle to pour sauce onto the cookies once.
2026-09-27 12:47:31,492 | INFO | API VLM @t=1510 task=22 subtask=Tilt the sauce bottle over the cookies to pour sauce onto them once. keyframes=[]
2026-09-27 12:47:31,495 | INFO | [redact] enabled task=22 registered_phrases=0 terms=[]
2026-09-27 12:47:31,501 | INFO | [t=1660] VLM prompt update from step=1510: Tilt the sauce bottle over the cookies to pour sauce onto them once.
2026-09-27 12:47:31,554 | INFO | [t=1660] VLA chunk prompt=Tilt the sauce bottle over the cookies to pour sauce onto them once.
2026-09-27 12:47:31,875 | INFO | [t=1670] VLA chunk prompt=Tilt the sauce bottle over the cookies to pour sauce onto them once.
2026-09-27 12:47:32,200 | INFO | [t=1680] VLA chunk prompt=Tilt the sauce bottle over the cookies to pour sauce onto them once.
2026-09-27 12:47:32,513 | INFO | [t=1690] VLA chunk prompt=Tilt the sauce bottle over the cookies to pour sauce onto them once.
2026-09-27 12:47:32,829 | INFO | [t=1700] VLA chunk prompt=Tilt the sauce bottle over the cookies to pour sauce onto them once.
2026-09-27 12:47:33,144 | INFO | [t=1710] VLA chunk prompt=Tilt the sauce bottle over the cookies to pour sauce onto them once.
2026-09-27 12:47:33,449 | INFO | [t=1720] VLA chunk prompt=Tilt the sauce bottle over the cookies to pour sauce onto them once.
2026-09-27 12:47:33,752 | INFO | [t=1730] VLA chunk prompt=Tilt the sauce bottle over the cookies to pour sauce onto them once.
2026-09-27 12:47:34,053 | INFO | [t=1740] VLA chunk prompt=Tilt the sauce bottle over the cookies to pour sauce onto them once.
2026-09-27 12:47:34,357 | INFO | [t=1750] VLA chunk prompt=Tilt the sauce bottle over the cookies to pour sauce onto them once.
2026-09-27 12:47:34,660 | INFO | [t=1760] VLA chunk prompt=Tilt the sauce bottle over the cookies to pour sauce onto them once.
2026-09-27 12:47:34,962 | INFO | [t=1770] VLA chunk prompt=Tilt the sauce bottle over the cookies to pour sauce onto them once.
2026-09-27 12:47:35,269 | INFO | [t=1780] VLA chunk prompt=Tilt the sauce bottle over the cookies to pour sauce onto them once.
2026-09-27 12:47:35,571 | INFO | [t=1790] VLA chunk prompt=Tilt the sauce bottle over the cookies to pour sauce onto them once.
2026-09-27 12:47:35,673 | INFO | API VLM @t=1645 task=22 subtask=Tilt the sauce bottle over the cookies and pour sauce onto them once. keyframes=[]
2026-09-27 12:47:35,676 | INFO | [redact] enabled task=22 registered_phrases=0 terms=[]
2026-09-27 12:47:35,834 | INFO | [t=1800] VLM prompt update from step=1645: Tilt the sauce bottle over the cookies and pour sauce onto them once.
2026-09-27 12:47:35,886 | INFO | [t=1800] VLA chunk prompt=Tilt the sauce bottle over the cookies and pour sauce onto them once.
2026-09-27 12:47:36,192 | INFO | [t=1810] VLA chunk prompt=Tilt the sauce bottle over the cookies and pour sauce onto them once.
2026-09-27 12:47:36,498 | INFO | [t=1820] VLA chunk prompt=Tilt the sauce bottle over the cookies and pour sauce onto them once.
2026-09-27 12:47:36,803 | INFO | [t=1830] VLA chunk prompt=Tilt the sauce bottle over the cookies and pour sauce onto them once.
2026-09-27 12:47:37,116 | INFO | [t=1840] VLA chunk prompt=Tilt the sauce bottle over the cookies and pour sauce onto them once.
2026-09-27 12:47:37,437 | INFO | [t=1850] VLA chunk prompt=Tilt the sauce bottle over the cookies and pour sauce onto them once.
2026-09-27 12:47:37,750 | INFO | [t=1860] VLA chunk prompt=Tilt the sauce bottle over the cookies and pour sauce onto them once.
2026-09-27 12:47:38,063 | INFO | [t=1870] VLA chunk prompt=Tilt the sauce bottle over the cookies and pour sauce onto them once.
2026-09-27 12:47:38,377 | INFO | [t=1880] VLA chunk prompt=Tilt the sauce bottle over the cookies and pour sauce onto them once.
2026-09-27 12:47:38,682 | INFO | [t=1890] VLA chunk prompt=Tilt the sauce bottle over the cookies and pour sauce onto them once.
2026-09-27 12:47:38,984 | INFO | [t=1900] VLA chunk prompt=Tilt the sauce bottle over the cookies and pour sauce onto them once.
2026-09-27 12:47:39,291 | INFO | [t=1910] VLA chunk prompt=Tilt the sauce bottle over the cookies and pour sauce onto them once.
2026-09-27 12:47:39,597 | INFO | [t=1920] VLA chunk prompt=Tilt the sauce bottle over the cookies and pour sauce onto them once.
2026-09-27 12:47:39,903 | INFO | [t=1930] VLA chunk prompt=Tilt the sauce bottle over the cookies and pour sauce onto them once.
2026-09-27 12:47:40,209 | INFO | [t=1940] VLA chunk prompt=Tilt the sauce bottle over the cookies and pour sauce onto them once.
2026-09-27 12:47:40,404 | INFO | API VLM @t=1780 task=22 subtask=Tilt the sauce bottle to pour sauce onto the cookies. keyframes=[]
2026-09-27 12:47:40,406 | INFO | [redact] enabled task=22 registered_phrases=0 terms=[]
2026-09-27 12:47:40,468 | INFO | [t=1950] VLM prompt update from step=1780: Tilt the sauce bottle to pour sauce onto the cookies.
2026-09-27 12:47:40,522 | INFO | [t=1950] VLA chunk prompt=Tilt the sauce bottle to pour sauce onto the cookies.
2026-09-27 12:47:40,827 | INFO | [t=1960] VLA chunk prompt=Tilt the sauce bottle to pour sauce onto the cookies.
2026-09-27 12:47:41,135 | INFO | [t=1970] VLA chunk prompt=Tilt the sauce bottle to pour sauce onto the cookies.
2026-09-27 12:47:41,458 | INFO | [t=1980] VLA chunk prompt=Tilt the sauce bottle to pour sauce onto the cookies.
2026-09-27 12:47:41,787 | INFO | [t=1990] VLA chunk prompt=Tilt the sauce bottle to pour sauce onto the cookies.
2026-09-27 12:47:42,114 | INFO | [t=2000] VLA chunk prompt=Tilt the sauce bottle to pour sauce onto the cookies.
2026-09-27 12:47:42,436 | INFO | [t=2010] VLA chunk prompt=Tilt the sauce bottle to pour sauce onto the cookies.
2026-09-27 12:47:42,766 | INFO | [t=2020] VLA chunk prompt=Tilt the sauce bottle to pour sauce onto the cookies.
2026-09-27 12:47:43,099 | INFO | [t=2030] VLA chunk prompt=Tilt the sauce bottle to pour sauce onto the cookies.
2026-09-27 12:47:43,427 | INFO | [t=2040] VLA chunk prompt=Tilt the sauce bottle to pour sauce onto the cookies.
2026-09-27 12:47:43,754 | INFO | [t=2050] VLA chunk prompt=Tilt the sauce bottle to pour sauce onto the cookies.
2026-09-27 12:47:44,084 | INFO | [t=2060] VLA chunk prompt=Tilt the sauce bottle to pour sauce onto the cookies.
2026-09-27 12:47:44,414 | INFO | [t=2070] VLA chunk prompt=Tilt the sauce bottle to pour sauce onto the cookies.
2026-09-27 12:47:44,732 | INFO | API VLM @t=1935 task=22 subtask=Tilt the sauce bottle to pour sauce onto the cookies once. keyframes=[]
2026-09-27 12:47:44,734 | INFO | [redact] enabled task=22 registered_phrases=0 terms=[]
2026-09-27 12:47:44,742 | INFO | [t=2080] VLA chunk prompt=Tilt the sauce bottle to pour sauce onto the cookies.
2026-09-27 12:47:45,021 | INFO | [t=2090] VLM prompt update from step=1935: Tilt the sauce bottle to pour sauce onto the cookies once.
2026-09-27 12:47:45,075 | INFO | [t=2090] VLA chunk prompt=Tilt the sauce bottle to pour sauce onto the cookies once.
2026-09-27 12:47:45,397 | INFO | [t=2100] VLA chunk prompt=Tilt the sauce bottle to pour sauce onto the cookies once.
2026-09-27 12:47:45,716 | INFO | [t=2110] VLA chunk prompt=Tilt the sauce bottle to pour sauce onto the cookies once.
2026-09-27 12:47:46,037 | INFO | [t=2120] VLA chunk prompt=Tilt the sauce bottle to pour sauce onto the cookies once.
2026-09-27 12:47:46,371 | INFO | [t=2130] VLA chunk prompt=Tilt the sauce bottle to pour sauce onto the cookies once.
2026-09-27 12:47:46,693 | INFO | [t=2140] VLA chunk prompt=Tilt the sauce bottle to pour sauce onto the cookies once.
2026-09-27 12:47:47,023 | INFO | [t=2150] VLA chunk prompt=Tilt the sauce bottle to pour sauce onto the cookies once.
2026-09-27 12:47:47,362 | INFO | [t=2160] VLA chunk prompt=Tilt the sauce bottle to pour sauce onto the cookies once.
2026-09-27 12:47:47,701 | INFO | [t=2170] VLA chunk prompt=Tilt the sauce bottle to pour sauce onto the cookies once.
2026-09-27 12:47:48,037 | INFO | [t=2180] VLA chunk prompt=Tilt the sauce bottle to pour sauce onto the cookies once.
2026-09-27 12:47:48,376 | INFO | [t=2190] VLA chunk prompt=Tilt the sauce bottle to pour sauce onto the cookies once.
2026-09-27 12:47:48,707 | INFO | [t=2200] VLA chunk prompt=Tilt the sauce bottle to pour sauce onto the cookies once.
2026-09-27 12:47:49,043 | INFO | [t=2210] VLA chunk prompt=Tilt the sauce bottle to pour sauce onto the cookies once.
2026-09-27 12:47:49,384 | INFO | [t=2220] VLA chunk prompt=Tilt the sauce bottle to pour sauce onto the cookies once.
2026-09-27 12:47:49,719 | INFO | [t=2230] VLA chunk prompt=Tilt the sauce bottle to pour sauce onto the cookies once.
2026-09-27 12:47:50,057 | INFO | [t=2240] VLA chunk prompt=Tilt the sauce bottle to pour sauce onto the cookies once.
2026-09-27 12:47:50,399 | INFO | [t=2250] VLA chunk prompt=Tilt the sauce bottle to pour sauce onto the cookies once.
2026-09-27 12:47:50,484 | INFO | API VLM @t=2070 task=22 subtask=Tilt the sauce bottle to pour sauce onto the cookies once. keyframes=[]
2026-09-27 12:47:50,487 | INFO | [redact] enabled task=22 registered_phrases=0 terms=[]
2026-09-27 12:47:50,739 | INFO | [t=2260] VLA chunk prompt=Tilt the sauce bottle to pour sauce onto the cookies once.
2026-09-27 12:47:51,101 | INFO | [t=2270] VLA chunk prompt=Tilt the sauce bottle to pour sauce onto the cookies once.
2026-09-27 12:47:51,457 | INFO | [t=2280] VLA chunk prompt=Tilt the sauce bottle to pour sauce onto the cookies once.
2026-09-27 12:47:51,783 | INFO | [t=2290] VLA chunk prompt=Tilt the sauce bottle to pour sauce onto the cookies once.
2026-09-27 12:47:52,120 | INFO | [t=2300] VLA chunk prompt=Tilt the sauce bottle to pour sauce onto the cookies once.
2026-09-27 12:47:52,457 | INFO | [t=2310] VLA chunk prompt=Tilt the sauce bottle to pour sauce onto the cookies once.
2026-09-27 12:47:52,793 | INFO | [t=2320] VLA chunk prompt=Tilt the sauce bottle to pour sauce onto the cookies once.
2026-09-27 12:47:53,139 | INFO | [t=2330] VLA chunk prompt=Tilt the sauce bottle to pour sauce onto the cookies once.
2026-09-27 12:47:53,490 | INFO | [t=2340] VLA chunk prompt=Tilt the sauce bottle to pour sauce onto the cookies once.
2026-09-27 12:47:53,832 | INFO | [t=2350] VLA chunk prompt=Tilt the sauce bottle to pour sauce onto the cookies once.
2026-09-27 12:47:54,174 | INFO | [t=2360] VLA chunk prompt=Tilt the sauce bottle to pour sauce onto the cookies once.
2026-09-27 12:47:54,508 | INFO | [t=2370] VLA chunk prompt=Tilt the sauce bottle to pour sauce onto the cookies once.
2026-09-27 12:47:54,830 | INFO | [t=2380] VLA chunk prompt=Tilt the sauce bottle to pour sauce onto the cookies once.
2026-09-27 12:47:54,893 | INFO | API VLM @t=2240 task=22 subtask=Tilt the bottle to pour sauce onto the target once. keyframes=[]
2026-09-27 12:47:54,896 | INFO | [redact] enabled task=22 registered_phrases=0 terms=[]
2026-09-27 12:47:55,111 | INFO | [t=2390] VLM prompt update from step=2240: Tilt the bottle to pour sauce onto the target once.
2026-09-27 12:47:55,165 | INFO | [t=2390] VLA chunk prompt=Tilt the bottle to pour sauce onto the target once.
2026-09-27 12:47:55,493 | INFO | [t=2400] VLA chunk prompt=Tilt the bottle to pour sauce onto the target once.
2026-09-27 12:47:55,809 | INFO | [t=2410] VLA chunk prompt=Tilt the bottle to pour sauce onto the target once.
2026-09-27 12:47:56,129 | INFO | [t=2420] VLA chunk prompt=Tilt the bottle to pour sauce onto the target once.
2026-09-27 12:47:56,447 | INFO | [t=2430] VLA chunk prompt=Tilt the bottle to pour sauce onto the target once.
2026-09-27 12:47:56,763 | INFO | [t=2440] VLA chunk prompt=Tilt the bottle to pour sauce onto the target once.
2026-09-27 12:47:57,078 | INFO | [t=2450] VLA chunk prompt=Tilt the bottle to pour sauce onto the target once.
2026-09-27 12:47:57,396 | INFO | [t=2460] VLA chunk prompt=Tilt the bottle to pour sauce onto the target once.
2026-09-27 12:47:57,715 | INFO | [t=2470] VLA chunk prompt=Tilt the bottle to pour sauce onto the target once.
2026-09-27 12:47:58,030 | INFO | [t=2480] VLA chunk prompt=Tilt the bottle to pour sauce onto the target once.
2026-09-27 12:47:58,354 | INFO | [t=2490] VLA chunk prompt=Tilt the bottle to pour sauce onto the target once.
2026-09-27 12:47:58,676 | INFO | [t=2500] VLA chunk prompt=Tilt the bottle to pour sauce onto the target once.
2026-09-27 12:47:59,480 | INFO | API VLM @t=2370 task=22 subtask=Tilt the sauce bottle to pour sauce onto the target once. keyframes=[]
2026-09-27 12:47:59,494 | INFO | attempt=0 stage_score=33.3 stage_success=False failure_reason=incomplete_stage
2026-09-27 12:47:59,494 | INFO | Episode 7 seed=107 stage_score=33.3 stage_success=0 goal=0.333 failure_reason=incomplete_stage | 01_Lift_Tomato_Sauce=Y | 02_Pour_One=N | 03_Pour_Two=N
