2026-09-27 12:44:17,819 | INFO | task_id=5 bddl=/project/peilab/why/RoboMemArena/bddl/5_butter_middle_drawer.bddl vlm_ckpt=/project/peilab/why/RoboMemArena/checkpoints/PrediMem/vlm_tasks1to26_ckpt74500
2026-09-27 12:44:17,828 | INFO | [redact] enabled task=5 registered_phrases=6 terms=['bottom drawer', 'bottom_drawer', 'middle drawer', 'middle_drawer', 'top drawer', 'top_drawer']
2026-09-27 12:44:19,654 | INFO | async VLM enabled: single-slot subtask buffer
2026-09-27 12:44:19,856 | INFO | [redact] enabled task=5 registered_phrases=0 terms=['bottom drawer', 'bottom_drawer', 'middle drawer', 'middle_drawer', 'top drawer', 'top_drawer']
2026-09-27 12:44:19,909 | INFO | [t=10] VLA chunk prompt=Open all drawers in order, remember the empty drawer, then put butter into that empty drawer.
2026-09-27 12:44:20,185 | INFO | [t=20] VLA chunk prompt=Open all drawers in order, remember the empty drawer, then put butter into that empty drawer.
2026-09-27 12:44:20,458 | INFO | [t=30] VLA chunk prompt=Open all drawers in order, remember the empty drawer, then put butter into that empty drawer.
2026-09-27 12:44:20,732 | INFO | [t=40] VLA chunk prompt=Open all drawers in order, remember the empty drawer, then put butter into that empty drawer.
2026-09-27 12:44:21,013 | INFO | [t=50] VLA chunk prompt=Open all drawers in order, remember the empty drawer, then put butter into that empty drawer.
2026-09-27 12:44:21,292 | INFO | [t=60] VLA chunk prompt=Open all drawers in order, remember the empty drawer, then put butter into that empty drawer.
2026-09-27 12:44:21,571 | INFO | [t=70] VLA chunk prompt=Open all drawers in order, remember the empty drawer, then put butter into that empty drawer.
2026-09-27 12:44:21,851 | INFO | [t=80] VLA chunk prompt=Open all drawers in order, remember the empty drawer, then put butter into that empty drawer.
2026-09-27 12:44:22,130 | INFO | [t=90] VLA chunk prompt=Open all drawers in order, remember the empty drawer, then put butter into that empty drawer.
2026-09-27 12:44:22,407 | INFO | [t=100] VLA chunk prompt=Open all drawers in order, remember the empty drawer, then put butter into that empty drawer.
2026-09-27 12:44:22,682 | INFO | [t=110] VLA chunk prompt=Open all drawers in order, remember the empty drawer, then put butter into that empty drawer.
2026-09-27 12:44:22,954 | INFO | [t=120] VLA chunk prompt=Open all drawers in order, remember the empty drawer, then put butter into that empty drawer.
2026-09-27 12:44:23,235 | INFO | [t=130] VLA chunk prompt=Open all drawers in order, remember the empty drawer, then put butter into that empty drawer.
2026-09-27 12:44:23,541 | INFO | [t=140] VLA chunk prompt=Open all drawers in order, remember the empty drawer, then put butter into that empty drawer.
2026-09-27 12:44:23,854 | INFO | [t=150] VLA chunk prompt=Open all drawers in order, remember the empty drawer, then put butter into that empty drawer.
2026-09-27 12:44:24,175 | INFO | [t=160] VLA chunk prompt=Open all drawers in order, remember the empty drawer, then put butter into that empty drawer.
2026-09-27 12:44:24,509 | INFO | [t=170] VLA chunk prompt=Open all drawers in order, remember the empty drawer, then put butter into that empty drawer.
2026-09-27 12:44:24,839 | INFO | [t=180] VLA chunk prompt=Open all drawers in order, remember the empty drawer, then put butter into that empty drawer.
2026-09-27 12:44:25,170 | INFO | [t=190] VLA chunk prompt=Open all drawers in order, remember the empty drawer, then put butter into that empty drawer.
2026-09-27 12:44:25,383 | INFO | API VLM @t=0 task=5 subtask=Open the relevant drawer to inspect its contents. keyframes=[]
2026-09-27 12:44:25,385 | INFO | [redact] enabled task=5 registered_phrases=0 terms=['bottom drawer', 'bottom_drawer', 'middle drawer', 'middle_drawer', 'top drawer', 'top_drawer']
2026-09-27 12:44:25,460 | INFO | [t=200] VLM prompt update from step=0: Open the relevant drawer to inspect its contents.
2026-09-27 12:44:25,511 | INFO | [t=200] VLA chunk prompt=Open the relevant drawer to inspect its contents.
2026-09-27 12:44:25,861 | INFO | [t=210] VLA chunk prompt=Open the relevant drawer to inspect its contents.
2026-09-27 12:44:26,218 | INFO | [t=220] VLA chunk prompt=Open the relevant drawer to inspect its contents.
2026-09-27 12:44:26,581 | INFO | [t=230] VLA chunk prompt=Open the relevant drawer to inspect its contents.
2026-09-27 12:44:26,951 | INFO | [t=240] VLA chunk prompt=Open the relevant drawer to inspect its contents.
2026-09-27 12:44:27,323 | INFO | [t=250] VLA chunk prompt=Open the relevant drawer to inspect its contents.
2026-09-27 12:44:27,699 | INFO | [t=260] VLA chunk prompt=Open the relevant drawer to inspect its contents.
2026-09-27 12:44:28,067 | INFO | [t=270] VLA chunk prompt=Open the relevant drawer to inspect its contents.
2026-09-27 12:44:28,426 | INFO | [t=280] VLA chunk prompt=Open the relevant drawer to inspect its contents.
2026-09-27 12:44:28,788 | INFO | [t=290] VLA chunk prompt=Open the relevant drawer to inspect its contents.
2026-09-27 12:44:29,158 | INFO | [t=300] VLA chunk prompt=Open the relevant drawer to inspect its contents.
2026-09-27 12:44:29,519 | INFO | [t=310] VLA chunk prompt=Open the relevant drawer to inspect its contents.
2026-09-27 12:44:29,880 | INFO | [t=320] VLA chunk prompt=Open the relevant drawer to inspect its contents.
2026-09-27 12:44:30,251 | INFO | [t=330] VLA chunk prompt=Open the relevant drawer to inspect its contents.
2026-09-27 12:44:30,622 | INFO | [t=340] VLA chunk prompt=Open the relevant drawer to inspect its contents.
2026-09-27 12:44:30,999 | INFO | [t=350] VLA chunk prompt=Open the relevant drawer to inspect its contents.
2026-09-27 12:44:31,386 | INFO | [t=360] VLA chunk prompt=Open the relevant drawer to inspect its contents.
2026-09-27 12:44:31,767 | INFO | [t=370] VLA chunk prompt=Open the relevant drawer to inspect its contents.
2026-09-27 12:44:32,155 | INFO | [t=380] VLA chunk prompt=Open the relevant drawer to inspect its contents.
2026-09-27 12:44:32,543 | INFO | [t=390] VLA chunk prompt=Open the relevant drawer to inspect its contents.
2026-09-27 12:44:32,624 | INFO | API VLM @t=185 task=5 subtask=Open the drawer and inspect its contents. keyframes=[]
2026-09-27 12:44:32,626 | INFO | [redact] enabled task=5 registered_phrases=0 terms=['bottom drawer', 'bottom_drawer', 'middle drawer', 'middle_drawer', 'top drawer', 'top_drawer']
2026-09-27 12:44:32,819 | INFO | [t=398] stage done: 01_Open_Top_Drawer
2026-09-27 12:44:32,887 | INFO | [t=400] VLM prompt update from step=185: Open the drawer and inspect its contents.
2026-09-27 12:44:32,938 | INFO | [t=400] VLA chunk prompt=Open the drawer and inspect its contents.
2026-09-27 12:44:33,317 | INFO | [t=410] VLA chunk prompt=Open the drawer and inspect its contents.
2026-09-27 12:44:33,713 | INFO | [t=420] VLA chunk prompt=Open the drawer and inspect its contents.
2026-09-27 12:44:34,108 | INFO | [t=430] VLA chunk prompt=Open the drawer and inspect its contents.
2026-09-27 12:44:34,501 | INFO | [t=440] VLA chunk prompt=Open the drawer and inspect its contents.
2026-09-27 12:44:34,877 | INFO | [t=450] VLA chunk prompt=Open the drawer and inspect its contents.
2026-09-27 12:44:35,248 | INFO | [t=460] VLA chunk prompt=Open the drawer and inspect its contents.
2026-09-27 12:44:35,346 | INFO | [t=463] stage done: 02_Close_Top_Drawer
2026-09-27 12:44:35,627 | INFO | [t=470] VLA chunk prompt=Open the drawer and inspect its contents.
2026-09-27 12:44:36,009 | INFO | [t=480] VLA chunk prompt=Open the drawer and inspect its contents.
2026-09-27 12:44:36,389 | INFO | [t=490] VLA chunk prompt=Open the drawer and inspect its contents.
2026-09-27 12:44:36,759 | INFO | [t=500] VLA chunk prompt=Open the drawer and inspect its contents.
2026-09-27 12:44:37,128 | INFO | [t=510] VLA chunk prompt=Open the drawer and inspect its contents.
2026-09-27 12:44:37,495 | INFO | [t=520] VLA chunk prompt=Open the drawer and inspect its contents.
2026-09-27 12:44:37,674 | INFO | API VLM @t=380 task=5 subtask=Pull open the drawer to inspect its contents. keyframes=[]
2026-09-27 12:44:37,676 | INFO | [redact] enabled task=5 registered_phrases=0 terms=['bottom drawer', 'bottom_drawer', 'middle drawer', 'middle_drawer', 'top drawer', 'top_drawer']
2026-09-27 12:44:37,812 | INFO | [t=530] VLM prompt update from step=380: Pull open the drawer to inspect its contents.
2026-09-27 12:44:37,863 | INFO | [t=530] VLA chunk prompt=Pull open the drawer to inspect its contents.
2026-09-27 12:44:38,225 | INFO | [t=540] VLA chunk prompt=Pull open the drawer to inspect its contents.
2026-09-27 12:44:38,598 | INFO | [t=550] VLA chunk prompt=Pull open the drawer to inspect its contents.
2026-09-27 12:44:38,964 | INFO | [t=560] VLA chunk prompt=Pull open the drawer to inspect its contents.
2026-09-27 12:44:39,332 | INFO | [t=570] VLA chunk prompt=Pull open the drawer to inspect its contents.
2026-09-27 12:44:39,703 | INFO | [t=580] VLA chunk prompt=Pull open the drawer to inspect its contents.
2026-09-27 12:44:40,066 | INFO | [t=590] VLA chunk prompt=Pull open the drawer to inspect its contents.
2026-09-27 12:44:40,423 | INFO | [t=600] VLA chunk prompt=Pull open the drawer to inspect its contents.
2026-09-27 12:44:40,785 | INFO | [t=610] VLA chunk prompt=Pull open the drawer to inspect its contents.
2026-09-27 12:44:41,152 | INFO | [t=620] VLA chunk prompt=Pull open the drawer to inspect its contents.
2026-09-27 12:44:41,521 | INFO | [t=630] VLA chunk prompt=Pull open the drawer to inspect its contents.
2026-09-27 12:44:41,894 | INFO | [t=640] VLA chunk prompt=Pull open the drawer to inspect its contents.
2026-09-27 12:44:42,126 | INFO | API VLM @t=515 task=5 subtask=Pull the next drawer open to inspect its contents. keyframes=[]
2026-09-27 12:44:42,129 | INFO | [redact] enabled task=5 registered_phrases=0 terms=['bottom drawer', 'bottom_drawer', 'middle drawer', 'middle_drawer', 'top drawer', 'top_drawer']
2026-09-27 12:44:42,221 | INFO | [t=650] VLM prompt update from step=515: Pull the next drawer open to inspect its contents.
2026-09-27 12:44:42,273 | INFO | [t=650] VLA chunk prompt=Pull the next drawer open to inspect its contents.
2026-09-27 12:44:42,643 | INFO | [t=660] VLA chunk prompt=Pull the next drawer open to inspect its contents.
2026-09-27 12:44:43,008 | INFO | [t=670] VLA chunk prompt=Pull the next drawer open to inspect its contents.
2026-09-27 12:44:43,369 | INFO | [t=680] VLA chunk prompt=Pull the next drawer open to inspect its contents.
2026-09-27 12:44:43,740 | INFO | [t=690] VLA chunk prompt=Pull the next drawer open to inspect its contents.
2026-09-27 12:44:44,114 | INFO | [t=700] VLA chunk prompt=Pull the next drawer open to inspect its contents.
2026-09-27 12:44:44,478 | INFO | [t=710] VLA chunk prompt=Pull the next drawer open to inspect its contents.
2026-09-27 12:44:44,843 | INFO | [t=720] VLA chunk prompt=Pull the next drawer open to inspect its contents.
2026-09-27 12:44:45,220 | INFO | [t=730] VLA chunk prompt=Pull the next drawer open to inspect its contents.
2026-09-27 12:44:45,598 | INFO | [t=740] VLA chunk prompt=Pull the next drawer open to inspect its contents.
2026-09-27 12:44:45,977 | INFO | [t=750] VLA chunk prompt=Pull the next drawer open to inspect its contents.
2026-09-27 12:44:46,358 | INFO | [t=760] VLA chunk prompt=Pull the next drawer open to inspect its contents.
2026-09-27 12:44:46,749 | INFO | [t=770] VLA chunk prompt=Pull the next drawer open to inspect its contents.
2026-09-27 12:44:47,131 | INFO | [t=780] VLA chunk prompt=Pull the next drawer open to inspect its contents.
2026-09-27 12:44:47,506 | INFO | [t=790] VLA chunk prompt=Pull the next drawer open to inspect its contents.
2026-09-27 12:44:47,879 | INFO | [t=800] VLA chunk prompt=Pull the next drawer open to inspect its contents.
2026-09-27 12:44:48,250 | INFO | [t=810] VLA chunk prompt=Pull the next drawer open to inspect its contents.
2026-09-27 12:44:48,430 | INFO | API VLM @t=635 task=5 subtask=Pull the drawer open and inspect its contents. keyframes=[]
2026-09-27 12:44:48,432 | INFO | [redact] enabled task=5 registered_phrases=0 terms=['bottom drawer', 'bottom_drawer', 'middle drawer', 'middle_drawer', 'top drawer', 'top_drawer']
2026-09-27 12:44:48,573 | INFO | [t=820] VLM prompt update from step=635: Pull the drawer open and inspect its contents.
2026-09-27 12:44:48,624 | INFO | [t=820] VLA chunk prompt=Pull the drawer open and inspect its contents.
2026-09-27 12:44:49,000 | INFO | [t=830] VLA chunk prompt=Pull the drawer open and inspect its contents.
2026-09-27 12:44:49,384 | INFO | [t=840] VLA chunk prompt=Pull the drawer open and inspect its contents.
2026-09-27 12:44:49,761 | INFO | [t=850] VLA chunk prompt=Pull the drawer open and inspect its contents.
2026-09-27 12:44:50,135 | INFO | [t=860] VLA chunk prompt=Pull the drawer open and inspect its contents.
2026-09-27 12:44:50,505 | INFO | [t=870] VLA chunk prompt=Pull the drawer open and inspect its contents.
2026-09-27 12:44:50,870 | INFO | [t=880] VLA chunk prompt=Pull the drawer open and inspect its contents.
2026-09-27 12:44:51,232 | INFO | [t=890] VLA chunk prompt=Pull the drawer open and inspect its contents.
2026-09-27 12:44:51,605 | INFO | [t=900] VLA chunk prompt=Pull the drawer open and inspect its contents.
2026-09-27 12:44:51,968 | INFO | [t=910] VLA chunk prompt=Pull the drawer open and inspect its contents.
2026-09-27 12:44:52,326 | INFO | [t=920] VLA chunk prompt=Pull the drawer open and inspect its contents.
2026-09-27 12:44:52,680 | INFO | [t=930] VLA chunk prompt=Pull the drawer open and inspect its contents.
2026-09-27 12:44:53,032 | INFO | [t=940] VLA chunk prompt=Pull the drawer open and inspect its contents.
2026-09-27 12:44:53,384 | INFO | [t=950] VLA chunk prompt=Pull the drawer open and inspect its contents.
2026-09-27 12:44:53,741 | INFO | [t=960] VLA chunk prompt=Pull the drawer open and inspect its contents.
2026-09-27 12:44:54,114 | INFO | [t=970] VLA chunk prompt=Pull the drawer open and inspect its contents.
2026-09-27 12:44:54,171 | INFO | API VLM @t=805 task=5 subtask=Pull the drawer open to observe its contents. keyframes=[]
2026-09-27 12:44:54,174 | INFO | [redact] enabled task=5 registered_phrases=0 terms=['bottom drawer', 'bottom_drawer', 'middle drawer', 'middle_drawer', 'top drawer', 'top_drawer']
2026-09-27 12:44:54,434 | INFO | [t=980] VLM prompt update from step=805: Pull the drawer open to observe its contents.
2026-09-27 12:44:54,487 | INFO | [t=980] VLA chunk prompt=Pull the drawer open to observe its contents.
2026-09-27 12:44:54,867 | INFO | [t=990] VLA chunk prompt=Pull the drawer open to observe its contents.
2026-09-27 12:44:55,236 | INFO | [t=1000] VLA chunk prompt=Pull the drawer open to observe its contents.
2026-09-27 12:44:55,591 | INFO | [t=1010] VLA chunk prompt=Pull the drawer open to observe its contents.
2026-09-27 12:44:55,945 | INFO | [t=1020] VLA chunk prompt=Pull the drawer open to observe its contents.
2026-09-27 12:44:56,302 | INFO | [t=1030] VLA chunk prompt=Pull the drawer open to observe its contents.
2026-09-27 12:44:56,668 | INFO | [t=1040] VLA chunk prompt=Pull the drawer open to observe its contents.
2026-09-27 12:44:57,026 | INFO | [t=1050] VLA chunk prompt=Pull the drawer open to observe its contents.
2026-09-27 12:44:57,396 | INFO | [t=1060] VLA chunk prompt=Pull the drawer open to observe its contents.
2026-09-27 12:44:57,777 | INFO | [t=1070] VLA chunk prompt=Pull the drawer open to observe its contents.
2026-09-27 12:44:58,181 | INFO | [t=1080] VLA chunk prompt=Pull the drawer open to observe its contents.
2026-09-27 12:44:58,576 | INFO | [t=1090] VLA chunk prompt=Pull the drawer open to observe its contents.
2026-09-27 12:44:58,983 | INFO | [t=1100] VLA chunk prompt=Pull the drawer open to observe its contents.
2026-09-27 12:44:59,380 | INFO | [t=1110] VLA chunk prompt=Pull the drawer open to observe its contents.
2026-09-27 12:44:59,766 | INFO | [t=1120] VLA chunk prompt=Pull the drawer open to observe its contents.
2026-09-27 12:45:00,145 | INFO | [t=1130] VLA chunk prompt=Pull the drawer open to observe its contents.
2026-09-27 12:45:00,520 | INFO | [t=1140] VLA chunk prompt=Pull the drawer open to observe its contents.
2026-09-27 12:45:00,606 | INFO | API VLM @t=960 task=5 subtask=Grip the handle of the next drawer in order and pull it straight out to inspect its contents. keyframes=[]
2026-09-27 12:45:00,608 | INFO | [redact] enabled task=5 registered_phrases=0 terms=['bottom drawer', 'bottom_drawer', 'middle drawer', 'middle_drawer', 'top drawer', 'top_drawer']
2026-09-27 12:45:00,841 | INFO | [t=1150] VLM prompt update from step=960: Grip the handle of the next drawer in order and pull it straight out to inspect its contents.
2026-09-27 12:45:00,892 | INFO | [t=1150] VLA chunk prompt=Grip the handle of the next drawer in order and pull it straight out to inspect its contents.
2026-09-27 12:45:01,249 | INFO | [t=1160] VLA chunk prompt=Grip the handle of the next drawer in order and pull it straight out to inspect its contents.
2026-09-27 12:45:01,601 | INFO | [t=1170] VLA chunk prompt=Grip the handle of the next drawer in order and pull it straight out to inspect its contents.
2026-09-27 12:45:01,954 | INFO | [t=1180] VLA chunk prompt=Grip the handle of the next drawer in order and pull it straight out to inspect its contents.
2026-09-27 12:45:02,311 | INFO | [t=1190] VLA chunk prompt=Grip the handle of the next drawer in order and pull it straight out to inspect its contents.
2026-09-27 12:45:02,675 | INFO | [t=1200] VLA chunk prompt=Grip the handle of the next drawer in order and pull it straight out to inspect its contents.
2026-09-27 12:45:03,041 | INFO | [t=1210] VLA chunk prompt=Grip the handle of the next drawer in order and pull it straight out to inspect its contents.
2026-09-27 12:45:03,398 | INFO | [t=1220] VLA chunk prompt=Grip the handle of the next drawer in order and pull it straight out to inspect its contents.
2026-09-27 12:45:03,748 | INFO | [t=1230] VLA chunk prompt=Grip the handle of the next drawer in order and pull it straight out to inspect its contents.
2026-09-27 12:45:04,100 | INFO | [t=1240] VLA chunk prompt=Grip the handle of the next drawer in order and pull it straight out to inspect its contents.
2026-09-27 12:45:04,453 | INFO | [t=1250] VLA chunk prompt=Grip the handle of the next drawer in order and pull it straight out to inspect its contents.
2026-09-27 12:45:04,817 | INFO | [t=1260] VLA chunk prompt=Grip the handle of the next drawer in order and pull it straight out to inspect its contents.
2026-09-27 12:45:05,173 | INFO | [t=1270] VLA chunk prompt=Grip the handle of the next drawer in order and pull it straight out to inspect its contents.
2026-09-27 12:45:05,541 | INFO | [t=1280] VLA chunk prompt=Grip the handle of the next drawer in order and pull it straight out to inspect its contents.
2026-09-27 12:45:05,913 | INFO | [t=1290] VLA chunk prompt=Grip the handle of the next drawer in order and pull it straight out to inspect its contents.
2026-09-27 12:45:06,183 | INFO | API VLM @t=1130 task=5 subtask=Pull the next drawer open to inspect its contents. keyframes=[]
2026-09-27 12:45:06,186 | INFO | [redact] enabled task=5 registered_phrases=0 terms=['bottom drawer', 'bottom_drawer', 'middle drawer', 'middle_drawer', 'top drawer', 'top_drawer']
2026-09-27 12:45:06,249 | INFO | [t=1300] VLM prompt update from step=1130: Pull the next drawer open to inspect its contents.
2026-09-27 12:45:06,300 | INFO | [t=1300] VLA chunk prompt=Pull the next drawer open to inspect its contents.
2026-09-27 12:45:06,676 | INFO | [t=1310] VLA chunk prompt=Pull the next drawer open to inspect its contents.
2026-09-27 12:45:07,051 | INFO | [t=1320] VLA chunk prompt=Pull the next drawer open to inspect its contents.
2026-09-27 12:45:07,428 | INFO | [t=1330] VLA chunk prompt=Pull the next drawer open to inspect its contents.
2026-09-27 12:45:07,801 | INFO | [t=1340] VLA chunk prompt=Pull the next drawer open to inspect its contents.
2026-09-27 12:45:08,170 | INFO | [t=1350] VLA chunk prompt=Pull the next drawer open to inspect its contents.
2026-09-27 12:45:08,544 | INFO | [t=1360] VLA chunk prompt=Pull the next drawer open to inspect its contents.
2026-09-27 12:45:08,919 | INFO | [t=1370] VLA chunk prompt=Pull the next drawer open to inspect its contents.
2026-09-27 12:45:09,290 | INFO | [t=1380] VLA chunk prompt=Pull the next drawer open to inspect its contents.
2026-09-27 12:45:09,671 | INFO | [t=1390] VLA chunk prompt=Pull the next drawer open to inspect its contents.
2026-09-27 12:45:10,042 | INFO | [t=1400] VLA chunk prompt=Pull the next drawer open to inspect its contents.
2026-09-27 12:45:10,402 | INFO | [t=1410] VLA chunk prompt=Pull the next drawer open to inspect its contents.
2026-09-27 12:45:10,755 | INFO | [t=1420] VLA chunk prompt=Pull the next drawer open to inspect its contents.
2026-09-27 12:45:11,106 | INFO | [t=1430] VLA chunk prompt=Pull the next drawer open to inspect its contents.
2026-09-27 12:45:11,457 | INFO | [t=1440] VLA chunk prompt=Pull the next drawer open to inspect its contents.
2026-09-27 12:45:11,743 | INFO | API VLM @t=1285 task=5 subtask=Pull the next drawer open to inspect its contents. keyframes=[]
2026-09-27 12:45:11,745 | INFO | [redact] enabled task=5 registered_phrases=0 terms=['bottom drawer', 'bottom_drawer', 'middle drawer', 'middle_drawer', 'top drawer', 'top_drawer']
2026-09-27 12:45:11,813 | INFO | [t=1450] VLA chunk prompt=Pull the next drawer open to inspect its contents.
2026-09-27 12:45:12,173 | INFO | [t=1460] VLA chunk prompt=Pull the next drawer open to inspect its contents.
2026-09-27 12:45:12,533 | INFO | [t=1470] VLA chunk prompt=Pull the next drawer open to inspect its contents.
2026-09-27 12:45:12,905 | INFO | [t=1480] VLA chunk prompt=Pull the next drawer open to inspect its contents.
2026-09-27 12:45:13,277 | INFO | [t=1490] VLA chunk prompt=Pull the next drawer open to inspect its contents.
2026-09-27 12:45:13,652 | INFO | [t=1500] VLA chunk prompt=Pull the next drawer open to inspect its contents.
2026-09-27 12:45:14,025 | INFO | [t=1510] VLA chunk prompt=Pull the next drawer open to inspect its contents.
2026-09-27 12:45:14,402 | INFO | [t=1520] VLA chunk prompt=Pull the next drawer open to inspect its contents.
2026-09-27 12:45:14,785 | INFO | [t=1530] VLA chunk prompt=Pull the next drawer open to inspect its contents.
2026-09-27 12:45:15,165 | INFO | [t=1540] VLA chunk prompt=Pull the next drawer open to inspect its contents.
2026-09-27 12:45:15,547 | INFO | [t=1550] VLA chunk prompt=Pull the next drawer open to inspect its contents.
2026-09-27 12:45:15,925 | INFO | [t=1560] VLA chunk prompt=Pull the next drawer open to inspect its contents.
2026-09-27 12:45:16,298 | INFO | [t=1570] VLA chunk prompt=Pull the next drawer open to inspect its contents.
2026-09-27 12:45:16,598 | INFO | API VLM @t=1435 task=5 subtask=Open the next drawer in order and inspect its contents. keyframes=[]
2026-09-27 12:45:16,600 | INFO | [redact] enabled task=5 registered_phrases=0 terms=['bottom drawer', 'bottom_drawer', 'middle drawer', 'middle_drawer', 'top drawer', 'top_drawer']
2026-09-27 12:45:16,616 | INFO | [t=1580] VLM prompt update from step=1435: Open the next drawer in order and inspect its contents.
2026-09-27 12:45:16,666 | INFO | [t=1580] VLA chunk prompt=Open the next drawer in order and inspect its contents.
2026-09-27 12:45:17,044 | INFO | [t=1590] VLA chunk prompt=Open the next drawer in order and inspect its contents.
2026-09-27 12:45:17,440 | INFO | [t=1600] VLA chunk prompt=Open the next drawer in order and inspect its contents.
2026-09-27 12:45:17,826 | INFO | [t=1610] VLA chunk prompt=Open the next drawer in order and inspect its contents.
2026-09-27 12:45:18,211 | INFO | [t=1620] VLA chunk prompt=Open the next drawer in order and inspect its contents.
2026-09-27 12:45:18,609 | INFO | [t=1630] VLA chunk prompt=Open the next drawer in order and inspect its contents.
2026-09-27 12:45:19,013 | INFO | [t=1640] VLA chunk prompt=Open the next drawer in order and inspect its contents.
2026-09-27 12:45:19,421 | INFO | [t=1650] VLA chunk prompt=Open the next drawer in order and inspect its contents.
2026-09-27 12:45:19,827 | INFO | [t=1660] VLA chunk prompt=Open the next drawer in order and inspect its contents.
2026-09-27 12:45:20,212 | INFO | [t=1670] VLA chunk prompt=Open the next drawer in order and inspect its contents.
2026-09-27 12:45:20,593 | INFO | [t=1680] VLA chunk prompt=Open the next drawer in order and inspect its contents.
2026-09-27 12:45:20,969 | INFO | [t=1690] VLA chunk prompt=Open the next drawer in order and inspect its contents.
2026-09-27 12:45:21,343 | INFO | [t=1700] VLA chunk prompt=Open the next drawer in order and inspect its contents.
2026-09-27 12:45:21,719 | INFO | [t=1710] VLA chunk prompt=Open the next drawer in order and inspect its contents.
2026-09-27 12:45:22,072 | INFO | API VLM @t=1565 task=5 subtask=Open the next drawer in order and inspect its contents. keyframes=[]
2026-09-27 12:45:22,074 | INFO | [redact] enabled task=5 registered_phrases=0 terms=['bottom drawer', 'bottom_drawer', 'middle drawer', 'middle_drawer', 'top drawer', 'top_drawer']
2026-09-27 12:45:22,106 | INFO | [t=1720] VLA chunk prompt=Open the next drawer in order and inspect its contents.
2026-09-27 12:45:22,489 | INFO | [t=1730] VLA chunk prompt=Open the next drawer in order and inspect its contents.
2026-09-27 12:45:22,868 | INFO | [t=1740] VLA chunk prompt=Open the next drawer in order and inspect its contents.
2026-09-27 12:45:23,253 | INFO | [t=1750] VLA chunk prompt=Open the next drawer in order and inspect its contents.
2026-09-27 12:45:23,643 | INFO | [t=1760] VLA chunk prompt=Open the next drawer in order and inspect its contents.
2026-09-27 12:45:24,036 | INFO | [t=1770] VLA chunk prompt=Open the next drawer in order and inspect its contents.
2026-09-27 12:45:24,413 | INFO | [t=1780] VLA chunk prompt=Open the next drawer in order and inspect its contents.
2026-09-27 12:45:24,802 | INFO | [t=1790] VLA chunk prompt=Open the next drawer in order and inspect its contents.
2026-09-27 12:45:25,193 | INFO | [t=1800] VLA chunk prompt=Open the next drawer in order and inspect its contents.
2026-09-27 12:45:25,593 | INFO | [t=1810] VLA chunk prompt=Open the next drawer in order and inspect its contents.
2026-09-27 12:45:25,994 | INFO | [t=1820] VLA chunk prompt=Open the next drawer in order and inspect its contents.
2026-09-27 12:45:26,226 | INFO | API VLM @t=1710 task=5 subtask=Pull the next drawer open and inspect its contents. keyframes=[]
2026-09-27 12:45:26,229 | INFO | [redact] enabled task=5 registered_phrases=0 terms=['bottom drawer', 'bottom_drawer', 'middle drawer', 'middle_drawer', 'top drawer', 'top_drawer']
2026-09-27 12:45:26,341 | INFO | [t=1830] VLM prompt update from step=1710: Pull the next drawer open and inspect its contents.
2026-09-27 12:45:26,393 | INFO | [t=1830] VLA chunk prompt=Pull the next drawer open and inspect its contents.
2026-09-27 12:45:26,777 | INFO | [t=1840] VLA chunk prompt=Pull the next drawer open and inspect its contents.
2026-09-27 12:45:27,159 | INFO | [t=1850] VLA chunk prompt=Pull the next drawer open and inspect its contents.
2026-09-27 12:45:27,547 | INFO | [t=1860] VLA chunk prompt=Pull the next drawer open and inspect its contents.
2026-09-27 12:45:27,947 | INFO | [t=1870] VLA chunk prompt=Pull the next drawer open and inspect its contents.
2026-09-27 12:45:28,335 | INFO | [t=1880] VLA chunk prompt=Pull the next drawer open and inspect its contents.
2026-09-27 12:45:28,718 | INFO | [t=1890] VLA chunk prompt=Pull the next drawer open and inspect its contents.
2026-09-27 12:45:29,107 | INFO | [t=1900] VLA chunk prompt=Pull the next drawer open and inspect its contents.
2026-09-27 12:45:29,483 | INFO | [t=1910] VLA chunk prompt=Pull the next drawer open and inspect its contents.
2026-09-27 12:45:29,846 | INFO | [t=1920] VLA chunk prompt=Pull the next drawer open and inspect its contents.
2026-09-27 12:45:30,220 | INFO | [t=1930] VLA chunk prompt=Pull the next drawer open and inspect its contents.
2026-09-27 12:45:30,594 | INFO | [t=1940] VLA chunk prompt=Pull the next drawer open and inspect its contents.
2026-09-27 12:45:30,773 | INFO | API VLM @t=1815 task=5 subtask=Pull the next drawer open to inspect its contents. keyframes=[]
2026-09-27 12:45:30,775 | INFO | [redact] enabled task=5 registered_phrases=0 terms=['bottom drawer', 'bottom_drawer', 'middle drawer', 'middle_drawer', 'top drawer', 'top_drawer']
2026-09-27 12:45:30,923 | INFO | [t=1950] VLM prompt update from step=1815: Pull the next drawer open to inspect its contents.
2026-09-27 12:45:30,976 | INFO | [t=1950] VLA chunk prompt=Pull the next drawer open to inspect its contents.
2026-09-27 12:45:31,354 | INFO | [t=1960] VLA chunk prompt=Pull the next drawer open to inspect its contents.
2026-09-27 12:45:31,741 | INFO | [t=1970] VLA chunk prompt=Pull the next drawer open to inspect its contents.
2026-09-27 12:45:32,129 | INFO | [t=1980] VLA chunk prompt=Pull the next drawer open to inspect its contents.
2026-09-27 12:45:32,522 | INFO | [t=1990] VLA chunk prompt=Pull the next drawer open to inspect its contents.
2026-09-27 12:45:32,915 | INFO | [t=2000] VLA chunk prompt=Pull the next drawer open to inspect its contents.
2026-09-27 12:45:33,306 | INFO | [t=2010] VLA chunk prompt=Pull the next drawer open to inspect its contents.
2026-09-27 12:45:33,684 | INFO | [t=2020] VLA chunk prompt=Pull the next drawer open to inspect its contents.
2026-09-27 12:45:34,049 | INFO | [t=2030] VLA chunk prompt=Pull the next drawer open to inspect its contents.
2026-09-27 12:45:34,409 | INFO | [t=2040] VLA chunk prompt=Pull the next drawer open to inspect its contents.
2026-09-27 12:45:34,768 | INFO | [t=2050] VLA chunk prompt=Pull the next drawer open to inspect its contents.
2026-09-27 12:45:35,136 | INFO | [t=2060] VLA chunk prompt=Pull the next drawer open to inspect its contents.
2026-09-27 12:45:35,494 | INFO | [t=2070] VLA chunk prompt=Pull the next drawer open to inspect its contents.
2026-09-27 12:45:35,847 | INFO | [t=2080] VLA chunk prompt=Pull the next drawer open to inspect its contents.
2026-09-27 12:45:36,205 | INFO | [t=2090] VLA chunk prompt=Pull the next drawer open to inspect its contents.
2026-09-27 12:45:36,568 | INFO | [t=2100] VLA chunk prompt=Pull the next drawer open to inspect its contents.
2026-09-27 12:45:36,853 | INFO | API VLM @t=1935 task=5 subtask=Move to the next drawer’s handle and pull it open to inspect its contents. keyframes=[]
2026-09-27 12:45:36,855 | INFO | [redact] enabled task=5 registered_phrases=0 terms=['bottom drawer', 'bottom_drawer', 'middle drawer', 'middle_drawer', 'top drawer', 'top_drawer']
2026-09-27 12:45:36,890 | INFO | [t=2110] VLM prompt update from step=1935: Move to the next drawer’s handle and pull it open to inspect its contents.
2026-09-27 12:45:36,941 | INFO | [t=2110] VLA chunk prompt=Move to the next drawer’s handle and pull it open to inspect its contents.
2026-09-27 12:45:37,314 | INFO | [t=2120] VLA chunk prompt=Move to the next drawer’s handle and pull it open to inspect its contents.
2026-09-27 12:45:37,695 | INFO | [t=2130] VLA chunk prompt=Move to the next drawer’s handle and pull it open to inspect its contents.
2026-09-27 12:45:38,068 | INFO | [t=2140] VLA chunk prompt=Move to the next drawer’s handle and pull it open to inspect its contents.
2026-09-27 12:45:38,427 | INFO | [t=2150] VLA chunk prompt=Move to the next drawer’s handle and pull it open to inspect its contents.
2026-09-27 12:45:38,785 | INFO | [t=2160] VLA chunk prompt=Move to the next drawer’s handle and pull it open to inspect its contents.
2026-09-27 12:45:39,141 | INFO | [t=2170] VLA chunk prompt=Move to the next drawer’s handle and pull it open to inspect its contents.
2026-09-27 12:45:39,492 | INFO | [t=2180] VLA chunk prompt=Move to the next drawer’s handle and pull it open to inspect its contents.
2026-09-27 12:45:39,844 | INFO | [t=2190] VLA chunk prompt=Move to the next drawer’s handle and pull it open to inspect its contents.
2026-09-27 12:45:40,195 | INFO | [t=2200] VLA chunk prompt=Move to the next drawer’s handle and pull it open to inspect its contents.
2026-09-27 12:45:40,545 | INFO | [t=2210] VLA chunk prompt=Move to the next drawer’s handle and pull it open to inspect its contents.
2026-09-27 12:45:40,895 | INFO | [t=2220] VLA chunk prompt=Move to the next drawer’s handle and pull it open to inspect its contents.
2026-09-27 12:45:41,244 | INFO | [t=2230] VLA chunk prompt=Move to the next drawer’s handle and pull it open to inspect its contents.
2026-09-27 12:45:41,523 | INFO | API VLM @t=2095 task=5 subtask=Pull the next drawer open to inspect its contents. keyframes=[]
2026-09-27 12:45:41,525 | INFO | [redact] enabled task=5 registered_phrases=0 terms=['bottom drawer', 'bottom_drawer', 'middle drawer', 'middle_drawer', 'top drawer', 'top_drawer']
2026-09-27 12:45:41,553 | INFO | [t=2240] VLM prompt update from step=2095: Pull the next drawer open to inspect its contents.
2026-09-27 12:45:41,605 | INFO | [t=2240] VLA chunk prompt=Pull the next drawer open to inspect its contents.
2026-09-27 12:45:41,953 | INFO | [t=2250] VLA chunk prompt=Pull the next drawer open to inspect its contents.
2026-09-27 12:45:42,307 | INFO | [t=2260] VLA chunk prompt=Pull the next drawer open to inspect its contents.
2026-09-27 12:45:42,664 | INFO | [t=2270] VLA chunk prompt=Pull the next drawer open to inspect its contents.
2026-09-27 12:45:43,022 | INFO | [t=2280] VLA chunk prompt=Pull the next drawer open to inspect its contents.
2026-09-27 12:45:43,382 | INFO | [t=2290] VLA chunk prompt=Pull the next drawer open to inspect its contents.
2026-09-27 12:45:43,745 | INFO | [t=2300] VLA chunk prompt=Pull the next drawer open to inspect its contents.
2026-09-27 12:45:44,111 | INFO | [t=2310] VLA chunk prompt=Pull the next drawer open to inspect its contents.
2026-09-27 12:45:44,476 | INFO | [t=2320] VLA chunk prompt=Pull the next drawer open to inspect its contents.
2026-09-27 12:45:44,838 | INFO | [t=2330] VLA chunk prompt=Pull the next drawer open to inspect its contents.
2026-09-27 12:45:45,191 | INFO | [t=2340] VLA chunk prompt=Pull the next drawer open to inspect its contents.
2026-09-27 12:45:45,550 | INFO | [t=2350] VLA chunk prompt=Pull the next drawer open to inspect its contents.
2026-09-27 12:45:45,916 | INFO | [t=2360] VLA chunk prompt=Pull the next drawer open to inspect its contents.
2026-09-27 12:45:46,276 | INFO | [t=2370] VLA chunk prompt=Pull the next drawer open to inspect its contents.
2026-09-27 12:45:46,371 | INFO | API VLM @t=2225 task=5 subtask=Pull the next drawer open to inspect its contents. keyframes=[]
2026-09-27 12:45:46,374 | INFO | [redact] enabled task=5 registered_phrases=0 terms=['bottom drawer', 'bottom_drawer', 'middle drawer', 'middle_drawer', 'top drawer', 'top_drawer']
2026-09-27 12:45:46,635 | INFO | [t=2380] VLA chunk prompt=Pull the next drawer open to inspect its contents.
2026-09-27 12:45:46,986 | INFO | [t=2390] VLA chunk prompt=Pull the next drawer open to inspect its contents.
2026-09-27 12:45:47,335 | INFO | [t=2400] VLA chunk prompt=Pull the next drawer open to inspect its contents.
2026-09-27 12:45:47,687 | INFO | [t=2410] VLA chunk prompt=Pull the next drawer open to inspect its contents.
2026-09-27 12:45:48,052 | INFO | [t=2420] VLA chunk prompt=Pull the next drawer open to inspect its contents.
2026-09-27 12:45:48,410 | INFO | [t=2430] VLA chunk prompt=Pull the next drawer open to inspect its contents.
2026-09-27 12:45:48,769 | INFO | [t=2440] VLA chunk prompt=Pull the next drawer open to inspect its contents.
2026-09-27 12:45:49,127 | INFO | [t=2450] VLA chunk prompt=Pull the next drawer open to inspect its contents.
2026-09-27 12:45:49,484 | INFO | [t=2460] VLA chunk prompt=Pull the next drawer open to inspect its contents.
2026-09-27 12:45:49,843 | INFO | [t=2470] VLA chunk prompt=Pull the next drawer open to inspect its contents.
2026-09-27 12:45:50,211 | INFO | [t=2480] VLA chunk prompt=Pull the next drawer open to inspect its contents.
2026-09-27 12:45:50,578 | INFO | [t=2490] VLA chunk prompt=Pull the next drawer open to inspect its contents.
2026-09-27 12:45:50,940 | INFO | [t=2500] VLA chunk prompt=Pull the next drawer open to inspect its contents.
2026-09-27 12:45:51,206 | INFO | API VLM @t=2360 task=5 subtask=Grip the next drawer handle firmly and pull the drawer open to inspect its contents. keyframes=[]
2026-09-27 12:45:51,207 | INFO | [redact] enabled task=5 registered_phrases=0 terms=['bottom drawer', 'bottom_drawer', 'middle drawer', 'middle_drawer', 'top drawer', 'top_drawer']
2026-09-27 12:45:54,269 | INFO | attempt=0 stage_score=25.0 stage_success=False failure_reason=incomplete_stage
2026-09-27 12:45:54,269 | INFO | Episode 2 seed=102 stage_score=25.0 stage_success=0 goal=0.250 failure_reason=incomplete_stage | 01_Open_Top_Drawer=Y | 02_Close_Top_Drawer=Y | 03_Open_Middle_Drawer=N | 04_Close_Middle_Drawer=N | 05_Open_Bottom_Drawer=N | 06_Close_Bottom_Drawer=N | 07_Open_Middle_Drawer_Again=N | 08_Put_Butter_Middle_Drawer=N | 09_Close_Middle_Drawer_Final=N
2026-09-27 12:45:56,146 | INFO | API VLM @t=2495 task=5 subtask=Pull the next drawer open to inspect its contents. keyframes=[]
