2026-09-19 15:34:44,080 | INFO | task_id=20 bddl=/project/peilab/why/RoboMemArena/bddl/20_cookies_chocolate_microwave.bddl vlm_ckpt=/project/peilab/why/RoboMemArena/checkpoints/PrediMem/vlm_tasks1to26_ckpt74500
2026-09-19 15:34:45,779 | INFO | async VLM enabled: single-slot subtask buffer
2026-09-19 15:34:45,998 | INFO | [t=10] VLA chunk prompt=Put cookies into the microwave and then put chocolate into the location where the cookies were placed.
2026-09-19 15:34:46,233 | INFO | [t=20] VLA chunk prompt=Put cookies into the microwave and then put chocolate into the location where the cookies were placed.
2026-09-19 15:34:46,464 | INFO | [t=30] VLA chunk prompt=Put cookies into the microwave and then put chocolate into the location where the cookies were placed.
2026-09-19 15:34:46,695 | INFO | [t=40] VLA chunk prompt=Put cookies into the microwave and then put chocolate into the location where the cookies were placed.
2026-09-19 15:34:46,927 | INFO | [t=50] VLA chunk prompt=Put cookies into the microwave and then put chocolate into the location where the cookies were placed.
2026-09-19 15:34:47,161 | INFO | [t=60] VLA chunk prompt=Put cookies into the microwave and then put chocolate into the location where the cookies were placed.
2026-09-19 15:34:47,395 | INFO | [t=70] VLA chunk prompt=Put cookies into the microwave and then put chocolate into the location where the cookies were placed.
2026-09-19 15:34:47,592 | INFO | [t=80] harness subtask override: open microwave
2026-09-19 15:34:47,593 | INFO | [t=80] VLM prompt update from step=-1: open microwave
2026-09-19 15:34:47,593 | INFO | [t=80] harness forced VLM replan after stall (pmh visual retrieve armed)
2026-09-19 15:34:47,644 | INFO | [t=80] VLA chunk prompt=open microwave
2026-09-19 15:34:47,906 | INFO | [t=90] VLA chunk prompt=open microwave
2026-09-19 15:34:47,966 | INFO | [t=92] stage done: 01_Open_Microwave
2026-09-19 15:34:48,164 | INFO | [t=100] VLA chunk prompt=open microwave
2026-09-19 15:34:48,426 | INFO | [t=110] VLA chunk prompt=open microwave
2026-09-19 15:34:48,665 | INFO | [t=120] VLA chunk prompt=open microwave
2026-09-19 15:34:48,901 | INFO | [t=130] VLA chunk prompt=open microwave
2026-09-19 15:34:49,145 | INFO | [t=140] VLA chunk prompt=open microwave
2026-09-19 15:34:49,408 | INFO | [t=150] VLA chunk prompt=open microwave
2026-09-19 15:34:49,673 | INFO | [t=160] VLA chunk prompt=open microwave
2026-09-19 15:34:49,791 | INFO | API VLM @t=0 task=20 subtask=open_microwave keyframes=[]
2026-09-19 15:34:49,913 | INFO | [t=170] VLM prompt update from step=0: open_microwave
2026-09-19 15:34:49,965 | INFO | [t=170] VLA chunk prompt=open_microwave
2026-09-19 15:34:50,207 | INFO | [t=180] harness subtask override: place cookies
2026-09-19 15:34:50,207 | INFO | [t=180] VLM prompt update from step=0: place cookies
2026-09-19 15:34:50,207 | INFO | [t=180] harness forced VLM replan after stall (pmh visual retrieve armed)
2026-09-19 15:34:50,258 | INFO | [t=180] VLA chunk prompt=place cookies
2026-09-19 15:34:50,535 | INFO | [t=190] VLA chunk prompt=place cookies
2026-09-19 15:34:50,813 | INFO | [t=200] VLA chunk prompt=place cookies
2026-09-19 15:34:51,095 | INFO | [t=210] VLA chunk prompt=place cookies
2026-09-19 15:34:51,379 | INFO | [t=220] VLA chunk prompt=place cookies
2026-09-19 15:34:51,672 | INFO | [t=230] VLA chunk prompt=place cookies
2026-09-19 15:34:51,969 | INFO | [t=240] VLA chunk prompt=place cookies
2026-09-19 15:34:52,272 | INFO | [t=250] VLA chunk prompt=place cookies
2026-09-19 15:34:52,484 | INFO | API VLM @t=155 task=20 subtask=open_microwave keyframes=[]
2026-09-19 15:34:52,525 | INFO | [t=260] VLM prompt update from step=155: open_microwave
2026-09-19 15:34:52,575 | INFO | [t=260] VLA chunk prompt=open_microwave
2026-09-19 15:34:52,882 | INFO | [t=270] VLA chunk prompt=open_microwave
2026-09-19 15:34:53,192 | INFO | [t=280] VLA chunk prompt=open_microwave
2026-09-19 15:34:53,506 | INFO | [t=290] VLA chunk prompt=open_microwave
2026-09-19 15:34:53,815 | INFO | [t=300] VLA chunk prompt=open_microwave
2026-09-19 15:34:54,123 | INFO | [t=310] VLA chunk prompt=open_microwave
2026-09-19 15:34:54,434 | INFO | [t=320] VLA chunk prompt=open_microwave
2026-09-19 15:34:54,486 | INFO | [t=322] stage done: 02_Place_Cookies_Microwave
2026-09-19 15:34:54,747 | INFO | [t=330] VLA chunk prompt=open_microwave
2026-09-19 15:34:55,065 | INFO | [t=340] VLA chunk prompt=open_microwave
2026-09-19 15:34:55,389 | INFO | [t=350] VLA chunk prompt=open_microwave
2026-09-19 15:34:55,516 | INFO | API VLM @t=245 task=20 subtask=open_microwave keyframes=[]
2026-09-19 15:34:55,717 | INFO | [t=360] VLA chunk prompt=open_microwave
2026-09-19 15:34:56,038 | INFO | [t=370] VLA chunk prompt=open_microwave
2026-09-19 15:34:56,360 | INFO | [t=380] VLA chunk prompt=open_microwave
2026-09-19 15:34:56,709 | INFO | [t=390] VLA chunk prompt=open_microwave
2026-09-19 15:34:57,032 | INFO | [t=400] VLA chunk prompt=open_microwave
2026-09-19 15:34:57,303 | INFO | [t=410] harness subtask override: place chocolate
2026-09-19 15:34:57,303 | INFO | [t=410] VLM prompt update from step=245: place chocolate
2026-09-19 15:34:57,303 | INFO | [t=410] harness forced VLM replan after stall (pmh visual retrieve armed)
2026-09-19 15:34:57,353 | INFO | [t=410] VLA chunk prompt=place chocolate
2026-09-19 15:34:57,677 | INFO | [t=420] VLA chunk prompt=place chocolate
2026-09-19 15:34:57,998 | INFO | [t=430] VLA chunk prompt=place chocolate
2026-09-19 15:34:58,310 | INFO | API VLM @t=340 task=20 subtask=place_cookies_into_microwave keyframes=[]
2026-09-19 15:34:58,319 | INFO | [t=440] VLA chunk prompt=place chocolate
2026-09-19 15:34:58,590 | INFO | [t=450] VLM prompt update from step=340: place_cookies_into_microwave
2026-09-19 15:34:58,639 | INFO | [t=450] VLA chunk prompt=place_cookies_into_microwave
2026-09-19 15:34:58,957 | INFO | [t=460] VLA chunk prompt=place_cookies_into_microwave
2026-09-19 15:34:59,277 | INFO | [t=470] VLA chunk prompt=place_cookies_into_microwave
2026-09-19 15:34:59,595 | INFO | [t=480] VLA chunk prompt=place_cookies_into_microwave
2026-09-19 15:34:59,920 | INFO | [t=490] VLA chunk prompt=place_cookies_into_microwave
2026-09-19 15:35:00,240 | INFO | [t=500] VLA chunk prompt=place_cookies_into_microwave
2026-09-19 15:35:00,562 | INFO | [t=510] VLA chunk prompt=place_cookies_into_microwave
2026-09-19 15:35:00,887 | INFO | [t=520] VLA chunk prompt=place_cookies_into_microwave
2026-09-19 15:35:01,206 | INFO | [t=530] VLA chunk prompt=place_cookies_into_microwave
2026-09-19 15:35:01,251 | INFO | API VLM @t=430 task=20 subtask=place_cookies_into_microwave keyframes=[]
2026-09-19 15:35:01,526 | INFO | [t=540] VLA chunk prompt=place_cookies_into_microwave
2026-09-19 15:35:01,847 | INFO | [t=550] VLA chunk prompt=place_cookies_into_microwave
2026-09-19 15:35:02,177 | INFO | [t=560] VLA chunk prompt=place_cookies_into_microwave
2026-09-19 15:35:02,511 | INFO | [t=570] VLA chunk prompt=place_cookies_into_microwave
2026-09-19 15:35:02,846 | INFO | [t=580] VLA chunk prompt=place_cookies_into_microwave
2026-09-19 15:35:03,180 | INFO | [t=590] VLA chunk prompt=place_cookies_into_microwave
2026-09-19 15:35:03,515 | INFO | [t=600] VLA chunk prompt=place_cookies_into_microwave
2026-09-19 15:35:03,851 | INFO | [t=610] VLA chunk prompt=place_cookies_into_microwave
2026-09-19 15:35:04,021 | INFO | API VLM @t=520 task=20 subtask=place_cookies_into_microwave keyframes=[]
2026-09-19 15:35:04,186 | INFO | [t=620] VLA chunk prompt=place_cookies_into_microwave
2026-09-19 15:35:04,520 | INFO | [t=630] VLA chunk prompt=place_cookies_into_microwave
2026-09-19 15:35:04,852 | INFO | [t=640] VLA chunk prompt=place_cookies_into_microwave
2026-09-19 15:35:05,183 | INFO | [t=650] VLA chunk prompt=place_cookies_into_microwave
2026-09-19 15:35:05,514 | INFO | [t=660] VLA chunk prompt=place_cookies_into_microwave
2026-09-19 15:35:05,838 | INFO | [t=670] VLA chunk prompt=place_cookies_into_microwave
2026-09-19 15:35:06,162 | INFO | [t=680] VLA chunk prompt=place_cookies_into_microwave
2026-09-19 15:35:06,474 | INFO | [t=690] VLA chunk prompt=place_cookies_into_microwave
2026-09-19 15:35:06,782 | INFO | [t=700] VLA chunk prompt=place_cookies_into_microwave
2026-09-19 15:35:06,932 | INFO | API VLM @t=605 task=20 subtask=place_cookies_into_microwave keyframes=[]
2026-09-19 15:35:07,090 | INFO | [t=710] VLA chunk prompt=place_cookies_into_microwave
2026-09-19 15:35:07,398 | INFO | [t=720] VLA chunk prompt=place_cookies_into_microwave
2026-09-19 15:35:07,705 | INFO | [t=730] VLA chunk prompt=place_cookies_into_microwave
2026-09-19 15:35:08,013 | INFO | [t=740] VLA chunk prompt=place_cookies_into_microwave
2026-09-19 15:35:08,320 | INFO | [t=750] VLA chunk prompt=place_cookies_into_microwave
2026-09-19 15:35:08,632 | INFO | [t=760] VLA chunk prompt=place_cookies_into_microwave
2026-09-19 15:35:08,941 | INFO | [t=770] VLA chunk prompt=place_cookies_into_microwave
2026-09-19 15:35:09,250 | INFO | [t=780] VLA chunk prompt=place_cookies_into_microwave
2026-09-19 15:35:09,389 | INFO | API VLM @t=695 task=20 subtask=place_cookies_into_microwave keyframes=[]
2026-09-19 15:35:09,562 | INFO | [t=790] VLA chunk prompt=place_cookies_into_microwave
2026-09-19 15:35:09,875 | INFO | [t=800] VLA chunk prompt=place_cookies_into_microwave
2026-09-19 15:35:10,183 | INFO | [t=810] VLA chunk prompt=place_cookies_into_microwave
2026-09-19 15:35:10,491 | INFO | [t=820] VLA chunk prompt=place_cookies_into_microwave
2026-09-19 15:35:10,799 | INFO | [t=830] VLA chunk prompt=place_cookies_into_microwave
2026-09-19 15:35:11,105 | INFO | [t=840] VLA chunk prompt=place_cookies_into_microwave
2026-09-19 15:35:11,414 | INFO | [t=850] VLA chunk prompt=place_cookies_into_microwave
2026-09-19 15:35:11,723 | INFO | [t=860] VLA chunk prompt=place_cookies_into_microwave
2026-09-19 15:35:11,887 | INFO | API VLM @t=775 task=20 subtask=place cookies into the microwave keyframes=[]
2026-09-19 15:35:11,989 | INFO | [t=870] VLM prompt update from step=775: place cookies into the microwave
2026-09-19 15:35:12,039 | INFO | [t=870] VLA chunk prompt=place cookies into the microwave
2026-09-19 15:35:12,350 | INFO | [t=880] VLA chunk prompt=place cookies into the microwave
2026-09-19 15:35:12,662 | INFO | [t=890] VLA chunk prompt=place cookies into the microwave
2026-09-19 15:35:12,973 | INFO | [t=900] VLA chunk prompt=place cookies into the microwave
2026-09-19 15:35:13,282 | INFO | [t=910] VLA chunk prompt=place cookies into the microwave
2026-09-19 15:35:13,588 | INFO | [t=920] VLA chunk prompt=place cookies into the microwave
2026-09-19 15:35:13,895 | INFO | [t=930] VLA chunk prompt=place cookies into the microwave
2026-09-19 15:35:14,204 | INFO | [t=940] VLA chunk prompt=place cookies into the microwave
2026-09-19 15:35:14,315 | INFO | API VLM @t=855 task=20 subtask=open_microwave keyframes=[]
2026-09-19 15:35:14,469 | INFO | [t=950] VLM prompt update from step=855: open_microwave
2026-09-19 15:35:14,519 | INFO | [t=950] VLA chunk prompt=open_microwave
2026-09-19 15:35:14,830 | INFO | [t=960] VLA chunk prompt=open_microwave
2026-09-19 15:35:15,143 | INFO | [t=970] VLA chunk prompt=open_microwave
2026-09-19 15:35:15,456 | INFO | [t=980] VLA chunk prompt=open_microwave
2026-09-19 15:35:15,767 | INFO | [t=990] VLA chunk prompt=open_microwave
2026-09-19 15:35:16,081 | INFO | [t=1000] VLA chunk prompt=open_microwave
2026-09-19 15:35:16,390 | INFO | [t=1010] VLA chunk prompt=open_microwave
2026-09-19 15:35:16,699 | INFO | [t=1020] VLA chunk prompt=open_microwave
2026-09-19 15:35:16,792 | INFO | API VLM @t=930 task=20 subtask=open_microwave keyframes=[]
2026-09-19 15:35:17,008 | INFO | [t=1030] VLA chunk prompt=open_microwave
2026-09-19 15:35:17,316 | INFO | [t=1040] VLA chunk prompt=open_microwave
2026-09-19 15:35:17,624 | INFO | [t=1050] VLA chunk prompt=open_microwave
2026-09-19 15:35:17,934 | INFO | [t=1060] VLA chunk prompt=open_microwave
2026-09-19 15:35:18,247 | INFO | [t=1070] VLA chunk prompt=open_microwave
2026-09-19 15:35:18,558 | INFO | [t=1080] VLA chunk prompt=open_microwave
2026-09-19 15:35:18,867 | INFO | [t=1090] VLA chunk prompt=open_microwave
2026-09-19 15:35:19,175 | INFO | [t=1100] VLA chunk prompt=open_microwave
2026-09-19 15:35:19,484 | INFO | [t=1110] VLA chunk prompt=open_microwave
2026-09-19 15:35:19,649 | INFO | API VLM @t=1010 task=20 subtask=open_microwave keyframes=[]
2026-09-19 15:35:19,794 | INFO | [t=1120] VLA chunk prompt=open_microwave
2026-09-19 15:35:20,101 | INFO | [t=1130] VLA chunk prompt=open_microwave
2026-09-19 15:35:20,422 | INFO | [t=1140] VLA chunk prompt=open_microwave
2026-09-19 15:35:20,752 | INFO | [t=1150] VLA chunk prompt=open_microwave
2026-09-19 15:35:21,067 | INFO | [t=1160] VLA chunk prompt=open_microwave
2026-09-19 15:35:21,374 | INFO | [t=1170] VLA chunk prompt=open_microwave
2026-09-19 15:35:21,681 | INFO | [t=1180] VLA chunk prompt=open_microwave
2026-09-19 15:35:21,989 | INFO | [t=1190] VLA chunk prompt=open_microwave
2026-09-19 15:35:22,137 | INFO | API VLM @t=1105 task=20 subtask=open_microwave keyframes=[]
2026-09-19 15:35:22,298 | INFO | [t=1200] VLA chunk prompt=open_microwave
2026-09-19 15:35:22,605 | INFO | [t=1210] VLA chunk prompt=open_microwave
2026-09-19 15:35:22,915 | INFO | [t=1220] VLA chunk prompt=open_microwave
2026-09-19 15:35:23,223 | INFO | [t=1230] VLA chunk prompt=open_microwave
2026-09-19 15:35:23,532 | INFO | [t=1240] VLA chunk prompt=open_microwave
2026-09-19 15:35:23,841 | INFO | [t=1250] VLA chunk prompt=open_microwave
2026-09-19 15:35:24,149 | INFO | [t=1260] VLA chunk prompt=open_microwave
2026-09-19 15:35:24,459 | INFO | [t=1270] VLA chunk prompt=open_microwave
2026-09-19 15:35:24,709 | INFO | API VLM @t=1185 task=20 subtask=place_cookies_into_microwave keyframes=[]
2026-09-19 15:35:24,720 | INFO | [t=1280] VLM prompt update from step=1185: place_cookies_into_microwave
2026-09-19 15:35:24,771 | INFO | [t=1280] VLA chunk prompt=place_cookies_into_microwave
2026-09-19 15:35:25,077 | INFO | [t=1290] VLA chunk prompt=place_cookies_into_microwave
2026-09-19 15:35:25,384 | INFO | [t=1300] VLA chunk prompt=place_cookies_into_microwave
2026-09-19 15:35:25,691 | INFO | [t=1310] VLA chunk prompt=place_cookies_into_microwave
2026-09-19 15:35:25,999 | INFO | [t=1320] VLA chunk prompt=place_cookies_into_microwave
2026-09-19 15:35:26,306 | INFO | [t=1330] VLA chunk prompt=place_cookies_into_microwave
2026-09-19 15:35:26,613 | INFO | [t=1340] VLA chunk prompt=place_cookies_into_microwave
2026-09-19 15:35:26,920 | INFO | [t=1350] VLA chunk prompt=place_cookies_into_microwave
2026-09-19 15:35:27,194 | INFO | API VLM @t=1265 task=20 subtask=open_microwave keyframes=[]
2026-09-19 15:35:27,229 | INFO | [t=1360] VLA chunk prompt=place_cookies_into_microwave
2026-09-19 15:35:27,488 | INFO | [t=1370] VLM prompt update from step=1265: open_microwave
2026-09-19 15:35:27,539 | INFO | [t=1370] VLA chunk prompt=open_microwave
2026-09-19 15:35:27,847 | INFO | [t=1380] VLA chunk prompt=open_microwave
2026-09-19 15:35:28,155 | INFO | [t=1390] VLA chunk prompt=open_microwave
2026-09-19 15:35:28,462 | INFO | [t=1400] VLA chunk prompt=open_microwave
2026-09-19 15:35:28,769 | INFO | [t=1410] VLA chunk prompt=open_microwave
2026-09-19 15:35:29,075 | INFO | [t=1420] VLA chunk prompt=open_microwave
2026-09-19 15:35:29,381 | INFO | [t=1430] VLA chunk prompt=open_microwave
2026-09-19 15:35:29,691 | INFO | [t=1440] VLA chunk prompt=open_microwave
2026-09-19 15:35:30,002 | INFO | [t=1450] VLA chunk prompt=open_microwave
2026-09-19 15:35:30,310 | INFO | [t=1460] VLA chunk prompt=open_microwave
2026-09-19 15:35:30,401 | INFO | API VLM @t=1350 task=20 subtask=open_microwave keyframes=[]
2026-09-19 15:35:30,618 | INFO | [t=1470] VLA chunk prompt=open_microwave
2026-09-19 15:35:30,926 | INFO | [t=1480] VLA chunk prompt=open_microwave
2026-09-19 15:35:31,236 | INFO | [t=1490] VLA chunk prompt=open_microwave
2026-09-19 15:35:31,545 | INFO | [t=1500] VLA chunk prompt=open_microwave
2026-09-19 15:35:31,852 | INFO | [t=1510] VLA chunk prompt=open_microwave
2026-09-19 15:35:32,160 | INFO | [t=1520] VLA chunk prompt=open_microwave
2026-09-19 15:35:32,469 | INFO | [t=1530] VLA chunk prompt=open_microwave
2026-09-19 15:35:32,776 | INFO | [t=1540] VLA chunk prompt=open_microwave
2026-09-19 15:35:33,084 | INFO | [t=1550] VLA chunk prompt=open_microwave
2026-09-19 15:35:33,335 | INFO | API VLM @t=1450 task=20 subtask=open_microwave keyframes=[]
2026-09-19 15:35:33,393 | INFO | [t=1560] VLA chunk prompt=open_microwave
2026-09-19 15:35:33,703 | INFO | [t=1570] VLA chunk prompt=open_microwave
2026-09-19 15:35:34,014 | INFO | [t=1580] VLA chunk prompt=open_microwave
2026-09-19 15:35:34,325 | INFO | [t=1590] VLA chunk prompt=open_microwave
2026-09-19 15:35:34,641 | INFO | [t=1600] VLA chunk prompt=open_microwave
2026-09-19 15:35:34,954 | INFO | [t=1610] VLA chunk prompt=open_microwave
2026-09-19 15:35:35,266 | INFO | [t=1620] VLA chunk prompt=open_microwave
2026-09-19 15:35:35,577 | INFO | [t=1630] VLA chunk prompt=open_microwave
2026-09-19 15:35:35,896 | INFO | [t=1640] VLA chunk prompt=open_microwave
2026-09-19 15:35:35,998 | INFO | API VLM @t=1545 task=20 subtask=open_microwave keyframes=[]
2026-09-19 15:35:36,217 | INFO | [t=1650] VLA chunk prompt=open_microwave
2026-09-19 15:35:36,538 | INFO | [t=1660] VLA chunk prompt=open_microwave
2026-09-19 15:35:36,858 | INFO | [t=1670] VLA chunk prompt=open_microwave
2026-09-19 15:35:37,179 | INFO | [t=1680] VLA chunk prompt=open_microwave
2026-09-19 15:35:37,505 | INFO | [t=1690] VLA chunk prompt=open_microwave
2026-09-19 15:35:37,826 | INFO | [t=1700] VLA chunk prompt=open_microwave
2026-09-19 15:35:38,145 | INFO | [t=1710] VLA chunk prompt=open_microwave
2026-09-19 15:35:38,465 | INFO | [t=1720] VLA chunk prompt=open_microwave
2026-09-19 15:35:38,522 | INFO | API VLM @t=1630 task=20 subtask=open_microwave keyframes=[]
2026-09-19 15:35:38,791 | INFO | [t=1730] VLA chunk prompt=open_microwave
2026-09-19 15:35:39,113 | INFO | [t=1740] VLA chunk prompt=open_microwave
2026-09-19 15:35:39,433 | INFO | [t=1750] VLA chunk prompt=open_microwave
2026-09-19 15:35:39,759 | INFO | [t=1760] VLA chunk prompt=open_microwave
2026-09-19 15:35:40,083 | INFO | [t=1770] VLA chunk prompt=open_microwave
2026-09-19 15:35:40,403 | INFO | [t=1780] VLA chunk prompt=open_microwave
2026-09-19 15:35:40,721 | INFO | [t=1790] VLA chunk prompt=open_microwave
2026-09-19 15:35:40,940 | INFO | API VLM @t=1710 task=20 subtask=open_microwave keyframes=[]
2026-09-19 15:35:41,043 | INFO | [t=1800] VLA chunk prompt=open_microwave
2026-09-19 15:35:41,362 | INFO | [t=1810] VLA chunk prompt=open_microwave
2026-09-19 15:35:41,682 | INFO | [t=1820] VLA chunk prompt=open_microwave
2026-09-19 15:35:42,000 | INFO | [t=1830] VLA chunk prompt=open_microwave
2026-09-19 15:35:42,324 | INFO | [t=1840] VLA chunk prompt=open_microwave
2026-09-19 15:35:42,646 | INFO | [t=1850] VLA chunk prompt=open_microwave
2026-09-19 15:35:42,964 | INFO | [t=1860] VLA chunk prompt=open_microwave
2026-09-19 15:35:43,276 | INFO | [t=1870] VLA chunk prompt=open_microwave
2026-09-19 15:35:43,427 | INFO | API VLM @t=1785 task=20 subtask=open_microwave keyframes=[]
2026-09-19 15:35:43,585 | INFO | [t=1880] VLA chunk prompt=open_microwave
2026-09-19 15:35:43,892 | INFO | [t=1890] VLA chunk prompt=open_microwave
2026-09-19 15:35:44,206 | INFO | [t=1900] VLA chunk prompt=open_microwave
2026-09-19 15:35:44,520 | INFO | [t=1910] VLA chunk prompt=open_microwave
2026-09-19 15:35:44,826 | INFO | [t=1920] VLA chunk prompt=open_microwave
2026-09-19 15:35:45,140 | INFO | [t=1930] VLA chunk prompt=open_microwave
2026-09-19 15:35:45,455 | INFO | [t=1940] VLA chunk prompt=open_microwave
2026-09-19 15:35:45,775 | INFO | [t=1950] VLA chunk prompt=open_microwave
2026-09-19 15:35:46,107 | INFO | [t=1960] VLA chunk prompt=open_microwave
2026-09-19 15:35:46,431 | INFO | [t=1970] VLA chunk prompt=open_microwave
2026-09-19 15:35:46,671 | INFO | API VLM @t=1865 task=20 subtask=open_microwave keyframes=[]
2026-09-19 15:35:46,756 | INFO | [t=1980] VLA chunk prompt=open_microwave
2026-09-19 15:35:47,065 | INFO | [t=1990] VLA chunk prompt=open_microwave
2026-09-19 15:35:47,374 | INFO | [t=2000] VLA chunk prompt=open_microwave
2026-09-19 15:35:47,690 | INFO | [t=2010] VLA chunk prompt=open_microwave
2026-09-19 15:35:48,006 | INFO | [t=2020] VLA chunk prompt=open_microwave
2026-09-19 15:35:48,329 | INFO | [t=2030] VLA chunk prompt=open_microwave
2026-09-19 15:35:48,649 | INFO | [t=2040] VLA chunk prompt=open_microwave
2026-09-19 15:35:48,972 | INFO | [t=2050] VLA chunk prompt=open_microwave
2026-09-19 15:35:49,196 | INFO | API VLM @t=1965 task=20 subtask=open_microwave keyframes=[]
2026-09-19 15:35:49,297 | INFO | [t=2060] VLA chunk prompt=open_microwave
2026-09-19 15:35:49,618 | INFO | [t=2070] VLA chunk prompt=open_microwave
2026-09-19 15:35:49,937 | INFO | [t=2080] VLA chunk prompt=open_microwave
2026-09-19 15:35:50,256 | INFO | [t=2090] VLA chunk prompt=open_microwave
2026-09-19 15:35:50,580 | INFO | [t=2100] VLA chunk prompt=open_microwave
2026-09-19 15:35:50,907 | INFO | [t=2110] VLA chunk prompt=open_microwave
2026-09-19 15:35:51,264 | INFO | [t=2120] VLA chunk prompt=open_microwave
2026-09-19 15:35:51,578 | INFO | API VLM @t=2045 task=20 subtask=open_microwave keyframes=[]
2026-09-19 15:35:51,603 | INFO | [t=2130] VLA chunk prompt=open_microwave
2026-09-19 15:35:51,928 | INFO | [t=2140] VLA chunk prompt=open_microwave
2026-09-19 15:35:52,250 | INFO | [t=2150] VLA chunk prompt=open_microwave
2026-09-19 15:35:52,577 | INFO | [t=2160] VLA chunk prompt=open_microwave
2026-09-19 15:35:52,900 | INFO | [t=2170] VLA chunk prompt=open_microwave
2026-09-19 15:35:53,238 | INFO | [t=2180] VLA chunk prompt=open_microwave
2026-09-19 15:35:53,562 | INFO | [t=2190] VLA chunk prompt=open_microwave
2026-09-19 15:35:53,887 | INFO | [t=2200] VLA chunk prompt=open_microwave
2026-09-19 15:35:54,210 | INFO | [t=2210] VLA chunk prompt=open_microwave
2026-09-19 15:35:54,403 | INFO | API VLM @t=2120 task=20 subtask=open the microwave keyframes=[]
2026-09-19 15:35:54,486 | INFO | [t=2220] VLM prompt update from step=2120: open the microwave
2026-09-19 15:35:54,537 | INFO | [t=2220] VLA chunk prompt=open the microwave
2026-09-19 15:35:54,858 | INFO | [t=2230] VLA chunk prompt=open the microwave
2026-09-19 15:35:55,175 | INFO | [t=2240] VLA chunk prompt=open the microwave
2026-09-19 15:35:55,492 | INFO | [t=2250] VLA chunk prompt=open the microwave
2026-09-19 15:35:55,809 | INFO | [t=2260] VLA chunk prompt=open the microwave
2026-09-19 15:35:56,129 | INFO | [t=2270] VLA chunk prompt=open the microwave
2026-09-19 15:35:56,447 | INFO | [t=2280] VLA chunk prompt=open the microwave
2026-09-19 15:35:56,763 | INFO | [t=2290] VLA chunk prompt=open the microwave
2026-09-19 15:35:56,856 | INFO | API VLM @t=2205 task=20 subtask=open_microwave keyframes=[]
2026-09-19 15:35:57,026 | INFO | [t=2300] VLM prompt update from step=2205: open_microwave
2026-09-19 15:35:57,076 | INFO | [t=2300] VLA chunk prompt=open_microwave
2026-09-19 15:35:57,389 | INFO | [t=2310] VLA chunk prompt=open_microwave
2026-09-19 15:35:57,707 | INFO | [t=2320] VLA chunk prompt=open_microwave
2026-09-19 15:35:58,024 | INFO | [t=2330] VLA chunk prompt=open_microwave
2026-09-19 15:35:58,335 | INFO | [t=2340] VLA chunk prompt=open_microwave
2026-09-19 15:35:58,641 | INFO | [t=2350] VLA chunk prompt=open_microwave
2026-09-19 15:35:58,950 | INFO | [t=2360] VLA chunk prompt=open_microwave
2026-09-19 15:35:59,260 | INFO | [t=2370] VLA chunk prompt=open_microwave
2026-09-19 15:35:59,282 | INFO | API VLM @t=2280 task=20 subtask=open_microwave keyframes=[]
2026-09-19 15:35:59,572 | INFO | [t=2380] VLA chunk prompt=open_microwave
2026-09-19 15:35:59,883 | INFO | [t=2390] VLA chunk prompt=open_microwave
2026-09-19 15:36:00,219 | INFO | [t=2400] VLA chunk prompt=open_microwave
2026-09-19 15:36:00,537 | INFO | [t=2410] VLA chunk prompt=open_microwave
2026-09-19 15:36:00,848 | INFO | [t=2420] VLA chunk prompt=open_microwave
2026-09-19 15:36:01,159 | INFO | [t=2430] VLA chunk prompt=open_microwave
2026-09-19 15:36:01,470 | INFO | [t=2440] VLA chunk prompt=open_microwave
2026-09-19 15:36:01,781 | INFO | [t=2450] VLA chunk prompt=open_microwave
2026-09-19 15:36:01,886 | INFO | API VLM @t=2360 task=20 subtask=open_microwave keyframes=[]
2026-09-19 15:36:02,095 | INFO | [t=2460] VLA chunk prompt=open_microwave
2026-09-19 15:36:02,405 | INFO | [t=2470] VLA chunk prompt=open_microwave
2026-09-19 15:36:02,717 | INFO | [t=2480] VLA chunk prompt=open_microwave
2026-09-19 15:36:03,027 | INFO | [t=2490] VLA chunk prompt=open_microwave
2026-09-19 15:36:03,338 | INFO | [t=2500] VLA chunk prompt=open_microwave
2026-09-19 15:36:04,346 | INFO | API VLM @t=2440 task=20 subtask=open_microwave keyframes=[]
2026-09-19 15:36:04,372 | INFO | attempt=0 stage_score=66.7 stage_success=False failure_reason=incomplete_stage
2026-09-19 15:36:04,372 | INFO | Episode 3 seed=103 stage_score=66.7 stage_success=0 goal=0.667 failure_reason=incomplete_stage | 01_Open_Microwave=Y | 02_Place_Cookies_Microwave=Y | 03_Place_Chocolate_Microwave=N
