2026-09-18 13:30:41,536 | INFO | task_id=5 bddl=/project/peilab/why/RoboMemArena/bddl/5_butter_middle_drawer.bddl vlm_ckpt=/project/peilab/why/RoboMemArena/checkpoints/PrediMem/vlm_tasks1to26_ckpt74500
2026-09-18 13:30:43,564 | INFO | async VLM enabled: single-slot subtask buffer
2026-09-18 13:30:43,829 | INFO | [t=10] VLA chunk prompt=Open all drawers in order, remember the empty drawer, then put butter into that empty drawer.
2026-09-18 13:30:44,114 | INFO | [t=20] VLA chunk prompt=Open all drawers in order, remember the empty drawer, then put butter into that empty drawer.
2026-09-18 13:30:44,393 | INFO | [t=30] VLA chunk prompt=Open all drawers in order, remember the empty drawer, then put butter into that empty drawer.
2026-09-18 13:30:44,670 | INFO | [t=40] VLA chunk prompt=Open all drawers in order, remember the empty drawer, then put butter into that empty drawer.
2026-09-18 13:30:44,947 | INFO | [t=50] VLA chunk prompt=Open all drawers in order, remember the empty drawer, then put butter into that empty drawer.
2026-09-18 13:30:45,227 | INFO | [t=60] VLA chunk prompt=Open all drawers in order, remember the empty drawer, then put butter into that empty drawer.
2026-09-18 13:30:45,516 | INFO | [t=70] VLA chunk prompt=Open all drawers in order, remember the empty drawer, then put butter into that empty drawer.
2026-09-18 13:30:45,752 | INFO | [t=80] harness subtask override: open top drawer
2026-09-18 13:30:45,752 | INFO | [t=80] VLM prompt update from step=-1: open top drawer
2026-09-18 13:30:45,753 | INFO | [t=80] harness forced VLM replan after stall (pmh visual retrieve armed)
2026-09-18 13:30:45,803 | INFO | [t=80] VLA chunk prompt=open top drawer
2026-09-18 13:30:46,090 | INFO | [t=90] VLA chunk prompt=open top drawer
2026-09-18 13:30:46,385 | INFO | [t=100] VLA chunk prompt=open top drawer
2026-09-18 13:30:46,683 | INFO | [t=110] VLA chunk prompt=open top drawer
2026-09-18 13:30:46,983 | INFO | [t=120] VLA chunk prompt=open top drawer
2026-09-18 13:30:47,318 | INFO | [t=130] VLA chunk prompt=open top drawer
2026-09-18 13:30:47,656 | INFO | [t=140] VLA chunk prompt=open top drawer
2026-09-18 13:30:47,994 | INFO | [t=150] VLA chunk prompt=open top drawer
2026-09-18 13:30:48,335 | INFO | [t=160] VLA chunk prompt=open top drawer
2026-09-18 13:30:48,683 | INFO | [t=170] VLA chunk prompt=open top drawer
2026-09-18 13:30:49,031 | INFO | [t=180] VLA chunk prompt=open top drawer
2026-09-18 13:30:49,380 | INFO | [t=190] VLA chunk prompt=open top drawer
2026-09-18 13:30:49,732 | INFO | [t=200] VLA chunk prompt=open top drawer
2026-09-18 13:30:50,088 | INFO | [t=210] VLA chunk prompt=open top drawer
2026-09-18 13:30:50,456 | INFO | [t=220] VLA chunk prompt=open top drawer
2026-09-18 13:30:50,832 | INFO | [t=230] VLA chunk prompt=open top drawer
2026-09-18 13:30:51,206 | INFO | [t=240] VLA chunk prompt=open top drawer
2026-09-18 13:30:51,587 | INFO | [t=250] VLA chunk prompt=open top drawer
2026-09-18 13:30:51,970 | INFO | [t=260] VLA chunk prompt=open top drawer
2026-09-18 13:30:52,358 | INFO | [t=270] VLA chunk prompt=open top drawer
2026-09-18 13:30:52,748 | INFO | [t=280] VLA chunk prompt=open top drawer
2026-09-18 13:30:53,144 | INFO | [t=290] VLA chunk prompt=open top drawer
2026-09-18 13:30:53,541 | INFO | [t=300] VLA chunk prompt=open top drawer
2026-09-18 13:30:53,936 | INFO | [t=310] VLA chunk prompt=open top drawer
2026-09-18 13:30:54,319 | INFO | [t=320] VLA chunk prompt=open top drawer
2026-09-18 13:30:54,697 | INFO | [t=330] VLA chunk prompt=open top drawer
2026-09-18 13:30:55,072 | INFO | [t=340] VLA chunk prompt=open top drawer
2026-09-18 13:30:55,446 | INFO | [t=350] VLA chunk prompt=open top drawer
2026-09-18 13:30:55,818 | INFO | [t=360] VLA chunk prompt=open top drawer
2026-09-18 13:30:56,191 | INFO | [t=370] VLA chunk prompt=open top drawer
2026-09-18 13:30:56,563 | INFO | [t=380] VLA chunk prompt=open top drawer
2026-09-18 13:30:56,933 | INFO | [t=390] VLA chunk prompt=open top drawer
2026-09-18 13:30:57,300 | INFO | [t=400] VLA chunk prompt=open top drawer
2026-09-18 13:30:57,668 | INFO | [t=410] VLA chunk prompt=open top drawer
2026-09-18 13:30:58,042 | INFO | [t=420] VLA chunk prompt=open top drawer
2026-09-18 13:30:58,418 | INFO | [t=430] VLA chunk prompt=open top drawer
2026-09-18 13:30:58,797 | INFO | [t=440] VLA chunk prompt=open top drawer
2026-09-18 13:30:59,173 | INFO | [t=450] VLA chunk prompt=open top drawer
2026-09-18 13:30:59,550 | INFO | [t=460] VLA chunk prompt=open top drawer
2026-09-18 13:30:59,930 | INFO | [t=470] VLA chunk prompt=open top drawer
2026-09-18 13:31:00,310 | INFO | [t=480] VLA chunk prompt=open top drawer
2026-09-18 13:31:00,697 | INFO | [t=490] VLA chunk prompt=open top drawer
2026-09-18 13:31:01,088 | INFO | [t=500] VLA chunk prompt=open top drawer
2026-09-18 13:31:01,485 | INFO | [t=510] VLA chunk prompt=open top drawer
2026-09-18 13:31:01,875 | INFO | [t=520] VLA chunk prompt=open top drawer
2026-09-18 13:31:02,268 | INFO | [t=530] VLA chunk prompt=open top drawer
2026-09-18 13:31:02,661 | INFO | [t=540] VLA chunk prompt=open top drawer
2026-09-18 13:31:03,047 | INFO | [t=550] VLA chunk prompt=open top drawer
2026-09-18 13:31:03,440 | INFO | [t=560] VLA chunk prompt=open top drawer
2026-09-18 13:31:03,838 | INFO | [t=570] VLA chunk prompt=open top drawer
2026-09-18 13:31:04,219 | INFO | [t=580] VLA chunk prompt=open top drawer
2026-09-18 13:31:04,589 | INFO | [t=590] VLA chunk prompt=open top drawer
2026-09-18 13:31:04,959 | INFO | [t=600] VLA chunk prompt=open top drawer
2026-09-18 13:31:05,330 | INFO | [t=610] VLA chunk prompt=open top drawer
2026-09-18 13:31:05,701 | INFO | [t=620] VLA chunk prompt=open top drawer
2026-09-18 13:31:06,072 | INFO | [t=630] VLA chunk prompt=open top drawer
2026-09-18 13:31:06,444 | INFO | [t=640] VLA chunk prompt=open top drawer
2026-09-18 13:31:06,812 | INFO | [t=650] VLA chunk prompt=open top drawer
2026-09-18 13:31:07,178 | INFO | [t=660] VLA chunk prompt=open top drawer
2026-09-18 13:31:07,543 | INFO | [t=670] VLA chunk prompt=open top drawer
2026-09-18 13:31:07,907 | INFO | [t=680] VLA chunk prompt=open top drawer
2026-09-18 13:31:08,264 | INFO | [t=690] VLA chunk prompt=open top drawer
2026-09-18 13:31:08,623 | INFO | [t=700] VLA chunk prompt=open top drawer
2026-09-18 13:31:08,981 | INFO | [t=710] VLA chunk prompt=open top drawer
2026-09-18 13:31:09,335 | INFO | [t=720] VLA chunk prompt=open top drawer
2026-09-18 13:31:09,694 | INFO | [t=730] VLA chunk prompt=open top drawer
2026-09-18 13:31:10,063 | INFO | [t=740] VLA chunk prompt=open top drawer
2026-09-18 13:31:10,437 | INFO | [t=750] VLA chunk prompt=open top drawer
2026-09-18 13:31:10,824 | INFO | [t=760] VLA chunk prompt=open top drawer
2026-09-18 13:31:11,210 | INFO | [t=770] VLA chunk prompt=open top drawer
2026-09-18 13:31:11,598 | INFO | [t=780] VLA chunk prompt=open top drawer
2026-09-18 13:31:11,981 | INFO | [t=790] VLA chunk prompt=open top drawer
2026-09-18 13:31:12,363 | INFO | [t=800] VLA chunk prompt=open top drawer
2026-09-18 13:31:12,745 | INFO | [t=810] VLA chunk prompt=open top drawer
2026-09-18 13:31:13,129 | INFO | [t=820] VLA chunk prompt=open top drawer
2026-09-18 13:31:13,231 | INFO | API VLM @t=0 task=5 subtask=open top drawer keyframes=[]
2026-09-18 13:31:13,518 | INFO | [t=830] VLA chunk prompt=open top drawer
2026-09-18 13:31:13,909 | INFO | [t=840] VLA chunk prompt=open top drawer
2026-09-18 13:31:14,296 | INFO | [t=850] VLA chunk prompt=open top drawer
2026-09-18 13:31:14,679 | INFO | [t=860] VLA chunk prompt=open top drawer
2026-09-18 13:31:15,061 | INFO | [t=870] VLA chunk prompt=open top drawer
2026-09-18 13:31:15,444 | INFO | [t=880] VLA chunk prompt=open top drawer
2026-09-18 13:31:15,829 | INFO | [t=890] VLA chunk prompt=open top drawer
2026-09-18 13:31:16,212 | INFO | [t=900] VLA chunk prompt=open top drawer
2026-09-18 13:31:16,595 | INFO | [t=910] VLA chunk prompt=open top drawer
2026-09-18 13:31:16,978 | INFO | [t=920] VLA chunk prompt=open top drawer
2026-09-18 13:31:17,363 | INFO | [t=930] VLA chunk prompt=open top drawer
2026-09-18 13:31:17,751 | INFO | [t=940] VLA chunk prompt=open top drawer
2026-09-18 13:31:18,135 | INFO | [t=950] VLA chunk prompt=open top drawer
2026-09-18 13:31:18,520 | INFO | [t=960] VLA chunk prompt=open top drawer
2026-09-18 13:31:18,906 | INFO | [t=970] VLA chunk prompt=open top drawer
2026-09-18 13:31:19,293 | INFO | [t=980] VLA chunk prompt=open top drawer
2026-09-18 13:31:19,680 | INFO | [t=990] VLA chunk prompt=open top drawer
2026-09-18 13:31:20,062 | INFO | [t=1000] VLA chunk prompt=open top drawer
2026-09-18 13:31:20,450 | INFO | [t=1010] VLA chunk prompt=open top drawer
2026-09-18 13:31:20,841 | INFO | [t=1020] VLA chunk prompt=open top drawer
2026-09-18 13:31:21,223 | INFO | [t=1030] VLA chunk prompt=open top drawer
2026-09-18 13:31:21,607 | INFO | [t=1040] VLA chunk prompt=open top drawer
2026-09-18 13:31:21,996 | INFO | [t=1050] VLA chunk prompt=open top drawer
2026-09-18 13:31:22,381 | INFO | [t=1060] VLA chunk prompt=open top drawer
2026-09-18 13:31:22,767 | INFO | [t=1070] VLA chunk prompt=open top drawer
2026-09-18 13:31:23,157 | INFO | [t=1080] VLA chunk prompt=open top drawer
2026-09-18 13:31:23,549 | INFO | [t=1090] VLA chunk prompt=open top drawer
2026-09-18 13:31:23,941 | INFO | [t=1100] VLA chunk prompt=open top drawer
2026-09-18 13:31:24,331 | INFO | [t=1110] VLA chunk prompt=open top drawer
2026-09-18 13:31:24,715 | INFO | [t=1120] VLA chunk prompt=open top drawer
2026-09-18 13:31:25,100 | INFO | [t=1130] VLA chunk prompt=open top drawer
2026-09-18 13:31:25,485 | INFO | [t=1140] VLA chunk prompt=open top drawer
2026-09-18 13:31:25,868 | INFO | [t=1150] VLA chunk prompt=open top drawer
2026-09-18 13:31:26,252 | INFO | [t=1160] VLA chunk prompt=open top drawer
2026-09-18 13:31:26,640 | INFO | [t=1170] VLA chunk prompt=open top drawer
2026-09-18 13:31:27,019 | INFO | [t=1180] VLA chunk prompt=open top drawer
2026-09-18 13:31:27,395 | INFO | [t=1190] VLA chunk prompt=open top drawer
2026-09-18 13:31:27,771 | INFO | [t=1200] VLA chunk prompt=open top drawer
2026-09-18 13:31:28,161 | INFO | [t=1210] VLA chunk prompt=open top drawer
2026-09-18 13:31:28,536 | INFO | [t=1220] VLA chunk prompt=open top drawer
2026-09-18 13:31:28,911 | INFO | [t=1230] VLA chunk prompt=open top drawer
2026-09-18 13:31:29,290 | INFO | [t=1240] VLA chunk prompt=open top drawer
2026-09-18 13:31:29,671 | INFO | [t=1250] VLA chunk prompt=open top drawer
2026-09-18 13:31:30,054 | INFO | [t=1260] VLA chunk prompt=open top drawer
2026-09-18 13:31:30,438 | INFO | [t=1270] VLA chunk prompt=open top drawer
2026-09-18 13:31:30,828 | INFO | [t=1280] VLA chunk prompt=open top drawer
2026-09-18 13:31:31,216 | INFO | [t=1290] VLA chunk prompt=open top drawer
2026-09-18 13:31:31,601 | INFO | [t=1300] VLA chunk prompt=open top drawer
2026-09-18 13:31:31,985 | INFO | [t=1310] VLA chunk prompt=open top drawer
2026-09-18 13:31:32,370 | INFO | [t=1320] VLA chunk prompt=open top drawer
2026-09-18 13:31:32,754 | INFO | [t=1330] VLA chunk prompt=open top drawer
2026-09-18 13:31:33,138 | INFO | [t=1340] VLA chunk prompt=open top drawer
2026-09-18 13:31:33,524 | INFO | [t=1350] VLA chunk prompt=open top drawer
2026-09-18 13:31:33,908 | INFO | [t=1360] VLA chunk prompt=open top drawer
2026-09-18 13:31:34,291 | INFO | [t=1370] VLA chunk prompt=open top drawer
2026-09-18 13:31:34,673 | INFO | [t=1380] VLA chunk prompt=open top drawer
2026-09-18 13:31:35,055 | INFO | [t=1390] VLA chunk prompt=open top drawer
2026-09-18 13:31:35,108 | WARNING | API planner returned empty response at step=2185
2026-09-18 13:31:35,439 | INFO | [t=1400] VLA chunk prompt=open top drawer
2026-09-18 13:31:35,821 | INFO | [t=1410] VLA chunk prompt=open top drawer
2026-09-18 13:31:36,202 | INFO | [t=1420] VLA chunk prompt=open top drawer
2026-09-18 13:31:36,583 | INFO | [t=1430] VLA chunk prompt=open top drawer
2026-09-18 13:31:36,967 | INFO | [t=1440] VLA chunk prompt=open top drawer
2026-09-18 13:31:37,359 | INFO | [t=1450] VLA chunk prompt=open top drawer
2026-09-18 13:31:37,755 | INFO | [t=1460] VLA chunk prompt=open top drawer
2026-09-18 13:31:38,145 | INFO | [t=1470] VLA chunk prompt=open top drawer
2026-09-18 13:31:38,529 | INFO | [t=1480] VLA chunk prompt=open top drawer
2026-09-18 13:31:38,915 | INFO | [t=1490] VLA chunk prompt=open top drawer
2026-09-18 13:31:39,303 | INFO | [t=1500] VLA chunk prompt=open top drawer
2026-09-18 13:31:39,688 | INFO | [t=1510] VLA chunk prompt=open top drawer
2026-09-18 13:31:40,075 | INFO | [t=1520] VLA chunk prompt=open top drawer
2026-09-18 13:31:40,460 | INFO | [t=1530] VLA chunk prompt=open top drawer
2026-09-18 13:31:40,844 | INFO | [t=1540] VLA chunk prompt=open top drawer
2026-09-18 13:31:41,228 | INFO | [t=1550] VLA chunk prompt=open top drawer
2026-09-18 13:31:41,614 | INFO | [t=1560] VLA chunk prompt=open top drawer
2026-09-18 13:31:42,003 | INFO | [t=1570] VLA chunk prompt=open top drawer
2026-09-18 13:31:42,392 | INFO | [t=1580] VLA chunk prompt=open top drawer
2026-09-18 13:31:42,778 | INFO | [t=1590] VLA chunk prompt=open top drawer
2026-09-18 13:31:43,162 | INFO | [t=1600] VLA chunk prompt=open top drawer
2026-09-18 13:31:43,547 | INFO | [t=1610] VLA chunk prompt=open top drawer
2026-09-18 13:31:43,934 | INFO | [t=1620] VLA chunk prompt=open top drawer
2026-09-18 13:31:44,319 | INFO | [t=1630] VLA chunk prompt=open top drawer
2026-09-18 13:31:44,703 | INFO | [t=1640] VLA chunk prompt=open top drawer
2026-09-18 13:31:45,083 | INFO | [t=1650] VLA chunk prompt=open top drawer
2026-09-18 13:31:45,459 | INFO | [t=1660] VLA chunk prompt=open top drawer
2026-09-18 13:31:45,836 | INFO | [t=1670] VLA chunk prompt=open top drawer
2026-09-18 13:31:46,214 | INFO | [t=1680] VLA chunk prompt=open top drawer
2026-09-18 13:31:46,591 | INFO | [t=1690] VLA chunk prompt=open top drawer
2026-09-18 13:31:46,971 | INFO | [t=1700] VLA chunk prompt=open top drawer
2026-09-18 13:31:47,354 | INFO | [t=1710] VLA chunk prompt=open top drawer
2026-09-18 13:31:47,742 | INFO | [t=1720] VLA chunk prompt=open top drawer
2026-09-18 13:31:48,130 | INFO | [t=1730] VLA chunk prompt=open top drawer
2026-09-18 13:31:48,518 | INFO | [t=1740] VLA chunk prompt=open top drawer
2026-09-18 13:31:48,903 | INFO | [t=1750] VLA chunk prompt=open top drawer
2026-09-18 13:31:49,290 | INFO | [t=1760] VLA chunk prompt=open top drawer
2026-09-18 13:31:49,680 | INFO | [t=1770] VLA chunk prompt=open top drawer
2026-09-18 13:31:50,065 | INFO | [t=1780] VLA chunk prompt=open top drawer
2026-09-18 13:31:50,453 | INFO | [t=1790] VLA chunk prompt=open top drawer
2026-09-18 13:31:50,839 | INFO | [t=1800] VLA chunk prompt=open top drawer
2026-09-18 13:31:51,223 | INFO | [t=1810] VLA chunk prompt=open top drawer
2026-09-18 13:31:51,610 | INFO | [t=1820] VLA chunk prompt=open top drawer
2026-09-18 13:31:51,990 | INFO | [t=1830] VLA chunk prompt=open top drawer
2026-09-18 13:31:52,370 | INFO | [t=1840] VLA chunk prompt=open top drawer
2026-09-18 13:31:52,750 | INFO | [t=1850] VLA chunk prompt=open top drawer
2026-09-18 13:31:53,128 | INFO | [t=1860] VLA chunk prompt=open top drawer
2026-09-18 13:31:53,509 | INFO | [t=1870] VLA chunk prompt=open top drawer
2026-09-18 13:31:53,890 | INFO | [t=1880] VLA chunk prompt=open top drawer
2026-09-18 13:31:54,271 | INFO | [t=1890] VLA chunk prompt=open top drawer
2026-09-18 13:31:54,653 | INFO | [t=1900] VLA chunk prompt=open top drawer
2026-09-18 13:31:55,035 | INFO | [t=1910] VLA chunk prompt=open top drawer
2026-09-18 13:31:55,426 | INFO | [t=1920] VLA chunk prompt=open top drawer
2026-09-18 13:31:55,813 | INFO | [t=1930] VLA chunk prompt=open top drawer
2026-09-18 13:31:56,202 | INFO | [t=1940] VLA chunk prompt=open top drawer
2026-09-18 13:31:56,592 | INFO | [t=1950] VLA chunk prompt=open top drawer
2026-09-18 13:31:56,982 | INFO | [t=1960] VLA chunk prompt=open top drawer
2026-09-18 13:31:57,367 | INFO | [t=1970] VLA chunk prompt=open top drawer
2026-09-18 13:31:57,750 | INFO | [t=1980] VLA chunk prompt=open top drawer
2026-09-18 13:31:58,133 | INFO | [t=1990] VLA chunk prompt=open top drawer
2026-09-18 13:31:58,517 | INFO | [t=2000] VLA chunk prompt=open top drawer
2026-09-18 13:31:58,901 | INFO | [t=2010] VLA chunk prompt=open top drawer
2026-09-18 13:31:59,284 | INFO | [t=2020] VLA chunk prompt=open top drawer
2026-09-18 13:31:59,671 | INFO | [t=2030] VLA chunk prompt=open top drawer
2026-09-18 13:32:00,059 | INFO | [t=2040] VLA chunk prompt=open top drawer
2026-09-18 13:32:00,444 | INFO | [t=2050] VLA chunk prompt=open top drawer
2026-09-18 13:32:00,827 | INFO | [t=2060] VLA chunk prompt=open top drawer
2026-09-18 13:32:01,209 | INFO | [t=2070] VLA chunk prompt=open top drawer
2026-09-18 13:32:01,597 | INFO | [t=2080] VLA chunk prompt=open top drawer
2026-09-18 13:32:01,983 | INFO | [t=2090] VLA chunk prompt=open top drawer
2026-09-18 13:32:02,367 | INFO | [t=2100] VLA chunk prompt=open top drawer
2026-09-18 13:32:02,753 | INFO | [t=2110] VLA chunk prompt=open top drawer
2026-09-18 13:32:03,137 | INFO | [t=2120] VLA chunk prompt=open top drawer
2026-09-18 13:32:03,519 | INFO | [t=2130] VLA chunk prompt=open top drawer
2026-09-18 13:32:03,899 | INFO | [t=2140] VLA chunk prompt=open top drawer
2026-09-18 13:32:04,280 | INFO | [t=2150] VLA chunk prompt=open top drawer
2026-09-18 13:32:04,661 | INFO | [t=2160] VLA chunk prompt=open top drawer
2026-09-18 13:32:05,045 | INFO | [t=2170] VLA chunk prompt=open top drawer
2026-09-18 13:32:05,435 | INFO | [t=2180] VLA chunk prompt=open top drawer
2026-09-18 13:32:05,654 | INFO | API VLM @t=810 task=5 subtask=open top drawer keyframes=[]
2026-09-18 13:32:05,821 | INFO | [t=2190] VLA chunk prompt=open top drawer
2026-09-18 13:32:06,210 | INFO | [t=2200] VLA chunk prompt=open top drawer
2026-09-18 13:32:06,596 | INFO | [t=2210] VLA chunk prompt=open top drawer
2026-09-18 13:32:06,977 | INFO | [t=2220] VLA chunk prompt=open top drawer
2026-09-18 13:32:07,359 | INFO | [t=2230] VLA chunk prompt=open top drawer
2026-09-18 13:32:07,740 | INFO | [t=2240] VLA chunk prompt=open top drawer
2026-09-18 13:32:08,123 | INFO | [t=2250] VLA chunk prompt=open top drawer
2026-09-18 13:32:08,505 | INFO | [t=2260] VLA chunk prompt=open top drawer
2026-09-18 13:32:08,890 | INFO | [t=2270] VLA chunk prompt=open top drawer
2026-09-18 13:32:09,274 | INFO | [t=2280] VLA chunk prompt=open top drawer
2026-09-18 13:32:09,653 | INFO | [t=2290] VLA chunk prompt=open top drawer
2026-09-18 13:32:10,028 | INFO | [t=2300] VLA chunk prompt=open top drawer
2026-09-18 13:32:10,406 | INFO | [t=2310] VLA chunk prompt=open top drawer
2026-09-18 13:32:10,784 | INFO | [t=2320] VLA chunk prompt=open top drawer
2026-09-18 13:32:11,159 | INFO | [t=2330] VLA chunk prompt=open top drawer
2026-09-18 13:32:11,544 | INFO | [t=2340] VLA chunk prompt=open top drawer
2026-09-18 13:32:11,926 | INFO | [t=2350] VLA chunk prompt=open top drawer
2026-09-18 13:32:12,304 | INFO | [t=2360] VLA chunk prompt=open top drawer
2026-09-18 13:32:12,680 | INFO | [t=2370] VLA chunk prompt=open top drawer
2026-09-18 13:32:13,055 | INFO | [t=2380] VLA chunk prompt=open top drawer
2026-09-18 13:32:13,431 | INFO | [t=2390] VLA chunk prompt=open top drawer
2026-09-18 13:32:13,805 | INFO | [t=2400] VLA chunk prompt=open top drawer
2026-09-18 13:32:14,180 | INFO | [t=2410] VLA chunk prompt=open top drawer
2026-09-18 13:32:14,557 | INFO | [t=2420] VLA chunk prompt=open top drawer
2026-09-18 13:32:14,939 | INFO | [t=2430] VLA chunk prompt=open top drawer
2026-09-18 13:32:15,316 | INFO | [t=2440] VLA chunk prompt=open top drawer
2026-09-18 13:32:15,692 | INFO | [t=2450] VLA chunk prompt=open top drawer
2026-09-18 13:32:16,071 | INFO | [t=2460] VLA chunk prompt=open top drawer
2026-09-18 13:32:16,453 | INFO | [t=2470] VLA chunk prompt=open top drawer
2026-09-18 13:32:16,828 | INFO | [t=2480] VLA chunk prompt=open top drawer
2026-09-18 13:32:17,205 | INFO | [t=2490] VLA chunk prompt=open top drawer
2026-09-18 13:32:17,587 | INFO | [t=2500] VLA chunk prompt=open top drawer
2026-09-18 13:32:20,950 | INFO | attempt=0 stage_score=0.0 stage_success=False failure_reason=incomplete_stage
2026-09-18 13:32:23,030 | INFO | harness release_gripper after env.reset (attempt=1)
2026-09-18 13:32:23,031 | INFO | async VLM enabled: single-slot subtask buffer
2026-09-18 13:32:23,297 | INFO | [t=10] VLA chunk prompt=Open all drawers in order, remember the empty drawer, then put butter into that empty drawer.
2026-09-18 13:32:23,580 | INFO | [t=20] VLA chunk prompt=Open all drawers in order, remember the empty drawer, then put butter into that empty drawer.
2026-09-18 13:32:23,860 | INFO | [t=30] VLA chunk prompt=Open all drawers in order, remember the empty drawer, then put butter into that empty drawer.
2026-09-18 13:32:24,140 | INFO | [t=40] VLA chunk prompt=Open all drawers in order, remember the empty drawer, then put butter into that empty drawer.
2026-09-18 13:32:24,418 | INFO | [t=50] VLA chunk prompt=Open all drawers in order, remember the empty drawer, then put butter into that empty drawer.
2026-09-18 13:32:24,697 | INFO | [t=60] VLA chunk prompt=Open all drawers in order, remember the empty drawer, then put butter into that empty drawer.
2026-09-18 13:32:24,984 | INFO | [t=70] VLA chunk prompt=Open all drawers in order, remember the empty drawer, then put butter into that empty drawer.
2026-09-18 13:32:25,231 | INFO | [t=80] harness subtask override: open top drawer
2026-09-18 13:32:25,231 | INFO | [t=80] VLM prompt update from step=-1: open top drawer
2026-09-18 13:32:25,231 | INFO | [t=80] harness forced VLM replan after stall (pmh visual retrieve armed)
2026-09-18 13:32:25,282 | INFO | [t=80] VLA chunk prompt=open top drawer
2026-09-18 13:32:25,576 | INFO | [t=90] VLA chunk prompt=open top drawer
2026-09-18 13:32:25,870 | INFO | [t=100] VLA chunk prompt=open top drawer
2026-09-18 13:32:26,172 | INFO | [t=110] VLA chunk prompt=open top drawer
2026-09-18 13:32:26,496 | INFO | [t=120] VLA chunk prompt=open top drawer
2026-09-18 13:32:26,825 | INFO | [t=130] VLA chunk prompt=open top drawer
2026-09-18 13:32:27,159 | INFO | [t=140] VLA chunk prompt=open top drawer
2026-09-18 13:32:27,498 | INFO | [t=150] VLA chunk prompt=open top drawer
2026-09-18 13:32:27,841 | INFO | [t=160] VLA chunk prompt=open top drawer
2026-09-18 13:32:28,189 | INFO | [t=170] VLA chunk prompt=open top drawer
2026-09-18 13:32:28,541 | INFO | [t=180] VLA chunk prompt=open top drawer
2026-09-18 13:32:28,899 | INFO | [t=190] VLA chunk prompt=open top drawer
2026-09-18 13:32:29,275 | INFO | [t=200] VLA chunk prompt=open top drawer
2026-09-18 13:32:29,646 | INFO | [t=210] VLA chunk prompt=open top drawer
2026-09-18 13:32:30,031 | INFO | [t=220] VLA chunk prompt=open top drawer
2026-09-18 13:32:30,414 | INFO | [t=230] VLA chunk prompt=open top drawer
2026-09-18 13:32:30,800 | INFO | [t=240] VLA chunk prompt=open top drawer
2026-09-18 13:32:31,191 | INFO | [t=250] VLA chunk prompt=open top drawer
2026-09-18 13:32:31,591 | INFO | [t=260] VLA chunk prompt=open top drawer
2026-09-18 13:32:31,998 | INFO | [t=270] VLA chunk prompt=open top drawer
2026-09-18 13:32:32,402 | INFO | [t=280] VLA chunk prompt=open top drawer
2026-09-18 13:32:32,799 | INFO | [t=290] VLA chunk prompt=open top drawer
2026-09-18 13:32:33,191 | INFO | [t=300] VLA chunk prompt=open top drawer
2026-09-18 13:32:33,585 | INFO | [t=310] VLA chunk prompt=open top drawer
2026-09-18 13:32:33,978 | INFO | [t=320] VLA chunk prompt=open top drawer
2026-09-18 13:32:34,365 | INFO | [t=330] VLA chunk prompt=open top drawer
2026-09-18 13:32:34,757 | INFO | [t=340] VLA chunk prompt=open top drawer
2026-09-18 13:32:35,150 | INFO | [t=350] VLA chunk prompt=open top drawer
2026-09-18 13:32:35,388 | INFO | API VLM @t=2175 task=5 subtask=open top drawer keyframes=[]
2026-09-18 13:32:35,536 | INFO | [t=360] VLA chunk prompt=open top drawer
2026-09-18 13:32:35,917 | INFO | [t=370] VLA chunk prompt=open top drawer
2026-09-18 13:32:36,295 | INFO | [t=380] VLA chunk prompt=open top drawer
2026-09-18 13:32:36,675 | INFO | [t=390] VLA chunk prompt=open top drawer
2026-09-18 13:32:37,058 | INFO | [t=400] VLA chunk prompt=open top drawer
2026-09-18 13:32:37,439 | INFO | [t=410] VLA chunk prompt=open top drawer
2026-09-18 13:32:37,821 | INFO | [t=420] VLA chunk prompt=open top drawer
2026-09-18 13:32:38,198 | INFO | [t=430] VLA chunk prompt=open top drawer
2026-09-18 13:32:38,575 | INFO | [t=440] VLA chunk prompt=open top drawer
2026-09-18 13:32:38,952 | INFO | [t=450] VLA chunk prompt=open top drawer
2026-09-18 13:32:39,332 | INFO | [t=460] VLA chunk prompt=open top drawer
2026-09-18 13:32:39,722 | INFO | [t=470] VLA chunk prompt=open top drawer
2026-09-18 13:32:40,112 | INFO | [t=480] VLA chunk prompt=open top drawer
2026-09-18 13:32:40,499 | INFO | [t=490] VLA chunk prompt=open top drawer
2026-09-18 13:32:40,885 | INFO | [t=500] VLA chunk prompt=open top drawer
2026-09-18 13:32:41,274 | INFO | [t=510] VLA chunk prompt=open top drawer
2026-09-18 13:32:41,668 | INFO | [t=520] VLA chunk prompt=open top drawer
2026-09-18 13:32:42,055 | INFO | [t=530] VLA chunk prompt=open top drawer
2026-09-18 13:32:42,445 | INFO | [t=540] VLA chunk prompt=open top drawer
2026-09-18 13:32:42,835 | INFO | [t=550] VLA chunk prompt=open top drawer
2026-09-18 13:32:43,223 | INFO | [t=560] VLA chunk prompt=open top drawer
2026-09-18 13:32:43,612 | INFO | [t=570] VLA chunk prompt=open top drawer
2026-09-18 13:32:43,999 | INFO | [t=580] VLA chunk prompt=open top drawer
2026-09-18 13:32:44,385 | INFO | [t=590] VLA chunk prompt=open top drawer
2026-09-18 13:32:44,768 | INFO | [t=600] VLA chunk prompt=open top drawer
2026-09-18 13:32:45,151 | INFO | [t=610] VLA chunk prompt=open top drawer
2026-09-18 13:32:45,533 | INFO | [t=620] VLA chunk prompt=open top drawer
2026-09-18 13:32:45,929 | INFO | [t=630] VLA chunk prompt=open top drawer
2026-09-18 13:32:46,326 | INFO | [t=640] VLA chunk prompt=open top drawer
2026-09-18 13:32:46,716 | INFO | [t=650] VLA chunk prompt=open top drawer
2026-09-18 13:32:47,105 | INFO | [t=660] VLA chunk prompt=open top drawer
2026-09-18 13:32:47,491 | INFO | [t=670] VLA chunk prompt=open top drawer
2026-09-18 13:32:47,872 | INFO | [t=680] VLA chunk prompt=open top drawer
2026-09-18 13:32:48,253 | INFO | [t=690] VLA chunk prompt=open top drawer
2026-09-18 13:32:48,635 | INFO | [t=700] VLA chunk prompt=open top drawer
2026-09-18 13:32:49,019 | INFO | [t=710] VLA chunk prompt=open top drawer
2026-09-18 13:32:49,405 | INFO | [t=720] VLA chunk prompt=open top drawer
2026-09-18 13:32:49,793 | INFO | [t=730] VLA chunk prompt=open top drawer
2026-09-18 13:32:50,181 | INFO | [t=740] VLA chunk prompt=open top drawer
2026-09-18 13:32:50,571 | INFO | [t=750] VLA chunk prompt=open top drawer
2026-09-18 13:32:50,965 | INFO | [t=760] VLA chunk prompt=open top drawer
2026-09-18 13:32:51,359 | INFO | [t=770] VLA chunk prompt=open top drawer
2026-09-18 13:32:51,751 | INFO | [t=780] VLA chunk prompt=open top drawer
2026-09-18 13:32:52,137 | INFO | [t=790] VLA chunk prompt=open top drawer
2026-09-18 13:32:52,519 | INFO | [t=800] VLA chunk prompt=open top drawer
2026-09-18 13:32:52,902 | INFO | [t=810] VLA chunk prompt=open top drawer
2026-09-18 13:32:53,284 | INFO | [t=820] VLA chunk prompt=open top drawer
2026-09-18 13:32:53,666 | INFO | [t=830] VLA chunk prompt=open top drawer
2026-09-18 13:32:54,049 | INFO | [t=840] VLA chunk prompt=open top drawer
2026-09-18 13:32:54,438 | INFO | [t=850] VLA chunk prompt=open top drawer
2026-09-18 13:32:54,823 | INFO | [t=860] VLA chunk prompt=open top drawer
2026-09-18 13:32:55,207 | INFO | [t=870] VLA chunk prompt=open top drawer
2026-09-18 13:32:55,594 | INFO | [t=880] VLA chunk prompt=open top drawer
2026-09-18 13:32:55,978 | INFO | [t=890] VLA chunk prompt=open top drawer
2026-09-18 13:32:56,363 | INFO | [t=900] VLA chunk prompt=open top drawer
2026-09-18 13:32:56,746 | INFO | [t=910] VLA chunk prompt=open top drawer
2026-09-18 13:32:57,133 | INFO | [t=920] VLA chunk prompt=open top drawer
2026-09-18 13:32:57,515 | INFO | [t=930] VLA chunk prompt=open top drawer
2026-09-18 13:32:57,900 | INFO | [t=940] VLA chunk prompt=open top drawer
2026-09-18 13:32:58,284 | INFO | [t=950] VLA chunk prompt=open top drawer
2026-09-18 13:32:58,670 | INFO | [t=960] VLA chunk prompt=open top drawer
2026-09-18 13:32:59,051 | INFO | [t=970] VLA chunk prompt=open top drawer
2026-09-18 13:32:59,431 | INFO | [t=980] VLA chunk prompt=open top drawer
2026-09-18 13:32:59,579 | INFO | API VLM @t=0 task=5 subtask=open top drawer keyframes=[]
2026-09-18 13:32:59,812 | INFO | [t=990] VLA chunk prompt=open top drawer
2026-09-18 13:33:00,195 | INFO | [t=1000] VLA chunk prompt=open top drawer
2026-09-18 13:33:00,579 | INFO | [t=1010] VLA chunk prompt=open top drawer
2026-09-18 13:33:00,968 | INFO | [t=1020] VLA chunk prompt=open top drawer
2026-09-18 13:33:01,357 | INFO | [t=1030] VLA chunk prompt=open top drawer
2026-09-18 13:33:01,748 | INFO | [t=1040] VLA chunk prompt=open top drawer
2026-09-18 13:33:02,136 | INFO | [t=1050] VLA chunk prompt=open top drawer
2026-09-18 13:33:02,526 | INFO | [t=1060] VLA chunk prompt=open top drawer
2026-09-18 13:33:02,910 | INFO | [t=1070] VLA chunk prompt=open top drawer
2026-09-18 13:33:03,296 | INFO | [t=1080] VLA chunk prompt=open top drawer
2026-09-18 13:33:03,691 | INFO | [t=1090] VLA chunk prompt=open top drawer
2026-09-18 13:33:04,077 | INFO | [t=1100] VLA chunk prompt=open top drawer
2026-09-18 13:33:04,454 | INFO | [t=1110] VLA chunk prompt=open top drawer
2026-09-18 13:33:04,827 | INFO | [t=1120] VLA chunk prompt=open top drawer
2026-09-18 13:33:05,200 | INFO | [t=1130] VLA chunk prompt=open top drawer
2026-09-18 13:33:05,575 | INFO | [t=1140] VLA chunk prompt=open top drawer
2026-09-18 13:33:05,947 | INFO | [t=1150] VLA chunk prompt=open top drawer
2026-09-18 13:33:06,321 | INFO | [t=1160] VLA chunk prompt=open top drawer
2026-09-18 13:33:06,696 | INFO | [t=1170] VLA chunk prompt=open top drawer
2026-09-18 13:33:07,072 | INFO | [t=1180] VLA chunk prompt=open top drawer
2026-09-18 13:33:07,455 | INFO | [t=1190] VLA chunk prompt=open top drawer
2026-09-18 13:33:07,836 | INFO | [t=1200] VLA chunk prompt=open top drawer
2026-09-18 13:33:08,219 | INFO | [t=1210] VLA chunk prompt=open top drawer
2026-09-18 13:33:08,605 | INFO | [t=1220] VLA chunk prompt=open top drawer
2026-09-18 13:33:08,995 | INFO | [t=1230] VLA chunk prompt=open top drawer
2026-09-18 13:33:09,388 | INFO | [t=1240] VLA chunk prompt=open top drawer
2026-09-18 13:33:09,787 | INFO | [t=1250] VLA chunk prompt=open top drawer
2026-09-18 13:33:10,181 | INFO | [t=1260] VLA chunk prompt=open top drawer
2026-09-18 13:33:10,571 | INFO | [t=1270] VLA chunk prompt=open top drawer
2026-09-18 13:33:10,960 | INFO | [t=1280] VLA chunk prompt=open top drawer
2026-09-18 13:33:11,350 | INFO | [t=1290] VLA chunk prompt=open top drawer
2026-09-18 13:33:11,735 | INFO | [t=1300] VLA chunk prompt=open top drawer
2026-09-18 13:33:12,117 | INFO | [t=1310] VLA chunk prompt=open top drawer
2026-09-18 13:33:12,491 | INFO | [t=1320] VLA chunk prompt=open top drawer
2026-09-18 13:33:12,870 | INFO | [t=1330] VLA chunk prompt=open top drawer
2026-09-18 13:33:13,252 | INFO | [t=1340] VLA chunk prompt=open top drawer
2026-09-18 13:33:13,637 | INFO | [t=1350] VLA chunk prompt=open top drawer
2026-09-18 13:33:14,020 | INFO | [t=1360] VLA chunk prompt=open top drawer
2026-09-18 13:33:14,403 | INFO | [t=1370] VLA chunk prompt=open top drawer
2026-09-18 13:33:14,786 | INFO | [t=1380] VLA chunk prompt=open top drawer
2026-09-18 13:33:15,174 | INFO | [t=1390] VLA chunk prompt=open top drawer
2026-09-18 13:33:15,567 | INFO | [t=1400] VLA chunk prompt=open top drawer
2026-09-18 13:33:15,959 | INFO | [t=1410] VLA chunk prompt=open top drawer
2026-09-18 13:33:16,353 | INFO | [t=1420] VLA chunk prompt=open top drawer
2026-09-18 13:33:16,751 | INFO | [t=1430] VLA chunk prompt=open top drawer
2026-09-18 13:33:17,141 | INFO | [t=1440] VLA chunk prompt=open top drawer
2026-09-18 13:33:17,530 | INFO | [t=1450] VLA chunk prompt=open top drawer
2026-09-18 13:33:17,919 | INFO | [t=1460] VLA chunk prompt=open top drawer
2026-09-18 13:33:18,307 | INFO | [t=1470] VLA chunk prompt=open top drawer
2026-09-18 13:33:18,697 | INFO | [t=1480] VLA chunk prompt=open top drawer
2026-09-18 13:33:19,087 | INFO | [t=1490] VLA chunk prompt=open top drawer
2026-09-18 13:33:19,199 | INFO | API VLM @t=970 task=5 subtask=open top drawer keyframes=[]
2026-09-18 13:33:19,487 | INFO | [t=1500] VLA chunk prompt=open top drawer
2026-09-18 13:33:19,883 | INFO | [t=1510] VLA chunk prompt=open top drawer
2026-09-18 13:33:20,279 | INFO | [t=1520] VLA chunk prompt=open top drawer
2026-09-18 13:33:20,663 | INFO | [t=1530] VLA chunk prompt=open top drawer
2026-09-18 13:33:21,035 | INFO | [t=1540] VLA chunk prompt=open top drawer
2026-09-18 13:33:21,409 | INFO | [t=1550] VLA chunk prompt=open top drawer
2026-09-18 13:33:21,784 | INFO | [t=1560] VLA chunk prompt=open top drawer
2026-09-18 13:33:22,157 | INFO | [t=1570] VLA chunk prompt=open top drawer
2026-09-18 13:33:22,529 | INFO | [t=1580] VLA chunk prompt=open top drawer
2026-09-18 13:33:22,901 | INFO | [t=1590] VLA chunk prompt=open top drawer
2026-09-18 13:33:23,273 | INFO | [t=1600] VLA chunk prompt=open top drawer
2026-09-18 13:33:23,643 | INFO | [t=1610] VLA chunk prompt=open top drawer
2026-09-18 13:33:24,008 | INFO | [t=1620] VLA chunk prompt=open top drawer
2026-09-18 13:33:24,373 | INFO | [t=1630] VLA chunk prompt=open top drawer
2026-09-18 13:33:24,735 | INFO | [t=1640] VLA chunk prompt=open top drawer
2026-09-18 13:33:25,098 | INFO | [t=1650] VLA chunk prompt=open top drawer
2026-09-18 13:33:25,464 | INFO | [t=1660] VLA chunk prompt=open top drawer
2026-09-18 13:33:25,832 | INFO | [t=1670] VLA chunk prompt=open top drawer
2026-09-18 13:33:26,203 | INFO | [t=1680] VLA chunk prompt=open top drawer
2026-09-18 13:33:26,576 | INFO | [t=1690] VLA chunk prompt=open top drawer
2026-09-18 13:33:26,953 | INFO | [t=1700] VLA chunk prompt=open top drawer
2026-09-18 13:33:27,330 | INFO | [t=1710] VLA chunk prompt=open top drawer
2026-09-18 13:33:27,704 | INFO | [t=1720] VLA chunk prompt=open top drawer
2026-09-18 13:33:28,072 | INFO | [t=1730] VLA chunk prompt=open top drawer
2026-09-18 13:33:28,434 | INFO | [t=1740] VLA chunk prompt=open top drawer
2026-09-18 13:33:28,800 | INFO | [t=1750] VLA chunk prompt=open top drawer
2026-09-18 13:33:29,162 | INFO | [t=1760] VLA chunk prompt=open top drawer
2026-09-18 13:33:29,524 | INFO | [t=1770] VLA chunk prompt=open top drawer
2026-09-18 13:33:29,897 | INFO | [t=1780] VLA chunk prompt=open top drawer
2026-09-18 13:33:30,270 | INFO | [t=1790] VLA chunk prompt=open top drawer
2026-09-18 13:33:30,636 | INFO | [t=1800] VLA chunk prompt=open top drawer
2026-09-18 13:33:30,998 | INFO | [t=1810] VLA chunk prompt=open top drawer
2026-09-18 13:33:31,360 | INFO | [t=1820] VLA chunk prompt=open top drawer
2026-09-18 13:33:31,721 | INFO | [t=1830] VLA chunk prompt=open top drawer
2026-09-18 13:33:32,082 | INFO | [t=1840] VLA chunk prompt=open top drawer
2026-09-18 13:33:32,451 | INFO | [t=1850] VLA chunk prompt=open top drawer
2026-09-18 13:33:32,818 | INFO | [t=1860] VLA chunk prompt=open top drawer
2026-09-18 13:33:33,186 | INFO | [t=1870] VLA chunk prompt=open top drawer
2026-09-18 13:33:33,552 | INFO | [t=1880] VLA chunk prompt=open top drawer
2026-09-18 13:33:33,918 | INFO | [t=1890] VLA chunk prompt=open top drawer
2026-09-18 13:33:34,287 | INFO | [t=1900] VLA chunk prompt=open top drawer
2026-09-18 13:33:34,664 | INFO | [t=1910] VLA chunk prompt=open top drawer
2026-09-18 13:33:35,045 | INFO | [t=1920] VLA chunk prompt=open top drawer
2026-09-18 13:33:35,420 | INFO | [t=1930] VLA chunk prompt=open top drawer
2026-09-18 13:33:35,796 | INFO | [t=1940] VLA chunk prompt=open top drawer
2026-09-18 13:33:36,167 | INFO | [t=1950] VLA chunk prompt=open top drawer
2026-09-18 13:33:36,536 | INFO | [t=1960] VLA chunk prompt=open top drawer
2026-09-18 13:33:36,916 | INFO | [t=1970] VLA chunk prompt=open top drawer
2026-09-18 13:33:37,299 | INFO | [t=1980] VLA chunk prompt=open top drawer
2026-09-18 13:33:37,690 | INFO | [t=1990] VLA chunk prompt=open top drawer
2026-09-18 13:33:38,092 | INFO | [t=2000] VLA chunk prompt=open top drawer
2026-09-18 13:33:38,498 | INFO | [t=2010] VLA chunk prompt=open top drawer
2026-09-18 13:33:38,904 | INFO | [t=2020] VLA chunk prompt=open top drawer
2026-09-18 13:33:39,303 | INFO | [t=2030] VLA chunk prompt=open top drawer
2026-09-18 13:33:39,695 | INFO | [t=2040] VLA chunk prompt=open top drawer
2026-09-18 13:33:40,089 | INFO | [t=2050] VLA chunk prompt=open top drawer
2026-09-18 13:33:40,485 | INFO | [t=2060] VLA chunk prompt=open top drawer
2026-09-18 13:33:40,879 | INFO | [t=2070] VLA chunk prompt=open top drawer
2026-09-18 13:33:41,270 | INFO | [t=2080] VLA chunk prompt=open top drawer
2026-09-18 13:33:41,661 | INFO | [t=2090] VLA chunk prompt=open top drawer
2026-09-18 13:33:42,047 | INFO | [t=2100] VLA chunk prompt=open top drawer
2026-09-18 13:33:42,435 | INFO | [t=2110] VLA chunk prompt=open top drawer
2026-09-18 13:33:42,824 | INFO | [t=2120] VLA chunk prompt=open top drawer
2026-09-18 13:33:43,206 | INFO | [t=2130] VLA chunk prompt=open top drawer
2026-09-18 13:33:43,584 | INFO | [t=2140] VLA chunk prompt=open top drawer
2026-09-18 13:33:43,960 | INFO | [t=2150] VLA chunk prompt=open top drawer
2026-09-18 13:33:44,337 | INFO | [t=2160] VLA chunk prompt=open top drawer
2026-09-18 13:33:44,707 | INFO | [t=2170] VLA chunk prompt=open top drawer
2026-09-18 13:33:45,066 | INFO | [t=2180] VLA chunk prompt=open top drawer
2026-09-18 13:33:45,424 | INFO | [t=2190] VLA chunk prompt=open top drawer
2026-09-18 13:33:45,783 | INFO | [t=2200] VLA chunk prompt=open top drawer
2026-09-18 13:33:46,141 | INFO | [t=2210] VLA chunk prompt=open top drawer
2026-09-18 13:33:46,500 | INFO | [t=2220] VLA chunk prompt=open top drawer
2026-09-18 13:33:46,854 | INFO | [t=2230] VLA chunk prompt=open top drawer
2026-09-18 13:33:47,205 | INFO | [t=2240] VLA chunk prompt=open top drawer
2026-09-18 13:33:47,565 | INFO | [t=2250] VLA chunk prompt=open top drawer
2026-09-18 13:33:47,934 | INFO | [t=2260] VLA chunk prompt=open top drawer
2026-09-18 13:33:48,299 | INFO | [t=2270] VLA chunk prompt=open top drawer
2026-09-18 13:33:48,662 | INFO | [t=2280] VLA chunk prompt=open top drawer
2026-09-18 13:33:49,027 | INFO | [t=2290] VLA chunk prompt=open top drawer
2026-09-18 13:33:49,392 | INFO | [t=2300] VLA chunk prompt=open top drawer
2026-09-18 13:33:49,762 | INFO | [t=2310] VLA chunk prompt=open top drawer
2026-09-18 13:33:50,137 | INFO | [t=2320] VLA chunk prompt=open top drawer
2026-09-18 13:33:50,507 | INFO | [t=2330] VLA chunk prompt=open top drawer
2026-09-18 13:33:50,871 | INFO | [t=2340] VLA chunk prompt=open top drawer
2026-09-18 13:33:51,231 | INFO | [t=2350] VLA chunk prompt=open top drawer
2026-09-18 13:33:51,305 | INFO | API VLM @t=1480 task=5 subtask=open top drawer keyframes=[]
2026-09-18 13:33:51,591 | INFO | [t=2360] VLA chunk prompt=open top drawer
2026-09-18 13:33:51,948 | INFO | [t=2370] VLA chunk prompt=open top drawer
2026-09-18 13:33:52,302 | INFO | [t=2380] VLA chunk prompt=open top drawer
2026-09-18 13:33:52,657 | INFO | [t=2390] VLA chunk prompt=open top drawer
2026-09-18 13:33:53,018 | INFO | [t=2400] VLA chunk prompt=open top drawer
2026-09-18 13:33:53,381 | INFO | [t=2410] VLA chunk prompt=open top drawer
2026-09-18 13:33:53,748 | INFO | [t=2420] VLA chunk prompt=open top drawer
2026-09-18 13:33:54,129 | INFO | [t=2430] VLA chunk prompt=open top drawer
2026-09-18 13:33:54,509 | INFO | [t=2440] VLA chunk prompt=open top drawer
2026-09-18 13:33:54,887 | INFO | [t=2450] VLA chunk prompt=open top drawer
2026-09-18 13:33:55,268 | INFO | [t=2460] VLA chunk prompt=open top drawer
2026-09-18 13:33:55,655 | INFO | [t=2470] VLA chunk prompt=open top drawer
2026-09-18 13:33:56,052 | INFO | [t=2480] VLA chunk prompt=open top drawer
2026-09-18 13:33:56,449 | INFO | [t=2490] VLA chunk prompt=open top drawer
2026-09-18 13:33:56,848 | INFO | [t=2500] VLA chunk prompt=open top drawer
2026-09-18 13:34:00,207 | INFO | attempt=1 stage_score=0.0 stage_success=False failure_reason=incomplete_stage
2026-09-18 13:34:00,212 | INFO | Episode 4 seed=104 stage_score=0.0 stage_success=0 goal=0.000 failure_reason=incomplete_stage | 01_Open_Top_Drawer=N | 02_Close_Top_Drawer=N | 03_Open_Middle_Drawer=N | 04_Close_Middle_Drawer=N | 05_Open_Bottom_Drawer=N | 06_Close_Bottom_Drawer=N | 07_Open_Middle_Drawer_Again=N | 08_Put_Butter_Middle_Drawer=N | 09_Close_Middle_Drawer_Final=N
