2026-09-27 12:29:13,035 | INFO | task_id=8 bddl=/project/peilab/why/RoboMemArena/bddl/8_pick_chocolate_in_frypan_pour_tomato_sauce_twice.bddl vlm_ckpt=/project/peilab/why/RoboMemArena/checkpoints/PrediMem/vlm_tasks1to26_ckpt74500
2026-09-27 12:29:13,045 | INFO | [redact] enabled task=8 registered_phrases=0 terms=[]
2026-09-27 12:29:14,727 | INFO | async VLM enabled: single-slot subtask buffer
2026-09-27 12:29:14,913 | INFO | [redact] enabled task=8 registered_phrases=0 terms=[]
2026-09-27 12:29:14,966 | INFO | [t=10] VLA chunk prompt=Pick and place chocolate into the frypan, pour tomato sauce over it twice, then place the sauce bottle into the bowl drainer.
2026-09-27 12:29:15,220 | INFO | [t=20] VLA chunk prompt=Pick and place chocolate into the frypan, pour tomato sauce over it twice, then place the sauce bottle into the bowl drainer.
2026-09-27 12:29:15,469 | INFO | [t=30] VLA chunk prompt=Pick and place chocolate into the frypan, pour tomato sauce over it twice, then place the sauce bottle into the bowl drainer.
2026-09-27 12:29:15,719 | INFO | [t=40] VLA chunk prompt=Pick and place chocolate into the frypan, pour tomato sauce over it twice, then place the sauce bottle into the bowl drainer.
2026-09-27 12:29:15,972 | INFO | [t=50] VLA chunk prompt=Pick and place chocolate into the frypan, pour tomato sauce over it twice, then place the sauce bottle into the bowl drainer.
2026-09-27 12:29:16,218 | INFO | [t=60] VLA chunk prompt=Pick and place chocolate into the frypan, pour tomato sauce over it twice, then place the sauce bottle into the bowl drainer.
2026-09-27 12:29:16,464 | INFO | [t=70] VLA chunk prompt=Pick and place chocolate into the frypan, pour tomato sauce over it twice, then place the sauce bottle into the bowl drainer.
2026-09-27 12:29:16,707 | INFO | [t=80] VLA chunk prompt=Pick and place chocolate into the frypan, pour tomato sauce over it twice, then place the sauce bottle into the bowl drainer.
2026-09-27 12:29:16,949 | INFO | [t=90] VLA chunk prompt=Pick and place chocolate into the frypan, pour tomato sauce over it twice, then place the sauce bottle into the bowl drainer.
2026-09-27 12:29:17,190 | INFO | [t=100] VLA chunk prompt=Pick and place chocolate into the frypan, pour tomato sauce over it twice, then place the sauce bottle into the bowl drainer.
2026-09-27 12:29:17,437 | INFO | [t=110] VLA chunk prompt=Pick and place chocolate into the frypan, pour tomato sauce over it twice, then place the sauce bottle into the bowl drainer.
2026-09-27 12:29:17,683 | INFO | [t=120] VLA chunk prompt=Pick and place chocolate into the frypan, pour tomato sauce over it twice, then place the sauce bottle into the bowl drainer.
2026-09-27 12:29:17,926 | INFO | [t=130] VLA chunk prompt=Pick and place chocolate into the frypan, pour tomato sauce over it twice, then place the sauce bottle into the bowl drainer.
2026-09-27 12:29:18,187 | INFO | [t=140] VLA chunk prompt=Pick and place chocolate into the frypan, pour tomato sauce over it twice, then place the sauce bottle into the bowl drainer.
2026-09-27 12:29:18,476 | INFO | [t=150] VLA chunk prompt=Pick and place chocolate into the frypan, pour tomato sauce over it twice, then place the sauce bottle into the bowl drainer.
2026-09-27 12:29:18,762 | INFO | [t=160] VLA chunk prompt=Pick and place chocolate into the frypan, pour tomato sauce over it twice, then place the sauce bottle into the bowl drainer.
2026-09-27 12:29:19,049 | INFO | [t=170] VLA chunk prompt=Pick and place chocolate into the frypan, pour tomato sauce over it twice, then place the sauce bottle into the bowl drainer.
2026-09-27 12:29:19,105 | INFO | API VLM @t=0 task=8 subtask=Grasp the tomato sauce bottle and lift it until it is raised. keyframes=[]
2026-09-27 12:29:19,107 | INFO | [redact] enabled task=8 registered_phrases=0 terms=[]
2026-09-27 12:29:19,289 | INFO | [t=180] VLM prompt update from step=0: Grasp the tomato sauce bottle and lift it until it is raised.
2026-09-27 12:29:19,341 | INFO | [t=180] VLA chunk prompt=Grasp the tomato sauce bottle and lift it until it is raised.
2026-09-27 12:29:19,634 | INFO | [t=190] VLA chunk prompt=Grasp the tomato sauce bottle and lift it until it is raised.
2026-09-27 12:29:19,929 | INFO | [t=200] VLA chunk prompt=Grasp the tomato sauce bottle and lift it until it is raised.
2026-09-27 12:29:20,229 | INFO | [t=210] VLA chunk prompt=Grasp the tomato sauce bottle and lift it until it is raised.
2026-09-27 12:29:20,541 | INFO | [t=220] VLA chunk prompt=Grasp the tomato sauce bottle and lift it until it is raised.
2026-09-27 12:29:20,862 | INFO | [t=230] VLA chunk prompt=Grasp the tomato sauce bottle and lift it until it is raised.
2026-09-27 12:29:21,181 | INFO | [t=240] VLA chunk prompt=Grasp the tomato sauce bottle and lift it until it is raised.
2026-09-27 12:29:21,499 | INFO | [t=250] VLA chunk prompt=Grasp the tomato sauce bottle and lift it until it is raised.
2026-09-27 12:29:21,819 | INFO | [t=260] VLA chunk prompt=Grasp the tomato sauce bottle and lift it until it is raised.
2026-09-27 12:29:22,140 | INFO | [t=270] VLA chunk prompt=Grasp the tomato sauce bottle and lift it until it is raised.
2026-09-27 12:29:22,466 | INFO | [t=280] VLA chunk prompt=Grasp the tomato sauce bottle and lift it until it is raised.
2026-09-27 12:29:22,796 | INFO | [t=290] VLA chunk prompt=Grasp the tomato sauce bottle and lift it until it is raised.
2026-09-27 12:29:23,139 | INFO | [t=300] VLA chunk prompt=Grasp the tomato sauce bottle and lift it until it is raised.
2026-09-27 12:29:23,273 | INFO | API VLM @t=160 task=8 subtask=Grasp and lift the tomato sauce bottle. keyframes=[]
2026-09-27 12:29:23,276 | INFO | [redact] enabled task=8 registered_phrases=0 terms=[]
2026-09-27 12:29:23,426 | INFO | [t=310] VLM prompt update from step=160: Grasp and lift the tomato sauce bottle.
2026-09-27 12:29:23,479 | INFO | [t=310] VLA chunk prompt=Grasp and lift the tomato sauce bottle.
2026-09-27 12:29:23,811 | INFO | [t=320] VLA chunk prompt=Grasp and lift the tomato sauce bottle.
2026-09-27 12:29:24,142 | INFO | [t=330] VLA chunk prompt=Grasp and lift the tomato sauce bottle.
2026-09-27 12:29:24,476 | INFO | [t=340] VLA chunk prompt=Grasp and lift the tomato sauce bottle.
2026-09-27 12:29:24,810 | INFO | [t=350] VLA chunk prompt=Grasp and lift the tomato sauce bottle.
2026-09-27 12:29:25,139 | INFO | [t=360] VLA chunk prompt=Grasp and lift the tomato sauce bottle.
2026-09-27 12:29:25,474 | INFO | [t=370] VLA chunk prompt=Grasp and lift the tomato sauce bottle.
2026-09-27 12:29:25,816 | INFO | [t=380] VLA chunk prompt=Grasp and lift the tomato sauce bottle.
2026-09-27 12:29:26,150 | INFO | [t=390] VLA chunk prompt=Grasp and lift the tomato sauce bottle.
2026-09-27 12:29:26,485 | INFO | [t=400] VLA chunk prompt=Grasp and lift the tomato sauce bottle.
2026-09-27 12:29:26,819 | INFO | [t=410] VLA chunk prompt=Grasp and lift the tomato sauce bottle.
2026-09-27 12:29:26,966 | INFO | API VLM @t=290 task=8 subtask=Grasp and lift the tomato sauce bottle. keyframes=[]
2026-09-27 12:29:26,968 | INFO | [redact] enabled task=8 registered_phrases=0 terms=[]
2026-09-27 12:29:27,155 | INFO | [t=420] VLA chunk prompt=Grasp and lift the tomato sauce bottle.
2026-09-27 12:29:27,485 | INFO | [t=430] VLA chunk prompt=Grasp and lift the tomato sauce bottle.
2026-09-27 12:29:27,810 | INFO | [t=440] VLA chunk prompt=Grasp and lift the tomato sauce bottle.
2026-09-27 12:29:28,149 | INFO | [t=450] VLA chunk prompt=Grasp and lift the tomato sauce bottle.
2026-09-27 12:29:28,481 | INFO | [t=460] VLA chunk prompt=Grasp and lift the tomato sauce bottle.
2026-09-27 12:29:28,811 | INFO | [t=470] VLA chunk prompt=Grasp and lift the tomato sauce bottle.
2026-09-27 12:29:29,135 | INFO | [t=480] VLA chunk prompt=Grasp and lift the tomato sauce bottle.
2026-09-27 12:29:29,456 | INFO | [t=490] VLA chunk prompt=Grasp and lift the tomato sauce bottle.
2026-09-27 12:29:29,776 | INFO | [t=500] VLA chunk prompt=Grasp and lift the tomato sauce bottle.
2026-09-27 12:29:30,096 | INFO | [t=510] VLA chunk prompt=Grasp and lift the tomato sauce bottle.
2026-09-27 12:29:30,419 | INFO | [t=520] VLA chunk prompt=Grasp and lift the tomato sauce bottle.
2026-09-27 12:29:30,748 | INFO | [t=530] VLA chunk prompt=Grasp and lift the tomato sauce bottle.
2026-09-27 12:29:31,070 | INFO | [t=540] VLA chunk prompt=Grasp and lift the tomato sauce bottle.
2026-09-27 12:29:31,293 | INFO | API VLM @t=405 task=8 subtask=Reach for and grasp the tomato sauce bottle. keyframes=[]
2026-09-27 12:29:31,295 | INFO | [redact] enabled task=8 registered_phrases=0 terms=[]
2026-09-27 12:29:31,353 | INFO | [t=550] VLM prompt update from step=405: Reach for and grasp the tomato sauce bottle.
2026-09-27 12:29:31,405 | INFO | [t=550] VLA chunk prompt=Reach for and grasp the tomato sauce bottle.
2026-09-27 12:29:31,734 | INFO | [t=560] VLA chunk prompt=Reach for and grasp the tomato sauce bottle.
2026-09-27 12:29:32,062 | INFO | [t=570] VLA chunk prompt=Reach for and grasp the tomato sauce bottle.
2026-09-27 12:29:32,389 | INFO | [t=580] VLA chunk prompt=Reach for and grasp the tomato sauce bottle.
2026-09-27 12:29:32,713 | INFO | [t=590] VLA chunk prompt=Reach for and grasp the tomato sauce bottle.
2026-09-27 12:29:33,049 | INFO | [t=600] VLA chunk prompt=Reach for and grasp the tomato sauce bottle.
2026-09-27 12:29:33,379 | INFO | [t=610] VLA chunk prompt=Reach for and grasp the tomato sauce bottle.
2026-09-27 12:29:33,707 | INFO | [t=620] VLA chunk prompt=Reach for and grasp the tomato sauce bottle.
2026-09-27 12:29:34,032 | INFO | [t=630] VLA chunk prompt=Reach for and grasp the tomato sauce bottle.
2026-09-27 12:29:34,356 | INFO | [t=640] VLA chunk prompt=Reach for and grasp the tomato sauce bottle.
2026-09-27 12:29:34,679 | INFO | [t=650] VLA chunk prompt=Reach for and grasp the tomato sauce bottle.
2026-09-27 12:29:35,000 | INFO | [t=660] VLA chunk prompt=Reach for and grasp the tomato sauce bottle.
2026-09-27 12:29:35,324 | INFO | [t=670] VLA chunk prompt=Reach for and grasp the tomato sauce bottle.
2026-09-27 12:29:35,657 | INFO | [t=680] VLA chunk prompt=Reach for and grasp the tomato sauce bottle.
2026-09-27 12:29:35,990 | INFO | [t=690] VLA chunk prompt=Reach for and grasp the tomato sauce bottle.
2026-09-27 12:29:36,324 | INFO | [t=700] VLA chunk prompt=Reach for and grasp the tomato sauce bottle.
2026-09-27 12:29:36,658 | INFO | [t=710] VLA chunk prompt=Reach for and grasp the tomato sauce bottle.
2026-09-27 12:29:36,987 | INFO | [t=720] VLA chunk prompt=Reach for and grasp the tomato sauce bottle.
2026-09-27 12:29:37,235 | INFO | API VLM @t=535 task=8 subtask=Reach for and grasp the tomato sauce bottle, then lift it. keyframes=[]
2026-09-27 12:29:37,238 | INFO | [redact] enabled task=8 registered_phrases=0 terms=[]
2026-09-27 12:29:37,266 | INFO | [t=730] VLM prompt update from step=535: Reach for and grasp the tomato sauce bottle, then lift it.
2026-09-27 12:29:37,317 | INFO | [t=730] VLA chunk prompt=Reach for and grasp the tomato sauce bottle, then lift it.
2026-09-27 12:29:37,647 | INFO | [t=740] VLA chunk prompt=Reach for and grasp the tomato sauce bottle, then lift it.
2026-09-27 12:29:37,977 | INFO | [t=750] VLA chunk prompt=Reach for and grasp the tomato sauce bottle, then lift it.
2026-09-27 12:29:38,303 | INFO | [t=760] VLA chunk prompt=Reach for and grasp the tomato sauce bottle, then lift it.
2026-09-27 12:29:38,634 | INFO | [t=770] VLA chunk prompt=Reach for and grasp the tomato sauce bottle, then lift it.
2026-09-27 12:29:38,974 | INFO | [t=780] VLA chunk prompt=Reach for and grasp the tomato sauce bottle, then lift it.
2026-09-27 12:29:39,306 | INFO | [t=790] VLA chunk prompt=Reach for and grasp the tomato sauce bottle, then lift it.
2026-09-27 12:29:39,640 | INFO | [t=800] VLA chunk prompt=Reach for and grasp the tomato sauce bottle, then lift it.
2026-09-27 12:29:39,967 | INFO | [t=810] VLA chunk prompt=Reach for and grasp the tomato sauce bottle, then lift it.
2026-09-27 12:29:40,292 | INFO | [t=820] VLA chunk prompt=Reach for and grasp the tomato sauce bottle, then lift it.
2026-09-27 12:29:40,624 | INFO | [t=830] VLA chunk prompt=Reach for and grasp the tomato sauce bottle, then lift it.
2026-09-27 12:29:40,960 | INFO | [t=840] VLA chunk prompt=Reach for and grasp the tomato sauce bottle, then lift it.
2026-09-27 12:29:41,309 | INFO | [t=850] VLA chunk prompt=Reach for and grasp the tomato sauce bottle, then lift it.
2026-09-27 12:29:41,634 | INFO | [t=860] VLA chunk prompt=Reach for and grasp the tomato sauce bottle, then lift it.
2026-09-27 12:29:41,909 | INFO | [t=870] VLA chunk prompt=Reach for and grasp the tomato sauce bottle, then lift it.
2026-09-27 12:29:42,179 | INFO | [t=880] VLA chunk prompt=Reach for and grasp the tomato sauce bottle, then lift it.
2026-09-27 12:29:42,449 | INFO | [t=890] VLA chunk prompt=Reach for and grasp the tomato sauce bottle, then lift it.
2026-09-27 12:29:42,721 | INFO | [t=900] VLA chunk prompt=Reach for and grasp the tomato sauce bottle, then lift it.
2026-09-27 12:29:42,901 | INFO | API VLM @t=715 task=8 subtask=Reach for and grasp the tomato sauce bottle, then lift it clear of the tabletop. keyframes=[]
2026-09-27 12:29:42,903 | INFO | [redact] enabled task=8 registered_phrases=0 terms=[]
2026-09-27 12:29:42,946 | INFO | [t=910] VLM prompt update from step=715: Reach for and grasp the tomato sauce bottle, then lift it clear of the tabletop.
2026-09-27 12:29:42,998 | INFO | [t=910] VLA chunk prompt=Reach for and grasp the tomato sauce bottle, then lift it clear of the tabletop.
2026-09-27 12:29:43,271 | INFO | [t=920] VLA chunk prompt=Reach for and grasp the tomato sauce bottle, then lift it clear of the tabletop.
2026-09-27 12:29:43,574 | INFO | [t=930] VLA chunk prompt=Reach for and grasp the tomato sauce bottle, then lift it clear of the tabletop.
2026-09-27 12:29:43,901 | INFO | [t=940] VLA chunk prompt=Reach for and grasp the tomato sauce bottle, then lift it clear of the tabletop.
2026-09-27 12:29:44,221 | INFO | [t=950] VLA chunk prompt=Reach for and grasp the tomato sauce bottle, then lift it clear of the tabletop.
2026-09-27 12:29:44,546 | INFO | [t=960] VLA chunk prompt=Reach for and grasp the tomato sauce bottle, then lift it clear of the tabletop.
2026-09-27 12:29:44,872 | INFO | [t=970] VLA chunk prompt=Reach for and grasp the tomato sauce bottle, then lift it clear of the tabletop.
2026-09-27 12:29:45,202 | INFO | [t=980] VLA chunk prompt=Reach for and grasp the tomato sauce bottle, then lift it clear of the tabletop.
2026-09-27 12:29:45,534 | INFO | [t=990] VLA chunk prompt=Reach for and grasp the tomato sauce bottle, then lift it clear of the tabletop.
2026-09-27 12:29:45,871 | INFO | [t=1000] VLA chunk prompt=Reach for and grasp the tomato sauce bottle, then lift it clear of the tabletop.
2026-09-27 12:29:46,219 | INFO | [t=1010] VLA chunk prompt=Reach for and grasp the tomato sauce bottle, then lift it clear of the tabletop.
2026-09-27 12:29:46,563 | INFO | [t=1020] VLA chunk prompt=Reach for and grasp the tomato sauce bottle, then lift it clear of the tabletop.
2026-09-27 12:29:46,906 | INFO | [t=1030] VLA chunk prompt=Reach for and grasp the tomato sauce bottle, then lift it clear of the tabletop.
2026-09-27 12:29:47,243 | INFO | [t=1040] VLA chunk prompt=Reach for and grasp the tomato sauce bottle, then lift it clear of the tabletop.
2026-09-27 12:29:47,580 | INFO | [t=1050] VLA chunk prompt=Reach for and grasp the tomato sauce bottle, then lift it clear of the tabletop.
2026-09-27 12:29:47,917 | INFO | [t=1060] VLA chunk prompt=Reach for and grasp the tomato sauce bottle, then lift it clear of the tabletop.
2026-09-27 12:29:48,255 | INFO | [t=1070] VLA chunk prompt=Reach for and grasp the tomato sauce bottle, then lift it clear of the tabletop.
2026-09-27 12:29:48,604 | INFO | [t=1080] VLA chunk prompt=Reach for and grasp the tomato sauce bottle, then lift it clear of the tabletop.
2026-09-27 12:29:48,946 | INFO | [t=1090] VLA chunk prompt=Reach for and grasp the tomato sauce bottle, then lift it clear of the tabletop.
2026-09-27 12:29:49,151 | INFO | API VLM @t=895 task=8 subtask=Reach for and grasp the tomato sauce bottle, then lift it clear of the table. keyframes=[]
2026-09-27 12:29:49,154 | INFO | [redact] enabled task=8 registered_phrases=0 terms=[]
2026-09-27 12:29:49,239 | INFO | [t=1100] VLM prompt update from step=895: Reach for and grasp the tomato sauce bottle, then lift it clear of the table.
2026-09-27 12:29:49,292 | INFO | [t=1100] VLA chunk prompt=Reach for and grasp the tomato sauce bottle, then lift it clear of the table.
2026-09-27 12:29:49,630 | INFO | [t=1110] VLA chunk prompt=Reach for and grasp the tomato sauce bottle, then lift it clear of the table.
2026-09-27 12:29:49,967 | INFO | [t=1120] VLA chunk prompt=Reach for and grasp the tomato sauce bottle, then lift it clear of the table.
2026-09-27 12:29:50,303 | INFO | [t=1130] VLA chunk prompt=Reach for and grasp the tomato sauce bottle, then lift it clear of the table.
2026-09-27 12:29:50,637 | INFO | [t=1140] VLA chunk prompt=Reach for and grasp the tomato sauce bottle, then lift it clear of the table.
2026-09-27 12:29:50,981 | INFO | [t=1150] VLA chunk prompt=Reach for and grasp the tomato sauce bottle, then lift it clear of the table.
2026-09-27 12:29:51,328 | INFO | [t=1160] VLA chunk prompt=Reach for and grasp the tomato sauce bottle, then lift it clear of the table.
2026-09-27 12:29:51,667 | INFO | [t=1170] VLA chunk prompt=Reach for and grasp the tomato sauce bottle, then lift it clear of the table.
2026-09-27 12:29:52,005 | INFO | [t=1180] VLA chunk prompt=Reach for and grasp the tomato sauce bottle, then lift it clear of the table.
2026-09-27 12:29:52,341 | INFO | [t=1190] VLA chunk prompt=Reach for and grasp the tomato sauce bottle, then lift it clear of the table.
2026-09-27 12:29:52,677 | INFO | [t=1200] VLA chunk prompt=Reach for and grasp the tomato sauce bottle, then lift it clear of the table.
2026-09-27 12:29:52,915 | INFO | API VLM @t=1085 task=8 subtask=Reach for and grasp the tomato sauce bottle, then lift it. keyframes=[]
2026-09-27 12:29:52,918 | INFO | [redact] enabled task=8 registered_phrases=0 terms=[]
2026-09-27 12:29:52,965 | INFO | [t=1210] VLM prompt update from step=1085: Reach for and grasp the tomato sauce bottle, then lift it.
2026-09-27 12:29:53,016 | INFO | [t=1210] VLA chunk prompt=Reach for and grasp the tomato sauce bottle, then lift it.
2026-09-27 12:29:53,357 | INFO | [t=1220] VLA chunk prompt=Reach for and grasp the tomato sauce bottle, then lift it.
2026-09-27 12:29:53,708 | INFO | [t=1230] VLA chunk prompt=Reach for and grasp the tomato sauce bottle, then lift it.
2026-09-27 12:29:54,049 | INFO | [t=1240] VLA chunk prompt=Reach for and grasp the tomato sauce bottle, then lift it.
2026-09-27 12:29:54,384 | INFO | [t=1250] VLA chunk prompt=Reach for and grasp the tomato sauce bottle, then lift it.
2026-09-27 12:29:54,712 | INFO | [t=1260] VLA chunk prompt=Reach for and grasp the tomato sauce bottle, then lift it.
2026-09-27 12:29:55,040 | INFO | [t=1270] VLA chunk prompt=Reach for and grasp the tomato sauce bottle, then lift it.
2026-09-27 12:29:55,370 | INFO | [t=1280] VLA chunk prompt=Reach for and grasp the tomato sauce bottle, then lift it.
2026-09-27 12:29:55,701 | INFO | [t=1290] VLA chunk prompt=Reach for and grasp the tomato sauce bottle, then lift it.
2026-09-27 12:29:56,038 | INFO | [t=1300] VLA chunk prompt=Reach for and grasp the tomato sauce bottle, then lift it.
2026-09-27 12:29:56,377 | INFO | [t=1310] VLA chunk prompt=Reach for and grasp the tomato sauce bottle, then lift it.
2026-09-27 12:29:56,716 | INFO | [t=1320] VLA chunk prompt=Reach for and grasp the tomato sauce bottle, then lift it.
2026-09-27 12:29:57,059 | INFO | [t=1330] VLA chunk prompt=Reach for and grasp the tomato sauce bottle, then lift it.
2026-09-27 12:29:57,394 | INFO | [t=1340] VLA chunk prompt=Reach for and grasp the tomato sauce bottle, then lift it.
2026-09-27 12:29:57,728 | INFO | [t=1350] VLA chunk prompt=Reach for and grasp the tomato sauce bottle, then lift it.
2026-09-27 12:29:57,887 | INFO | API VLM @t=1195 task=8 subtask=Reach for, grasp, and lift the tomato sauce bottle. keyframes=[]
2026-09-27 12:29:57,889 | INFO | [redact] enabled task=8 registered_phrases=0 terms=[]
2026-09-27 12:29:58,008 | INFO | [t=1360] VLM prompt update from step=1195: Reach for, grasp, and lift the tomato sauce bottle.
2026-09-27 12:29:58,059 | INFO | [t=1360] VLA chunk prompt=Reach for, grasp, and lift the tomato sauce bottle.
2026-09-27 12:29:58,389 | INFO | [t=1370] VLA chunk prompt=Reach for, grasp, and lift the tomato sauce bottle.
2026-09-27 12:29:58,718 | INFO | [t=1380] VLA chunk prompt=Reach for, grasp, and lift the tomato sauce bottle.
2026-09-27 12:29:59,047 | INFO | [t=1390] VLA chunk prompt=Reach for, grasp, and lift the tomato sauce bottle.
2026-09-27 12:29:59,384 | INFO | [t=1400] VLA chunk prompt=Reach for, grasp, and lift the tomato sauce bottle.
2026-09-27 12:29:59,730 | INFO | [t=1410] VLA chunk prompt=Reach for, grasp, and lift the tomato sauce bottle.
2026-09-27 12:30:00,068 | INFO | [t=1420] VLA chunk prompt=Reach for, grasp, and lift the tomato sauce bottle.
2026-09-27 12:30:00,409 | INFO | [t=1430] VLA chunk prompt=Reach for, grasp, and lift the tomato sauce bottle.
2026-09-27 12:30:00,737 | INFO | [t=1440] VLA chunk prompt=Reach for, grasp, and lift the tomato sauce bottle.
2026-09-27 12:30:01,056 | INFO | [t=1450] VLA chunk prompt=Reach for, grasp, and lift the tomato sauce bottle.
2026-09-27 12:30:01,375 | INFO | [t=1460] VLA chunk prompt=Reach for, grasp, and lift the tomato sauce bottle.
2026-09-27 12:30:01,700 | INFO | [t=1470] VLA chunk prompt=Reach for, grasp, and lift the tomato sauce bottle.
2026-09-27 12:30:02,037 | INFO | [t=1480] VLA chunk prompt=Reach for, grasp, and lift the tomato sauce bottle.
2026-09-27 12:30:02,373 | INFO | [t=1490] VLA chunk prompt=Reach for, grasp, and lift the tomato sauce bottle.
2026-09-27 12:30:02,707 | INFO | [t=1500] VLA chunk prompt=Reach for, grasp, and lift the tomato sauce bottle.
2026-09-27 12:30:02,715 | INFO | API VLM @t=1345 task=8 subtask=Reach for and grasp the tomato sauce bottle, then lift it. keyframes=[]
2026-09-27 12:30:02,718 | INFO | [redact] enabled task=8 registered_phrases=0 terms=[]
2026-09-27 12:30:02,992 | INFO | [t=1510] VLM prompt update from step=1345: Reach for and grasp the tomato sauce bottle, then lift it.
2026-09-27 12:30:03,044 | INFO | [t=1510] VLA chunk prompt=Reach for and grasp the tomato sauce bottle, then lift it.
2026-09-27 12:30:03,376 | INFO | [t=1520] VLA chunk prompt=Reach for and grasp the tomato sauce bottle, then lift it.
2026-09-27 12:30:03,707 | INFO | [t=1530] VLA chunk prompt=Reach for and grasp the tomato sauce bottle, then lift it.
2026-09-27 12:30:04,037 | INFO | [t=1540] VLA chunk prompt=Reach for and grasp the tomato sauce bottle, then lift it.
2026-09-27 12:30:04,373 | INFO | [t=1550] VLA chunk prompt=Reach for and grasp the tomato sauce bottle, then lift it.
2026-09-27 12:30:04,713 | INFO | [t=1560] VLA chunk prompt=Reach for and grasp the tomato sauce bottle, then lift it.
2026-09-27 12:30:05,046 | INFO | [t=1570] VLA chunk prompt=Reach for and grasp the tomato sauce bottle, then lift it.
2026-09-27 12:30:05,381 | INFO | [t=1580] VLA chunk prompt=Reach for and grasp the tomato sauce bottle, then lift it.
2026-09-27 12:30:05,709 | INFO | [t=1590] VLA chunk prompt=Reach for and grasp the tomato sauce bottle, then lift it.
2026-09-27 12:30:06,038 | INFO | [t=1600] VLA chunk prompt=Reach for and grasp the tomato sauce bottle, then lift it.
2026-09-27 12:30:06,363 | INFO | [t=1610] VLA chunk prompt=Reach for and grasp the tomato sauce bottle, then lift it.
2026-09-27 12:30:06,693 | INFO | [t=1620] VLA chunk prompt=Reach for and grasp the tomato sauce bottle, then lift it.
2026-09-27 12:30:06,755 | INFO | API VLM @t=1490 task=8 subtask=Reach for and grasp the tomato sauce bottle, then lift it until it is raised. keyframes=[]
2026-09-27 12:30:06,758 | INFO | [redact] enabled task=8 registered_phrases=0 terms=[]
2026-09-27 12:30:06,980 | INFO | [t=1630] VLM prompt update from step=1490: Reach for and grasp the tomato sauce bottle, then lift it until it is raised.
2026-09-27 12:30:07,033 | INFO | [t=1630] VLA chunk prompt=Reach for and grasp the tomato sauce bottle, then lift it until it is raised.
2026-09-27 12:30:07,363 | INFO | [t=1640] VLA chunk prompt=Reach for and grasp the tomato sauce bottle, then lift it until it is raised.
2026-09-27 12:30:07,691 | INFO | [t=1650] VLA chunk prompt=Reach for and grasp the tomato sauce bottle, then lift it until it is raised.
2026-09-27 12:30:08,017 | INFO | [t=1660] VLA chunk prompt=Reach for and grasp the tomato sauce bottle, then lift it until it is raised.
2026-09-27 12:30:08,346 | INFO | [t=1670] VLA chunk prompt=Reach for and grasp the tomato sauce bottle, then lift it until it is raised.
2026-09-27 12:30:08,676 | INFO | [t=1680] VLA chunk prompt=Reach for and grasp the tomato sauce bottle, then lift it until it is raised.
2026-09-27 12:30:09,009 | INFO | [t=1690] VLA chunk prompt=Reach for and grasp the tomato sauce bottle, then lift it until it is raised.
2026-09-27 12:30:09,351 | INFO | [t=1700] VLA chunk prompt=Reach for and grasp the tomato sauce bottle, then lift it until it is raised.
2026-09-27 12:30:09,688 | INFO | [t=1710] VLA chunk prompt=Reach for and grasp the tomato sauce bottle, then lift it until it is raised.
2026-09-27 12:30:10,024 | INFO | [t=1720] VLA chunk prompt=Reach for and grasp the tomato sauce bottle, then lift it until it is raised.
2026-09-27 12:30:10,354 | INFO | [t=1730] VLA chunk prompt=Reach for and grasp the tomato sauce bottle, then lift it until it is raised.
2026-09-27 12:30:10,683 | INFO | [t=1740] VLA chunk prompt=Reach for and grasp the tomato sauce bottle, then lift it until it is raised.
2026-09-27 12:30:11,014 | INFO | [t=1750] VLA chunk prompt=Reach for and grasp the tomato sauce bottle, then lift it until it is raised.
2026-09-27 12:30:11,344 | INFO | [t=1760] VLA chunk prompt=Reach for and grasp the tomato sauce bottle, then lift it until it is raised.
2026-09-27 12:30:11,555 | INFO | API VLM @t=1610 task=8 subtask=Reach for and grasp the tomato sauce bottle, then lift it. keyframes=[]
2026-09-27 12:30:11,558 | INFO | [redact] enabled task=8 registered_phrases=0 terms=[]
2026-09-27 12:30:11,638 | INFO | [t=1770] VLM prompt update from step=1610: Reach for and grasp the tomato sauce bottle, then lift it.
2026-09-27 12:30:11,692 | INFO | [t=1770] VLA chunk prompt=Reach for and grasp the tomato sauce bottle, then lift it.
2026-09-27 12:30:12,029 | INFO | [t=1780] VLA chunk prompt=Reach for and grasp the tomato sauce bottle, then lift it.
2026-09-27 12:30:12,352 | INFO | [t=1790] VLA chunk prompt=Reach for and grasp the tomato sauce bottle, then lift it.
2026-09-27 12:30:12,680 | INFO | [t=1800] VLA chunk prompt=Reach for and grasp the tomato sauce bottle, then lift it.
2026-09-27 12:30:13,006 | INFO | [t=1810] VLA chunk prompt=Reach for and grasp the tomato sauce bottle, then lift it.
2026-09-27 12:30:13,331 | INFO | [t=1820] VLA chunk prompt=Reach for and grasp the tomato sauce bottle, then lift it.
2026-09-27 12:30:13,656 | INFO | [t=1830] VLA chunk prompt=Reach for and grasp the tomato sauce bottle, then lift it.
2026-09-27 12:30:13,986 | INFO | [t=1840] VLA chunk prompt=Reach for and grasp the tomato sauce bottle, then lift it.
2026-09-27 12:30:14,329 | INFO | [t=1850] VLA chunk prompt=Reach for and grasp the tomato sauce bottle, then lift it.
2026-09-27 12:30:14,667 | INFO | [t=1860] VLA chunk prompt=Reach for and grasp the tomato sauce bottle, then lift it.
2026-09-27 12:30:15,002 | INFO | [t=1870] VLA chunk prompt=Reach for and grasp the tomato sauce bottle, then lift it.
2026-09-27 12:30:15,336 | INFO | [t=1880] VLA chunk prompt=Reach for and grasp the tomato sauce bottle, then lift it.
2026-09-27 12:30:15,667 | INFO | [t=1890] VLA chunk prompt=Reach for and grasp the tomato sauce bottle, then lift it.
2026-09-27 12:30:15,999 | INFO | [t=1900] VLA chunk prompt=Reach for and grasp the tomato sauce bottle, then lift it.
2026-09-27 12:30:16,174 | INFO | API VLM @t=1755 task=8 subtask=Reach for and grasp the tomato sauce bottle, then lift it. keyframes=[]
2026-09-27 12:30:16,177 | INFO | [redact] enabled task=8 registered_phrases=0 terms=[]
2026-09-27 12:30:16,338 | INFO | [t=1910] VLA chunk prompt=Reach for and grasp the tomato sauce bottle, then lift it.
2026-09-27 12:30:16,674 | INFO | [t=1920] VLA chunk prompt=Reach for and grasp the tomato sauce bottle, then lift it.
2026-09-27 12:30:17,011 | INFO | [t=1930] VLA chunk prompt=Reach for and grasp the tomato sauce bottle, then lift it.
2026-09-27 12:30:17,351 | INFO | [t=1940] VLA chunk prompt=Reach for and grasp the tomato sauce bottle, then lift it.
2026-09-27 12:30:17,696 | INFO | [t=1950] VLA chunk prompt=Reach for and grasp the tomato sauce bottle, then lift it.
2026-09-27 12:30:18,032 | INFO | [t=1960] VLA chunk prompt=Reach for and grasp the tomato sauce bottle, then lift it.
2026-09-27 12:30:18,360 | INFO | [t=1970] VLA chunk prompt=Reach for and grasp the tomato sauce bottle, then lift it.
2026-09-27 12:30:18,687 | INFO | [t=1980] VLA chunk prompt=Reach for and grasp the tomato sauce bottle, then lift it.
2026-09-27 12:30:19,012 | INFO | [t=1990] VLA chunk prompt=Reach for and grasp the tomato sauce bottle, then lift it.
2026-09-27 12:30:19,335 | INFO | [t=2000] VLA chunk prompt=Reach for and grasp the tomato sauce bottle, then lift it.
2026-09-27 12:30:19,665 | INFO | [t=2010] VLA chunk prompt=Reach for and grasp the tomato sauce bottle, then lift it.
2026-09-27 12:30:19,997 | INFO | [t=2020] VLA chunk prompt=Reach for and grasp the tomato sauce bottle, then lift it.
2026-09-27 12:30:20,324 | INFO | [t=2030] VLA chunk prompt=Reach for and grasp the tomato sauce bottle, then lift it.
2026-09-27 12:30:20,655 | INFO | [t=2040] VLA chunk prompt=Reach for and grasp the tomato sauce bottle, then lift it.
2026-09-27 12:30:20,996 | INFO | API VLM @t=1895 task=8 subtask=Reach for and grasp the tomato sauce bottle, then lift it until it is raised. keyframes=[]
2026-09-27 12:30:20,998 | INFO | [redact] enabled task=8 registered_phrases=0 terms=[]
2026-09-27 12:30:21,022 | INFO | [t=2050] VLA chunk prompt=Reach for and grasp the tomato sauce bottle, then lift it.
2026-09-27 12:30:21,327 | INFO | [t=2060] VLM prompt update from step=1895: Reach for and grasp the tomato sauce bottle, then lift it until it is raised.
2026-09-27 12:30:21,379 | INFO | [t=2060] VLA chunk prompt=Reach for and grasp the tomato sauce bottle, then lift it until it is raised.
2026-09-27 12:30:21,729 | INFO | [t=2070] VLA chunk prompt=Reach for and grasp the tomato sauce bottle, then lift it until it is raised.
2026-09-27 12:30:22,086 | INFO | [t=2080] VLA chunk prompt=Reach for and grasp the tomato sauce bottle, then lift it until it is raised.
2026-09-27 12:30:22,449 | INFO | [t=2090] VLA chunk prompt=Reach for and grasp the tomato sauce bottle, then lift it until it is raised.
2026-09-27 12:30:22,806 | INFO | [t=2100] VLA chunk prompt=Reach for and grasp the tomato sauce bottle, then lift it until it is raised.
2026-09-27 12:30:23,161 | INFO | [t=2110] VLA chunk prompt=Reach for and grasp the tomato sauce bottle, then lift it until it is raised.
2026-09-27 12:30:23,515 | INFO | [t=2120] VLA chunk prompt=Reach for and grasp the tomato sauce bottle, then lift it until it is raised.
2026-09-27 12:30:23,869 | INFO | [t=2130] VLA chunk prompt=Reach for and grasp the tomato sauce bottle, then lift it until it is raised.
2026-09-27 12:30:24,220 | INFO | [t=2140] VLA chunk prompt=Reach for and grasp the tomato sauce bottle, then lift it until it is raised.
2026-09-27 12:30:24,581 | INFO | [t=2150] VLA chunk prompt=Reach for and grasp the tomato sauce bottle, then lift it until it is raised.
2026-09-27 12:30:24,945 | INFO | [t=2160] VLA chunk prompt=Reach for and grasp the tomato sauce bottle, then lift it until it is raised.
2026-09-27 12:30:25,301 | INFO | [t=2170] VLA chunk prompt=Reach for and grasp the tomato sauce bottle, then lift it until it is raised.
2026-09-27 12:30:25,654 | INFO | [t=2180] VLA chunk prompt=Reach for and grasp the tomato sauce bottle, then lift it until it is raised.
2026-09-27 12:30:25,892 | INFO | API VLM @t=2040 task=8 subtask=Reach for and grasp the tomato sauce bottle, then lift it until it is raised. keyframes=[]
2026-09-27 12:30:25,894 | INFO | [redact] enabled task=8 registered_phrases=0 terms=[]
2026-09-27 12:30:26,011 | INFO | [t=2190] VLA chunk prompt=Reach for and grasp the tomato sauce bottle, then lift it until it is raised.
2026-09-27 12:30:26,363 | INFO | [t=2200] VLA chunk prompt=Reach for and grasp the tomato sauce bottle, then lift it until it is raised.
2026-09-27 12:30:26,714 | INFO | [t=2210] VLA chunk prompt=Reach for and grasp the tomato sauce bottle, then lift it until it is raised.
2026-09-27 12:30:27,076 | INFO | [t=2220] VLA chunk prompt=Reach for and grasp the tomato sauce bottle, then lift it until it is raised.
2026-09-27 12:30:27,445 | INFO | [t=2230] VLA chunk prompt=Reach for and grasp the tomato sauce bottle, then lift it until it is raised.
2026-09-27 12:30:27,808 | INFO | [t=2240] VLA chunk prompt=Reach for and grasp the tomato sauce bottle, then lift it until it is raised.
2026-09-27 12:30:28,168 | INFO | [t=2250] VLA chunk prompt=Reach for and grasp the tomato sauce bottle, then lift it until it is raised.
2026-09-27 12:30:28,526 | INFO | [t=2260] VLA chunk prompt=Reach for and grasp the tomato sauce bottle, then lift it until it is raised.
2026-09-27 12:30:28,881 | INFO | [t=2270] VLA chunk prompt=Reach for and grasp the tomato sauce bottle, then lift it until it is raised.
2026-09-27 12:30:29,235 | INFO | [t=2280] VLA chunk prompt=Reach for and grasp the tomato sauce bottle, then lift it until it is raised.
2026-09-27 12:30:29,599 | INFO | [t=2290] VLA chunk prompt=Reach for and grasp the tomato sauce bottle, then lift it until it is raised.
2026-09-27 12:30:29,964 | INFO | [t=2300] VLA chunk prompt=Reach for and grasp the tomato sauce bottle, then lift it until it is raised.
2026-09-27 12:30:30,318 | INFO | [t=2310] VLA chunk prompt=Reach for and grasp the tomato sauce bottle, then lift it until it is raised.
2026-09-27 12:30:30,585 | INFO | API VLM @t=2175 task=8 subtask=Reach for and grasp the tomato sauce bottle, then lift it clear of the table. keyframes=[]
2026-09-27 12:30:30,587 | INFO | [redact] enabled task=8 registered_phrases=0 terms=[]
2026-09-27 12:30:30,627 | INFO | [t=2320] VLM prompt update from step=2175: Reach for and grasp the tomato sauce bottle, then lift it clear of the table.
2026-09-27 12:30:30,680 | INFO | [t=2320] VLA chunk prompt=Reach for and grasp the tomato sauce bottle, then lift it clear of the table.
2026-09-27 12:30:31,034 | INFO | [t=2330] VLA chunk prompt=Reach for and grasp the tomato sauce bottle, then lift it clear of the table.
2026-09-27 12:30:31,385 | INFO | [t=2340] VLA chunk prompt=Reach for and grasp the tomato sauce bottle, then lift it clear of the table.
2026-09-27 12:30:31,737 | INFO | [t=2350] VLA chunk prompt=Reach for and grasp the tomato sauce bottle, then lift it clear of the table.
2026-09-27 12:30:32,093 | INFO | [t=2360] VLA chunk prompt=Reach for and grasp the tomato sauce bottle, then lift it clear of the table.
2026-09-27 12:30:32,455 | INFO | [t=2370] VLA chunk prompt=Reach for and grasp the tomato sauce bottle, then lift it clear of the table.
2026-09-27 12:30:32,808 | INFO | [t=2380] VLA chunk prompt=Reach for and grasp the tomato sauce bottle, then lift it clear of the table.
2026-09-27 12:30:33,156 | INFO | [t=2390] VLA chunk prompt=Reach for and grasp the tomato sauce bottle, then lift it clear of the table.
2026-09-27 12:30:33,504 | INFO | [t=2400] VLA chunk prompt=Reach for and grasp the tomato sauce bottle, then lift it clear of the table.
2026-09-27 12:30:33,850 | INFO | [t=2410] VLA chunk prompt=Reach for and grasp the tomato sauce bottle, then lift it clear of the table.
2026-09-27 12:30:34,196 | INFO | [t=2420] VLA chunk prompt=Reach for and grasp the tomato sauce bottle, then lift it clear of the table.
2026-09-27 12:30:34,554 | INFO | [t=2430] VLA chunk prompt=Reach for and grasp the tomato sauce bottle, then lift it clear of the table.
2026-09-27 12:30:34,905 | INFO | [t=2440] VLA chunk prompt=Reach for and grasp the tomato sauce bottle, then lift it clear of the table.
2026-09-27 12:30:35,232 | INFO | API VLM @t=2305 task=8 subtask=Reach for and grasp the tomato sauce bottle, then lift it until it is raised. keyframes=[]
2026-09-27 12:30:35,234 | INFO | [redact] enabled task=8 registered_phrases=0 terms=[]
2026-09-27 12:30:35,248 | INFO | [t=2450] VLA chunk prompt=Reach for and grasp the tomato sauce bottle, then lift it clear of the table.
2026-09-27 12:30:35,541 | INFO | [t=2460] VLM prompt update from step=2305: Reach for and grasp the tomato sauce bottle, then lift it until it is raised.
2026-09-27 12:30:35,593 | INFO | [t=2460] VLA chunk prompt=Reach for and grasp the tomato sauce bottle, then lift it until it is raised.
2026-09-27 12:30:35,932 | INFO | [t=2470] VLA chunk prompt=Reach for and grasp the tomato sauce bottle, then lift it until it is raised.
2026-09-27 12:30:36,270 | INFO | [t=2480] VLA chunk prompt=Reach for and grasp the tomato sauce bottle, then lift it until it is raised.
2026-09-27 12:30:36,608 | INFO | [t=2490] VLA chunk prompt=Reach for and grasp the tomato sauce bottle, then lift it until it is raised.
2026-09-27 12:30:36,946 | INFO | [t=2500] VLA chunk prompt=Reach for and grasp the tomato sauce bottle, then lift it until it is raised.
2026-09-27 12:30:39,332 | INFO | API VLM @t=2440 task=8 subtask=Reach for and pick up the tomato sauce bottle, lifting it clear of the table. keyframes=[]
2026-09-27 12:30:39,353 | INFO | attempt=0 stage_score=0.0 stage_success=False failure_reason=incomplete_stage
2026-09-27 12:30:39,353 | INFO | Episode 7 seed=107 stage_score=0.0 stage_success=0 goal=0.000 failure_reason=incomplete_stage | 01_Lift_Tomato_Sauce=N | 02_Pour_One=N | 03_Pour_Two=N
