2026-09-19 15:41:30,420 | INFO | task_id=20 bddl=/project/peilab/why/RoboMemArena/bddl/20_cookies_chocolate_microwave.bddl vlm_ckpt=/project/peilab/why/RoboMemArena/checkpoints/PrediMem/vlm_tasks1to26_ckpt74500
2026-09-19 15:41:32,095 | INFO | async VLM enabled: single-slot subtask buffer
2026-09-19 15:41:32,311 | INFO | [t=10] VLA chunk prompt=Put cookies into the microwave and then put chocolate into the location where the cookies were placed.
2026-09-19 15:41:32,547 | INFO | [t=20] VLA chunk prompt=Put cookies into the microwave and then put chocolate into the location where the cookies were placed.
2026-09-19 15:41:32,778 | INFO | [t=30] VLA chunk prompt=Put cookies into the microwave and then put chocolate into the location where the cookies were placed.
2026-09-19 15:41:33,010 | INFO | [t=40] VLA chunk prompt=Put cookies into the microwave and then put chocolate into the location where the cookies were placed.
2026-09-19 15:41:33,242 | INFO | [t=50] VLA chunk prompt=Put cookies into the microwave and then put chocolate into the location where the cookies were placed.
2026-09-19 15:41:33,477 | INFO | [t=60] VLA chunk prompt=Put cookies into the microwave and then put chocolate into the location where the cookies were placed.
2026-09-19 15:41:33,713 | INFO | [t=70] VLA chunk prompt=Put cookies into the microwave and then put chocolate into the location where the cookies were placed.
2026-09-19 15:41:33,899 | INFO | [t=80] harness subtask override: open microwave
2026-09-19 15:41:33,899 | INFO | [t=80] VLM prompt update from step=-1: open microwave
2026-09-19 15:41:33,899 | INFO | [t=80] harness forced VLM replan after stall (pmh visual retrieve armed)
2026-09-19 15:41:33,949 | INFO | [t=80] VLA chunk prompt=open microwave
2026-09-19 15:41:34,182 | INFO | [t=90] VLA chunk prompt=open microwave
2026-09-19 15:41:34,415 | INFO | [t=100] VLA chunk prompt=open microwave
2026-09-19 15:41:34,648 | INFO | [t=110] VLA chunk prompt=open microwave
2026-09-19 15:41:34,883 | INFO | [t=120] VLA chunk prompt=open microwave
2026-09-19 15:41:35,056 | INFO | API VLM @t=0 task=20 subtask=open_microwave keyframes=[]
2026-09-19 15:41:35,072 | INFO | [t=130] VLM prompt update from step=0: open_microwave
2026-09-19 15:41:35,121 | INFO | [t=130] VLA chunk prompt=open_microwave
2026-09-19 15:41:35,387 | INFO | [t=140] VLA chunk prompt=open_microwave
2026-09-19 15:41:35,662 | INFO | [t=150] VLA chunk prompt=open_microwave
2026-09-19 15:41:35,939 | INFO | [t=160] VLA chunk prompt=open_microwave
2026-09-19 15:41:36,214 | INFO | [t=170] VLA chunk prompt=open_microwave
2026-09-19 15:41:36,497 | INFO | [t=180] VLA chunk prompt=open_microwave
2026-09-19 15:41:36,780 | INFO | [t=190] VLA chunk prompt=open_microwave
2026-09-19 15:41:37,070 | INFO | [t=200] VLA chunk prompt=open_microwave
2026-09-19 15:41:37,362 | INFO | [t=210] VLA chunk prompt=open_microwave
2026-09-19 15:41:37,653 | INFO | [t=220] VLA chunk prompt=open_microwave
2026-09-19 15:41:37,694 | INFO | API VLM @t=115 task=20 subtask=open_microwave keyframes=[]
2026-09-19 15:41:37,951 | INFO | [t=230] VLA chunk prompt=open_microwave
2026-09-19 15:41:38,255 | INFO | [t=240] VLA chunk prompt=open_microwave
2026-09-19 15:41:38,559 | INFO | [t=250] VLA chunk prompt=open_microwave
2026-09-19 15:41:38,864 | INFO | [t=260] VLA chunk prompt=open_microwave
2026-09-19 15:41:39,072 | INFO | [t=268] stage done: 01_Open_Microwave
2026-09-19 15:41:39,175 | INFO | [t=270] VLA chunk prompt=open_microwave
2026-09-19 15:41:39,481 | INFO | [t=280] VLA chunk prompt=open_microwave
2026-09-19 15:41:39,781 | INFO | [t=290] VLA chunk prompt=open_microwave
2026-09-19 15:41:40,087 | INFO | [t=300] VLA chunk prompt=open_microwave
2026-09-19 15:41:40,274 | INFO | API VLM @t=210 task=20 subtask=open_microwave keyframes=[]
2026-09-19 15:41:40,399 | INFO | [t=310] VLA chunk prompt=open_microwave
2026-09-19 15:41:40,712 | INFO | [t=320] VLA chunk prompt=open_microwave
2026-09-19 15:41:41,026 | INFO | [t=330] VLA chunk prompt=open_microwave
2026-09-19 15:41:41,347 | INFO | [t=340] VLA chunk prompt=open_microwave
2026-09-19 15:41:41,613 | INFO | [t=350] harness subtask override: place cookies
2026-09-19 15:41:41,613 | INFO | [t=350] VLM prompt update from step=210: place cookies
2026-09-19 15:41:41,613 | INFO | [t=350] harness forced VLM replan after stall (pmh visual retrieve armed)
2026-09-19 15:41:41,663 | INFO | [t=350] VLA chunk prompt=place cookies
2026-09-19 15:41:41,979 | INFO | [t=360] VLA chunk prompt=place cookies
2026-09-19 15:41:42,295 | INFO | [t=370] VLA chunk prompt=place cookies
2026-09-19 15:41:42,608 | INFO | [t=380] VLA chunk prompt=place cookies
2026-09-19 15:41:42,919 | INFO | [t=390] VLA chunk prompt=place cookies
2026-09-19 15:41:42,947 | INFO | API VLM @t=295 task=20 subtask=open_microwave keyframes=[]
2026-09-19 15:41:43,183 | INFO | [t=400] VLM prompt update from step=295: open_microwave
2026-09-19 15:41:43,232 | INFO | [t=400] VLA chunk prompt=open_microwave
2026-09-19 15:41:43,542 | INFO | [t=410] VLA chunk prompt=open_microwave
2026-09-19 15:41:43,853 | INFO | [t=420] VLA chunk prompt=open_microwave
2026-09-19 15:41:44,164 | INFO | [t=430] VLA chunk prompt=open_microwave
2026-09-19 15:41:44,475 | INFO | [t=440] VLA chunk prompt=open_microwave
2026-09-19 15:41:44,785 | INFO | [t=450] VLA chunk prompt=open_microwave
2026-09-19 15:41:45,096 | INFO | [t=460] VLA chunk prompt=open_microwave
2026-09-19 15:41:45,407 | INFO | [t=470] VLA chunk prompt=open_microwave
2026-09-19 15:41:45,718 | INFO | [t=480] VLA chunk prompt=open_microwave
2026-09-19 15:41:46,030 | INFO | [t=490] VLA chunk prompt=open_microwave
2026-09-19 15:41:46,111 | INFO | API VLM @t=380 task=20 subtask=open the microwave keyframes=[]
2026-09-19 15:41:46,296 | INFO | [t=500] VLM prompt update from step=380: open the microwave
2026-09-19 15:41:46,346 | INFO | [t=500] VLA chunk prompt=open the microwave
2026-09-19 15:41:46,658 | INFO | [t=510] VLA chunk prompt=open the microwave
2026-09-19 15:41:46,969 | INFO | [t=520] VLA chunk prompt=open the microwave
2026-09-19 15:41:47,281 | INFO | [t=530] VLA chunk prompt=open the microwave
2026-09-19 15:41:47,592 | INFO | [t=540] VLA chunk prompt=open the microwave
2026-09-19 15:41:47,904 | INFO | [t=550] VLA chunk prompt=open the microwave
2026-09-19 15:41:48,217 | INFO | [t=560] VLA chunk prompt=open the microwave
2026-09-19 15:41:48,529 | INFO | [t=570] VLA chunk prompt=open the microwave
2026-09-19 15:41:48,842 | INFO | [t=580] VLA chunk prompt=open the microwave
2026-09-19 15:41:49,093 | INFO | API VLM @t=480 task=20 subtask=open_microwave keyframes=[]
2026-09-19 15:41:49,110 | INFO | [t=590] VLM prompt update from step=480: open_microwave
2026-09-19 15:41:49,161 | INFO | [t=590] VLA chunk prompt=open_microwave
2026-09-19 15:41:49,480 | INFO | [t=600] VLA chunk prompt=open_microwave
2026-09-19 15:41:49,801 | INFO | [t=610] VLA chunk prompt=open_microwave
2026-09-19 15:41:50,122 | INFO | [t=620] VLA chunk prompt=open_microwave
2026-09-19 15:41:50,444 | INFO | [t=630] VLA chunk prompt=open_microwave
2026-09-19 15:41:50,767 | INFO | [t=640] VLA chunk prompt=open_microwave
2026-09-19 15:41:51,090 | INFO | [t=650] VLA chunk prompt=open_microwave
2026-09-19 15:41:51,410 | INFO | [t=660] VLA chunk prompt=open_microwave
2026-09-19 15:41:51,727 | INFO | [t=670] VLA chunk prompt=open_microwave
2026-09-19 15:41:51,932 | INFO | API VLM @t=575 task=20 subtask=open the microwave keyframes=[]
2026-09-19 15:41:52,001 | INFO | [t=680] VLM prompt update from step=575: open the microwave
2026-09-19 15:41:52,051 | INFO | [t=680] VLA chunk prompt=open the microwave
2026-09-19 15:41:52,375 | INFO | [t=690] VLA chunk prompt=open the microwave
2026-09-19 15:41:52,693 | INFO | [t=700] VLA chunk prompt=open the microwave
2026-09-19 15:41:53,008 | INFO | [t=710] VLA chunk prompt=open the microwave
2026-09-19 15:41:53,325 | INFO | [t=720] VLA chunk prompt=open the microwave
2026-09-19 15:41:53,644 | INFO | [t=730] VLA chunk prompt=open the microwave
2026-09-19 15:41:53,964 | INFO | [t=740] VLA chunk prompt=open the microwave
2026-09-19 15:41:54,283 | INFO | [t=750] VLA chunk prompt=open the microwave
2026-09-19 15:41:54,323 | INFO | API VLM @t=665 task=20 subtask=open_microwave keyframes=[]
2026-09-19 15:41:54,554 | INFO | [t=760] VLM prompt update from step=665: open_microwave
2026-09-19 15:41:54,607 | INFO | [t=760] VLA chunk prompt=open_microwave
2026-09-19 15:41:54,923 | INFO | [t=770] VLA chunk prompt=open_microwave
2026-09-19 15:41:55,243 | INFO | [t=780] VLA chunk prompt=open_microwave
2026-09-19 15:41:55,559 | INFO | [t=790] VLA chunk prompt=open_microwave
2026-09-19 15:41:55,880 | INFO | [t=800] VLA chunk prompt=open_microwave
2026-09-19 15:41:56,198 | INFO | [t=810] VLA chunk prompt=open_microwave
2026-09-19 15:41:56,517 | INFO | [t=820] VLA chunk prompt=open_microwave
2026-09-19 15:41:56,835 | INFO | [t=830] VLA chunk prompt=open_microwave
2026-09-19 15:41:57,154 | INFO | [t=840] VLA chunk prompt=open_microwave
2026-09-19 15:41:57,496 | INFO | [t=850] VLA chunk prompt=open_microwave
2026-09-19 15:41:57,505 | INFO | API VLM @t=740 task=20 subtask=open_microwave keyframes=[]
2026-09-19 15:41:57,838 | INFO | [t=860] VLA chunk prompt=open_microwave
2026-09-19 15:41:58,167 | INFO | [t=870] VLA chunk prompt=open_microwave
2026-09-19 15:41:58,495 | INFO | [t=880] VLA chunk prompt=open_microwave
2026-09-19 15:41:58,820 | INFO | [t=890] VLA chunk prompt=open_microwave
2026-09-19 15:41:59,137 | INFO | [t=900] VLA chunk prompt=open_microwave
2026-09-19 15:41:59,451 | INFO | [t=910] VLA chunk prompt=open_microwave
2026-09-19 15:41:59,766 | INFO | [t=920] VLA chunk prompt=open_microwave
2026-09-19 15:42:00,089 | INFO | [t=930] VLA chunk prompt=open_microwave
2026-09-19 15:42:00,166 | INFO | API VLM @t=840 task=20 subtask=open_microwave keyframes=[]
2026-09-19 15:42:00,435 | INFO | [t=940] VLA chunk prompt=open_microwave
2026-09-19 15:42:00,754 | INFO | [t=950] VLA chunk prompt=open_microwave
2026-09-19 15:42:01,071 | INFO | [t=960] VLA chunk prompt=open_microwave
2026-09-19 15:42:01,390 | INFO | [t=970] VLA chunk prompt=open_microwave
2026-09-19 15:42:01,706 | INFO | [t=980] VLA chunk prompt=open_microwave
2026-09-19 15:42:02,023 | INFO | [t=990] VLA chunk prompt=open_microwave
2026-09-19 15:42:02,338 | INFO | [t=1000] VLA chunk prompt=open_microwave
2026-09-19 15:42:02,652 | INFO | [t=1010] VLA chunk prompt=open_microwave
2026-09-19 15:42:02,970 | INFO | [t=1020] VLA chunk prompt=open_microwave
2026-09-19 15:42:03,077 | INFO | API VLM @t=920 task=20 subtask=open_microwave keyframes=[]
2026-09-19 15:42:03,287 | INFO | [t=1030] VLA chunk prompt=open_microwave
2026-09-19 15:42:03,604 | INFO | [t=1040] VLA chunk prompt=open_microwave
2026-09-19 15:42:03,919 | INFO | [t=1050] VLA chunk prompt=open_microwave
2026-09-19 15:42:04,236 | INFO | [t=1060] VLA chunk prompt=open_microwave
2026-09-19 15:42:04,552 | INFO | [t=1070] VLA chunk prompt=open_microwave
2026-09-19 15:42:04,863 | INFO | [t=1080] VLA chunk prompt=open_microwave
2026-09-19 15:42:05,170 | INFO | [t=1090] VLA chunk prompt=open_microwave
2026-09-19 15:42:05,478 | INFO | [t=1100] VLA chunk prompt=open_microwave
2026-09-19 15:42:05,791 | INFO | [t=1110] VLA chunk prompt=open_microwave
2026-09-19 15:42:06,108 | INFO | [t=1120] VLA chunk prompt=open_microwave
2026-09-19 15:42:06,426 | INFO | [t=1130] VLA chunk prompt=open_microwave
2026-09-19 15:42:06,742 | INFO | [t=1140] VLA chunk prompt=open_microwave
2026-09-19 15:42:07,060 | INFO | [t=1150] VLA chunk prompt=open_microwave
2026-09-19 15:42:07,118 | INFO | API VLM @t=1010 task=20 subtask=open_microwave keyframes=[]
2026-09-19 15:42:07,380 | INFO | [t=1160] VLA chunk prompt=open_microwave
2026-09-19 15:42:07,697 | INFO | [t=1170] VLA chunk prompt=open_microwave
2026-09-19 15:42:08,013 | INFO | [t=1180] VLA chunk prompt=open_microwave
2026-09-19 15:42:08,328 | INFO | [t=1190] VLA chunk prompt=open_microwave
2026-09-19 15:42:08,642 | INFO | [t=1200] VLA chunk prompt=open_microwave
2026-09-19 15:42:08,955 | INFO | [t=1210] VLA chunk prompt=open_microwave
2026-09-19 15:42:09,270 | INFO | [t=1220] VLA chunk prompt=open_microwave
2026-09-19 15:42:09,566 | INFO | API VLM @t=1140 task=20 subtask=open_microwave keyframes=[]
2026-09-19 15:42:09,581 | INFO | [t=1230] VLA chunk prompt=open_microwave
2026-09-19 15:42:09,893 | INFO | [t=1240] VLA chunk prompt=open_microwave
2026-09-19 15:42:10,205 | INFO | [t=1250] VLA chunk prompt=open_microwave
2026-09-19 15:42:10,517 | INFO | [t=1260] VLA chunk prompt=open_microwave
2026-09-19 15:42:10,829 | INFO | [t=1270] VLA chunk prompt=open_microwave
2026-09-19 15:42:11,142 | INFO | [t=1280] VLA chunk prompt=open_microwave
2026-09-19 15:42:11,452 | INFO | [t=1290] VLA chunk prompt=open_microwave
2026-09-19 15:42:11,765 | INFO | [t=1300] VLA chunk prompt=open_microwave
2026-09-19 15:42:12,077 | INFO | [t=1310] VLA chunk prompt=open_microwave
2026-09-19 15:42:12,387 | INFO | [t=1320] VLA chunk prompt=open_microwave
2026-09-19 15:42:12,453 | INFO | API VLM @t=1220 task=20 subtask=open_microwave keyframes=[]
2026-09-19 15:42:12,698 | INFO | [t=1330] VLA chunk prompt=open_microwave
2026-09-19 15:42:13,006 | INFO | [t=1340] VLA chunk prompt=open_microwave
2026-09-19 15:42:13,319 | INFO | [t=1350] VLA chunk prompt=open_microwave
2026-09-19 15:42:13,629 | INFO | [t=1360] VLA chunk prompt=open_microwave
2026-09-19 15:42:13,939 | INFO | [t=1370] VLA chunk prompt=open_microwave
2026-09-19 15:42:14,248 | INFO | [t=1380] VLA chunk prompt=open_microwave
2026-09-19 15:42:14,561 | INFO | [t=1390] VLA chunk prompt=open_microwave
2026-09-19 15:42:14,870 | INFO | [t=1400] VLA chunk prompt=open_microwave
2026-09-19 15:42:14,972 | INFO | API VLM @t=1310 task=20 subtask=open_microwave keyframes=[]
2026-09-19 15:42:15,209 | INFO | [t=1410] VLA chunk prompt=open_microwave
2026-09-19 15:42:15,543 | INFO | [t=1420] VLA chunk prompt=open_microwave
2026-09-19 15:42:15,853 | INFO | [t=1430] VLA chunk prompt=open_microwave
2026-09-19 15:42:16,164 | INFO | [t=1440] VLA chunk prompt=open_microwave
2026-09-19 15:42:16,474 | INFO | [t=1450] VLA chunk prompt=open_microwave
2026-09-19 15:42:16,783 | INFO | [t=1460] VLA chunk prompt=open_microwave
2026-09-19 15:42:17,090 | INFO | [t=1470] VLA chunk prompt=open_microwave
2026-09-19 15:42:17,398 | INFO | [t=1480] VLA chunk prompt=open_microwave
2026-09-19 15:42:17,444 | INFO | API VLM @t=1390 task=20 subtask=open_microwave keyframes=[]
2026-09-19 15:42:17,711 | INFO | [t=1490] VLA chunk prompt=open_microwave
2026-09-19 15:42:18,022 | INFO | [t=1500] VLA chunk prompt=open_microwave
2026-09-19 15:42:18,334 | INFO | [t=1510] VLA chunk prompt=open_microwave
2026-09-19 15:42:18,644 | INFO | [t=1520] VLA chunk prompt=open_microwave
2026-09-19 15:42:18,954 | INFO | [t=1530] VLA chunk prompt=open_microwave
2026-09-19 15:42:19,265 | INFO | [t=1540] VLA chunk prompt=open_microwave
2026-09-19 15:42:19,575 | INFO | [t=1550] VLA chunk prompt=open_microwave
2026-09-19 15:42:19,779 | INFO | API VLM @t=1470 task=20 subtask=open_microwave keyframes=[]
2026-09-19 15:42:19,886 | INFO | [t=1560] VLA chunk prompt=open_microwave
2026-09-19 15:42:20,195 | INFO | [t=1570] VLA chunk prompt=open_microwave
2026-09-19 15:42:20,503 | INFO | [t=1580] VLA chunk prompt=open_microwave
2026-09-19 15:42:20,811 | INFO | [t=1590] VLA chunk prompt=open_microwave
2026-09-19 15:42:21,119 | INFO | [t=1600] VLA chunk prompt=open_microwave
2026-09-19 15:42:21,430 | INFO | [t=1610] VLA chunk prompt=open_microwave
2026-09-19 15:42:21,738 | INFO | [t=1620] VLA chunk prompt=open_microwave
2026-09-19 15:42:22,049 | INFO | [t=1630] VLA chunk prompt=open_microwave
2026-09-19 15:42:22,362 | INFO | [t=1640] VLA chunk prompt=open_microwave
2026-09-19 15:42:22,673 | INFO | [t=1650] VLA chunk prompt=open_microwave
2026-09-19 15:42:22,703 | INFO | API VLM @t=1545 task=20 subtask=open_microwave keyframes=[]
2026-09-19 15:42:22,992 | INFO | [t=1660] VLA chunk prompt=open_microwave
2026-09-19 15:42:23,305 | INFO | [t=1670] VLA chunk prompt=open_microwave
2026-09-19 15:42:23,615 | INFO | [t=1680] VLA chunk prompt=open_microwave
2026-09-19 15:42:23,919 | INFO | [t=1690] VLA chunk prompt=open_microwave
2026-09-19 15:42:24,223 | INFO | [t=1700] VLA chunk prompt=open_microwave
2026-09-19 15:42:24,527 | INFO | [t=1710] VLA chunk prompt=open_microwave
2026-09-19 15:42:24,836 | INFO | [t=1720] VLA chunk prompt=open_microwave
2026-09-19 15:42:25,150 | INFO | [t=1730] VLA chunk prompt=open_microwave
2026-09-19 15:42:25,465 | INFO | [t=1740] VLA chunk prompt=open_microwave
2026-09-19 15:42:25,558 | INFO | API VLM @t=1640 task=20 subtask=open_microwave keyframes=[]
2026-09-19 15:42:25,772 | INFO | [t=1750] VLA chunk prompt=open_microwave
2026-09-19 15:42:26,076 | INFO | [t=1760] VLA chunk prompt=open_microwave
2026-09-19 15:42:26,375 | INFO | [t=1770] VLA chunk prompt=open_microwave
2026-09-19 15:42:26,673 | INFO | [t=1780] VLA chunk prompt=open_microwave
2026-09-19 15:42:26,975 | INFO | [t=1790] VLA chunk prompt=open_microwave
2026-09-19 15:42:27,280 | INFO | [t=1800] VLA chunk prompt=open_microwave
2026-09-19 15:42:27,578 | INFO | [t=1810] VLA chunk prompt=open_microwave
2026-09-19 15:42:27,886 | INFO | [t=1820] VLA chunk prompt=open_microwave
2026-09-19 15:42:28,103 | INFO | API VLM @t=1730 task=20 subtask=open_microwave keyframes=[]
2026-09-19 15:42:28,204 | INFO | [t=1830] VLA chunk prompt=open_microwave
2026-09-19 15:42:28,504 | INFO | [t=1840] VLA chunk prompt=open_microwave
2026-09-19 15:42:28,802 | INFO | [t=1850] VLA chunk prompt=open_microwave
2026-09-19 15:42:29,100 | INFO | [t=1860] VLA chunk prompt=open_microwave
2026-09-19 15:42:29,400 | INFO | [t=1870] VLA chunk prompt=open_microwave
2026-09-19 15:42:29,700 | INFO | [t=1880] VLA chunk prompt=open_microwave
2026-09-19 15:42:29,999 | INFO | [t=1890] VLA chunk prompt=open_microwave
2026-09-19 15:42:30,296 | INFO | [t=1900] VLA chunk prompt=open_microwave
2026-09-19 15:42:30,594 | INFO | [t=1910] VLA chunk prompt=open_microwave
2026-09-19 15:42:30,808 | INFO | API VLM @t=1815 task=20 subtask=open the microwave keyframes=[]
2026-09-19 15:42:30,845 | INFO | [t=1920] VLM prompt update from step=1815: open the microwave
2026-09-19 15:42:30,895 | INFO | [t=1920] VLA chunk prompt=open the microwave
2026-09-19 15:42:31,195 | INFO | [t=1930] VLA chunk prompt=open the microwave
2026-09-19 15:42:31,494 | INFO | [t=1940] VLA chunk prompt=open the microwave
2026-09-19 15:42:31,791 | INFO | [t=1950] VLA chunk prompt=open the microwave
2026-09-19 15:42:32,087 | INFO | [t=1960] VLA chunk prompt=open the microwave
2026-09-19 15:42:32,383 | INFO | [t=1970] VLA chunk prompt=open the microwave
2026-09-19 15:42:32,678 | INFO | [t=1980] VLA chunk prompt=open the microwave
2026-09-19 15:42:32,981 | INFO | [t=1990] VLA chunk prompt=open the microwave
2026-09-19 15:42:33,217 | INFO | API VLM @t=1905 task=20 subtask=open_microwave keyframes=[]
2026-09-19 15:42:33,228 | INFO | [t=2000] VLM prompt update from step=1905: open_microwave
2026-09-19 15:42:33,279 | INFO | [t=2000] VLA chunk prompt=open_microwave
2026-09-19 15:42:33,574 | INFO | [t=2010] VLA chunk prompt=open_microwave
2026-09-19 15:42:33,868 | INFO | [t=2020] VLA chunk prompt=open_microwave
2026-09-19 15:42:34,162 | INFO | [t=2030] VLA chunk prompt=open_microwave
2026-09-19 15:42:34,458 | INFO | [t=2040] VLA chunk prompt=open_microwave
2026-09-19 15:42:34,751 | INFO | [t=2050] VLA chunk prompt=open_microwave
2026-09-19 15:42:35,046 | INFO | [t=2060] VLA chunk prompt=open_microwave
2026-09-19 15:42:35,341 | INFO | [t=2070] VLA chunk prompt=open_microwave
2026-09-19 15:42:35,634 | INFO | [t=2080] VLA chunk prompt=open_microwave
2026-09-19 15:42:35,902 | INFO | API VLM @t=1985 task=20 subtask=open_microwave keyframes=[]
2026-09-19 15:42:35,928 | INFO | [t=2090] VLA chunk prompt=open_microwave
2026-09-19 15:42:36,223 | INFO | [t=2100] VLA chunk prompt=open_microwave
2026-09-19 15:42:36,516 | INFO | [t=2110] VLA chunk prompt=open_microwave
2026-09-19 15:42:36,812 | INFO | [t=2120] VLA chunk prompt=open_microwave
2026-09-19 15:42:37,103 | INFO | [t=2130] VLA chunk prompt=open_microwave
2026-09-19 15:42:37,396 | INFO | [t=2140] VLA chunk prompt=open_microwave
2026-09-19 15:42:37,689 | INFO | [t=2150] VLA chunk prompt=open_microwave
2026-09-19 15:42:37,984 | INFO | [t=2160] VLA chunk prompt=open_microwave
2026-09-19 15:42:38,282 | INFO | [t=2170] VLA chunk prompt=open_microwave
2026-09-19 15:42:38,581 | INFO | [t=2180] VLA chunk prompt=open_microwave
2026-09-19 15:42:38,816 | INFO | API VLM @t=2080 task=20 subtask=open_microwave keyframes=[]
2026-09-19 15:42:38,877 | INFO | [t=2190] VLA chunk prompt=open_microwave
2026-09-19 15:42:39,170 | INFO | [t=2200] VLA chunk prompt=open_microwave
2026-09-19 15:42:39,463 | INFO | [t=2210] VLA chunk prompt=open_microwave
2026-09-19 15:42:39,757 | INFO | [t=2220] VLA chunk prompt=open_microwave
2026-09-19 15:42:40,049 | INFO | [t=2230] VLA chunk prompt=open_microwave
2026-09-19 15:42:40,342 | INFO | [t=2240] VLA chunk prompt=open_microwave
2026-09-19 15:42:40,635 | INFO | [t=2250] VLA chunk prompt=open_microwave
2026-09-19 15:42:40,927 | INFO | [t=2260] VLA chunk prompt=open_microwave
2026-09-19 15:42:41,221 | INFO | [t=2270] VLA chunk prompt=open_microwave
2026-09-19 15:42:41,243 | INFO | API VLM @t=2175 task=20 subtask=open_microwave keyframes=[]
2026-09-19 15:42:41,517 | INFO | [t=2280] VLA chunk prompt=open_microwave
2026-09-19 15:42:41,829 | INFO | [t=2290] VLA chunk prompt=open_microwave
2026-09-19 15:42:42,123 | INFO | [t=2300] VLA chunk prompt=open_microwave
2026-09-19 15:42:42,416 | INFO | [t=2310] VLA chunk prompt=open_microwave
2026-09-19 15:42:42,708 | INFO | [t=2320] VLA chunk prompt=open_microwave
2026-09-19 15:42:43,001 | INFO | [t=2330] VLA chunk prompt=open_microwave
2026-09-19 15:42:43,294 | INFO | [t=2340] VLA chunk prompt=open_microwave
2026-09-19 15:42:43,587 | INFO | [t=2350] VLA chunk prompt=open_microwave
2026-09-19 15:42:43,882 | INFO | [t=2360] VLA chunk prompt=open_microwave
2026-09-19 15:42:43,908 | INFO | API VLM @t=2260 task=20 subtask=open_microwave keyframes=[]
2026-09-19 15:42:44,181 | INFO | [t=2370] VLA chunk prompt=open_microwave
2026-09-19 15:42:44,474 | INFO | [t=2380] VLA chunk prompt=open_microwave
2026-09-19 15:42:44,769 | INFO | [t=2390] VLA chunk prompt=open_microwave
2026-09-19 15:42:45,063 | INFO | [t=2400] VLA chunk prompt=open_microwave
2026-09-19 15:42:45,358 | INFO | [t=2410] VLA chunk prompt=open_microwave
2026-09-19 15:42:45,653 | INFO | [t=2420] VLA chunk prompt=open_microwave
2026-09-19 15:42:45,950 | INFO | [t=2430] VLA chunk prompt=open_microwave
2026-09-19 15:42:46,244 | INFO | [t=2440] VLA chunk prompt=open_microwave
2026-09-19 15:42:46,535 | INFO | [t=2450] VLA chunk prompt=open_microwave
2026-09-19 15:42:46,800 | INFO | API VLM @t=2350 task=20 subtask=open_microwave keyframes=[]
2026-09-19 15:42:46,826 | INFO | [t=2460] VLA chunk prompt=open_microwave
2026-09-19 15:42:47,118 | INFO | [t=2470] VLA chunk prompt=open_microwave
2026-09-19 15:42:47,411 | INFO | [t=2480] VLA chunk prompt=open_microwave
2026-09-19 15:42:47,704 | INFO | [t=2490] VLA chunk prompt=open_microwave
2026-09-19 15:42:47,997 | INFO | [t=2500] VLA chunk prompt=open_microwave
2026-09-19 15:42:49,786 | INFO | API VLM @t=2450 task=20 subtask=open_microwave keyframes=[]
2026-09-19 15:42:49,936 | INFO | attempt=0 stage_score=33.3 stage_success=False failure_reason=incomplete_stage
2026-09-19 15:42:49,941 | INFO | Episode 8 seed=108 stage_score=33.3 stage_success=0 goal=0.333 failure_reason=incomplete_stage | 01_Open_Microwave=Y | 02_Place_Cookies_Microwave=N | 03_Place_Chocolate_Microwave=N
