2026-09-18 14:46:51,038 | INFO | task_id=5 bddl=/project/peilab/why/RoboMemArena/bddl/5_butter_middle_drawer.bddl vlm_ckpt=/project/peilab/why/RoboMemArena/checkpoints/PrediMem/vlm_tasks1to26_ckpt74500
2026-09-18 14:46:53,011 | INFO | async VLM enabled: single-slot subtask buffer
2026-09-18 14:46:53,267 | INFO | [t=10] VLA chunk prompt=Open all drawers in order, remember the empty drawer, then put butter into that empty drawer.
2026-09-18 14:46:53,544 | INFO | [t=20] VLA chunk prompt=Open all drawers in order, remember the empty drawer, then put butter into that empty drawer.
2026-09-18 14:46:53,818 | INFO | [t=30] VLA chunk prompt=Open all drawers in order, remember the empty drawer, then put butter into that empty drawer.
2026-09-18 14:46:54,090 | INFO | [t=40] VLA chunk prompt=Open all drawers in order, remember the empty drawer, then put butter into that empty drawer.
2026-09-18 14:46:54,363 | INFO | [t=50] VLA chunk prompt=Open all drawers in order, remember the empty drawer, then put butter into that empty drawer.
2026-09-18 14:46:54,636 | INFO | [t=60] VLA chunk prompt=Open all drawers in order, remember the empty drawer, then put butter into that empty drawer.
2026-09-18 14:46:54,921 | INFO | [t=70] VLA chunk prompt=Open all drawers in order, remember the empty drawer, then put butter into that empty drawer.
2026-09-18 14:46:55,154 | INFO | [t=80] harness subtask override: open top drawer
2026-09-18 14:46:55,155 | INFO | [t=80] VLM prompt update from step=-1: open top drawer
2026-09-18 14:46:55,155 | INFO | [t=80] harness forced VLM replan after stall (pmh visual retrieve armed)
2026-09-18 14:46:55,205 | INFO | [t=80] VLA chunk prompt=open top drawer
2026-09-18 14:46:55,491 | INFO | [t=90] VLA chunk prompt=open top drawer
2026-09-18 14:46:55,776 | INFO | [t=100] VLA chunk prompt=open top drawer
2026-09-18 14:46:56,056 | INFO | [t=110] VLA chunk prompt=open top drawer
2026-09-18 14:46:56,332 | INFO | [t=120] VLA chunk prompt=open top drawer
2026-09-18 14:46:56,608 | INFO | [t=130] VLA chunk prompt=open top drawer
2026-09-18 14:46:56,918 | INFO | [t=140] VLA chunk prompt=open top drawer
2026-09-18 14:46:56,973 | INFO | [t=142] stage done: 01_Open_Top_Drawer
2026-09-18 14:46:57,240 | INFO | [t=150] VLA chunk prompt=open top drawer
2026-09-18 14:46:57,561 | INFO | [t=160] VLA chunk prompt=open top drawer
2026-09-18 14:46:57,891 | INFO | [t=170] VLA chunk prompt=open top drawer
2026-09-18 14:46:58,228 | INFO | [t=180] VLA chunk prompt=open top drawer
2026-09-18 14:46:58,571 | INFO | [t=190] VLA chunk prompt=open top drawer
2026-09-18 14:46:58,920 | INFO | [t=200] VLA chunk prompt=open top drawer
2026-09-18 14:46:59,266 | INFO | [t=210] VLA chunk prompt=open top drawer
2026-09-18 14:46:59,616 | INFO | [t=220] VLA chunk prompt=open top drawer
2026-09-18 14:46:59,913 | INFO | [t=230] harness subtask override: close top drawer
2026-09-18 14:46:59,913 | INFO | [t=230] VLM prompt update from step=70: close top drawer
2026-09-18 14:46:59,913 | INFO | [t=230] harness forced VLM replan after stall (pmh visual retrieve armed)
2026-09-18 14:46:59,964 | INFO | [t=230] VLA chunk prompt=close top drawer
2026-09-18 14:47:00,316 | INFO | [t=240] VLA chunk prompt=close top drawer
2026-09-18 14:47:00,600 | INFO | [t=249] stage done: 02_Close_Top_Drawer
2026-09-18 14:47:00,682 | INFO | [t=250] VLA chunk prompt=close top drawer
2026-09-18 14:47:01,052 | INFO | [t=260] VLA chunk prompt=close top drawer
2026-09-18 14:47:01,434 | INFO | [t=270] VLA chunk prompt=close top drawer
2026-09-18 14:47:01,813 | INFO | [t=280] VLA chunk prompt=close top drawer
2026-09-18 14:47:02,196 | INFO | [t=290] VLA chunk prompt=close top drawer
2026-09-18 14:47:02,577 | INFO | [t=300] VLA chunk prompt=close top drawer
2026-09-18 14:47:02,961 | INFO | [t=310] VLA chunk prompt=close top drawer
2026-09-18 14:47:03,347 | INFO | [t=320] VLA chunk prompt=close top drawer
2026-09-18 14:47:03,683 | INFO | [t=330] harness subtask override: open middle drawer
2026-09-18 14:47:03,683 | INFO | [t=330] VLM prompt update from step=70: open middle drawer
2026-09-18 14:47:03,683 | INFO | [t=330] harness forced VLM replan after stall (pmh visual retrieve armed)
2026-09-18 14:47:03,734 | INFO | [t=330] VLA chunk prompt=open middle drawer
2026-09-18 14:47:04,119 | INFO | [t=340] VLA chunk prompt=open middle drawer
2026-09-18 14:47:04,501 | INFO | [t=350] VLA chunk prompt=open middle drawer
2026-09-18 14:47:04,884 | INFO | [t=360] VLA chunk prompt=open middle drawer
2026-09-18 14:47:05,258 | INFO | [t=370] VLA chunk prompt=open middle drawer
2026-09-18 14:47:05,632 | INFO | [t=380] VLA chunk prompt=open middle drawer
2026-09-18 14:47:06,008 | INFO | [t=390] VLA chunk prompt=open middle drawer
2026-09-18 14:47:06,385 | INFO | [t=400] VLA chunk prompt=open middle drawer
2026-09-18 14:47:06,765 | INFO | [t=410] VLA chunk prompt=open middle drawer
2026-09-18 14:47:07,151 | INFO | [t=420] VLA chunk prompt=open middle drawer
2026-09-18 14:47:07,540 | INFO | [t=430] VLA chunk prompt=open middle drawer
2026-09-18 14:47:07,925 | INFO | [t=440] VLA chunk prompt=open middle drawer
2026-09-18 14:47:08,309 | INFO | [t=450] VLA chunk prompt=open middle drawer
2026-09-18 14:47:08,694 | INFO | [t=460] VLA chunk prompt=open middle drawer
2026-09-18 14:47:09,080 | INFO | [t=470] VLA chunk prompt=open middle drawer
2026-09-18 14:47:09,468 | INFO | [t=480] VLA chunk prompt=open middle drawer
2026-09-18 14:47:09,854 | INFO | [t=490] VLA chunk prompt=open middle drawer
2026-09-18 14:47:10,241 | INFO | [t=500] VLA chunk prompt=open middle drawer
2026-09-18 14:47:10,628 | INFO | [t=510] VLA chunk prompt=open middle drawer
2026-09-18 14:47:11,014 | INFO | [t=520] VLA chunk prompt=open middle drawer
2026-09-18 14:47:11,405 | INFO | [t=530] VLA chunk prompt=open middle drawer
2026-09-18 14:47:11,795 | INFO | [t=540] VLA chunk prompt=open middle drawer
2026-09-18 14:47:12,187 | INFO | [t=550] VLA chunk prompt=open middle drawer
2026-09-18 14:47:12,574 | INFO | [t=560] VLA chunk prompt=open middle drawer
2026-09-18 14:47:12,960 | INFO | [t=570] VLA chunk prompt=open middle drawer
2026-09-18 14:47:13,348 | INFO | [t=580] VLA chunk prompt=open middle drawer
2026-09-18 14:47:13,737 | INFO | [t=590] VLA chunk prompt=open middle drawer
2026-09-18 14:47:14,116 | INFO | [t=600] VLA chunk prompt=open middle drawer
2026-09-18 14:47:14,492 | INFO | [t=610] VLA chunk prompt=open middle drawer
2026-09-18 14:47:14,869 | INFO | [t=620] VLA chunk prompt=open middle drawer
2026-09-18 14:47:15,244 | INFO | [t=630] VLA chunk prompt=open middle drawer
2026-09-18 14:47:15,616 | INFO | [t=640] VLA chunk prompt=open middle drawer
2026-09-18 14:47:15,985 | INFO | [t=650] VLA chunk prompt=open middle drawer
2026-09-18 14:47:16,353 | INFO | [t=660] VLA chunk prompt=open middle drawer
2026-09-18 14:47:16,722 | INFO | [t=670] VLA chunk prompt=open middle drawer
2026-09-18 14:47:17,091 | INFO | [t=680] VLA chunk prompt=open middle drawer
2026-09-18 14:47:17,461 | INFO | [t=690] VLA chunk prompt=open middle drawer
2026-09-18 14:47:17,841 | INFO | [t=700] VLA chunk prompt=open middle drawer
2026-09-18 14:47:18,223 | INFO | [t=710] VLA chunk prompt=open middle drawer
2026-09-18 14:47:18,601 | INFO | [t=720] VLA chunk prompt=open middle drawer
2026-09-18 14:47:18,978 | INFO | [t=730] VLA chunk prompt=open middle drawer
2026-09-18 14:47:19,357 | INFO | [t=740] VLA chunk prompt=open middle drawer
2026-09-18 14:47:19,735 | INFO | [t=750] VLA chunk prompt=open middle drawer
2026-09-18 14:47:20,108 | INFO | [t=760] VLA chunk prompt=open middle drawer
2026-09-18 14:47:20,479 | INFO | [t=770] VLA chunk prompt=open middle drawer
2026-09-18 14:47:20,847 | INFO | [t=780] VLA chunk prompt=open middle drawer
2026-09-18 14:47:21,212 | INFO | [t=790] VLA chunk prompt=open middle drawer
2026-09-18 14:47:21,576 | INFO | [t=800] VLA chunk prompt=open middle drawer
2026-09-18 14:47:21,941 | INFO | [t=810] VLA chunk prompt=open middle drawer
2026-09-18 14:47:22,304 | INFO | [t=820] VLA chunk prompt=open middle drawer
2026-09-18 14:47:22,664 | INFO | [t=830] VLA chunk prompt=open middle drawer
2026-09-18 14:47:23,024 | INFO | [t=840] VLA chunk prompt=open middle drawer
2026-09-18 14:47:23,384 | INFO | [t=850] VLA chunk prompt=open middle drawer
2026-09-18 14:47:23,744 | INFO | [t=860] VLA chunk prompt=open middle drawer
2026-09-18 14:47:24,105 | INFO | [t=870] VLA chunk prompt=open middle drawer
2026-09-18 14:47:24,470 | INFO | [t=880] VLA chunk prompt=open middle drawer
2026-09-18 14:47:24,836 | INFO | [t=890] VLA chunk prompt=open middle drawer
2026-09-18 14:47:25,205 | INFO | [t=900] VLA chunk prompt=open middle drawer
2026-09-18 14:47:25,575 | INFO | [t=910] VLA chunk prompt=open middle drawer
2026-09-18 14:47:25,946 | INFO | [t=920] VLA chunk prompt=open middle drawer
2026-09-18 14:47:26,320 | INFO | [t=930] VLA chunk prompt=open middle drawer
2026-09-18 14:47:26,695 | INFO | [t=940] VLA chunk prompt=open middle drawer
2026-09-18 14:47:27,079 | INFO | [t=950] VLA chunk prompt=open middle drawer
2026-09-18 14:47:27,449 | INFO | [t=960] VLA chunk prompt=open middle drawer
2026-09-18 14:47:27,817 | INFO | [t=970] VLA chunk prompt=open middle drawer
2026-09-18 14:47:28,181 | INFO | [t=980] VLA chunk prompt=open middle drawer
2026-09-18 14:47:28,308 | INFO | API VLM @t=0 task=5 subtask=open top drawer keyframes=[]
2026-09-18 14:47:28,497 | INFO | [t=990] VLM prompt update from step=0: open top drawer
2026-09-18 14:47:28,548 | INFO | [t=990] VLA chunk prompt=open top drawer
2026-09-18 14:47:28,913 | INFO | [t=1000] VLA chunk prompt=open top drawer
2026-09-18 14:47:29,281 | INFO | [t=1010] VLA chunk prompt=open top drawer
2026-09-18 14:47:29,648 | INFO | [t=1020] VLA chunk prompt=open top drawer
2026-09-18 14:47:30,011 | INFO | [t=1030] VLA chunk prompt=open top drawer
2026-09-18 14:47:30,366 | INFO | [t=1040] VLA chunk prompt=open top drawer
2026-09-18 14:47:30,723 | INFO | [t=1050] VLA chunk prompt=open top drawer
2026-09-18 14:47:31,085 | INFO | [t=1060] VLA chunk prompt=open top drawer
2026-09-18 14:47:31,458 | INFO | [t=1070] VLA chunk prompt=open top drawer
2026-09-18 14:47:31,832 | INFO | [t=1080] VLA chunk prompt=open top drawer
2026-09-18 14:47:32,218 | INFO | [t=1090] VLA chunk prompt=open top drawer
2026-09-18 14:47:32,605 | INFO | [t=1100] VLA chunk prompt=open top drawer
2026-09-18 14:47:32,992 | INFO | [t=1110] VLA chunk prompt=open top drawer
2026-09-18 14:47:33,370 | INFO | [t=1120] VLA chunk prompt=open top drawer
2026-09-18 14:47:33,747 | INFO | [t=1130] VLA chunk prompt=open top drawer
2026-09-18 14:47:34,113 | INFO | [t=1140] VLA chunk prompt=open top drawer
2026-09-18 14:47:34,478 | INFO | [t=1150] VLA chunk prompt=open top drawer
2026-09-18 14:47:34,841 | INFO | [t=1160] VLA chunk prompt=open top drawer
2026-09-18 14:47:35,194 | INFO | [t=1170] VLA chunk prompt=open top drawer
2026-09-18 14:47:35,545 | INFO | [t=1180] VLA chunk prompt=open top drawer
2026-09-18 14:47:35,899 | INFO | [t=1190] VLA chunk prompt=open top drawer
2026-09-18 14:47:36,259 | INFO | [t=1200] VLA chunk prompt=open top drawer
2026-09-18 14:47:36,630 | INFO | [t=1210] VLA chunk prompt=open top drawer
2026-09-18 14:47:37,006 | INFO | [t=1220] VLA chunk prompt=open top drawer
2026-09-18 14:47:37,385 | INFO | [t=1230] VLA chunk prompt=open top drawer
2026-09-18 14:47:37,765 | INFO | [t=1240] VLA chunk prompt=open top drawer
2026-09-18 14:47:38,148 | INFO | [t=1250] VLA chunk prompt=open top drawer
2026-09-18 14:47:38,529 | INFO | [t=1260] VLA chunk prompt=open top drawer
2026-09-18 14:47:38,907 | INFO | [t=1270] VLA chunk prompt=open top drawer
2026-09-18 14:47:39,284 | INFO | [t=1280] VLA chunk prompt=open top drawer
2026-09-18 14:47:39,654 | INFO | [t=1290] VLA chunk prompt=open top drawer
2026-09-18 14:47:40,024 | INFO | [t=1300] VLA chunk prompt=open top drawer
2026-09-18 14:47:40,393 | INFO | [t=1310] VLA chunk prompt=open top drawer
2026-09-18 14:47:40,762 | INFO | [t=1320] VLA chunk prompt=open top drawer
2026-09-18 14:47:41,134 | INFO | [t=1330] VLA chunk prompt=open top drawer
2026-09-18 14:47:41,513 | INFO | [t=1340] VLA chunk prompt=open top drawer
2026-09-18 14:47:41,886 | INFO | [t=1350] VLA chunk prompt=open top drawer
2026-09-18 14:47:42,259 | INFO | [t=1360] VLA chunk prompt=open top drawer
2026-09-18 14:47:42,632 | INFO | [t=1370] VLA chunk prompt=open top drawer
2026-09-18 14:47:43,006 | INFO | [t=1380] VLA chunk prompt=open top drawer
2026-09-18 14:47:43,383 | INFO | [t=1390] VLA chunk prompt=open top drawer
2026-09-18 14:47:43,765 | INFO | [t=1400] VLA chunk prompt=open top drawer
2026-09-18 14:47:44,146 | INFO | [t=1410] VLA chunk prompt=open top drawer
2026-09-18 14:47:44,529 | INFO | [t=1420] VLA chunk prompt=open top drawer
2026-09-18 14:47:44,904 | INFO | [t=1430] VLA chunk prompt=open top drawer
2026-09-18 14:47:45,278 | INFO | [t=1440] VLA chunk prompt=open top drawer
2026-09-18 14:47:45,641 | INFO | [t=1450] VLA chunk prompt=open top drawer
2026-09-18 14:47:46,000 | INFO | [t=1460] VLA chunk prompt=open top drawer
2026-09-18 14:47:46,358 | INFO | [t=1470] VLA chunk prompt=open top drawer
2026-09-18 14:47:46,716 | INFO | [t=1480] VLA chunk prompt=open top drawer
2026-09-18 14:47:47,076 | INFO | [t=1490] VLA chunk prompt=open top drawer
2026-09-18 14:47:47,435 | INFO | [t=1500] VLA chunk prompt=open top drawer
2026-09-18 14:47:47,801 | INFO | [t=1510] VLA chunk prompt=open top drawer
2026-09-18 14:47:48,173 | INFO | [t=1520] VLA chunk prompt=open top drawer
2026-09-18 14:47:48,542 | INFO | [t=1530] VLA chunk prompt=open top drawer
2026-09-18 14:47:48,915 | INFO | [t=1540] VLA chunk prompt=open top drawer
2026-09-18 14:47:49,288 | INFO | [t=1550] VLA chunk prompt=open top drawer
2026-09-18 14:47:49,660 | INFO | [t=1560] VLA chunk prompt=open top drawer
2026-09-18 14:47:50,032 | INFO | [t=1570] VLA chunk prompt=open top drawer
2026-09-18 14:47:50,404 | INFO | [t=1580] VLA chunk prompt=open top drawer
2026-09-18 14:47:50,780 | INFO | [t=1590] VLA chunk prompt=open top drawer
2026-09-18 14:47:51,156 | INFO | [t=1600] VLA chunk prompt=open top drawer
2026-09-18 14:47:51,534 | INFO | [t=1610] VLA chunk prompt=open top drawer
2026-09-18 14:47:51,907 | INFO | [t=1620] VLA chunk prompt=open top drawer
2026-09-18 14:47:52,273 | INFO | [t=1630] VLA chunk prompt=open top drawer
2026-09-18 14:47:52,633 | INFO | [t=1640] VLA chunk prompt=open top drawer
2026-09-18 14:47:52,993 | INFO | [t=1650] VLA chunk prompt=open top drawer
2026-09-18 14:47:53,354 | INFO | [t=1660] VLA chunk prompt=open top drawer
2026-09-18 14:47:53,714 | INFO | [t=1670] VLA chunk prompt=open top drawer
2026-09-18 14:47:54,074 | INFO | [t=1680] VLA chunk prompt=open top drawer
2026-09-18 14:47:54,436 | INFO | [t=1690] VLA chunk prompt=open top drawer
2026-09-18 14:47:54,802 | INFO | [t=1700] VLA chunk prompt=open top drawer
2026-09-18 14:47:55,172 | INFO | [t=1710] VLA chunk prompt=open top drawer
2026-09-18 14:47:55,546 | INFO | [t=1720] VLA chunk prompt=open top drawer
2026-09-18 14:47:55,921 | INFO | [t=1730] VLA chunk prompt=open top drawer
2026-09-18 14:47:56,297 | INFO | [t=1740] VLA chunk prompt=open top drawer
2026-09-18 14:47:56,674 | INFO | [t=1750] VLA chunk prompt=open top drawer
2026-09-18 14:47:57,045 | INFO | [t=1760] VLA chunk prompt=open top drawer
2026-09-18 14:47:57,412 | INFO | [t=1770] VLA chunk prompt=open top drawer
2026-09-18 14:47:57,773 | INFO | [t=1780] VLA chunk prompt=open top drawer
2026-09-18 14:47:58,133 | INFO | [t=1790] VLA chunk prompt=open top drawer
2026-09-18 14:47:58,494 | INFO | [t=1800] VLA chunk prompt=open top drawer
2026-09-18 14:47:58,854 | INFO | [t=1810] VLA chunk prompt=open top drawer
2026-09-18 14:47:59,216 | INFO | [t=1820] VLA chunk prompt=open top drawer
2026-09-18 14:47:59,581 | INFO | [t=1830] VLA chunk prompt=open top drawer
2026-09-18 14:47:59,951 | INFO | [t=1840] VLA chunk prompt=open top drawer
2026-09-18 14:48:00,325 | INFO | [t=1850] VLA chunk prompt=open top drawer
2026-09-18 14:48:00,706 | INFO | [t=1860] VLA chunk prompt=open top drawer
2026-09-18 14:48:01,082 | INFO | [t=1870] VLA chunk prompt=open top drawer
2026-09-18 14:48:01,453 | INFO | [t=1880] VLA chunk prompt=open top drawer
2026-09-18 14:48:01,824 | INFO | [t=1890] VLA chunk prompt=open top drawer
2026-09-18 14:48:02,191 | INFO | [t=1900] VLA chunk prompt=open top drawer
2026-09-18 14:48:02,566 | INFO | [t=1910] VLA chunk prompt=open top drawer
2026-09-18 14:48:02,937 | INFO | [t=1920] VLA chunk prompt=open top drawer
2026-09-18 14:48:03,312 | INFO | [t=1930] VLA chunk prompt=open top drawer
2026-09-18 14:48:03,681 | INFO | [t=1940] VLA chunk prompt=open top drawer
2026-09-18 14:48:04,050 | INFO | [t=1950] VLA chunk prompt=open top drawer
2026-09-18 14:48:04,420 | INFO | [t=1960] VLA chunk prompt=open top drawer
2026-09-18 14:48:04,793 | INFO | [t=1970] VLA chunk prompt=open top drawer
2026-09-18 14:48:05,182 | INFO | [t=1980] VLA chunk prompt=open top drawer
2026-09-18 14:48:05,582 | INFO | [t=1990] VLA chunk prompt=open top drawer
2026-09-18 14:48:05,982 | INFO | [t=2000] VLA chunk prompt=open top drawer
2026-09-18 14:48:06,386 | INFO | [t=2010] VLA chunk prompt=open top drawer
2026-09-18 14:48:06,794 | INFO | [t=2020] VLA chunk prompt=open top drawer
2026-09-18 14:48:07,199 | INFO | [t=2030] VLA chunk prompt=open top drawer
2026-09-18 14:48:07,586 | INFO | [t=2040] VLA chunk prompt=open top drawer
2026-09-18 14:48:07,619 | INFO | [t=2041] stage done: 03_Open_Middle_Drawer
2026-09-18 14:48:07,965 | INFO | [t=2050] VLA chunk prompt=open top drawer
2026-09-18 14:48:08,342 | INFO | [t=2060] VLA chunk prompt=open top drawer
2026-09-18 14:48:08,708 | INFO | [t=2070] VLA chunk prompt=open top drawer
2026-09-18 14:48:09,065 | INFO | [t=2080] VLA chunk prompt=open top drawer
2026-09-18 14:48:09,418 | INFO | [t=2090] VLA chunk prompt=open top drawer
2026-09-18 14:48:09,770 | INFO | [t=2100] VLA chunk prompt=open top drawer
2026-09-18 14:48:10,126 | INFO | [t=2110] VLA chunk prompt=open top drawer
2026-09-18 14:48:10,479 | INFO | [t=2120] VLA chunk prompt=open top drawer
2026-09-18 14:48:10,782 | INFO | [t=2130] harness subtask override: close middle drawer
2026-09-18 14:48:10,782 | INFO | [t=2130] VLM prompt update from step=0: close middle drawer
2026-09-18 14:48:10,782 | INFO | [t=2130] harness forced VLM replan after stall (pmh visual retrieve armed)
2026-09-18 14:48:10,833 | INFO | [t=2130] VLA chunk prompt=close middle drawer
2026-09-18 14:48:11,187 | INFO | [t=2140] VLA chunk prompt=close middle drawer
2026-09-18 14:48:11,546 | INFO | [t=2150] VLA chunk prompt=close middle drawer
2026-09-18 14:48:11,913 | INFO | [t=2160] VLA chunk prompt=close middle drawer
2026-09-18 14:48:12,008 | INFO | [t=2163] stage done: 04_Close_Middle_Drawer
2026-09-18 14:48:12,280 | INFO | [t=2170] VLA chunk prompt=close middle drawer
2026-09-18 14:48:12,653 | INFO | [t=2180] VLA chunk prompt=close middle drawer
2026-09-18 14:48:13,025 | INFO | [t=2190] VLA chunk prompt=close middle drawer
2026-09-18 14:48:13,389 | INFO | [t=2200] VLA chunk prompt=close middle drawer
2026-09-18 14:48:13,764 | INFO | [t=2210] VLA chunk prompt=close middle drawer
2026-09-18 14:48:14,132 | INFO | [t=2220] VLA chunk prompt=close middle drawer
2026-09-18 14:48:14,500 | INFO | [t=2230] VLA chunk prompt=close middle drawer
2026-09-18 14:48:14,863 | INFO | [t=2240] VLA chunk prompt=close middle drawer
2026-09-18 14:48:15,171 | INFO | [t=2250] harness subtask override: open bottom drawer
2026-09-18 14:48:15,171 | INFO | [t=2250] VLM prompt update from step=0: open bottom drawer
2026-09-18 14:48:15,171 | INFO | [t=2250] harness forced VLM replan after stall (pmh visual retrieve armed)
2026-09-18 14:48:15,222 | INFO | [t=2250] VLA chunk prompt=open bottom drawer
2026-09-18 14:48:15,578 | INFO | [t=2260] VLA chunk prompt=open bottom drawer
2026-09-18 14:48:15,935 | INFO | [t=2270] VLA chunk prompt=open bottom drawer
2026-09-18 14:48:16,291 | INFO | [t=2280] VLA chunk prompt=open bottom drawer
2026-09-18 14:48:16,647 | INFO | [t=2290] VLA chunk prompt=open bottom drawer
2026-09-18 14:48:17,007 | INFO | [t=2300] VLA chunk prompt=open bottom drawer
2026-09-18 14:48:17,361 | INFO | [t=2310] VLA chunk prompt=open bottom drawer
2026-09-18 14:48:17,713 | INFO | [t=2320] VLA chunk prompt=open bottom drawer
2026-09-18 14:48:18,074 | INFO | [t=2330] VLA chunk prompt=open bottom drawer
2026-09-18 14:48:18,432 | INFO | [t=2340] VLA chunk prompt=open bottom drawer
2026-09-18 14:48:18,791 | INFO | [t=2350] VLA chunk prompt=open bottom drawer
2026-09-18 14:48:19,152 | INFO | [t=2360] VLA chunk prompt=open bottom drawer
2026-09-18 14:48:19,522 | INFO | [t=2370] VLA chunk prompt=open bottom drawer
2026-09-18 14:48:19,823 | INFO | API VLM @t=2450 task=5 subtask=close the top drawer keyframes=[]
2026-09-18 14:48:19,900 | INFO | [t=2380] VLA chunk prompt=open bottom drawer
2026-09-18 14:48:20,284 | INFO | [t=2390] VLA chunk prompt=open bottom drawer
2026-09-18 14:48:20,668 | INFO | [t=2400] VLA chunk prompt=open bottom drawer
2026-09-18 14:48:21,054 | INFO | [t=2410] VLA chunk prompt=open bottom drawer
2026-09-18 14:48:21,436 | INFO | [t=2420] VLA chunk prompt=open bottom drawer
2026-09-18 14:48:21,821 | INFO | [t=2430] VLA chunk prompt=open bottom drawer
2026-09-18 14:48:22,200 | INFO | [t=2440] VLA chunk prompt=open bottom drawer
2026-09-18 14:48:22,576 | INFO | [t=2450] VLA chunk prompt=open bottom drawer
2026-09-18 14:48:22,948 | INFO | [t=2460] VLA chunk prompt=open bottom drawer
2026-09-18 14:48:23,326 | INFO | [t=2470] VLA chunk prompt=open bottom drawer
2026-09-18 14:48:23,701 | INFO | [t=2480] VLA chunk prompt=open bottom drawer
2026-09-18 14:48:24,072 | INFO | [t=2490] VLA chunk prompt=open bottom drawer
2026-09-18 14:48:24,439 | INFO | [t=2500] VLA chunk prompt=open bottom drawer
2026-09-18 14:48:27,785 | INFO | attempt=0 stage_score=50.0 stage_success=False failure_reason=incomplete_stage
2026-09-18 14:48:29,803 | INFO | harness release_gripper after env.reset (attempt=1)
2026-09-18 14:48:29,803 | INFO | async VLM enabled: single-slot subtask buffer
2026-09-18 14:48:30,057 | INFO | [t=10] VLA chunk prompt=Open all drawers in order, remember the empty drawer, then put butter into that empty drawer.
2026-09-18 14:48:30,332 | INFO | [t=20] VLA chunk prompt=Open all drawers in order, remember the empty drawer, then put butter into that empty drawer.
2026-09-18 14:48:30,605 | INFO | [t=30] VLA chunk prompt=Open all drawers in order, remember the empty drawer, then put butter into that empty drawer.
2026-09-18 14:48:30,876 | INFO | [t=40] VLA chunk prompt=Open all drawers in order, remember the empty drawer, then put butter into that empty drawer.
2026-09-18 14:48:31,146 | INFO | [t=50] VLA chunk prompt=Open all drawers in order, remember the empty drawer, then put butter into that empty drawer.
2026-09-18 14:48:31,417 | INFO | [t=60] VLA chunk prompt=Open all drawers in order, remember the empty drawer, then put butter into that empty drawer.
2026-09-18 14:48:31,695 | INFO | [t=70] VLA chunk prompt=Open all drawers in order, remember the empty drawer, then put butter into that empty drawer.
2026-09-18 14:48:31,932 | INFO | [t=80] harness subtask override: open top drawer
2026-09-18 14:48:31,932 | INFO | [t=80] VLM prompt update from step=-1: open top drawer
2026-09-18 14:48:31,933 | INFO | [t=80] harness forced VLM replan after stall (pmh visual retrieve armed)
2026-09-18 14:48:31,983 | INFO | [t=80] VLA chunk prompt=open top drawer
2026-09-18 14:48:32,269 | INFO | [t=90] VLA chunk prompt=open top drawer
2026-09-18 14:48:32,550 | INFO | [t=100] VLA chunk prompt=open top drawer
2026-09-18 14:48:32,872 | INFO | [t=110] VLA chunk prompt=open top drawer
2026-09-18 14:48:33,199 | INFO | [t=120] VLA chunk prompt=open top drawer
2026-09-18 14:48:33,524 | INFO | [t=130] VLA chunk prompt=open top drawer
2026-09-18 14:48:33,753 | INFO | [t=138] stage done: 01_Open_Top_Drawer
2026-09-18 14:48:33,860 | INFO | [t=140] VLA chunk prompt=open top drawer
2026-09-18 14:48:34,193 | INFO | [t=150] VLA chunk prompt=open top drawer
2026-09-18 14:48:34,538 | INFO | [t=160] VLA chunk prompt=open top drawer
2026-09-18 14:48:34,900 | INFO | [t=170] VLA chunk prompt=open top drawer
2026-09-18 14:48:35,260 | INFO | [t=180] VLA chunk prompt=open top drawer
2026-09-18 14:48:35,626 | INFO | [t=190] VLA chunk prompt=open top drawer
2026-09-18 14:48:35,776 | INFO | API VLM @t=970 task=5 subtask=open middle drawer keyframes=[]
2026-09-18 14:48:35,993 | INFO | [t=200] VLA chunk prompt=open top drawer
2026-09-18 14:48:36,357 | INFO | [t=210] VLA chunk prompt=open top drawer
2026-09-18 14:48:36,678 | INFO | [t=220] harness subtask override: close top drawer
2026-09-18 14:48:36,678 | INFO | [t=220] VLM prompt update from step=70: close top drawer
2026-09-18 14:48:36,679 | INFO | [t=220] harness forced VLM replan after stall (pmh visual retrieve armed)
2026-09-18 14:48:36,729 | INFO | [t=220] VLA chunk prompt=close top drawer
2026-09-18 14:48:37,107 | INFO | [t=230] VLA chunk prompt=close top drawer
2026-09-18 14:48:37,490 | INFO | [t=240] VLA chunk prompt=close top drawer
2026-09-18 14:48:37,874 | INFO | [t=250] VLA chunk prompt=close top drawer
2026-09-18 14:48:38,262 | INFO | [t=260] VLA chunk prompt=close top drawer
2026-09-18 14:48:38,643 | INFO | [t=270] VLA chunk prompt=close top drawer
2026-09-18 14:48:39,031 | INFO | [t=280] VLA chunk prompt=close top drawer
2026-09-18 14:48:39,421 | INFO | [t=290] VLA chunk prompt=close top drawer
2026-09-18 14:48:39,804 | INFO | [t=300] VLA chunk prompt=close top drawer
2026-09-18 14:48:40,198 | INFO | [t=310] VLA chunk prompt=close top drawer
2026-09-18 14:48:40,582 | INFO | [t=320] VLA chunk prompt=close top drawer
2026-09-18 14:48:40,978 | INFO | [t=330] VLA chunk prompt=close top drawer
2026-09-18 14:48:41,371 | INFO | [t=340] VLA chunk prompt=close top drawer
2026-09-18 14:48:41,773 | INFO | [t=350] VLA chunk prompt=close top drawer
2026-09-18 14:48:42,172 | INFO | [t=360] VLA chunk prompt=close top drawer
2026-09-18 14:48:42,566 | INFO | [t=370] VLA chunk prompt=close top drawer
2026-09-18 14:48:42,970 | INFO | [t=380] VLA chunk prompt=close top drawer
2026-09-18 14:48:43,373 | INFO | [t=390] VLA chunk prompt=close top drawer
2026-09-18 14:48:43,772 | INFO | [t=400] VLA chunk prompt=close top drawer
2026-09-18 14:48:44,175 | INFO | [t=410] VLA chunk prompt=close top drawer
2026-09-18 14:48:44,577 | INFO | [t=420] VLA chunk prompt=close top drawer
2026-09-18 14:48:44,977 | INFO | [t=430] VLA chunk prompt=close top drawer
2026-09-18 14:48:45,383 | INFO | [t=440] VLA chunk prompt=close top drawer
2026-09-18 14:48:45,796 | INFO | [t=450] VLA chunk prompt=close top drawer
2026-09-18 14:48:46,190 | INFO | [t=460] VLA chunk prompt=close top drawer
2026-09-18 14:48:46,585 | INFO | [t=470] VLA chunk prompt=close top drawer
2026-09-18 14:48:46,983 | INFO | [t=480] VLA chunk prompt=close top drawer
2026-09-18 14:48:47,380 | INFO | [t=490] VLA chunk prompt=close top drawer
2026-09-18 14:48:47,778 | INFO | [t=500] VLA chunk prompt=close top drawer
2026-09-18 14:48:48,179 | INFO | [t=510] VLA chunk prompt=close top drawer
2026-09-18 14:48:48,584 | INFO | [t=520] VLA chunk prompt=close top drawer
2026-09-18 14:48:48,988 | INFO | [t=530] VLA chunk prompt=close top drawer
2026-09-18 14:48:49,396 | INFO | [t=540] VLA chunk prompt=close top drawer
2026-09-18 14:48:49,791 | INFO | [t=550] VLA chunk prompt=close top drawer
2026-09-18 14:48:50,174 | INFO | [t=560] VLA chunk prompt=close top drawer
2026-09-18 14:48:50,564 | INFO | [t=570] VLA chunk prompt=close top drawer
2026-09-18 14:48:50,949 | INFO | [t=580] VLA chunk prompt=close top drawer
2026-09-18 14:48:51,338 | INFO | [t=590] VLA chunk prompt=close top drawer
2026-09-18 14:48:51,721 | INFO | [t=600] VLA chunk prompt=close top drawer
2026-09-18 14:48:52,097 | INFO | [t=610] VLA chunk prompt=close top drawer
2026-09-18 14:48:52,466 | INFO | [t=620] VLA chunk prompt=close top drawer
2026-09-18 14:48:52,834 | INFO | [t=630] VLA chunk prompt=close top drawer
2026-09-18 14:48:53,206 | INFO | [t=640] VLA chunk prompt=close top drawer
2026-09-18 14:48:53,582 | INFO | [t=650] VLA chunk prompt=close top drawer
2026-09-18 14:48:53,954 | INFO | [t=660] VLA chunk prompt=close top drawer
2026-09-18 14:48:54,326 | INFO | [t=670] VLA chunk prompt=close top drawer
2026-09-18 14:48:54,697 | INFO | [t=680] VLA chunk prompt=close top drawer
2026-09-18 14:48:55,067 | INFO | [t=690] VLA chunk prompt=close top drawer
2026-09-18 14:48:55,436 | INFO | [t=700] VLA chunk prompt=close top drawer
2026-09-18 14:48:55,804 | INFO | [t=710] VLA chunk prompt=close top drawer
2026-09-18 14:48:56,171 | INFO | [t=720] VLA chunk prompt=close top drawer
2026-09-18 14:48:56,532 | INFO | API VLM @t=0 task=5 subtask=open top drawer keyframes=[]
2026-09-18 14:48:56,537 | INFO | [t=730] VLA chunk prompt=close top drawer
2026-09-18 14:48:56,852 | INFO | [t=740] VLM prompt update from step=0: open top drawer
2026-09-18 14:48:56,903 | INFO | [t=740] VLA chunk prompt=open top drawer
2026-09-18 14:48:57,254 | INFO | [t=750] VLA chunk prompt=open top drawer
2026-09-18 14:48:57,608 | INFO | [t=760] VLA chunk prompt=open top drawer
2026-09-18 14:48:57,960 | INFO | [t=770] VLA chunk prompt=open top drawer
2026-09-18 14:48:58,312 | INFO | [t=780] VLA chunk prompt=open top drawer
2026-09-18 14:48:58,659 | INFO | [t=790] VLA chunk prompt=open top drawer
2026-09-18 14:48:59,009 | INFO | [t=800] VLA chunk prompt=open top drawer
2026-09-18 14:48:59,367 | INFO | [t=810] VLA chunk prompt=open top drawer
2026-09-18 14:48:59,725 | INFO | [t=820] VLA chunk prompt=open top drawer
2026-09-18 14:49:00,077 | INFO | [t=830] VLA chunk prompt=open top drawer
2026-09-18 14:49:00,425 | INFO | [t=840] VLA chunk prompt=open top drawer
2026-09-18 14:49:00,772 | INFO | [t=850] VLA chunk prompt=open top drawer
2026-09-18 14:49:01,130 | INFO | [t=860] VLA chunk prompt=open top drawer
2026-09-18 14:49:01,492 | INFO | [t=870] VLA chunk prompt=open top drawer
2026-09-18 14:49:01,855 | INFO | [t=880] VLA chunk prompt=open top drawer
2026-09-18 14:49:02,220 | INFO | [t=890] VLA chunk prompt=open top drawer
2026-09-18 14:49:02,583 | INFO | [t=900] VLA chunk prompt=open top drawer
2026-09-18 14:49:02,945 | INFO | [t=910] VLA chunk prompt=open top drawer
2026-09-18 14:49:03,306 | INFO | [t=920] VLA chunk prompt=open top drawer
2026-09-18 14:49:03,664 | INFO | [t=930] VLA chunk prompt=open top drawer
2026-09-18 14:49:04,031 | INFO | [t=940] VLA chunk prompt=open top drawer
2026-09-18 14:49:04,405 | INFO | [t=950] VLA chunk prompt=open top drawer
2026-09-18 14:49:04,776 | INFO | [t=960] VLA chunk prompt=open top drawer
2026-09-18 14:49:05,156 | INFO | [t=970] VLA chunk prompt=open top drawer
2026-09-18 14:49:05,552 | INFO | [t=980] VLA chunk prompt=open top drawer
2026-09-18 14:49:05,943 | INFO | [t=990] VLA chunk prompt=open top drawer
2026-09-18 14:49:06,329 | INFO | [t=1000] VLA chunk prompt=open top drawer
2026-09-18 14:49:06,713 | INFO | [t=1010] VLA chunk prompt=open top drawer
2026-09-18 14:49:07,101 | INFO | [t=1020] VLA chunk prompt=open top drawer
2026-09-18 14:49:07,485 | INFO | [t=1030] VLA chunk prompt=open top drawer
2026-09-18 14:49:07,869 | INFO | [t=1040] VLA chunk prompt=open top drawer
2026-09-18 14:49:08,252 | INFO | [t=1050] VLA chunk prompt=open top drawer
2026-09-18 14:49:08,634 | INFO | [t=1060] VLA chunk prompt=open top drawer
2026-09-18 14:49:09,015 | INFO | [t=1070] VLA chunk prompt=open top drawer
2026-09-18 14:49:09,398 | INFO | [t=1080] VLA chunk prompt=open top drawer
2026-09-18 14:49:09,787 | INFO | [t=1090] VLA chunk prompt=open top drawer
2026-09-18 14:49:10,180 | INFO | [t=1100] VLA chunk prompt=open top drawer
2026-09-18 14:49:10,582 | INFO | [t=1110] VLA chunk prompt=open top drawer
2026-09-18 14:49:10,978 | INFO | [t=1120] VLA chunk prompt=open top drawer
2026-09-18 14:49:11,368 | INFO | [t=1130] VLA chunk prompt=open top drawer
2026-09-18 14:49:11,750 | INFO | [t=1140] VLA chunk prompt=open top drawer
2026-09-18 14:49:12,127 | INFO | [t=1150] VLA chunk prompt=open top drawer
2026-09-18 14:49:12,495 | INFO | [t=1160] VLA chunk prompt=open top drawer
2026-09-18 14:49:12,861 | INFO | [t=1170] VLA chunk prompt=open top drawer
2026-09-18 14:49:13,229 | INFO | [t=1180] VLA chunk prompt=open top drawer
2026-09-18 14:49:13,589 | INFO | [t=1190] VLA chunk prompt=open top drawer
2026-09-18 14:49:13,952 | INFO | [t=1200] VLA chunk prompt=open top drawer
2026-09-18 14:49:14,324 | INFO | [t=1210] VLA chunk prompt=open top drawer
2026-09-18 14:49:14,693 | INFO | [t=1220] VLA chunk prompt=open top drawer
2026-09-18 14:49:15,060 | INFO | [t=1230] VLA chunk prompt=open top drawer
2026-09-18 14:49:15,430 | INFO | [t=1240] VLA chunk prompt=open top drawer
2026-09-18 14:49:15,804 | INFO | [t=1250] VLA chunk prompt=open top drawer
2026-09-18 14:49:16,173 | INFO | [t=1260] VLA chunk prompt=open top drawer
2026-09-18 14:49:16,540 | INFO | [t=1270] VLA chunk prompt=open top drawer
2026-09-18 14:49:16,904 | INFO | [t=1280] VLA chunk prompt=open top drawer
2026-09-18 14:49:17,260 | INFO | [t=1290] VLA chunk prompt=open top drawer
2026-09-18 14:49:17,616 | INFO | [t=1300] VLA chunk prompt=open top drawer
2026-09-18 14:49:17,971 | INFO | [t=1310] VLA chunk prompt=open top drawer
2026-09-18 14:49:18,326 | INFO | [t=1320] VLA chunk prompt=open top drawer
2026-09-18 14:49:18,684 | INFO | [t=1330] VLA chunk prompt=open top drawer
2026-09-18 14:49:19,056 | INFO | [t=1340] VLA chunk prompt=open top drawer
2026-09-18 14:49:19,426 | INFO | [t=1350] VLA chunk prompt=open top drawer
2026-09-18 14:49:19,797 | INFO | [t=1360] VLA chunk prompt=open top drawer
2026-09-18 14:49:20,170 | INFO | [t=1370] VLA chunk prompt=open top drawer
2026-09-18 14:49:20,555 | INFO | [t=1380] VLA chunk prompt=open top drawer
2026-09-18 14:49:20,938 | INFO | [t=1390] VLA chunk prompt=open top drawer
2026-09-18 14:49:21,313 | INFO | [t=1400] VLA chunk prompt=open top drawer
2026-09-18 14:49:21,684 | INFO | [t=1410] VLA chunk prompt=open top drawer
2026-09-18 14:49:22,047 | INFO | [t=1420] VLA chunk prompt=open top drawer
2026-09-18 14:49:22,413 | INFO | [t=1430] VLA chunk prompt=open top drawer
2026-09-18 14:49:22,783 | INFO | [t=1440] VLA chunk prompt=open top drawer
2026-09-18 14:49:23,166 | INFO | [t=1450] VLA chunk prompt=open top drawer
2026-09-18 14:49:23,547 | INFO | [t=1460] VLA chunk prompt=open top drawer
2026-09-18 14:49:23,923 | INFO | [t=1470] VLA chunk prompt=open top drawer
2026-09-18 14:49:24,292 | INFO | [t=1480] VLA chunk prompt=open top drawer
2026-09-18 14:49:24,650 | INFO | [t=1490] VLA chunk prompt=open top drawer
2026-09-18 14:49:24,998 | INFO | [t=1500] VLA chunk prompt=open top drawer
2026-09-18 14:49:25,352 | INFO | [t=1510] VLA chunk prompt=open top drawer
2026-09-18 14:49:25,702 | INFO | [t=1520] VLA chunk prompt=open top drawer
2026-09-18 14:49:26,058 | INFO | [t=1530] VLA chunk prompt=open top drawer
2026-09-18 14:49:26,416 | INFO | [t=1540] VLA chunk prompt=open top drawer
2026-09-18 14:49:26,771 | INFO | [t=1550] VLA chunk prompt=open top drawer
2026-09-18 14:49:27,126 | INFO | [t=1560] VLA chunk prompt=open top drawer
2026-09-18 14:49:27,488 | INFO | [t=1570] VLA chunk prompt=open top drawer
2026-09-18 14:49:27,851 | INFO | [t=1580] VLA chunk prompt=open top drawer
2026-09-18 14:49:28,218 | INFO | [t=1590] VLA chunk prompt=open top drawer
2026-09-18 14:49:28,579 | INFO | [t=1600] VLA chunk prompt=open top drawer
2026-09-18 14:49:28,939 | INFO | [t=1610] VLA chunk prompt=open top drawer
2026-09-18 14:49:29,300 | INFO | [t=1620] VLA chunk prompt=open top drawer
2026-09-18 14:49:29,650 | INFO | [t=1630] VLA chunk prompt=open top drawer
2026-09-18 14:49:29,990 | INFO | [t=1640] VLA chunk prompt=open top drawer
2026-09-18 14:49:30,326 | INFO | [t=1650] VLA chunk prompt=open top drawer
2026-09-18 14:49:30,663 | INFO | [t=1660] VLA chunk prompt=open top drawer
2026-09-18 14:49:31,001 | INFO | [t=1670] VLA chunk prompt=open top drawer
2026-09-18 14:49:31,359 | INFO | [t=1680] VLA chunk prompt=open top drawer
2026-09-18 14:49:31,721 | INFO | [t=1690] VLA chunk prompt=open top drawer
2026-09-18 14:49:32,090 | INFO | [t=1700] VLA chunk prompt=open top drawer
2026-09-18 14:49:32,458 | INFO | [t=1710] VLA chunk prompt=open top drawer
2026-09-18 14:49:32,828 | INFO | [t=1720] VLA chunk prompt=open top drawer
2026-09-18 14:49:33,195 | INFO | [t=1730] VLA chunk prompt=open top drawer
2026-09-18 14:49:33,560 | INFO | [t=1740] VLA chunk prompt=open top drawer
2026-09-18 14:49:33,926 | INFO | [t=1750] VLA chunk prompt=open top drawer
2026-09-18 14:49:34,290 | INFO | [t=1760] VLA chunk prompt=open top drawer
2026-09-18 14:49:34,653 | INFO | [t=1770] VLA chunk prompt=open top drawer
2026-09-18 14:49:35,019 | INFO | [t=1780] VLA chunk prompt=open top drawer
2026-09-18 14:49:35,374 | INFO | [t=1790] VLA chunk prompt=open top drawer
2026-09-18 14:49:35,729 | INFO | [t=1800] VLA chunk prompt=open top drawer
2026-09-18 14:49:36,085 | INFO | [t=1810] VLA chunk prompt=open top drawer
2026-09-18 14:49:36,436 | INFO | [t=1820] VLA chunk prompt=open top drawer
2026-09-18 14:49:36,785 | INFO | [t=1830] VLA chunk prompt=open top drawer
2026-09-18 14:49:37,137 | INFO | [t=1840] VLA chunk prompt=open top drawer
2026-09-18 14:49:37,491 | INFO | [t=1850] VLA chunk prompt=open top drawer
2026-09-18 14:49:37,848 | INFO | [t=1860] VLA chunk prompt=open top drawer
2026-09-18 14:49:38,205 | INFO | [t=1870] VLA chunk prompt=open top drawer
2026-09-18 14:49:38,557 | INFO | [t=1880] VLA chunk prompt=open top drawer
2026-09-18 14:49:38,906 | INFO | [t=1890] VLA chunk prompt=open top drawer
2026-09-18 14:49:39,255 | INFO | [t=1900] VLA chunk prompt=open top drawer
2026-09-18 14:49:39,604 | INFO | [t=1910] VLA chunk prompt=open top drawer
2026-09-18 14:49:39,953 | INFO | [t=1920] VLA chunk prompt=open top drawer
2026-09-18 14:49:40,308 | INFO | [t=1930] VLA chunk prompt=open top drawer
2026-09-18 14:49:40,663 | INFO | [t=1940] VLA chunk prompt=open top drawer
2026-09-18 14:49:41,012 | INFO | [t=1950] VLA chunk prompt=open top drawer
2026-09-18 14:49:41,361 | INFO | [t=1960] VLA chunk prompt=open top drawer
2026-09-18 14:49:41,711 | INFO | [t=1970] VLA chunk prompt=open top drawer
2026-09-18 14:49:42,058 | INFO | [t=1980] VLA chunk prompt=open top drawer
2026-09-18 14:49:42,405 | INFO | [t=1990] VLA chunk prompt=open top drawer
2026-09-18 14:49:42,756 | INFO | [t=2000] VLA chunk prompt=open top drawer
2026-09-18 14:49:43,118 | INFO | [t=2010] VLA chunk prompt=open top drawer
2026-09-18 14:49:43,472 | INFO | [t=2020] VLA chunk prompt=open top drawer
2026-09-18 14:49:43,825 | INFO | [t=2030] VLA chunk prompt=open top drawer
2026-09-18 14:49:44,176 | INFO | [t=2040] VLA chunk prompt=open top drawer
2026-09-18 14:49:44,528 | INFO | [t=2050] VLA chunk prompt=open top drawer
2026-09-18 14:49:44,880 | INFO | [t=2060] VLA chunk prompt=open top drawer
2026-09-18 14:49:45,232 | INFO | [t=2070] VLA chunk prompt=open top drawer
2026-09-18 14:49:45,580 | INFO | [t=2080] VLA chunk prompt=open top drawer
2026-09-18 14:49:45,930 | INFO | [t=2090] VLA chunk prompt=open top drawer
2026-09-18 14:49:46,279 | INFO | [t=2100] VLA chunk prompt=open top drawer
2026-09-18 14:49:46,628 | INFO | [t=2110] VLA chunk prompt=open top drawer
2026-09-18 14:49:46,977 | INFO | [t=2120] VLA chunk prompt=open top drawer
2026-09-18 14:49:47,334 | INFO | [t=2130] VLA chunk prompt=open top drawer
2026-09-18 14:49:47,698 | INFO | [t=2140] VLA chunk prompt=open top drawer
2026-09-18 14:49:48,054 | INFO | [t=2150] VLA chunk prompt=open top drawer
2026-09-18 14:49:48,410 | INFO | [t=2160] VLA chunk prompt=open top drawer
2026-09-18 14:49:48,757 | INFO | [t=2170] VLA chunk prompt=open top drawer
2026-09-18 14:49:49,105 | INFO | [t=2180] VLA chunk prompt=open top drawer
2026-09-18 14:49:49,454 | INFO | [t=2190] VLA chunk prompt=open top drawer
2026-09-18 14:49:49,802 | INFO | [t=2200] VLA chunk prompt=open top drawer
2026-09-18 14:49:50,150 | INFO | [t=2210] VLA chunk prompt=open top drawer
2026-09-18 14:49:50,506 | INFO | [t=2220] VLA chunk prompt=open top drawer
2026-09-18 14:49:50,865 | INFO | [t=2230] VLA chunk prompt=open top drawer
2026-09-18 14:49:51,220 | INFO | [t=2240] VLA chunk prompt=open top drawer
2026-09-18 14:49:51,576 | INFO | [t=2250] VLA chunk prompt=open top drawer
2026-09-18 14:49:51,931 | INFO | [t=2260] VLA chunk prompt=open top drawer
2026-09-18 14:49:52,285 | INFO | [t=2270] VLA chunk prompt=open top drawer
2026-09-18 14:49:52,639 | INFO | [t=2280] VLA chunk prompt=open top drawer
2026-09-18 14:49:52,987 | INFO | [t=2290] VLA chunk prompt=open top drawer
2026-09-18 14:49:53,337 | INFO | [t=2300] VLA chunk prompt=open top drawer
2026-09-18 14:49:53,684 | INFO | [t=2310] VLA chunk prompt=open top drawer
2026-09-18 14:49:54,031 | INFO | [t=2320] VLA chunk prompt=open top drawer
2026-09-18 14:49:54,378 | INFO | [t=2330] VLA chunk prompt=open top drawer
2026-09-18 14:49:54,728 | INFO | [t=2340] VLA chunk prompt=open top drawer
2026-09-18 14:49:55,082 | INFO | [t=2350] VLA chunk prompt=open top drawer
2026-09-18 14:49:55,441 | INFO | [t=2360] VLA chunk prompt=open top drawer
2026-09-18 14:49:55,790 | INFO | [t=2370] VLA chunk prompt=open top drawer
2026-09-18 14:49:56,139 | INFO | [t=2380] VLA chunk prompt=open top drawer
2026-09-18 14:49:56,488 | INFO | [t=2390] VLA chunk prompt=open top drawer
2026-09-18 14:49:56,836 | INFO | [t=2400] VLA chunk prompt=open top drawer
2026-09-18 14:49:57,184 | INFO | [t=2410] VLA chunk prompt=open top drawer
2026-09-18 14:49:57,538 | INFO | [t=2420] VLA chunk prompt=open top drawer
2026-09-18 14:49:57,895 | INFO | [t=2430] VLA chunk prompt=open top drawer
2026-09-18 14:49:58,250 | INFO | [t=2440] VLA chunk prompt=open top drawer
2026-09-18 14:49:58,611 | INFO | [t=2450] VLA chunk prompt=open top drawer
2026-09-18 14:49:58,961 | INFO | [t=2460] VLA chunk prompt=open top drawer
2026-09-18 14:49:59,305 | INFO | [t=2470] VLA chunk prompt=open top drawer
2026-09-18 14:49:59,653 | INFO | [t=2480] VLA chunk prompt=open top drawer
2026-09-18 14:50:00,001 | INFO | [t=2490] VLA chunk prompt=open top drawer
2026-09-18 14:50:00,349 | INFO | [t=2500] VLA chunk prompt=open top drawer
2026-09-18 14:50:03,696 | INFO | attempt=1 stage_score=12.5 stage_success=False failure_reason=incomplete_stage
2026-09-18 14:50:03,700 | INFO | Episode 9 seed=109 stage_score=50.0 stage_success=0 goal=0.500 failure_reason=incomplete_stage | 01_Open_Top_Drawer=Y | 02_Close_Top_Drawer=Y | 03_Open_Middle_Drawer=Y | 04_Close_Middle_Drawer=Y | 05_Open_Bottom_Drawer=N | 06_Close_Bottom_Drawer=N | 07_Open_Middle_Drawer_Again=N | 08_Put_Butter_Middle_Drawer=N | 09_Close_Middle_Drawer_Final=N
