2026-09-26 20:03:26,327 | INFO | task_id=8 bddl=/project/peilab/why/RoboMemArena/bddl/8_pick_chocolate_in_frypan_pour_tomato_sauce_twice.bddl vlm_ckpt=/project/peilab/why/RoboMemArena/checkpoints/PrediMem/vlm_tasks1to26_ckpt74500
2026-09-26 20:03:28,009 | INFO | async VLM enabled: single-slot subtask buffer
2026-09-26 20:03:28,244 | INFO | [t=10] VLA chunk prompt=Pick and place chocolate into the frypan, pour tomato sauce over it twice, then place the sauce bottle into the bowl drainer.
2026-09-26 20:03:28,487 | INFO | [t=20] VLA chunk prompt=Pick and place chocolate into the frypan, pour tomato sauce over it twice, then place the sauce bottle into the bowl drainer.
2026-09-26 20:03:28,729 | INFO | [t=30] VLA chunk prompt=Pick and place chocolate into the frypan, pour tomato sauce over it twice, then place the sauce bottle into the bowl drainer.
2026-09-26 20:03:28,971 | INFO | [t=40] VLA chunk prompt=Pick and place chocolate into the frypan, pour tomato sauce over it twice, then place the sauce bottle into the bowl drainer.
2026-09-26 20:03:29,212 | INFO | [t=50] VLA chunk prompt=Pick and place chocolate into the frypan, pour tomato sauce over it twice, then place the sauce bottle into the bowl drainer.
2026-09-26 20:03:29,454 | INFO | [t=60] VLA chunk prompt=Pick and place chocolate into the frypan, pour tomato sauce over it twice, then place the sauce bottle into the bowl drainer.
2026-09-26 20:03:29,696 | INFO | [t=70] VLA chunk prompt=Pick and place chocolate into the frypan, pour tomato sauce over it twice, then place the sauce bottle into the bowl drainer.
2026-09-26 20:03:29,937 | INFO | [t=80] VLA chunk prompt=Pick and place chocolate into the frypan, pour tomato sauce over it twice, then place the sauce bottle into the bowl drainer.
2026-09-26 20:03:30,179 | INFO | [t=90] VLA chunk prompt=Pick and place chocolate into the frypan, pour tomato sauce over it twice, then place the sauce bottle into the bowl drainer.
2026-09-26 20:03:30,420 | INFO | [t=100] VLA chunk prompt=Pick and place chocolate into the frypan, pour tomato sauce over it twice, then place the sauce bottle into the bowl drainer.
2026-09-26 20:03:30,660 | INFO | [t=110] VLA chunk prompt=Pick and place chocolate into the frypan, pour tomato sauce over it twice, then place the sauce bottle into the bowl drainer.
2026-09-26 20:03:30,902 | INFO | [t=120] VLA chunk prompt=Pick and place chocolate into the frypan, pour tomato sauce over it twice, then place the sauce bottle into the bowl drainer.
2026-09-26 20:03:31,160 | INFO | [t=130] VLA chunk prompt=Pick and place chocolate into the frypan, pour tomato sauce over it twice, then place the sauce bottle into the bowl drainer.
2026-09-26 20:03:31,430 | INFO | [t=140] VLA chunk prompt=Pick and place chocolate into the frypan, pour tomato sauce over it twice, then place the sauce bottle into the bowl drainer.
2026-09-26 20:03:31,709 | INFO | [t=150] VLA chunk prompt=Pick and place chocolate into the frypan, pour tomato sauce over it twice, then place the sauce bottle into the bowl drainer.
2026-09-26 20:03:31,994 | INFO | [t=160] VLA chunk prompt=Pick and place chocolate into the frypan, pour tomato sauce over it twice, then place the sauce bottle into the bowl drainer.
2026-09-26 20:03:32,284 | INFO | [t=170] VLA chunk prompt=Pick and place chocolate into the frypan, pour tomato sauce over it twice, then place the sauce bottle into the bowl drainer.
2026-09-26 20:03:32,579 | INFO | [t=180] VLA chunk prompt=Pick and place chocolate into the frypan, pour tomato sauce over it twice, then place the sauce bottle into the bowl drainer.
2026-09-26 20:03:32,878 | INFO | [t=190] VLA chunk prompt=Pick and place chocolate into the frypan, pour tomato sauce over it twice, then place the sauce bottle into the bowl drainer.
2026-09-26 20:03:33,180 | INFO | [t=200] VLA chunk prompt=Pick and place chocolate into the frypan, pour tomato sauce over it twice, then place the sauce bottle into the bowl drainer.
2026-09-26 20:03:33,488 | INFO | [t=210] VLA chunk prompt=Pick and place chocolate into the frypan, pour tomato sauce over it twice, then place the sauce bottle into the bowl drainer.
2026-09-26 20:03:33,796 | INFO | [t=220] VLA chunk prompt=Pick and place chocolate into the frypan, pour tomato sauce over it twice, then place the sauce bottle into the bowl drainer.
2026-09-26 20:03:34,104 | INFO | API VLM @t=0 task=8 subtask=pick up the chocolate keyframes=[]
2026-09-26 20:03:34,110 | INFO | [t=230] VLA chunk prompt=Pick and place chocolate into the frypan, pour tomato sauce over it twice, then place the sauce bottle into the bowl drainer.
2026-09-26 20:03:34,380 | INFO | [t=240] VLM prompt update from step=0: pick up the chocolate
2026-09-26 20:03:34,430 | INFO | [t=240] VLA chunk prompt=pick up the chocolate
2026-09-26 20:03:34,753 | INFO | [t=250] VLA chunk prompt=pick up the chocolate
2026-09-26 20:03:35,079 | INFO | [t=260] VLA chunk prompt=pick up the chocolate
2026-09-26 20:03:35,407 | INFO | [t=270] VLA chunk prompt=pick up the chocolate
2026-09-26 20:03:35,740 | INFO | [t=280] VLA chunk prompt=pick up the chocolate
2026-09-26 20:03:36,071 | INFO | [t=290] VLA chunk prompt=pick up the chocolate
2026-09-26 20:03:36,401 | INFO | [t=300] VLA chunk prompt=pick up the chocolate
2026-09-26 20:03:36,731 | INFO | [t=310] VLA chunk prompt=pick up the chocolate
2026-09-26 20:03:37,059 | INFO | [t=320] VLA chunk prompt=pick up the chocolate
2026-09-26 20:03:37,387 | INFO | [t=330] VLA chunk prompt=pick up the chocolate
2026-09-26 20:03:37,714 | INFO | [t=340] VLA chunk prompt=pick up the chocolate
2026-09-26 20:03:38,042 | INFO | [t=350] VLA chunk prompt=pick up the chocolate
2026-09-26 20:03:38,368 | INFO | [t=360] VLA chunk prompt=pick up the chocolate
2026-09-26 20:03:38,693 | INFO | [t=370] VLA chunk prompt=pick up the chocolate
2026-09-26 20:03:39,018 | INFO | [t=380] VLA chunk prompt=pick up the chocolate
2026-09-26 20:03:39,343 | INFO | [t=390] VLA chunk prompt=pick up the chocolate
2026-09-26 20:03:39,668 | INFO | [t=400] VLA chunk prompt=pick up the chocolate
2026-09-26 20:03:39,994 | INFO | [t=410] VLA chunk prompt=pick up the chocolate
2026-09-26 20:03:40,318 | INFO | [t=420] VLA chunk prompt=pick up the chocolate
2026-09-26 20:03:40,644 | INFO | [t=430] VLA chunk prompt=pick up the chocolate
2026-09-26 20:03:40,969 | INFO | [t=440] VLA chunk prompt=pick up the chocolate
2026-09-26 20:03:41,294 | INFO | [t=450] VLA chunk prompt=pick up the chocolate
2026-09-26 20:03:41,616 | INFO | [t=460] VLA chunk prompt=pick up the chocolate
2026-09-26 20:03:41,939 | INFO | [t=470] VLA chunk prompt=pick up the chocolate
2026-09-26 20:03:42,262 | INFO | [t=480] VLA chunk prompt=pick up the chocolate
2026-09-26 20:03:42,585 | INFO | [t=490] VLA chunk prompt=pick up the chocolate
2026-09-26 20:03:42,908 | INFO | [t=500] VLA chunk prompt=pick up the chocolate
2026-09-26 20:03:43,230 | INFO | [t=510] VLA chunk prompt=pick up the chocolate
2026-09-26 20:03:43,552 | INFO | [t=520] VLA chunk prompt=pick up the chocolate
2026-09-26 20:03:43,729 | INFO | API VLM @t=220 task=8 subtask=Reach for and pick up the tomato sauce bottle keyframes=[]
2026-09-26 20:03:43,825 | INFO | [t=530] VLM prompt update from step=220: Reach for and pick up the tomato sauce bottle
2026-09-26 20:03:43,875 | INFO | [t=530] VLA chunk prompt=Reach for and pick up the tomato sauce bottle
2026-09-26 20:03:44,207 | INFO | [t=540] VLA chunk prompt=Reach for and pick up the tomato sauce bottle
2026-09-26 20:03:44,317 | INFO | [t=544] stage done: 01_Lift_Tomato_Sauce
2026-09-26 20:03:44,537 | INFO | [t=550] VLA chunk prompt=Reach for and pick up the tomato sauce bottle
2026-09-26 20:03:44,870 | INFO | [t=560] VLA chunk prompt=Reach for and pick up the tomato sauce bottle
2026-09-26 20:03:45,205 | INFO | [t=570] VLA chunk prompt=Reach for and pick up the tomato sauce bottle
2026-09-26 20:03:45,540 | INFO | [t=580] VLA chunk prompt=Reach for and pick up the tomato sauce bottle
2026-09-26 20:03:45,875 | INFO | [t=590] VLA chunk prompt=Reach for and pick up the tomato sauce bottle
2026-09-26 20:03:46,211 | INFO | [t=600] VLA chunk prompt=Reach for and pick up the tomato sauce bottle
2026-09-26 20:03:46,549 | INFO | [t=610] VLA chunk prompt=Reach for and pick up the tomato sauce bottle
2026-09-26 20:03:46,885 | INFO | [t=620] VLA chunk prompt=Reach for and pick up the tomato sauce bottle
2026-09-26 20:03:47,163 | INFO | [t=630] stage done: 02_Pour_One
2026-09-26 20:03:47,213 | INFO | [t=630] VLA chunk prompt=Reach for and pick up the tomato sauce bottle
2026-09-26 20:03:47,536 | INFO | [t=640] VLA chunk prompt=Reach for and pick up the tomato sauce bottle
2026-09-26 20:03:47,857 | INFO | [t=650] VLA chunk prompt=Reach for and pick up the tomato sauce bottle
2026-09-26 20:03:48,180 | INFO | [t=660] VLA chunk prompt=Reach for and pick up the tomato sauce bottle
2026-09-26 20:03:48,505 | INFO | [t=670] VLA chunk prompt=Reach for and pick up the tomato sauce bottle
2026-09-26 20:03:48,829 | INFO | [t=680] VLA chunk prompt=Reach for and pick up the tomato sauce bottle
2026-09-26 20:03:49,150 | INFO | [t=690] VLA chunk prompt=Reach for and pick up the tomato sauce bottle
2026-09-26 20:03:49,472 | INFO | [t=700] VLA chunk prompt=Reach for and pick up the tomato sauce bottle
2026-09-26 20:03:49,773 | INFO | API VLM @t=515 task=8 subtask=Pick up the tomato sauce bottle. keyframes=[]
2026-09-26 20:03:49,794 | INFO | [t=710] VLA chunk prompt=Reach for and pick up the tomato sauce bottle
2026-09-26 20:03:50,066 | INFO | [t=720] VLM prompt update from step=515: Pick up the tomato sauce bottle.
2026-09-26 20:03:50,116 | INFO | [t=720] VLA chunk prompt=Pick up the tomato sauce bottle.
2026-09-26 20:03:50,440 | INFO | [t=730] VLA chunk prompt=Pick up the tomato sauce bottle.
2026-09-26 20:03:50,762 | INFO | [t=740] VLA chunk prompt=Pick up the tomato sauce bottle.
2026-09-26 20:03:51,084 | INFO | [t=750] VLA chunk prompt=Pick up the tomato sauce bottle.
2026-09-26 20:03:51,406 | INFO | [t=760] VLA chunk prompt=Pick up the tomato sauce bottle.
2026-09-26 20:03:51,727 | INFO | [t=770] VLA chunk prompt=Pick up the tomato sauce bottle.
2026-09-26 20:03:52,047 | INFO | [t=780] VLA chunk prompt=Pick up the tomato sauce bottle.
2026-09-26 20:03:52,368 | INFO | [t=790] VLA chunk prompt=Pick up the tomato sauce bottle.
2026-09-26 20:03:52,686 | INFO | [t=800] VLA chunk prompt=Pick up the tomato sauce bottle.
2026-09-26 20:03:53,005 | INFO | [t=810] VLA chunk prompt=Pick up the tomato sauce bottle.
2026-09-26 20:03:53,328 | INFO | [t=820] VLA chunk prompt=Pick up the tomato sauce bottle.
2026-09-26 20:03:53,651 | INFO | [t=830] VLA chunk prompt=Pick up the tomato sauce bottle.
2026-09-26 20:03:53,972 | INFO | [t=840] VLA chunk prompt=Pick up the tomato sauce bottle.
2026-09-26 20:03:54,291 | INFO | [t=850] VLA chunk prompt=Pick up the tomato sauce bottle.
2026-09-26 20:03:54,611 | INFO | [t=860] VLA chunk prompt=Pick up the tomato sauce bottle.
2026-09-26 20:03:54,931 | INFO | [t=870] VLA chunk prompt=Pick up the tomato sauce bottle.
2026-09-26 20:03:55,250 | INFO | [t=880] VLA chunk prompt=Pick up the tomato sauce bottle.
2026-09-26 20:03:55,569 | INFO | [t=890] VLA chunk prompt=Pick up the tomato sauce bottle.
2026-09-26 20:03:55,887 | INFO | [t=900] VLA chunk prompt=Pick up the tomato sauce bottle.
2026-09-26 20:03:56,202 | INFO | [t=910] VLA chunk prompt=Pick up the tomato sauce bottle.
2026-09-26 20:03:56,517 | INFO | [t=920] VLA chunk prompt=Pick up the tomato sauce bottle.
2026-09-26 20:03:56,832 | INFO | [t=930] VLA chunk prompt=Pick up the tomato sauce bottle.
2026-09-26 20:03:57,145 | INFO | [t=940] VLA chunk prompt=Pick up the tomato sauce bottle.
2026-09-26 20:03:57,458 | INFO | [t=950] VLA chunk prompt=Pick up the tomato sauce bottle.
2026-09-26 20:03:57,773 | INFO | [t=960] VLA chunk prompt=Pick up the tomato sauce bottle.
2026-09-26 20:03:58,088 | INFO | [t=970] VLA chunk prompt=Pick up the tomato sauce bottle.
2026-09-26 20:03:58,215 | INFO | API VLM @t=700 task=8 subtask=Pour tomato sauce over the chocolate in the frypan keyframes=[]
2026-09-26 20:03:58,357 | INFO | [t=980] VLM prompt update from step=700: Pour tomato sauce over the chocolate in the frypan
2026-09-26 20:03:58,406 | INFO | [t=980] VLA chunk prompt=Pour tomato sauce over the chocolate in the frypan
2026-09-26 20:03:58,723 | INFO | [t=990] VLA chunk prompt=Pour tomato sauce over the chocolate in the frypan
2026-09-26 20:03:59,039 | INFO | [t=1000] VLA chunk prompt=Pour tomato sauce over the chocolate in the frypan
2026-09-26 20:03:59,356 | INFO | [t=1010] VLA chunk prompt=Pour tomato sauce over the chocolate in the frypan
2026-09-26 20:03:59,671 | INFO | [t=1020] VLA chunk prompt=Pour tomato sauce over the chocolate in the frypan
2026-09-26 20:03:59,986 | INFO | [t=1030] VLA chunk prompt=Pour tomato sauce over the chocolate in the frypan
2026-09-26 20:04:00,318 | INFO | [t=1040] VLA chunk prompt=Pour tomato sauce over the chocolate in the frypan
2026-09-26 20:04:00,646 | INFO | [t=1050] VLA chunk prompt=Pour tomato sauce over the chocolate in the frypan
2026-09-26 20:04:00,973 | INFO | [t=1060] VLA chunk prompt=Pour tomato sauce over the chocolate in the frypan
2026-09-26 20:04:01,298 | INFO | [t=1070] VLA chunk prompt=Pour tomato sauce over the chocolate in the frypan
2026-09-26 20:04:01,624 | INFO | [t=1080] VLA chunk prompt=Pour tomato sauce over the chocolate in the frypan
2026-09-26 20:04:01,947 | INFO | [t=1090] VLA chunk prompt=Pour tomato sauce over the chocolate in the frypan
2026-09-26 20:04:02,270 | INFO | [t=1100] VLA chunk prompt=Pour tomato sauce over the chocolate in the frypan
2026-09-26 20:04:02,589 | INFO | [t=1110] VLA chunk prompt=Pour tomato sauce over the chocolate in the frypan
2026-09-26 20:04:02,907 | INFO | [t=1120] VLA chunk prompt=Pour tomato sauce over the chocolate in the frypan
2026-09-26 20:04:03,223 | INFO | [t=1130] VLA chunk prompt=Pour tomato sauce over the chocolate in the frypan
2026-09-26 20:04:03,541 | INFO | [t=1140] VLA chunk prompt=Pour tomato sauce over the chocolate in the frypan
2026-09-26 20:04:03,864 | INFO | [t=1150] VLA chunk prompt=Pour tomato sauce over the chocolate in the frypan
2026-09-26 20:04:04,181 | INFO | [t=1160] VLA chunk prompt=Pour tomato sauce over the chocolate in the frypan
2026-09-26 20:04:04,497 | INFO | [t=1170] VLA chunk prompt=Pour tomato sauce over the chocolate in the frypan
2026-09-26 20:04:04,812 | INFO | [t=1180] VLA chunk prompt=Pour tomato sauce over the chocolate in the frypan
2026-09-26 20:04:05,130 | INFO | [t=1190] VLA chunk prompt=Pour tomato sauce over the chocolate in the frypan
2026-09-26 20:04:05,444 | INFO | [t=1200] VLA chunk prompt=Pour tomato sauce over the chocolate in the frypan
2026-09-26 20:04:05,760 | INFO | [t=1210] VLA chunk prompt=Pour tomato sauce over the chocolate in the frypan
2026-09-26 20:04:06,076 | INFO | [t=1220] VLA chunk prompt=Pour tomato sauce over the chocolate in the frypan
2026-09-26 20:04:06,393 | INFO | [t=1230] VLA chunk prompt=Pour tomato sauce over the chocolate in the frypan
2026-09-26 20:04:06,717 | INFO | [t=1240] VLA chunk prompt=Pour tomato sauce over the chocolate in the frypan
2026-09-26 20:04:07,034 | INFO | [t=1250] VLA chunk prompt=Pour tomato sauce over the chocolate in the frypan
2026-09-26 20:04:07,351 | INFO | [t=1260] VLA chunk prompt=Pour tomato sauce over the chocolate in the frypan
2026-09-26 20:04:07,667 | INFO | [t=1270] VLA chunk prompt=Pour tomato sauce over the chocolate in the frypan
2026-09-26 20:04:07,983 | INFO | [t=1280] VLA chunk prompt=Pour tomato sauce over the chocolate in the frypan
2026-09-26 20:04:08,302 | INFO | [t=1290] VLA chunk prompt=Pour tomato sauce over the chocolate in the frypan
2026-09-26 20:04:08,620 | INFO | [t=1300] VLA chunk prompt=Pour tomato sauce over the chocolate in the frypan
2026-09-26 20:04:08,947 | INFO | [t=1310] VLA chunk prompt=Pour tomato sauce over the chocolate in the frypan
2026-09-26 20:04:09,274 | INFO | [t=1320] VLA chunk prompt=Pour tomato sauce over the chocolate in the frypan
2026-09-26 20:04:09,604 | INFO | [t=1330] VLA chunk prompt=Pour tomato sauce over the chocolate in the frypan
2026-09-26 20:04:09,747 | INFO | API VLM @t=960 task=8 subtask=Place the tomato sauce bottle into the bowl drainer; the task appears complete. keyframes=[]
2026-09-26 20:04:09,891 | INFO | [t=1340] VLM prompt update from step=960: Place the tomato sauce bottle into the bowl drainer; the task appears complete.
2026-09-26 20:04:09,941 | INFO | [t=1340] VLA chunk prompt=Place the tomato sauce bottle into the bowl drainer; the task appears complete.
2026-09-26 20:04:10,286 | INFO | [t=1350] VLA chunk prompt=Place the tomato sauce bottle into the bowl drainer; the task appears complete.
2026-09-26 20:04:10,618 | INFO | [t=1360] VLA chunk prompt=Place the tomato sauce bottle into the bowl drainer; the task appears complete.
2026-09-26 20:04:10,950 | INFO | [t=1370] VLA chunk prompt=Place the tomato sauce bottle into the bowl drainer; the task appears complete.
2026-09-26 20:04:11,283 | INFO | [t=1380] VLA chunk prompt=Place the tomato sauce bottle into the bowl drainer; the task appears complete.
2026-09-26 20:04:11,617 | INFO | [t=1390] VLA chunk prompt=Place the tomato sauce bottle into the bowl drainer; the task appears complete.
2026-09-26 20:04:11,951 | INFO | [t=1400] VLA chunk prompt=Place the tomato sauce bottle into the bowl drainer; the task appears complete.
2026-09-26 20:04:12,285 | INFO | [t=1410] VLA chunk prompt=Place the tomato sauce bottle into the bowl drainer; the task appears complete.
2026-09-26 20:04:12,620 | INFO | [t=1420] VLA chunk prompt=Place the tomato sauce bottle into the bowl drainer; the task appears complete.
2026-09-26 20:04:12,955 | INFO | [t=1430] VLA chunk prompt=Place the tomato sauce bottle into the bowl drainer; the task appears complete.
2026-09-26 20:04:13,289 | INFO | [t=1440] VLA chunk prompt=Place the tomato sauce bottle into the bowl drainer; the task appears complete.
2026-09-26 20:04:13,622 | INFO | [t=1450] VLA chunk prompt=Place the tomato sauce bottle into the bowl drainer; the task appears complete.
2026-09-26 20:04:13,952 | INFO | [t=1460] VLA chunk prompt=Place the tomato sauce bottle into the bowl drainer; the task appears complete.
2026-09-26 20:04:14,282 | INFO | [t=1470] VLA chunk prompt=Place the tomato sauce bottle into the bowl drainer; the task appears complete.
2026-09-26 20:04:14,611 | INFO | [t=1480] VLA chunk prompt=Place the tomato sauce bottle into the bowl drainer; the task appears complete.
2026-09-26 20:04:14,944 | INFO | [t=1490] VLA chunk prompt=Place the tomato sauce bottle into the bowl drainer; the task appears complete.
2026-09-26 20:04:15,273 | INFO | [t=1500] VLA chunk prompt=Place the tomato sauce bottle into the bowl drainer; the task appears complete.
2026-09-26 20:04:15,601 | INFO | [t=1510] VLA chunk prompt=Place the tomato sauce bottle into the bowl drainer; the task appears complete.
2026-09-26 20:04:15,927 | INFO | [t=1520] VLA chunk prompt=Place the tomato sauce bottle into the bowl drainer; the task appears complete.
2026-09-26 20:04:16,251 | INFO | [t=1530] VLA chunk prompt=Place the tomato sauce bottle into the bowl drainer; the task appears complete.
2026-09-26 20:04:16,574 | INFO | [t=1540] VLA chunk prompt=Place the tomato sauce bottle into the bowl drainer; the task appears complete.
2026-09-26 20:04:16,896 | INFO | [t=1550] VLA chunk prompt=Place the tomato sauce bottle into the bowl drainer; the task appears complete.
2026-09-26 20:04:17,029 | INFO | API VLM @t=1325 task=8 subtask=pour tomato sauce over the chocolate in the frypan keyframes=[]
2026-09-26 20:04:17,172 | INFO | [t=1560] VLM prompt update from step=1325: pour tomato sauce over the chocolate in the frypan
2026-09-26 20:04:17,222 | INFO | [t=1560] VLA chunk prompt=pour tomato sauce over the chocolate in the frypan
2026-09-26 20:04:17,542 | INFO | [t=1570] VLA chunk prompt=pour tomato sauce over the chocolate in the frypan
2026-09-26 20:04:17,861 | INFO | [t=1580] VLA chunk prompt=pour tomato sauce over the chocolate in the frypan
2026-09-26 20:04:18,177 | INFO | [t=1590] VLA chunk prompt=pour tomato sauce over the chocolate in the frypan
2026-09-26 20:04:18,493 | INFO | [t=1600] VLA chunk prompt=pour tomato sauce over the chocolate in the frypan
2026-09-26 20:04:18,808 | INFO | [t=1610] VLA chunk prompt=pour tomato sauce over the chocolate in the frypan
2026-09-26 20:04:19,112 | INFO | [t=1620] VLA chunk prompt=pour tomato sauce over the chocolate in the frypan
2026-09-26 20:04:19,412 | INFO | [t=1630] VLA chunk prompt=pour tomato sauce over the chocolate in the frypan
2026-09-26 20:04:19,712 | INFO | [t=1640] VLA chunk prompt=pour tomato sauce over the chocolate in the frypan
2026-09-26 20:04:20,012 | INFO | [t=1650] VLA chunk prompt=pour tomato sauce over the chocolate in the frypan
2026-09-26 20:04:20,312 | INFO | [t=1660] VLA chunk prompt=pour tomato sauce over the chocolate in the frypan
2026-09-26 20:04:20,612 | INFO | [t=1670] VLA chunk prompt=pour tomato sauce over the chocolate in the frypan
2026-09-26 20:04:20,912 | INFO | [t=1680] VLA chunk prompt=pour tomato sauce over the chocolate in the frypan
2026-09-26 20:04:21,016 | INFO | API VLM @t=1540 task=8 subtask=Place the tomato sauce bottle into the bowl drainer. keyframes=[]
2026-09-26 20:04:21,168 | INFO | [t=1690] VLM prompt update from step=1540: Place the tomato sauce bottle into the bowl drainer.
2026-09-26 20:04:21,218 | INFO | [t=1690] VLA chunk prompt=Place the tomato sauce bottle into the bowl drainer.
2026-09-26 20:04:21,518 | INFO | [t=1700] VLA chunk prompt=Place the tomato sauce bottle into the bowl drainer.
2026-09-26 20:04:21,819 | INFO | [t=1710] VLA chunk prompt=Place the tomato sauce bottle into the bowl drainer.
2026-09-26 20:04:22,120 | INFO | [t=1720] VLA chunk prompt=Place the tomato sauce bottle into the bowl drainer.
2026-09-26 20:04:22,422 | INFO | [t=1730] VLA chunk prompt=Place the tomato sauce bottle into the bowl drainer.
2026-09-26 20:04:22,723 | INFO | [t=1740] VLA chunk prompt=Place the tomato sauce bottle into the bowl drainer.
2026-09-26 20:04:23,024 | INFO | [t=1750] VLA chunk prompt=Place the tomato sauce bottle into the bowl drainer.
2026-09-26 20:04:23,325 | INFO | [t=1760] VLA chunk prompt=Place the tomato sauce bottle into the bowl drainer.
2026-09-26 20:04:23,628 | INFO | [t=1770] VLA chunk prompt=Place the tomato sauce bottle into the bowl drainer.
2026-09-26 20:04:23,932 | INFO | [t=1780] VLA chunk prompt=Place the tomato sauce bottle into the bowl drainer.
2026-09-26 20:04:24,236 | INFO | [t=1790] VLA chunk prompt=Place the tomato sauce bottle into the bowl drainer.
2026-09-26 20:04:24,540 | INFO | [t=1800] VLA chunk prompt=Place the tomato sauce bottle into the bowl drainer.
2026-09-26 20:04:24,844 | INFO | [t=1810] VLA chunk prompt=Place the tomato sauce bottle into the bowl drainer.
2026-09-26 20:04:25,149 | INFO | [t=1820] VLA chunk prompt=Place the tomato sauce bottle into the bowl drainer.
2026-09-26 20:04:25,453 | INFO | [t=1830] VLA chunk prompt=Place the tomato sauce bottle into the bowl drainer.
2026-09-26 20:04:25,758 | INFO | [t=1840] VLA chunk prompt=Place the tomato sauce bottle into the bowl drainer.
2026-09-26 20:04:25,872 | INFO | API VLM @t=1670 task=8 subtask=Pick up the tomato sauce bottle to pour it over the chocolate in the frypan. keyframes=[]
2026-09-26 20:04:26,014 | INFO | [t=1850] VLM prompt update from step=1670: Pick up the tomato sauce bottle to pour it over the chocolate in the frypan.
2026-09-26 20:04:26,064 | INFO | [t=1850] VLA chunk prompt=Pick up the tomato sauce bottle to pour it over the chocolate in the frypan.
2026-09-26 20:04:26,369 | INFO | [t=1860] VLA chunk prompt=Pick up the tomato sauce bottle to pour it over the chocolate in the frypan.
2026-09-26 20:04:26,673 | INFO | [t=1870] VLA chunk prompt=Pick up the tomato sauce bottle to pour it over the chocolate in the frypan.
2026-09-26 20:04:26,976 | INFO | [t=1880] VLA chunk prompt=Pick up the tomato sauce bottle to pour it over the chocolate in the frypan.
2026-09-26 20:04:27,279 | INFO | [t=1890] VLA chunk prompt=Pick up the tomato sauce bottle to pour it over the chocolate in the frypan.
2026-09-26 20:04:27,582 | INFO | [t=1900] VLA chunk prompt=Pick up the tomato sauce bottle to pour it over the chocolate in the frypan.
2026-09-26 20:04:27,885 | INFO | [t=1910] VLA chunk prompt=Pick up the tomato sauce bottle to pour it over the chocolate in the frypan.
2026-09-26 20:04:28,186 | INFO | [t=1920] VLA chunk prompt=Pick up the tomato sauce bottle to pour it over the chocolate in the frypan.
2026-09-26 20:04:28,488 | INFO | [t=1930] VLA chunk prompt=Pick up the tomato sauce bottle to pour it over the chocolate in the frypan.
2026-09-26 20:04:28,789 | INFO | [t=1940] VLA chunk prompt=Pick up the tomato sauce bottle to pour it over the chocolate in the frypan.
2026-09-26 20:04:29,091 | INFO | [t=1950] VLA chunk prompt=Pick up the tomato sauce bottle to pour it over the chocolate in the frypan.
2026-09-26 20:04:29,393 | INFO | [t=1960] VLA chunk prompt=Pick up the tomato sauce bottle to pour it over the chocolate in the frypan.
2026-09-26 20:04:29,695 | INFO | [t=1970] VLA chunk prompt=Pick up the tomato sauce bottle to pour it over the chocolate in the frypan.
2026-09-26 20:04:29,997 | INFO | [t=1980] VLA chunk prompt=Pick up the tomato sauce bottle to pour it over the chocolate in the frypan.
2026-09-26 20:04:30,298 | INFO | [t=1990] VLA chunk prompt=Pick up the tomato sauce bottle to pour it over the chocolate in the frypan.
2026-09-26 20:04:30,599 | INFO | [t=2000] VLA chunk prompt=Pick up the tomato sauce bottle to pour it over the chocolate in the frypan.
2026-09-26 20:04:30,900 | INFO | [t=2010] VLA chunk prompt=Pick up the tomato sauce bottle to pour it over the chocolate in the frypan.
2026-09-26 20:04:31,199 | INFO | [t=2020] VLA chunk prompt=Pick up the tomato sauce bottle to pour it over the chocolate in the frypan.
2026-09-26 20:04:31,495 | INFO | API VLM @t=1830 task=8 subtask=pick up the tomato sauce bottle keyframes=[]
2026-09-26 20:04:31,498 | INFO | [t=2030] VLA chunk prompt=Pick up the tomato sauce bottle to pour it over the chocolate in the frypan.
2026-09-26 20:04:31,747 | INFO | [t=2040] VLM prompt update from step=1830: pick up the tomato sauce bottle
2026-09-26 20:04:31,797 | INFO | [t=2040] VLA chunk prompt=pick up the tomato sauce bottle
2026-09-26 20:04:32,097 | INFO | [t=2050] VLA chunk prompt=pick up the tomato sauce bottle
2026-09-26 20:04:32,395 | INFO | [t=2060] VLA chunk prompt=pick up the tomato sauce bottle
2026-09-26 20:04:32,693 | INFO | [t=2070] VLA chunk prompt=pick up the tomato sauce bottle
2026-09-26 20:04:32,991 | INFO | [t=2080] VLA chunk prompt=pick up the tomato sauce bottle
2026-09-26 20:04:33,288 | INFO | [t=2090] VLA chunk prompt=pick up the tomato sauce bottle
2026-09-26 20:04:33,586 | INFO | [t=2100] VLA chunk prompt=pick up the tomato sauce bottle
2026-09-26 20:04:33,885 | INFO | [t=2110] VLA chunk prompt=pick up the tomato sauce bottle
2026-09-26 20:04:34,185 | INFO | [t=2120] VLA chunk prompt=pick up the tomato sauce bottle
2026-09-26 20:04:34,485 | INFO | [t=2130] VLA chunk prompt=pick up the tomato sauce bottle
2026-09-26 20:04:34,785 | INFO | [t=2140] VLA chunk prompt=pick up the tomato sauce bottle
2026-09-26 20:04:35,084 | INFO | [t=2150] VLA chunk prompt=pick up the tomato sauce bottle
2026-09-26 20:04:35,386 | INFO | [t=2160] VLA chunk prompt=pick up the tomato sauce bottle
2026-09-26 20:04:35,688 | INFO | [t=2170] VLA chunk prompt=pick up the tomato sauce bottle
2026-09-26 20:04:35,992 | INFO | [t=2180] VLA chunk prompt=pick up the tomato sauce bottle
2026-09-26 20:04:36,298 | INFO | [t=2190] VLA chunk prompt=pick up the tomato sauce bottle
2026-09-26 20:04:36,604 | INFO | [t=2200] VLA chunk prompt=pick up the tomato sauce bottle
2026-09-26 20:04:36,725 | INFO | API VLM @t=2020 task=8 subtask=Pick up the tomato sauce bottle to pour it over the chocolate in the pan. keyframes=[]
2026-09-26 20:04:36,863 | INFO | [t=2210] VLM prompt update from step=2020: Pick up the tomato sauce bottle to pour it over the chocolate in the pan.
2026-09-26 20:04:36,913 | INFO | [t=2210] VLA chunk prompt=Pick up the tomato sauce bottle to pour it over the chocolate in the pan.
2026-09-26 20:04:37,224 | INFO | [t=2220] VLA chunk prompt=Pick up the tomato sauce bottle to pour it over the chocolate in the pan.
2026-09-26 20:04:37,531 | INFO | [t=2230] VLA chunk prompt=Pick up the tomato sauce bottle to pour it over the chocolate in the pan.
2026-09-26 20:04:37,837 | INFO | [t=2240] VLA chunk prompt=Pick up the tomato sauce bottle to pour it over the chocolate in the pan.
2026-09-26 20:04:38,144 | INFO | [t=2250] VLA chunk prompt=Pick up the tomato sauce bottle to pour it over the chocolate in the pan.
2026-09-26 20:04:38,452 | INFO | [t=2260] VLA chunk prompt=Pick up the tomato sauce bottle to pour it over the chocolate in the pan.
2026-09-26 20:04:38,765 | INFO | [t=2270] VLA chunk prompt=Pick up the tomato sauce bottle to pour it over the chocolate in the pan.
2026-09-26 20:04:39,079 | INFO | [t=2280] VLA chunk prompt=Pick up the tomato sauce bottle to pour it over the chocolate in the pan.
2026-09-26 20:04:39,395 | INFO | [t=2290] VLA chunk prompt=Pick up the tomato sauce bottle to pour it over the chocolate in the pan.
2026-09-26 20:04:39,707 | INFO | [t=2300] VLA chunk prompt=Pick up the tomato sauce bottle to pour it over the chocolate in the pan.
2026-09-26 20:04:40,015 | INFO | [t=2310] VLA chunk prompt=Pick up the tomato sauce bottle to pour it over the chocolate in the pan.
2026-09-26 20:04:40,325 | INFO | [t=2320] VLA chunk prompt=Pick up the tomato sauce bottle to pour it over the chocolate in the pan.
2026-09-26 20:04:40,634 | INFO | [t=2330] VLA chunk prompt=Pick up the tomato sauce bottle to pour it over the chocolate in the pan.
2026-09-26 20:04:40,942 | INFO | [t=2340] VLA chunk prompt=Pick up the tomato sauce bottle to pour it over the chocolate in the pan.
2026-09-26 20:04:41,250 | INFO | [t=2350] VLA chunk prompt=Pick up the tomato sauce bottle to pour it over the chocolate in the pan.
2026-09-26 20:04:41,558 | INFO | [t=2360] VLA chunk prompt=Pick up the tomato sauce bottle to pour it over the chocolate in the pan.
2026-09-26 20:04:41,867 | INFO | [t=2370] VLA chunk prompt=Pick up the tomato sauce bottle to pour it over the chocolate in the pan.
2026-09-26 20:04:42,182 | INFO | [t=2380] VLA chunk prompt=Pick up the tomato sauce bottle to pour it over the chocolate in the pan.
2026-09-26 20:04:42,503 | INFO | [t=2390] VLA chunk prompt=Pick up the tomato sauce bottle to pour it over the chocolate in the pan.
2026-09-26 20:04:42,825 | INFO | [t=2400] VLA chunk prompt=Pick up the tomato sauce bottle to pour it over the chocolate in the pan.
2026-09-26 20:04:43,144 | INFO | [t=2410] VLA chunk prompt=Pick up the tomato sauce bottle to pour it over the chocolate in the pan.
2026-09-26 20:04:43,467 | INFO | [t=2420] VLA chunk prompt=Pick up the tomato sauce bottle to pour it over the chocolate in the pan.
2026-09-26 20:04:43,787 | INFO | [t=2430] VLA chunk prompt=Pick up the tomato sauce bottle to pour it over the chocolate in the pan.
2026-09-26 20:04:44,111 | INFO | [t=2440] VLA chunk prompt=Pick up the tomato sauce bottle to pour it over the chocolate in the pan.
2026-09-26 20:04:44,434 | INFO | [t=2450] VLA chunk prompt=Pick up the tomato sauce bottle to pour it over the chocolate in the pan.
2026-09-26 20:04:44,757 | INFO | [t=2460] VLA chunk prompt=Pick up the tomato sauce bottle to pour it over the chocolate in the pan.
2026-09-26 20:04:45,082 | INFO | [t=2470] VLA chunk prompt=Pick up the tomato sauce bottle to pour it over the chocolate in the pan.
2026-09-26 20:04:45,403 | INFO | [t=2480] VLA chunk prompt=Pick up the tomato sauce bottle to pour it over the chocolate in the pan.
2026-09-26 20:04:45,721 | INFO | [t=2490] VLA chunk prompt=Pick up the tomato sauce bottle to pour it over the chocolate in the pan.
2026-09-26 20:04:46,038 | INFO | [t=2500] VLA chunk prompt=Pick up the tomato sauce bottle to pour it over the chocolate in the pan.
2026-09-26 20:04:47,537 | INFO | API VLM @t=2190 task=8 subtask=Place the tomato sauce bottle into the bowl drainer. keyframes=[]
2026-09-26 20:04:47,575 | INFO | attempt=0 stage_score=66.7 stage_success=False failure_reason=incomplete_stage
2026-09-26 20:04:47,575 | INFO | Episode 3 seed=103 stage_score=66.7 stage_success=0 goal=0.667 failure_reason=incomplete_stage | 01_Lift_Tomato_Sauce=Y | 02_Pour_One=Y | 03_Pour_Two=N
