2026-09-18 14:43:29,438 | INFO | task_id=5 bddl=/project/peilab/why/RoboMemArena/bddl/5_butter_middle_drawer.bddl vlm_ckpt=/project/peilab/why/RoboMemArena/checkpoints/PrediMem/vlm_tasks1to26_ckpt74500
2026-09-18 14:43:31,403 | INFO | async VLM enabled: single-slot subtask buffer
2026-09-18 14:43:31,658 | INFO | [t=10] VLA chunk prompt=Open all drawers in order, remember the empty drawer, then put butter into that empty drawer.
2026-09-18 14:43:31,935 | INFO | [t=20] VLA chunk prompt=Open all drawers in order, remember the empty drawer, then put butter into that empty drawer.
2026-09-18 14:43:32,209 | INFO | [t=30] VLA chunk prompt=Open all drawers in order, remember the empty drawer, then put butter into that empty drawer.
2026-09-18 14:43:32,480 | INFO | [t=40] VLA chunk prompt=Open all drawers in order, remember the empty drawer, then put butter into that empty drawer.
2026-09-18 14:43:32,751 | INFO | [t=50] VLA chunk prompt=Open all drawers in order, remember the empty drawer, then put butter into that empty drawer.
2026-09-18 14:43:33,022 | INFO | [t=60] VLA chunk prompt=Open all drawers in order, remember the empty drawer, then put butter into that empty drawer.
2026-09-18 14:43:33,302 | INFO | [t=70] VLA chunk prompt=Open all drawers in order, remember the empty drawer, then put butter into that empty drawer.
2026-09-18 14:43:33,545 | INFO | [t=80] harness subtask override: open top drawer
2026-09-18 14:43:33,545 | INFO | [t=80] VLM prompt update from step=-1: open top drawer
2026-09-18 14:43:33,545 | INFO | [t=80] harness forced VLM replan after stall (pmh visual retrieve armed)
2026-09-18 14:43:33,596 | INFO | [t=80] VLA chunk prompt=open top drawer
2026-09-18 14:43:33,880 | INFO | [t=90] VLA chunk prompt=open top drawer
2026-09-18 14:43:34,175 | INFO | [t=100] VLA chunk prompt=open top drawer
2026-09-18 14:43:34,471 | INFO | [t=110] VLA chunk prompt=open top drawer
2026-09-18 14:43:34,790 | INFO | [t=120] VLA chunk prompt=open top drawer
2026-09-18 14:43:35,122 | INFO | [t=130] VLA chunk prompt=open top drawer
2026-09-18 14:43:35,450 | INFO | [t=140] VLA chunk prompt=open top drawer
2026-09-18 14:43:35,783 | INFO | [t=150] VLA chunk prompt=open top drawer
2026-09-18 14:43:36,123 | INFO | [t=160] VLA chunk prompt=open top drawer
2026-09-18 14:43:36,468 | INFO | [t=170] VLA chunk prompt=open top drawer
2026-09-18 14:43:36,816 | INFO | [t=180] VLA chunk prompt=open top drawer
2026-09-18 14:43:37,175 | INFO | [t=190] VLA chunk prompt=open top drawer
2026-09-18 14:43:37,530 | INFO | [t=200] VLA chunk prompt=open top drawer
2026-09-18 14:43:37,890 | INFO | [t=210] VLA chunk prompt=open top drawer
2026-09-18 14:43:38,256 | INFO | [t=220] VLA chunk prompt=open top drawer
2026-09-18 14:43:38,625 | INFO | [t=230] VLA chunk prompt=open top drawer
2026-09-18 14:43:38,997 | INFO | [t=240] VLA chunk prompt=open top drawer
2026-09-18 14:43:39,370 | INFO | [t=250] VLA chunk prompt=open top drawer
2026-09-18 14:43:39,746 | INFO | [t=260] VLA chunk prompt=open top drawer
2026-09-18 14:43:40,125 | INFO | [t=270] VLA chunk prompt=open top drawer
2026-09-18 14:43:40,509 | INFO | [t=280] VLA chunk prompt=open top drawer
2026-09-18 14:43:40,895 | INFO | [t=290] VLA chunk prompt=open top drawer
2026-09-18 14:43:41,277 | INFO | [t=300] VLA chunk prompt=open top drawer
2026-09-18 14:43:41,655 | INFO | [t=310] VLA chunk prompt=open top drawer
2026-09-18 14:43:42,035 | INFO | [t=320] VLA chunk prompt=open top drawer
2026-09-18 14:43:42,418 | INFO | [t=330] VLA chunk prompt=open top drawer
2026-09-18 14:43:42,801 | INFO | [t=340] VLA chunk prompt=open top drawer
2026-09-18 14:43:43,186 | INFO | [t=350] VLA chunk prompt=open top drawer
2026-09-18 14:43:43,574 | INFO | [t=360] VLA chunk prompt=open top drawer
2026-09-18 14:43:43,965 | INFO | [t=370] VLA chunk prompt=open top drawer
2026-09-18 14:43:44,360 | INFO | [t=380] VLA chunk prompt=open top drawer
2026-09-18 14:43:44,755 | INFO | [t=390] VLA chunk prompt=open top drawer
2026-09-18 14:43:45,149 | INFO | [t=400] VLA chunk prompt=open top drawer
2026-09-18 14:43:45,537 | INFO | [t=410] VLA chunk prompt=open top drawer
2026-09-18 14:43:45,921 | INFO | [t=420] VLA chunk prompt=open top drawer
2026-09-18 14:43:46,306 | INFO | [t=430] VLA chunk prompt=open top drawer
2026-09-18 14:43:46,696 | INFO | [t=440] VLA chunk prompt=open top drawer
2026-09-18 14:43:47,077 | INFO | [t=450] VLA chunk prompt=open top drawer
2026-09-18 14:43:47,463 | INFO | [t=460] VLA chunk prompt=open top drawer
2026-09-18 14:43:47,839 | INFO | [t=470] VLA chunk prompt=open top drawer
2026-09-18 14:43:48,215 | INFO | [t=480] VLA chunk prompt=open top drawer
2026-09-18 14:43:48,591 | INFO | [t=490] VLA chunk prompt=open top drawer
2026-09-18 14:43:48,964 | INFO | [t=500] VLA chunk prompt=open top drawer
2026-09-18 14:43:49,203 | INFO | API VLM @t=1590 task=5 subtask=open top drawer keyframes=[]
2026-09-18 14:43:49,347 | INFO | [t=510] VLA chunk prompt=open top drawer
2026-09-18 14:43:49,730 | INFO | [t=520] VLA chunk prompt=open top drawer
2026-09-18 14:43:50,106 | INFO | [t=530] VLA chunk prompt=open top drawer
2026-09-18 14:43:50,485 | INFO | [t=540] VLA chunk prompt=open top drawer
2026-09-18 14:43:50,864 | INFO | [t=550] VLA chunk prompt=open top drawer
2026-09-18 14:43:51,246 | INFO | [t=560] VLA chunk prompt=open top drawer
2026-09-18 14:43:51,626 | INFO | [t=570] VLA chunk prompt=open top drawer
2026-09-18 14:43:52,006 | INFO | [t=580] VLA chunk prompt=open top drawer
2026-09-18 14:43:52,386 | INFO | [t=590] VLA chunk prompt=open top drawer
2026-09-18 14:43:52,766 | INFO | [t=600] VLA chunk prompt=open top drawer
2026-09-18 14:43:53,149 | INFO | [t=610] VLA chunk prompt=open top drawer
2026-09-18 14:43:53,536 | INFO | [t=620] VLA chunk prompt=open top drawer
2026-09-18 14:43:53,917 | INFO | [t=630] VLA chunk prompt=open top drawer
2026-09-18 14:43:54,298 | INFO | [t=640] VLA chunk prompt=open top drawer
2026-09-18 14:43:54,678 | INFO | [t=650] VLA chunk prompt=open top drawer
2026-09-18 14:43:55,057 | INFO | [t=660] VLA chunk prompt=open top drawer
2026-09-18 14:43:55,437 | INFO | [t=670] VLA chunk prompt=open top drawer
2026-09-18 14:43:55,820 | INFO | [t=680] VLA chunk prompt=open top drawer
2026-09-18 14:43:56,201 | INFO | [t=690] VLA chunk prompt=open top drawer
2026-09-18 14:43:56,582 | INFO | [t=700] VLA chunk prompt=open top drawer
2026-09-18 14:43:56,965 | INFO | [t=710] VLA chunk prompt=open top drawer
2026-09-18 14:43:57,346 | INFO | [t=720] VLA chunk prompt=open top drawer
2026-09-18 14:43:57,729 | INFO | [t=730] VLA chunk prompt=open top drawer
2026-09-18 14:43:58,116 | INFO | [t=740] VLA chunk prompt=open top drawer
2026-09-18 14:43:58,502 | INFO | [t=750] VLA chunk prompt=open top drawer
2026-09-18 14:43:58,884 | INFO | [t=760] VLA chunk prompt=open top drawer
2026-09-18 14:43:59,263 | INFO | [t=770] VLA chunk prompt=open top drawer
2026-09-18 14:43:59,642 | INFO | [t=780] VLA chunk prompt=open top drawer
2026-09-18 14:44:00,019 | INFO | [t=790] VLA chunk prompt=open top drawer
2026-09-18 14:44:00,398 | INFO | [t=800] VLA chunk prompt=open top drawer
2026-09-18 14:44:00,778 | INFO | [t=810] VLA chunk prompt=open top drawer
2026-09-18 14:44:01,163 | INFO | [t=820] VLA chunk prompt=open top drawer
2026-09-18 14:44:01,550 | INFO | [t=830] VLA chunk prompt=open top drawer
2026-09-18 14:44:01,938 | INFO | [t=840] VLA chunk prompt=open top drawer
2026-09-18 14:44:02,319 | INFO | [t=850] VLA chunk prompt=open top drawer
2026-09-18 14:44:02,696 | INFO | [t=860] VLA chunk prompt=open top drawer
2026-09-18 14:44:03,073 | INFO | [t=870] VLA chunk prompt=open top drawer
2026-09-18 14:44:03,450 | INFO | [t=880] VLA chunk prompt=open top drawer
2026-09-18 14:44:03,828 | INFO | [t=890] VLA chunk prompt=open top drawer
2026-09-18 14:44:04,204 | INFO | [t=900] VLA chunk prompt=open top drawer
2026-09-18 14:44:04,580 | INFO | [t=910] VLA chunk prompt=open top drawer
2026-09-18 14:44:04,956 | INFO | [t=920] VLA chunk prompt=open top drawer
2026-09-18 14:44:05,334 | INFO | [t=930] VLA chunk prompt=open top drawer
2026-09-18 14:44:05,716 | INFO | [t=940] VLA chunk prompt=open top drawer
2026-09-18 14:44:06,095 | INFO | [t=950] VLA chunk prompt=open top drawer
2026-09-18 14:44:06,474 | INFO | [t=960] VLA chunk prompt=open top drawer
2026-09-18 14:44:06,852 | INFO | [t=970] VLA chunk prompt=open top drawer
2026-09-18 14:44:07,227 | INFO | [t=980] VLA chunk prompt=open top drawer
2026-09-18 14:44:07,604 | INFO | [t=990] VLA chunk prompt=open top drawer
2026-09-18 14:44:07,979 | INFO | [t=1000] VLA chunk prompt=open top drawer
2026-09-18 14:44:08,354 | INFO | [t=1010] VLA chunk prompt=open top drawer
2026-09-18 14:44:08,730 | INFO | [t=1020] VLA chunk prompt=open top drawer
2026-09-18 14:44:09,112 | INFO | [t=1030] VLA chunk prompt=open top drawer
2026-09-18 14:44:09,498 | INFO | [t=1040] VLA chunk prompt=open top drawer
2026-09-18 14:44:09,880 | INFO | [t=1050] VLA chunk prompt=open top drawer
2026-09-18 14:44:10,263 | INFO | [t=1060] VLA chunk prompt=open top drawer
2026-09-18 14:44:10,646 | INFO | [t=1070] VLA chunk prompt=open top drawer
2026-09-18 14:44:11,027 | INFO | [t=1080] VLA chunk prompt=open top drawer
2026-09-18 14:44:11,405 | INFO | [t=1090] VLA chunk prompt=open top drawer
2026-09-18 14:44:11,784 | INFO | [t=1100] VLA chunk prompt=open top drawer
2026-09-18 14:44:12,162 | INFO | [t=1110] VLA chunk prompt=open top drawer
2026-09-18 14:44:12,362 | INFO | API VLM @t=0 task=5 subtask=open top drawer keyframes=[]
2026-09-18 14:44:12,544 | INFO | [t=1120] VLA chunk prompt=open top drawer
2026-09-18 14:44:12,929 | INFO | [t=1130] VLA chunk prompt=open top drawer
2026-09-18 14:44:13,310 | INFO | [t=1140] VLA chunk prompt=open top drawer
2026-09-18 14:44:13,687 | INFO | [t=1150] VLA chunk prompt=open top drawer
2026-09-18 14:44:14,066 | INFO | [t=1160] VLA chunk prompt=open top drawer
2026-09-18 14:44:14,447 | INFO | [t=1170] VLA chunk prompt=open top drawer
2026-09-18 14:44:14,832 | INFO | [t=1180] VLA chunk prompt=open top drawer
2026-09-18 14:44:15,212 | INFO | [t=1190] VLA chunk prompt=open top drawer
2026-09-18 14:44:15,590 | INFO | [t=1200] VLA chunk prompt=open top drawer
2026-09-18 14:44:15,969 | INFO | [t=1210] VLA chunk prompt=open top drawer
2026-09-18 14:44:16,346 | INFO | [t=1220] VLA chunk prompt=open top drawer
2026-09-18 14:44:16,724 | INFO | [t=1230] VLA chunk prompt=open top drawer
2026-09-18 14:44:17,102 | INFO | [t=1240] VLA chunk prompt=open top drawer
2026-09-18 14:44:17,482 | INFO | [t=1250] VLA chunk prompt=open top drawer
2026-09-18 14:44:17,862 | INFO | [t=1260] VLA chunk prompt=open top drawer
2026-09-18 14:44:18,242 | INFO | [t=1270] VLA chunk prompt=open top drawer
2026-09-18 14:44:18,619 | INFO | [t=1280] VLA chunk prompt=open top drawer
2026-09-18 14:44:18,991 | INFO | [t=1290] VLA chunk prompt=open top drawer
2026-09-18 14:44:19,363 | INFO | [t=1300] VLA chunk prompt=open top drawer
2026-09-18 14:44:19,738 | INFO | [t=1310] VLA chunk prompt=open top drawer
2026-09-18 14:44:20,114 | INFO | [t=1320] VLA chunk prompt=open top drawer
2026-09-18 14:44:20,487 | INFO | [t=1330] VLA chunk prompt=open top drawer
2026-09-18 14:44:20,868 | INFO | [t=1340] VLA chunk prompt=open top drawer
2026-09-18 14:44:21,249 | INFO | [t=1350] VLA chunk prompt=open top drawer
2026-09-18 14:44:21,627 | INFO | [t=1360] VLA chunk prompt=open top drawer
2026-09-18 14:44:22,006 | INFO | [t=1370] VLA chunk prompt=open top drawer
2026-09-18 14:44:22,385 | INFO | [t=1380] VLA chunk prompt=open top drawer
2026-09-18 14:44:22,762 | INFO | [t=1390] VLA chunk prompt=open top drawer
2026-09-18 14:44:23,138 | INFO | [t=1400] VLA chunk prompt=open top drawer
2026-09-18 14:44:23,518 | INFO | [t=1410] VLA chunk prompt=open top drawer
2026-09-18 14:44:23,894 | INFO | [t=1420] VLA chunk prompt=open top drawer
2026-09-18 14:44:24,272 | INFO | [t=1430] VLA chunk prompt=open top drawer
2026-09-18 14:44:24,649 | INFO | [t=1440] VLA chunk prompt=open top drawer
2026-09-18 14:44:25,022 | INFO | [t=1450] VLA chunk prompt=open top drawer
2026-09-18 14:44:25,394 | INFO | [t=1460] VLA chunk prompt=open top drawer
2026-09-18 14:44:25,768 | INFO | [t=1470] VLA chunk prompt=open top drawer
2026-09-18 14:44:26,141 | INFO | [t=1480] VLA chunk prompt=open top drawer
2026-09-18 14:44:26,513 | INFO | [t=1490] VLA chunk prompt=open top drawer
2026-09-18 14:44:26,882 | INFO | [t=1500] VLA chunk prompt=open top drawer
2026-09-18 14:44:27,250 | INFO | [t=1510] VLA chunk prompt=open top drawer
2026-09-18 14:44:27,620 | INFO | [t=1520] VLA chunk prompt=open top drawer
2026-09-18 14:44:27,989 | INFO | [t=1530] VLA chunk prompt=open top drawer
2026-09-18 14:44:28,363 | INFO | [t=1540] VLA chunk prompt=open top drawer
2026-09-18 14:44:28,746 | INFO | [t=1550] VLA chunk prompt=open top drawer
2026-09-18 14:44:29,130 | INFO | [t=1560] VLA chunk prompt=open top drawer
2026-09-18 14:44:29,509 | INFO | [t=1570] VLA chunk prompt=open top drawer
2026-09-18 14:44:29,885 | INFO | [t=1580] VLA chunk prompt=open top drawer
2026-09-18 14:44:30,264 | INFO | [t=1590] VLA chunk prompt=open top drawer
2026-09-18 14:44:30,640 | INFO | [t=1600] VLA chunk prompt=open top drawer
2026-09-18 14:44:31,017 | INFO | [t=1610] VLA chunk prompt=open top drawer
2026-09-18 14:44:31,390 | INFO | [t=1620] VLA chunk prompt=open top drawer
2026-09-18 14:44:31,763 | INFO | [t=1630] VLA chunk prompt=open top drawer
2026-09-18 14:44:32,138 | INFO | [t=1640] VLA chunk prompt=open top drawer
2026-09-18 14:44:32,517 | INFO | [t=1650] VLA chunk prompt=open top drawer
2026-09-18 14:44:32,895 | INFO | [t=1660] VLA chunk prompt=open top drawer
2026-09-18 14:44:33,278 | INFO | [t=1670] VLA chunk prompt=open top drawer
2026-09-18 14:44:33,663 | INFO | [t=1680] VLA chunk prompt=open top drawer
2026-09-18 14:44:34,046 | INFO | [t=1690] VLA chunk prompt=open top drawer
2026-09-18 14:44:34,445 | INFO | [t=1700] VLA chunk prompt=open top drawer
2026-09-18 14:44:34,835 | INFO | [t=1710] VLA chunk prompt=open top drawer
2026-09-18 14:44:35,225 | INFO | [t=1720] VLA chunk prompt=open top drawer
2026-09-18 14:44:35,609 | INFO | [t=1730] VLA chunk prompt=open top drawer
2026-09-18 14:44:35,986 | INFO | [t=1740] VLA chunk prompt=open top drawer
2026-09-18 14:44:36,364 | INFO | [t=1750] VLA chunk prompt=open top drawer
2026-09-18 14:44:36,743 | INFO | [t=1760] VLA chunk prompt=open top drawer
2026-09-18 14:44:37,112 | INFO | [t=1770] VLA chunk prompt=open top drawer
2026-09-18 14:44:37,474 | INFO | [t=1780] VLA chunk prompt=open top drawer
2026-09-18 14:44:37,830 | INFO | [t=1790] VLA chunk prompt=open top drawer
2026-09-18 14:44:38,193 | INFO | [t=1800] VLA chunk prompt=open top drawer
2026-09-18 14:44:38,566 | INFO | [t=1810] VLA chunk prompt=open top drawer
2026-09-18 14:44:38,933 | INFO | [t=1820] VLA chunk prompt=open top drawer
2026-09-18 14:44:39,301 | INFO | [t=1830] VLA chunk prompt=open top drawer
2026-09-18 14:44:39,674 | INFO | [t=1840] VLA chunk prompt=open top drawer
2026-09-18 14:44:40,046 | INFO | [t=1850] VLA chunk prompt=open top drawer
2026-09-18 14:44:40,416 | INFO | [t=1860] VLA chunk prompt=open top drawer
2026-09-18 14:44:40,786 | INFO | [t=1870] VLA chunk prompt=open top drawer
2026-09-18 14:44:41,155 | INFO | [t=1880] VLA chunk prompt=open top drawer
2026-09-18 14:44:41,251 | INFO | [t=1883] stage done: 01_Open_Top_Drawer
2026-09-18 14:44:41,526 | INFO | [t=1890] VLA chunk prompt=open top drawer
2026-09-18 14:44:41,899 | INFO | [t=1900] VLA chunk prompt=open top drawer
2026-09-18 14:44:42,271 | INFO | [t=1910] VLA chunk prompt=open top drawer
2026-09-18 14:44:42,641 | INFO | [t=1920] VLA chunk prompt=open top drawer
2026-09-18 14:44:43,003 | INFO | [t=1930] VLA chunk prompt=open top drawer
2026-09-18 14:44:43,362 | INFO | [t=1940] VLA chunk prompt=open top drawer
2026-09-18 14:44:43,719 | INFO | [t=1950] VLA chunk prompt=open top drawer
2026-09-18 14:44:44,077 | INFO | [t=1960] VLA chunk prompt=open top drawer
2026-09-18 14:44:44,387 | INFO | [t=1970] harness subtask override: close top drawer
2026-09-18 14:44:44,387 | INFO | [t=1970] VLM prompt update from step=0: close top drawer
2026-09-18 14:44:44,387 | INFO | [t=1970] harness forced VLM replan after stall (pmh visual retrieve armed)
2026-09-18 14:44:44,437 | INFO | [t=1970] VLA chunk prompt=close top drawer
2026-09-18 14:44:44,790 | INFO | [t=1980] VLA chunk prompt=close top drawer
2026-09-18 14:44:45,143 | INFO | [t=1990] VLA chunk prompt=close top drawer
2026-09-18 14:44:45,495 | INFO | [t=2000] VLA chunk prompt=close top drawer
2026-09-18 14:44:45,845 | INFO | [t=2010] VLA chunk prompt=close top drawer
2026-09-18 14:44:46,195 | INFO | [t=2020] VLA chunk prompt=close top drawer
2026-09-18 14:44:46,555 | INFO | [t=2030] VLA chunk prompt=close top drawer
2026-09-18 14:44:46,911 | INFO | [t=2040] VLA chunk prompt=close top drawer
2026-09-18 14:44:47,261 | INFO | [t=2050] VLA chunk prompt=close top drawer
2026-09-18 14:44:47,610 | INFO | [t=2060] VLA chunk prompt=close top drawer
2026-09-18 14:44:47,958 | INFO | [t=2070] VLA chunk prompt=close top drawer
2026-09-18 14:44:48,305 | INFO | [t=2080] VLA chunk prompt=close top drawer
2026-09-18 14:44:48,651 | INFO | [t=2090] VLA chunk prompt=close top drawer
2026-09-18 14:44:49,000 | INFO | [t=2100] VLA chunk prompt=close top drawer
2026-09-18 14:44:49,351 | INFO | [t=2110] VLA chunk prompt=close top drawer
2026-09-18 14:44:49,706 | INFO | [t=2120] VLA chunk prompt=close top drawer
2026-09-18 14:44:50,063 | INFO | [t=2130] VLA chunk prompt=close top drawer
2026-09-18 14:44:50,417 | INFO | [t=2140] VLA chunk prompt=close top drawer
2026-09-18 14:44:50,772 | INFO | [t=2150] VLA chunk prompt=close top drawer
2026-09-18 14:44:51,128 | INFO | [t=2160] VLA chunk prompt=close top drawer
2026-09-18 14:44:51,491 | INFO | [t=2170] VLA chunk prompt=close top drawer
2026-09-18 14:44:51,864 | INFO | [t=2180] VLA chunk prompt=close top drawer
2026-09-18 14:44:52,247 | INFO | [t=2190] VLA chunk prompt=close top drawer
2026-09-18 14:44:52,638 | INFO | [t=2200] VLA chunk prompt=close top drawer
2026-09-18 14:44:53,022 | INFO | [t=2210] VLA chunk prompt=close top drawer
2026-09-18 14:44:53,409 | INFO | [t=2220] VLA chunk prompt=close top drawer
2026-09-18 14:44:53,794 | INFO | [t=2230] VLA chunk prompt=close top drawer
2026-09-18 14:44:54,175 | INFO | [t=2240] VLA chunk prompt=close top drawer
2026-09-18 14:44:54,564 | INFO | [t=2250] VLA chunk prompt=close top drawer
2026-09-18 14:44:54,955 | INFO | [t=2260] VLA chunk prompt=close top drawer
2026-09-18 14:44:55,344 | INFO | [t=2270] VLA chunk prompt=close top drawer
2026-09-18 14:44:55,726 | INFO | [t=2280] VLA chunk prompt=close top drawer
2026-09-18 14:44:56,108 | INFO | [t=2290] VLA chunk prompt=close top drawer
2026-09-18 14:44:56,489 | INFO | [t=2300] VLA chunk prompt=close top drawer
2026-09-18 14:44:56,874 | INFO | [t=2310] VLA chunk prompt=close top drawer
2026-09-18 14:44:57,272 | INFO | [t=2320] VLA chunk prompt=close top drawer
2026-09-18 14:44:57,669 | INFO | [t=2330] VLA chunk prompt=close top drawer
2026-09-18 14:44:58,047 | INFO | [t=2340] VLA chunk prompt=close top drawer
2026-09-18 14:44:58,420 | INFO | [t=2350] VLA chunk prompt=close top drawer
2026-09-18 14:44:58,784 | INFO | [t=2360] VLA chunk prompt=close top drawer
2026-09-18 14:44:59,144 | INFO | [t=2370] VLA chunk prompt=close top drawer
2026-09-18 14:44:59,499 | INFO | [t=2380] VLA chunk prompt=close top drawer
2026-09-18 14:44:59,847 | INFO | [t=2390] VLA chunk prompt=close top drawer
2026-09-18 14:45:00,193 | INFO | [t=2400] VLA chunk prompt=close top drawer
2026-09-18 14:45:00,539 | INFO | [t=2410] VLA chunk prompt=close top drawer
2026-09-18 14:45:00,884 | INFO | [t=2420] VLA chunk prompt=close top drawer
2026-09-18 14:45:01,224 | INFO | [t=2430] VLA chunk prompt=close top drawer
2026-09-18 14:45:01,572 | INFO | [t=2440] VLA chunk prompt=close top drawer
2026-09-18 14:45:01,925 | INFO | [t=2450] VLA chunk prompt=close top drawer
2026-09-18 14:45:02,286 | INFO | [t=2460] VLA chunk prompt=close top drawer
2026-09-18 14:45:02,642 | INFO | [t=2470] VLA chunk prompt=close top drawer
2026-09-18 14:45:02,999 | INFO | [t=2480] VLA chunk prompt=close top drawer
2026-09-18 14:45:03,354 | INFO | [t=2490] VLA chunk prompt=close top drawer
2026-09-18 14:45:03,710 | INFO | [t=2500] VLA chunk prompt=close top drawer
2026-09-18 14:45:07,057 | INFO | attempt=0 stage_score=12.5 stage_success=False failure_reason=incomplete_stage
2026-09-18 14:45:08,982 | INFO | harness release_gripper after env.reset (attempt=1)
2026-09-18 14:45:08,983 | INFO | async VLM enabled: single-slot subtask buffer
2026-09-18 14:45:09,239 | INFO | [t=10] VLA chunk prompt=Open all drawers in order, remember the empty drawer, then put butter into that empty drawer.
2026-09-18 14:45:09,516 | INFO | [t=20] VLA chunk prompt=Open all drawers in order, remember the empty drawer, then put butter into that empty drawer.
2026-09-18 14:45:09,790 | INFO | [t=30] VLA chunk prompt=Open all drawers in order, remember the empty drawer, then put butter into that empty drawer.
2026-09-18 14:45:10,061 | INFO | [t=40] VLA chunk prompt=Open all drawers in order, remember the empty drawer, then put butter into that empty drawer.
2026-09-18 14:45:10,334 | INFO | [t=50] VLA chunk prompt=Open all drawers in order, remember the empty drawer, then put butter into that empty drawer.
2026-09-18 14:45:10,610 | INFO | [t=60] VLA chunk prompt=Open all drawers in order, remember the empty drawer, then put butter into that empty drawer.
2026-09-18 14:45:10,904 | INFO | [t=70] VLA chunk prompt=Open all drawers in order, remember the empty drawer, then put butter into that empty drawer.
2026-09-18 14:45:11,131 | INFO | [t=80] harness subtask override: open top drawer
2026-09-18 14:45:11,131 | INFO | [t=80] VLM prompt update from step=-1: open top drawer
2026-09-18 14:45:11,131 | INFO | [t=80] harness forced VLM replan after stall (pmh visual retrieve armed)
2026-09-18 14:45:11,183 | INFO | [t=80] VLA chunk prompt=open top drawer
2026-09-18 14:45:11,456 | INFO | [t=90] VLA chunk prompt=open top drawer
2026-09-18 14:45:11,744 | INFO | [t=100] VLA chunk prompt=open top drawer
2026-09-18 14:45:12,051 | INFO | [t=110] VLA chunk prompt=open top drawer
2026-09-18 14:45:12,362 | INFO | [t=120] VLA chunk prompt=open top drawer
2026-09-18 14:45:12,679 | INFO | [t=130] VLA chunk prompt=open top drawer
2026-09-18 14:45:13,005 | INFO | [t=140] VLA chunk prompt=open top drawer
2026-09-18 14:45:13,337 | INFO | [t=150] VLA chunk prompt=open top drawer
2026-09-18 14:45:13,670 | INFO | [t=160] VLA chunk prompt=open top drawer
2026-09-18 14:45:14,019 | INFO | [t=170] VLA chunk prompt=open top drawer
2026-09-18 14:45:14,380 | INFO | [t=180] VLA chunk prompt=open top drawer
2026-09-18 14:45:14,734 | INFO | [t=190] VLA chunk prompt=open top drawer
2026-09-18 14:45:15,097 | INFO | [t=200] VLA chunk prompt=open top drawer
2026-09-18 14:45:15,461 | INFO | [t=210] VLA chunk prompt=open top drawer
2026-09-18 14:45:15,828 | INFO | [t=220] VLA chunk prompt=open top drawer
2026-09-18 14:45:16,197 | INFO | [t=230] VLA chunk prompt=open top drawer
2026-09-18 14:45:16,568 | INFO | [t=240] VLA chunk prompt=open top drawer
2026-09-18 14:45:16,947 | INFO | [t=250] VLA chunk prompt=open top drawer
2026-09-18 14:45:17,329 | INFO | [t=260] VLA chunk prompt=open top drawer
2026-09-18 14:45:17,712 | INFO | [t=270] VLA chunk prompt=open top drawer
2026-09-18 14:45:18,096 | INFO | [t=280] VLA chunk prompt=open top drawer
2026-09-18 14:45:18,483 | INFO | [t=290] VLA chunk prompt=open top drawer
2026-09-18 14:45:18,872 | INFO | [t=300] VLA chunk prompt=open top drawer
2026-09-18 14:45:19,260 | INFO | [t=310] VLA chunk prompt=open top drawer
2026-09-18 14:45:19,646 | INFO | [t=320] VLA chunk prompt=open top drawer
2026-09-18 14:45:20,031 | INFO | [t=330] VLA chunk prompt=open top drawer
2026-09-18 14:45:20,414 | INFO | [t=340] VLA chunk prompt=open top drawer
2026-09-18 14:45:20,793 | INFO | [t=350] VLA chunk prompt=open top drawer
2026-09-18 14:45:21,170 | INFO | [t=360] VLA chunk prompt=open top drawer
2026-09-18 14:45:21,548 | INFO | [t=370] VLA chunk prompt=open top drawer
2026-09-18 14:45:21,927 | INFO | [t=380] VLA chunk prompt=open top drawer
2026-09-18 14:45:22,310 | INFO | [t=390] VLA chunk prompt=open top drawer
2026-09-18 14:45:22,693 | INFO | [t=400] VLA chunk prompt=open top drawer
2026-09-18 14:45:23,075 | INFO | [t=410] VLA chunk prompt=open top drawer
2026-09-18 14:45:23,458 | INFO | [t=420] VLA chunk prompt=open top drawer
2026-09-18 14:45:23,839 | INFO | [t=430] VLA chunk prompt=open top drawer
2026-09-18 14:45:24,225 | INFO | [t=440] VLA chunk prompt=open top drawer
2026-09-18 14:45:24,606 | INFO | [t=450] VLA chunk prompt=open top drawer
2026-09-18 14:45:24,989 | INFO | [t=460] VLA chunk prompt=open top drawer
2026-09-18 14:45:25,377 | INFO | [t=470] VLA chunk prompt=open top drawer
2026-09-18 14:45:25,768 | INFO | [t=480] VLA chunk prompt=open top drawer
2026-09-18 14:45:26,151 | INFO | [t=490] VLA chunk prompt=open top drawer
2026-09-18 14:45:26,530 | INFO | [t=500] VLA chunk prompt=open top drawer
2026-09-18 14:45:26,901 | INFO | [t=510] VLA chunk prompt=open top drawer
2026-09-18 14:45:27,269 | INFO | [t=520] VLA chunk prompt=open top drawer
2026-09-18 14:45:27,634 | INFO | [t=530] VLA chunk prompt=open top drawer
2026-09-18 14:45:28,002 | INFO | [t=540] VLA chunk prompt=open top drawer
2026-09-18 14:45:28,376 | INFO | [t=550] VLA chunk prompt=open top drawer
2026-09-18 14:45:28,753 | INFO | [t=560] VLA chunk prompt=open top drawer
2026-09-18 14:45:29,124 | INFO | [t=570] VLA chunk prompt=open top drawer
2026-09-18 14:45:29,497 | INFO | [t=580] VLA chunk prompt=open top drawer
2026-09-18 14:45:29,877 | INFO | [t=590] VLA chunk prompt=open top drawer
2026-09-18 14:45:30,249 | INFO | [t=600] VLA chunk prompt=open top drawer
2026-09-18 14:45:30,613 | INFO | [t=610] VLA chunk prompt=open top drawer
2026-09-18 14:45:30,970 | INFO | [t=620] VLA chunk prompt=open top drawer
2026-09-18 14:45:31,324 | INFO | [t=630] VLA chunk prompt=open top drawer
2026-09-18 14:45:31,677 | INFO | [t=640] VLA chunk prompt=open top drawer
2026-09-18 14:45:32,032 | INFO | [t=650] VLA chunk prompt=open top drawer
2026-09-18 14:45:32,387 | INFO | [t=660] VLA chunk prompt=open top drawer
2026-09-18 14:45:32,765 | INFO | [t=670] VLA chunk prompt=open top drawer
2026-09-18 14:45:33,157 | INFO | [t=680] VLA chunk prompt=open top drawer
2026-09-18 14:45:33,557 | INFO | [t=690] VLA chunk prompt=open top drawer
2026-09-18 14:45:33,971 | INFO | [t=700] VLA chunk prompt=open top drawer
2026-09-18 14:45:34,382 | INFO | [t=710] VLA chunk prompt=open top drawer
2026-09-18 14:45:34,803 | INFO | [t=720] VLA chunk prompt=open top drawer
2026-09-18 14:45:35,236 | INFO | [t=730] VLA chunk prompt=open top drawer
2026-09-18 14:45:35,660 | INFO | [t=740] VLA chunk prompt=open top drawer
2026-09-18 14:45:36,078 | INFO | [t=750] VLA chunk prompt=open top drawer
2026-09-18 14:45:36,472 | INFO | [t=760] VLA chunk prompt=open top drawer
2026-09-18 14:45:36,865 | INFO | [t=770] VLA chunk prompt=open top drawer
2026-09-18 14:45:37,253 | INFO | [t=780] VLA chunk prompt=open top drawer
2026-09-18 14:45:37,650 | INFO | [t=790] VLA chunk prompt=open top drawer
2026-09-18 14:45:38,047 | INFO | [t=800] VLA chunk prompt=open top drawer
2026-09-18 14:45:38,444 | INFO | [t=810] VLA chunk prompt=open top drawer
2026-09-18 14:45:38,840 | INFO | [t=820] VLA chunk prompt=open top drawer
2026-09-18 14:45:39,233 | INFO | [t=830] VLA chunk prompt=open top drawer
2026-09-18 14:45:39,628 | INFO | [t=840] VLA chunk prompt=open top drawer
2026-09-18 14:45:40,022 | INFO | [t=850] VLA chunk prompt=open top drawer
2026-09-18 14:45:40,422 | INFO | [t=860] VLA chunk prompt=open top drawer
2026-09-18 14:45:40,825 | INFO | [t=870] VLA chunk prompt=open top drawer
2026-09-18 14:45:41,228 | INFO | [t=880] VLA chunk prompt=open top drawer
2026-09-18 14:45:41,634 | INFO | [t=890] VLA chunk prompt=open top drawer
2026-09-18 14:45:42,029 | INFO | [t=900] VLA chunk prompt=open top drawer
2026-09-18 14:45:42,427 | INFO | [t=910] VLA chunk prompt=open top drawer
2026-09-18 14:45:42,821 | INFO | [t=920] VLA chunk prompt=open top drawer
2026-09-18 14:45:43,190 | INFO | API VLM @t=0 task=5 subtask=open top drawer keyframes=[]
2026-09-18 14:45:43,214 | INFO | [t=930] VLA chunk prompt=open top drawer
2026-09-18 14:45:43,609 | INFO | [t=940] VLA chunk prompt=open top drawer
2026-09-18 14:45:44,006 | INFO | [t=950] VLA chunk prompt=open top drawer
2026-09-18 14:45:44,403 | INFO | [t=960] VLA chunk prompt=open top drawer
2026-09-18 14:45:44,800 | INFO | [t=970] VLA chunk prompt=open top drawer
2026-09-18 14:45:45,196 | INFO | [t=980] VLA chunk prompt=open top drawer
2026-09-18 14:45:45,593 | INFO | [t=990] VLA chunk prompt=open top drawer
2026-09-18 14:45:45,990 | INFO | [t=1000] VLA chunk prompt=open top drawer
2026-09-18 14:45:46,390 | INFO | [t=1010] VLA chunk prompt=open top drawer
2026-09-18 14:45:46,791 | INFO | [t=1020] VLA chunk prompt=open top drawer
2026-09-18 14:45:47,205 | INFO | [t=1030] VLA chunk prompt=open top drawer
2026-09-18 14:45:47,598 | INFO | [t=1040] VLA chunk prompt=open top drawer
2026-09-18 14:45:47,989 | INFO | [t=1050] VLA chunk prompt=open top drawer
2026-09-18 14:45:48,383 | INFO | [t=1060] VLA chunk prompt=open top drawer
2026-09-18 14:45:48,774 | INFO | [t=1070] VLA chunk prompt=open top drawer
2026-09-18 14:45:49,173 | INFO | [t=1080] VLA chunk prompt=open top drawer
2026-09-18 14:45:49,580 | INFO | [t=1090] VLA chunk prompt=open top drawer
2026-09-18 14:45:49,996 | INFO | [t=1100] VLA chunk prompt=open top drawer
2026-09-18 14:45:50,414 | INFO | [t=1110] VLA chunk prompt=open top drawer
2026-09-18 14:45:50,813 | INFO | [t=1120] VLA chunk prompt=open top drawer
2026-09-18 14:45:51,210 | INFO | [t=1130] VLA chunk prompt=open top drawer
2026-09-18 14:45:51,608 | INFO | [t=1140] VLA chunk prompt=open top drawer
2026-09-18 14:45:52,006 | INFO | [t=1150] VLA chunk prompt=open top drawer
2026-09-18 14:45:52,400 | INFO | [t=1160] VLA chunk prompt=open top drawer
2026-09-18 14:45:52,791 | INFO | [t=1170] VLA chunk prompt=open top drawer
2026-09-18 14:45:53,189 | INFO | [t=1180] VLA chunk prompt=open top drawer
2026-09-18 14:45:53,588 | INFO | [t=1190] VLA chunk prompt=open top drawer
2026-09-18 14:45:53,988 | INFO | [t=1200] VLA chunk prompt=open top drawer
2026-09-18 14:45:54,396 | INFO | [t=1210] VLA chunk prompt=open top drawer
2026-09-18 14:45:54,809 | INFO | [t=1220] VLA chunk prompt=open top drawer
2026-09-18 14:45:55,212 | INFO | [t=1230] VLA chunk prompt=open top drawer
2026-09-18 14:45:55,612 | INFO | [t=1240] VLA chunk prompt=open top drawer
2026-09-18 14:45:56,006 | INFO | [t=1250] VLA chunk prompt=open top drawer
2026-09-18 14:45:56,393 | INFO | [t=1260] VLA chunk prompt=open top drawer
2026-09-18 14:45:56,792 | INFO | [t=1270] VLA chunk prompt=open top drawer
2026-09-18 14:45:57,196 | INFO | [t=1280] VLA chunk prompt=open top drawer
2026-09-18 14:45:57,601 | INFO | [t=1290] VLA chunk prompt=open top drawer
2026-09-18 14:45:58,003 | INFO | [t=1300] VLA chunk prompt=open top drawer
2026-09-18 14:45:58,402 | INFO | [t=1310] VLA chunk prompt=open top drawer
2026-09-18 14:45:58,798 | INFO | [t=1320] VLA chunk prompt=open top drawer
2026-09-18 14:45:59,198 | INFO | [t=1330] VLA chunk prompt=open top drawer
2026-09-18 14:45:59,596 | INFO | [t=1340] VLA chunk prompt=open top drawer
2026-09-18 14:45:59,994 | INFO | [t=1350] VLA chunk prompt=open top drawer
2026-09-18 14:46:00,393 | INFO | [t=1360] VLA chunk prompt=open top drawer
2026-09-18 14:46:00,794 | INFO | [t=1370] VLA chunk prompt=open top drawer
2026-09-18 14:46:01,198 | INFO | [t=1380] VLA chunk prompt=open top drawer
2026-09-18 14:46:01,609 | INFO | [t=1390] VLA chunk prompt=open top drawer
2026-09-18 14:46:02,002 | INFO | [t=1400] VLA chunk prompt=open top drawer
2026-09-18 14:46:02,401 | INFO | [t=1410] VLA chunk prompt=open top drawer
2026-09-18 14:46:02,800 | INFO | [t=1420] VLA chunk prompt=open top drawer
2026-09-18 14:46:03,194 | INFO | [t=1430] VLA chunk prompt=open top drawer
2026-09-18 14:46:03,592 | INFO | [t=1440] VLA chunk prompt=open top drawer
2026-09-18 14:46:03,994 | INFO | [t=1450] VLA chunk prompt=open top drawer
2026-09-18 14:46:04,401 | INFO | [t=1460] VLA chunk prompt=open top drawer
2026-09-18 14:46:04,807 | INFO | [t=1470] VLA chunk prompt=open top drawer
2026-09-18 14:46:05,201 | INFO | [t=1480] VLA chunk prompt=open top drawer
2026-09-18 14:46:05,595 | INFO | [t=1490] VLA chunk prompt=open top drawer
2026-09-18 14:46:05,990 | INFO | [t=1500] VLA chunk prompt=open top drawer
2026-09-18 14:46:06,383 | INFO | [t=1510] VLA chunk prompt=open top drawer
2026-09-18 14:46:06,782 | INFO | [t=1520] VLA chunk prompt=open top drawer
2026-09-18 14:46:07,196 | INFO | [t=1530] VLA chunk prompt=open top drawer
2026-09-18 14:46:07,609 | INFO | [t=1540] VLA chunk prompt=open top drawer
2026-09-18 14:46:08,003 | INFO | [t=1550] VLA chunk prompt=open top drawer
2026-09-18 14:46:08,408 | INFO | [t=1560] VLA chunk prompt=open top drawer
2026-09-18 14:46:08,801 | INFO | [t=1570] VLA chunk prompt=open top drawer
2026-09-18 14:46:09,196 | INFO | [t=1580] VLA chunk prompt=open top drawer
2026-09-18 14:46:09,597 | INFO | [t=1590] VLA chunk prompt=open top drawer
2026-09-18 14:46:09,996 | INFO | [t=1600] VLA chunk prompt=open top drawer
2026-09-18 14:46:10,401 | INFO | [t=1610] VLA chunk prompt=open top drawer
2026-09-18 14:46:10,800 | INFO | [t=1620] VLA chunk prompt=open top drawer
2026-09-18 14:46:11,199 | INFO | [t=1630] VLA chunk prompt=open top drawer
2026-09-18 14:46:11,599 | INFO | [t=1640] VLA chunk prompt=open top drawer
2026-09-18 14:46:11,991 | INFO | [t=1650] VLA chunk prompt=open top drawer
2026-09-18 14:46:12,385 | INFO | [t=1660] VLA chunk prompt=open top drawer
2026-09-18 14:46:12,794 | INFO | [t=1670] VLA chunk prompt=open top drawer
2026-09-18 14:46:13,204 | INFO | [t=1680] VLA chunk prompt=open top drawer
2026-09-18 14:46:13,594 | INFO | [t=1690] VLA chunk prompt=open top drawer
2026-09-18 14:46:13,982 | INFO | [t=1700] VLA chunk prompt=open top drawer
2026-09-18 14:46:14,373 | INFO | [t=1710] VLA chunk prompt=open top drawer
2026-09-18 14:46:14,765 | INFO | [t=1720] VLA chunk prompt=open top drawer
2026-09-18 14:46:15,162 | INFO | [t=1730] VLA chunk prompt=open top drawer
2026-09-18 14:46:15,565 | INFO | [t=1740] VLA chunk prompt=open top drawer
2026-09-18 14:46:15,971 | INFO | [t=1750] VLA chunk prompt=open top drawer
2026-09-18 14:46:16,380 | INFO | [t=1760] VLA chunk prompt=open top drawer
2026-09-18 14:46:16,788 | INFO | [t=1770] VLA chunk prompt=open top drawer
2026-09-18 14:46:17,201 | INFO | [t=1780] VLA chunk prompt=open top drawer
2026-09-18 14:46:17,606 | INFO | [t=1790] VLA chunk prompt=open top drawer
2026-09-18 14:46:18,001 | INFO | [t=1800] VLA chunk prompt=open top drawer
2026-09-18 14:46:18,394 | INFO | [t=1810] VLA chunk prompt=open top drawer
2026-09-18 14:46:18,785 | INFO | [t=1820] VLA chunk prompt=open top drawer
2026-09-18 14:46:19,175 | INFO | [t=1830] VLA chunk prompt=open top drawer
2026-09-18 14:46:19,563 | INFO | [t=1840] VLA chunk prompt=open top drawer
2026-09-18 14:46:19,964 | INFO | [t=1850] VLA chunk prompt=open top drawer
2026-09-18 14:46:20,367 | INFO | [t=1860] VLA chunk prompt=open top drawer
2026-09-18 14:46:20,775 | INFO | [t=1870] VLA chunk prompt=open top drawer
2026-09-18 14:46:21,187 | INFO | [t=1880] VLA chunk prompt=open top drawer
2026-09-18 14:46:21,604 | INFO | [t=1890] VLA chunk prompt=open top drawer
2026-09-18 14:46:22,006 | INFO | [t=1900] VLA chunk prompt=open top drawer
2026-09-18 14:46:22,397 | INFO | [t=1910] VLA chunk prompt=open top drawer
2026-09-18 14:46:22,785 | INFO | [t=1920] VLA chunk prompt=open top drawer
2026-09-18 14:46:23,172 | INFO | [t=1930] VLA chunk prompt=open top drawer
2026-09-18 14:46:23,566 | INFO | [t=1940] VLA chunk prompt=open top drawer
2026-09-18 14:46:23,961 | INFO | [t=1950] VLA chunk prompt=open top drawer
2026-09-18 14:46:24,362 | INFO | [t=1960] VLA chunk prompt=open top drawer
2026-09-18 14:46:24,767 | INFO | [t=1970] VLA chunk prompt=open top drawer
2026-09-18 14:46:25,174 | INFO | [t=1980] VLA chunk prompt=open top drawer
2026-09-18 14:46:25,582 | INFO | [t=1990] VLA chunk prompt=open top drawer
2026-09-18 14:46:25,993 | INFO | [t=2000] VLA chunk prompt=open top drawer
2026-09-18 14:46:26,405 | INFO | [t=2010] VLA chunk prompt=open top drawer
2026-09-18 14:46:26,800 | INFO | [t=2020] VLA chunk prompt=open top drawer
2026-09-18 14:46:27,194 | INFO | [t=2030] VLA chunk prompt=open top drawer
2026-09-18 14:46:27,585 | INFO | [t=2040] VLA chunk prompt=open top drawer
2026-09-18 14:46:27,980 | INFO | [t=2050] VLA chunk prompt=open top drawer
2026-09-18 14:46:28,370 | INFO | [t=2060] VLA chunk prompt=open top drawer
2026-09-18 14:46:28,766 | INFO | [t=2070] VLA chunk prompt=open top drawer
2026-09-18 14:46:29,176 | INFO | [t=2080] VLA chunk prompt=open top drawer
2026-09-18 14:46:29,588 | INFO | [t=2090] VLA chunk prompt=open top drawer
2026-09-18 14:46:29,996 | INFO | [t=2100] VLA chunk prompt=open top drawer
2026-09-18 14:46:30,397 | INFO | [t=2110] VLA chunk prompt=open top drawer
2026-09-18 14:46:30,792 | INFO | [t=2120] VLA chunk prompt=open top drawer
2026-09-18 14:46:31,185 | INFO | [t=2130] VLA chunk prompt=open top drawer
2026-09-18 14:46:31,576 | INFO | [t=2140] VLA chunk prompt=open top drawer
2026-09-18 14:46:31,967 | INFO | [t=2150] VLA chunk prompt=open top drawer
2026-09-18 14:46:32,364 | INFO | [t=2160] VLA chunk prompt=open top drawer
2026-09-18 14:46:32,768 | INFO | [t=2170] VLA chunk prompt=open top drawer
2026-09-18 14:46:33,171 | INFO | [t=2180] VLA chunk prompt=open top drawer
2026-09-18 14:46:33,575 | INFO | [t=2190] VLA chunk prompt=open top drawer
2026-09-18 14:46:33,987 | INFO | [t=2200] VLA chunk prompt=open top drawer
2026-09-18 14:46:34,410 | INFO | [t=2210] VLA chunk prompt=open top drawer
2026-09-18 14:46:34,807 | INFO | [t=2220] VLA chunk prompt=open top drawer
2026-09-18 14:46:35,202 | INFO | [t=2230] VLA chunk prompt=open top drawer
2026-09-18 14:46:35,590 | INFO | [t=2240] VLA chunk prompt=open top drawer
2026-09-18 14:46:35,977 | INFO | [t=2250] VLA chunk prompt=open top drawer
2026-09-18 14:46:36,375 | INFO | [t=2260] VLA chunk prompt=open top drawer
2026-09-18 14:46:36,776 | INFO | [t=2270] VLA chunk prompt=open top drawer
2026-09-18 14:46:37,180 | INFO | [t=2280] VLA chunk prompt=open top drawer
2026-09-18 14:46:37,583 | INFO | [t=2290] VLA chunk prompt=open top drawer
2026-09-18 14:46:37,992 | INFO | [t=2300] VLA chunk prompt=open top drawer
2026-09-18 14:46:38,397 | INFO | [t=2310] VLA chunk prompt=open top drawer
2026-09-18 14:46:38,791 | INFO | [t=2320] VLA chunk prompt=open top drawer
2026-09-18 14:46:39,185 | INFO | [t=2330] VLA chunk prompt=open top drawer
2026-09-18 14:46:39,580 | INFO | [t=2340] VLA chunk prompt=open top drawer
2026-09-18 14:46:39,978 | INFO | [t=2350] VLA chunk prompt=open top drawer
2026-09-18 14:46:40,379 | INFO | [t=2360] VLA chunk prompt=open top drawer
2026-09-18 14:46:40,789 | INFO | [t=2370] VLA chunk prompt=open top drawer
2026-09-18 14:46:41,202 | INFO | [t=2380] VLA chunk prompt=open top drawer
2026-09-18 14:46:41,602 | INFO | [t=2390] VLA chunk prompt=open top drawer
2026-09-18 14:46:41,991 | INFO | [t=2400] VLA chunk prompt=open top drawer
2026-09-18 14:46:42,380 | INFO | [t=2410] VLA chunk prompt=open top drawer
2026-09-18 14:46:42,769 | INFO | [t=2420] VLA chunk prompt=open top drawer
2026-09-18 14:46:43,162 | INFO | [t=2430] VLA chunk prompt=open top drawer
2026-09-18 14:46:43,555 | INFO | [t=2440] VLA chunk prompt=open top drawer
2026-09-18 14:46:43,950 | INFO | [t=2450] VLA chunk prompt=open top drawer
2026-09-18 14:46:44,335 | WARNING | API planner returned empty response at step=920
2026-09-18 14:46:44,341 | INFO | [t=2460] VLA chunk prompt=open top drawer
2026-09-18 14:46:44,733 | INFO | [t=2470] VLA chunk prompt=open top drawer
2026-09-18 14:46:45,134 | INFO | [t=2480] VLA chunk prompt=open top drawer
2026-09-18 14:46:45,527 | INFO | [t=2490] VLA chunk prompt=open top drawer
2026-09-18 14:46:45,915 | INFO | [t=2500] VLA chunk prompt=open top drawer
2026-09-18 14:46:49,282 | INFO | attempt=1 stage_score=0.0 stage_success=False failure_reason=incomplete_stage
2026-09-18 14:46:49,285 | INFO | Episode 8 seed=108 stage_score=12.5 stage_success=0 goal=0.125 failure_reason=incomplete_stage | 01_Open_Top_Drawer=Y | 02_Close_Top_Drawer=N | 03_Open_Middle_Drawer=N | 04_Close_Middle_Drawer=N | 05_Open_Bottom_Drawer=N | 06_Close_Bottom_Drawer=N | 07_Open_Middle_Drawer_Again=N | 08_Put_Butter_Middle_Drawer=N | 09_Close_Middle_Drawer_Final=N
2026-09-18 14:46:49,887 | INFO | API VLM @t=1105 task=5 subtask=open top drawer keyframes=[]
