2026-09-27 12:43:36,776 | INFO | task_id=22 bddl=/project/peilab/why/RoboMemArena/bddl/22_pour_tomato_cookies_microwave.bddl vlm_ckpt=/project/peilab/why/RoboMemArena/checkpoints/PrediMem/vlm_tasks1to26_ckpt74500
2026-09-27 12:43:36,779 | INFO | [redact] enabled task=22 registered_phrases=0 terms=[]
2026-09-27 12:43:38,489 | INFO | async VLM enabled: single-slot subtask buffer
2026-09-27 12:43:38,665 | INFO | [redact] enabled task=22 registered_phrases=0 terms=[]
2026-09-27 12:43:38,723 | INFO | [t=10] VLA chunk prompt=Pour tomato sauce over cookies twice, then put the cookies into the microwave.
2026-09-27 12:43:38,963 | INFO | [t=20] VLA chunk prompt=Pour tomato sauce over cookies twice, then put the cookies into the microwave.
2026-09-27 12:43:39,202 | INFO | [t=30] VLA chunk prompt=Pour tomato sauce over cookies twice, then put the cookies into the microwave.
2026-09-27 12:43:39,442 | INFO | [t=40] VLA chunk prompt=Pour tomato sauce over cookies twice, then put the cookies into the microwave.
2026-09-27 12:43:39,685 | INFO | [t=50] VLA chunk prompt=Pour tomato sauce over cookies twice, then put the cookies into the microwave.
2026-09-27 12:43:39,927 | INFO | [t=60] VLA chunk prompt=Pour tomato sauce over cookies twice, then put the cookies into the microwave.
2026-09-27 12:43:40,171 | INFO | [t=70] VLA chunk prompt=Pour tomato sauce over cookies twice, then put the cookies into the microwave.
2026-09-27 12:43:40,411 | INFO | [t=80] VLA chunk prompt=Pour tomato sauce over cookies twice, then put the cookies into the microwave.
2026-09-27 12:43:40,649 | INFO | [t=90] VLA chunk prompt=Pour tomato sauce over cookies twice, then put the cookies into the microwave.
2026-09-27 12:43:40,889 | INFO | [t=100] VLA chunk prompt=Pour tomato sauce over cookies twice, then put the cookies into the microwave.
2026-09-27 12:43:41,132 | INFO | [t=110] VLA chunk prompt=Pour tomato sauce over cookies twice, then put the cookies into the microwave.
2026-09-27 12:43:41,374 | INFO | [t=120] VLA chunk prompt=Pour tomato sauce over cookies twice, then put the cookies into the microwave.
2026-09-27 12:43:41,622 | INFO | [t=130] VLA chunk prompt=Pour tomato sauce over cookies twice, then put the cookies into the microwave.
2026-09-27 12:43:41,770 | INFO | [t=137] stage done: 01_Lift_Tomato_Sauce
2026-09-27 12:43:41,895 | INFO | [t=140] VLA chunk prompt=Pour tomato sauce over cookies twice, then put the cookies into the microwave.
2026-09-27 12:43:42,177 | INFO | [t=150] VLA chunk prompt=Pour tomato sauce over cookies twice, then put the cookies into the microwave.
2026-09-27 12:43:42,457 | INFO | [t=160] VLA chunk prompt=Pour tomato sauce over cookies twice, then put the cookies into the microwave.
2026-09-27 12:43:42,742 | INFO | [t=170] VLA chunk prompt=Pour tomato sauce over cookies twice, then put the cookies into the microwave.
2026-09-27 12:43:43,031 | INFO | [t=180] VLA chunk prompt=Pour tomato sauce over cookies twice, then put the cookies into the microwave.
2026-09-27 12:43:43,324 | INFO | [t=190] VLA chunk prompt=Pour tomato sauce over cookies twice, then put the cookies into the microwave.
2026-09-27 12:43:43,335 | INFO | API VLM @t=0 task=22 subtask=Reach for the tomato sauce bottle, grasp it, and lift it off the table. keyframes=[]
2026-09-27 12:43:43,337 | INFO | [redact] enabled task=22 registered_phrases=0 terms=[]
2026-09-27 12:43:43,572 | INFO | [t=200] VLM prompt update from step=0: Reach for the tomato sauce bottle, grasp it, and lift it off the table.
2026-09-27 12:43:43,624 | INFO | [t=200] VLA chunk prompt=Reach for the tomato sauce bottle, grasp it, and lift it off the table.
2026-09-27 12:43:43,936 | INFO | [t=210] VLA chunk prompt=Reach for the tomato sauce bottle, grasp it, and lift it off the table.
2026-09-27 12:43:44,236 | INFO | [t=220] VLA chunk prompt=Reach for the tomato sauce bottle, grasp it, and lift it off the table.
2026-09-27 12:43:44,542 | INFO | [t=230] VLA chunk prompt=Reach for the tomato sauce bottle, grasp it, and lift it off the table.
2026-09-27 12:43:44,847 | INFO | [t=240] VLA chunk prompt=Reach for the tomato sauce bottle, grasp it, and lift it off the table.
2026-09-27 12:43:45,159 | INFO | [t=250] VLA chunk prompt=Reach for the tomato sauce bottle, grasp it, and lift it off the table.
2026-09-27 12:43:45,474 | INFO | [t=260] VLA chunk prompt=Reach for the tomato sauce bottle, grasp it, and lift it off the table.
2026-09-27 12:43:45,799 | INFO | [t=270] VLA chunk prompt=Reach for the tomato sauce bottle, grasp it, and lift it off the table.
2026-09-27 12:43:45,827 | INFO | [t=271] stage done: 02_Pour_One
2026-09-27 12:43:46,119 | INFO | [t=280] VLA chunk prompt=Reach for the tomato sauce bottle, grasp it, and lift it off the table.
2026-09-27 12:43:46,443 | INFO | [t=290] VLA chunk prompt=Reach for the tomato sauce bottle, grasp it, and lift it off the table.
2026-09-27 12:43:46,777 | INFO | [t=300] VLA chunk prompt=Reach for the tomato sauce bottle, grasp it, and lift it off the table.
2026-09-27 12:43:47,110 | INFO | [t=310] VLA chunk prompt=Reach for the tomato sauce bottle, grasp it, and lift it off the table.
2026-09-27 12:43:47,441 | INFO | [t=320] VLA chunk prompt=Reach for the tomato sauce bottle, grasp it, and lift it off the table.
2026-09-27 12:43:47,777 | INFO | [t=330] VLA chunk prompt=Reach for the tomato sauce bottle, grasp it, and lift it off the table.
2026-09-27 12:43:48,110 | INFO | [t=340] VLA chunk prompt=Reach for the tomato sauce bottle, grasp it, and lift it off the table.
2026-09-27 12:43:48,445 | INFO | [t=350] VLA chunk prompt=Reach for the tomato sauce bottle, grasp it, and lift it off the table.
2026-09-27 12:43:48,787 | INFO | [t=360] VLA chunk prompt=Reach for the tomato sauce bottle, grasp it, and lift it off the table.
2026-09-27 12:43:48,881 | INFO | API VLM @t=180 task=22 subtask=Tilt the held sauce bottle over the cookie to pour once. keyframes=[]
2026-09-27 12:43:48,884 | INFO | [redact] enabled task=22 registered_phrases=0 terms=[]
2026-09-27 12:43:49,072 | INFO | [t=370] VLM prompt update from step=180: Tilt the held sauce bottle over the cookie to pour once.
2026-09-27 12:43:49,124 | INFO | [t=370] VLA chunk prompt=Tilt the held sauce bottle over the cookie to pour once.
2026-09-27 12:43:49,458 | INFO | [t=380] VLA chunk prompt=Tilt the held sauce bottle over the cookie to pour once.
2026-09-27 12:43:49,790 | INFO | [t=390] VLA chunk prompt=Tilt the held sauce bottle over the cookie to pour once.
2026-09-27 12:43:50,123 | INFO | [t=400] VLA chunk prompt=Tilt the held sauce bottle over the cookie to pour once.
2026-09-27 12:43:50,459 | INFO | [t=410] VLA chunk prompt=Tilt the held sauce bottle over the cookie to pour once.
2026-09-27 12:43:50,786 | INFO | [t=420] VLA chunk prompt=Tilt the held sauce bottle over the cookie to pour once.
2026-09-27 12:43:51,116 | INFO | [t=430] VLA chunk prompt=Tilt the held sauce bottle over the cookie to pour once.
2026-09-27 12:43:51,446 | INFO | [t=440] VLA chunk prompt=Tilt the held sauce bottle over the cookie to pour once.
2026-09-27 12:43:51,771 | INFO | [t=450] VLA chunk prompt=Tilt the held sauce bottle over the cookie to pour once.
2026-09-27 12:43:52,096 | INFO | [t=460] VLA chunk prompt=Tilt the held sauce bottle over the cookie to pour once.
2026-09-27 12:43:52,413 | INFO | [t=470] VLA chunk prompt=Tilt the held sauce bottle over the cookie to pour once.
2026-09-27 12:43:52,729 | INFO | [t=480] VLA chunk prompt=Tilt the held sauce bottle over the cookie to pour once.
2026-09-27 12:43:53,046 | INFO | [t=490] VLA chunk prompt=Tilt the held sauce bottle over the cookie to pour once.
2026-09-27 12:43:53,363 | INFO | [t=500] VLA chunk prompt=Tilt the held sauce bottle over the cookie to pour once.
2026-09-27 12:43:53,676 | INFO | [t=510] VLA chunk prompt=Tilt the held sauce bottle over the cookie to pour once.
2026-09-27 12:43:53,984 | INFO | [t=520] VLA chunk prompt=Tilt the held sauce bottle over the cookie to pour once.
2026-09-27 12:43:54,247 | INFO | API VLM @t=350 task=22 subtask=Tilt the sauce bottle over the cookies to pour sauce onto them a second time. keyframes=[]
2026-09-27 12:43:54,249 | INFO | [t=530] VLM prompt update from step=350: Tilt the sauce bottle over the cookies to pour sauce onto them a second time.
2026-09-27 12:43:54,249 | INFO | [redact] enabled task=22 registered_phrases=0 terms=[]
2026-09-27 12:43:54,304 | INFO | [t=530] VLA chunk prompt=Tilt the sauce bottle over the cookies to pour sauce onto them a second time.
2026-09-27 12:43:54,617 | INFO | [t=540] VLA chunk prompt=Tilt the sauce bottle over the cookies to pour sauce onto them a second time.
2026-09-27 12:43:54,937 | INFO | [t=550] VLA chunk prompt=Tilt the sauce bottle over the cookies to pour sauce onto them a second time.
2026-09-27 12:43:55,259 | INFO | [t=560] VLA chunk prompt=Tilt the sauce bottle over the cookies to pour sauce onto them a second time.
2026-09-27 12:43:55,581 | INFO | [t=570] VLA chunk prompt=Tilt the sauce bottle over the cookies to pour sauce onto them a second time.
2026-09-27 12:43:55,908 | INFO | [t=580] VLA chunk prompt=Tilt the sauce bottle over the cookies to pour sauce onto them a second time.
2026-09-27 12:43:56,233 | INFO | [t=590] VLA chunk prompt=Tilt the sauce bottle over the cookies to pour sauce onto them a second time.
2026-09-27 12:43:56,551 | INFO | [t=600] VLA chunk prompt=Tilt the sauce bottle over the cookies to pour sauce onto them a second time.
2026-09-27 12:43:56,866 | INFO | [t=610] VLA chunk prompt=Tilt the sauce bottle over the cookies to pour sauce onto them a second time.
2026-09-27 12:43:57,179 | INFO | [t=620] VLA chunk prompt=Tilt the sauce bottle over the cookies to pour sauce onto them a second time.
2026-09-27 12:43:57,489 | INFO | [t=630] VLA chunk prompt=Tilt the sauce bottle over the cookies to pour sauce onto them a second time.
2026-09-27 12:43:57,802 | INFO | [t=640] VLA chunk prompt=Tilt the sauce bottle over the cookies to pour sauce onto them a second time.
2026-09-27 12:43:58,117 | INFO | [t=650] VLA chunk prompt=Tilt the sauce bottle over the cookies to pour sauce onto them a second time.
2026-09-27 12:43:58,431 | INFO | [t=660] VLA chunk prompt=Tilt the sauce bottle over the cookies to pour sauce onto them a second time.
2026-09-27 12:43:58,742 | INFO | [t=670] VLA chunk prompt=Tilt the sauce bottle over the cookies to pour sauce onto them a second time.
2026-09-27 12:43:59,063 | INFO | [t=680] VLA chunk prompt=Tilt the sauce bottle over the cookies to pour sauce onto them a second time.
2026-09-27 12:43:59,377 | INFO | [t=690] VLA chunk prompt=Tilt the sauce bottle over the cookies to pour sauce onto them a second time.
2026-09-27 12:43:59,693 | INFO | [t=700] VLA chunk prompt=Tilt the sauce bottle over the cookies to pour sauce onto them a second time.
2026-09-27 12:44:00,010 | INFO | [t=710] VLA chunk prompt=Tilt the sauce bottle over the cookies to pour sauce onto them a second time.
2026-09-27 12:44:00,353 | INFO | [t=720] VLA chunk prompt=Tilt the sauce bottle over the cookies to pour sauce onto them a second time.
2026-09-27 12:44:00,670 | INFO | [t=730] VLA chunk prompt=Tilt the sauce bottle over the cookies to pour sauce onto them a second time.
2026-09-27 12:44:00,986 | INFO | [t=740] VLA chunk prompt=Tilt the sauce bottle over the cookies to pour sauce onto them a second time.
2026-09-27 12:44:01,252 | INFO | API VLM @t=515 task=22 subtask=Reach for and grasp the tomato sauce bottle to prepare for the second pour. keyframes=[]
2026-09-27 12:44:01,255 | INFO | [redact] enabled task=22 registered_phrases=0 terms=[]
2026-09-27 12:44:01,302 | INFO | [t=750] VLA chunk prompt=Tilt the sauce bottle over the cookies to pour sauce onto them a second time.
2026-09-27 12:44:01,571 | INFO | [t=760] VLM prompt update from step=515: Reach for and grasp the tomato sauce bottle to prepare for the second pour.
2026-09-27 12:44:01,622 | INFO | [t=760] VLA chunk prompt=Reach for and grasp the tomato sauce bottle to prepare for the second pour.
2026-09-27 12:44:01,943 | INFO | [t=770] VLA chunk prompt=Reach for and grasp the tomato sauce bottle to prepare for the second pour.
2026-09-27 12:44:02,271 | INFO | [t=780] VLA chunk prompt=Reach for and grasp the tomato sauce bottle to prepare for the second pour.
2026-09-27 12:44:02,595 | INFO | [t=790] VLA chunk prompt=Reach for and grasp the tomato sauce bottle to prepare for the second pour.
2026-09-27 12:44:02,916 | INFO | [t=800] VLA chunk prompt=Reach for and grasp the tomato sauce bottle to prepare for the second pour.
2026-09-27 12:44:03,241 | INFO | [t=810] VLA chunk prompt=Reach for and grasp the tomato sauce bottle to prepare for the second pour.
2026-09-27 12:44:03,559 | INFO | [t=820] VLA chunk prompt=Reach for and grasp the tomato sauce bottle to prepare for the second pour.
2026-09-27 12:44:03,879 | INFO | [t=830] VLA chunk prompt=Reach for and grasp the tomato sauce bottle to prepare for the second pour.
2026-09-27 12:44:04,197 | INFO | [t=840] VLA chunk prompt=Reach for and grasp the tomato sauce bottle to prepare for the second pour.
2026-09-27 12:44:04,515 | INFO | [t=850] VLA chunk prompt=Reach for and grasp the tomato sauce bottle to prepare for the second pour.
2026-09-27 12:44:04,832 | INFO | [t=860] VLA chunk prompt=Reach for and grasp the tomato sauce bottle to prepare for the second pour.
2026-09-27 12:44:05,154 | INFO | [t=870] VLA chunk prompt=Reach for and grasp the tomato sauce bottle to prepare for the second pour.
2026-09-27 12:44:05,439 | INFO | API VLM @t=740 task=22 subtask=Pour the tomato sauce onto the cookies a second time. keyframes=[]
2026-09-27 12:44:05,442 | INFO | [redact] enabled task=22 registered_phrases=0 terms=[]
2026-09-27 12:44:05,473 | INFO | [t=880] VLA chunk prompt=Reach for and grasp the tomato sauce bottle to prepare for the second pour.
2026-09-27 12:44:05,746 | INFO | [t=890] VLM prompt update from step=740: Pour the tomato sauce onto the cookies a second time.
2026-09-27 12:44:05,797 | INFO | [t=890] VLA chunk prompt=Pour the tomato sauce onto the cookies a second time.
2026-09-27 12:44:06,115 | INFO | [t=900] VLA chunk prompt=Pour the tomato sauce onto the cookies a second time.
2026-09-27 12:44:06,432 | INFO | [t=910] VLA chunk prompt=Pour the tomato sauce onto the cookies a second time.
2026-09-27 12:44:06,750 | INFO | [t=920] VLA chunk prompt=Pour the tomato sauce onto the cookies a second time.
2026-09-27 12:44:07,064 | INFO | [t=930] VLA chunk prompt=Pour the tomato sauce onto the cookies a second time.
2026-09-27 12:44:07,377 | INFO | [t=940] VLA chunk prompt=Pour the tomato sauce onto the cookies a second time.
2026-09-27 12:44:07,693 | INFO | [t=950] VLA chunk prompt=Pour the tomato sauce onto the cookies a second time.
2026-09-27 12:44:08,007 | INFO | [t=960] VLA chunk prompt=Pour the tomato sauce onto the cookies a second time.
2026-09-27 12:44:08,323 | INFO | [t=970] VLA chunk prompt=Pour the tomato sauce onto the cookies a second time.
2026-09-27 12:44:08,637 | INFO | [t=980] VLA chunk prompt=Pour the tomato sauce onto the cookies a second time.
2026-09-27 12:44:08,958 | INFO | [t=990] VLA chunk prompt=Pour the tomato sauce onto the cookies a second time.
2026-09-27 12:44:09,284 | INFO | [t=1000] VLA chunk prompt=Pour the tomato sauce onto the cookies a second time.
2026-09-27 12:44:09,604 | INFO | [t=1010] VLA chunk prompt=Pour the tomato sauce onto the cookies a second time.
2026-09-27 12:44:09,933 | INFO | [t=1020] VLA chunk prompt=Pour the tomato sauce onto the cookies a second time.
2026-09-27 12:44:10,253 | INFO | [t=1030] VLA chunk prompt=Pour the tomato sauce onto the cookies a second time.
2026-09-27 12:44:10,574 | INFO | [t=1040] VLA chunk prompt=Pour the tomato sauce onto the cookies a second time.
2026-09-27 12:44:10,576 | INFO | API VLM @t=870 task=22 subtask=Tilt the sauce bottle to pour sauce onto the cookies again. keyframes=[]
2026-09-27 12:44:10,579 | INFO | [redact] enabled task=22 registered_phrases=0 terms=[]
2026-09-27 12:44:10,852 | INFO | [t=1050] VLM prompt update from step=870: Tilt the sauce bottle to pour sauce onto the cookies again.
2026-09-27 12:44:10,904 | INFO | [t=1050] VLA chunk prompt=Tilt the sauce bottle to pour sauce onto the cookies again.
2026-09-27 12:44:11,231 | INFO | [t=1060] VLA chunk prompt=Tilt the sauce bottle to pour sauce onto the cookies again.
2026-09-27 12:44:11,555 | INFO | [t=1070] VLA chunk prompt=Tilt the sauce bottle to pour sauce onto the cookies again.
2026-09-27 12:44:11,877 | INFO | [t=1080] VLA chunk prompt=Tilt the sauce bottle to pour sauce onto the cookies again.
2026-09-27 12:44:12,196 | INFO | [t=1090] VLA chunk prompt=Tilt the sauce bottle to pour sauce onto the cookies again.
2026-09-27 12:44:12,517 | INFO | [t=1100] VLA chunk prompt=Tilt the sauce bottle to pour sauce onto the cookies again.
2026-09-27 12:44:12,836 | INFO | [t=1110] VLA chunk prompt=Tilt the sauce bottle to pour sauce onto the cookies again.
2026-09-27 12:44:13,157 | INFO | [t=1120] VLA chunk prompt=Tilt the sauce bottle to pour sauce onto the cookies again.
2026-09-27 12:44:13,478 | INFO | [t=1130] VLA chunk prompt=Tilt the sauce bottle to pour sauce onto the cookies again.
2026-09-27 12:44:13,798 | INFO | [t=1140] VLA chunk prompt=Tilt the sauce bottle to pour sauce onto the cookies again.
2026-09-27 12:44:13,969 | INFO | API VLM @t=1030 task=22 subtask=Tilt the sauce bottle over the cookies to pour sauce onto them a second time. keyframes=[]
2026-09-27 12:44:13,971 | INFO | [redact] enabled task=22 registered_phrases=0 terms=[]
2026-09-27 12:44:14,081 | INFO | [t=1150] VLM prompt update from step=1030: Tilt the sauce bottle over the cookies to pour sauce onto them a second time.
2026-09-27 12:44:14,133 | INFO | [t=1150] VLA chunk prompt=Tilt the sauce bottle over the cookies to pour sauce onto them a second time.
2026-09-27 12:44:14,452 | INFO | [t=1160] VLA chunk prompt=Tilt the sauce bottle over the cookies to pour sauce onto them a second time.
2026-09-27 12:44:14,772 | INFO | [t=1170] VLA chunk prompt=Tilt the sauce bottle over the cookies to pour sauce onto them a second time.
2026-09-27 12:44:15,092 | INFO | [t=1180] VLA chunk prompt=Tilt the sauce bottle over the cookies to pour sauce onto them a second time.
2026-09-27 12:44:15,411 | INFO | [t=1190] VLA chunk prompt=Tilt the sauce bottle over the cookies to pour sauce onto them a second time.
2026-09-27 12:44:15,728 | INFO | [t=1200] VLA chunk prompt=Tilt the sauce bottle over the cookies to pour sauce onto them a second time.
2026-09-27 12:44:16,048 | INFO | [t=1210] VLA chunk prompt=Tilt the sauce bottle over the cookies to pour sauce onto them a second time.
2026-09-27 12:44:16,370 | INFO | [t=1220] VLA chunk prompt=Tilt the sauce bottle over the cookies to pour sauce onto them a second time.
2026-09-27 12:44:16,692 | INFO | [t=1230] VLA chunk prompt=Tilt the sauce bottle over the cookies to pour sauce onto them a second time.
2026-09-27 12:44:17,021 | INFO | [t=1240] VLA chunk prompt=Tilt the sauce bottle over the cookies to pour sauce onto them a second time.
2026-09-27 12:44:17,370 | INFO | [t=1250] VLA chunk prompt=Tilt the sauce bottle over the cookies to pour sauce onto them a second time.
2026-09-27 12:44:17,694 | INFO | [t=1260] VLA chunk prompt=Tilt the sauce bottle over the cookies to pour sauce onto them a second time.
2026-09-27 12:44:18,011 | INFO | [t=1270] VLA chunk prompt=Tilt the sauce bottle over the cookies to pour sauce onto them a second time.
2026-09-27 12:44:18,326 | INFO | [t=1280] VLA chunk prompt=Tilt the sauce bottle over the cookies to pour sauce onto them a second time.
2026-09-27 12:44:18,580 | INFO | API VLM @t=1135 task=22 subtask=Tilt the sauce bottle and pour onto the cookies again. keyframes=[]
2026-09-27 12:44:18,582 | INFO | [redact] enabled task=22 registered_phrases=0 terms=[]
2026-09-27 12:44:18,593 | INFO | [t=1290] VLM prompt update from step=1135: Tilt the sauce bottle and pour onto the cookies again.
2026-09-27 12:44:18,647 | INFO | [t=1290] VLA chunk prompt=Tilt the sauce bottle and pour onto the cookies again.
2026-09-27 12:44:18,962 | INFO | [t=1300] VLA chunk prompt=Tilt the sauce bottle and pour onto the cookies again.
2026-09-27 12:44:19,281 | INFO | [t=1310] VLA chunk prompt=Tilt the sauce bottle and pour onto the cookies again.
2026-09-27 12:44:19,597 | INFO | [t=1320] VLA chunk prompt=Tilt the sauce bottle and pour onto the cookies again.
2026-09-27 12:44:19,916 | INFO | [t=1330] VLA chunk prompt=Tilt the sauce bottle and pour onto the cookies again.
2026-09-27 12:44:20,243 | INFO | [t=1340] VLA chunk prompt=Tilt the sauce bottle and pour onto the cookies again.
2026-09-27 12:44:20,573 | INFO | [t=1350] VLA chunk prompt=Tilt the sauce bottle and pour onto the cookies again.
2026-09-27 12:44:20,907 | INFO | [t=1360] VLA chunk prompt=Tilt the sauce bottle and pour onto the cookies again.
2026-09-27 12:44:21,258 | INFO | [t=1370] VLA chunk prompt=Tilt the sauce bottle and pour onto the cookies again.
2026-09-27 12:44:21,603 | INFO | [t=1380] VLA chunk prompt=Tilt the sauce bottle and pour onto the cookies again.
2026-09-27 12:44:21,944 | INFO | [t=1390] VLA chunk prompt=Tilt the sauce bottle and pour onto the cookies again.
2026-09-27 12:44:22,288 | INFO | [t=1400] VLA chunk prompt=Tilt the sauce bottle and pour onto the cookies again.
2026-09-27 12:44:22,631 | INFO | [t=1410] VLA chunk prompt=Tilt the sauce bottle and pour onto the cookies again.
2026-09-27 12:44:22,659 | INFO | API VLM @t=1275 task=22 subtask=Tilt the sauce bottle to pour sauce onto the cookies again. keyframes=[]
2026-09-27 12:44:22,661 | INFO | [redact] enabled task=22 registered_phrases=0 terms=[]
2026-09-27 12:44:22,938 | INFO | [t=1420] VLM prompt update from step=1275: Tilt the sauce bottle to pour sauce onto the cookies again.
2026-09-27 12:44:22,991 | INFO | [t=1420] VLA chunk prompt=Tilt the sauce bottle to pour sauce onto the cookies again.
2026-09-27 12:44:23,319 | INFO | [t=1430] VLA chunk prompt=Tilt the sauce bottle to pour sauce onto the cookies again.
2026-09-27 12:44:23,646 | INFO | [t=1440] VLA chunk prompt=Tilt the sauce bottle to pour sauce onto the cookies again.
2026-09-27 12:44:23,973 | INFO | [t=1450] VLA chunk prompt=Tilt the sauce bottle to pour sauce onto the cookies again.
2026-09-27 12:44:24,295 | INFO | [t=1460] VLA chunk prompt=Tilt the sauce bottle to pour sauce onto the cookies again.
2026-09-27 12:44:24,613 | INFO | [t=1470] VLA chunk prompt=Tilt the sauce bottle to pour sauce onto the cookies again.
2026-09-27 12:44:24,936 | INFO | [t=1480] VLA chunk prompt=Tilt the sauce bottle to pour sauce onto the cookies again.
2026-09-27 12:44:25,258 | INFO | [t=1490] VLA chunk prompt=Tilt the sauce bottle to pour sauce onto the cookies again.
2026-09-27 12:44:25,582 | INFO | [t=1500] VLA chunk prompt=Tilt the sauce bottle to pour sauce onto the cookies again.
2026-09-27 12:44:25,904 | INFO | [t=1510] VLA chunk prompt=Tilt the sauce bottle to pour sauce onto the cookies again.
2026-09-27 12:44:26,228 | INFO | [t=1520] VLA chunk prompt=Tilt the sauce bottle to pour sauce onto the cookies again.
2026-09-27 12:44:26,551 | INFO | [t=1530] VLA chunk prompt=Tilt the sauce bottle to pour sauce onto the cookies again.
2026-09-27 12:44:26,873 | INFO | [t=1540] VLA chunk prompt=Tilt the sauce bottle to pour sauce onto the cookies again.
2026-09-27 12:44:27,163 | INFO | API VLM @t=1400 task=22 subtask=Tilt the sauce bottle and pour sauce onto the cookies again. keyframes=[]
2026-09-27 12:44:27,165 | INFO | [redact] enabled task=22 registered_phrases=0 terms=[]
2026-09-27 12:44:27,200 | INFO | [t=1550] VLA chunk prompt=Tilt the sauce bottle to pour sauce onto the cookies again.
2026-09-27 12:44:27,470 | INFO | [t=1560] VLM prompt update from step=1400: Tilt the sauce bottle and pour sauce onto the cookies again.
2026-09-27 12:44:27,523 | INFO | [t=1560] VLA chunk prompt=Tilt the sauce bottle and pour sauce onto the cookies again.
2026-09-27 12:44:27,850 | INFO | [t=1570] VLA chunk prompt=Tilt the sauce bottle and pour sauce onto the cookies again.
2026-09-27 12:44:28,173 | INFO | [t=1580] VLA chunk prompt=Tilt the sauce bottle and pour sauce onto the cookies again.
2026-09-27 12:44:28,497 | INFO | [t=1590] VLA chunk prompt=Tilt the sauce bottle and pour sauce onto the cookies again.
2026-09-27 12:44:28,820 | INFO | [t=1600] VLA chunk prompt=Tilt the sauce bottle and pour sauce onto the cookies again.
2026-09-27 12:44:29,151 | INFO | [t=1610] VLA chunk prompt=Tilt the sauce bottle and pour sauce onto the cookies again.
2026-09-27 12:44:29,478 | INFO | [t=1620] VLA chunk prompt=Tilt the sauce bottle and pour sauce onto the cookies again.
2026-09-27 12:44:29,803 | INFO | [t=1630] VLA chunk prompt=Tilt the sauce bottle and pour sauce onto the cookies again.
2026-09-27 12:44:30,125 | INFO | [t=1640] VLA chunk prompt=Tilt the sauce bottle and pour sauce onto the cookies again.
2026-09-27 12:44:30,446 | INFO | [t=1650] VLA chunk prompt=Tilt the sauce bottle and pour sauce onto the cookies again.
2026-09-27 12:44:30,765 | INFO | [t=1660] VLA chunk prompt=Tilt the sauce bottle and pour sauce onto the cookies again.
2026-09-27 12:44:31,094 | INFO | [t=1670] VLA chunk prompt=Tilt the sauce bottle and pour sauce onto the cookies again.
2026-09-27 12:44:31,424 | INFO | [t=1680] VLA chunk prompt=Tilt the sauce bottle and pour sauce onto the cookies again.
2026-09-27 12:44:31,755 | INFO | [t=1690] VLA chunk prompt=Tilt the sauce bottle and pour sauce onto the cookies again.
2026-09-27 12:44:32,078 | INFO | [t=1700] VLA chunk prompt=Tilt the sauce bottle and pour sauce onto the cookies again.
2026-09-27 12:44:32,404 | INFO | [t=1710] VLA chunk prompt=Tilt the sauce bottle and pour sauce onto the cookies again.
2026-09-27 12:44:32,724 | INFO | [t=1720] VLA chunk prompt=Tilt the sauce bottle and pour sauce onto the cookies again.
2026-09-27 12:44:32,765 | INFO | API VLM @t=1540 task=22 subtask=Tilt the sauce bottle and pour sauce onto the cookies again. keyframes=[]
2026-09-27 12:44:32,767 | INFO | [redact] enabled task=22 registered_phrases=0 terms=[]
2026-09-27 12:44:33,056 | INFO | [t=1730] VLA chunk prompt=Tilt the sauce bottle and pour sauce onto the cookies again.
2026-09-27 12:44:33,379 | INFO | [t=1740] VLA chunk prompt=Tilt the sauce bottle and pour sauce onto the cookies again.
2026-09-27 12:44:33,703 | INFO | [t=1750] VLA chunk prompt=Tilt the sauce bottle and pour sauce onto the cookies again.
2026-09-27 12:44:34,030 | INFO | [t=1760] VLA chunk prompt=Tilt the sauce bottle and pour sauce onto the cookies again.
2026-09-27 12:44:34,357 | INFO | [t=1770] VLA chunk prompt=Tilt the sauce bottle and pour sauce onto the cookies again.
2026-09-27 12:44:34,677 | INFO | [t=1780] VLA chunk prompt=Tilt the sauce bottle and pour sauce onto the cookies again.
2026-09-27 12:44:34,996 | INFO | [t=1790] VLA chunk prompt=Tilt the sauce bottle and pour sauce onto the cookies again.
2026-09-27 12:44:35,325 | INFO | [t=1800] VLA chunk prompt=Tilt the sauce bottle and pour sauce onto the cookies again.
2026-09-27 12:44:35,648 | INFO | [t=1810] VLA chunk prompt=Tilt the sauce bottle and pour sauce onto the cookies again.
2026-09-27 12:44:35,972 | INFO | [t=1820] VLA chunk prompt=Tilt the sauce bottle and pour sauce onto the cookies again.
2026-09-27 12:44:36,293 | INFO | [t=1830] VLA chunk prompt=Tilt the sauce bottle and pour sauce onto the cookies again.
2026-09-27 12:44:36,611 | INFO | [t=1840] VLA chunk prompt=Tilt the sauce bottle and pour sauce onto the cookies again.
2026-09-27 12:44:36,922 | INFO | [t=1850] VLA chunk prompt=Tilt the sauce bottle and pour sauce onto the cookies again.
2026-09-27 12:44:37,189 | INFO | API VLM @t=1710 task=22 subtask=Tilt the sauce bottle to pour sauce onto the cookies again. keyframes=[]
2026-09-27 12:44:37,191 | INFO | [t=1860] VLM prompt update from step=1710: Tilt the sauce bottle to pour sauce onto the cookies again.
2026-09-27 12:44:37,192 | INFO | [redact] enabled task=22 registered_phrases=0 terms=[]
2026-09-27 12:44:37,244 | INFO | [t=1860] VLA chunk prompt=Tilt the sauce bottle to pour sauce onto the cookies again.
2026-09-27 12:44:37,553 | INFO | [t=1870] VLA chunk prompt=Tilt the sauce bottle to pour sauce onto the cookies again.
2026-09-27 12:44:37,864 | INFO | [t=1880] VLA chunk prompt=Tilt the sauce bottle to pour sauce onto the cookies again.
2026-09-27 12:44:38,174 | INFO | [t=1890] VLA chunk prompt=Tilt the sauce bottle to pour sauce onto the cookies again.
2026-09-27 12:44:38,485 | INFO | [t=1900] VLA chunk prompt=Tilt the sauce bottle to pour sauce onto the cookies again.
2026-09-27 12:44:38,800 | INFO | [t=1910] VLA chunk prompt=Tilt the sauce bottle to pour sauce onto the cookies again.
2026-09-27 12:44:39,113 | INFO | [t=1920] VLA chunk prompt=Tilt the sauce bottle to pour sauce onto the cookies again.
2026-09-27 12:44:39,430 | INFO | [t=1930] VLA chunk prompt=Tilt the sauce bottle to pour sauce onto the cookies again.
2026-09-27 12:44:39,745 | INFO | [t=1940] VLA chunk prompt=Tilt the sauce bottle to pour sauce onto the cookies again.
2026-09-27 12:44:40,053 | INFO | [t=1950] VLA chunk prompt=Tilt the sauce bottle to pour sauce onto the cookies again.
2026-09-27 12:44:40,365 | INFO | [t=1960] VLA chunk prompt=Tilt the sauce bottle to pour sauce onto the cookies again.
2026-09-27 12:44:40,671 | INFO | [t=1970] VLA chunk prompt=Tilt the sauce bottle to pour sauce onto the cookies again.
2026-09-27 12:44:40,980 | INFO | [t=1980] VLA chunk prompt=Tilt the sauce bottle to pour sauce onto the cookies again.
2026-09-27 12:44:41,310 | INFO | [t=1990] VLA chunk prompt=Tilt the sauce bottle to pour sauce onto the cookies again.
2026-09-27 12:44:41,588 | INFO | API VLM @t=1845 task=22 subtask=Tilt the sauce bottle to pour sauce onto the cookies again. keyframes=[]
2026-09-27 12:44:41,590 | INFO | [redact] enabled task=22 registered_phrases=0 terms=[]
2026-09-27 12:44:41,631 | INFO | [t=2000] VLA chunk prompt=Tilt the sauce bottle to pour sauce onto the cookies again.
2026-09-27 12:44:41,955 | INFO | [t=2010] VLA chunk prompt=Tilt the sauce bottle to pour sauce onto the cookies again.
2026-09-27 12:44:42,280 | INFO | [t=2020] VLA chunk prompt=Tilt the sauce bottle to pour sauce onto the cookies again.
2026-09-27 12:44:42,603 | INFO | [t=2030] VLA chunk prompt=Tilt the sauce bottle to pour sauce onto the cookies again.
2026-09-27 12:44:42,931 | INFO | [t=2040] VLA chunk prompt=Tilt the sauce bottle to pour sauce onto the cookies again.
2026-09-27 12:44:43,262 | INFO | [t=2050] VLA chunk prompt=Tilt the sauce bottle to pour sauce onto the cookies again.
2026-09-27 12:44:43,587 | INFO | [t=2060] VLA chunk prompt=Tilt the sauce bottle to pour sauce onto the cookies again.
2026-09-27 12:44:43,912 | INFO | [t=2070] VLA chunk prompt=Tilt the sauce bottle to pour sauce onto the cookies again.
2026-09-27 12:44:44,244 | INFO | [t=2080] VLA chunk prompt=Tilt the sauce bottle to pour sauce onto the cookies again.
2026-09-27 12:44:44,575 | INFO | [t=2090] VLA chunk prompt=Tilt the sauce bottle to pour sauce onto the cookies again.
2026-09-27 12:44:44,894 | INFO | [t=2100] VLA chunk prompt=Tilt the sauce bottle to pour sauce onto the cookies again.
2026-09-27 12:44:45,220 | INFO | [t=2110] VLA chunk prompt=Tilt the sauce bottle to pour sauce onto the cookies again.
2026-09-27 12:44:45,545 | INFO | [t=2120] VLA chunk prompt=Tilt the sauce bottle to pour sauce onto the cookies again.
2026-09-27 12:44:45,865 | INFO | [t=2130] VLA chunk prompt=Tilt the sauce bottle to pour sauce onto the cookies again.
2026-09-27 12:44:46,189 | INFO | [t=2140] VLA chunk prompt=Tilt the sauce bottle to pour sauce onto the cookies again.
2026-09-27 12:44:46,510 | INFO | [t=2150] VLA chunk prompt=Tilt the sauce bottle to pour sauce onto the cookies again.
2026-09-27 12:44:46,732 | INFO | API VLM @t=1990 task=22 subtask=Tilt the sauce bottle over the cookies to pour sauce onto them a second time. keyframes=[]
2026-09-27 12:44:46,735 | INFO | [redact] enabled task=22 registered_phrases=0 terms=[]
2026-09-27 12:44:46,784 | INFO | [t=2160] VLM prompt update from step=1990: Tilt the sauce bottle over the cookies to pour sauce onto them a second time.
2026-09-27 12:44:46,836 | INFO | [t=2160] VLA chunk prompt=Tilt the sauce bottle over the cookies to pour sauce onto them a second time.
2026-09-27 12:44:47,154 | INFO | [t=2170] VLA chunk prompt=Tilt the sauce bottle over the cookies to pour sauce onto them a second time.
2026-09-27 12:44:47,488 | INFO | [t=2180] VLA chunk prompt=Tilt the sauce bottle over the cookies to pour sauce onto them a second time.
2026-09-27 12:44:47,827 | INFO | [t=2190] VLA chunk prompt=Tilt the sauce bottle over the cookies to pour sauce onto them a second time.
2026-09-27 12:44:48,160 | INFO | [t=2200] VLA chunk prompt=Tilt the sauce bottle over the cookies to pour sauce onto them a second time.
2026-09-27 12:44:48,479 | INFO | [t=2210] VLA chunk prompt=Tilt the sauce bottle over the cookies to pour sauce onto them a second time.
2026-09-27 12:44:48,794 | INFO | [t=2220] VLA chunk prompt=Tilt the sauce bottle over the cookies to pour sauce onto them a second time.
2026-09-27 12:44:49,110 | INFO | [t=2230] VLA chunk prompt=Tilt the sauce bottle over the cookies to pour sauce onto them a second time.
2026-09-27 12:44:49,430 | INFO | [t=2240] VLA chunk prompt=Tilt the sauce bottle over the cookies to pour sauce onto them a second time.
2026-09-27 12:44:49,748 | INFO | [t=2250] VLA chunk prompt=Tilt the sauce bottle over the cookies to pour sauce onto them a second time.
2026-09-27 12:44:50,064 | INFO | [t=2260] VLA chunk prompt=Tilt the sauce bottle over the cookies to pour sauce onto them a second time.
2026-09-27 12:44:50,380 | INFO | [t=2270] VLA chunk prompt=Tilt the sauce bottle over the cookies to pour sauce onto them a second time.
2026-09-27 12:44:50,697 | INFO | [t=2280] VLA chunk prompt=Tilt the sauce bottle over the cookies to pour sauce onto them a second time.
2026-09-27 12:44:51,012 | INFO | [t=2290] VLA chunk prompt=Tilt the sauce bottle over the cookies to pour sauce onto them a second time.
2026-09-27 12:44:51,329 | INFO | [t=2300] VLA chunk prompt=Tilt the sauce bottle over the cookies to pour sauce onto them a second time.
2026-09-27 12:44:51,362 | INFO | API VLM @t=2145 task=22 subtask=Tilt the sauce bottle to pour sauce onto the cookies a second time. keyframes=[]
2026-09-27 12:44:51,365 | INFO | [redact] enabled task=22 registered_phrases=0 terms=[]
2026-09-27 12:44:51,607 | INFO | [t=2310] VLM prompt update from step=2145: Tilt the sauce bottle to pour sauce onto the cookies a second time.
2026-09-27 12:44:51,658 | INFO | [t=2310] VLA chunk prompt=Tilt the sauce bottle to pour sauce onto the cookies a second time.
2026-09-27 12:44:51,980 | INFO | [t=2320] VLA chunk prompt=Tilt the sauce bottle to pour sauce onto the cookies a second time.
2026-09-27 12:44:52,301 | INFO | [t=2330] VLA chunk prompt=Tilt the sauce bottle to pour sauce onto the cookies a second time.
2026-09-27 12:44:52,622 | INFO | [t=2340] VLA chunk prompt=Tilt the sauce bottle to pour sauce onto the cookies a second time.
2026-09-27 12:44:52,945 | INFO | [t=2350] VLA chunk prompt=Tilt the sauce bottle to pour sauce onto the cookies a second time.
2026-09-27 12:44:53,268 | INFO | [t=2360] VLA chunk prompt=Tilt the sauce bottle to pour sauce onto the cookies a second time.
2026-09-27 12:44:53,590 | INFO | [t=2370] VLA chunk prompt=Tilt the sauce bottle to pour sauce onto the cookies a second time.
2026-09-27 12:44:53,916 | INFO | [t=2380] VLA chunk prompt=Tilt the sauce bottle to pour sauce onto the cookies a second time.
2026-09-27 12:44:54,246 | INFO | [t=2390] VLA chunk prompt=Tilt the sauce bottle to pour sauce onto the cookies a second time.
2026-09-27 12:44:54,574 | INFO | [t=2400] VLA chunk prompt=Tilt the sauce bottle to pour sauce onto the cookies a second time.
2026-09-27 12:44:54,901 | INFO | [t=2410] VLA chunk prompt=Tilt the sauce bottle to pour sauce onto the cookies a second time.
2026-09-27 12:44:55,224 | INFO | [t=2420] VLA chunk prompt=Tilt the sauce bottle to pour sauce onto the cookies a second time.
2026-09-27 12:44:55,540 | INFO | [t=2430] VLA chunk prompt=Tilt the sauce bottle to pour sauce onto the cookies a second time.
2026-09-27 12:44:55,839 | INFO | API VLM @t=2290 task=22 subtask=Tilt the sauce bottle to pour sauce onto the cookies again. keyframes=[]
2026-09-27 12:44:55,841 | INFO | [redact] enabled task=22 registered_phrases=0 terms=[]
2026-09-27 12:44:55,856 | INFO | [t=2440] VLA chunk prompt=Tilt the sauce bottle to pour sauce onto the cookies a second time.
2026-09-27 12:44:56,119 | INFO | [t=2450] VLM prompt update from step=2290: Tilt the sauce bottle to pour sauce onto the cookies again.
2026-09-27 12:44:56,172 | INFO | [t=2450] VLA chunk prompt=Tilt the sauce bottle to pour sauce onto the cookies again.
2026-09-27 12:44:56,480 | INFO | [t=2460] VLA chunk prompt=Tilt the sauce bottle to pour sauce onto the cookies again.
2026-09-27 12:44:56,788 | INFO | [t=2470] VLA chunk prompt=Tilt the sauce bottle to pour sauce onto the cookies again.
2026-09-27 12:44:57,093 | INFO | [t=2480] VLA chunk prompt=Tilt the sauce bottle to pour sauce onto the cookies again.
2026-09-27 12:44:57,400 | INFO | [t=2490] VLA chunk prompt=Tilt the sauce bottle to pour sauce onto the cookies again.
2026-09-27 12:44:57,708 | INFO | [t=2500] VLA chunk prompt=Tilt the sauce bottle to pour sauce onto the cookies again.
2026-09-27 12:45:00,974 | INFO | attempt=0 stage_score=66.7 stage_success=False failure_reason=incomplete_stage
2026-09-27 12:45:00,974 | INFO | Episode 4 seed=104 stage_score=66.7 stage_success=0 goal=0.667 failure_reason=incomplete_stage | 01_Lift_Tomato_Sauce=Y | 02_Pour_One=Y | 03_Pour_Two=N
2026-09-27 12:45:01,230 | INFO | API VLM @t=2430 task=22 subtask=Tilt the sauce bottle over the cookies and pour onto them again. keyframes=[]
