2026-09-26 20:02:23,620 | INFO | task_id=19 bddl=/project/peilab/why/RoboMemArena/bddl/19_tomato_milk_orange_cabinet.bddl vlm_ckpt=/project/peilab/why/RoboMemArena/checkpoints/PrediMem/vlm_tasks1to26_ckpt74500
2026-09-26 20:02:25,860 | INFO | async VLM enabled: single-slot subtask buffer
2026-09-26 20:02:26,116 | INFO | [t=10] VLA chunk prompt=Pick and place tomato sauce, milk, and orange juice from cabinet1 to cabinet2.
2026-09-26 20:02:26,387 | INFO | [t=20] VLA chunk prompt=Pick and place tomato sauce, milk, and orange juice from cabinet1 to cabinet2.
2026-09-26 20:02:26,655 | INFO | [t=30] VLA chunk prompt=Pick and place tomato sauce, milk, and orange juice from cabinet1 to cabinet2.
2026-09-26 20:02:26,923 | INFO | [t=40] VLA chunk prompt=Pick and place tomato sauce, milk, and orange juice from cabinet1 to cabinet2.
2026-09-26 20:02:27,193 | INFO | [t=50] VLA chunk prompt=Pick and place tomato sauce, milk, and orange juice from cabinet1 to cabinet2.
2026-09-26 20:02:27,463 | INFO | [t=60] VLA chunk prompt=Pick and place tomato sauce, milk, and orange juice from cabinet1 to cabinet2.
2026-09-26 20:02:27,731 | INFO | [t=70] VLA chunk prompt=Pick and place tomato sauce, milk, and orange juice from cabinet1 to cabinet2.
2026-09-26 20:02:28,012 | INFO | [t=80] VLA chunk prompt=Pick and place tomato sauce, milk, and orange juice from cabinet1 to cabinet2.
2026-09-26 20:02:28,291 | INFO | [t=90] VLA chunk prompt=Pick and place tomato sauce, milk, and orange juice from cabinet1 to cabinet2.
2026-09-26 20:02:28,566 | INFO | [t=100] VLA chunk prompt=Pick and place tomato sauce, milk, and orange juice from cabinet1 to cabinet2.
2026-09-26 20:02:28,848 | INFO | [t=110] VLA chunk prompt=Pick and place tomato sauce, milk, and orange juice from cabinet1 to cabinet2.
2026-09-26 20:02:29,132 | INFO | [t=120] VLA chunk prompt=Pick and place tomato sauce, milk, and orange juice from cabinet1 to cabinet2.
2026-09-26 20:02:29,417 | INFO | [t=130] VLA chunk prompt=Pick and place tomato sauce, milk, and orange juice from cabinet1 to cabinet2.
2026-09-26 20:02:29,733 | INFO | [t=140] VLA chunk prompt=Pick and place tomato sauce, milk, and orange juice from cabinet1 to cabinet2.
2026-09-26 20:02:30,052 | INFO | [t=150] VLA chunk prompt=Pick and place tomato sauce, milk, and orange juice from cabinet1 to cabinet2.
2026-09-26 20:02:30,371 | INFO | [t=160] VLA chunk prompt=Pick and place tomato sauce, milk, and orange juice from cabinet1 to cabinet2.
2026-09-26 20:02:30,692 | INFO | [t=170] VLA chunk prompt=Pick and place tomato sauce, milk, and orange juice from cabinet1 to cabinet2.
2026-09-26 20:02:31,017 | INFO | [t=180] VLA chunk prompt=Pick and place tomato sauce, milk, and orange juice from cabinet1 to cabinet2.
2026-09-26 20:02:31,347 | INFO | [t=190] VLA chunk prompt=Pick and place tomato sauce, milk, and orange juice from cabinet1 to cabinet2.
2026-09-26 20:02:31,681 | INFO | [t=200] VLA chunk prompt=Pick and place tomato sauce, milk, and orange juice from cabinet1 to cabinet2.
2026-09-26 20:02:32,020 | INFO | [t=210] VLA chunk prompt=Pick and place tomato sauce, milk, and orange juice from cabinet1 to cabinet2.
2026-09-26 20:02:32,363 | INFO | [t=220] VLA chunk prompt=Pick and place tomato sauce, milk, and orange juice from cabinet1 to cabinet2.
2026-09-26 20:02:32,709 | INFO | [t=230] VLA chunk prompt=Pick and place tomato sauce, milk, and orange juice from cabinet1 to cabinet2.
2026-09-26 20:02:33,061 | INFO | [t=240] VLA chunk prompt=Pick and place tomato sauce, milk, and orange juice from cabinet1 to cabinet2.
2026-09-26 20:02:33,417 | INFO | [t=250] VLA chunk prompt=Pick and place tomato sauce, milk, and orange juice from cabinet1 to cabinet2.
2026-09-26 20:02:33,778 | INFO | [t=260] VLA chunk prompt=Pick and place tomato sauce, milk, and orange juice from cabinet1 to cabinet2.
2026-09-26 20:02:34,140 | INFO | [t=270] VLA chunk prompt=Pick and place tomato sauce, milk, and orange juice from cabinet1 to cabinet2.
2026-09-26 20:02:34,505 | INFO | [t=280] VLA chunk prompt=Pick and place tomato sauce, milk, and orange juice from cabinet1 to cabinet2.
2026-09-26 20:02:34,868 | INFO | [t=290] VLA chunk prompt=Pick and place tomato sauce, milk, and orange juice from cabinet1 to cabinet2.
2026-09-26 20:02:35,230 | INFO | [t=300] VLA chunk prompt=Pick and place tomato sauce, milk, and orange juice from cabinet1 to cabinet2.
2026-09-26 20:02:35,374 | INFO | API VLM @t=0 task=19 subtask=Reach to grasp the tomato sauce in cabinet1. keyframes=[]
2026-09-26 20:02:35,543 | INFO | [t=310] VLM prompt update from step=0: Reach to grasp the tomato sauce in cabinet1.
2026-09-26 20:02:35,593 | INFO | [t=310] VLA chunk prompt=Reach to grasp the tomato sauce in cabinet1.
2026-09-26 20:02:35,952 | INFO | [t=320] VLA chunk prompt=Reach to grasp the tomato sauce in cabinet1.
2026-09-26 20:02:36,312 | INFO | [t=330] VLA chunk prompt=Reach to grasp the tomato sauce in cabinet1.
2026-09-26 20:02:36,673 | INFO | [t=340] VLA chunk prompt=Reach to grasp the tomato sauce in cabinet1.
2026-09-26 20:02:36,704 | INFO | [t=341] stage done: 01_Place_Tomato_Sauce_Cabinet2
2026-09-26 20:02:37,034 | INFO | [t=350] VLA chunk prompt=Reach to grasp the tomato sauce in cabinet1.
2026-09-26 20:02:37,397 | INFO | [t=360] VLA chunk prompt=Reach to grasp the tomato sauce in cabinet1.
2026-09-26 20:02:37,771 | INFO | [t=370] VLA chunk prompt=Reach to grasp the tomato sauce in cabinet1.
2026-09-26 20:02:38,137 | INFO | [t=380] VLA chunk prompt=Reach to grasp the tomato sauce in cabinet1.
2026-09-26 20:02:38,504 | INFO | [t=390] VLA chunk prompt=Reach to grasp the tomato sauce in cabinet1.
2026-09-26 20:02:38,872 | INFO | [t=400] VLA chunk prompt=Reach to grasp the tomato sauce in cabinet1.
2026-09-26 20:02:39,241 | INFO | [t=410] VLA chunk prompt=Reach to grasp the tomato sauce in cabinet1.
2026-09-26 20:02:39,607 | INFO | [t=420] VLA chunk prompt=Reach to grasp the tomato sauce in cabinet1.
2026-09-26 20:02:39,974 | INFO | [t=430] VLA chunk prompt=Reach to grasp the tomato sauce in cabinet1.
2026-09-26 20:02:40,342 | INFO | [t=440] VLA chunk prompt=Reach to grasp the tomato sauce in cabinet1.
2026-09-26 20:02:40,710 | INFO | [t=450] VLA chunk prompt=Reach to grasp the tomato sauce in cabinet1.
2026-09-26 20:02:41,078 | INFO | [t=460] VLA chunk prompt=Reach to grasp the tomato sauce in cabinet1.
2026-09-26 20:02:41,450 | INFO | [t=470] VLA chunk prompt=Reach to grasp the tomato sauce in cabinet1.
2026-09-26 20:02:41,820 | INFO | [t=480] VLA chunk prompt=Reach to grasp the tomato sauce in cabinet1.
2026-09-26 20:02:42,187 | INFO | [t=490] VLA chunk prompt=Reach to grasp the tomato sauce in cabinet1.
2026-09-26 20:02:42,547 | INFO | [t=500] VLA chunk prompt=Reach to grasp the tomato sauce in cabinet1.
2026-09-26 20:02:42,898 | INFO | [t=510] VLA chunk prompt=Reach to grasp the tomato sauce in cabinet1.
2026-09-26 20:02:43,248 | INFO | [t=520] VLA chunk prompt=Reach to grasp the tomato sauce in cabinet1.
2026-09-26 20:02:43,598 | INFO | [t=530] VLA chunk prompt=Reach to grasp the tomato sauce in cabinet1.
2026-09-26 20:02:43,950 | INFO | [t=540] VLA chunk prompt=Reach to grasp the tomato sauce in cabinet1.
2026-09-26 20:02:44,304 | INFO | [t=550] VLA chunk prompt=Reach to grasp the tomato sauce in cabinet1.
2026-09-26 20:02:44,659 | INFO | [t=560] VLA chunk prompt=Reach to grasp the tomato sauce in cabinet1.
2026-09-26 20:02:44,842 | INFO | API VLM @t=290 task=19 subtask=Place the currently held item into cabinet2. keyframes=[]
2026-09-26 20:02:44,962 | INFO | [t=570] VLM prompt update from step=290: Place the currently held item into cabinet2.
2026-09-26 20:02:45,012 | INFO | [t=570] VLA chunk prompt=Place the currently held item into cabinet2.
2026-09-26 20:02:45,359 | INFO | [t=580] VLA chunk prompt=Place the currently held item into cabinet2.
2026-09-26 20:02:45,708 | INFO | [t=590] VLA chunk prompt=Place the currently held item into cabinet2.
2026-09-26 20:02:46,058 | INFO | [t=600] VLA chunk prompt=Place the currently held item into cabinet2.
2026-09-26 20:02:46,410 | INFO | [t=610] VLA chunk prompt=Place the currently held item into cabinet2.
2026-09-26 20:02:46,766 | INFO | [t=620] VLA chunk prompt=Place the currently held item into cabinet2.
2026-09-26 20:02:47,128 | INFO | [t=630] VLA chunk prompt=Place the currently held item into cabinet2.
2026-09-26 20:02:47,498 | INFO | [t=640] VLA chunk prompt=Place the currently held item into cabinet2.
2026-09-26 20:02:47,869 | INFO | [t=650] VLA chunk prompt=Place the currently held item into cabinet2.
2026-09-26 20:02:48,238 | INFO | [t=660] VLA chunk prompt=Place the currently held item into cabinet2.
2026-09-26 20:02:48,606 | INFO | [t=670] VLA chunk prompt=Place the currently held item into cabinet2.
2026-09-26 20:02:48,968 | INFO | [t=680] VLA chunk prompt=Place the currently held item into cabinet2.
2026-09-26 20:02:49,329 | INFO | [t=690] VLA chunk prompt=Place the currently held item into cabinet2.
2026-09-26 20:02:49,686 | INFO | [t=700] VLA chunk prompt=Place the currently held item into cabinet2.
2026-09-26 20:02:50,043 | INFO | [t=710] VLA chunk prompt=Place the currently held item into cabinet2.
2026-09-26 20:02:50,401 | INFO | [t=720] VLA chunk prompt=Place the currently held item into cabinet2.
2026-09-26 20:02:50,763 | INFO | [t=730] VLA chunk prompt=Place the currently held item into cabinet2.
2026-09-26 20:02:51,128 | INFO | [t=740] VLA chunk prompt=Place the currently held item into cabinet2.
2026-09-26 20:02:51,498 | INFO | [t=750] VLA chunk prompt=Place the currently held item into cabinet2.
2026-09-26 20:02:51,874 | INFO | [t=760] VLA chunk prompt=Place the currently held item into cabinet2.
2026-09-26 20:02:52,243 | INFO | [t=770] VLA chunk prompt=Place the currently held item into cabinet2.
2026-09-26 20:02:52,603 | INFO | [t=780] VLA chunk prompt=Place the currently held item into cabinet2.
2026-09-26 20:02:52,963 | INFO | [t=790] VLA chunk prompt=Place the currently held item into cabinet2.
2026-09-26 20:02:53,284 | INFO | API VLM @t=555 task=19 subtask=Reach for the orange juice in cabinet1 to transfer it to cabinet2. keyframes=[]
2026-09-26 20:02:53,321 | INFO | [t=800] VLA chunk prompt=Place the currently held item into cabinet2.
2026-09-26 20:02:53,631 | INFO | [t=810] VLM prompt update from step=555: Reach for the orange juice in cabinet1 to transfer it to cabinet2.
2026-09-26 20:02:53,682 | INFO | [t=810] VLA chunk prompt=Reach for the orange juice in cabinet1 to transfer it to cabinet2.
2026-09-26 20:02:54,049 | INFO | [t=820] VLA chunk prompt=Reach for the orange juice in cabinet1 to transfer it to cabinet2.
2026-09-26 20:02:54,419 | INFO | [t=830] VLA chunk prompt=Reach for the orange juice in cabinet1 to transfer it to cabinet2.
2026-09-26 20:02:54,788 | INFO | [t=840] VLA chunk prompt=Reach for the orange juice in cabinet1 to transfer it to cabinet2.
2026-09-26 20:02:55,156 | INFO | [t=850] VLA chunk prompt=Reach for the orange juice in cabinet1 to transfer it to cabinet2.
2026-09-26 20:02:55,525 | INFO | [t=860] VLA chunk prompt=Reach for the orange juice in cabinet1 to transfer it to cabinet2.
2026-09-26 20:02:55,898 | INFO | [t=870] VLA chunk prompt=Reach for the orange juice in cabinet1 to transfer it to cabinet2.
2026-09-26 20:02:56,272 | INFO | [t=880] VLA chunk prompt=Reach for the orange juice in cabinet1 to transfer it to cabinet2.
2026-09-26 20:02:56,651 | INFO | [t=890] VLA chunk prompt=Reach for the orange juice in cabinet1 to transfer it to cabinet2.
2026-09-26 20:02:57,025 | INFO | [t=900] VLA chunk prompt=Reach for the orange juice in cabinet1 to transfer it to cabinet2.
2026-09-26 20:02:57,398 | INFO | [t=910] VLA chunk prompt=Reach for the orange juice in cabinet1 to transfer it to cabinet2.
2026-09-26 20:02:57,769 | INFO | [t=920] VLA chunk prompt=Reach for the orange juice in cabinet1 to transfer it to cabinet2.
2026-09-26 20:02:58,140 | INFO | [t=930] VLA chunk prompt=Reach for the orange juice in cabinet1 to transfer it to cabinet2.
2026-09-26 20:02:58,510 | INFO | [t=940] VLA chunk prompt=Reach for the orange juice in cabinet1 to transfer it to cabinet2.
2026-09-26 20:02:58,879 | INFO | [t=950] VLA chunk prompt=Reach for the orange juice in cabinet1 to transfer it to cabinet2.
2026-09-26 20:02:59,248 | INFO | [t=960] VLA chunk prompt=Reach for the orange juice in cabinet1 to transfer it to cabinet2.
2026-09-26 20:02:59,618 | INFO | [t=970] VLA chunk prompt=Reach for the orange juice in cabinet1 to transfer it to cabinet2.
2026-09-26 20:02:59,989 | INFO | [t=980] VLA chunk prompt=Reach for the orange juice in cabinet1 to transfer it to cabinet2.
2026-09-26 20:03:00,359 | INFO | [t=990] VLA chunk prompt=Reach for the orange juice in cabinet1 to transfer it to cabinet2.
2026-09-26 20:03:00,724 | INFO | [t=1000] VLA chunk prompt=Reach for the orange juice in cabinet1 to transfer it to cabinet2.
2026-09-26 20:03:01,093 | INFO | [t=1010] VLA chunk prompt=Reach for the orange juice in cabinet1 to transfer it to cabinet2.
2026-09-26 20:03:01,478 | INFO | [t=1020] VLA chunk prompt=Reach for the orange juice in cabinet1 to transfer it to cabinet2.
2026-09-26 20:03:01,865 | INFO | [t=1030] VLA chunk prompt=Reach for the orange juice in cabinet1 to transfer it to cabinet2.
2026-09-26 20:03:02,259 | INFO | [t=1040] VLA chunk prompt=Reach for the orange juice in cabinet1 to transfer it to cabinet2.
2026-09-26 20:03:02,636 | INFO | [t=1050] VLA chunk prompt=Reach for the orange juice in cabinet1 to transfer it to cabinet2.
2026-09-26 20:03:03,000 | INFO | [t=1060] VLA chunk prompt=Reach for the orange juice in cabinet1 to transfer it to cabinet2.
2026-09-26 20:03:03,367 | INFO | [t=1070] VLA chunk prompt=Reach for the orange juice in cabinet1 to transfer it to cabinet2.
2026-09-26 20:03:03,734 | INFO | [t=1080] VLA chunk prompt=Reach for the orange juice in cabinet1 to transfer it to cabinet2.
2026-09-26 20:03:04,103 | INFO | [t=1090] VLA chunk prompt=Reach for the orange juice in cabinet1 to transfer it to cabinet2.
2026-09-26 20:03:04,117 | INFO | API VLM @t=790 task=19 subtask=Reach to grasp the tomato sauce from cabinet1. keyframes=[]
2026-09-26 20:03:04,420 | INFO | [t=1100] VLM prompt update from step=790: Reach to grasp the tomato sauce from cabinet1.
2026-09-26 20:03:04,470 | INFO | [t=1100] VLA chunk prompt=Reach to grasp the tomato sauce from cabinet1.
2026-09-26 20:03:04,833 | INFO | [t=1110] VLA chunk prompt=Reach to grasp the tomato sauce from cabinet1.
2026-09-26 20:03:05,196 | INFO | [t=1120] VLA chunk prompt=Reach to grasp the tomato sauce from cabinet1.
2026-09-26 20:03:05,560 | INFO | [t=1130] VLA chunk prompt=Reach to grasp the tomato sauce from cabinet1.
2026-09-26 20:03:05,926 | INFO | [t=1140] VLA chunk prompt=Reach to grasp the tomato sauce from cabinet1.
2026-09-26 20:03:06,293 | INFO | [t=1150] VLA chunk prompt=Reach to grasp the tomato sauce from cabinet1.
2026-09-26 20:03:06,659 | INFO | [t=1160] VLA chunk prompt=Reach to grasp the tomato sauce from cabinet1.
2026-09-26 20:03:07,032 | INFO | [t=1170] VLA chunk prompt=Reach to grasp the tomato sauce from cabinet1.
2026-09-26 20:03:07,412 | INFO | [t=1180] VLA chunk prompt=Reach to grasp the tomato sauce from cabinet1.
2026-09-26 20:03:07,792 | INFO | [t=1190] VLA chunk prompt=Reach to grasp the tomato sauce from cabinet1.
2026-09-26 20:03:08,172 | INFO | [t=1200] VLA chunk prompt=Reach to grasp the tomato sauce from cabinet1.
2026-09-26 20:03:08,551 | INFO | [t=1210] VLA chunk prompt=Reach to grasp the tomato sauce from cabinet1.
2026-09-26 20:03:08,931 | INFO | [t=1220] VLA chunk prompt=Reach to grasp the tomato sauce from cabinet1.
2026-09-26 20:03:09,311 | INFO | [t=1230] VLA chunk prompt=Reach to grasp the tomato sauce from cabinet1.
2026-09-26 20:03:09,689 | INFO | [t=1240] VLA chunk prompt=Reach to grasp the tomato sauce from cabinet1.
2026-09-26 20:03:10,064 | INFO | [t=1250] VLA chunk prompt=Reach to grasp the tomato sauce from cabinet1.
2026-09-26 20:03:10,439 | INFO | [t=1260] VLA chunk prompt=Reach to grasp the tomato sauce from cabinet1.
2026-09-26 20:03:10,805 | INFO | [t=1270] VLA chunk prompt=Reach to grasp the tomato sauce from cabinet1.
2026-09-26 20:03:11,172 | INFO | [t=1280] VLA chunk prompt=Reach to grasp the tomato sauce from cabinet1.
2026-09-26 20:03:11,545 | INFO | [t=1290] VLA chunk prompt=Reach to grasp the tomato sauce from cabinet1.
2026-09-26 20:03:11,925 | INFO | [t=1300] VLA chunk prompt=Reach to grasp the tomato sauce from cabinet1.
2026-09-26 20:03:12,311 | INFO | [t=1310] VLA chunk prompt=Reach to grasp the tomato sauce from cabinet1.
2026-09-26 20:03:12,701 | INFO | [t=1320] VLA chunk prompt=Reach to grasp the tomato sauce from cabinet1.
2026-09-26 20:03:13,087 | INFO | [t=1330] VLA chunk prompt=Reach to grasp the tomato sauce from cabinet1.
2026-09-26 20:03:13,478 | INFO | [t=1340] VLA chunk prompt=Reach to grasp the tomato sauce from cabinet1.
2026-09-26 20:03:13,867 | INFO | [t=1350] VLA chunk prompt=Reach to grasp the tomato sauce from cabinet1.
2026-09-26 20:03:14,253 | INFO | [t=1360] VLA chunk prompt=Reach to grasp the tomato sauce from cabinet1.
2026-09-26 20:03:14,642 | INFO | [t=1370] VLA chunk prompt=Reach to grasp the tomato sauce from cabinet1.
2026-09-26 20:03:15,026 | INFO | [t=1380] VLA chunk prompt=Reach to grasp the tomato sauce from cabinet1.
2026-09-26 20:03:15,041 | INFO | API VLM @t=1080 task=19 subtask=Close cabinet2 after completing the transfer. keyframes=[]
2026-09-26 20:03:15,351 | INFO | [t=1390] VLM prompt update from step=1080: Close cabinet2 after completing the transfer.
2026-09-26 20:03:15,401 | INFO | [t=1390] VLA chunk prompt=Close cabinet2 after completing the transfer.
2026-09-26 20:03:15,777 | INFO | [t=1400] VLA chunk prompt=Close cabinet2 after completing the transfer.
2026-09-26 20:03:16,147 | INFO | [t=1410] VLA chunk prompt=Close cabinet2 after completing the transfer.
2026-09-26 20:03:16,520 | INFO | [t=1420] VLA chunk prompt=Close cabinet2 after completing the transfer.
2026-09-26 20:03:16,890 | INFO | [t=1430] VLA chunk prompt=Close cabinet2 after completing the transfer.
2026-09-26 20:03:17,265 | INFO | [t=1440] VLA chunk prompt=Close cabinet2 after completing the transfer.
2026-09-26 20:03:17,640 | INFO | [t=1450] VLA chunk prompt=Close cabinet2 after completing the transfer.
2026-09-26 20:03:18,015 | INFO | [t=1460] VLA chunk prompt=Close cabinet2 after completing the transfer.
2026-09-26 20:03:18,386 | INFO | [t=1470] VLA chunk prompt=Close cabinet2 after completing the transfer.
2026-09-26 20:03:18,757 | INFO | [t=1480] VLA chunk prompt=Close cabinet2 after completing the transfer.
2026-09-26 20:03:19,127 | INFO | [t=1490] VLA chunk prompt=Close cabinet2 after completing the transfer.
2026-09-26 20:03:19,494 | INFO | [t=1500] VLA chunk prompt=Close cabinet2 after completing the transfer.
2026-09-26 20:03:19,861 | INFO | [t=1510] VLA chunk prompt=Close cabinet2 after completing the transfer.
2026-09-26 20:03:20,227 | INFO | [t=1520] VLA chunk prompt=Close cabinet2 after completing the transfer.
2026-09-26 20:03:20,595 | INFO | [t=1530] VLA chunk prompt=Close cabinet2 after completing the transfer.
2026-09-26 20:03:20,962 | INFO | [t=1540] VLA chunk prompt=Close cabinet2 after completing the transfer.
2026-09-26 20:03:21,331 | INFO | [t=1550] VLA chunk prompt=Close cabinet2 after completing the transfer.
2026-09-26 20:03:21,699 | INFO | [t=1560] VLA chunk prompt=Close cabinet2 after completing the transfer.
2026-09-26 20:03:22,068 | INFO | [t=1570] VLA chunk prompt=Close cabinet2 after completing the transfer.
2026-09-26 20:03:22,435 | INFO | [t=1580] VLA chunk prompt=Close cabinet2 after completing the transfer.
2026-09-26 20:03:22,805 | INFO | [t=1590] VLA chunk prompt=Close cabinet2 after completing the transfer.
2026-09-26 20:03:23,175 | INFO | [t=1600] VLA chunk prompt=Close cabinet2 after completing the transfer.
2026-09-26 20:03:23,282 | INFO | API VLM @t=1370 task=19 subtask=Grasp the milk carton from cabinet1. keyframes=[]
2026-09-26 20:03:23,495 | INFO | [t=1610] VLM prompt update from step=1370: Grasp the milk carton from cabinet1.
2026-09-26 20:03:23,545 | INFO | [t=1610] VLA chunk prompt=Grasp the milk carton from cabinet1.
2026-09-26 20:03:23,909 | INFO | [t=1620] VLA chunk prompt=Grasp the milk carton from cabinet1.
2026-09-26 20:03:24,272 | INFO | [t=1630] VLA chunk prompt=Grasp the milk carton from cabinet1.
2026-09-26 20:03:24,636 | INFO | [t=1640] VLA chunk prompt=Grasp the milk carton from cabinet1.
2026-09-26 20:03:25,004 | INFO | [t=1650] VLA chunk prompt=Grasp the milk carton from cabinet1.
2026-09-26 20:03:25,380 | INFO | [t=1660] VLA chunk prompt=Grasp the milk carton from cabinet1.
2026-09-26 20:03:25,752 | INFO | [t=1670] VLA chunk prompt=Grasp the milk carton from cabinet1.
2026-09-26 20:03:26,120 | INFO | [t=1680] VLA chunk prompt=Grasp the milk carton from cabinet1.
2026-09-26 20:03:26,490 | INFO | [t=1690] VLA chunk prompt=Grasp the milk carton from cabinet1.
2026-09-26 20:03:26,855 | INFO | [t=1700] VLA chunk prompt=Grasp the milk carton from cabinet1.
2026-09-26 20:03:27,221 | INFO | [t=1710] VLA chunk prompt=Grasp the milk carton from cabinet1.
2026-09-26 20:03:27,587 | INFO | [t=1720] VLA chunk prompt=Grasp the milk carton from cabinet1.
2026-09-26 20:03:27,965 | INFO | [t=1730] VLA chunk prompt=Grasp the milk carton from cabinet1.
2026-09-26 20:03:28,345 | INFO | [t=1740] VLA chunk prompt=Grasp the milk carton from cabinet1.
2026-09-26 20:03:28,731 | INFO | [t=1750] VLA chunk prompt=Grasp the milk carton from cabinet1.
2026-09-26 20:03:29,107 | INFO | [t=1760] VLA chunk prompt=Grasp the milk carton from cabinet1.
2026-09-26 20:03:29,486 | INFO | [t=1770] VLA chunk prompt=Grasp the milk carton from cabinet1.
2026-09-26 20:03:29,861 | INFO | [t=1780] VLA chunk prompt=Grasp the milk carton from cabinet1.
2026-09-26 20:03:30,232 | INFO | [t=1790] VLA chunk prompt=Grasp the milk carton from cabinet1.
2026-09-26 20:03:30,604 | INFO | [t=1800] VLA chunk prompt=Grasp the milk carton from cabinet1.
2026-09-26 20:03:30,975 | INFO | [t=1810] VLA chunk prompt=Grasp the milk carton from cabinet1.
2026-09-26 20:03:31,347 | INFO | [t=1820] VLA chunk prompt=Grasp the milk carton from cabinet1.
2026-09-26 20:03:31,716 | INFO | [t=1830] VLA chunk prompt=Grasp the milk carton from cabinet1.
2026-09-26 20:03:32,086 | INFO | [t=1840] VLA chunk prompt=Grasp the milk carton from cabinet1.
2026-09-26 20:03:32,229 | INFO | API VLM @t=1590 task=19 subtask=Place the tomato sauce into cabinet2 keyframes=[]
2026-09-26 20:03:32,415 | INFO | [t=1850] VLM prompt update from step=1590: Place the tomato sauce into cabinet2
2026-09-26 20:03:32,467 | INFO | [t=1850] VLA chunk prompt=Place the tomato sauce into cabinet2
2026-09-26 20:03:32,844 | INFO | [t=1860] VLA chunk prompt=Place the tomato sauce into cabinet2
2026-09-26 20:03:33,215 | INFO | [t=1870] VLA chunk prompt=Place the tomato sauce into cabinet2
2026-09-26 20:03:33,589 | INFO | [t=1880] VLA chunk prompt=Place the tomato sauce into cabinet2
2026-09-26 20:03:33,965 | INFO | [t=1890] VLA chunk prompt=Place the tomato sauce into cabinet2
2026-09-26 20:03:34,341 | INFO | [t=1900] VLA chunk prompt=Place the tomato sauce into cabinet2
2026-09-26 20:03:34,713 | INFO | [t=1910] VLA chunk prompt=Place the tomato sauce into cabinet2
2026-09-26 20:03:35,083 | INFO | [t=1920] VLA chunk prompt=Place the tomato sauce into cabinet2
2026-09-26 20:03:35,460 | INFO | [t=1930] VLA chunk prompt=Place the tomato sauce into cabinet2
2026-09-26 20:03:35,845 | INFO | [t=1940] VLA chunk prompt=Place the tomato sauce into cabinet2
2026-09-26 20:03:36,249 | INFO | [t=1950] VLA chunk prompt=Place the tomato sauce into cabinet2
2026-09-26 20:03:36,628 | INFO | [t=1960] VLA chunk prompt=Place the tomato sauce into cabinet2
2026-09-26 20:03:37,000 | INFO | [t=1970] VLA chunk prompt=Place the tomato sauce into cabinet2
2026-09-26 20:03:37,366 | INFO | [t=1980] VLA chunk prompt=Place the tomato sauce into cabinet2
2026-09-26 20:03:37,727 | INFO | [t=1990] VLA chunk prompt=Place the tomato sauce into cabinet2
2026-09-26 20:03:38,090 | INFO | [t=2000] VLA chunk prompt=Place the tomato sauce into cabinet2
2026-09-26 20:03:38,453 | INFO | [t=2010] VLA chunk prompt=Place the tomato sauce into cabinet2
2026-09-26 20:03:38,818 | INFO | [t=2020] VLA chunk prompt=Place the tomato sauce into cabinet2
2026-09-26 20:03:39,185 | INFO | [t=2030] VLA chunk prompt=Place the tomato sauce into cabinet2
2026-09-26 20:03:39,551 | INFO | [t=2040] VLA chunk prompt=Place the tomato sauce into cabinet2
2026-09-26 20:03:39,920 | INFO | [t=2050] VLA chunk prompt=Place the tomato sauce into cabinet2
2026-09-26 20:03:40,285 | INFO | [t=2060] VLA chunk prompt=Place the tomato sauce into cabinet2
2026-09-26 20:03:40,647 | INFO | [t=2070] VLA chunk prompt=Place the tomato sauce into cabinet2
2026-09-26 20:03:41,013 | INFO | [t=2080] VLA chunk prompt=Place the tomato sauce into cabinet2
2026-09-26 20:03:41,216 | INFO | API VLM @t=1830 task=19 subtask=Pick up the tomato sauce from cabinet1. keyframes=[]
2026-09-26 20:03:41,335 | INFO | [t=2090] VLM prompt update from step=1830: Pick up the tomato sauce from cabinet1.
2026-09-26 20:03:41,385 | INFO | [t=2090] VLA chunk prompt=Pick up the tomato sauce from cabinet1.
2026-09-26 20:03:41,755 | INFO | [t=2100] VLA chunk prompt=Pick up the tomato sauce from cabinet1.
2026-09-26 20:03:42,127 | INFO | [t=2110] VLA chunk prompt=Pick up the tomato sauce from cabinet1.
2026-09-26 20:03:42,499 | INFO | [t=2120] VLA chunk prompt=Pick up the tomato sauce from cabinet1.
2026-09-26 20:03:42,871 | INFO | [t=2130] VLA chunk prompt=Pick up the tomato sauce from cabinet1.
2026-09-26 20:03:43,235 | INFO | [t=2140] VLA chunk prompt=Pick up the tomato sauce from cabinet1.
2026-09-26 20:03:43,596 | INFO | [t=2150] VLA chunk prompt=Pick up the tomato sauce from cabinet1.
2026-09-26 20:03:43,958 | INFO | [t=2160] VLA chunk prompt=Pick up the tomato sauce from cabinet1.
2026-09-26 20:03:44,323 | INFO | [t=2170] VLA chunk prompt=Pick up the tomato sauce from cabinet1.
2026-09-26 20:03:44,688 | INFO | [t=2180] VLA chunk prompt=Pick up the tomato sauce from cabinet1.
2026-09-26 20:03:45,055 | INFO | [t=2190] VLA chunk prompt=Pick up the tomato sauce from cabinet1.
2026-09-26 20:03:45,442 | INFO | [t=2200] VLA chunk prompt=Pick up the tomato sauce from cabinet1.
2026-09-26 20:03:45,827 | INFO | [t=2210] VLA chunk prompt=Pick up the tomato sauce from cabinet1.
2026-09-26 20:03:46,218 | INFO | [t=2220] VLA chunk prompt=Pick up the tomato sauce from cabinet1.
2026-09-26 20:03:46,608 | INFO | [t=2230] VLA chunk prompt=Pick up the tomato sauce from cabinet1.
2026-09-26 20:03:46,993 | INFO | [t=2240] VLA chunk prompt=Pick up the tomato sauce from cabinet1.
2026-09-26 20:03:47,376 | INFO | [t=2250] VLA chunk prompt=Pick up the tomato sauce from cabinet1.
2026-09-26 20:03:47,758 | INFO | [t=2260] VLA chunk prompt=Pick up the tomato sauce from cabinet1.
2026-09-26 20:03:48,144 | INFO | [t=2270] VLA chunk prompt=Pick up the tomato sauce from cabinet1.
2026-09-26 20:03:48,528 | INFO | [t=2280] VLA chunk prompt=Pick up the tomato sauce from cabinet1.
2026-09-26 20:03:48,912 | INFO | [t=2290] VLA chunk prompt=Pick up the tomato sauce from cabinet1.
2026-09-26 20:03:49,017 | INFO | API VLM @t=2075 task=19 subtask=Place the held object into cabinet2. keyframes=[]
2026-09-26 20:03:49,250 | INFO | [t=2300] VLM prompt update from step=2075: Place the held object into cabinet2.
2026-09-26 20:03:49,301 | INFO | [t=2300] VLA chunk prompt=Place the held object into cabinet2.
2026-09-26 20:03:49,675 | INFO | [t=2310] VLA chunk prompt=Place the held object into cabinet2.
2026-09-26 20:03:50,042 | INFO | [t=2320] VLA chunk prompt=Place the held object into cabinet2.
2026-09-26 20:03:50,407 | INFO | [t=2330] VLA chunk prompt=Place the held object into cabinet2.
2026-09-26 20:03:50,771 | INFO | [t=2340] VLA chunk prompt=Place the held object into cabinet2.
2026-09-26 20:03:51,134 | INFO | [t=2350] VLA chunk prompt=Place the held object into cabinet2.
2026-09-26 20:03:51,498 | INFO | [t=2360] VLA chunk prompt=Place the held object into cabinet2.
2026-09-26 20:03:51,863 | INFO | [t=2370] VLA chunk prompt=Place the held object into cabinet2.
2026-09-26 20:03:52,227 | INFO | [t=2380] VLA chunk prompt=Place the held object into cabinet2.
2026-09-26 20:03:52,597 | INFO | [t=2390] VLA chunk prompt=Place the held object into cabinet2.
2026-09-26 20:03:52,969 | INFO | [t=2400] VLA chunk prompt=Place the held object into cabinet2.
2026-09-26 20:03:53,342 | INFO | [t=2410] VLA chunk prompt=Place the held object into cabinet2.
2026-09-26 20:03:53,712 | INFO | [t=2420] VLA chunk prompt=Place the held object into cabinet2.
2026-09-26 20:03:54,082 | INFO | [t=2430] VLA chunk prompt=Place the held object into cabinet2.
2026-09-26 20:03:54,451 | INFO | [t=2440] VLA chunk prompt=Place the held object into cabinet2.
2026-09-26 20:03:54,819 | INFO | [t=2450] VLA chunk prompt=Place the held object into cabinet2.
2026-09-26 20:03:55,186 | INFO | [t=2460] VLA chunk prompt=Place the held object into cabinet2.
2026-09-26 20:03:55,554 | INFO | [t=2470] VLA chunk prompt=Place the held object into cabinet2.
2026-09-26 20:03:55,923 | INFO | [t=2480] VLA chunk prompt=Place the held object into cabinet2.
2026-09-26 20:03:56,027 | INFO | API VLM @t=2280 task=19 subtask=Pick up the milk carton from cabinet1. keyframes=[]
2026-09-26 20:03:56,247 | INFO | [t=2490] VLM prompt update from step=2280: Pick up the milk carton from cabinet1.
2026-09-26 20:03:56,297 | INFO | [t=2490] VLA chunk prompt=Pick up the milk carton from cabinet1.
2026-09-26 20:03:56,666 | INFO | [t=2500] VLA chunk prompt=Pick up the milk carton from cabinet1.
2026-09-26 20:04:00,000 | INFO | attempt=0 stage_score=33.3 stage_success=False failure_reason=incomplete_stage
2026-09-26 20:04:00,000 | INFO | Episode 2 seed=102 stage_score=33.3 stage_success=0 goal=0.333 failure_reason=incomplete_stage | 01_Place_Tomato_Sauce_Cabinet2=Y | 02_Place_Milk_Cabinet2=N | 03_Place_Orange_Juice_Cabinet2=N
