2026-09-18 12:52:33,366 | INFO | task_id=5 bddl=/project/peilab/why/RoboMemArena/bddl/5_butter_middle_drawer.bddl vlm_ckpt=/project/peilab/why/RoboMemArena/checkpoints/PrediMem/vlm_tasks1to26_ckpt74500
2026-09-18 12:52:33,590 | INFO | API VLM @t=1800 task=5 subtask=open middle drawer keyframes=[]
2026-09-18 12:52:35,444 | INFO | async VLM enabled: single-slot subtask buffer
2026-09-18 12:52:35,710 | INFO | [t=10] VLA chunk prompt=Open all drawers in order, remember the empty drawer, then put butter into that empty drawer.
2026-09-18 12:52:35,996 | INFO | [t=20] VLA chunk prompt=Open all drawers in order, remember the empty drawer, then put butter into that empty drawer.
2026-09-18 12:52:36,278 | INFO | [t=30] VLA chunk prompt=Open all drawers in order, remember the empty drawer, then put butter into that empty drawer.
2026-09-18 12:52:36,559 | INFO | [t=40] VLA chunk prompt=Open all drawers in order, remember the empty drawer, then put butter into that empty drawer.
2026-09-18 12:52:36,838 | INFO | [t=50] VLA chunk prompt=Open all drawers in order, remember the empty drawer, then put butter into that empty drawer.
2026-09-18 12:52:37,119 | INFO | [t=60] VLA chunk prompt=Open all drawers in order, remember the empty drawer, then put butter into that empty drawer.
2026-09-18 12:52:37,404 | INFO | [t=70] VLA chunk prompt=Open all drawers in order, remember the empty drawer, then put butter into that empty drawer.
2026-09-18 12:52:37,651 | INFO | [t=80] harness subtask override: open top drawer
2026-09-18 12:52:37,651 | INFO | [t=80] VLM prompt update from step=-1: open top drawer
2026-09-18 12:52:37,651 | INFO | [t=80] harness forced VLM replan after stall (pmh visual retrieve armed)
2026-09-18 12:52:37,701 | INFO | [t=80] VLA chunk prompt=open top drawer
2026-09-18 12:52:37,991 | INFO | [t=90] VLA chunk prompt=open top drawer
2026-09-18 12:52:38,275 | INFO | [t=100] VLA chunk prompt=open top drawer
2026-09-18 12:52:38,554 | INFO | [t=110] VLA chunk prompt=open top drawer
2026-09-18 12:52:38,869 | INFO | [t=120] VLA chunk prompt=open top drawer
2026-09-18 12:52:39,190 | INFO | [t=130] VLA chunk prompt=open top drawer
2026-09-18 12:52:39,515 | INFO | [t=140] VLA chunk prompt=open top drawer
2026-09-18 12:52:39,845 | INFO | [t=150] VLA chunk prompt=open top drawer
2026-09-18 12:52:40,179 | INFO | [t=160] VLA chunk prompt=open top drawer
2026-09-18 12:52:40,518 | INFO | [t=170] VLA chunk prompt=open top drawer
2026-09-18 12:52:40,865 | INFO | [t=180] VLA chunk prompt=open top drawer
2026-09-18 12:52:41,215 | INFO | [t=190] VLA chunk prompt=open top drawer
2026-09-18 12:52:41,573 | INFO | [t=200] VLA chunk prompt=open top drawer
2026-09-18 12:52:41,933 | INFO | [t=210] VLA chunk prompt=open top drawer
2026-09-18 12:52:42,302 | INFO | [t=220] VLA chunk prompt=open top drawer
2026-09-18 12:52:42,669 | INFO | [t=230] VLA chunk prompt=open top drawer
2026-09-18 12:52:43,036 | INFO | [t=240] VLA chunk prompt=open top drawer
2026-09-18 12:52:43,399 | INFO | [t=250] VLA chunk prompt=open top drawer
2026-09-18 12:52:43,761 | INFO | [t=260] VLA chunk prompt=open top drawer
2026-09-18 12:52:44,121 | INFO | [t=270] VLA chunk prompt=open top drawer
2026-09-18 12:52:44,482 | INFO | [t=280] VLA chunk prompt=open top drawer
2026-09-18 12:52:44,845 | INFO | [t=290] VLA chunk prompt=open top drawer
2026-09-18 12:52:45,171 | INFO | API VLM @t=0 task=5 subtask=open top drawer keyframes=[]
2026-09-18 12:52:45,217 | INFO | [t=300] VLA chunk prompt=open top drawer
2026-09-18 12:52:45,591 | INFO | [t=310] VLA chunk prompt=open top drawer
2026-09-18 12:52:45,970 | INFO | [t=320] VLA chunk prompt=open top drawer
2026-09-18 12:52:46,352 | INFO | [t=330] VLA chunk prompt=open top drawer
2026-09-18 12:52:46,736 | INFO | [t=340] VLA chunk prompt=open top drawer
2026-09-18 12:52:47,136 | INFO | [t=350] VLA chunk prompt=open top drawer
2026-09-18 12:52:47,539 | INFO | [t=360] VLA chunk prompt=open top drawer
2026-09-18 12:52:47,935 | INFO | [t=370] VLA chunk prompt=open top drawer
2026-09-18 12:52:48,329 | INFO | [t=380] VLA chunk prompt=open top drawer
2026-09-18 12:52:48,713 | INFO | [t=390] VLA chunk prompt=open top drawer
2026-09-18 12:52:49,098 | INFO | [t=400] VLA chunk prompt=open top drawer
2026-09-18 12:52:49,485 | INFO | [t=410] VLA chunk prompt=open top drawer
2026-09-18 12:52:49,867 | INFO | [t=420] VLA chunk prompt=open top drawer
2026-09-18 12:52:50,258 | INFO | [t=430] VLA chunk prompt=open top drawer
2026-09-18 12:52:50,648 | INFO | [t=440] VLA chunk prompt=open top drawer
2026-09-18 12:52:51,041 | INFO | [t=450] VLA chunk prompt=open top drawer
2026-09-18 12:52:51,435 | INFO | [t=460] VLA chunk prompt=open top drawer
2026-09-18 12:52:51,830 | INFO | [t=470] VLA chunk prompt=open top drawer
2026-09-18 12:52:52,219 | INFO | [t=480] VLA chunk prompt=open top drawer
2026-09-18 12:52:52,606 | INFO | [t=490] VLA chunk prompt=open top drawer
2026-09-18 12:52:52,992 | INFO | [t=500] VLA chunk prompt=open top drawer
2026-09-18 12:52:53,383 | INFO | [t=510] VLA chunk prompt=open top drawer
2026-09-18 12:52:53,782 | INFO | [t=520] VLA chunk prompt=open top drawer
2026-09-18 12:52:54,177 | INFO | [t=530] VLA chunk prompt=open top drawer
2026-09-18 12:52:54,575 | INFO | [t=540] VLA chunk prompt=open top drawer
2026-09-18 12:52:54,969 | INFO | [t=550] VLA chunk prompt=open top drawer
2026-09-18 12:52:55,358 | INFO | [t=560] VLA chunk prompt=open top drawer
2026-09-18 12:52:55,745 | INFO | [t=570] VLA chunk prompt=open top drawer
2026-09-18 12:52:56,131 | INFO | [t=580] VLA chunk prompt=open top drawer
2026-09-18 12:52:56,517 | INFO | [t=590] VLA chunk prompt=open top drawer
2026-09-18 12:52:56,907 | INFO | [t=600] VLA chunk prompt=open top drawer
2026-09-18 12:52:57,294 | INFO | [t=610] VLA chunk prompt=open top drawer
2026-09-18 12:52:57,680 | INFO | [t=620] VLA chunk prompt=open top drawer
2026-09-18 12:52:58,063 | INFO | [t=630] VLA chunk prompt=open top drawer
2026-09-18 12:52:58,445 | INFO | [t=640] VLA chunk prompt=open top drawer
2026-09-18 12:52:58,828 | INFO | [t=650] VLA chunk prompt=open top drawer
2026-09-18 12:52:59,210 | INFO | [t=660] VLA chunk prompt=open top drawer
2026-09-18 12:52:59,594 | INFO | [t=670] VLA chunk prompt=open top drawer
2026-09-18 12:52:59,983 | INFO | [t=680] VLA chunk prompt=open top drawer
2026-09-18 12:53:00,374 | INFO | [t=690] VLA chunk prompt=open top drawer
2026-09-18 12:53:00,766 | INFO | [t=700] VLA chunk prompt=open top drawer
2026-09-18 12:53:01,151 | INFO | [t=710] VLA chunk prompt=open top drawer
2026-09-18 12:53:01,182 | INFO | API VLM @t=290 task=5 subtask=open the top drawer keyframes=[]
2026-09-18 12:53:01,491 | INFO | [t=720] VLM prompt update from step=290: open the top drawer
2026-09-18 12:53:01,542 | INFO | [t=720] VLA chunk prompt=open the top drawer
2026-09-18 12:53:01,927 | INFO | [t=730] VLA chunk prompt=open the top drawer
2026-09-18 12:53:02,315 | INFO | [t=740] VLA chunk prompt=open the top drawer
2026-09-18 12:53:02,701 | INFO | [t=750] VLA chunk prompt=open the top drawer
2026-09-18 12:53:03,091 | INFO | [t=760] VLA chunk prompt=open the top drawer
2026-09-18 12:53:03,477 | INFO | [t=770] VLA chunk prompt=open the top drawer
2026-09-18 12:53:03,864 | INFO | [t=780] VLA chunk prompt=open the top drawer
2026-09-18 12:53:04,249 | INFO | [t=790] VLA chunk prompt=open the top drawer
2026-09-18 12:53:04,635 | INFO | [t=800] VLA chunk prompt=open the top drawer
2026-09-18 12:53:05,023 | INFO | [t=810] VLA chunk prompt=open the top drawer
2026-09-18 12:53:05,409 | INFO | [t=820] VLA chunk prompt=open the top drawer
2026-09-18 12:53:05,794 | INFO | [t=830] VLA chunk prompt=open the top drawer
2026-09-18 12:53:06,181 | INFO | [t=840] VLA chunk prompt=open the top drawer
2026-09-18 12:53:06,569 | INFO | [t=850] VLA chunk prompt=open the top drawer
2026-09-18 12:53:06,955 | INFO | [t=860] VLA chunk prompt=open the top drawer
2026-09-18 12:53:07,345 | INFO | [t=870] VLA chunk prompt=open the top drawer
2026-09-18 12:53:07,735 | INFO | [t=880] VLA chunk prompt=open the top drawer
2026-09-18 12:53:08,125 | INFO | [t=890] VLA chunk prompt=open the top drawer
2026-09-18 12:53:08,509 | INFO | [t=900] VLA chunk prompt=open the top drawer
2026-09-18 12:53:08,890 | INFO | [t=910] VLA chunk prompt=open the top drawer
2026-09-18 12:53:09,273 | INFO | [t=920] VLA chunk prompt=open the top drawer
2026-09-18 12:53:09,647 | INFO | [t=930] VLA chunk prompt=open the top drawer
2026-09-18 12:53:10,020 | INFO | [t=940] VLA chunk prompt=open the top drawer
2026-09-18 12:53:10,390 | INFO | [t=950] VLA chunk prompt=open the top drawer
2026-09-18 12:53:10,760 | INFO | [t=960] VLA chunk prompt=open the top drawer
2026-09-18 12:53:11,130 | INFO | [t=970] VLA chunk prompt=open the top drawer
2026-09-18 12:53:11,497 | INFO | [t=980] VLA chunk prompt=open the top drawer
2026-09-18 12:53:11,864 | INFO | [t=990] VLA chunk prompt=open the top drawer
2026-09-18 12:53:12,237 | INFO | [t=1000] VLA chunk prompt=open the top drawer
2026-09-18 12:53:12,605 | INFO | [t=1010] VLA chunk prompt=open the top drawer
2026-09-18 12:53:12,978 | INFO | [t=1020] VLA chunk prompt=open the top drawer
2026-09-18 12:53:13,356 | INFO | [t=1030] VLA chunk prompt=open the top drawer
2026-09-18 12:53:13,733 | INFO | [t=1040] VLA chunk prompt=open the top drawer
2026-09-18 12:53:14,114 | INFO | [t=1050] VLA chunk prompt=open the top drawer
2026-09-18 12:53:14,500 | INFO | [t=1060] VLA chunk prompt=open the top drawer
2026-09-18 12:53:14,888 | INFO | [t=1070] VLA chunk prompt=open the top drawer
2026-09-18 12:53:15,274 | INFO | [t=1080] VLA chunk prompt=open the top drawer
2026-09-18 12:53:15,661 | INFO | [t=1090] VLA chunk prompt=open the top drawer
2026-09-18 12:53:16,048 | INFO | [t=1100] VLA chunk prompt=open the top drawer
2026-09-18 12:53:16,437 | INFO | [t=1110] VLA chunk prompt=open the top drawer
2026-09-18 12:53:16,829 | INFO | [t=1120] VLA chunk prompt=open the top drawer
2026-09-18 12:53:17,217 | INFO | [t=1130] VLA chunk prompt=open the top drawer
2026-09-18 12:53:17,604 | INFO | [t=1140] VLA chunk prompt=open the top drawer
2026-09-18 12:53:17,991 | INFO | [t=1150] VLA chunk prompt=open the top drawer
2026-09-18 12:53:18,382 | INFO | [t=1160] VLA chunk prompt=open the top drawer
2026-09-18 12:53:18,769 | INFO | [t=1170] VLA chunk prompt=open the top drawer
2026-09-18 12:53:19,159 | INFO | [t=1180] VLA chunk prompt=open the top drawer
2026-09-18 12:53:19,546 | INFO | [t=1190] VLA chunk prompt=open the top drawer
2026-09-18 12:53:19,925 | INFO | [t=1200] VLA chunk prompt=open the top drawer
2026-09-18 12:53:20,300 | INFO | [t=1210] VLA chunk prompt=open the top drawer
2026-09-18 12:53:20,670 | INFO | [t=1220] VLA chunk prompt=open the top drawer
2026-09-18 12:53:21,042 | INFO | [t=1230] VLA chunk prompt=open the top drawer
2026-09-18 12:53:21,411 | INFO | [t=1240] VLA chunk prompt=open the top drawer
2026-09-18 12:53:21,780 | INFO | [t=1250] VLA chunk prompt=open the top drawer
2026-09-18 12:53:22,153 | INFO | [t=1260] VLA chunk prompt=open the top drawer
2026-09-18 12:53:22,531 | INFO | [t=1270] VLA chunk prompt=open the top drawer
2026-09-18 12:53:22,905 | INFO | [t=1280] VLA chunk prompt=open the top drawer
2026-09-18 12:53:23,277 | INFO | [t=1290] VLA chunk prompt=open the top drawer
2026-09-18 12:53:23,648 | INFO | [t=1300] VLA chunk prompt=open the top drawer
2026-09-18 12:53:23,970 | INFO | API VLM @t=700 task=5 subtask=open top drawer keyframes=[]
2026-09-18 12:53:23,972 | INFO | [t=1310] VLM prompt update from step=700: open top drawer
2026-09-18 12:53:24,025 | INFO | [t=1310] VLA chunk prompt=open top drawer
2026-09-18 12:53:24,410 | INFO | [t=1320] VLA chunk prompt=open top drawer
2026-09-18 12:53:24,800 | INFO | [t=1330] VLA chunk prompt=open top drawer
2026-09-18 12:53:25,195 | INFO | [t=1340] VLA chunk prompt=open top drawer
2026-09-18 12:53:25,599 | INFO | [t=1350] VLA chunk prompt=open top drawer
2026-09-18 12:53:26,004 | INFO | [t=1360] VLA chunk prompt=open top drawer
2026-09-18 12:53:26,417 | INFO | [t=1370] VLA chunk prompt=open top drawer
2026-09-18 12:53:26,827 | INFO | [t=1380] VLA chunk prompt=open top drawer
2026-09-18 12:53:27,218 | INFO | [t=1390] VLA chunk prompt=open top drawer
2026-09-18 12:53:27,619 | INFO | [t=1400] VLA chunk prompt=open top drawer
2026-09-18 12:53:28,010 | INFO | [t=1410] VLA chunk prompt=open top drawer
2026-09-18 12:53:28,409 | INFO | [t=1420] VLA chunk prompt=open top drawer
2026-09-18 12:53:28,792 | INFO | [t=1430] VLA chunk prompt=open top drawer
2026-09-18 12:53:29,177 | INFO | [t=1440] VLA chunk prompt=open top drawer
2026-09-18 12:53:29,560 | INFO | [t=1450] VLA chunk prompt=open top drawer
2026-09-18 12:53:29,941 | INFO | [t=1460] VLA chunk prompt=open top drawer
2026-09-18 12:53:30,328 | INFO | [t=1470] VLA chunk prompt=open top drawer
2026-09-18 12:53:30,707 | INFO | [t=1480] VLA chunk prompt=open top drawer
2026-09-18 12:53:31,081 | INFO | [t=1490] VLA chunk prompt=open top drawer
2026-09-18 12:53:31,454 | INFO | [t=1500] VLA chunk prompt=open top drawer
2026-09-18 12:53:31,832 | INFO | [t=1510] VLA chunk prompt=open top drawer
2026-09-18 12:53:32,208 | INFO | [t=1520] VLA chunk prompt=open top drawer
2026-09-18 12:53:32,585 | INFO | [t=1530] VLA chunk prompt=open top drawer
2026-09-18 12:53:32,960 | INFO | [t=1540] VLA chunk prompt=open top drawer
2026-09-18 12:53:33,334 | INFO | [t=1550] VLA chunk prompt=open top drawer
2026-09-18 12:53:33,706 | INFO | [t=1560] VLA chunk prompt=open top drawer
2026-09-18 12:53:34,079 | INFO | [t=1570] VLA chunk prompt=open top drawer
2026-09-18 12:53:34,451 | INFO | [t=1580] VLA chunk prompt=open top drawer
2026-09-18 12:53:34,823 | INFO | [t=1590] VLA chunk prompt=open top drawer
2026-09-18 12:53:35,201 | INFO | [t=1600] VLA chunk prompt=open top drawer
2026-09-18 12:53:35,583 | INFO | [t=1610] VLA chunk prompt=open top drawer
2026-09-18 12:53:35,972 | INFO | [t=1620] VLA chunk prompt=open top drawer
2026-09-18 12:53:36,352 | INFO | [t=1630] VLA chunk prompt=open top drawer
2026-09-18 12:53:36,727 | INFO | [t=1640] VLA chunk prompt=open top drawer
2026-09-18 12:53:37,100 | INFO | [t=1650] VLA chunk prompt=open top drawer
2026-09-18 12:53:37,467 | INFO | [t=1660] VLA chunk prompt=open top drawer
2026-09-18 12:53:37,834 | INFO | [t=1670] VLA chunk prompt=open top drawer
2026-09-18 12:53:38,197 | INFO | [t=1680] VLA chunk prompt=open top drawer
2026-09-18 12:53:38,559 | INFO | [t=1690] VLA chunk prompt=open top drawer
2026-09-18 12:53:38,921 | INFO | [t=1700] VLA chunk prompt=open top drawer
2026-09-18 12:53:39,281 | INFO | [t=1710] VLA chunk prompt=open top drawer
2026-09-18 12:53:39,639 | INFO | [t=1720] VLA chunk prompt=open top drawer
2026-09-18 12:53:39,998 | INFO | [t=1730] VLA chunk prompt=open top drawer
2026-09-18 12:53:40,355 | INFO | [t=1740] VLA chunk prompt=open top drawer
2026-09-18 12:53:40,715 | INFO | [t=1750] VLA chunk prompt=open top drawer
2026-09-18 12:53:41,083 | INFO | [t=1760] VLA chunk prompt=open top drawer
2026-09-18 12:53:41,454 | INFO | [t=1770] VLA chunk prompt=open top drawer
2026-09-18 12:53:41,825 | INFO | [t=1780] VLA chunk prompt=open top drawer
2026-09-18 12:53:42,198 | INFO | [t=1790] VLA chunk prompt=open top drawer
2026-09-18 12:53:42,572 | INFO | [t=1800] VLA chunk prompt=open top drawer
2026-09-18 12:53:42,949 | INFO | [t=1810] VLA chunk prompt=open top drawer
2026-09-18 12:53:43,325 | INFO | [t=1820] VLA chunk prompt=open top drawer
2026-09-18 12:53:43,695 | INFO | [t=1830] VLA chunk prompt=open top drawer
2026-09-18 12:53:44,061 | INFO | [t=1840] VLA chunk prompt=open top drawer
2026-09-18 12:53:44,423 | INFO | [t=1850] VLA chunk prompt=open top drawer
2026-09-18 12:53:44,789 | INFO | [t=1860] VLA chunk prompt=open top drawer
2026-09-18 12:53:45,153 | INFO | [t=1870] VLA chunk prompt=open top drawer
2026-09-18 12:53:45,514 | INFO | [t=1880] VLA chunk prompt=open top drawer
2026-09-18 12:53:45,885 | INFO | [t=1890] VLA chunk prompt=open top drawer
2026-09-18 12:53:46,269 | INFO | [t=1900] VLA chunk prompt=open top drawer
2026-09-18 12:53:46,650 | INFO | [t=1910] VLA chunk prompt=open top drawer
2026-09-18 12:53:47,025 | INFO | [t=1920] VLA chunk prompt=open top drawer
2026-09-18 12:53:47,396 | INFO | [t=1930] VLA chunk prompt=open top drawer
2026-09-18 12:53:47,770 | INFO | [t=1940] VLA chunk prompt=open top drawer
2026-09-18 12:53:48,152 | INFO | [t=1950] VLA chunk prompt=open top drawer
2026-09-18 12:53:48,538 | INFO | [t=1960] VLA chunk prompt=open top drawer
2026-09-18 12:53:48,927 | INFO | [t=1970] VLA chunk prompt=open top drawer
2026-09-18 12:53:49,309 | INFO | [t=1980] VLA chunk prompt=open top drawer
2026-09-18 12:53:49,692 | INFO | [t=1990] VLA chunk prompt=open top drawer
2026-09-18 12:53:50,076 | INFO | [t=2000] VLA chunk prompt=open top drawer
2026-09-18 12:53:50,457 | INFO | [t=2010] VLA chunk prompt=open top drawer
2026-09-18 12:53:50,847 | INFO | [t=2020] VLA chunk prompt=open top drawer
2026-09-18 12:53:51,244 | INFO | [t=2030] VLA chunk prompt=open top drawer
2026-09-18 12:53:51,644 | INFO | [t=2040] VLA chunk prompt=open top drawer
2026-09-18 12:53:52,044 | INFO | [t=2050] VLA chunk prompt=open top drawer
2026-09-18 12:53:52,451 | INFO | [t=2060] VLA chunk prompt=open top drawer
2026-09-18 12:53:52,851 | INFO | [t=2070] VLA chunk prompt=open top drawer
2026-09-18 12:53:53,250 | INFO | [t=2080] VLA chunk prompt=open top drawer
2026-09-18 12:53:53,642 | INFO | [t=2090] VLA chunk prompt=open top drawer
2026-09-18 12:53:54,032 | INFO | [t=2100] VLA chunk prompt=open top drawer
2026-09-18 12:53:54,427 | INFO | [t=2110] VLA chunk prompt=open top drawer
2026-09-18 12:53:54,828 | INFO | [t=2120] VLA chunk prompt=open top drawer
2026-09-18 12:53:55,228 | INFO | [t=2130] VLA chunk prompt=open top drawer
2026-09-18 12:53:55,592 | INFO | API VLM @t=1295 task=5 subtask=open the bottom drawer keyframes=[1]
2026-09-18 12:53:55,630 | INFO | [t=2140] VLA chunk prompt=open top drawer
2026-09-18 12:53:55,984 | INFO | [t=2150] VLM prompt update from step=1295: open the bottom drawer
2026-09-18 12:53:56,036 | INFO | [t=2150] VLA chunk prompt=open the bottom drawer
2026-09-18 12:53:56,442 | INFO | [t=2160] VLA chunk prompt=open the bottom drawer
2026-09-18 12:53:56,848 | INFO | [t=2170] VLA chunk prompt=open the bottom drawer
2026-09-18 12:53:57,257 | INFO | [t=2180] VLA chunk prompt=open the bottom drawer
2026-09-18 12:53:57,654 | INFO | [t=2190] VLA chunk prompt=open the bottom drawer
2026-09-18 12:53:58,047 | INFO | [t=2200] VLA chunk prompt=open the bottom drawer
2026-09-18 12:53:58,444 | INFO | [t=2210] VLA chunk prompt=open the bottom drawer
2026-09-18 12:53:58,840 | INFO | [t=2220] VLA chunk prompt=open the bottom drawer
2026-09-18 12:53:59,233 | INFO | [t=2230] VLA chunk prompt=open the bottom drawer
2026-09-18 12:53:59,627 | INFO | [t=2240] VLA chunk prompt=open the bottom drawer
2026-09-18 12:54:00,020 | INFO | [t=2250] VLA chunk prompt=open the bottom drawer
2026-09-18 12:54:00,440 | INFO | [t=2260] VLA chunk prompt=open the bottom drawer
2026-09-18 12:54:00,839 | INFO | [t=2270] VLA chunk prompt=open the bottom drawer
2026-09-18 12:54:01,231 | INFO | [t=2280] VLA chunk prompt=open the bottom drawer
2026-09-18 12:54:01,627 | INFO | [t=2290] VLA chunk prompt=open the bottom drawer
2026-09-18 12:54:02,017 | INFO | [t=2300] VLA chunk prompt=open the bottom drawer
2026-09-18 12:54:02,406 | INFO | [t=2310] VLA chunk prompt=open the bottom drawer
2026-09-18 12:54:02,795 | INFO | [t=2320] VLA chunk prompt=open the bottom drawer
2026-09-18 12:54:03,185 | INFO | [t=2330] VLA chunk prompt=open the bottom drawer
2026-09-18 12:54:03,578 | INFO | [t=2340] VLA chunk prompt=open the bottom drawer
2026-09-18 12:54:03,980 | INFO | [t=2350] VLA chunk prompt=open the bottom drawer
2026-09-18 12:54:04,386 | INFO | [t=2360] VLA chunk prompt=open the bottom drawer
2026-09-18 12:54:04,794 | INFO | [t=2370] VLA chunk prompt=open the bottom drawer
2026-09-18 12:54:05,201 | INFO | [t=2380] VLA chunk prompt=open the bottom drawer
2026-09-18 12:54:05,612 | INFO | [t=2390] VLA chunk prompt=open the bottom drawer
2026-09-18 12:54:06,021 | INFO | [t=2400] VLA chunk prompt=open the bottom drawer
2026-09-18 12:54:06,419 | INFO | [t=2410] VLA chunk prompt=open the bottom drawer
2026-09-18 12:54:06,811 | INFO | [t=2420] VLA chunk prompt=open the bottom drawer
2026-09-18 12:54:07,203 | INFO | [t=2430] VLA chunk prompt=open the bottom drawer
2026-09-18 12:54:07,596 | INFO | [t=2440] VLA chunk prompt=open the bottom drawer
2026-09-18 12:54:07,990 | INFO | [t=2450] VLA chunk prompt=open the bottom drawer
2026-09-18 12:54:08,389 | INFO | [t=2460] VLA chunk prompt=open the bottom drawer
2026-09-18 12:54:08,798 | INFO | [t=2470] VLA chunk prompt=open the bottom drawer
2026-09-18 12:54:09,208 | INFO | [t=2480] VLA chunk prompt=open the bottom drawer
2026-09-18 12:54:09,617 | INFO | [t=2490] VLA chunk prompt=open the bottom drawer
2026-09-18 12:54:10,023 | INFO | [t=2500] VLA chunk prompt=open the bottom drawer
2026-09-18 12:54:13,391 | INFO | attempt=0 stage_score=0.0 stage_success=False failure_reason=incomplete_stage
2026-09-18 12:54:15,355 | INFO | harness release_gripper after env.reset (attempt=1)
2026-09-18 12:54:15,356 | INFO | async VLM enabled: single-slot subtask buffer
2026-09-18 12:54:15,619 | INFO | [t=10] VLA chunk prompt=Open all drawers in order, remember the empty drawer, then put butter into that empty drawer.
2026-09-18 12:54:15,905 | INFO | [t=20] VLA chunk prompt=Open all drawers in order, remember the empty drawer, then put butter into that empty drawer.
2026-09-18 12:54:16,191 | INFO | [t=30] VLA chunk prompt=Open all drawers in order, remember the empty drawer, then put butter into that empty drawer.
2026-09-18 12:54:16,478 | INFO | [t=40] VLA chunk prompt=Open all drawers in order, remember the empty drawer, then put butter into that empty drawer.
2026-09-18 12:54:16,770 | INFO | [t=50] VLA chunk prompt=Open all drawers in order, remember the empty drawer, then put butter into that empty drawer.
2026-09-18 12:54:17,057 | INFO | [t=60] VLA chunk prompt=Open all drawers in order, remember the empty drawer, then put butter into that empty drawer.
2026-09-18 12:54:17,341 | INFO | [t=70] VLA chunk prompt=Open all drawers in order, remember the empty drawer, then put butter into that empty drawer.
2026-09-18 12:54:17,574 | INFO | [t=80] harness subtask override: open top drawer
2026-09-18 12:54:17,574 | INFO | [t=80] VLM prompt update from step=-1: open top drawer
2026-09-18 12:54:17,575 | INFO | [t=80] harness forced VLM replan after stall (pmh visual retrieve armed)
2026-09-18 12:54:17,626 | INFO | [t=80] VLA chunk prompt=open top drawer
2026-09-18 12:54:17,912 | INFO | [t=90] VLA chunk prompt=open top drawer
2026-09-18 12:54:18,197 | INFO | [t=100] VLA chunk prompt=open top drawer
2026-09-18 12:54:18,483 | INFO | [t=110] VLA chunk prompt=open top drawer
2026-09-18 12:54:18,784 | INFO | [t=120] VLA chunk prompt=open top drawer
2026-09-18 12:54:19,021 | INFO | API VLM @t=2130 task=5 subtask=open the bottom drawer keyframes=[]
2026-09-18 12:54:19,105 | INFO | [t=130] VLA chunk prompt=open top drawer
2026-09-18 12:54:19,433 | INFO | [t=140] VLA chunk prompt=open top drawer
2026-09-18 12:54:19,772 | INFO | [t=150] VLA chunk prompt=open top drawer
2026-09-18 12:54:20,147 | INFO | [t=160] VLA chunk prompt=open top drawer
2026-09-18 12:54:20,491 | INFO | [t=170] VLA chunk prompt=open top drawer
2026-09-18 12:54:20,842 | INFO | [t=180] VLA chunk prompt=open top drawer
2026-09-18 12:54:21,196 | INFO | [t=190] VLA chunk prompt=open top drawer
2026-09-18 12:54:21,580 | INFO | [t=200] VLA chunk prompt=open top drawer
2026-09-18 12:54:21,943 | INFO | [t=210] VLA chunk prompt=open top drawer
2026-09-18 12:54:22,308 | INFO | [t=220] VLA chunk prompt=open top drawer
2026-09-18 12:54:22,676 | INFO | [t=230] VLA chunk prompt=open top drawer
2026-09-18 12:54:23,048 | INFO | [t=240] VLA chunk prompt=open top drawer
2026-09-18 12:54:23,423 | INFO | [t=250] VLA chunk prompt=open top drawer
2026-09-18 12:54:23,803 | INFO | [t=260] VLA chunk prompt=open top drawer
2026-09-18 12:54:24,189 | INFO | [t=270] VLA chunk prompt=open top drawer
2026-09-18 12:54:24,581 | INFO | [t=280] VLA chunk prompt=open top drawer
2026-09-18 12:54:24,976 | INFO | [t=290] VLA chunk prompt=open top drawer
2026-09-18 12:54:25,242 | INFO | API VLM @t=0 task=5 subtask=open the top drawer keyframes=[]
2026-09-18 12:54:25,326 | INFO | [t=300] VLM prompt update from step=0: open the top drawer
2026-09-18 12:54:25,378 | INFO | [t=300] VLA chunk prompt=open the top drawer
2026-09-18 12:54:25,777 | INFO | [t=310] VLA chunk prompt=open the top drawer
2026-09-18 12:54:26,188 | INFO | [t=320] VLA chunk prompt=open the top drawer
2026-09-18 12:54:26,599 | INFO | [t=330] VLA chunk prompt=open the top drawer
2026-09-18 12:54:27,005 | INFO | [t=340] VLA chunk prompt=open the top drawer
2026-09-18 12:54:27,418 | INFO | [t=350] VLA chunk prompt=open the top drawer
2026-09-18 12:54:27,828 | INFO | [t=360] VLA chunk prompt=open the top drawer
2026-09-18 12:54:28,222 | INFO | [t=370] VLA chunk prompt=open the top drawer
2026-09-18 12:54:28,617 | INFO | [t=380] VLA chunk prompt=open the top drawer
2026-09-18 12:54:29,013 | INFO | [t=390] VLA chunk prompt=open the top drawer
2026-09-18 12:54:29,411 | INFO | [t=400] VLA chunk prompt=open the top drawer
2026-09-18 12:54:29,813 | INFO | [t=410] VLA chunk prompt=open the top drawer
2026-09-18 12:54:30,218 | INFO | [t=420] VLA chunk prompt=open the top drawer
2026-09-18 12:54:30,647 | INFO | [t=430] VLA chunk prompt=open the top drawer
2026-09-18 12:54:31,091 | INFO | [t=440] VLA chunk prompt=open the top drawer
2026-09-18 12:54:31,519 | INFO | [t=450] VLA chunk prompt=open the top drawer
2026-09-18 12:54:31,931 | INFO | [t=460] VLA chunk prompt=open the top drawer
2026-09-18 12:54:32,325 | INFO | [t=470] VLA chunk prompt=open the top drawer
2026-09-18 12:54:32,723 | INFO | [t=480] VLA chunk prompt=open the top drawer
2026-09-18 12:54:32,970 | INFO | [t=487] stage done: 01_Open_Top_Drawer
2026-09-18 12:54:33,125 | INFO | [t=490] VLA chunk prompt=open the top drawer
2026-09-18 12:54:33,511 | INFO | [t=500] VLA chunk prompt=open the top drawer
2026-09-18 12:54:33,900 | INFO | [t=510] VLA chunk prompt=open the top drawer
2026-09-18 12:54:34,279 | INFO | [t=520] VLA chunk prompt=open the top drawer
2026-09-18 12:54:34,658 | INFO | [t=530] VLA chunk prompt=open the top drawer
2026-09-18 12:54:35,035 | INFO | [t=540] VLA chunk prompt=open the top drawer
2026-09-18 12:54:35,411 | INFO | [t=550] VLA chunk prompt=open the top drawer
2026-09-18 12:54:35,784 | INFO | [t=560] VLA chunk prompt=open the top drawer
2026-09-18 12:54:36,107 | INFO | [t=570] harness subtask override: close top drawer
2026-09-18 12:54:36,107 | INFO | [t=570] VLM prompt update from step=0: close top drawer
2026-09-18 12:54:36,107 | INFO | [t=570] harness forced VLM replan after stall (pmh visual retrieve armed)
2026-09-18 12:54:36,160 | INFO | [t=570] VLA chunk prompt=close top drawer
2026-09-18 12:54:36,531 | INFO | [t=580] VLA chunk prompt=close top drawer
2026-09-18 12:54:36,900 | INFO | [t=590] VLA chunk prompt=close top drawer
2026-09-18 12:54:37,287 | INFO | [t=600] VLA chunk prompt=close top drawer
2026-09-18 12:54:37,668 | INFO | [t=610] VLA chunk prompt=close top drawer
2026-09-18 12:54:38,045 | INFO | [t=620] VLA chunk prompt=close top drawer
2026-09-18 12:54:38,426 | INFO | [t=630] VLA chunk prompt=close top drawer
2026-09-18 12:54:38,814 | INFO | [t=640] VLA chunk prompt=close top drawer
2026-09-18 12:54:39,051 | INFO | [t=647] stage done: 02_Close_Top_Drawer
2026-09-18 12:54:39,205 | INFO | [t=650] VLA chunk prompt=close top drawer
2026-09-18 12:54:39,600 | INFO | [t=660] VLA chunk prompt=close top drawer
2026-09-18 12:54:39,995 | INFO | [t=670] VLA chunk prompt=close top drawer
2026-09-18 12:54:40,406 | INFO | [t=680] VLA chunk prompt=close top drawer
2026-09-18 12:54:40,825 | INFO | [t=690] VLA chunk prompt=close top drawer
2026-09-18 12:54:41,229 | INFO | [t=700] VLA chunk prompt=close top drawer
2026-09-18 12:54:41,625 | INFO | [t=710] VLA chunk prompt=close top drawer
2026-09-18 12:54:42,014 | INFO | [t=720] VLA chunk prompt=close top drawer
2026-09-18 12:54:42,354 | INFO | [t=730] harness subtask override: open middle drawer
2026-09-18 12:54:42,354 | INFO | [t=730] VLM prompt update from step=0: open middle drawer
2026-09-18 12:54:42,355 | INFO | [t=730] harness forced VLM replan after stall (pmh visual retrieve armed)
2026-09-18 12:54:42,405 | INFO | [t=730] VLA chunk prompt=open middle drawer
2026-09-18 12:54:42,807 | INFO | [t=740] VLA chunk prompt=open middle drawer
2026-09-18 12:54:43,211 | INFO | [t=750] VLA chunk prompt=open middle drawer
2026-09-18 12:54:43,623 | INFO | [t=760] VLA chunk prompt=open middle drawer
2026-09-18 12:54:44,029 | INFO | [t=770] VLA chunk prompt=open middle drawer
2026-09-18 12:54:44,429 | INFO | [t=780] VLA chunk prompt=open middle drawer
2026-09-18 12:54:44,829 | INFO | [t=790] VLA chunk prompt=open middle drawer
2026-09-18 12:54:45,228 | INFO | [t=800] VLA chunk prompt=open middle drawer
2026-09-18 12:54:45,625 | INFO | [t=810] VLA chunk prompt=open middle drawer
2026-09-18 12:54:46,017 | INFO | [t=820] VLA chunk prompt=open middle drawer
2026-09-18 12:54:46,407 | INFO | [t=830] VLA chunk prompt=open middle drawer
2026-09-18 12:54:46,809 | INFO | [t=840] VLA chunk prompt=open middle drawer
2026-09-18 12:54:47,211 | INFO | [t=850] VLA chunk prompt=open middle drawer
2026-09-18 12:54:47,614 | INFO | [t=860] VLA chunk prompt=open middle drawer
2026-09-18 12:54:48,024 | INFO | [t=870] VLA chunk prompt=open middle drawer
2026-09-18 12:54:48,417 | INFO | [t=880] VLA chunk prompt=open middle drawer
2026-09-18 12:54:48,822 | INFO | [t=890] VLA chunk prompt=open middle drawer
2026-09-18 12:54:49,225 | INFO | [t=900] VLA chunk prompt=open middle drawer
2026-09-18 12:54:49,621 | INFO | [t=910] VLA chunk prompt=open middle drawer
2026-09-18 12:54:50,025 | INFO | [t=920] VLA chunk prompt=open middle drawer
2026-09-18 12:54:50,421 | INFO | [t=930] VLA chunk prompt=open middle drawer
2026-09-18 12:54:50,817 | INFO | [t=940] VLA chunk prompt=open middle drawer
2026-09-18 12:54:51,212 | INFO | [t=950] VLA chunk prompt=open middle drawer
2026-09-18 12:54:51,607 | INFO | [t=960] VLA chunk prompt=open middle drawer
2026-09-18 12:54:52,009 | INFO | [t=970] VLA chunk prompt=open middle drawer
2026-09-18 12:54:52,421 | INFO | [t=980] VLA chunk prompt=open middle drawer
2026-09-18 12:54:52,828 | INFO | [t=990] VLA chunk prompt=open middle drawer
2026-09-18 12:54:53,226 | INFO | [t=1000] VLA chunk prompt=open middle drawer
2026-09-18 12:54:53,625 | INFO | [t=1010] VLA chunk prompt=open middle drawer
2026-09-18 12:54:54,024 | INFO | [t=1020] VLA chunk prompt=open middle drawer
2026-09-18 12:54:54,421 | INFO | [t=1030] VLA chunk prompt=open middle drawer
2026-09-18 12:54:54,819 | INFO | [t=1040] VLA chunk prompt=open middle drawer
2026-09-18 12:54:55,217 | INFO | [t=1050] VLA chunk prompt=open middle drawer
2026-09-18 12:54:55,616 | INFO | [t=1060] VLA chunk prompt=open middle drawer
2026-09-18 12:54:55,946 | INFO | API VLM @t=285 task=5 subtask=open top drawer keyframes=[1]
2026-09-18 12:54:55,965 | INFO | [t=1070] VLM prompt update from step=285: open top drawer
2026-09-18 12:54:56,016 | INFO | [t=1070] VLA chunk prompt=open top drawer
2026-09-18 12:54:56,420 | INFO | [t=1080] VLA chunk prompt=open top drawer
2026-09-18 12:54:56,819 | INFO | [t=1090] VLA chunk prompt=open top drawer
2026-09-18 12:54:57,218 | INFO | [t=1100] VLA chunk prompt=open top drawer
2026-09-18 12:54:57,614 | INFO | [t=1110] VLA chunk prompt=open top drawer
2026-09-18 12:54:58,003 | INFO | [t=1120] VLA chunk prompt=open top drawer
2026-09-18 12:54:58,392 | INFO | [t=1130] VLA chunk prompt=open top drawer
2026-09-18 12:54:58,796 | INFO | [t=1140] VLA chunk prompt=open top drawer
2026-09-18 12:54:59,206 | INFO | [t=1150] VLA chunk prompt=open top drawer
2026-09-18 12:54:59,619 | INFO | [t=1160] VLA chunk prompt=open top drawer
2026-09-18 12:55:00,028 | INFO | [t=1170] VLA chunk prompt=open top drawer
2026-09-18 12:55:00,425 | INFO | [t=1180] VLA chunk prompt=open top drawer
2026-09-18 12:55:00,832 | INFO | [t=1190] VLA chunk prompt=open top drawer
2026-09-18 12:55:01,263 | INFO | [t=1200] VLA chunk prompt=open top drawer
2026-09-18 12:55:01,693 | INFO | [t=1210] VLA chunk prompt=open top drawer
2026-09-18 12:55:02,105 | INFO | [t=1220] VLA chunk prompt=open top drawer
2026-09-18 12:55:02,512 | INFO | [t=1230] VLA chunk prompt=open top drawer
2026-09-18 12:55:02,919 | INFO | [t=1240] VLA chunk prompt=open top drawer
2026-09-18 12:55:03,329 | INFO | [t=1250] VLA chunk prompt=open top drawer
2026-09-18 12:55:03,738 | INFO | [t=1260] VLA chunk prompt=open top drawer
2026-09-18 12:55:04,133 | INFO | [t=1270] VLA chunk prompt=open top drawer
2026-09-18 12:55:04,525 | INFO | [t=1280] VLA chunk prompt=open top drawer
2026-09-18 12:55:04,917 | INFO | [t=1290] VLA chunk prompt=open top drawer
2026-09-18 12:55:05,324 | INFO | [t=1300] VLA chunk prompt=open top drawer
2026-09-18 12:55:05,729 | INFO | [t=1310] VLA chunk prompt=open top drawer
2026-09-18 12:55:06,130 | INFO | [t=1320] VLA chunk prompt=open top drawer
2026-09-18 12:55:06,528 | INFO | [t=1330] VLA chunk prompt=open top drawer
2026-09-18 12:55:06,942 | INFO | [t=1340] VLA chunk prompt=open top drawer
2026-09-18 12:55:07,342 | INFO | [t=1350] VLA chunk prompt=open top drawer
2026-09-18 12:55:07,751 | INFO | [t=1360] VLA chunk prompt=open top drawer
2026-09-18 12:55:08,181 | INFO | [t=1370] VLA chunk prompt=open top drawer
2026-09-18 12:55:08,593 | INFO | [t=1380] VLA chunk prompt=open top drawer
2026-09-18 12:55:08,998 | INFO | [t=1390] VLA chunk prompt=open top drawer
2026-09-18 12:55:09,399 | INFO | [t=1400] VLA chunk prompt=open top drawer
2026-09-18 12:55:09,804 | INFO | [t=1410] VLA chunk prompt=open top drawer
2026-09-18 12:55:10,223 | INFO | [t=1420] VLA chunk prompt=open top drawer
2026-09-18 12:55:10,642 | INFO | [t=1430] VLA chunk prompt=open top drawer
2026-09-18 12:55:11,057 | INFO | [t=1440] VLA chunk prompt=open top drawer
2026-09-18 12:55:11,470 | INFO | [t=1450] VLA chunk prompt=open top drawer
2026-09-18 12:55:11,674 | INFO | API VLM @t=1055 task=5 subtask=open the top drawer keyframes=[]
2026-09-18 12:55:11,842 | INFO | [t=1460] VLM prompt update from step=1055: open the top drawer
2026-09-18 12:55:11,895 | INFO | [t=1460] VLA chunk prompt=open the top drawer
2026-09-18 12:55:12,306 | INFO | [t=1470] VLA chunk prompt=open the top drawer
2026-09-18 12:55:12,713 | INFO | [t=1480] VLA chunk prompt=open the top drawer
2026-09-18 12:55:13,121 | INFO | [t=1490] VLA chunk prompt=open the top drawer
2026-09-18 12:55:13,533 | INFO | [t=1500] VLA chunk prompt=open the top drawer
2026-09-18 12:55:13,924 | INFO | [t=1510] VLA chunk prompt=open the top drawer
2026-09-18 12:55:14,314 | INFO | [t=1520] VLA chunk prompt=open the top drawer
2026-09-18 12:55:14,709 | INFO | [t=1530] VLA chunk prompt=open the top drawer
2026-09-18 12:55:15,105 | INFO | [t=1540] VLA chunk prompt=open the top drawer
2026-09-18 12:55:15,512 | INFO | [t=1550] VLA chunk prompt=open the top drawer
2026-09-18 12:55:15,921 | INFO | [t=1560] VLA chunk prompt=open the top drawer
2026-09-18 12:55:16,333 | INFO | [t=1570] VLA chunk prompt=open the top drawer
2026-09-18 12:55:16,730 | INFO | [t=1580] VLA chunk prompt=open the top drawer
2026-09-18 12:55:17,132 | INFO | [t=1590] VLA chunk prompt=open the top drawer
2026-09-18 12:55:17,527 | INFO | [t=1600] VLA chunk prompt=open the top drawer
2026-09-18 12:55:17,927 | INFO | [t=1610] VLA chunk prompt=open the top drawer
2026-09-18 12:55:18,321 | INFO | [t=1620] VLA chunk prompt=open the top drawer
2026-09-18 12:55:18,720 | INFO | [t=1630] VLA chunk prompt=open the top drawer
2026-09-18 12:55:19,119 | INFO | [t=1640] VLA chunk prompt=open the top drawer
2026-09-18 12:55:19,520 | INFO | [t=1650] VLA chunk prompt=open the top drawer
2026-09-18 12:55:19,915 | INFO | [t=1660] VLA chunk prompt=open the top drawer
2026-09-18 12:55:20,313 | INFO | [t=1670] VLA chunk prompt=open the top drawer
2026-09-18 12:55:20,714 | INFO | [t=1680] VLA chunk prompt=open the top drawer
2026-09-18 12:55:21,119 | INFO | [t=1690] VLA chunk prompt=open the top drawer
2026-09-18 12:55:21,528 | INFO | [t=1700] VLA chunk prompt=open the top drawer
2026-09-18 12:55:21,924 | INFO | [t=1710] VLA chunk prompt=open the top drawer
2026-09-18 12:55:22,336 | INFO | [t=1720] VLA chunk prompt=open the top drawer
2026-09-18 12:55:22,745 | INFO | [t=1730] VLA chunk prompt=open the top drawer
2026-09-18 12:55:23,150 | INFO | [t=1740] VLA chunk prompt=open the top drawer
2026-09-18 12:55:23,557 | INFO | [t=1750] VLA chunk prompt=open the top drawer
2026-09-18 12:55:23,967 | INFO | [t=1760] VLA chunk prompt=open the top drawer
2026-09-18 12:55:24,364 | INFO | [t=1770] VLA chunk prompt=open the top drawer
2026-09-18 12:55:24,761 | INFO | [t=1780] VLA chunk prompt=open the top drawer
2026-09-18 12:55:25,162 | INFO | [t=1790] VLA chunk prompt=open the top drawer
2026-09-18 12:55:25,553 | INFO | [t=1800] VLA chunk prompt=open the top drawer
2026-09-18 12:55:25,951 | INFO | [t=1810] VLA chunk prompt=open the top drawer
2026-09-18 12:55:26,350 | INFO | [t=1820] VLA chunk prompt=open the top drawer
2026-09-18 12:55:26,754 | INFO | [t=1830] VLA chunk prompt=open the top drawer
2026-09-18 12:55:27,157 | INFO | [t=1840] VLA chunk prompt=open the top drawer
2026-09-18 12:55:27,531 | INFO | API VLM @t=1445 task=5 subtask=open the middle drawer keyframes=[]
2026-09-18 12:55:27,552 | INFO | [t=1850] VLA chunk prompt=open the top drawer
2026-09-18 12:55:27,897 | INFO | [t=1860] VLM prompt update from step=1445: open the middle drawer
2026-09-18 12:55:27,948 | INFO | [t=1860] VLA chunk prompt=open the middle drawer
2026-09-18 12:55:28,342 | INFO | [t=1870] VLA chunk prompt=open the middle drawer
2026-09-18 12:55:28,734 | INFO | [t=1880] VLA chunk prompt=open the middle drawer
2026-09-18 12:55:29,125 | INFO | [t=1890] VLA chunk prompt=open the middle drawer
2026-09-18 12:55:29,512 | INFO | [t=1900] VLA chunk prompt=open the middle drawer
2026-09-18 12:55:29,908 | INFO | [t=1910] VLA chunk prompt=open the middle drawer
2026-09-18 12:55:30,298 | INFO | [t=1920] VLA chunk prompt=open the middle drawer
2026-09-18 12:55:30,692 | INFO | [t=1930] VLA chunk prompt=open the middle drawer
2026-09-18 12:55:31,084 | INFO | [t=1940] VLA chunk prompt=open the middle drawer
2026-09-18 12:55:31,473 | INFO | [t=1950] VLA chunk prompt=open the middle drawer
2026-09-18 12:55:31,905 | INFO | [t=1960] VLA chunk prompt=open the middle drawer
2026-09-18 12:55:32,317 | INFO | [t=1970] VLA chunk prompt=open the middle drawer
2026-09-18 12:55:32,704 | INFO | [t=1980] VLA chunk prompt=open the middle drawer
2026-09-18 12:55:33,096 | INFO | [t=1990] VLA chunk prompt=open the middle drawer
2026-09-18 12:55:33,495 | INFO | [t=2000] VLA chunk prompt=open the middle drawer
2026-09-18 12:55:33,887 | INFO | [t=2010] VLA chunk prompt=open the middle drawer
2026-09-18 12:55:34,277 | INFO | [t=2020] VLA chunk prompt=open the middle drawer
2026-09-18 12:55:34,665 | INFO | [t=2030] VLA chunk prompt=open the middle drawer
2026-09-18 12:55:35,063 | INFO | [t=2040] VLA chunk prompt=open the middle drawer
2026-09-18 12:55:35,459 | INFO | [t=2050] VLA chunk prompt=open the middle drawer
2026-09-18 12:55:35,847 | INFO | [t=2060] VLA chunk prompt=open the middle drawer
2026-09-18 12:55:36,235 | INFO | [t=2070] VLA chunk prompt=open the middle drawer
2026-09-18 12:55:36,622 | INFO | [t=2080] VLA chunk prompt=open the middle drawer
2026-09-18 12:55:37,010 | INFO | [t=2090] VLA chunk prompt=open the middle drawer
2026-09-18 12:55:37,416 | INFO | [t=2100] VLA chunk prompt=open the middle drawer
2026-09-18 12:55:37,820 | INFO | [t=2110] VLA chunk prompt=open the middle drawer
2026-09-18 12:55:38,214 | INFO | [t=2120] VLA chunk prompt=open the middle drawer
2026-09-18 12:55:38,608 | INFO | [t=2130] VLA chunk prompt=open the middle drawer
2026-09-18 12:55:38,996 | INFO | [t=2140] VLA chunk prompt=open the middle drawer
2026-09-18 12:55:39,381 | INFO | [t=2150] VLA chunk prompt=open the middle drawer
2026-09-18 12:55:39,769 | INFO | [t=2160] VLA chunk prompt=open the middle drawer
2026-09-18 12:55:40,170 | INFO | [t=2170] VLA chunk prompt=open the middle drawer
2026-09-18 12:55:40,567 | INFO | [t=2180] VLA chunk prompt=open the middle drawer
2026-09-18 12:55:40,962 | INFO | [t=2190] VLA chunk prompt=open the middle drawer
2026-09-18 12:55:41,350 | INFO | [t=2200] VLA chunk prompt=open the middle drawer
2026-09-18 12:55:41,735 | INFO | [t=2210] VLA chunk prompt=open the middle drawer
2026-09-18 12:55:42,124 | INFO | [t=2220] VLA chunk prompt=open the middle drawer
2026-09-18 12:55:42,508 | INFO | [t=2230] VLA chunk prompt=open the middle drawer
2026-09-18 12:55:42,894 | INFO | [t=2240] VLA chunk prompt=open the middle drawer
2026-09-18 12:55:43,296 | INFO | [t=2250] VLA chunk prompt=open the middle drawer
2026-09-18 12:55:43,689 | INFO | [t=2260] VLA chunk prompt=open the middle drawer
2026-09-18 12:55:44,109 | INFO | [t=2270] VLA chunk prompt=open the middle drawer
2026-09-18 12:55:44,536 | INFO | [t=2280] VLA chunk prompt=open the middle drawer
2026-09-18 12:55:44,952 | INFO | [t=2290] VLA chunk prompt=open the middle drawer
2026-09-18 12:55:45,360 | INFO | [t=2300] VLA chunk prompt=open the middle drawer
2026-09-18 12:55:45,756 | INFO | [t=2310] VLA chunk prompt=open the middle drawer
2026-09-18 12:55:46,148 | INFO | [t=2320] VLA chunk prompt=open the middle drawer
2026-09-18 12:55:46,538 | INFO | [t=2330] VLA chunk prompt=open the middle drawer
2026-09-18 12:55:46,923 | INFO | [t=2340] VLA chunk prompt=open the middle drawer
2026-09-18 12:55:47,321 | INFO | [t=2350] VLA chunk prompt=open the middle drawer
2026-09-18 12:55:47,718 | INFO | [t=2360] VLA chunk prompt=open the middle drawer
2026-09-18 12:55:48,116 | INFO | [t=2370] VLA chunk prompt=open the middle drawer
2026-09-18 12:55:48,518 | INFO | [t=2380] VLA chunk prompt=open the middle drawer
2026-09-18 12:55:48,923 | INFO | [t=2390] VLA chunk prompt=open the middle drawer
2026-09-18 12:55:49,322 | INFO | [t=2400] VLA chunk prompt=open the middle drawer
2026-09-18 12:55:49,708 | INFO | [t=2410] VLA chunk prompt=open the middle drawer
2026-09-18 12:55:50,099 | INFO | [t=2420] VLA chunk prompt=open the middle drawer
2026-09-18 12:55:50,487 | INFO | [t=2430] VLA chunk prompt=open the middle drawer
2026-09-18 12:55:50,871 | INFO | [t=2440] VLA chunk prompt=open the middle drawer
2026-09-18 12:55:51,259 | INFO | [t=2450] VLA chunk prompt=open the middle drawer
2026-09-18 12:55:51,644 | INFO | [t=2460] VLA chunk prompt=open the middle drawer
2026-09-18 12:55:52,030 | INFO | [t=2470] VLA chunk prompt=open the middle drawer
2026-09-18 12:55:52,419 | INFO | [t=2480] VLA chunk prompt=open the middle drawer
2026-09-18 12:55:52,816 | INFO | [t=2490] VLA chunk prompt=open the middle drawer
2026-09-18 12:55:53,215 | INFO | [t=2500] VLA chunk prompt=open the middle drawer
2026-09-18 12:55:53,511 | INFO | API VLM @t=1840 task=5 subtask=open the top drawer keyframes=[]
2026-09-18 12:55:56,591 | INFO | attempt=1 stage_score=25.0 stage_success=False failure_reason=incomplete_stage
2026-09-18 12:55:56,592 | INFO | Episode 3 seed=103 stage_score=25.0 stage_success=0 goal=0.250 failure_reason=incomplete_stage | 01_Open_Top_Drawer=Y | 02_Close_Top_Drawer=Y | 03_Open_Middle_Drawer=N | 04_Close_Middle_Drawer=N | 05_Open_Bottom_Drawer=N | 06_Close_Bottom_Drawer=N | 07_Open_Middle_Drawer_Again=N | 08_Put_Butter_Middle_Drawer=N | 09_Close_Middle_Drawer_Final=N
