2026-09-18 13:06:03,919 | INFO | task_id=5 bddl=/project/peilab/why/RoboMemArena/bddl/5_butter_middle_drawer.bddl vlm_ckpt=/project/peilab/why/RoboMemArena/checkpoints/PrediMem/vlm_tasks1to26_ckpt74500
2026-09-18 13:06:05,986 | INFO | async VLM enabled: single-slot subtask buffer
2026-09-18 13:06:06,262 | INFO | [t=10] VLA chunk prompt=Open all drawers in order, remember the empty drawer, then put butter into that empty drawer.
2026-09-18 13:06:06,550 | INFO | [t=20] VLA chunk prompt=Open all drawers in order, remember the empty drawer, then put butter into that empty drawer.
2026-09-18 13:06:06,834 | INFO | [t=30] VLA chunk prompt=Open all drawers in order, remember the empty drawer, then put butter into that empty drawer.
2026-09-18 13:06:07,114 | INFO | [t=40] VLA chunk prompt=Open all drawers in order, remember the empty drawer, then put butter into that empty drawer.
2026-09-18 13:06:07,396 | INFO | [t=50] VLA chunk prompt=Open all drawers in order, remember the empty drawer, then put butter into that empty drawer.
2026-09-18 13:06:07,785 | INFO | [t=60] VLA chunk prompt=Open all drawers in order, remember the empty drawer, then put butter into that empty drawer.
2026-09-18 13:06:08,066 | INFO | [t=70] VLA chunk prompt=Open all drawers in order, remember the empty drawer, then put butter into that empty drawer.
2026-09-18 13:06:08,352 | INFO | [t=80] harness subtask override: open top drawer
2026-09-18 13:06:08,352 | INFO | [t=80] VLM prompt update from step=-1: open top drawer
2026-09-18 13:06:08,352 | INFO | [t=80] harness forced VLM replan after stall (pmh visual retrieve armed)
2026-09-18 13:06:08,403 | INFO | [t=80] VLA chunk prompt=open top drawer
2026-09-18 13:06:08,700 | INFO | [t=90] VLA chunk prompt=open top drawer
2026-09-18 13:06:09,018 | INFO | [t=100] VLA chunk prompt=open top drawer
2026-09-18 13:06:09,443 | INFO | [t=110] VLA chunk prompt=open top drawer
2026-09-18 13:06:09,532 | INFO | [t=113] stage done: 01_Open_Top_Drawer
2026-09-18 13:06:09,787 | INFO | [t=120] VLA chunk prompt=open top drawer
2026-09-18 13:06:10,258 | INFO | [t=130] VLA chunk prompt=open top drawer
2026-09-18 13:06:10,622 | INFO | [t=140] VLA chunk prompt=open top drawer
2026-09-18 13:06:10,990 | INFO | [t=150] VLA chunk prompt=open top drawer
2026-09-18 13:06:11,518 | INFO | [t=160] VLA chunk prompt=open top drawer
2026-09-18 13:06:11,920 | INFO | [t=170] VLA chunk prompt=open top drawer
2026-09-18 13:06:12,312 | INFO | [t=180] VLA chunk prompt=open top drawer
2026-09-18 13:06:12,705 | INFO | [t=190] VLA chunk prompt=open top drawer
2026-09-18 13:06:12,764 | INFO | API VLM @t=0 task=5 subtask=open top drawer keyframes=[]
2026-09-18 13:06:13,056 | INFO | [t=200] harness subtask override: close top drawer
2026-09-18 13:06:13,056 | INFO | [t=200] VLM prompt update from step=0: close top drawer
2026-09-18 13:06:13,057 | INFO | [t=200] harness forced VLM replan after stall (pmh visual retrieve armed)
2026-09-18 13:06:13,109 | INFO | [t=200] VLA chunk prompt=close top drawer
2026-09-18 13:06:13,598 | INFO | [t=210] VLA chunk prompt=close top drawer
2026-09-18 13:06:14,010 | INFO | [t=220] VLA chunk prompt=close top drawer
2026-09-18 13:06:14,046 | INFO | [t=221] stage done: 02_Close_Top_Drawer
2026-09-18 13:06:14,421 | INFO | [t=230] VLA chunk prompt=close top drawer
2026-09-18 13:06:14,828 | INFO | [t=240] VLA chunk prompt=close top drawer
2026-09-18 13:06:15,217 | INFO | [t=250] VLA chunk prompt=close top drawer
2026-09-18 13:06:15,597 | INFO | [t=260] VLA chunk prompt=close top drawer
2026-09-18 13:06:15,983 | INFO | [t=270] VLA chunk prompt=close top drawer
2026-09-18 13:06:16,364 | INFO | [t=280] VLA chunk prompt=close top drawer
2026-09-18 13:06:16,746 | INFO | [t=290] VLA chunk prompt=close top drawer
2026-09-18 13:06:17,125 | INFO | [t=300] VLA chunk prompt=close top drawer
2026-09-18 13:06:17,455 | INFO | [t=310] harness subtask override: open middle drawer
2026-09-18 13:06:17,572 | INFO | [t=310] VLM prompt update from step=0: open middle drawer
2026-09-18 13:06:17,572 | INFO | [t=310] harness forced VLM replan after stall (pmh visual retrieve armed)
2026-09-18 13:06:17,624 | INFO | [t=310] VLA chunk prompt=open middle drawer
2026-09-18 13:06:18,018 | INFO | [t=320] VLA chunk prompt=open middle drawer
2026-09-18 13:06:18,399 | INFO | [t=330] VLA chunk prompt=open middle drawer
2026-09-18 13:06:18,789 | INFO | [t=340] VLA chunk prompt=open middle drawer
2026-09-18 13:06:19,244 | INFO | [t=350] VLA chunk prompt=open middle drawer
2026-09-18 13:06:19,663 | INFO | [t=360] VLA chunk prompt=open middle drawer
2026-09-18 13:06:20,047 | INFO | [t=370] VLA chunk prompt=open middle drawer
2026-09-18 13:06:20,429 | INFO | [t=380] VLA chunk prompt=open middle drawer
2026-09-18 13:06:20,960 | INFO | [t=390] VLA chunk prompt=open middle drawer
2026-09-18 13:06:21,340 | INFO | [t=400] VLA chunk prompt=open middle drawer
2026-09-18 13:06:21,804 | INFO | [t=410] VLA chunk prompt=open middle drawer
2026-09-18 13:06:22,208 | INFO | [t=420] VLA chunk prompt=open middle drawer
2026-09-18 13:06:22,591 | INFO | [t=430] VLA chunk prompt=open middle drawer
2026-09-18 13:06:23,111 | INFO | [t=440] VLA chunk prompt=open middle drawer
2026-09-18 13:06:23,518 | INFO | [t=450] VLA chunk prompt=open middle drawer
2026-09-18 13:06:23,896 | INFO | [t=460] VLA chunk prompt=open middle drawer
2026-09-18 13:06:24,320 | INFO | [t=470] VLA chunk prompt=open middle drawer
2026-09-18 13:06:24,694 | INFO | [t=480] VLA chunk prompt=open middle drawer
2026-09-18 13:06:25,223 | INFO | [t=490] VLA chunk prompt=open middle drawer
2026-09-18 13:06:25,601 | INFO | [t=500] VLA chunk prompt=open middle drawer
2026-09-18 13:06:25,988 | INFO | [t=510] VLA chunk prompt=open middle drawer
2026-09-18 13:06:26,392 | INFO | [t=520] VLA chunk prompt=open middle drawer
2026-09-18 13:06:26,799 | INFO | [t=530] VLA chunk prompt=open middle drawer
2026-09-18 13:06:27,438 | INFO | [t=540] VLA chunk prompt=open middle drawer
2026-09-18 13:06:27,840 | INFO | [t=550] VLA chunk prompt=open middle drawer
2026-09-18 13:06:28,241 | INFO | [t=560] VLA chunk prompt=open middle drawer
2026-09-18 13:06:28,643 | INFO | [t=570] VLA chunk prompt=open middle drawer
2026-09-18 13:06:29,184 | INFO | [t=580] VLA chunk prompt=open middle drawer
2026-09-18 13:06:29,604 | INFO | [t=590] VLA chunk prompt=open middle drawer
2026-09-18 13:06:30,038 | INFO | [t=600] VLA chunk prompt=open middle drawer
2026-09-18 13:06:30,447 | INFO | [t=610] VLA chunk prompt=open middle drawer
2026-09-18 13:06:30,844 | INFO | [t=620] VLA chunk prompt=open middle drawer
2026-09-18 13:06:31,233 | INFO | [t=630] VLA chunk prompt=open middle drawer
2026-09-18 13:06:31,621 | INFO | [t=640] VLA chunk prompt=open middle drawer
2026-09-18 13:06:32,006 | INFO | [t=650] VLA chunk prompt=open middle drawer
2026-09-18 13:06:32,391 | INFO | [t=660] VLA chunk prompt=open middle drawer
2026-09-18 13:06:32,778 | INFO | [t=670] VLA chunk prompt=open middle drawer
2026-09-18 13:06:33,164 | INFO | [t=680] VLA chunk prompt=open middle drawer
2026-09-18 13:06:33,699 | INFO | [t=690] VLA chunk prompt=open middle drawer
2026-09-18 13:06:34,091 | INFO | [t=700] VLA chunk prompt=open middle drawer
2026-09-18 13:06:34,475 | INFO | [t=710] VLA chunk prompt=open middle drawer
2026-09-18 13:06:34,956 | INFO | [t=720] VLA chunk prompt=open middle drawer
2026-09-18 13:06:35,342 | INFO | [t=730] VLA chunk prompt=open middle drawer
2026-09-18 13:06:35,729 | INFO | [t=740] VLA chunk prompt=open middle drawer
2026-09-18 13:06:36,179 | INFO | [t=750] VLA chunk prompt=open middle drawer
2026-09-18 13:06:36,622 | INFO | [t=760] VLA chunk prompt=open middle drawer
2026-09-18 13:06:37,006 | INFO | [t=770] VLA chunk prompt=open middle drawer
2026-09-18 13:06:37,390 | INFO | [t=780] VLA chunk prompt=open middle drawer
2026-09-18 13:06:37,775 | INFO | [t=790] VLA chunk prompt=open middle drawer
2026-09-18 13:06:38,161 | INFO | [t=800] VLA chunk prompt=open middle drawer
2026-09-18 13:06:38,544 | INFO | [t=810] VLA chunk prompt=open middle drawer
2026-09-18 13:06:38,934 | INFO | [t=820] VLA chunk prompt=open middle drawer
2026-09-18 13:06:39,321 | INFO | [t=830] VLA chunk prompt=open middle drawer
2026-09-18 13:06:39,711 | INFO | [t=840] VLA chunk prompt=open middle drawer
2026-09-18 13:06:40,098 | INFO | [t=850] VLA chunk prompt=open middle drawer
2026-09-18 13:06:40,488 | INFO | [t=860] VLA chunk prompt=open middle drawer
2026-09-18 13:06:40,878 | INFO | [t=870] VLA chunk prompt=open middle drawer
2026-09-18 13:06:41,266 | INFO | [t=880] VLA chunk prompt=open middle drawer
2026-09-18 13:06:41,653 | INFO | [t=890] VLA chunk prompt=open middle drawer
2026-09-18 13:06:41,965 | INFO | API VLM @t=180 task=5 subtask=open the top drawer keyframes=[1]
2026-09-18 13:06:42,013 | INFO | [t=900] VLM prompt update from step=180: open the top drawer
2026-09-18 13:06:42,064 | INFO | [t=900] VLA chunk prompt=open the top drawer
2026-09-18 13:06:42,452 | INFO | [t=910] VLA chunk prompt=open the top drawer
2026-09-18 13:06:42,839 | INFO | [t=920] VLA chunk prompt=open the top drawer
2026-09-18 13:06:43,228 | INFO | [t=930] VLA chunk prompt=open the top drawer
2026-09-18 13:06:43,627 | INFO | [t=940] VLA chunk prompt=open the top drawer
2026-09-18 13:06:44,021 | INFO | [t=950] VLA chunk prompt=open the top drawer
2026-09-18 13:06:44,406 | INFO | [t=960] VLA chunk prompt=open the top drawer
2026-09-18 13:06:44,796 | INFO | [t=970] VLA chunk prompt=open the top drawer
2026-09-18 13:06:45,184 | INFO | [t=980] VLA chunk prompt=open the top drawer
2026-09-18 13:06:45,570 | INFO | [t=990] VLA chunk prompt=open the top drawer
2026-09-18 13:06:45,959 | INFO | [t=1000] VLA chunk prompt=open the top drawer
2026-09-18 13:06:46,341 | INFO | [t=1010] VLA chunk prompt=open the top drawer
2026-09-18 13:06:46,719 | INFO | [t=1020] VLA chunk prompt=open the top drawer
2026-09-18 13:06:47,103 | INFO | [t=1030] VLA chunk prompt=open the top drawer
2026-09-18 13:06:47,477 | INFO | [t=1040] VLA chunk prompt=open the top drawer
2026-09-18 13:06:47,853 | INFO | [t=1050] VLA chunk prompt=open the top drawer
2026-09-18 13:06:48,229 | INFO | [t=1060] VLA chunk prompt=open the top drawer
2026-09-18 13:06:48,602 | INFO | [t=1070] VLA chunk prompt=open the top drawer
2026-09-18 13:06:48,977 | INFO | [t=1080] VLA chunk prompt=open the top drawer
2026-09-18 13:06:49,355 | INFO | [t=1090] VLA chunk prompt=open the top drawer
2026-09-18 13:06:49,739 | INFO | [t=1100] VLA chunk prompt=open the top drawer
2026-09-18 13:06:50,124 | INFO | [t=1110] VLA chunk prompt=open the top drawer
2026-09-18 13:06:50,507 | INFO | [t=1120] VLA chunk prompt=open the top drawer
2026-09-18 13:06:50,889 | INFO | [t=1130] VLA chunk prompt=open the top drawer
2026-09-18 13:06:51,270 | INFO | [t=1140] VLA chunk prompt=open the top drawer
2026-09-18 13:06:51,646 | INFO | [t=1150] VLA chunk prompt=open the top drawer
2026-09-18 13:06:52,026 | INFO | [t=1160] VLA chunk prompt=open the top drawer
2026-09-18 13:06:52,404 | INFO | [t=1170] VLA chunk prompt=open the top drawer
2026-09-18 13:06:52,784 | INFO | [t=1180] VLA chunk prompt=open the top drawer
2026-09-18 13:06:53,171 | INFO | [t=1190] VLA chunk prompt=open the top drawer
2026-09-18 13:06:53,567 | INFO | [t=1200] VLA chunk prompt=open the top drawer
2026-09-18 13:06:53,964 | INFO | [t=1210] VLA chunk prompt=open the top drawer
2026-09-18 13:06:54,356 | INFO | [t=1220] VLA chunk prompt=open the top drawer
2026-09-18 13:06:54,742 | INFO | [t=1230] VLA chunk prompt=open the top drawer
2026-09-18 13:06:55,133 | INFO | [t=1240] VLA chunk prompt=open the top drawer
2026-09-18 13:06:55,520 | INFO | [t=1250] VLA chunk prompt=open the top drawer
2026-09-18 13:06:55,826 | INFO | [t=1259] stage done: 03_Open_Middle_Drawer
2026-09-18 13:06:55,912 | INFO | [t=1260] VLA chunk prompt=open the top drawer
2026-09-18 13:06:56,298 | INFO | [t=1270] VLA chunk prompt=open the top drawer
2026-09-18 13:06:56,686 | INFO | [t=1280] VLA chunk prompt=open the top drawer
2026-09-18 13:06:57,065 | INFO | [t=1290] VLA chunk prompt=open the top drawer
2026-09-18 13:06:57,440 | INFO | [t=1300] VLA chunk prompt=open the top drawer
2026-09-18 13:06:57,817 | INFO | [t=1310] VLA chunk prompt=open the top drawer
2026-09-18 13:06:58,192 | INFO | [t=1320] VLA chunk prompt=open the top drawer
2026-09-18 13:06:58,569 | INFO | [t=1330] VLA chunk prompt=open the top drawer
2026-09-18 13:06:58,895 | INFO | [t=1340] harness subtask override: close middle drawer
2026-09-18 13:06:58,895 | INFO | [t=1340] VLM prompt update from step=180: close middle drawer
2026-09-18 13:06:58,895 | INFO | [t=1340] harness forced VLM replan after stall (pmh visual retrieve armed)
2026-09-18 13:06:58,946 | INFO | [t=1340] VLA chunk prompt=close middle drawer
2026-09-18 13:06:59,325 | INFO | [t=1350] VLA chunk prompt=close middle drawer
2026-09-18 13:06:59,698 | INFO | [t=1360] VLA chunk prompt=close middle drawer
2026-09-18 13:07:00,076 | INFO | [t=1370] VLA chunk prompt=close middle drawer
2026-09-18 13:07:00,452 | INFO | [t=1380] VLA chunk prompt=close middle drawer
2026-09-18 13:07:00,825 | INFO | [t=1390] VLA chunk prompt=close middle drawer
2026-09-18 13:07:01,195 | INFO | [t=1400] VLA chunk prompt=close middle drawer
2026-09-18 13:07:01,565 | INFO | [t=1410] VLA chunk prompt=close middle drawer
2026-09-18 13:07:01,940 | INFO | [t=1420] VLA chunk prompt=close middle drawer
2026-09-18 13:07:02,320 | INFO | [t=1430] VLA chunk prompt=close middle drawer
2026-09-18 13:07:02,703 | INFO | [t=1440] VLA chunk prompt=close middle drawer
2026-09-18 13:07:03,073 | INFO | [t=1450] VLA chunk prompt=close middle drawer
2026-09-18 13:07:03,440 | INFO | [t=1460] VLA chunk prompt=close middle drawer
2026-09-18 13:07:03,805 | INFO | [t=1470] VLA chunk prompt=close middle drawer
2026-09-18 13:07:04,171 | INFO | [t=1480] VLA chunk prompt=close middle drawer
2026-09-18 13:07:04,540 | INFO | [t=1490] VLA chunk prompt=close middle drawer
2026-09-18 13:07:04,916 | INFO | [t=1500] VLA chunk prompt=close middle drawer
2026-09-18 13:07:05,294 | INFO | [t=1510] VLA chunk prompt=close middle drawer
2026-09-18 13:07:05,668 | INFO | [t=1520] VLA chunk prompt=close middle drawer
2026-09-18 13:07:06,041 | INFO | [t=1530] VLA chunk prompt=close middle drawer
2026-09-18 13:07:06,420 | INFO | [t=1540] VLA chunk prompt=close middle drawer
2026-09-18 13:07:06,795 | INFO | [t=1550] VLA chunk prompt=close middle drawer
2026-09-18 13:07:07,171 | INFO | [t=1560] VLA chunk prompt=close middle drawer
2026-09-18 13:07:07,554 | INFO | [t=1570] VLA chunk prompt=close middle drawer
2026-09-18 13:07:07,938 | INFO | [t=1580] VLA chunk prompt=close middle drawer
2026-09-18 13:07:08,326 | INFO | [t=1590] VLA chunk prompt=close middle drawer
2026-09-18 13:07:08,709 | INFO | [t=1600] VLA chunk prompt=close middle drawer
2026-09-18 13:07:09,095 | INFO | [t=1610] VLA chunk prompt=close middle drawer
2026-09-18 13:07:09,484 | INFO | [t=1620] VLA chunk prompt=close middle drawer
2026-09-18 13:07:09,870 | INFO | [t=1630] VLA chunk prompt=close middle drawer
2026-09-18 13:07:10,258 | INFO | [t=1640] VLA chunk prompt=close middle drawer
2026-09-18 13:07:10,652 | INFO | [t=1650] VLA chunk prompt=close middle drawer
2026-09-18 13:07:11,046 | INFO | [t=1660] VLA chunk prompt=close middle drawer
2026-09-18 13:07:11,438 | INFO | [t=1670] VLA chunk prompt=close middle drawer
2026-09-18 13:07:11,831 | INFO | [t=1680] VLA chunk prompt=close middle drawer
2026-09-18 13:07:12,222 | INFO | [t=1690] VLA chunk prompt=close middle drawer
2026-09-18 13:07:12,615 | INFO | [t=1700] VLA chunk prompt=close middle drawer
2026-09-18 13:07:13,005 | INFO | [t=1710] VLA chunk prompt=close middle drawer
2026-09-18 13:07:13,395 | INFO | [t=1720] VLA chunk prompt=close middle drawer
2026-09-18 13:07:13,786 | INFO | [t=1730] VLA chunk prompt=close middle drawer
2026-09-18 13:07:14,201 | INFO | [t=1740] VLA chunk prompt=close middle drawer
2026-09-18 13:07:14,613 | INFO | [t=1750] VLA chunk prompt=close middle drawer
2026-09-18 13:07:15,011 | INFO | [t=1760] VLA chunk prompt=close middle drawer
2026-09-18 13:07:15,077 | INFO | API VLM @t=885 task=5 subtask=close the top drawer keyframes=[]
2026-09-18 13:07:15,349 | INFO | [t=1770] VLM prompt update from step=885: close the top drawer
2026-09-18 13:07:15,399 | INFO | [t=1770] VLA chunk prompt=close the top drawer
2026-09-18 13:07:15,781 | INFO | [t=1780] VLA chunk prompt=close the top drawer
2026-09-18 13:07:16,160 | INFO | [t=1790] VLA chunk prompt=close the top drawer
2026-09-18 13:07:16,539 | INFO | [t=1800] VLA chunk prompt=close the top drawer
2026-09-18 13:07:16,920 | INFO | [t=1810] VLA chunk prompt=close the top drawer
2026-09-18 13:07:17,308 | INFO | [t=1820] VLA chunk prompt=close the top drawer
2026-09-18 13:07:17,686 | INFO | [t=1830] VLA chunk prompt=close the top drawer
2026-09-18 13:07:18,054 | INFO | [t=1840] VLA chunk prompt=close the top drawer
2026-09-18 13:07:18,417 | INFO | [t=1850] VLA chunk prompt=close the top drawer
2026-09-18 13:07:18,780 | INFO | [t=1860] VLA chunk prompt=close the top drawer
2026-09-18 13:07:19,143 | INFO | [t=1870] VLA chunk prompt=close the top drawer
2026-09-18 13:07:19,505 | INFO | [t=1880] VLA chunk prompt=close the top drawer
2026-09-18 13:07:19,869 | INFO | [t=1890] VLA chunk prompt=close the top drawer
2026-09-18 13:07:20,242 | INFO | [t=1900] VLA chunk prompt=close the top drawer
2026-09-18 13:07:20,620 | INFO | [t=1910] VLA chunk prompt=close the top drawer
2026-09-18 13:07:20,998 | INFO | [t=1920] VLA chunk prompt=close the top drawer
2026-09-18 13:07:21,382 | INFO | [t=1930] VLA chunk prompt=close the top drawer
2026-09-18 13:07:21,768 | INFO | [t=1940] VLA chunk prompt=close the top drawer
2026-09-18 13:07:22,150 | INFO | [t=1950] VLA chunk prompt=close the top drawer
2026-09-18 13:07:22,536 | INFO | [t=1960] VLA chunk prompt=close the top drawer
2026-09-18 13:07:22,931 | INFO | [t=1970] VLA chunk prompt=close the top drawer
2026-09-18 13:07:23,321 | INFO | [t=1980] VLA chunk prompt=close the top drawer
2026-09-18 13:07:23,709 | INFO | [t=1990] VLA chunk prompt=close the top drawer
2026-09-18 13:07:24,095 | INFO | [t=2000] VLA chunk prompt=close the top drawer
2026-09-18 13:07:24,482 | INFO | [t=2010] VLA chunk prompt=close the top drawer
2026-09-18 13:07:24,871 | INFO | [t=2020] VLA chunk prompt=close the top drawer
2026-09-18 13:07:25,260 | INFO | [t=2030] VLA chunk prompt=close the top drawer
2026-09-18 13:07:25,653 | INFO | [t=2040] VLA chunk prompt=close the top drawer
2026-09-18 13:07:26,036 | INFO | [t=2050] VLA chunk prompt=close the top drawer
2026-09-18 13:07:26,430 | INFO | [t=2060] VLA chunk prompt=close the top drawer
2026-09-18 13:07:26,829 | INFO | [t=2070] VLA chunk prompt=close the top drawer
2026-09-18 13:07:26,864 | INFO | [t=2071] stage done: 04_Close_Middle_Drawer
2026-09-18 13:07:27,235 | INFO | [t=2080] VLA chunk prompt=close the top drawer
2026-09-18 13:07:27,647 | INFO | [t=2090] VLA chunk prompt=close the top drawer
2026-09-18 13:07:28,056 | INFO | [t=2100] VLA chunk prompt=close the top drawer
2026-09-18 13:07:28,445 | INFO | [t=2110] VLA chunk prompt=close the top drawer
2026-09-18 13:07:28,840 | INFO | [t=2120] VLA chunk prompt=close the top drawer
2026-09-18 13:07:29,225 | INFO | [t=2130] VLA chunk prompt=close the top drawer
2026-09-18 13:07:29,618 | INFO | [t=2140] VLA chunk prompt=close the top drawer
2026-09-18 13:07:30,008 | INFO | [t=2150] VLA chunk prompt=close the top drawer
2026-09-18 13:07:30,345 | INFO | [t=2160] harness subtask override: open bottom drawer
2026-09-18 13:07:30,345 | INFO | [t=2160] VLM prompt update from step=885: open bottom drawer
2026-09-18 13:07:30,345 | INFO | [t=2160] harness forced VLM replan after stall (pmh visual retrieve armed)
2026-09-18 13:07:30,395 | INFO | [t=2160] VLA chunk prompt=open bottom drawer
2026-09-18 13:07:30,790 | INFO | [t=2170] VLA chunk prompt=open bottom drawer
2026-09-18 13:07:31,179 | INFO | [t=2180] VLA chunk prompt=open bottom drawer
2026-09-18 13:07:31,570 | INFO | [t=2190] VLA chunk prompt=open bottom drawer
2026-09-18 13:07:31,956 | INFO | [t=2200] VLA chunk prompt=open bottom drawer
2026-09-18 13:07:32,344 | INFO | [t=2210] VLA chunk prompt=open bottom drawer
2026-09-18 13:07:32,730 | INFO | [t=2220] VLA chunk prompt=open bottom drawer
2026-09-18 13:07:33,122 | INFO | [t=2230] VLA chunk prompt=open bottom drawer
2026-09-18 13:07:33,512 | INFO | [t=2240] VLA chunk prompt=open bottom drawer
2026-09-18 13:07:33,903 | INFO | [t=2250] VLA chunk prompt=open bottom drawer
2026-09-18 13:07:34,295 | INFO | [t=2260] VLA chunk prompt=open bottom drawer
2026-09-18 13:07:34,697 | INFO | [t=2270] VLA chunk prompt=open bottom drawer
2026-09-18 13:07:35,098 | INFO | [t=2280] VLA chunk prompt=open bottom drawer
2026-09-18 13:07:35,503 | INFO | [t=2290] VLA chunk prompt=open bottom drawer
2026-09-18 13:07:35,905 | INFO | [t=2300] VLA chunk prompt=open bottom drawer
2026-09-18 13:07:36,308 | INFO | [t=2310] VLA chunk prompt=open bottom drawer
2026-09-18 13:07:36,721 | INFO | [t=2320] VLA chunk prompt=open bottom drawer
2026-09-18 13:07:37,122 | INFO | [t=2330] VLA chunk prompt=open bottom drawer
2026-09-18 13:07:37,520 | INFO | [t=2340] VLA chunk prompt=open bottom drawer
2026-09-18 13:07:37,917 | INFO | [t=2350] VLA chunk prompt=open bottom drawer
2026-09-18 13:07:38,325 | INFO | [t=2360] VLA chunk prompt=open bottom drawer
2026-09-18 13:07:38,723 | INFO | [t=2370] VLA chunk prompt=open bottom drawer
2026-09-18 13:07:39,119 | INFO | [t=2380] VLA chunk prompt=open bottom drawer
2026-09-18 13:07:39,516 | INFO | [t=2390] VLA chunk prompt=open bottom drawer
2026-09-18 13:07:39,904 | INFO | [t=2400] VLA chunk prompt=open bottom drawer
2026-09-18 13:07:40,291 | INFO | [t=2410] VLA chunk prompt=open bottom drawer
2026-09-18 13:07:40,682 | INFO | [t=2420] VLA chunk prompt=open bottom drawer
2026-09-18 13:07:41,076 | INFO | [t=2430] VLA chunk prompt=open bottom drawer
2026-09-18 13:07:41,467 | INFO | [t=2440] VLA chunk prompt=open bottom drawer
2026-09-18 13:07:41,864 | INFO | [t=2450] VLA chunk prompt=open bottom drawer
2026-09-18 13:07:42,248 | INFO | [t=2460] VLA chunk prompt=open bottom drawer
2026-09-18 13:07:42,640 | INFO | [t=2470] VLA chunk prompt=open bottom drawer
2026-09-18 13:07:43,040 | INFO | [t=2480] VLA chunk prompt=open bottom drawer
2026-09-18 13:07:43,442 | INFO | [t=2490] VLA chunk prompt=open bottom drawer
2026-09-18 13:07:43,843 | INFO | [t=2500] VLA chunk prompt=open bottom drawer
2026-09-18 13:07:45,701 | INFO | API VLM @t=1750 task=5 subtask=-style evaluations for this dataset (often named "RoboMemory" or "Embodied Memory benchmark"):
Primitives are often:
"open top drawer", "close top drawer", "open middle drawer", "close middle drawer", "open bottom drawer", "close bottom drawer", "pick butter", "place butter in drawer" / "put butter into bottom drawer".
Wait! Is the current primitive "open middle drawer" or "close middle drawer"?
Wait, why would it be "close middle drawer" if the drawer is already open?
Wait, if the middle drawer is already fully open in all 7 frames of the recent visual context, has "open middle drawer" finished?
If "open middle drawer" has finished, then the robot should execute "close middle drawer"!
Wait keyframes=[]
2026-09-18 13:07:45,730 | INFO | attempt=0 stage_score=50.0 stage_success=False failure_reason=incomplete_stage
2026-09-18 13:07:47,825 | INFO | harness release_gripper after env.reset (attempt=1)
2026-09-18 13:07:47,825 | INFO | async VLM enabled: single-slot subtask buffer
2026-09-18 13:07:48,095 | INFO | [t=10] VLA chunk prompt=Open all drawers in order, remember the empty drawer, then put butter into that empty drawer.
2026-09-18 13:07:48,383 | INFO | [t=20] VLA chunk prompt=Open all drawers in order, remember the empty drawer, then put butter into that empty drawer.
2026-09-18 13:07:48,670 | INFO | [t=30] VLA chunk prompt=Open all drawers in order, remember the empty drawer, then put butter into that empty drawer.
2026-09-18 13:07:48,951 | INFO | [t=40] VLA chunk prompt=Open all drawers in order, remember the empty drawer, then put butter into that empty drawer.
2026-09-18 13:07:49,231 | INFO | [t=50] VLA chunk prompt=Open all drawers in order, remember the empty drawer, then put butter into that empty drawer.
2026-09-18 13:07:49,512 | INFO | [t=60] VLA chunk prompt=Open all drawers in order, remember the empty drawer, then put butter into that empty drawer.
2026-09-18 13:07:49,803 | INFO | [t=70] VLA chunk prompt=Open all drawers in order, remember the empty drawer, then put butter into that empty drawer.
2026-09-18 13:07:50,048 | INFO | [t=80] harness subtask override: open top drawer
2026-09-18 13:07:50,048 | INFO | [t=80] VLM prompt update from step=-1: open top drawer
2026-09-18 13:07:50,048 | INFO | [t=80] harness forced VLM replan after stall (pmh visual retrieve armed)
2026-09-18 13:07:50,099 | INFO | [t=80] VLA chunk prompt=open top drawer
2026-09-18 13:07:50,395 | INFO | [t=90] VLA chunk prompt=open top drawer
2026-09-18 13:07:50,688 | INFO | [t=100] VLA chunk prompt=open top drawer
2026-09-18 13:07:51,000 | INFO | [t=110] VLA chunk prompt=open top drawer
2026-09-18 13:07:51,337 | INFO | [t=120] VLA chunk prompt=open top drawer
2026-09-18 13:07:51,679 | INFO | [t=130] VLA chunk prompt=open top drawer
2026-09-18 13:07:52,028 | INFO | [t=140] VLA chunk prompt=open top drawer
2026-09-18 13:07:52,382 | INFO | [t=150] VLA chunk prompt=open top drawer
2026-09-18 13:07:52,731 | INFO | [t=160] VLA chunk prompt=open top drawer
2026-09-18 13:07:53,081 | INFO | [t=170] VLA chunk prompt=open top drawer
2026-09-18 13:07:53,438 | INFO | [t=180] VLA chunk prompt=open top drawer
2026-09-18 13:07:53,659 | INFO | [t=187] stage done: 01_Open_Top_Drawer
2026-09-18 13:07:53,803 | INFO | [t=190] VLA chunk prompt=open top drawer
2026-09-18 13:07:54,167 | INFO | [t=200] VLA chunk prompt=open top drawer
2026-09-18 13:07:54,534 | INFO | [t=210] VLA chunk prompt=open top drawer
2026-09-18 13:07:54,903 | INFO | [t=220] VLA chunk prompt=open top drawer
2026-09-18 13:07:55,276 | INFO | [t=230] VLA chunk prompt=open top drawer
2026-09-18 13:07:55,652 | INFO | [t=240] VLA chunk prompt=open top drawer
2026-09-18 13:07:56,034 | INFO | [t=250] VLA chunk prompt=open top drawer
2026-09-18 13:07:56,418 | INFO | [t=260] VLA chunk prompt=open top drawer
2026-09-18 13:07:56,757 | INFO | [t=270] harness subtask override: close top drawer
2026-09-18 13:07:56,757 | INFO | [t=270] VLM prompt update from step=70: close top drawer
2026-09-18 13:07:56,757 | INFO | [t=270] harness forced VLM replan after stall (pmh visual retrieve armed)
2026-09-18 13:07:56,807 | INFO | [t=270] VLA chunk prompt=close top drawer
2026-09-18 13:07:57,197 | INFO | [t=280] VLA chunk prompt=close top drawer
2026-09-18 13:07:57,589 | INFO | [t=290] VLA chunk prompt=close top drawer
2026-09-18 13:07:57,990 | INFO | [t=300] VLA chunk prompt=close top drawer
2026-09-18 13:07:58,388 | INFO | [t=310] VLA chunk prompt=close top drawer
2026-09-18 13:07:58,796 | INFO | [t=320] VLA chunk prompt=close top drawer
2026-09-18 13:07:59,225 | INFO | [t=330] VLA chunk prompt=close top drawer
2026-09-18 13:07:59,655 | INFO | [t=340] VLA chunk prompt=close top drawer
2026-09-18 13:08:00,094 | INFO | [t=350] VLA chunk prompt=close top drawer
2026-09-18 13:08:00,548 | INFO | [t=360] VLA chunk prompt=close top drawer
2026-09-18 13:08:00,981 | INFO | [t=370] VLA chunk prompt=close top drawer
2026-09-18 13:08:01,383 | INFO | [t=380] VLA chunk prompt=close top drawer
2026-09-18 13:08:01,789 | INFO | [t=390] VLA chunk prompt=close top drawer
2026-09-18 13:08:02,194 | INFO | [t=400] VLA chunk prompt=close top drawer
2026-09-18 13:08:02,600 | INFO | [t=410] VLA chunk prompt=close top drawer
2026-09-18 13:08:03,031 | INFO | [t=420] VLA chunk prompt=close top drawer
2026-09-18 13:08:03,437 | INFO | [t=430] VLA chunk prompt=close top drawer
2026-09-18 13:08:03,844 | INFO | [t=440] VLA chunk prompt=close top drawer
2026-09-18 13:08:04,236 | INFO | [t=450] VLA chunk prompt=close top drawer
2026-09-18 13:08:04,613 | INFO | [t=460] VLA chunk prompt=close top drawer
2026-09-18 13:08:04,992 | INFO | [t=470] VLA chunk prompt=close top drawer
2026-09-18 13:08:05,372 | INFO | [t=480] VLA chunk prompt=close top drawer
2026-09-18 13:08:05,749 | INFO | [t=490] VLA chunk prompt=close top drawer
2026-09-18 13:08:06,130 | INFO | [t=500] VLA chunk prompt=close top drawer
2026-09-18 13:08:06,521 | INFO | [t=510] VLA chunk prompt=close top drawer
2026-09-18 13:08:06,910 | INFO | [t=520] VLA chunk prompt=close top drawer
2026-09-18 13:08:07,297 | INFO | [t=530] VLA chunk prompt=close top drawer
2026-09-18 13:08:07,689 | INFO | [t=540] VLA chunk prompt=close top drawer
2026-09-18 13:08:07,791 | INFO | [t=543] stage done: 02_Close_Top_Drawer
2026-09-18 13:08:08,086 | INFO | [t=550] VLA chunk prompt=close top drawer
2026-09-18 13:08:08,159 | INFO | API VLM @t=0 task=5 subtask=open the top drawer keyframes=[]
2026-09-18 13:08:08,433 | INFO | [t=560] VLM prompt update from step=0: open the top drawer
2026-09-18 13:08:08,484 | INFO | [t=560] VLA chunk prompt=open the top drawer
2026-09-18 13:08:08,878 | INFO | [t=570] VLA chunk prompt=open the top drawer
2026-09-18 13:08:09,265 | INFO | [t=580] VLA chunk prompt=open the top drawer
2026-09-18 13:08:09,655 | INFO | [t=590] VLA chunk prompt=open the top drawer
2026-09-18 13:08:10,039 | INFO | [t=600] VLA chunk prompt=open the top drawer
2026-09-18 13:08:10,421 | INFO | [t=610] VLA chunk prompt=open the top drawer
2026-09-18 13:08:10,803 | INFO | [t=620] VLA chunk prompt=open the top drawer
2026-09-18 13:08:11,133 | INFO | [t=630] harness subtask override: open middle drawer
2026-09-18 13:08:11,133 | INFO | [t=630] VLM prompt update from step=0: open middle drawer
2026-09-18 13:08:11,134 | INFO | [t=630] harness forced VLM replan after stall (pmh visual retrieve armed)
2026-09-18 13:08:11,185 | INFO | [t=630] VLA chunk prompt=open middle drawer
2026-09-18 13:08:11,566 | INFO | [t=640] VLA chunk prompt=open middle drawer
2026-09-18 13:08:11,952 | INFO | [t=650] VLA chunk prompt=open middle drawer
2026-09-18 13:08:12,331 | INFO | [t=660] VLA chunk prompt=open middle drawer
2026-09-18 13:08:12,706 | INFO | [t=670] VLA chunk prompt=open middle drawer
2026-09-18 13:08:13,083 | INFO | [t=680] VLA chunk prompt=open middle drawer
2026-09-18 13:08:13,456 | INFO | [t=690] VLA chunk prompt=open middle drawer
2026-09-18 13:08:13,826 | INFO | [t=700] VLA chunk prompt=open middle drawer
2026-09-18 13:08:14,191 | INFO | [t=710] VLA chunk prompt=open middle drawer
2026-09-18 13:08:14,553 | INFO | [t=720] VLA chunk prompt=open middle drawer
2026-09-18 13:08:14,917 | INFO | [t=730] VLA chunk prompt=open middle drawer
2026-09-18 13:08:15,303 | INFO | [t=740] VLA chunk prompt=open middle drawer
2026-09-18 13:08:15,674 | INFO | [t=750] VLA chunk prompt=open middle drawer
2026-09-18 13:08:16,044 | INFO | [t=760] VLA chunk prompt=open middle drawer
2026-09-18 13:08:16,417 | INFO | [t=770] VLA chunk prompt=open middle drawer
2026-09-18 13:08:16,790 | INFO | [t=780] VLA chunk prompt=open middle drawer
2026-09-18 13:08:17,167 | INFO | [t=790] VLA chunk prompt=open middle drawer
2026-09-18 13:08:17,543 | INFO | [t=800] VLA chunk prompt=open middle drawer
2026-09-18 13:08:17,921 | INFO | [t=810] VLA chunk prompt=open middle drawer
2026-09-18 13:08:18,293 | INFO | [t=820] VLA chunk prompt=open middle drawer
2026-09-18 13:08:18,656 | INFO | [t=830] VLA chunk prompt=open middle drawer
2026-09-18 13:08:19,019 | INFO | [t=840] VLA chunk prompt=open middle drawer
2026-09-18 13:08:19,384 | INFO | [t=850] VLA chunk prompt=open middle drawer
2026-09-18 13:08:19,759 | INFO | [t=860] VLA chunk prompt=open middle drawer
2026-09-18 13:08:20,142 | INFO | [t=870] VLA chunk prompt=open middle drawer
2026-09-18 13:08:20,534 | INFO | [t=880] VLA chunk prompt=open middle drawer
2026-09-18 13:08:20,931 | INFO | [t=890] VLA chunk prompt=open middle drawer
2026-09-18 13:08:21,315 | INFO | [t=900] VLA chunk prompt=open middle drawer
2026-09-18 13:08:21,686 | INFO | [t=910] VLA chunk prompt=open middle drawer
2026-09-18 13:08:22,048 | INFO | [t=920] VLA chunk prompt=open middle drawer
2026-09-18 13:08:22,396 | INFO | [t=930] VLA chunk prompt=open middle drawer
2026-09-18 13:08:22,739 | INFO | [t=940] VLA chunk prompt=open middle drawer
2026-09-18 13:08:23,084 | INFO | [t=950] VLA chunk prompt=open middle drawer
2026-09-18 13:08:23,441 | INFO | [t=960] VLA chunk prompt=open middle drawer
2026-09-18 13:08:23,811 | INFO | [t=970] VLA chunk prompt=open middle drawer
2026-09-18 13:08:24,173 | INFO | [t=980] VLA chunk prompt=open middle drawer
2026-09-18 13:08:24,538 | INFO | [t=990] VLA chunk prompt=open middle drawer
2026-09-18 13:08:24,907 | INFO | [t=1000] VLA chunk prompt=open middle drawer
2026-09-18 13:08:25,287 | INFO | [t=1010] VLA chunk prompt=open middle drawer
2026-09-18 13:08:25,663 | INFO | [t=1020] VLA chunk prompt=open middle drawer
2026-09-18 13:08:26,041 | INFO | [t=1030] VLA chunk prompt=open middle drawer
2026-09-18 13:08:26,417 | INFO | [t=1040] VLA chunk prompt=open middle drawer
2026-09-18 13:08:26,797 | INFO | [t=1050] VLA chunk prompt=open middle drawer
2026-09-18 13:08:27,171 | INFO | [t=1060] VLA chunk prompt=open middle drawer
2026-09-18 13:08:27,545 | INFO | [t=1070] VLA chunk prompt=open middle drawer
2026-09-18 13:08:27,924 | INFO | [t=1080] VLA chunk prompt=open middle drawer
2026-09-18 13:08:28,301 | INFO | [t=1090] VLA chunk prompt=open middle drawer
2026-09-18 13:08:28,676 | INFO | [t=1100] VLA chunk prompt=open middle drawer
2026-09-18 13:08:29,054 | INFO | [t=1110] VLA chunk prompt=open middle drawer
2026-09-18 13:08:29,427 | INFO | [t=1120] VLA chunk prompt=open middle drawer
2026-09-18 13:08:29,808 | INFO | [t=1130] VLA chunk prompt=open middle drawer
2026-09-18 13:08:30,181 | INFO | [t=1140] VLA chunk prompt=open middle drawer
2026-09-18 13:08:30,281 | INFO | API VLM @t=540 task=5 subtask=open the middle drawer keyframes=[]
2026-09-18 13:08:30,511 | INFO | [t=1150] VLM prompt update from step=540: open the middle drawer
2026-09-18 13:08:30,563 | INFO | [t=1150] VLA chunk prompt=open the middle drawer
2026-09-18 13:08:30,932 | INFO | [t=1160] VLA chunk prompt=open the middle drawer
2026-09-18 13:08:31,307 | INFO | [t=1170] VLA chunk prompt=open the middle drawer
2026-09-18 13:08:31,687 | INFO | [t=1180] VLA chunk prompt=open the middle drawer
2026-09-18 13:08:32,072 | INFO | [t=1190] VLA chunk prompt=open the middle drawer
2026-09-18 13:08:32,456 | INFO | [t=1200] VLA chunk prompt=open the middle drawer
2026-09-18 13:08:32,836 | INFO | [t=1210] VLA chunk prompt=open the middle drawer
2026-09-18 13:08:33,219 | INFO | [t=1220] VLA chunk prompt=open the middle drawer
2026-09-18 13:08:33,605 | INFO | [t=1230] VLA chunk prompt=open the middle drawer
2026-09-18 13:08:33,985 | INFO | [t=1240] VLA chunk prompt=open the middle drawer
2026-09-18 13:08:34,370 | INFO | [t=1250] VLA chunk prompt=open the middle drawer
2026-09-18 13:08:34,751 | INFO | [t=1260] VLA chunk prompt=open the middle drawer
2026-09-18 13:08:35,128 | INFO | [t=1270] VLA chunk prompt=open the middle drawer
2026-09-18 13:08:35,497 | INFO | [t=1280] VLA chunk prompt=open the middle drawer
2026-09-18 13:08:35,868 | INFO | [t=1290] VLA chunk prompt=open the middle drawer
2026-09-18 13:08:36,241 | INFO | [t=1300] VLA chunk prompt=open the middle drawer
2026-09-18 13:08:36,616 | INFO | [t=1310] VLA chunk prompt=open the middle drawer
2026-09-18 13:08:36,996 | INFO | [t=1320] VLA chunk prompt=open the middle drawer
2026-09-18 13:08:37,382 | INFO | [t=1330] VLA chunk prompt=open the middle drawer
2026-09-18 13:08:37,770 | INFO | [t=1340] VLA chunk prompt=open the middle drawer
2026-09-18 13:08:38,157 | INFO | [t=1350] VLA chunk prompt=open the middle drawer
2026-09-18 13:08:38,542 | INFO | [t=1360] VLA chunk prompt=open the middle drawer
2026-09-18 13:08:38,928 | INFO | [t=1370] VLA chunk prompt=open the middle drawer
2026-09-18 13:08:39,315 | INFO | [t=1380] VLA chunk prompt=open the middle drawer
2026-09-18 13:08:39,704 | INFO | [t=1390] VLA chunk prompt=open the middle drawer
2026-09-18 13:08:40,093 | INFO | [t=1400] VLA chunk prompt=open the middle drawer
2026-09-18 13:08:40,480 | INFO | [t=1410] VLA chunk prompt=open the middle drawer
2026-09-18 13:08:40,863 | INFO | [t=1420] VLA chunk prompt=open the middle drawer
2026-09-18 13:08:41,244 | INFO | [t=1430] VLA chunk prompt=open the middle drawer
2026-09-18 13:08:41,623 | INFO | [t=1440] VLA chunk prompt=open the middle drawer
2026-09-18 13:08:42,002 | INFO | [t=1450] VLA chunk prompt=open the middle drawer
2026-09-18 13:08:42,379 | INFO | [t=1460] VLA chunk prompt=open the middle drawer
2026-09-18 13:08:42,756 | INFO | [t=1470] VLA chunk prompt=open the middle drawer
2026-09-18 13:08:43,140 | INFO | [t=1480] VLA chunk prompt=open the middle drawer
2026-09-18 13:08:43,521 | INFO | [t=1490] VLA chunk prompt=open the middle drawer
2026-09-18 13:08:43,897 | INFO | [t=1500] VLA chunk prompt=open the middle drawer
2026-09-18 13:08:44,281 | INFO | [t=1510] VLA chunk prompt=open the middle drawer
2026-09-18 13:08:44,663 | INFO | [t=1520] VLA chunk prompt=open the middle drawer
2026-09-18 13:08:45,044 | INFO | [t=1530] VLA chunk prompt=open the middle drawer
2026-09-18 13:08:45,423 | INFO | [t=1540] VLA chunk prompt=open the middle drawer
2026-09-18 13:08:45,818 | INFO | [t=1550] VLA chunk prompt=open the middle drawer
2026-09-18 13:08:46,201 | INFO | [t=1560] VLA chunk prompt=open the middle drawer
2026-09-18 13:08:46,574 | INFO | [t=1570] VLA chunk prompt=open the middle drawer
2026-09-18 13:08:46,949 | INFO | [t=1580] VLA chunk prompt=open the middle drawer
2026-09-18 13:08:47,323 | INFO | [t=1590] VLA chunk prompt=open the middle drawer
2026-09-18 13:08:47,690 | INFO | [t=1600] VLA chunk prompt=open the middle drawer
2026-09-18 13:08:48,055 | INFO | [t=1610] VLA chunk prompt=open the middle drawer
2026-09-18 13:08:48,417 | INFO | [t=1620] VLA chunk prompt=open the middle drawer
2026-09-18 13:08:48,778 | INFO | [t=1630] VLA chunk prompt=open the middle drawer
2026-09-18 13:08:49,139 | INFO | [t=1640] VLA chunk prompt=open the middle drawer
2026-09-18 13:08:49,499 | INFO | [t=1650] VLA chunk prompt=open the middle drawer
2026-09-18 13:08:49,861 | INFO | [t=1660] VLA chunk prompt=open the middle drawer
2026-09-18 13:08:50,229 | INFO | [t=1670] VLA chunk prompt=open the middle drawer
2026-09-18 13:08:50,597 | INFO | [t=1680] VLA chunk prompt=open the middle drawer
2026-09-18 13:08:50,969 | INFO | [t=1690] VLA chunk prompt=open the middle drawer
2026-09-18 13:08:51,348 | INFO | [t=1700] VLA chunk prompt=open the middle drawer
2026-09-18 13:08:51,723 | INFO | [t=1710] VLA chunk prompt=open the middle drawer
2026-09-18 13:08:52,113 | INFO | [t=1720] VLA chunk prompt=open the middle drawer
2026-09-18 13:08:52,486 | INFO | [t=1730] VLA chunk prompt=open the middle drawer
2026-09-18 13:08:52,860 | INFO | [t=1740] VLA chunk prompt=open the middle drawer
2026-09-18 13:08:53,231 | INFO | [t=1750] VLA chunk prompt=open the middle drawer
2026-09-18 13:08:53,596 | INFO | [t=1760] VLA chunk prompt=open the middle drawer
2026-09-18 13:08:54,162 | INFO | [t=1770] VLA chunk prompt=open the middle drawer
2026-09-18 13:08:54,527 | INFO | [t=1780] VLA chunk prompt=open the middle drawer
2026-09-18 13:08:54,903 | INFO | [t=1790] VLA chunk prompt=open the middle drawer
2026-09-18 13:08:55,277 | INFO | [t=1800] VLA chunk prompt=open the middle drawer
2026-09-18 13:08:55,684 | INFO | [t=1810] VLA chunk prompt=open the middle drawer
2026-09-18 13:08:56,055 | INFO | [t=1820] VLA chunk prompt=open the middle drawer
2026-09-18 13:08:56,422 | INFO | [t=1830] VLA chunk prompt=open the middle drawer
2026-09-18 13:08:56,788 | INFO | [t=1840] VLA chunk prompt=open the middle drawer
2026-09-18 13:08:57,153 | INFO | [t=1850] VLA chunk prompt=open the middle drawer
2026-09-18 13:08:57,514 | INFO | [t=1860] VLA chunk prompt=open the middle drawer
2026-09-18 13:08:57,871 | INFO | [t=1870] VLA chunk prompt=open the middle drawer
2026-09-18 13:08:58,276 | INFO | [t=1880] VLA chunk prompt=open the middle drawer
2026-09-18 13:08:58,671 | INFO | [t=1890] VLA chunk prompt=open the middle drawer
2026-09-18 13:08:59,030 | INFO | [t=1900] VLA chunk prompt=open the middle drawer
2026-09-18 13:08:59,394 | INFO | [t=1910] VLA chunk prompt=open the middle drawer
2026-09-18 13:08:59,762 | INFO | [t=1920] VLA chunk prompt=open the middle drawer
2026-09-18 13:09:00,134 | INFO | [t=1930] VLA chunk prompt=open the middle drawer
2026-09-18 13:09:00,508 | INFO | [t=1940] VLA chunk prompt=open the middle drawer
2026-09-18 13:09:00,884 | INFO | [t=1950] VLA chunk prompt=open the middle drawer
2026-09-18 13:09:01,256 | INFO | [t=1960] VLA chunk prompt=open the middle drawer
2026-09-18 13:09:01,487 | INFO | API VLM @t=1130 task=5 subtask=open the middle drawer keyframes=[]
2026-09-18 13:09:01,627 | INFO | [t=1970] VLA chunk prompt=open the middle drawer
2026-09-18 13:09:01,991 | INFO | [t=1980] VLA chunk prompt=open the middle drawer
2026-09-18 13:09:02,652 | INFO | [t=1990] VLA chunk prompt=open the middle drawer
2026-09-18 13:09:03,243 | INFO | [t=2000] VLA chunk prompt=open the middle drawer
2026-09-18 13:09:03,603 | INFO | [t=2010] VLA chunk prompt=open the middle drawer
2026-09-18 13:09:03,962 | INFO | [t=2020] VLA chunk prompt=open the middle drawer
2026-09-18 13:09:04,320 | INFO | [t=2030] VLA chunk prompt=open the middle drawer
2026-09-18 13:09:04,685 | INFO | [t=2040] VLA chunk prompt=open the middle drawer
2026-09-18 13:09:05,049 | INFO | [t=2050] VLA chunk prompt=open the middle drawer
2026-09-18 13:09:05,413 | INFO | [t=2060] VLA chunk prompt=open the middle drawer
2026-09-18 13:09:05,944 | INFO | [t=2070] VLA chunk prompt=open the middle drawer
2026-09-18 13:09:06,311 | INFO | [t=2080] VLA chunk prompt=open the middle drawer
2026-09-18 13:09:06,772 | INFO | [t=2090] VLA chunk prompt=open the middle drawer
2026-09-18 13:09:07,150 | INFO | [t=2100] VLA chunk prompt=open the middle drawer
2026-09-18 13:09:07,529 | INFO | [t=2110] VLA chunk prompt=open the middle drawer
2026-09-18 13:09:07,920 | INFO | [t=2120] VLA chunk prompt=open the middle drawer
2026-09-18 13:09:08,295 | INFO | [t=2130] VLA chunk prompt=open the middle drawer
2026-09-18 13:09:08,669 | INFO | [t=2140] VLA chunk prompt=open the middle drawer
2026-09-18 13:09:09,040 | INFO | [t=2150] VLA chunk prompt=open the middle drawer
2026-09-18 13:09:09,410 | INFO | [t=2160] VLA chunk prompt=open the middle drawer
2026-09-18 13:09:09,787 | INFO | [t=2170] VLA chunk prompt=open the middle drawer
2026-09-18 13:09:10,162 | INFO | [t=2180] VLA chunk prompt=open the middle drawer
2026-09-18 13:09:10,540 | INFO | [t=2190] VLA chunk prompt=open the middle drawer
2026-09-18 13:09:10,917 | INFO | [t=2200] VLA chunk prompt=open the middle drawer
2026-09-18 13:09:11,290 | INFO | [t=2210] VLA chunk prompt=open the middle drawer
2026-09-18 13:09:11,658 | INFO | [t=2220] VLA chunk prompt=open the middle drawer
2026-09-18 13:09:12,025 | INFO | [t=2230] VLA chunk prompt=open the middle drawer
2026-09-18 13:09:12,385 | INFO | [t=2240] VLA chunk prompt=open the middle drawer
2026-09-18 13:09:12,747 | INFO | [t=2250] VLA chunk prompt=open the middle drawer
2026-09-18 13:09:13,107 | INFO | [t=2260] VLA chunk prompt=open the middle drawer
2026-09-18 13:09:13,469 | INFO | [t=2270] VLA chunk prompt=open the middle drawer
2026-09-18 13:09:13,829 | INFO | [t=2280] VLA chunk prompt=open the middle drawer
2026-09-18 13:09:14,198 | INFO | [t=2290] VLA chunk prompt=open the middle drawer
2026-09-18 13:09:14,568 | INFO | [t=2300] VLA chunk prompt=open the middle drawer
2026-09-18 13:09:14,945 | INFO | [t=2310] VLA chunk prompt=open the middle drawer
2026-09-18 13:09:15,323 | INFO | [t=2320] VLA chunk prompt=open the middle drawer
2026-09-18 13:09:15,694 | INFO | [t=2330] VLA chunk prompt=open the middle drawer
2026-09-18 13:09:16,072 | INFO | [t=2340] VLA chunk prompt=open the middle drawer
2026-09-18 13:09:16,469 | INFO | [t=2350] VLA chunk prompt=open the middle drawer
2026-09-18 13:09:16,846 | INFO | [t=2360] VLA chunk prompt=open the middle drawer
2026-09-18 13:09:17,216 | INFO | [t=2370] VLA chunk prompt=open the middle drawer
2026-09-18 13:09:17,594 | INFO | [t=2380] VLA chunk prompt=open the middle drawer
2026-09-18 13:09:17,975 | INFO | [t=2390] VLA chunk prompt=open the middle drawer
2026-09-18 13:09:18,363 | INFO | [t=2400] VLA chunk prompt=open the middle drawer
2026-09-18 13:09:18,751 | INFO | [t=2410] VLA chunk prompt=open the middle drawer
2026-09-18 13:09:19,130 | INFO | [t=2420] VLA chunk prompt=open the middle drawer
2026-09-18 13:09:19,530 | INFO | [t=2430] VLA chunk prompt=open the middle drawer
2026-09-18 13:09:19,906 | INFO | [t=2440] VLA chunk prompt=open the middle drawer
2026-09-18 13:09:20,280 | INFO | [t=2450] VLA chunk prompt=open the middle drawer
2026-09-18 13:09:20,654 | INFO | [t=2460] VLA chunk prompt=open the middle drawer
2026-09-18 13:09:21,028 | INFO | [t=2470] VLA chunk prompt=open the middle drawer
2026-09-18 13:09:21,398 | INFO | [t=2480] VLA chunk prompt=open the middle drawer
2026-09-18 13:09:21,771 | INFO | [t=2490] VLA chunk prompt=open the middle drawer
2026-09-18 13:09:22,145 | INFO | [t=2500] VLA chunk prompt=open the middle drawer
2026-09-18 13:09:25,547 | INFO | attempt=1 stage_score=25.0 stage_success=False failure_reason=incomplete_stage
2026-09-18 13:09:25,552 | INFO | Episode 7 seed=107 stage_score=50.0 stage_success=0 goal=0.500 failure_reason=incomplete_stage | 01_Open_Top_Drawer=Y | 02_Close_Top_Drawer=Y | 03_Open_Middle_Drawer=Y | 04_Close_Middle_Drawer=Y | 05_Open_Bottom_Drawer=N | 06_Close_Bottom_Drawer=N | 07_Open_Middle_Drawer_Again=N | 08_Put_Butter_Middle_Drawer=N | 09_Close_Middle_Drawer_Final=N
