2026-09-26 20:01:43,630 | INFO | task_id=22 bddl=/project/peilab/why/RoboMemArena/bddl/22_pour_tomato_cookies_microwave.bddl vlm_ckpt=/project/peilab/why/RoboMemArena/checkpoints/PrediMem/vlm_tasks1to26_ckpt74500
2026-09-26 20:01:45,195 | INFO | API VLM @t=2450 task=22 subtask=Pick up the cookies and place them inside the open microwave. keyframes=[]
2026-09-26 20:01:45,221 | INFO | async VLM enabled: single-slot subtask buffer
2026-09-26 20:01:45,448 | INFO | [t=10] VLA chunk prompt=Pour tomato sauce over cookies twice, then put the cookies into the microwave.
2026-09-26 20:01:45,690 | INFO | [t=20] VLA chunk prompt=Pour tomato sauce over cookies twice, then put the cookies into the microwave.
2026-09-26 20:01:45,932 | INFO | [t=30] VLA chunk prompt=Pour tomato sauce over cookies twice, then put the cookies into the microwave.
2026-09-26 20:01:46,166 | INFO | [t=40] VLA chunk prompt=Pour tomato sauce over cookies twice, then put the cookies into the microwave.
2026-09-26 20:01:46,400 | INFO | [t=50] VLA chunk prompt=Pour tomato sauce over cookies twice, then put the cookies into the microwave.
2026-09-26 20:01:46,635 | INFO | [t=60] VLA chunk prompt=Pour tomato sauce over cookies twice, then put the cookies into the microwave.
2026-09-26 20:01:46,868 | INFO | [t=70] VLA chunk prompt=Pour tomato sauce over cookies twice, then put the cookies into the microwave.
2026-09-26 20:01:47,106 | INFO | [t=80] VLA chunk prompt=Pour tomato sauce over cookies twice, then put the cookies into the microwave.
2026-09-26 20:01:47,341 | INFO | [t=90] VLA chunk prompt=Pour tomato sauce over cookies twice, then put the cookies into the microwave.
2026-09-26 20:01:47,577 | INFO | [t=100] VLA chunk prompt=Pour tomato sauce over cookies twice, then put the cookies into the microwave.
2026-09-26 20:01:47,812 | INFO | [t=110] VLA chunk prompt=Pour tomato sauce over cookies twice, then put the cookies into the microwave.
2026-09-26 20:01:48,053 | INFO | [t=120] VLA chunk prompt=Pour tomato sauce over cookies twice, then put the cookies into the microwave.
2026-09-26 20:01:48,294 | INFO | [t=130] VLA chunk prompt=Pour tomato sauce over cookies twice, then put the cookies into the microwave.
2026-09-26 20:01:48,313 | INFO | [t=131] stage done: 01_Lift_Tomato_Sauce
2026-09-26 20:01:48,533 | INFO | [t=140] VLA chunk prompt=Pour tomato sauce over cookies twice, then put the cookies into the microwave.
2026-09-26 20:01:48,796 | INFO | [t=150] VLA chunk prompt=Pour tomato sauce over cookies twice, then put the cookies into the microwave.
2026-09-26 20:01:49,066 | INFO | [t=160] VLA chunk prompt=Pour tomato sauce over cookies twice, then put the cookies into the microwave.
2026-09-26 20:01:49,340 | INFO | [t=170] VLA chunk prompt=Pour tomato sauce over cookies twice, then put the cookies into the microwave.
2026-09-26 20:01:49,616 | INFO | [t=180] VLA chunk prompt=Pour tomato sauce over cookies twice, then put the cookies into the microwave.
2026-09-26 20:01:49,900 | INFO | [t=190] VLA chunk prompt=Pour tomato sauce over cookies twice, then put the cookies into the microwave.
2026-09-26 20:01:50,185 | INFO | [t=200] VLA chunk prompt=Pour tomato sauce over cookies twice, then put the cookies into the microwave.
2026-09-26 20:01:50,473 | INFO | [t=210] VLA chunk prompt=Pour tomato sauce over cookies twice, then put the cookies into the microwave.
2026-09-26 20:01:50,763 | INFO | [t=220] VLA chunk prompt=Pour tomato sauce over cookies twice, then put the cookies into the microwave.
2026-09-26 20:01:51,056 | INFO | [t=230] VLA chunk prompt=Pour tomato sauce over cookies twice, then put the cookies into the microwave.
2026-09-26 20:01:51,354 | INFO | [t=240] VLA chunk prompt=Pour tomato sauce over cookies twice, then put the cookies into the microwave.
2026-09-26 20:01:51,380 | INFO | [t=241] stage done: 02_Pour_One
2026-09-26 20:01:51,659 | INFO | [t=250] VLA chunk prompt=Pour tomato sauce over cookies twice, then put the cookies into the microwave.
2026-09-26 20:01:51,976 | INFO | [t=260] VLA chunk prompt=Pour tomato sauce over cookies twice, then put the cookies into the microwave.
2026-09-26 20:01:52,291 | INFO | [t=270] VLA chunk prompt=Pour tomato sauce over cookies twice, then put the cookies into the microwave.
2026-09-26 20:01:52,583 | INFO | API VLM @t=0 task=22 subtask=Reach for and grasp the tomato sauce bottle to begin the first pour over the cookies. keyframes=[]
2026-09-26 20:01:52,606 | INFO | [t=280] VLA chunk prompt=Pour tomato sauce over cookies twice, then put the cookies into the microwave.
2026-09-26 20:01:52,872 | INFO | [t=290] VLM prompt update from step=0: Reach for and grasp the tomato sauce bottle to begin the first pour over the cookies.
2026-09-26 20:01:52,922 | INFO | [t=290] VLA chunk prompt=Reach for and grasp the tomato sauce bottle to begin the first pour over the cookies.
2026-09-26 20:01:53,241 | INFO | [t=300] VLA chunk prompt=Reach for and grasp the tomato sauce bottle to begin the first pour over the cookies.
2026-09-26 20:01:53,561 | INFO | [t=310] VLA chunk prompt=Reach for and grasp the tomato sauce bottle to begin the first pour over the cookies.
2026-09-26 20:01:53,882 | INFO | [t=320] VLA chunk prompt=Reach for and grasp the tomato sauce bottle to begin the first pour over the cookies.
2026-09-26 20:01:54,207 | INFO | [t=330] VLA chunk prompt=Reach for and grasp the tomato sauce bottle to begin the first pour over the cookies.
2026-09-26 20:01:54,542 | INFO | [t=340] VLA chunk prompt=Reach for and grasp the tomato sauce bottle to begin the first pour over the cookies.
2026-09-26 20:01:54,868 | INFO | [t=350] VLA chunk prompt=Reach for and grasp the tomato sauce bottle to begin the first pour over the cookies.
2026-09-26 20:01:55,188 | INFO | [t=360] VLA chunk prompt=Reach for and grasp the tomato sauce bottle to begin the first pour over the cookies.
2026-09-26 20:01:55,510 | INFO | [t=370] VLA chunk prompt=Reach for and grasp the tomato sauce bottle to begin the first pour over the cookies.
2026-09-26 20:01:55,830 | INFO | [t=380] VLA chunk prompt=Reach for and grasp the tomato sauce bottle to begin the first pour over the cookies.
2026-09-26 20:01:56,153 | INFO | [t=390] VLA chunk prompt=Reach for and grasp the tomato sauce bottle to begin the first pour over the cookies.
2026-09-26 20:01:56,472 | INFO | [t=400] VLA chunk prompt=Reach for and grasp the tomato sauce bottle to begin the first pour over the cookies.
2026-09-26 20:01:56,790 | INFO | [t=410] VLA chunk prompt=Reach for and grasp the tomato sauce bottle to begin the first pour over the cookies.
2026-09-26 20:01:57,115 | INFO | [t=420] VLA chunk prompt=Reach for and grasp the tomato sauce bottle to begin the first pour over the cookies.
2026-09-26 20:01:57,433 | INFO | [t=430] VLA chunk prompt=Reach for and grasp the tomato sauce bottle to begin the first pour over the cookies.
2026-09-26 20:01:57,752 | INFO | [t=440] VLA chunk prompt=Reach for and grasp the tomato sauce bottle to begin the first pour over the cookies.
2026-09-26 20:01:58,070 | INFO | [t=450] VLA chunk prompt=Reach for and grasp the tomato sauce bottle to begin the first pour over the cookies.
2026-09-26 20:01:58,392 | INFO | [t=460] VLA chunk prompt=Reach for and grasp the tomato sauce bottle to begin the first pour over the cookies.
2026-09-26 20:01:58,711 | INFO | [t=470] VLA chunk prompt=Reach for and grasp the tomato sauce bottle to begin the first pour over the cookies.
2026-09-26 20:01:59,026 | INFO | [t=480] VLA chunk prompt=Reach for and grasp the tomato sauce bottle to begin the first pour over the cookies.
2026-09-26 20:01:59,339 | INFO | [t=490] VLA chunk prompt=Reach for and grasp the tomato sauce bottle to begin the first pour over the cookies.
2026-09-26 20:01:59,654 | INFO | [t=500] VLA chunk prompt=Reach for and grasp the tomato sauce bottle to begin the first pour over the cookies.
2026-09-26 20:01:59,966 | INFO | [t=510] VLA chunk prompt=Reach for and grasp the tomato sauce bottle to begin the first pour over the cookies.
2026-09-26 20:02:00,307 | INFO | [t=520] VLA chunk prompt=Reach for and grasp the tomato sauce bottle to begin the first pour over the cookies.
2026-09-26 20:02:00,611 | INFO | [t=530] VLA chunk prompt=Reach for and grasp the tomato sauce bottle to begin the first pour over the cookies.
2026-09-26 20:02:00,621 | INFO | API VLM @t=270 task=22 subtask=Pour tomato sauce over the cookies keyframes=[]
2026-09-26 20:02:00,870 | INFO | [t=540] VLM prompt update from step=270: Pour tomato sauce over the cookies
2026-09-26 20:02:00,920 | INFO | [t=540] VLA chunk prompt=Pour tomato sauce over the cookies
2026-09-26 20:02:01,231 | INFO | [t=550] VLA chunk prompt=Pour tomato sauce over the cookies
2026-09-26 20:02:01,546 | INFO | [t=560] VLA chunk prompt=Pour tomato sauce over the cookies
2026-09-26 20:02:01,862 | INFO | [t=570] VLA chunk prompt=Pour tomato sauce over the cookies
2026-09-26 20:02:02,181 | INFO | [t=580] VLA chunk prompt=Pour tomato sauce over the cookies
2026-09-26 20:02:02,502 | INFO | [t=590] VLA chunk prompt=Pour tomato sauce over the cookies
2026-09-26 20:02:02,821 | INFO | [t=600] VLA chunk prompt=Pour tomato sauce over the cookies
2026-09-26 20:02:03,140 | INFO | [t=610] VLA chunk prompt=Pour tomato sauce over the cookies
2026-09-26 20:02:03,457 | INFO | [t=620] VLA chunk prompt=Pour tomato sauce over the cookies
2026-09-26 20:02:03,776 | INFO | [t=630] VLA chunk prompt=Pour tomato sauce over the cookies
2026-09-26 20:02:04,101 | INFO | [t=640] VLA chunk prompt=Pour tomato sauce over the cookies
2026-09-26 20:02:04,421 | INFO | [t=650] VLA chunk prompt=Pour tomato sauce over the cookies
2026-09-26 20:02:04,737 | INFO | [t=660] VLA chunk prompt=Pour tomato sauce over the cookies
2026-09-26 20:02:05,051 | INFO | [t=670] VLA chunk prompt=Pour tomato sauce over the cookies
2026-09-26 20:02:05,370 | INFO | [t=680] VLA chunk prompt=Pour tomato sauce over the cookies
2026-09-26 20:02:05,692 | INFO | [t=690] VLA chunk prompt=Pour tomato sauce over the cookies
2026-09-26 20:02:06,009 | INFO | [t=700] VLA chunk prompt=Pour tomato sauce over the cookies
2026-09-26 20:02:06,323 | INFO | [t=710] VLA chunk prompt=Pour tomato sauce over the cookies
2026-09-26 20:02:06,638 | INFO | [t=720] VLA chunk prompt=Pour tomato sauce over the cookies
2026-09-26 20:02:06,955 | INFO | [t=730] VLA chunk prompt=Pour tomato sauce over the cookies
2026-09-26 20:02:07,273 | INFO | [t=740] VLA chunk prompt=Pour tomato sauce over the cookies
2026-09-26 20:02:07,578 | INFO | [t=750] VLA chunk prompt=Pour tomato sauce over the cookies
2026-09-26 20:02:07,883 | INFO | [t=760] VLA chunk prompt=Pour tomato sauce over the cookies
2026-09-26 20:02:08,189 | INFO | [t=770] VLA chunk prompt=Pour tomato sauce over the cookies
2026-09-26 20:02:08,499 | INFO | [t=780] VLA chunk prompt=Pour tomato sauce over the cookies
2026-09-26 20:02:08,806 | INFO | [t=790] VLA chunk prompt=Pour tomato sauce over the cookies
2026-09-26 20:02:09,113 | INFO | [t=800] VLA chunk prompt=Pour tomato sauce over the cookies
2026-09-26 20:02:09,423 | INFO | [t=810] VLA chunk prompt=Pour tomato sauce over the cookies
2026-09-26 20:02:09,738 | INFO | [t=820] VLA chunk prompt=Pour tomato sauce over the cookies
2026-09-26 20:02:10,054 | INFO | [t=830] VLA chunk prompt=Pour tomato sauce over the cookies
2026-09-26 20:02:10,368 | INFO | [t=840] VLA chunk prompt=Pour tomato sauce over the cookies
2026-09-26 20:02:10,454 | INFO | API VLM @t=520 task=22 subtask=open the microwave keyframes=[]
2026-09-26 20:02:10,636 | INFO | [t=850] VLM prompt update from step=520: open the microwave
2026-09-26 20:02:10,686 | INFO | [t=850] VLA chunk prompt=open the microwave
2026-09-26 20:02:10,999 | INFO | [t=860] VLA chunk prompt=open the microwave
2026-09-26 20:02:11,312 | INFO | [t=870] VLA chunk prompt=open the microwave
2026-09-26 20:02:11,626 | INFO | [t=880] VLA chunk prompt=open the microwave
2026-09-26 20:02:11,935 | INFO | [t=890] VLA chunk prompt=open the microwave
2026-09-26 20:02:12,245 | INFO | [t=900] VLA chunk prompt=open the microwave
2026-09-26 20:02:12,557 | INFO | [t=910] VLA chunk prompt=open the microwave
2026-09-26 20:02:12,869 | INFO | [t=920] VLA chunk prompt=open the microwave
2026-09-26 20:02:13,181 | INFO | [t=930] VLA chunk prompt=open the microwave
2026-09-26 20:02:13,492 | INFO | [t=940] VLA chunk prompt=open the microwave
2026-09-26 20:02:13,802 | INFO | [t=950] VLA chunk prompt=open the microwave
2026-09-26 20:02:14,111 | INFO | [t=960] VLA chunk prompt=open the microwave
2026-09-26 20:02:14,421 | INFO | [t=970] VLA chunk prompt=open the microwave
2026-09-26 20:02:14,732 | INFO | [t=980] VLA chunk prompt=open the microwave
2026-09-26 20:02:15,045 | INFO | [t=990] VLA chunk prompt=open the microwave
2026-09-26 20:02:15,355 | INFO | [t=1000] VLA chunk prompt=open the microwave
2026-09-26 20:02:15,667 | INFO | [t=1010] VLA chunk prompt=open the microwave
2026-09-26 20:02:15,993 | INFO | [t=1020] VLA chunk prompt=open the microwave
2026-09-26 20:02:16,314 | INFO | [t=1030] VLA chunk prompt=open the microwave
2026-09-26 20:02:16,631 | INFO | [t=1040] VLA chunk prompt=open the microwave
2026-09-26 20:02:16,948 | INFO | [t=1050] VLA chunk prompt=open the microwave
2026-09-26 20:02:17,263 | INFO | [t=1060] VLA chunk prompt=open the microwave
2026-09-26 20:02:17,582 | INFO | [t=1070] VLA chunk prompt=open the microwave
2026-09-26 20:02:17,903 | INFO | [t=1080] VLA chunk prompt=open the microwave
2026-09-26 20:02:18,221 | INFO | [t=1090] VLA chunk prompt=open the microwave
2026-09-26 20:02:18,538 | INFO | [t=1100] VLA chunk prompt=open the microwave
2026-09-26 20:02:18,856 | INFO | [t=1110] VLA chunk prompt=open the microwave
2026-09-26 20:02:19,175 | INFO | [t=1120] VLA chunk prompt=open the microwave
2026-09-26 20:02:19,496 | INFO | [t=1130] VLA chunk prompt=open the microwave
2026-09-26 20:02:19,817 | INFO | [t=1140] VLA chunk prompt=open the microwave
2026-09-26 20:02:20,142 | INFO | [t=1150] VLA chunk prompt=open the microwave
2026-09-26 20:02:20,390 | INFO | API VLM @t=830 task=22 subtask=Reach for the tomato sauce bottle to grasp it for pouring. keyframes=[]
2026-09-26 20:02:20,421 | INFO | [t=1160] VLM prompt update from step=830: Reach for the tomato sauce bottle to grasp it for pouring.
2026-09-26 20:02:20,473 | INFO | [t=1160] VLA chunk prompt=Reach for the tomato sauce bottle to grasp it for pouring.
2026-09-26 20:02:20,793 | INFO | [t=1170] VLA chunk prompt=Reach for the tomato sauce bottle to grasp it for pouring.
2026-09-26 20:02:21,110 | INFO | [t=1180] VLA chunk prompt=Reach for the tomato sauce bottle to grasp it for pouring.
2026-09-26 20:02:21,424 | INFO | [t=1190] VLA chunk prompt=Reach for the tomato sauce bottle to grasp it for pouring.
2026-09-26 20:02:21,740 | INFO | [t=1200] VLA chunk prompt=Reach for the tomato sauce bottle to grasp it for pouring.
2026-09-26 20:02:22,055 | INFO | [t=1210] VLA chunk prompt=Reach for the tomato sauce bottle to grasp it for pouring.
2026-09-26 20:02:22,372 | INFO | [t=1220] VLA chunk prompt=Reach for the tomato sauce bottle to grasp it for pouring.
2026-09-26 20:02:22,689 | INFO | [t=1230] VLA chunk prompt=Reach for the tomato sauce bottle to grasp it for pouring.
2026-09-26 20:02:23,006 | INFO | [t=1240] VLA chunk prompt=Reach for the tomato sauce bottle to grasp it for pouring.
2026-09-26 20:02:23,325 | INFO | [t=1250] VLA chunk prompt=Reach for the tomato sauce bottle to grasp it for pouring.
2026-09-26 20:02:23,635 | INFO | [t=1260] VLA chunk prompt=Reach for the tomato sauce bottle to grasp it for pouring.
2026-09-26 20:02:23,944 | INFO | [t=1270] VLA chunk prompt=Reach for the tomato sauce bottle to grasp it for pouring.
2026-09-26 20:02:24,252 | INFO | [t=1280] VLA chunk prompt=Reach for the tomato sauce bottle to grasp it for pouring.
2026-09-26 20:02:24,561 | INFO | [t=1290] VLA chunk prompt=Reach for the tomato sauce bottle to grasp it for pouring.
2026-09-26 20:02:24,868 | INFO | [t=1300] VLA chunk prompt=Reach for the tomato sauce bottle to grasp it for pouring.
2026-09-26 20:02:25,178 | INFO | [t=1310] VLA chunk prompt=Reach for the tomato sauce bottle to grasp it for pouring.
2026-09-26 20:02:25,488 | INFO | [t=1320] VLA chunk prompt=Reach for the tomato sauce bottle to grasp it for pouring.
2026-09-26 20:02:25,799 | INFO | [t=1330] VLA chunk prompt=Reach for the tomato sauce bottle to grasp it for pouring.
2026-09-26 20:02:26,112 | INFO | [t=1340] VLA chunk prompt=Reach for the tomato sauce bottle to grasp it for pouring.
2026-09-26 20:02:26,427 | INFO | [t=1350] VLA chunk prompt=Reach for the tomato sauce bottle to grasp it for pouring.
2026-09-26 20:02:26,740 | INFO | [t=1360] VLA chunk prompt=Reach for the tomato sauce bottle to grasp it for pouring.
2026-09-26 20:02:27,064 | INFO | [t=1370] VLA chunk prompt=Reach for the tomato sauce bottle to grasp it for pouring.
2026-09-26 20:02:27,252 | INFO | API VLM @t=1145 task=22 subtask=Move the sauce bottle aside after completing the second pour. keyframes=[]
2026-09-26 20:02:27,335 | INFO | [t=1380] VLM prompt update from step=1145: Move the sauce bottle aside after completing the second pour.
2026-09-26 20:02:27,385 | INFO | [t=1380] VLA chunk prompt=Move the sauce bottle aside after completing the second pour.
2026-09-26 20:02:27,700 | INFO | [t=1390] VLA chunk prompt=Move the sauce bottle aside after completing the second pour.
2026-09-26 20:02:28,013 | INFO | [t=1400] VLA chunk prompt=Move the sauce bottle aside after completing the second pour.
2026-09-26 20:02:28,324 | INFO | [t=1410] VLA chunk prompt=Move the sauce bottle aside after completing the second pour.
2026-09-26 20:02:28,633 | INFO | [t=1420] VLA chunk prompt=Move the sauce bottle aside after completing the second pour.
2026-09-26 20:02:28,945 | INFO | [t=1430] VLA chunk prompt=Move the sauce bottle aside after completing the second pour.
2026-09-26 20:02:29,256 | INFO | [t=1440] VLA chunk prompt=Move the sauce bottle aside after completing the second pour.
2026-09-26 20:02:29,567 | INFO | [t=1450] VLA chunk prompt=Move the sauce bottle aside after completing the second pour.
2026-09-26 20:02:29,877 | INFO | [t=1460] VLA chunk prompt=Move the sauce bottle aside after completing the second pour.
2026-09-26 20:02:30,189 | INFO | [t=1470] VLA chunk prompt=Move the sauce bottle aside after completing the second pour.
2026-09-26 20:02:30,500 | INFO | [t=1480] VLA chunk prompt=Move the sauce bottle aside after completing the second pour.
2026-09-26 20:02:30,811 | INFO | [t=1490] VLA chunk prompt=Move the sauce bottle aside after completing the second pour.
2026-09-26 20:02:31,123 | INFO | [t=1500] VLA chunk prompt=Move the sauce bottle aside after completing the second pour.
2026-09-26 20:02:31,436 | INFO | [t=1510] VLA chunk prompt=Move the sauce bottle aside after completing the second pour.
2026-09-26 20:02:31,751 | INFO | [t=1520] VLA chunk prompt=Move the sauce bottle aside after completing the second pour.
2026-09-26 20:02:32,063 | INFO | [t=1530] VLA chunk prompt=Move the sauce bottle aside after completing the second pour.
2026-09-26 20:02:32,376 | INFO | [t=1540] VLA chunk prompt=Move the sauce bottle aside after completing the second pour.
2026-09-26 20:02:32,688 | INFO | [t=1550] VLA chunk prompt=Move the sauce bottle aside after completing the second pour.
2026-09-26 20:02:33,002 | INFO | [t=1560] VLA chunk prompt=Move the sauce bottle aside after completing the second pour.
2026-09-26 20:02:33,314 | INFO | [t=1570] VLA chunk prompt=Move the sauce bottle aside after completing the second pour.
2026-09-26 20:02:33,460 | INFO | API VLM @t=1365 task=22 subtask=open the microwave keyframes=[]
2026-09-26 20:02:33,578 | INFO | [t=1580] VLM prompt update from step=1365: open the microwave
2026-09-26 20:02:33,628 | INFO | [t=1580] VLA chunk prompt=open the microwave
2026-09-26 20:02:33,941 | INFO | [t=1590] VLA chunk prompt=open the microwave
2026-09-26 20:02:34,254 | INFO | [t=1600] VLA chunk prompt=open the microwave
2026-09-26 20:02:34,567 | INFO | [t=1610] VLA chunk prompt=open the microwave
2026-09-26 20:02:34,879 | INFO | [t=1620] VLA chunk prompt=open the microwave
2026-09-26 20:02:35,191 | INFO | [t=1630] VLA chunk prompt=open the microwave
2026-09-26 20:02:35,503 | INFO | [t=1640] VLA chunk prompt=open the microwave
2026-09-26 20:02:35,815 | INFO | [t=1650] VLA chunk prompt=open the microwave
2026-09-26 20:02:36,127 | INFO | [t=1660] VLA chunk prompt=open the microwave
2026-09-26 20:02:36,436 | INFO | [t=1670] VLA chunk prompt=open the microwave
2026-09-26 20:02:36,748 | INFO | [t=1680] VLA chunk prompt=open the microwave
2026-09-26 20:02:37,062 | INFO | [t=1690] VLA chunk prompt=open the microwave
2026-09-26 20:02:37,376 | INFO | [t=1700] VLA chunk prompt=open the microwave
2026-09-26 20:02:37,688 | INFO | [t=1710] VLA chunk prompt=open the microwave
2026-09-26 20:02:38,002 | INFO | [t=1720] VLA chunk prompt=open the microwave
2026-09-26 20:02:38,318 | INFO | [t=1730] VLA chunk prompt=open the microwave
2026-09-26 20:02:38,632 | INFO | [t=1740] VLA chunk prompt=open the microwave
2026-09-26 20:02:38,946 | INFO | [t=1750] VLA chunk prompt=open the microwave
2026-09-26 20:02:39,259 | INFO | [t=1760] VLA chunk prompt=open the microwave
2026-09-26 20:02:39,571 | INFO | [t=1770] VLA chunk prompt=open the microwave
2026-09-26 20:02:39,882 | INFO | [t=1780] VLA chunk prompt=open the microwave
2026-09-26 20:02:40,193 | INFO | [t=1790] VLA chunk prompt=open the microwave
2026-09-26 20:02:40,503 | INFO | [t=1800] VLA chunk prompt=open the microwave
2026-09-26 20:02:40,813 | INFO | [t=1810] VLA chunk prompt=open the microwave
2026-09-26 20:02:41,129 | INFO | [t=1820] VLA chunk prompt=open the microwave
2026-09-26 20:02:41,377 | INFO | API VLM @t=1565 task=22 subtask=Place the cookies into the open microwave. keyframes=[]
2026-09-26 20:02:41,392 | INFO | [t=1830] VLM prompt update from step=1565: Place the cookies into the open microwave.
2026-09-26 20:02:41,442 | INFO | [t=1830] VLA chunk prompt=Place the cookies into the open microwave.
2026-09-26 20:02:41,790 | INFO | [t=1840] VLA chunk prompt=Place the cookies into the open microwave.
2026-09-26 20:02:42,123 | INFO | [t=1850] VLA chunk prompt=Place the cookies into the open microwave.
2026-09-26 20:02:42,460 | INFO | [t=1860] VLA chunk prompt=Place the cookies into the open microwave.
2026-09-26 20:02:42,796 | INFO | [t=1870] VLA chunk prompt=Place the cookies into the open microwave.
2026-09-26 20:02:43,134 | INFO | [t=1880] VLA chunk prompt=Place the cookies into the open microwave.
2026-09-26 20:02:43,473 | INFO | [t=1890] VLA chunk prompt=Place the cookies into the open microwave.
2026-09-26 20:02:43,808 | INFO | [t=1900] VLA chunk prompt=Place the cookies into the open microwave.
2026-09-26 20:02:44,140 | INFO | [t=1910] VLA chunk prompt=Place the cookies into the open microwave.
2026-09-26 20:02:44,477 | INFO | [t=1920] VLA chunk prompt=Place the cookies into the open microwave.
2026-09-26 20:02:44,813 | INFO | [t=1930] VLA chunk prompt=Place the cookies into the open microwave.
2026-09-26 20:02:45,137 | INFO | [t=1940] VLA chunk prompt=Place the cookies into the open microwave.
2026-09-26 20:02:45,464 | INFO | [t=1950] VLA chunk prompt=Place the cookies into the open microwave.
2026-09-26 20:02:45,792 | INFO | [t=1960] VLA chunk prompt=Place the cookies into the open microwave.
2026-09-26 20:02:46,114 | INFO | [t=1970] VLA chunk prompt=Place the cookies into the open microwave.
2026-09-26 20:02:46,467 | INFO | [t=1980] VLA chunk prompt=Place the cookies into the open microwave.
2026-09-26 20:02:46,512 | INFO | API VLM @t=1815 task=22 subtask=Pour tomato sauce over the cookies. keyframes=[]
2026-09-26 20:02:46,734 | INFO | [t=1990] VLM prompt update from step=1815: Pour tomato sauce over the cookies.
2026-09-26 20:02:46,785 | INFO | [t=1990] VLA chunk prompt=Pour tomato sauce over the cookies.
2026-09-26 20:02:47,094 | INFO | [t=2000] VLA chunk prompt=Pour tomato sauce over the cookies.
2026-09-26 20:02:47,409 | INFO | [t=2010] VLA chunk prompt=Pour tomato sauce over the cookies.
2026-09-26 20:02:47,717 | INFO | [t=2020] VLA chunk prompt=Pour tomato sauce over the cookies.
2026-09-26 20:02:48,034 | INFO | [t=2030] VLA chunk prompt=Pour tomato sauce over the cookies.
2026-09-26 20:02:48,344 | INFO | [t=2040] VLA chunk prompt=Pour tomato sauce over the cookies.
2026-09-26 20:02:48,652 | INFO | [t=2050] VLA chunk prompt=Pour tomato sauce over the cookies.
2026-09-26 20:02:48,961 | INFO | [t=2060] VLA chunk prompt=Pour tomato sauce over the cookies.
2026-09-26 20:02:49,271 | INFO | [t=2070] VLA chunk prompt=Pour tomato sauce over the cookies.
2026-09-26 20:02:49,581 | INFO | [t=2080] VLA chunk prompt=Pour tomato sauce over the cookies.
2026-09-26 20:02:49,888 | INFO | [t=2090] VLA chunk prompt=Pour tomato sauce over the cookies.
2026-09-26 20:02:50,196 | INFO | [t=2100] VLA chunk prompt=Pour tomato sauce over the cookies.
2026-09-26 20:02:50,504 | INFO | [t=2110] VLA chunk prompt=Pour tomato sauce over the cookies.
2026-09-26 20:02:50,811 | INFO | [t=2120] VLA chunk prompt=Pour tomato sauce over the cookies.
2026-09-26 20:02:51,117 | INFO | [t=2130] VLA chunk prompt=Pour tomato sauce over the cookies.
2026-09-26 20:02:51,426 | INFO | [t=2140] VLA chunk prompt=Pour tomato sauce over the cookies.
2026-09-26 20:02:51,733 | INFO | [t=2150] VLA chunk prompt=Pour tomato sauce over the cookies.
2026-09-26 20:02:52,041 | INFO | [t=2160] VLA chunk prompt=Pour tomato sauce over the cookies.
2026-09-26 20:02:52,348 | INFO | [t=2170] VLA chunk prompt=Pour tomato sauce over the cookies.
2026-09-26 20:02:52,655 | INFO | [t=2180] VLA chunk prompt=Pour tomato sauce over the cookies.
2026-09-26 20:02:52,962 | INFO | [t=2190] VLA chunk prompt=Pour tomato sauce over the cookies.
2026-09-26 20:02:53,267 | INFO | [t=2200] VLA chunk prompt=Pour tomato sauce over the cookies.
2026-09-26 20:02:53,572 | INFO | [t=2210] VLA chunk prompt=Pour tomato sauce over the cookies.
2026-09-26 20:02:53,877 | INFO | [t=2220] VLA chunk prompt=Pour tomato sauce over the cookies.
2026-09-26 20:02:54,182 | INFO | [t=2230] VLA chunk prompt=Pour tomato sauce over the cookies.
2026-09-26 20:02:54,487 | INFO | [t=2240] VLA chunk prompt=Pour tomato sauce over the cookies.
2026-09-26 20:02:54,793 | INFO | [t=2250] VLA chunk prompt=Pour tomato sauce over the cookies.
2026-09-26 20:02:55,100 | INFO | [t=2260] VLA chunk prompt=Pour tomato sauce over the cookies.
2026-09-26 20:02:55,407 | INFO | [t=2270] VLA chunk prompt=Pour tomato sauce over the cookies.
2026-09-26 20:02:55,711 | INFO | [t=2280] VLA chunk prompt=Pour tomato sauce over the cookies.
2026-09-26 20:02:56,015 | INFO | [t=2290] VLA chunk prompt=Pour tomato sauce over the cookies.
2026-09-26 20:02:56,321 | INFO | [t=2300] VLA chunk prompt=Pour tomato sauce over the cookies.
2026-09-26 20:02:56,627 | INFO | [t=2310] VLA chunk prompt=Pour tomato sauce over the cookies.
2026-09-26 20:02:56,933 | INFO | [t=2320] VLA chunk prompt=Pour tomato sauce over the cookies.
2026-09-26 20:02:57,237 | INFO | [t=2330] VLA chunk prompt=Pour tomato sauce over the cookies.
2026-09-26 20:02:57,496 | INFO | API VLM @t=1970 task=22 subtask=Place the sauce bottle aside after the second pour keyframes=[]
2026-09-26 20:02:57,541 | INFO | [t=2340] VLA chunk prompt=Pour tomato sauce over the cookies.
2026-09-26 20:02:57,796 | INFO | [t=2350] VLM prompt update from step=1970: Place the sauce bottle aside after the second pour
2026-09-26 20:02:57,847 | INFO | [t=2350] VLA chunk prompt=Place the sauce bottle aside after the second pour
2026-09-26 20:02:58,154 | INFO | [t=2360] VLA chunk prompt=Place the sauce bottle aside after the second pour
2026-09-26 20:02:58,465 | INFO | [t=2370] VLA chunk prompt=Place the sauce bottle aside after the second pour
2026-09-26 20:02:58,777 | INFO | [t=2380] VLA chunk prompt=Place the sauce bottle aside after the second pour
2026-09-26 20:02:59,087 | INFO | [t=2390] VLA chunk prompt=Place the sauce bottle aside after the second pour
2026-09-26 20:02:59,394 | INFO | [t=2400] VLA chunk prompt=Place the sauce bottle aside after the second pour
2026-09-26 20:02:59,705 | INFO | [t=2410] VLA chunk prompt=Place the sauce bottle aside after the second pour
2026-09-26 20:03:00,019 | INFO | [t=2420] VLA chunk prompt=Place the sauce bottle aside after the second pour
2026-09-26 20:03:00,331 | INFO | [t=2430] VLA chunk prompt=Place the sauce bottle aside after the second pour
2026-09-26 20:03:00,646 | INFO | [t=2440] VLA chunk prompt=Place the sauce bottle aside after the second pour
2026-09-26 20:03:00,967 | INFO | [t=2450] VLA chunk prompt=Place the sauce bottle aside after the second pour
2026-09-26 20:03:01,277 | INFO | [t=2460] VLA chunk prompt=Place the sauce bottle aside after the second pour
2026-09-26 20:03:01,583 | INFO | [t=2470] VLA chunk prompt=Place the sauce bottle aside after the second pour
2026-09-26 20:03:01,888 | INFO | [t=2480] VLA chunk prompt=Place the sauce bottle aside after the second pour
2026-09-26 20:03:02,200 | INFO | [t=2490] VLA chunk prompt=Place the sauce bottle aside after the second pour
2026-09-26 20:03:02,508 | INFO | [t=2500] VLA chunk prompt=Place the sauce bottle aside after the second pour
2026-09-26 20:03:04,829 | INFO | API VLM @t=2330 task=22 subtask=open the microwave keyframes=[]
2026-09-26 20:03:04,847 | INFO | attempt=0 stage_score=66.7 stage_success=False failure_reason=incomplete_stage
2026-09-26 20:03:04,847 | INFO | Episode 3 seed=103 stage_score=66.7 stage_success=0 goal=0.667 failure_reason=incomplete_stage | 01_Lift_Tomato_Sauce=Y | 02_Pour_One=Y | 03_Pour_Two=N
