2026-09-18 12:18:19,457 | INFO | task_id=5 bddl=/project/peilab/why/RoboMemArena/bddl/5_butter_middle_drawer.bddl vlm_ckpt=/project/peilab/why/RoboMemArena/checkpoints/PrediMem/vlm_tasks1to26_ckpt74500
2026-09-18 12:18:21,526 | INFO | async VLM enabled: single-slot subtask buffer
2026-09-18 12:18:21,789 | INFO | [t=10] VLA chunk prompt=Open all drawers in order, remember the empty drawer, then put butter into that empty drawer.
2026-09-18 12:18:22,070 | INFO | [t=20] VLA chunk prompt=Open all drawers in order, remember the empty drawer, then put butter into that empty drawer.
2026-09-18 12:18:22,349 | INFO | [t=30] VLA chunk prompt=Open all drawers in order, remember the empty drawer, then put butter into that empty drawer.
2026-09-18 12:18:22,624 | INFO | [t=40] VLA chunk prompt=Open all drawers in order, remember the empty drawer, then put butter into that empty drawer.
2026-09-18 12:18:22,900 | INFO | [t=50] VLA chunk prompt=Open all drawers in order, remember the empty drawer, then put butter into that empty drawer.
2026-09-18 12:18:23,177 | INFO | [t=60] VLA chunk prompt=Open all drawers in order, remember the empty drawer, then put butter into that empty drawer.
2026-09-18 12:18:23,460 | INFO | [t=70] VLA chunk prompt=Open all drawers in order, remember the empty drawer, then put butter into that empty drawer.
2026-09-18 12:18:23,710 | INFO | [t=80] harness subtask override: open top drawer
2026-09-18 12:18:23,710 | INFO | [t=80] VLM prompt update from step=-1: open top drawer
2026-09-18 12:18:23,710 | INFO | [t=80] harness forced VLM replan after stall (pmh visual retrieve armed)
2026-09-18 12:18:23,761 | INFO | [t=80] VLA chunk prompt=open top drawer
2026-09-18 12:18:24,045 | INFO | [t=90] VLA chunk prompt=open top drawer
2026-09-18 12:18:24,338 | INFO | [t=100] VLA chunk prompt=open top drawer
2026-09-18 12:18:24,648 | INFO | [t=110] VLA chunk prompt=open top drawer
2026-09-18 12:18:24,962 | INFO | [t=120] VLA chunk prompt=open top drawer
2026-09-18 12:18:25,285 | INFO | [t=130] VLA chunk prompt=open top drawer
2026-09-18 12:18:25,609 | INFO | [t=140] VLA chunk prompt=open top drawer
2026-09-18 12:18:25,936 | INFO | [t=150] VLA chunk prompt=open top drawer
2026-09-18 12:18:26,268 | INFO | [t=160] VLA chunk prompt=open top drawer
2026-09-18 12:18:26,607 | INFO | [t=170] VLA chunk prompt=open top drawer
2026-09-18 12:18:26,952 | INFO | [t=180] VLA chunk prompt=open top drawer
2026-09-18 12:18:27,300 | INFO | [t=190] VLA chunk prompt=open top drawer
2026-09-18 12:18:27,656 | INFO | [t=200] VLA chunk prompt=open top drawer
2026-09-18 12:18:27,889 | INFO | API VLM @t=2350 task=5 subtask=open the top drawer keyframes=[]
2026-09-18 12:18:28,015 | INFO | [t=210] VLA chunk prompt=open top drawer
2026-09-18 12:18:28,380 | INFO | [t=220] VLA chunk prompt=open top drawer
2026-09-18 12:18:28,747 | INFO | [t=230] VLA chunk prompt=open top drawer
2026-09-18 12:18:29,117 | INFO | [t=240] VLA chunk prompt=open top drawer
2026-09-18 12:18:29,490 | INFO | [t=250] VLA chunk prompt=open top drawer
2026-09-18 12:18:29,864 | INFO | [t=260] VLA chunk prompt=open top drawer
2026-09-18 12:18:30,240 | INFO | [t=270] VLA chunk prompt=open top drawer
2026-09-18 12:18:30,621 | INFO | [t=280] VLA chunk prompt=open top drawer
2026-09-18 12:18:31,003 | INFO | [t=290] VLA chunk prompt=open top drawer
2026-09-18 12:18:31,394 | INFO | [t=300] VLA chunk prompt=open top drawer
2026-09-18 12:18:31,781 | INFO | [t=310] VLA chunk prompt=open top drawer
2026-09-18 12:18:32,163 | INFO | [t=320] VLA chunk prompt=open top drawer
2026-09-18 12:18:32,543 | INFO | [t=330] VLA chunk prompt=open top drawer
2026-09-18 12:18:32,921 | INFO | [t=340] VLA chunk prompt=open top drawer
2026-09-18 12:18:33,295 | INFO | [t=350] VLA chunk prompt=open top drawer
2026-09-18 12:18:33,670 | INFO | [t=360] VLA chunk prompt=open top drawer
2026-09-18 12:18:34,046 | INFO | [t=370] VLA chunk prompt=open top drawer
2026-09-18 12:18:34,423 | INFO | [t=380] VLA chunk prompt=open top drawer
2026-09-18 12:18:34,805 | INFO | [t=390] VLA chunk prompt=open top drawer
2026-09-18 12:18:35,194 | INFO | [t=400] VLA chunk prompt=open top drawer
2026-09-18 12:18:35,584 | INFO | [t=410] VLA chunk prompt=open top drawer
2026-09-18 12:18:35,971 | INFO | [t=420] VLA chunk prompt=open top drawer
2026-09-18 12:18:36,355 | INFO | [t=430] VLA chunk prompt=open top drawer
2026-09-18 12:18:36,736 | INFO | [t=440] VLA chunk prompt=open top drawer
2026-09-18 12:18:37,118 | INFO | [t=450] VLA chunk prompt=open top drawer
2026-09-18 12:18:37,503 | INFO | [t=460] VLA chunk prompt=open top drawer
2026-09-18 12:18:37,888 | INFO | [t=470] VLA chunk prompt=open top drawer
2026-09-18 12:18:38,276 | INFO | [t=480] VLA chunk prompt=open top drawer
2026-09-18 12:18:38,588 | INFO | API VLM @t=0 task=5 subtask=open the top drawer keyframes=[]
2026-09-18 12:18:38,608 | INFO | [t=490] VLM prompt update from step=0: open the top drawer
2026-09-18 12:18:38,659 | INFO | [t=490] VLA chunk prompt=open the top drawer
2026-09-18 12:18:39,047 | INFO | [t=500] VLA chunk prompt=open the top drawer
2026-09-18 12:18:39,437 | INFO | [t=510] VLA chunk prompt=open the top drawer
2026-09-18 12:18:39,823 | INFO | [t=520] VLA chunk prompt=open the top drawer
2026-09-18 12:18:40,209 | INFO | [t=530] VLA chunk prompt=open the top drawer
2026-09-18 12:18:40,598 | INFO | [t=540] VLA chunk prompt=open the top drawer
2026-09-18 12:18:40,987 | INFO | [t=550] VLA chunk prompt=open the top drawer
2026-09-18 12:18:41,375 | INFO | [t=560] VLA chunk prompt=open the top drawer
2026-09-18 12:18:41,756 | INFO | [t=570] VLA chunk prompt=open the top drawer
2026-09-18 12:18:42,128 | INFO | [t=580] VLA chunk prompt=open the top drawer
2026-09-18 12:18:42,499 | INFO | [t=590] VLA chunk prompt=open the top drawer
2026-09-18 12:18:42,872 | INFO | [t=600] VLA chunk prompt=open the top drawer
2026-09-18 12:18:43,241 | INFO | [t=610] VLA chunk prompt=open the top drawer
2026-09-18 12:18:43,613 | INFO | [t=620] VLA chunk prompt=open the top drawer
2026-09-18 12:18:43,993 | INFO | [t=630] VLA chunk prompt=open the top drawer
2026-09-18 12:18:44,372 | INFO | [t=640] VLA chunk prompt=open the top drawer
2026-09-18 12:18:44,749 | INFO | [t=650] VLA chunk prompt=open the top drawer
2026-09-18 12:18:45,123 | INFO | [t=660] VLA chunk prompt=open the top drawer
2026-09-18 12:18:45,502 | INFO | [t=670] VLA chunk prompt=open the top drawer
2026-09-18 12:18:45,886 | INFO | [t=680] VLA chunk prompt=open the top drawer
2026-09-18 12:18:46,277 | INFO | [t=690] VLA chunk prompt=open the top drawer
2026-09-18 12:18:46,670 | INFO | [t=700] VLA chunk prompt=open the top drawer
2026-09-18 12:18:47,055 | INFO | [t=710] VLA chunk prompt=open the top drawer
2026-09-18 12:18:47,439 | INFO | [t=720] VLA chunk prompt=open the top drawer
2026-09-18 12:18:47,824 | INFO | [t=730] VLA chunk prompt=open the top drawer
2026-09-18 12:18:48,211 | INFO | [t=740] VLA chunk prompt=open the top drawer
2026-09-18 12:18:48,600 | INFO | [t=750] VLA chunk prompt=open the top drawer
2026-09-18 12:18:48,997 | INFO | [t=760] VLA chunk prompt=open the top drawer
2026-09-18 12:18:49,397 | INFO | [t=770] VLA chunk prompt=open the top drawer
2026-09-18 12:18:49,798 | INFO | [t=780] VLA chunk prompt=open the top drawer
2026-09-18 12:18:50,199 | INFO | [t=790] VLA chunk prompt=open the top drawer
2026-09-18 12:18:50,606 | INFO | [t=800] VLA chunk prompt=open the top drawer
2026-09-18 12:18:51,014 | INFO | [t=810] VLA chunk prompt=open the top drawer
2026-09-18 12:18:51,422 | INFO | [t=820] VLA chunk prompt=open the top drawer
2026-09-18 12:18:51,831 | INFO | [t=830] VLA chunk prompt=open the top drawer
2026-09-18 12:18:52,234 | INFO | [t=840] VLA chunk prompt=open the top drawer
2026-09-18 12:18:52,628 | INFO | [t=850] VLA chunk prompt=open the top drawer
2026-09-18 12:18:53,011 | INFO | [t=860] VLA chunk prompt=open the top drawer
2026-09-18 12:18:53,395 | INFO | [t=870] VLA chunk prompt=open the top drawer
2026-09-18 12:18:53,779 | INFO | [t=880] VLA chunk prompt=open the top drawer
2026-09-18 12:18:54,152 | INFO | [t=890] VLA chunk prompt=open the top drawer
2026-09-18 12:18:54,522 | INFO | [t=900] VLA chunk prompt=open the top drawer
2026-09-18 12:18:54,893 | INFO | [t=910] VLA chunk prompt=open the top drawer
2026-09-18 12:18:55,263 | INFO | [t=920] VLA chunk prompt=open the top drawer
2026-09-18 12:18:55,632 | INFO | [t=930] VLA chunk prompt=open the top drawer
2026-09-18 12:18:56,009 | INFO | [t=940] VLA chunk prompt=open the top drawer
2026-09-18 12:18:56,394 | INFO | [t=950] VLA chunk prompt=open the top drawer
2026-09-18 12:18:56,794 | INFO | [t=960] VLA chunk prompt=open the top drawer
2026-09-18 12:18:57,196 | INFO | [t=970] VLA chunk prompt=open the top drawer
2026-09-18 12:18:57,602 | INFO | [t=980] VLA chunk prompt=open the top drawer
2026-09-18 12:18:57,721 | INFO | API VLM @t=475 task=5 subtask=open top drawer keyframes=[]
2026-09-18 12:18:57,946 | INFO | [t=990] VLM prompt update from step=475: open top drawer
2026-09-18 12:18:57,997 | INFO | [t=990] VLA chunk prompt=open top drawer
2026-09-18 12:18:58,387 | INFO | [t=1000] VLA chunk prompt=open top drawer
2026-09-18 12:18:58,769 | INFO | [t=1010] VLA chunk prompt=open top drawer
2026-09-18 12:18:59,144 | INFO | [t=1020] VLA chunk prompt=open top drawer
2026-09-18 12:18:59,515 | INFO | [t=1030] VLA chunk prompt=open top drawer
2026-09-18 12:18:59,878 | INFO | [t=1040] VLA chunk prompt=open top drawer
2026-09-18 12:19:00,238 | INFO | [t=1050] VLA chunk prompt=open top drawer
2026-09-18 12:19:00,600 | INFO | [t=1060] VLA chunk prompt=open top drawer
2026-09-18 12:19:00,961 | INFO | [t=1070] VLA chunk prompt=open top drawer
2026-09-18 12:19:01,327 | INFO | [t=1080] VLA chunk prompt=open top drawer
2026-09-18 12:19:01,701 | INFO | [t=1090] VLA chunk prompt=open top drawer
2026-09-18 12:19:02,083 | INFO | [t=1100] VLA chunk prompt=open top drawer
2026-09-18 12:19:02,468 | INFO | [t=1110] VLA chunk prompt=open top drawer
2026-09-18 12:19:02,855 | INFO | [t=1120] VLA chunk prompt=open top drawer
2026-09-18 12:19:03,248 | INFO | [t=1130] VLA chunk prompt=open top drawer
2026-09-18 12:19:03,634 | INFO | [t=1140] VLA chunk prompt=open top drawer
2026-09-18 12:19:04,019 | INFO | [t=1150] VLA chunk prompt=open top drawer
2026-09-18 12:19:04,398 | INFO | [t=1160] VLA chunk prompt=open top drawer
2026-09-18 12:19:04,777 | INFO | [t=1170] VLA chunk prompt=open top drawer
2026-09-18 12:19:05,151 | INFO | [t=1180] VLA chunk prompt=open top drawer
2026-09-18 12:19:05,519 | INFO | [t=1190] VLA chunk prompt=open top drawer
2026-09-18 12:19:05,887 | INFO | [t=1200] VLA chunk prompt=open top drawer
2026-09-18 12:19:06,250 | INFO | [t=1210] VLA chunk prompt=open top drawer
2026-09-18 12:19:06,614 | INFO | [t=1220] VLA chunk prompt=open top drawer
2026-09-18 12:19:06,982 | INFO | [t=1230] VLA chunk prompt=open top drawer
2026-09-18 12:19:07,358 | INFO | [t=1240] VLA chunk prompt=open top drawer
2026-09-18 12:19:07,732 | INFO | [t=1250] VLA chunk prompt=open top drawer
2026-09-18 12:19:08,109 | INFO | [t=1260] VLA chunk prompt=open top drawer
2026-09-18 12:19:08,482 | INFO | [t=1270] VLA chunk prompt=open top drawer
2026-09-18 12:19:08,849 | INFO | [t=1280] VLA chunk prompt=open top drawer
2026-09-18 12:19:09,220 | INFO | [t=1290] VLA chunk prompt=open top drawer
2026-09-18 12:19:09,590 | INFO | [t=1300] VLA chunk prompt=open top drawer
2026-09-18 12:19:09,965 | INFO | [t=1310] VLA chunk prompt=open top drawer
2026-09-18 12:19:10,351 | INFO | [t=1320] VLA chunk prompt=open top drawer
2026-09-18 12:19:10,729 | INFO | [t=1330] VLA chunk prompt=open top drawer
2026-09-18 12:19:11,110 | INFO | [t=1340] VLA chunk prompt=open top drawer
2026-09-18 12:19:11,493 | INFO | [t=1350] VLA chunk prompt=open top drawer
2026-09-18 12:19:11,877 | INFO | [t=1360] VLA chunk prompt=open top drawer
2026-09-18 12:19:12,225 | INFO | [t=1370] stage done: 01_Open_Top_Drawer
2026-09-18 12:19:12,276 | INFO | [t=1370] VLA chunk prompt=open top drawer
2026-09-18 12:19:12,663 | INFO | [t=1380] VLA chunk prompt=open top drawer
2026-09-18 12:19:13,050 | INFO | [t=1390] VLA chunk prompt=open top drawer
2026-09-18 12:19:13,449 | INFO | [t=1400] VLA chunk prompt=open top drawer
2026-09-18 12:19:13,847 | INFO | [t=1410] VLA chunk prompt=open top drawer
2026-09-18 12:19:14,230 | INFO | [t=1420] VLA chunk prompt=open top drawer
2026-09-18 12:19:14,615 | INFO | [t=1430] VLA chunk prompt=open top drawer
2026-09-18 12:19:15,001 | INFO | [t=1440] VLA chunk prompt=open top drawer
2026-09-18 12:19:15,336 | INFO | [t=1450] harness subtask override: close top drawer
2026-09-18 12:19:15,336 | INFO | [t=1450] VLM prompt update from step=475: close top drawer
2026-09-18 12:19:15,337 | INFO | [t=1450] harness forced VLM replan after stall (pmh visual retrieve armed)
2026-09-18 12:19:15,388 | INFO | [t=1450] VLA chunk prompt=close top drawer
2026-09-18 12:19:15,774 | INFO | [t=1460] VLA chunk prompt=close top drawer
2026-09-18 12:19:16,155 | INFO | [t=1470] VLA chunk prompt=close top drawer
2026-09-18 12:19:16,538 | INFO | [t=1480] VLA chunk prompt=close top drawer
2026-09-18 12:19:16,929 | INFO | [t=1490] VLA chunk prompt=close top drawer
2026-09-18 12:19:17,313 | INFO | [t=1500] VLA chunk prompt=close top drawer
2026-09-18 12:19:17,706 | INFO | [t=1510] VLA chunk prompt=close top drawer
2026-09-18 12:19:18,090 | INFO | [t=1520] VLA chunk prompt=close top drawer
2026-09-18 12:19:18,479 | INFO | [t=1530] VLA chunk prompt=close top drawer
2026-09-18 12:19:18,850 | INFO | [t=1540] VLA chunk prompt=close top drawer
2026-09-18 12:19:19,215 | INFO | [t=1550] VLA chunk prompt=close top drawer
2026-09-18 12:19:19,580 | INFO | [t=1560] VLA chunk prompt=close top drawer
2026-09-18 12:19:19,943 | INFO | [t=1570] VLA chunk prompt=close top drawer
2026-09-18 12:19:20,303 | INFO | [t=1580] VLA chunk prompt=close top drawer
2026-09-18 12:19:20,664 | INFO | [t=1590] VLA chunk prompt=close top drawer
2026-09-18 12:19:20,923 | INFO | [t=1598] stage done: 02_Close_Top_Drawer
2026-09-18 12:19:21,038 | INFO | [t=1600] VLA chunk prompt=close top drawer
2026-09-18 12:19:21,413 | INFO | [t=1610] VLA chunk prompt=close top drawer
2026-09-18 12:19:21,796 | INFO | [t=1620] VLA chunk prompt=close top drawer
2026-09-18 12:19:22,186 | INFO | [t=1630] VLA chunk prompt=close top drawer
2026-09-18 12:19:22,582 | INFO | [t=1640] VLA chunk prompt=close top drawer
2026-09-18 12:19:22,977 | INFO | [t=1650] VLA chunk prompt=close top drawer
2026-09-18 12:19:23,369 | INFO | [t=1660] VLA chunk prompt=close top drawer
2026-09-18 12:19:23,754 | INFO | [t=1670] VLA chunk prompt=close top drawer
2026-09-18 12:19:24,086 | INFO | [t=1680] harness subtask override: open middle drawer
2026-09-18 12:19:24,086 | INFO | [t=1680] VLM prompt update from step=475: open middle drawer
2026-09-18 12:19:24,086 | INFO | [t=1680] harness forced VLM replan after stall (pmh visual retrieve armed)
2026-09-18 12:19:24,137 | INFO | [t=1680] VLA chunk prompt=open middle drawer
2026-09-18 12:19:24,519 | INFO | [t=1690] VLA chunk prompt=open middle drawer
2026-09-18 12:19:24,897 | INFO | [t=1700] VLA chunk prompt=open middle drawer
2026-09-18 12:19:25,284 | INFO | [t=1710] VLA chunk prompt=open middle drawer
2026-09-18 12:19:25,665 | INFO | [t=1720] VLA chunk prompt=open middle drawer
2026-09-18 12:19:26,033 | INFO | [t=1730] VLA chunk prompt=open middle drawer
2026-09-18 12:19:26,400 | INFO | [t=1740] VLA chunk prompt=open middle drawer
2026-09-18 12:19:26,781 | INFO | [t=1750] VLA chunk prompt=open middle drawer
2026-09-18 12:19:27,160 | INFO | [t=1760] VLA chunk prompt=open middle drawer
2026-09-18 12:19:27,536 | INFO | [t=1770] VLA chunk prompt=open middle drawer
2026-09-18 12:19:27,910 | INFO | [t=1780] VLA chunk prompt=open middle drawer
2026-09-18 12:19:28,026 | INFO | API VLM @t=970 task=5 subtask=open the top drawer keyframes=[]
2026-09-18 12:19:28,227 | INFO | [t=1790] VLM prompt update from step=970: open the top drawer
2026-09-18 12:19:28,277 | INFO | [t=1790] VLA chunk prompt=open the top drawer
2026-09-18 12:19:28,639 | INFO | [t=1800] VLA chunk prompt=open the top drawer
2026-09-18 12:19:29,000 | INFO | [t=1810] VLA chunk prompt=open the top drawer
2026-09-18 12:19:29,360 | INFO | [t=1820] VLA chunk prompt=open the top drawer
2026-09-18 12:19:29,721 | INFO | [t=1830] VLA chunk prompt=open the top drawer
2026-09-18 12:19:30,080 | INFO | [t=1840] VLA chunk prompt=open the top drawer
2026-09-18 12:19:30,442 | INFO | [t=1850] VLA chunk prompt=open the top drawer
2026-09-18 12:19:30,810 | INFO | [t=1860] VLA chunk prompt=open the top drawer
2026-09-18 12:19:31,182 | INFO | [t=1870] VLA chunk prompt=open the top drawer
2026-09-18 12:19:31,561 | INFO | [t=1880] VLA chunk prompt=open the top drawer
2026-09-18 12:19:31,938 | INFO | [t=1890] VLA chunk prompt=open the top drawer
2026-09-18 12:19:32,308 | INFO | [t=1900] VLA chunk prompt=open the top drawer
2026-09-18 12:19:32,672 | INFO | [t=1910] VLA chunk prompt=open the top drawer
2026-09-18 12:19:33,036 | INFO | [t=1920] VLA chunk prompt=open the top drawer
2026-09-18 12:19:33,400 | INFO | [t=1930] VLA chunk prompt=open the top drawer
2026-09-18 12:19:33,763 | INFO | [t=1940] VLA chunk prompt=open the top drawer
2026-09-18 12:19:34,130 | INFO | [t=1950] VLA chunk prompt=open the top drawer
2026-09-18 12:19:34,498 | INFO | [t=1960] VLA chunk prompt=open the top drawer
2026-09-18 12:19:34,865 | INFO | [t=1970] VLA chunk prompt=open the top drawer
2026-09-18 12:19:35,237 | INFO | [t=1980] VLA chunk prompt=open the top drawer
2026-09-18 12:19:35,609 | INFO | [t=1990] VLA chunk prompt=open the top drawer
2026-09-18 12:19:35,983 | INFO | [t=2000] VLA chunk prompt=open the top drawer
2026-09-18 12:19:36,364 | INFO | [t=2010] VLA chunk prompt=open the top drawer
2026-09-18 12:19:36,742 | INFO | [t=2020] VLA chunk prompt=open the top drawer
2026-09-18 12:19:37,114 | INFO | [t=2030] VLA chunk prompt=open the top drawer
2026-09-18 12:19:37,478 | INFO | [t=2040] VLA chunk prompt=open the top drawer
2026-09-18 12:19:37,837 | INFO | [t=2050] VLA chunk prompt=open the top drawer
2026-09-18 12:19:38,197 | INFO | [t=2060] VLA chunk prompt=open the top drawer
2026-09-18 12:19:38,556 | INFO | [t=2070] VLA chunk prompt=open the top drawer
2026-09-18 12:19:38,915 | INFO | [t=2080] VLA chunk prompt=open the top drawer
2026-09-18 12:19:39,276 | INFO | [t=2090] VLA chunk prompt=open the top drawer
2026-09-18 12:19:39,638 | INFO | [t=2100] VLA chunk prompt=open the top drawer
2026-09-18 12:19:39,997 | INFO | [t=2110] VLA chunk prompt=open the top drawer
2026-09-18 12:19:40,353 | INFO | [t=2120] VLA chunk prompt=open the top drawer
2026-09-18 12:19:40,709 | INFO | [t=2130] VLA chunk prompt=open the top drawer
2026-09-18 12:19:41,067 | INFO | [t=2140] VLA chunk prompt=open the top drawer
2026-09-18 12:19:41,434 | INFO | [t=2150] VLA chunk prompt=open the top drawer
2026-09-18 12:19:41,806 | INFO | [t=2160] VLA chunk prompt=open the top drawer
2026-09-18 12:19:42,179 | INFO | [t=2170] VLA chunk prompt=open the top drawer
2026-09-18 12:19:42,553 | INFO | [t=2180] VLA chunk prompt=open the top drawer
2026-09-18 12:19:42,925 | INFO | [t=2190] VLA chunk prompt=open the top drawer
2026-09-18 12:19:43,295 | INFO | [t=2200] VLA chunk prompt=open the top drawer
2026-09-18 12:19:43,666 | INFO | [t=2210] VLA chunk prompt=open the top drawer
2026-09-18 12:19:44,036 | INFO | [t=2220] VLA chunk prompt=open the top drawer
2026-09-18 12:19:44,409 | INFO | [t=2230] VLA chunk prompt=open the top drawer
2026-09-18 12:19:44,748 | INFO | API VLM @t=1770 task=5 subtask=open the top drawer keyframes=[]
2026-09-18 12:19:44,787 | INFO | [t=2240] VLA chunk prompt=open the top drawer
2026-09-18 12:19:45,165 | INFO | [t=2250] VLA chunk prompt=open the top drawer
2026-09-18 12:19:45,541 | INFO | [t=2260] VLA chunk prompt=open the top drawer
2026-09-18 12:19:45,912 | INFO | [t=2270] VLA chunk prompt=open the top drawer
2026-09-18 12:19:46,283 | INFO | [t=2280] VLA chunk prompt=open the top drawer
2026-09-18 12:19:46,647 | INFO | [t=2290] VLA chunk prompt=open the top drawer
2026-09-18 12:19:47,009 | INFO | [t=2300] VLA chunk prompt=open the top drawer
2026-09-18 12:19:47,370 | INFO | [t=2310] VLA chunk prompt=open the top drawer
2026-09-18 12:19:47,731 | INFO | [t=2320] VLA chunk prompt=open the top drawer
2026-09-18 12:19:48,092 | INFO | [t=2330] VLA chunk prompt=open the top drawer
2026-09-18 12:19:48,454 | INFO | [t=2340] VLA chunk prompt=open the top drawer
2026-09-18 12:19:48,820 | INFO | [t=2350] VLA chunk prompt=open the top drawer
2026-09-18 12:19:49,188 | INFO | [t=2360] VLA chunk prompt=open the top drawer
2026-09-18 12:19:49,559 | INFO | [t=2370] VLA chunk prompt=open the top drawer
2026-09-18 12:19:49,933 | INFO | [t=2380] VLA chunk prompt=open the top drawer
2026-09-18 12:19:50,307 | INFO | [t=2390] VLA chunk prompt=open the top drawer
2026-09-18 12:19:50,677 | INFO | [t=2400] VLA chunk prompt=open the top drawer
2026-09-18 12:19:51,043 | INFO | [t=2410] VLA chunk prompt=open the top drawer
2026-09-18 12:19:51,411 | INFO | [t=2420] VLA chunk prompt=open the top drawer
2026-09-18 12:19:51,780 | INFO | [t=2430] VLA chunk prompt=open the top drawer
2026-09-18 12:19:52,146 | INFO | [t=2440] VLA chunk prompt=open the top drawer
2026-09-18 12:19:52,509 | INFO | [t=2450] VLA chunk prompt=open the top drawer
2026-09-18 12:19:52,867 | INFO | [t=2460] VLA chunk prompt=open the top drawer
2026-09-18 12:19:53,226 | INFO | [t=2470] VLA chunk prompt=open the top drawer
2026-09-18 12:19:53,584 | INFO | [t=2480] VLA chunk prompt=open the top drawer
2026-09-18 12:19:53,942 | INFO | [t=2490] VLA chunk prompt=open the top drawer
2026-09-18 12:19:54,300 | INFO | [t=2500] VLA chunk prompt=open the top drawer
2026-09-18 12:19:57,644 | INFO | attempt=0 stage_score=25.0 stage_success=False failure_reason=incomplete_stage
2026-09-18 12:19:58,879 | INFO | API VLM @t=2230 task=5 subtask=open the top drawer keyframes=[]
2026-09-18 12:19:59,605 | INFO | harness release_gripper after env.reset (attempt=1)
2026-09-18 12:19:59,606 | INFO | async VLM enabled: single-slot subtask buffer
2026-09-18 12:19:59,869 | INFO | [t=10] VLA chunk prompt=Open all drawers in order, remember the empty drawer, then put butter into that empty drawer.
2026-09-18 12:20:00,169 | INFO | [t=20] VLA chunk prompt=Open all drawers in order, remember the empty drawer, then put butter into that empty drawer.
2026-09-18 12:20:00,456 | INFO | [t=30] VLA chunk prompt=Open all drawers in order, remember the empty drawer, then put butter into that empty drawer.
2026-09-18 12:20:00,734 | INFO | [t=40] VLA chunk prompt=Open all drawers in order, remember the empty drawer, then put butter into that empty drawer.
2026-09-18 12:20:01,013 | INFO | [t=50] VLA chunk prompt=Open all drawers in order, remember the empty drawer, then put butter into that empty drawer.
2026-09-18 12:20:01,293 | INFO | [t=60] VLA chunk prompt=Open all drawers in order, remember the empty drawer, then put butter into that empty drawer.
2026-09-18 12:20:01,573 | INFO | [t=70] VLA chunk prompt=Open all drawers in order, remember the empty drawer, then put butter into that empty drawer.
2026-09-18 12:20:01,801 | INFO | [t=80] harness subtask override: open top drawer
2026-09-18 12:20:01,801 | INFO | [t=80] VLM prompt update from step=-1: open top drawer
2026-09-18 12:20:01,801 | INFO | [t=80] harness forced VLM replan after stall (pmh visual retrieve armed)
2026-09-18 12:20:01,851 | INFO | [t=80] VLA chunk prompt=open top drawer
2026-09-18 12:20:02,133 | INFO | [t=90] VLA chunk prompt=open top drawer
2026-09-18 12:20:02,429 | INFO | [t=100] VLA chunk prompt=open top drawer
2026-09-18 12:20:02,745 | INFO | [t=110] VLA chunk prompt=open top drawer
2026-09-18 12:20:03,077 | INFO | [t=120] VLA chunk prompt=open top drawer
2026-09-18 12:20:03,248 | INFO | [t=126] stage done: 01_Open_Top_Drawer
2026-09-18 12:20:03,413 | INFO | [t=130] VLA chunk prompt=open top drawer
2026-09-18 12:20:03,748 | INFO | [t=140] VLA chunk prompt=open top drawer
2026-09-18 12:20:04,094 | INFO | [t=150] VLA chunk prompt=open top drawer
2026-09-18 12:20:04,123 | INFO | [t=151] stage done: 02_Close_Top_Drawer
2026-09-18 12:20:04,443 | INFO | [t=160] VLA chunk prompt=open top drawer
2026-09-18 12:20:04,801 | INFO | [t=170] VLA chunk prompt=open top drawer
2026-09-18 12:20:05,158 | INFO | [t=180] VLA chunk prompt=open top drawer
2026-09-18 12:20:05,524 | INFO | [t=190] VLA chunk prompt=open top drawer
2026-09-18 12:20:05,890 | INFO | [t=200] VLA chunk prompt=open top drawer
2026-09-18 12:20:06,261 | INFO | [t=210] VLA chunk prompt=open top drawer
2026-09-18 12:20:06,642 | INFO | [t=220] VLA chunk prompt=open top drawer
2026-09-18 12:20:07,024 | INFO | [t=230] VLA chunk prompt=open top drawer
2026-09-18 12:20:07,364 | INFO | [t=240] harness subtask override: open middle drawer
2026-09-18 12:20:07,364 | INFO | [t=240] VLM prompt update from step=70: open middle drawer
2026-09-18 12:20:07,364 | INFO | [t=240] harness forced VLM replan after stall (pmh visual retrieve armed)
2026-09-18 12:20:07,415 | INFO | [t=240] VLA chunk prompt=open middle drawer
2026-09-18 12:20:07,806 | INFO | [t=250] VLA chunk prompt=open middle drawer
2026-09-18 12:20:08,206 | INFO | [t=260] VLA chunk prompt=open middle drawer
2026-09-18 12:20:08,603 | INFO | [t=270] VLA chunk prompt=open middle drawer
2026-09-18 12:20:09,013 | INFO | [t=280] VLA chunk prompt=open middle drawer
2026-09-18 12:20:09,427 | INFO | [t=290] VLA chunk prompt=open middle drawer
2026-09-18 12:20:09,696 | INFO | API VLM @t=0 task=5 subtask=04_Close_Middle_Drawer keyframes=[]
2026-09-18 12:20:09,788 | INFO | [t=300] VLM prompt update from step=0: 04_Close_Middle_Drawer
2026-09-18 12:20:09,841 | INFO | [t=300] VLA chunk prompt=04_Close_Middle_Drawer
2026-09-18 12:20:10,243 | INFO | [t=310] VLA chunk prompt=04_Close_Middle_Drawer
2026-09-18 12:20:10,627 | INFO | [t=320] VLA chunk prompt=04_Close_Middle_Drawer
2026-09-18 12:20:11,005 | INFO | [t=330] VLA chunk prompt=04_Close_Middle_Drawer
2026-09-18 12:20:11,382 | INFO | [t=340] VLA chunk prompt=04_Close_Middle_Drawer
2026-09-18 12:20:11,761 | INFO | [t=350] VLA chunk prompt=04_Close_Middle_Drawer
2026-09-18 12:20:12,139 | INFO | [t=360] VLA chunk prompt=04_Close_Middle_Drawer
2026-09-18 12:20:12,516 | INFO | [t=370] VLA chunk prompt=04_Close_Middle_Drawer
2026-09-18 12:20:12,892 | INFO | [t=380] VLA chunk prompt=04_Close_Middle_Drawer
2026-09-18 12:20:13,268 | INFO | [t=390] VLA chunk prompt=04_Close_Middle_Drawer
2026-09-18 12:20:13,646 | INFO | [t=400] VLA chunk prompt=04_Close_Middle_Drawer
2026-09-18 12:20:14,025 | INFO | [t=410] VLA chunk prompt=04_Close_Middle_Drawer
2026-09-18 12:20:14,407 | INFO | [t=420] VLA chunk prompt=04_Close_Middle_Drawer
2026-09-18 12:20:14,792 | INFO | [t=430] VLA chunk prompt=04_Close_Middle_Drawer
2026-09-18 12:20:15,178 | INFO | [t=440] VLA chunk prompt=04_Close_Middle_Drawer
2026-09-18 12:20:15,563 | INFO | [t=450] VLA chunk prompt=04_Close_Middle_Drawer
2026-09-18 12:20:15,951 | INFO | [t=460] VLA chunk prompt=04_Close_Middle_Drawer
2026-09-18 12:20:16,348 | INFO | [t=470] VLA chunk prompt=04_Close_Middle_Drawer
2026-09-18 12:20:16,739 | INFO | [t=480] VLA chunk prompt=04_Close_Middle_Drawer
2026-09-18 12:20:17,129 | INFO | [t=490] VLA chunk prompt=04_Close_Middle_Drawer
2026-09-18 12:20:17,520 | INFO | [t=500] VLA chunk prompt=04_Close_Middle_Drawer
2026-09-18 12:20:17,905 | INFO | [t=510] VLA chunk prompt=04_Close_Middle_Drawer
2026-09-18 12:20:18,284 | INFO | [t=520] VLA chunk prompt=04_Close_Middle_Drawer
2026-09-18 12:20:18,385 | INFO | [t=523] stage done: 03_Open_Middle_Drawer
2026-09-18 12:20:18,672 | INFO | [t=530] VLA chunk prompt=04_Close_Middle_Drawer
2026-09-18 12:20:19,063 | INFO | [t=540] VLA chunk prompt=04_Close_Middle_Drawer
2026-09-18 12:20:19,456 | INFO | [t=550] VLA chunk prompt=04_Close_Middle_Drawer
2026-09-18 12:20:19,788 | INFO | API VLM @t=285 task=5 subtask=open the top drawer keyframes=[]
2026-09-18 12:20:19,789 | INFO | [t=560] VLM prompt update from step=285: open the top drawer
2026-09-18 12:20:19,841 | INFO | [t=560] VLA chunk prompt=open the top drawer
2026-09-18 12:20:20,221 | INFO | [t=570] VLA chunk prompt=open the top drawer
2026-09-18 12:20:20,600 | INFO | [t=580] VLA chunk prompt=open the top drawer
2026-09-18 12:20:20,978 | INFO | [t=590] VLA chunk prompt=open the top drawer
2026-09-18 12:20:21,353 | INFO | [t=600] VLA chunk prompt=open the top drawer
2026-09-18 12:20:21,674 | INFO | [t=610] harness subtask override: close middle drawer
2026-09-18 12:20:21,674 | INFO | [t=610] VLM prompt update from step=285: close middle drawer
2026-09-18 12:20:21,675 | INFO | [t=610] harness forced VLM replan after stall (pmh visual retrieve armed)
2026-09-18 12:20:21,725 | INFO | [t=610] VLA chunk prompt=close middle drawer
2026-09-18 12:20:22,101 | INFO | [t=620] VLA chunk prompt=close middle drawer
2026-09-18 12:20:22,476 | INFO | [t=630] VLA chunk prompt=close middle drawer
2026-09-18 12:20:22,859 | INFO | [t=640] VLA chunk prompt=close middle drawer
2026-09-18 12:20:23,226 | INFO | [t=650] VLA chunk prompt=close middle drawer
2026-09-18 12:20:23,594 | INFO | [t=660] VLA chunk prompt=close middle drawer
2026-09-18 12:20:23,961 | INFO | [t=670] VLA chunk prompt=close middle drawer
2026-09-18 12:20:24,327 | INFO | [t=680] VLA chunk prompt=close middle drawer
2026-09-18 12:20:24,695 | INFO | [t=690] VLA chunk prompt=close middle drawer
2026-09-18 12:20:25,070 | INFO | [t=700] VLA chunk prompt=close middle drawer
2026-09-18 12:20:25,449 | INFO | [t=710] VLA chunk prompt=close middle drawer
2026-09-18 12:20:25,820 | INFO | [t=720] VLA chunk prompt=close middle drawer
2026-09-18 12:20:26,189 | INFO | [t=730] VLA chunk prompt=close middle drawer
2026-09-18 12:20:26,560 | INFO | [t=740] VLA chunk prompt=close middle drawer
2026-09-18 12:20:26,933 | INFO | [t=750] VLA chunk prompt=close middle drawer
2026-09-18 12:20:27,312 | INFO | [t=760] VLA chunk prompt=close middle drawer
2026-09-18 12:20:27,700 | INFO | [t=770] VLA chunk prompt=close middle drawer
2026-09-18 12:20:28,093 | INFO | [t=780] VLA chunk prompt=close middle drawer
2026-09-18 12:20:28,488 | INFO | [t=790] VLA chunk prompt=close middle drawer
2026-09-18 12:20:28,890 | INFO | [t=800] VLA chunk prompt=close middle drawer
2026-09-18 12:20:29,294 | INFO | [t=810] VLA chunk prompt=close middle drawer
2026-09-18 12:20:29,699 | INFO | [t=820] VLA chunk prompt=close middle drawer
2026-09-18 12:20:30,105 | INFO | [t=830] VLA chunk prompt=close middle drawer
2026-09-18 12:20:30,511 | INFO | [t=840] VLA chunk prompt=close middle drawer
2026-09-18 12:20:30,905 | INFO | [t=850] VLA chunk prompt=close middle drawer
2026-09-18 12:20:31,295 | INFO | [t=860] VLA chunk prompt=close middle drawer
2026-09-18 12:20:31,688 | INFO | [t=870] VLA chunk prompt=close middle drawer
2026-09-18 12:20:32,078 | INFO | [t=880] VLA chunk prompt=close middle drawer
2026-09-18 12:20:32,467 | INFO | [t=890] VLA chunk prompt=close middle drawer
2026-09-18 12:20:32,858 | INFO | [t=900] VLA chunk prompt=close middle drawer
2026-09-18 12:20:33,254 | INFO | [t=910] VLA chunk prompt=close middle drawer
2026-09-18 12:20:33,649 | INFO | [t=920] VLA chunk prompt=close middle drawer
2026-09-18 12:20:34,041 | INFO | [t=930] VLA chunk prompt=close middle drawer
2026-09-18 12:20:34,432 | INFO | [t=940] VLA chunk prompt=close middle drawer
2026-09-18 12:20:34,823 | INFO | [t=950] VLA chunk prompt=close middle drawer
2026-09-18 12:20:35,215 | INFO | [t=960] VLA chunk prompt=close middle drawer
2026-09-18 12:20:35,605 | INFO | [t=970] VLA chunk prompt=close middle drawer
2026-09-18 12:20:35,992 | INFO | [t=980] VLA chunk prompt=close middle drawer
2026-09-18 12:20:36,379 | INFO | [t=990] VLA chunk prompt=close middle drawer
2026-09-18 12:20:36,755 | INFO | [t=1000] VLA chunk prompt=close middle drawer
2026-09-18 12:20:37,125 | INFO | [t=1010] VLA chunk prompt=close middle drawer
2026-09-18 12:20:37,493 | INFO | [t=1020] VLA chunk prompt=close middle drawer
2026-09-18 12:20:37,859 | INFO | [t=1030] VLA chunk prompt=close middle drawer
2026-09-18 12:20:38,229 | INFO | [t=1040] VLA chunk prompt=close middle drawer
2026-09-18 12:20:38,591 | INFO | [t=1050] VLA chunk prompt=close middle drawer
2026-09-18 12:20:38,955 | INFO | [t=1060] VLA chunk prompt=close middle drawer
2026-09-18 12:20:39,322 | INFO | [t=1070] VLA chunk prompt=close middle drawer
2026-09-18 12:20:39,695 | INFO | [t=1080] VLA chunk prompt=close middle drawer
2026-09-18 12:20:40,071 | INFO | [t=1090] VLA chunk prompt=close middle drawer
2026-09-18 12:20:40,448 | INFO | [t=1100] VLA chunk prompt=close middle drawer
2026-09-18 12:20:40,818 | INFO | [t=1110] VLA chunk prompt=close middle drawer
2026-09-18 12:20:41,187 | INFO | [t=1120] VLA chunk prompt=close middle drawer
2026-09-18 12:20:41,556 | INFO | [t=1130] VLA chunk prompt=close middle drawer
2026-09-18 12:20:41,925 | INFO | [t=1140] VLA chunk prompt=close middle drawer
2026-09-18 12:20:42,294 | INFO | [t=1150] VLA chunk prompt=close middle drawer
2026-09-18 12:20:42,669 | INFO | [t=1160] VLA chunk prompt=close middle drawer
2026-09-18 12:20:43,051 | INFO | [t=1170] VLA chunk prompt=close middle drawer
2026-09-18 12:20:43,427 | INFO | [t=1180] VLA chunk prompt=close middle drawer
2026-09-18 12:20:43,803 | INFO | [t=1190] VLA chunk prompt=close middle drawer
2026-09-18 12:20:44,140 | INFO | [t=1200] stage done: 04_Close_Middle_Drawer
2026-09-18 12:20:44,190 | INFO | [t=1200] VLA chunk prompt=close middle drawer
2026-09-18 12:20:44,578 | INFO | [t=1210] VLA chunk prompt=close middle drawer
2026-09-18 12:20:44,966 | INFO | [t=1220] VLA chunk prompt=close middle drawer
2026-09-18 12:20:45,350 | INFO | [t=1230] VLA chunk prompt=close middle drawer
2026-09-18 12:20:45,743 | INFO | [t=1240] VLA chunk prompt=close middle drawer
2026-09-18 12:20:46,125 | INFO | [t=1250] VLA chunk prompt=close middle drawer
2026-09-18 12:20:46,501 | INFO | [t=1260] VLA chunk prompt=close middle drawer
2026-09-18 12:20:46,879 | INFO | [t=1270] VLA chunk prompt=close middle drawer
2026-09-18 12:20:47,208 | INFO | [t=1280] harness subtask override: open bottom drawer
2026-09-18 12:20:47,208 | INFO | [t=1280] VLM prompt update from step=285: open bottom drawer
2026-09-18 12:20:47,208 | INFO | [t=1280] harness forced VLM replan after stall (pmh visual retrieve armed)
2026-09-18 12:20:47,259 | INFO | [t=1280] VLA chunk prompt=open bottom drawer
2026-09-18 12:20:47,649 | INFO | [t=1290] VLA chunk prompt=open bottom drawer
2026-09-18 12:20:48,040 | INFO | [t=1300] VLA chunk prompt=open bottom drawer
2026-09-18 12:20:48,423 | INFO | [t=1310] VLA chunk prompt=open bottom drawer
2026-09-18 12:20:48,812 | INFO | [t=1320] VLA chunk prompt=open bottom drawer
2026-09-18 12:20:49,198 | INFO | [t=1330] VLA chunk prompt=open bottom drawer
2026-09-18 12:20:49,585 | INFO | [t=1340] VLA chunk prompt=open bottom drawer
2026-09-18 12:20:49,983 | INFO | [t=1350] VLA chunk prompt=open bottom drawer
2026-09-18 12:20:50,385 | INFO | [t=1360] VLA chunk prompt=open bottom drawer
2026-09-18 12:20:50,787 | INFO | [t=1370] VLA chunk prompt=open bottom drawer
2026-09-18 12:20:51,184 | INFO | [t=1380] VLA chunk prompt=open bottom drawer
2026-09-18 12:20:51,584 | INFO | [t=1390] VLA chunk prompt=open bottom drawer
2026-09-18 12:20:51,987 | INFO | [t=1400] VLA chunk prompt=open bottom drawer
2026-09-18 12:20:52,369 | INFO | API VLM @t=545 task=5 subtask=open top drawer keyframes=[]
2026-09-18 12:20:52,391 | INFO | [t=1410] VLA chunk prompt=open bottom drawer
2026-09-18 12:20:52,748 | INFO | [t=1420] VLM prompt update from step=545: open top drawer
2026-09-18 12:20:52,800 | INFO | [t=1420] VLA chunk prompt=open top drawer
2026-09-18 12:20:53,208 | INFO | [t=1430] VLA chunk prompt=open top drawer
2026-09-18 12:20:53,621 | INFO | [t=1440] VLA chunk prompt=open top drawer
2026-09-18 12:20:54,038 | INFO | [t=1450] VLA chunk prompt=open top drawer
2026-09-18 12:20:54,450 | INFO | [t=1460] VLA chunk prompt=open top drawer
2026-09-18 12:20:54,850 | INFO | [t=1470] VLA chunk prompt=open top drawer
2026-09-18 12:20:55,249 | INFO | [t=1480] VLA chunk prompt=open top drawer
2026-09-18 12:20:55,644 | INFO | [t=1490] VLA chunk prompt=open top drawer
2026-09-18 12:20:56,038 | INFO | [t=1500] VLA chunk prompt=open top drawer
2026-09-18 12:20:56,426 | INFO | [t=1510] VLA chunk prompt=open top drawer
2026-09-18 12:20:56,813 | INFO | [t=1520] VLA chunk prompt=open top drawer
2026-09-18 12:20:57,209 | INFO | [t=1530] VLA chunk prompt=open top drawer
2026-09-18 12:20:57,604 | INFO | [t=1540] VLA chunk prompt=open top drawer
2026-09-18 12:20:57,994 | INFO | [t=1550] VLA chunk prompt=open top drawer
2026-09-18 12:20:58,379 | INFO | [t=1560] VLA chunk prompt=open top drawer
2026-09-18 12:20:58,771 | INFO | [t=1570] VLA chunk prompt=open top drawer
2026-09-18 12:20:59,171 | INFO | [t=1580] VLA chunk prompt=open top drawer
2026-09-18 12:20:59,575 | INFO | [t=1590] VLA chunk prompt=open top drawer
2026-09-18 12:20:59,965 | INFO | [t=1600] VLA chunk prompt=open top drawer
2026-09-18 12:21:00,351 | INFO | [t=1610] VLA chunk prompt=open top drawer
2026-09-18 12:21:00,734 | INFO | [t=1620] VLA chunk prompt=open top drawer
2026-09-18 12:21:01,117 | INFO | [t=1630] VLA chunk prompt=open top drawer
2026-09-18 12:21:01,514 | INFO | [t=1640] VLA chunk prompt=open top drawer
2026-09-18 12:21:01,908 | INFO | [t=1650] VLA chunk prompt=open top drawer
2026-09-18 12:21:02,297 | INFO | [t=1660] VLA chunk prompt=open top drawer
2026-09-18 12:21:02,690 | INFO | [t=1670] VLA chunk prompt=open top drawer
2026-09-18 12:21:03,084 | INFO | [t=1680] VLA chunk prompt=open top drawer
2026-09-18 12:21:03,478 | INFO | [t=1690] VLA chunk prompt=open top drawer
2026-09-18 12:21:03,891 | INFO | [t=1700] VLA chunk prompt=open top drawer
2026-09-18 12:21:04,292 | INFO | [t=1710] VLA chunk prompt=open top drawer
2026-09-18 12:21:04,695 | INFO | [t=1720] VLA chunk prompt=open top drawer
2026-09-18 12:21:05,112 | INFO | [t=1730] VLA chunk prompt=open top drawer
2026-09-18 12:21:05,512 | INFO | [t=1740] VLA chunk prompt=open top drawer
2026-09-18 12:21:05,898 | INFO | [t=1750] VLA chunk prompt=open top drawer
2026-09-18 12:21:06,279 | INFO | [t=1760] VLA chunk prompt=open top drawer
2026-09-18 12:21:06,665 | INFO | [t=1770] VLA chunk prompt=open top drawer
2026-09-18 12:21:07,052 | INFO | [t=1780] VLA chunk prompt=open top drawer
2026-09-18 12:21:07,441 | INFO | [t=1790] VLA chunk prompt=open top drawer
2026-09-18 12:21:07,833 | INFO | [t=1800] VLA chunk prompt=open top drawer
2026-09-18 12:21:08,228 | INFO | [t=1810] VLA chunk prompt=open top drawer
2026-09-18 12:21:08,627 | INFO | [t=1820] VLA chunk prompt=open top drawer
2026-09-18 12:21:09,013 | INFO | [t=1830] VLA chunk prompt=open top drawer
2026-09-18 12:21:09,400 | INFO | [t=1840] VLA chunk prompt=open top drawer
2026-09-18 12:21:09,779 | INFO | [t=1850] VLA chunk prompt=open top drawer
2026-09-18 12:21:10,160 | INFO | [t=1860] VLA chunk prompt=open top drawer
2026-09-18 12:21:10,540 | INFO | [t=1870] VLA chunk prompt=open top drawer
2026-09-18 12:21:10,921 | INFO | [t=1880] VLA chunk prompt=open top drawer
2026-09-18 12:21:11,300 | INFO | [t=1890] VLA chunk prompt=open top drawer
2026-09-18 12:21:11,676 | INFO | [t=1900] VLA chunk prompt=open top drawer
2026-09-18 12:21:12,052 | INFO | [t=1910] VLA chunk prompt=open top drawer
2026-09-18 12:21:12,424 | INFO | [t=1920] VLA chunk prompt=open top drawer
2026-09-18 12:21:12,794 | INFO | [t=1930] VLA chunk prompt=open top drawer
2026-09-18 12:21:13,164 | INFO | [t=1940] VLA chunk prompt=open top drawer
2026-09-18 12:21:13,533 | INFO | [t=1950] VLA chunk prompt=open top drawer
2026-09-18 12:21:13,902 | INFO | [t=1960] VLA chunk prompt=open top drawer
2026-09-18 12:21:14,278 | INFO | [t=1970] VLA chunk prompt=open top drawer
2026-09-18 12:21:14,651 | INFO | [t=1980] VLA chunk prompt=open top drawer
2026-09-18 12:21:15,018 | INFO | [t=1990] VLA chunk prompt=open top drawer
2026-09-18 12:21:15,387 | INFO | [t=2000] VLA chunk prompt=open top drawer
2026-09-18 12:21:15,755 | INFO | [t=2010] VLA chunk prompt=open top drawer
2026-09-18 12:21:16,121 | INFO | [t=2020] VLA chunk prompt=open top drawer
2026-09-18 12:21:16,490 | INFO | [t=2030] VLA chunk prompt=open top drawer
2026-09-18 12:21:16,863 | INFO | [t=2040] VLA chunk prompt=open top drawer
2026-09-18 12:21:17,239 | INFO | [t=2050] VLA chunk prompt=open top drawer
2026-09-18 12:21:17,617 | INFO | [t=2060] VLA chunk prompt=open top drawer
2026-09-18 12:21:17,996 | INFO | [t=2070] VLA chunk prompt=open top drawer
2026-09-18 12:21:18,378 | INFO | [t=2080] VLA chunk prompt=open top drawer
2026-09-18 12:21:18,757 | INFO | [t=2090] VLA chunk prompt=open top drawer
2026-09-18 12:21:19,131 | INFO | [t=2100] VLA chunk prompt=open top drawer
2026-09-18 12:21:19,509 | INFO | [t=2110] VLA chunk prompt=open top drawer
2026-09-18 12:21:19,878 | INFO | [t=2120] VLA chunk prompt=open top drawer
2026-09-18 12:21:20,242 | INFO | [t=2130] VLA chunk prompt=open top drawer
2026-09-18 12:21:20,606 | INFO | [t=2140] VLA chunk prompt=open top drawer
2026-09-18 12:21:20,970 | INFO | [t=2150] VLA chunk prompt=open top drawer
2026-09-18 12:21:21,332 | INFO | [t=2160] VLA chunk prompt=open top drawer
2026-09-18 12:21:21,696 | INFO | [t=2170] VLA chunk prompt=open top drawer
2026-09-18 12:21:22,066 | INFO | [t=2180] VLA chunk prompt=open top drawer
2026-09-18 12:21:22,437 | INFO | [t=2190] VLA chunk prompt=open top drawer
2026-09-18 12:21:22,807 | INFO | [t=2200] VLA chunk prompt=open top drawer
2026-09-18 12:21:23,183 | INFO | [t=2210] VLA chunk prompt=open top drawer
2026-09-18 12:21:23,560 | INFO | [t=2220] VLA chunk prompt=open top drawer
2026-09-18 12:21:23,935 | INFO | [t=2230] VLA chunk prompt=open top drawer
2026-09-18 12:21:24,308 | INFO | [t=2240] VLA chunk prompt=open top drawer
2026-09-18 12:21:24,677 | INFO | [t=2250] VLA chunk prompt=open top drawer
2026-09-18 12:21:25,042 | INFO | [t=2260] VLA chunk prompt=open top drawer
2026-09-18 12:21:25,407 | INFO | [t=2270] VLA chunk prompt=open top drawer
2026-09-18 12:21:25,780 | INFO | [t=2280] VLA chunk prompt=open top drawer
2026-09-18 12:21:26,149 | INFO | [t=2290] VLA chunk prompt=open top drawer
2026-09-18 12:21:26,532 | INFO | [t=2300] VLA chunk prompt=open top drawer
2026-09-18 12:21:26,925 | INFO | [t=2310] VLA chunk prompt=open top drawer
2026-09-18 12:21:27,325 | INFO | [t=2320] VLA chunk prompt=open top drawer
2026-09-18 12:21:27,720 | INFO | [t=2330] VLA chunk prompt=open top drawer
2026-09-18 12:21:28,106 | INFO | [t=2340] VLA chunk prompt=open top drawer
2026-09-18 12:21:28,488 | INFO | [t=2350] VLA chunk prompt=open top drawer
2026-09-18 12:21:28,861 | INFO | [t=2360] VLA chunk prompt=open top drawer
2026-09-18 12:21:29,230 | INFO | [t=2370] VLA chunk prompt=open top drawer
2026-09-18 12:21:29,593 | INFO | [t=2380] VLA chunk prompt=open top drawer
2026-09-18 12:21:29,959 | INFO | [t=2390] VLA chunk prompt=open top drawer
2026-09-18 12:21:30,314 | INFO | [t=2400] VLA chunk prompt=open top drawer
2026-09-18 12:21:30,667 | INFO | [t=2410] VLA chunk prompt=open top drawer
2026-09-18 12:21:31,022 | INFO | [t=2420] VLA chunk prompt=open top drawer
2026-09-18 12:21:31,381 | INFO | [t=2430] VLA chunk prompt=open top drawer
2026-09-18 12:21:31,739 | INFO | [t=2440] VLA chunk prompt=open top drawer
2026-09-18 12:21:32,099 | INFO | [t=2450] VLA chunk prompt=open top drawer
2026-09-18 12:21:32,461 | INFO | [t=2460] VLA chunk prompt=open top drawer
2026-09-18 12:21:32,828 | INFO | [t=2470] VLA chunk prompt=open top drawer
2026-09-18 12:21:33,197 | INFO | [t=2480] VLA chunk prompt=open top drawer
2026-09-18 12:21:33,567 | INFO | [t=2490] VLA chunk prompt=open top drawer
2026-09-18 12:21:33,939 | INFO | [t=2500] VLA chunk prompt=open top drawer
2026-09-18 12:21:37,280 | INFO | attempt=1 stage_score=50.0 stage_success=False failure_reason=incomplete_stage
2026-09-18 12:21:37,280 | INFO | Episode 3 seed=103 stage_score=50.0 stage_success=0 goal=0.500 failure_reason=incomplete_stage | 01_Open_Top_Drawer=Y | 02_Close_Top_Drawer=Y | 03_Open_Middle_Drawer=Y | 04_Close_Middle_Drawer=Y | 05_Open_Bottom_Drawer=N | 06_Close_Bottom_Drawer=N | 07_Open_Middle_Drawer_Again=N | 08_Put_Butter_Middle_Drawer=N | 09_Close_Middle_Drawer_Final=N
