2026-09-27 12:51:58,396 | INFO | task_id=19 bddl=/project/peilab/why/RoboMemArena/bddl/19_tomato_milk_orange_cabinet.bddl vlm_ckpt=/project/peilab/why/RoboMemArena/checkpoints/PrediMem/vlm_tasks1to26_ckpt74500
2026-09-27 12:51:58,407 | INFO | [redact] enabled task=19 registered_phrases=0 terms=[]
2026-09-27 12:52:00,959 | INFO | async VLM enabled: single-slot subtask buffer
2026-09-27 12:52:01,195 | INFO | [redact] enabled task=19 registered_phrases=0 terms=[]
2026-09-27 12:52:01,249 | INFO | [t=10] VLA chunk prompt=Pick and place tomato sauce, milk, and orange juice from cabinet1 to cabinet2.
2026-09-27 12:52:01,570 | INFO | [t=20] VLA chunk prompt=Pick and place tomato sauce, milk, and orange juice from cabinet1 to cabinet2.
2026-09-27 12:52:01,891 | INFO | [t=30] VLA chunk prompt=Pick and place tomato sauce, milk, and orange juice from cabinet1 to cabinet2.
2026-09-27 12:52:02,198 | INFO | [t=40] VLA chunk prompt=Pick and place tomato sauce, milk, and orange juice from cabinet1 to cabinet2.
2026-09-27 12:52:02,508 | INFO | [t=50] VLA chunk prompt=Pick and place tomato sauce, milk, and orange juice from cabinet1 to cabinet2.
2026-09-27 12:52:02,811 | INFO | [t=60] VLA chunk prompt=Pick and place tomato sauce, milk, and orange juice from cabinet1 to cabinet2.
2026-09-27 12:52:03,113 | INFO | [t=70] VLA chunk prompt=Pick and place tomato sauce, milk, and orange juice from cabinet1 to cabinet2.
2026-09-27 12:52:03,416 | INFO | [t=80] VLA chunk prompt=Pick and place tomato sauce, milk, and orange juice from cabinet1 to cabinet2.
2026-09-27 12:52:03,725 | INFO | [t=90] VLA chunk prompt=Pick and place tomato sauce, milk, and orange juice from cabinet1 to cabinet2.
2026-09-27 12:52:04,071 | INFO | [t=100] VLA chunk prompt=Pick and place tomato sauce, milk, and orange juice from cabinet1 to cabinet2.
2026-09-27 12:52:04,450 | INFO | [t=110] VLA chunk prompt=Pick and place tomato sauce, milk, and orange juice from cabinet1 to cabinet2.
2026-09-27 12:52:04,879 | INFO | [t=120] VLA chunk prompt=Pick and place tomato sauce, milk, and orange juice from cabinet1 to cabinet2.
2026-09-27 12:52:05,288 | INFO | [t=130] VLA chunk prompt=Pick and place tomato sauce, milk, and orange juice from cabinet1 to cabinet2.
2026-09-27 12:52:05,696 | INFO | [t=140] VLA chunk prompt=Pick and place tomato sauce, milk, and orange juice from cabinet1 to cabinet2.
2026-09-27 12:52:06,113 | INFO | [t=150] VLA chunk prompt=Pick and place tomato sauce, milk, and orange juice from cabinet1 to cabinet2.
2026-09-27 12:52:06,131 | INFO | API VLM @t=0 task=19 subtask=Place the tomato sauce in cabinet2. keyframes=[]
2026-09-27 12:52:06,134 | INFO | [redact] enabled task=19 registered_phrases=0 terms=[]
2026-09-27 12:52:06,495 | INFO | [t=160] VLM prompt update from step=0: Place the tomato sauce in cabinet2.
2026-09-27 12:52:06,548 | INFO | [t=160] VLA chunk prompt=Place the tomato sauce in cabinet2.
2026-09-27 12:52:06,996 | INFO | [t=170] VLA chunk prompt=Place the tomato sauce in cabinet2.
2026-09-27 12:52:07,434 | INFO | [t=180] VLA chunk prompt=Place the tomato sauce in cabinet2.
2026-09-27 12:52:07,888 | INFO | [t=190] VLA chunk prompt=Place the tomato sauce in cabinet2.
2026-09-27 12:52:08,340 | INFO | [t=200] VLA chunk prompt=Place the tomato sauce in cabinet2.
2026-09-27 12:52:08,780 | INFO | [t=210] VLA chunk prompt=Place the tomato sauce in cabinet2.
2026-09-27 12:52:09,232 | INFO | [t=220] VLA chunk prompt=Place the tomato sauce in cabinet2.
2026-09-27 12:52:09,678 | INFO | [t=230] VLA chunk prompt=Place the tomato sauce in cabinet2.
2026-09-27 12:52:10,126 | INFO | [t=240] VLA chunk prompt=Place the tomato sauce in cabinet2.
2026-09-27 12:52:10,571 | INFO | [t=250] VLA chunk prompt=Place the tomato sauce in cabinet2.
2026-09-27 12:52:10,711 | INFO | API VLM @t=140 task=19 subtask=Place the tomato sauce in cabinet2. keyframes=[]
2026-09-27 12:52:10,713 | INFO | [redact] enabled task=19 registered_phrases=0 terms=[]
2026-09-27 12:52:11,013 | INFO | [t=260] VLA chunk prompt=Place the tomato sauce in cabinet2.
2026-09-27 12:52:11,455 | INFO | [t=270] VLA chunk prompt=Place the tomato sauce in cabinet2.
2026-09-27 12:52:11,904 | INFO | [t=280] VLA chunk prompt=Place the tomato sauce in cabinet2.
2026-09-27 12:52:12,349 | INFO | [t=290] VLA chunk prompt=Place the tomato sauce in cabinet2.
2026-09-27 12:52:12,805 | INFO | [t=300] VLA chunk prompt=Place the tomato sauce in cabinet2.
2026-09-27 12:52:13,260 | INFO | [t=310] VLA chunk prompt=Place the tomato sauce in cabinet2.
2026-09-27 12:52:13,723 | INFO | [t=320] VLA chunk prompt=Place the tomato sauce in cabinet2.
2026-09-27 12:52:14,196 | INFO | [t=330] VLA chunk prompt=Place the tomato sauce in cabinet2.
2026-09-27 12:52:14,669 | INFO | [t=340] VLA chunk prompt=Place the tomato sauce in cabinet2.
2026-09-27 12:52:15,139 | INFO | [t=350] VLA chunk prompt=Place the tomato sauce in cabinet2.
2026-09-27 12:52:15,603 | INFO | [t=360] VLA chunk prompt=Place the tomato sauce in cabinet2.
2026-09-27 12:52:16,052 | INFO | [t=370] VLA chunk prompt=Place the tomato sauce in cabinet2.
2026-09-27 12:52:16,501 | INFO | [t=380] VLA chunk prompt=Place the tomato sauce in cabinet2.
2026-09-27 12:52:16,945 | INFO | [t=390] VLA chunk prompt=Place the tomato sauce in cabinet2.
2026-09-27 12:52:17,389 | INFO | [t=400] VLA chunk prompt=Place the tomato sauce in cabinet2.
2026-09-27 12:52:17,397 | INFO | API VLM @t=240 task=19 subtask=Place the tomato sauce into cabinet2. keyframes=[]
2026-09-27 12:52:17,400 | INFO | [redact] enabled task=19 registered_phrases=0 terms=[]
2026-09-27 12:52:17,793 | INFO | [t=410] VLM prompt update from step=240: Place the tomato sauce into cabinet2.
2026-09-27 12:52:17,846 | INFO | [t=410] VLA chunk prompt=Place the tomato sauce into cabinet2.
2026-09-27 12:52:18,302 | INFO | [t=420] VLA chunk prompt=Place the tomato sauce into cabinet2.
2026-09-27 12:52:18,774 | INFO | [t=430] VLA chunk prompt=Place the tomato sauce into cabinet2.
2026-09-27 12:52:19,242 | INFO | [t=440] VLA chunk prompt=Place the tomato sauce into cabinet2.
2026-09-27 12:52:19,695 | INFO | [t=450] VLA chunk prompt=Place the tomato sauce into cabinet2.
2026-09-27 12:52:20,162 | INFO | [t=460] VLA chunk prompt=Place the tomato sauce into cabinet2.
2026-09-27 12:52:20,623 | INFO | [t=470] VLA chunk prompt=Place the tomato sauce into cabinet2.
2026-09-27 12:52:21,076 | INFO | [t=480] VLA chunk prompt=Place the tomato sauce into cabinet2.
2026-09-27 12:52:21,527 | INFO | [t=490] VLA chunk prompt=Place the tomato sauce into cabinet2.
2026-09-27 12:52:21,960 | INFO | [t=500] VLA chunk prompt=Place the tomato sauce into cabinet2.
2026-09-27 12:52:22,396 | INFO | [t=510] VLA chunk prompt=Place the tomato sauce into cabinet2.
2026-09-27 12:52:22,468 | INFO | API VLM @t=390 task=19 subtask=Place the tomato sauce into the open container. keyframes=[]
2026-09-27 12:52:22,471 | INFO | [redact] enabled task=19 registered_phrases=0 terms=[]
2026-09-27 12:52:22,798 | INFO | [t=520] VLM prompt update from step=390: Place the tomato sauce into the open container.
2026-09-27 12:52:22,851 | INFO | [t=520] VLA chunk prompt=Place the tomato sauce into the open container.
2026-09-27 12:52:23,295 | INFO | [t=530] VLA chunk prompt=Place the tomato sauce into the open container.
2026-09-27 12:52:23,740 | INFO | [t=540] VLA chunk prompt=Place the tomato sauce into the open container.
2026-09-27 12:52:24,192 | INFO | [t=550] VLA chunk prompt=Place the tomato sauce into the open container.
2026-09-27 12:52:24,651 | INFO | [t=560] VLA chunk prompt=Place the tomato sauce into the open container.
2026-09-27 12:52:25,105 | INFO | [t=570] VLA chunk prompt=Place the tomato sauce into the open container.
2026-09-27 12:52:25,559 | INFO | [t=580] VLA chunk prompt=Place the tomato sauce into the open container.
2026-09-27 12:52:26,016 | INFO | [t=590] VLA chunk prompt=Place the tomato sauce into the open container.
2026-09-27 12:52:26,473 | INFO | [t=600] VLA chunk prompt=Place the tomato sauce into the open container.
2026-09-27 12:52:26,935 | INFO | [t=610] VLA chunk prompt=Place the tomato sauce into the open container.
2026-09-27 12:52:27,400 | INFO | [t=620] VLA chunk prompt=Place the tomato sauce into the open container.
2026-09-27 12:52:27,864 | INFO | [t=630] VLA chunk prompt=Place the tomato sauce into the open container.
2026-09-27 12:52:27,963 | INFO | API VLM @t=500 task=19 subtask=Place the object into the open container. keyframes=[]
2026-09-27 12:52:27,966 | INFO | [redact] enabled task=19 registered_phrases=0 terms=[]
2026-09-27 12:52:28,284 | INFO | [t=640] VLM prompt update from step=500: Place the object into the open container.
2026-09-27 12:52:28,339 | INFO | [t=640] VLA chunk prompt=Place the object into the open container.
2026-09-27 12:52:28,793 | INFO | [t=650] VLA chunk prompt=Place the object into the open container.
2026-09-27 12:52:29,252 | INFO | [t=660] VLA chunk prompt=Place the object into the open container.
2026-09-27 12:52:29,706 | INFO | [t=670] VLA chunk prompt=Place the object into the open container.
2026-09-27 12:52:30,165 | INFO | [t=680] VLA chunk prompt=Place the object into the open container.
2026-09-27 12:52:30,621 | INFO | [t=690] VLA chunk prompt=Place the object into the open container.
2026-09-27 12:52:31,080 | INFO | [t=700] VLA chunk prompt=Place the object into the open container.
2026-09-27 12:52:31,532 | INFO | [t=710] VLA chunk prompt=Place the object into the open container.
2026-09-27 12:52:31,976 | INFO | [t=720] VLA chunk prompt=Place the object into the open container.
2026-09-27 12:52:32,425 | INFO | [t=730] VLA chunk prompt=Place the object into the open container.
2026-09-27 12:52:32,880 | INFO | [t=740] VLA chunk prompt=Place the object into the open container.
2026-09-27 12:52:32,974 | INFO | API VLM @t=620 task=19 subtask=Place the tomato sauce into the open container. keyframes=[]
2026-09-27 12:52:32,977 | INFO | [redact] enabled task=19 registered_phrases=0 terms=[]
2026-09-27 12:52:33,283 | INFO | [t=750] VLM prompt update from step=620: Place the tomato sauce into the open container.
2026-09-27 12:52:33,337 | INFO | [t=750] VLA chunk prompt=Place the tomato sauce into the open container.
2026-09-27 12:52:33,789 | INFO | [t=760] VLA chunk prompt=Place the tomato sauce into the open container.
2026-09-27 12:52:34,244 | INFO | [t=770] VLA chunk prompt=Place the tomato sauce into the open container.
2026-09-27 12:52:34,701 | INFO | [t=780] VLA chunk prompt=Place the tomato sauce into the open container.
2026-09-27 12:52:35,166 | INFO | [t=790] VLA chunk prompt=Place the tomato sauce into the open container.
2026-09-27 12:52:35,624 | INFO | [t=800] VLA chunk prompt=Place the tomato sauce into the open container.
2026-09-27 12:52:36,077 | INFO | [t=810] VLA chunk prompt=Place the tomato sauce into the open container.
2026-09-27 12:52:36,529 | INFO | [t=820] VLA chunk prompt=Place the tomato sauce into the open container.
2026-09-27 12:52:36,980 | INFO | [t=830] VLA chunk prompt=Place the tomato sauce into the open container.
2026-09-27 12:52:37,429 | INFO | [t=840] VLA chunk prompt=Place the tomato sauce into the open container.
2026-09-27 12:52:37,876 | INFO | [t=850] VLA chunk prompt=Place the tomato sauce into the open container.
2026-09-27 12:52:38,280 | INFO | API VLM @t=730 task=19 subtask=Place the tomato sauce into the open container. keyframes=[]
2026-09-27 12:52:38,282 | INFO | [redact] enabled task=19 registered_phrases=0 terms=[]
2026-09-27 12:52:38,325 | INFO | [t=860] VLA chunk prompt=Place the tomato sauce into the open container.
2026-09-27 12:52:38,776 | INFO | [t=870] VLA chunk prompt=Place the tomato sauce into the open container.
2026-09-27 12:52:39,232 | INFO | [t=880] VLA chunk prompt=Place the tomato sauce into the open container.
2026-09-27 12:52:39,686 | INFO | [t=890] VLA chunk prompt=Place the tomato sauce into the open container.
2026-09-27 12:52:40,158 | INFO | [t=900] VLA chunk prompt=Place the tomato sauce into the open container.
2026-09-27 12:52:40,632 | INFO | [t=910] VLA chunk prompt=Place the tomato sauce into the open container.
2026-09-27 12:52:41,094 | INFO | [t=920] VLA chunk prompt=Place the tomato sauce into the open container.
2026-09-27 12:52:41,554 | INFO | [t=930] VLA chunk prompt=Place the tomato sauce into the open container.
2026-09-27 12:52:42,015 | INFO | [t=940] VLA chunk prompt=Place the tomato sauce into the open container.
2026-09-27 12:52:42,475 | INFO | [t=950] VLA chunk prompt=Place the tomato sauce into the open container.
2026-09-27 12:52:42,948 | INFO | [t=960] VLA chunk prompt=Place the tomato sauce into the open container.
2026-09-27 12:52:43,426 | INFO | [t=970] VLA chunk prompt=Place the tomato sauce into the open container.
2026-09-27 12:52:43,888 | INFO | [t=980] VLA chunk prompt=Place the tomato sauce into the open container.
2026-09-27 12:52:43,968 | INFO | API VLM @t=850 task=19 subtask=Place the tomato sauce into the open container. keyframes=[]
2026-09-27 12:52:43,971 | INFO | [redact] enabled task=19 registered_phrases=0 terms=[]
2026-09-27 12:52:44,326 | INFO | [t=990] VLA chunk prompt=Place the tomato sauce into the open container.
2026-09-27 12:52:44,755 | INFO | [t=1000] VLA chunk prompt=Place the tomato sauce into the open container.
2026-09-27 12:52:45,170 | INFO | [t=1010] VLA chunk prompt=Place the tomato sauce into the open container.
2026-09-27 12:52:45,601 | INFO | [t=1020] VLA chunk prompt=Place the tomato sauce into the open container.
2026-09-27 12:52:46,047 | INFO | [t=1030] VLA chunk prompt=Place the tomato sauce into the open container.
2026-09-27 12:52:46,488 | INFO | [t=1040] VLA chunk prompt=Place the tomato sauce into the open container.
2026-09-27 12:52:46,937 | INFO | [t=1050] VLA chunk prompt=Place the tomato sauce into the open container.
2026-09-27 12:52:46,978 | INFO | [t=1051] stage done: 01_Place_Tomato_Sauce_Cabinet2
2026-09-27 12:52:47,394 | INFO | [t=1060] VLA chunk prompt=Place the tomato sauce into the open container.
2026-09-27 12:52:47,851 | INFO | [t=1070] VLA chunk prompt=Place the tomato sauce into the open container.
2026-09-27 12:52:48,312 | INFO | [t=1080] VLA chunk prompt=Place the tomato sauce into the open container.
2026-09-27 12:52:48,772 | INFO | [t=1090] VLA chunk prompt=Place the tomato sauce into the open container.
2026-09-27 12:52:49,208 | INFO | [t=1100] VLA chunk prompt=Place the tomato sauce into the open container.
2026-09-27 12:52:49,650 | INFO | [t=1110] VLA chunk prompt=Place the tomato sauce into the open container.
2026-09-27 12:52:50,121 | INFO | [t=1120] VLA chunk prompt=Place the tomato sauce into the open container.
2026-09-27 12:52:50,214 | INFO | API VLM @t=970 task=19 subtask=Place the tomato sauce into the open container. keyframes=[]
2026-09-27 12:52:50,217 | INFO | [redact] enabled task=19 registered_phrases=0 terms=[]
2026-09-27 12:52:50,622 | INFO | [t=1130] VLA chunk prompt=Place the tomato sauce into the open container.
2026-09-27 12:52:51,089 | INFO | [t=1140] VLA chunk prompt=Place the tomato sauce into the open container.
2026-09-27 12:52:51,543 | INFO | [t=1150] VLA chunk prompt=Place the tomato sauce into the open container.
2026-09-27 12:52:51,995 | INFO | [t=1160] VLA chunk prompt=Place the tomato sauce into the open container.
2026-09-27 12:52:52,455 | INFO | [t=1170] VLA chunk prompt=Place the tomato sauce into the open container.
2026-09-27 12:52:52,917 | INFO | [t=1180] VLA chunk prompt=Place the tomato sauce into the open container.
2026-09-27 12:52:53,385 | INFO | [t=1190] VLA chunk prompt=Place the tomato sauce into the open container.
2026-09-27 12:52:53,851 | INFO | [t=1200] VLA chunk prompt=Place the tomato sauce into the open container.
2026-09-27 12:52:54,316 | INFO | [t=1210] VLA chunk prompt=Place the tomato sauce into the open container.
2026-09-27 12:52:54,791 | INFO | [t=1220] VLA chunk prompt=Place the tomato sauce into the open container.
2026-09-27 12:52:55,248 | INFO | [t=1230] VLA chunk prompt=Place the tomato sauce into the open container.
2026-09-27 12:52:55,351 | INFO | API VLM @t=1110 task=19 subtask=Place the milk into the open container. keyframes=[]
2026-09-27 12:52:55,354 | INFO | [redact] enabled task=19 registered_phrases=0 terms=[]
2026-09-27 12:52:55,676 | INFO | [t=1240] VLM prompt update from step=1110: Place the milk into the open container.
2026-09-27 12:52:55,730 | INFO | [t=1240] VLA chunk prompt=Place the milk into the open container.
2026-09-27 12:52:56,195 | INFO | [t=1250] VLA chunk prompt=Place the milk into the open container.
2026-09-27 12:52:56,671 | INFO | [t=1260] VLA chunk prompt=Place the milk into the open container.
2026-09-27 12:52:57,133 | INFO | [t=1270] VLA chunk prompt=Place the milk into the open container.
2026-09-27 12:52:57,593 | INFO | [t=1280] VLA chunk prompt=Place the milk into the open container.
2026-09-27 12:52:58,053 | INFO | [t=1290] VLA chunk prompt=Place the milk into the open container.
2026-09-27 12:52:58,525 | INFO | [t=1300] VLA chunk prompt=Place the milk into the open container.
2026-09-27 12:52:59,008 | INFO | [t=1310] VLA chunk prompt=Place the milk into the open container.
2026-09-27 12:52:59,474 | INFO | [t=1320] VLA chunk prompt=Place the milk into the open container.
2026-09-27 12:52:59,952 | INFO | [t=1330] VLA chunk prompt=Place the milk into the open container.
2026-09-27 12:53:00,447 | INFO | [t=1340] VLA chunk prompt=Place the milk into the open container.
2026-09-27 12:53:00,567 | INFO | API VLM @t=1220 task=19 subtask=Place the milk into cabinet2. keyframes=[]
2026-09-27 12:53:00,570 | INFO | [redact] enabled task=19 registered_phrases=0 terms=[]
2026-09-27 12:53:00,892 | INFO | [t=1350] VLM prompt update from step=1220: Place the milk into cabinet2.
2026-09-27 12:53:00,946 | INFO | [t=1350] VLA chunk prompt=Place the milk into cabinet2.
2026-09-27 12:53:01,439 | INFO | [t=1360] VLA chunk prompt=Place the milk into cabinet2.
2026-09-27 12:53:01,930 | INFO | [t=1370] VLA chunk prompt=Place the milk into cabinet2.
2026-09-27 12:53:02,423 | INFO | [t=1380] VLA chunk prompt=Place the milk into cabinet2.
2026-09-27 12:53:02,911 | INFO | [t=1390] VLA chunk prompt=Place the milk into cabinet2.
2026-09-27 12:53:03,393 | INFO | [t=1400] VLA chunk prompt=Place the milk into cabinet2.
2026-09-27 12:53:03,855 | INFO | [t=1410] VLA chunk prompt=Place the milk into cabinet2.
2026-09-27 12:53:04,347 | INFO | [t=1420] VLA chunk prompt=Place the milk into cabinet2.
2026-09-27 12:53:04,837 | INFO | [t=1430] VLA chunk prompt=Place the milk into cabinet2.
2026-09-27 12:53:05,314 | INFO | [t=1440] VLA chunk prompt=Place the milk into cabinet2.
2026-09-27 12:53:05,819 | INFO | [t=1450] VLA chunk prompt=Place the milk into cabinet2.
2026-09-27 12:53:05,934 | INFO | API VLM @t=1330 task=19 subtask=Place the milk in cabinet2. keyframes=[]
2026-09-27 12:53:05,936 | INFO | [redact] enabled task=19 registered_phrases=0 terms=[]
2026-09-27 12:53:06,258 | INFO | [t=1460] VLM prompt update from step=1330: Place the milk in cabinet2.
2026-09-27 12:53:06,312 | INFO | [t=1460] VLA chunk prompt=Place the milk in cabinet2.
2026-09-27 12:53:06,812 | INFO | [t=1470] VLA chunk prompt=Place the milk in cabinet2.
2026-09-27 12:53:07,284 | INFO | [t=1480] VLA chunk prompt=Place the milk in cabinet2.
2026-09-27 12:53:07,768 | INFO | [t=1490] VLA chunk prompt=Place the milk in cabinet2.
2026-09-27 12:53:08,233 | INFO | [t=1500] VLA chunk prompt=Place the milk in cabinet2.
2026-09-27 12:53:08,701 | INFO | [t=1510] VLA chunk prompt=Place the milk in cabinet2.
2026-09-27 12:53:09,188 | INFO | [t=1520] VLA chunk prompt=Place the milk in cabinet2.
2026-09-27 12:53:09,656 | INFO | [t=1530] VLA chunk prompt=Place the milk in cabinet2.
2026-09-27 12:53:10,118 | INFO | [t=1540] VLA chunk prompt=Place the milk in cabinet2.
2026-09-27 12:53:10,588 | INFO | [t=1550] VLA chunk prompt=Place the milk in cabinet2.
2026-09-27 12:53:11,048 | INFO | [t=1560] VLA chunk prompt=Place the milk in cabinet2.
2026-09-27 12:53:11,531 | INFO | [t=1570] VLA chunk prompt=Place the milk in cabinet2.
2026-09-27 12:53:11,983 | INFO | [t=1580] VLA chunk prompt=Place the milk in cabinet2.
2026-09-27 12:53:12,025 | INFO | API VLM @t=1440 task=19 subtask=Place the object into the open container. keyframes=[]
2026-09-27 12:53:12,028 | INFO | [redact] enabled task=19 registered_phrases=0 terms=[]
2026-09-27 12:53:12,404 | INFO | [t=1590] VLM prompt update from step=1440: Place the object into the open container.
2026-09-27 12:53:12,458 | INFO | [t=1590] VLA chunk prompt=Place the object into the open container.
2026-09-27 12:53:12,911 | INFO | [t=1600] VLA chunk prompt=Place the object into the open container.
2026-09-27 12:53:13,365 | INFO | [t=1610] VLA chunk prompt=Place the object into the open container.
2026-09-27 12:53:13,855 | INFO | [t=1620] VLA chunk prompt=Place the object into the open container.
2026-09-27 12:53:14,348 | INFO | [t=1630] VLA chunk prompt=Place the object into the open container.
2026-09-27 12:53:14,842 | INFO | [t=1640] VLA chunk prompt=Place the object into the open container.
2026-09-27 12:53:15,327 | INFO | [t=1650] VLA chunk prompt=Place the object into the open container.
2026-09-27 12:53:15,818 | INFO | [t=1660] VLA chunk prompt=Place the object into the open container.
2026-09-27 12:53:16,308 | INFO | [t=1670] VLA chunk prompt=Place the object into the open container.
2026-09-27 12:53:16,804 | INFO | [t=1680] VLA chunk prompt=Place the object into the open container.
2026-09-27 12:53:17,047 | INFO | API VLM @t=1570 task=19 subtask=Place the milk into the open container. keyframes=[]
2026-09-27 12:53:17,050 | INFO | [redact] enabled task=19 registered_phrases=0 terms=[]
2026-09-27 12:53:17,244 | INFO | [t=1690] VLM prompt update from step=1570: Place the milk into the open container.
2026-09-27 12:53:17,299 | INFO | [t=1690] VLA chunk prompt=Place the milk into the open container.
2026-09-27 12:53:17,798 | INFO | [t=1700] VLA chunk prompt=Place the milk into the open container.
2026-09-27 12:53:18,291 | INFO | [t=1710] VLA chunk prompt=Place the milk into the open container.
2026-09-27 12:53:18,795 | INFO | [t=1720] VLA chunk prompt=Place the milk into the open container.
2026-09-27 12:53:19,302 | INFO | [t=1730] VLA chunk prompt=Place the milk into the open container.
2026-09-27 12:53:19,825 | INFO | [t=1740] VLA chunk prompt=Place the milk into the open container.
2026-09-27 12:53:20,329 | INFO | [t=1750] VLA chunk prompt=Place the milk into the open container.
2026-09-27 12:53:20,836 | INFO | [t=1760] VLA chunk prompt=Place the milk into the open container.
2026-09-27 12:53:21,341 | INFO | [t=1770] VLA chunk prompt=Place the milk into the open container.
2026-09-27 12:53:21,851 | INFO | [t=1780] VLA chunk prompt=Place the milk into the open container.
2026-09-27 12:53:21,937 | INFO | API VLM @t=1675 task=19 subtask=Place the milk into the open container. keyframes=[]
2026-09-27 12:53:21,940 | INFO | [redact] enabled task=19 registered_phrases=0 terms=[]
2026-09-27 12:53:22,372 | INFO | [t=1790] VLA chunk prompt=Place the milk into the open container.
2026-09-27 12:53:22,877 | INFO | [t=1800] VLA chunk prompt=Place the milk into the open container.
2026-09-27 12:53:23,387 | INFO | [t=1810] VLA chunk prompt=Place the milk into the open container.
2026-09-27 12:53:23,888 | INFO | [t=1820] VLA chunk prompt=Place the milk into the open container.
2026-09-27 12:53:24,401 | INFO | [t=1830] VLA chunk prompt=Place the milk into the open container.
2026-09-27 12:53:24,916 | INFO | [t=1840] VLA chunk prompt=Place the milk into the open container.
2026-09-27 12:53:25,430 | INFO | [t=1850] VLA chunk prompt=Place the milk into the open container.
2026-09-27 12:53:25,948 | INFO | [t=1860] VLA chunk prompt=Place the milk into the open container.
2026-09-27 12:53:26,453 | INFO | [t=1870] VLA chunk prompt=Place the milk into the open container.
2026-09-27 12:53:26,968 | INFO | [t=1880] VLA chunk prompt=Place the milk into the open container.
2026-09-27 12:53:27,125 | INFO | API VLM @t=1770 task=19 subtask=Place the milk into the open container. keyframes=[]
2026-09-27 12:53:27,128 | INFO | [redact] enabled task=19 registered_phrases=0 terms=[]
2026-09-27 12:53:27,481 | INFO | [t=1890] VLA chunk prompt=Place the milk into the open container.
2026-09-27 12:53:27,987 | INFO | [t=1900] VLA chunk prompt=Place the milk into the open container.
2026-09-27 12:53:28,496 | INFO | [t=1910] VLA chunk prompt=Place the milk into the open container.
2026-09-27 12:53:29,002 | INFO | [t=1920] VLA chunk prompt=Place the milk into the open container.
2026-09-27 12:53:29,507 | INFO | [t=1930] VLA chunk prompt=Place the milk into the open container.
2026-09-27 12:53:30,017 | INFO | [t=1940] VLA chunk prompt=Place the milk into the open container.
2026-09-27 12:53:30,522 | INFO | [t=1950] VLA chunk prompt=Place the milk into the open container.
2026-09-27 12:53:31,024 | INFO | [t=1960] VLA chunk prompt=Place the milk into the open container.
2026-09-27 12:53:31,520 | INFO | [t=1970] VLA chunk prompt=Place the milk into the open container.
2026-09-27 12:53:31,939 | INFO | API VLM @t=1870 task=19 subtask=Place the milk into the open container. keyframes=[]
2026-09-27 12:53:31,941 | INFO | [redact] enabled task=19 registered_phrases=0 terms=[]
2026-09-27 12:53:32,030 | INFO | [t=1980] VLA chunk prompt=Place the milk into the open container.
2026-09-27 12:53:32,534 | INFO | [t=1990] VLA chunk prompt=Place the milk into the open container.
2026-09-27 12:53:33,038 | INFO | [t=2000] VLA chunk prompt=Place the milk into the open container.
2026-09-27 12:53:33,547 | INFO | [t=2010] VLA chunk prompt=Place the milk into the open container.
2026-09-27 12:53:34,053 | INFO | [t=2020] VLA chunk prompt=Place the milk into the open container.
2026-09-27 12:53:34,559 | INFO | [t=2030] VLA chunk prompt=Place the milk into the open container.
2026-09-27 12:53:35,059 | INFO | [t=2040] VLA chunk prompt=Place the milk into the open container.
2026-09-27 12:53:35,558 | INFO | [t=2050] VLA chunk prompt=Place the milk into the open container.
2026-09-27 12:53:36,059 | INFO | [t=2060] VLA chunk prompt=Place the milk into the open container.
2026-09-27 12:53:36,568 | INFO | [t=2070] VLA chunk prompt=Place the milk into the open container.
2026-09-27 12:53:37,078 | INFO | [t=2080] VLA chunk prompt=Place the milk into the open container.
2026-09-27 12:53:37,250 | INFO | API VLM @t=1965 task=19 subtask=Place the milk into the open container. keyframes=[]
2026-09-27 12:53:37,253 | INFO | [redact] enabled task=19 registered_phrases=0 terms=[]
2026-09-27 12:53:37,582 | INFO | [t=2090] VLA chunk prompt=Place the milk into the open container.
2026-09-27 12:53:38,079 | INFO | [t=2100] VLA chunk prompt=Place the milk into the open container.
2026-09-27 12:53:38,558 | INFO | [t=2110] VLA chunk prompt=Place the milk into the open container.
2026-09-27 12:53:39,022 | INFO | [t=2120] VLA chunk prompt=Place the milk into the open container.
2026-09-27 12:53:39,488 | INFO | [t=2130] VLA chunk prompt=Place the milk into the open container.
2026-09-27 12:53:39,947 | INFO | [t=2140] VLA chunk prompt=Place the milk into the open container.
2026-09-27 12:53:40,439 | INFO | [t=2150] VLA chunk prompt=Place the milk into the open container.
2026-09-27 12:53:40,942 | INFO | [t=2160] VLA chunk prompt=Place the milk into the open container.
2026-09-27 12:53:41,413 | INFO | [t=2170] VLA chunk prompt=Place the milk into the open container.
2026-09-27 12:53:41,901 | INFO | [t=2180] VLA chunk prompt=Place the milk into the open container.
2026-09-27 12:53:41,910 | INFO | API VLM @t=2070 task=19 subtask=Place the milk into the open container. keyframes=[]
2026-09-27 12:53:41,913 | INFO | [redact] enabled task=19 registered_phrases=0 terms=[]
2026-09-27 12:53:42,376 | INFO | [t=2190] VLA chunk prompt=Place the milk into the open container.
2026-09-27 12:53:42,860 | INFO | [t=2200] VLA chunk prompt=Place the milk into the open container.
2026-09-27 12:53:43,326 | INFO | [t=2210] VLA chunk prompt=Place the milk into the open container.
2026-09-27 12:53:43,783 | INFO | [t=2220] VLA chunk prompt=Place the milk into the open container.
2026-09-27 12:53:44,242 | INFO | [t=2230] VLA chunk prompt=Place the milk into the open container.
2026-09-27 12:53:44,716 | INFO | [t=2240] VLA chunk prompt=Place the milk into the open container.
2026-09-27 12:53:45,191 | INFO | [t=2250] VLA chunk prompt=Place the milk into the open container.
2026-09-27 12:53:45,653 | INFO | [t=2260] VLA chunk prompt=Place the milk into the open container.
2026-09-27 12:53:46,121 | INFO | [t=2270] VLA chunk prompt=Place the milk into the open container.
2026-09-27 12:53:46,583 | INFO | [t=2280] VLA chunk prompt=Place the milk into the open container.
2026-09-27 12:53:47,046 | INFO | [t=2290] VLA chunk prompt=Place the milk into the open container.
2026-09-27 12:53:47,144 | INFO | API VLM @t=2170 task=19 subtask=Place the milk into the open container. keyframes=[]
2026-09-27 12:53:47,147 | INFO | [redact] enabled task=19 registered_phrases=0 terms=[]
2026-09-27 12:53:47,523 | INFO | [t=2300] VLA chunk prompt=Place the milk into the open container.
2026-09-27 12:53:48,001 | INFO | [t=2310] VLA chunk prompt=Place the milk into the open container.
2026-09-27 12:53:48,474 | INFO | [t=2320] VLA chunk prompt=Place the milk into the open container.
2026-09-27 12:53:48,944 | INFO | [t=2330] VLA chunk prompt=Place the milk into the open container.
2026-09-27 12:53:49,407 | INFO | [t=2340] VLA chunk prompt=Place the milk into the open container.
2026-09-27 12:53:49,861 | INFO | [t=2350] VLA chunk prompt=Place the milk into the open container.
2026-09-27 12:53:50,350 | INFO | [t=2360] VLA chunk prompt=Place the milk into the open container.
2026-09-27 12:53:50,828 | INFO | [t=2370] VLA chunk prompt=Place the milk into the open container.
2026-09-27 12:53:51,285 | INFO | [t=2380] VLA chunk prompt=Place the milk into the open container.
2026-09-27 12:53:51,731 | INFO | API VLM @t=2280 task=19 subtask=Place the object into the open container. keyframes=[]
2026-09-27 12:53:51,733 | INFO | [redact] enabled task=19 registered_phrases=0 terms=[]
2026-09-27 12:53:51,735 | INFO | [t=2390] VLA chunk prompt=Place the milk into the open container.
2026-09-27 12:53:52,136 | INFO | [t=2400] VLM prompt update from step=2280: Place the object into the open container.
2026-09-27 12:53:52,188 | INFO | [t=2400] VLA chunk prompt=Place the object into the open container.
2026-09-27 12:53:52,646 | INFO | [t=2410] VLA chunk prompt=Place the object into the open container.
2026-09-27 12:53:53,120 | INFO | [t=2420] VLA chunk prompt=Place the object into the open container.
2026-09-27 12:53:53,593 | INFO | [t=2430] VLA chunk prompt=Place the object into the open container.
2026-09-27 12:53:54,069 | INFO | [t=2440] VLA chunk prompt=Place the object into the open container.
2026-09-27 12:53:54,542 | INFO | [t=2450] VLA chunk prompt=Place the object into the open container.
2026-09-27 12:53:55,017 | INFO | [t=2460] VLA chunk prompt=Place the object into the open container.
2026-09-27 12:53:55,484 | INFO | [t=2470] VLA chunk prompt=Place the object into the open container.
2026-09-27 12:53:55,970 | INFO | [t=2480] VLA chunk prompt=Place the object into the open container.
2026-09-27 12:53:56,405 | INFO | [t=2490] VLA chunk prompt=Place the object into the open container.
2026-09-27 12:53:56,820 | INFO | [t=2500] VLA chunk prompt=Place the object into the open container.
2026-09-27 12:53:56,860 | INFO | API VLM @t=2380 task=19 subtask=Place the milk into the open container. keyframes=[]
2026-09-27 12:53:56,863 | INFO | [redact] enabled task=19 registered_phrases=0 terms=[]
2026-09-27 12:54:00,191 | INFO | attempt=0 stage_score=33.3 stage_success=False failure_reason=incomplete_stage
2026-09-27 12:54:00,192 | INFO | Episode 6 seed=106 stage_score=33.3 stage_success=0 goal=0.333 failure_reason=incomplete_stage | 01_Place_Tomato_Sauce_Cabinet2=Y | 02_Place_Milk_Cabinet2=N | 03_Place_Orange_Juice_Cabinet2=N
