2026-09-26 20:04:49,490 | INFO | task_id=8 bddl=/project/peilab/why/RoboMemArena/bddl/8_pick_chocolate_in_frypan_pour_tomato_sauce_twice.bddl vlm_ckpt=/project/peilab/why/RoboMemArena/checkpoints/PrediMem/vlm_tasks1to26_ckpt74500
2026-09-26 20:04:51,175 | INFO | async VLM enabled: single-slot subtask buffer
2026-09-26 20:04:51,411 | INFO | [t=10] VLA chunk prompt=Pick and place chocolate into the frypan, pour tomato sauce over it twice, then place the sauce bottle into the bowl drainer.
2026-09-26 20:04:51,654 | INFO | [t=20] VLA chunk prompt=Pick and place chocolate into the frypan, pour tomato sauce over it twice, then place the sauce bottle into the bowl drainer.
2026-09-26 20:04:51,895 | INFO | [t=30] VLA chunk prompt=Pick and place chocolate into the frypan, pour tomato sauce over it twice, then place the sauce bottle into the bowl drainer.
2026-09-26 20:04:52,136 | INFO | [t=40] VLA chunk prompt=Pick and place chocolate into the frypan, pour tomato sauce over it twice, then place the sauce bottle into the bowl drainer.
2026-09-26 20:04:52,376 | INFO | [t=50] VLA chunk prompt=Pick and place chocolate into the frypan, pour tomato sauce over it twice, then place the sauce bottle into the bowl drainer.
2026-09-26 20:04:52,617 | INFO | [t=60] VLA chunk prompt=Pick and place chocolate into the frypan, pour tomato sauce over it twice, then place the sauce bottle into the bowl drainer.
2026-09-26 20:04:52,858 | INFO | [t=70] VLA chunk prompt=Pick and place chocolate into the frypan, pour tomato sauce over it twice, then place the sauce bottle into the bowl drainer.
2026-09-26 20:04:53,098 | INFO | [t=80] VLA chunk prompt=Pick and place chocolate into the frypan, pour tomato sauce over it twice, then place the sauce bottle into the bowl drainer.
2026-09-26 20:04:53,338 | INFO | [t=90] VLA chunk prompt=Pick and place chocolate into the frypan, pour tomato sauce over it twice, then place the sauce bottle into the bowl drainer.
2026-09-26 20:04:53,578 | INFO | [t=100] VLA chunk prompt=Pick and place chocolate into the frypan, pour tomato sauce over it twice, then place the sauce bottle into the bowl drainer.
2026-09-26 20:04:53,817 | INFO | [t=110] VLA chunk prompt=Pick and place chocolate into the frypan, pour tomato sauce over it twice, then place the sauce bottle into the bowl drainer.
2026-09-26 20:04:54,060 | INFO | [t=120] VLA chunk prompt=Pick and place chocolate into the frypan, pour tomato sauce over it twice, then place the sauce bottle into the bowl drainer.
2026-09-26 20:04:54,337 | INFO | [t=130] VLA chunk prompt=Pick and place chocolate into the frypan, pour tomato sauce over it twice, then place the sauce bottle into the bowl drainer.
2026-09-26 20:04:54,620 | INFO | [t=140] VLA chunk prompt=Pick and place chocolate into the frypan, pour tomato sauce over it twice, then place the sauce bottle into the bowl drainer.
2026-09-26 20:04:54,909 | INFO | [t=150] VLA chunk prompt=Pick and place chocolate into the frypan, pour tomato sauce over it twice, then place the sauce bottle into the bowl drainer.
2026-09-26 20:04:55,204 | INFO | [t=160] VLA chunk prompt=Pick and place chocolate into the frypan, pour tomato sauce over it twice, then place the sauce bottle into the bowl drainer.
2026-09-26 20:04:55,501 | INFO | [t=170] VLA chunk prompt=Pick and place chocolate into the frypan, pour tomato sauce over it twice, then place the sauce bottle into the bowl drainer.
2026-09-26 20:04:55,804 | INFO | [t=180] VLA chunk prompt=Pick and place chocolate into the frypan, pour tomato sauce over it twice, then place the sauce bottle into the bowl drainer.
2026-09-26 20:04:56,109 | INFO | [t=190] VLA chunk prompt=Pick and place chocolate into the frypan, pour tomato sauce over it twice, then place the sauce bottle into the bowl drainer.
2026-09-26 20:04:56,207 | INFO | API VLM @t=0 task=8 subtask=Pick up the chocolate and place it in the frypan. keyframes=[]
2026-09-26 20:04:56,372 | INFO | [t=200] VLM prompt update from step=0: Pick up the chocolate and place it in the frypan.
2026-09-26 20:04:56,422 | INFO | [t=200] VLA chunk prompt=Pick up the chocolate and place it in the frypan.
2026-09-26 20:04:56,736 | INFO | [t=210] VLA chunk prompt=Pick up the chocolate and place it in the frypan.
2026-09-26 20:04:57,055 | INFO | [t=220] VLA chunk prompt=Pick up the chocolate and place it in the frypan.
2026-09-26 20:04:57,379 | INFO | [t=230] VLA chunk prompt=Pick up the chocolate and place it in the frypan.
2026-09-26 20:04:57,705 | INFO | [t=240] VLA chunk prompt=Pick up the chocolate and place it in the frypan.
2026-09-26 20:04:58,036 | INFO | [t=250] VLA chunk prompt=Pick up the chocolate and place it in the frypan.
2026-09-26 20:04:58,368 | INFO | [t=260] VLA chunk prompt=Pick up the chocolate and place it in the frypan.
2026-09-26 20:04:58,702 | INFO | [t=270] VLA chunk prompt=Pick up the chocolate and place it in the frypan.
2026-09-26 20:04:59,037 | INFO | [t=280] VLA chunk prompt=Pick up the chocolate and place it in the frypan.
2026-09-26 20:04:59,372 | INFO | [t=290] VLA chunk prompt=Pick up the chocolate and place it in the frypan.
2026-09-26 20:04:59,704 | INFO | [t=300] VLA chunk prompt=Pick up the chocolate and place it in the frypan.
2026-09-26 20:05:00,036 | INFO | [t=310] VLA chunk prompt=Pick up the chocolate and place it in the frypan.
2026-09-26 20:05:00,370 | INFO | [t=320] VLA chunk prompt=Pick up the chocolate and place it in the frypan.
2026-09-26 20:05:00,698 | INFO | [t=330] VLA chunk prompt=Pick up the chocolate and place it in the frypan.
2026-09-26 20:05:01,022 | INFO | [t=340] VLA chunk prompt=Pick up the chocolate and place it in the frypan.
2026-09-26 20:05:01,345 | INFO | [t=350] VLA chunk prompt=Pick up the chocolate and place it in the frypan.
2026-09-26 20:05:01,669 | INFO | [t=360] VLA chunk prompt=Pick up the chocolate and place it in the frypan.
2026-09-26 20:05:01,994 | INFO | [t=370] VLA chunk prompt=Pick up the chocolate and place it in the frypan.
2026-09-26 20:05:02,321 | INFO | [t=380] VLA chunk prompt=Pick up the chocolate and place it in the frypan.
2026-09-26 20:05:02,649 | INFO | [t=390] VLA chunk prompt=Pick up the chocolate and place it in the frypan.
2026-09-26 20:05:02,977 | INFO | [t=400] VLA chunk prompt=Pick up the chocolate and place it in the frypan.
2026-09-26 20:05:03,303 | INFO | [t=410] VLA chunk prompt=Pick up the chocolate and place it in the frypan.
2026-09-26 20:05:03,627 | INFO | [t=420] VLA chunk prompt=Pick up the chocolate and place it in the frypan.
2026-09-26 20:05:03,948 | INFO | [t=430] VLA chunk prompt=Pick up the chocolate and place it in the frypan.
2026-09-26 20:05:04,270 | INFO | [t=440] VLA chunk prompt=Pick up the chocolate and place it in the frypan.
2026-09-26 20:05:04,591 | INFO | [t=450] VLA chunk prompt=Pick up the chocolate and place it in the frypan.
2026-09-26 20:05:04,911 | INFO | [t=460] VLA chunk prompt=Pick up the chocolate and place it in the frypan.
2026-09-26 20:05:05,231 | INFO | [t=470] VLA chunk prompt=Pick up the chocolate and place it in the frypan.
2026-09-26 20:05:05,551 | INFO | [t=480] VLA chunk prompt=Pick up the chocolate and place it in the frypan.
2026-09-26 20:05:05,869 | INFO | [t=490] VLA chunk prompt=Pick up the chocolate and place it in the frypan.
2026-09-26 20:05:06,190 | INFO | [t=500] VLA chunk prompt=Pick up the chocolate and place it in the frypan.
2026-09-26 20:05:06,515 | INFO | [t=510] VLA chunk prompt=Pick up the chocolate and place it in the frypan.
2026-09-26 20:05:06,873 | INFO | [t=520] VLA chunk prompt=Pick up the chocolate and place it in the frypan.
2026-09-26 20:05:07,230 | INFO | [t=530] VLA chunk prompt=Pick up the chocolate and place it in the frypan.
2026-09-26 20:05:07,587 | INFO | [t=540] VLA chunk prompt=Pick up the chocolate and place it in the frypan.
2026-09-26 20:05:07,940 | INFO | [t=550] VLA chunk prompt=Pick up the chocolate and place it in the frypan.
2026-09-26 20:05:08,290 | INFO | [t=560] VLA chunk prompt=Pick up the chocolate and place it in the frypan.
2026-09-26 20:05:08,637 | INFO | [t=570] VLA chunk prompt=Pick up the chocolate and place it in the frypan.
2026-09-26 20:05:08,984 | INFO | [t=580] VLA chunk prompt=Pick up the chocolate and place it in the frypan.
2026-09-26 20:05:09,294 | INFO | API VLM @t=180 task=8 subtask=Pick up the chocolate and place it in the frypan keyframes=[]
2026-09-26 20:05:09,341 | INFO | [t=590] VLM prompt update from step=180: Pick up the chocolate and place it in the frypan
2026-09-26 20:05:09,393 | INFO | [t=590] VLA chunk prompt=Pick up the chocolate and place it in the frypan
2026-09-26 20:05:09,750 | INFO | [t=600] VLA chunk prompt=Pick up the chocolate and place it in the frypan
2026-09-26 20:05:10,097 | INFO | [t=610] VLA chunk prompt=Pick up the chocolate and place it in the frypan
2026-09-26 20:05:10,444 | INFO | [t=620] VLA chunk prompt=Pick up the chocolate and place it in the frypan
2026-09-26 20:05:10,789 | INFO | [t=630] VLA chunk prompt=Pick up the chocolate and place it in the frypan
2026-09-26 20:05:11,134 | INFO | [t=640] VLA chunk prompt=Pick up the chocolate and place it in the frypan
2026-09-26 20:05:11,478 | INFO | [t=650] VLA chunk prompt=Pick up the chocolate and place it in the frypan
2026-09-26 20:05:11,822 | INFO | [t=660] VLA chunk prompt=Pick up the chocolate and place it in the frypan
2026-09-26 20:05:12,167 | INFO | [t=670] VLA chunk prompt=Pick up the chocolate and place it in the frypan
2026-09-26 20:05:12,511 | INFO | [t=680] VLA chunk prompt=Pick up the chocolate and place it in the frypan
2026-09-26 20:05:12,858 | INFO | [t=690] VLA chunk prompt=Pick up the chocolate and place it in the frypan
2026-09-26 20:05:13,205 | INFO | [t=700] VLA chunk prompt=Pick up the chocolate and place it in the frypan
2026-09-26 20:05:13,548 | INFO | [t=710] VLA chunk prompt=Pick up the chocolate and place it in the frypan
2026-09-26 20:05:13,891 | INFO | [t=720] VLA chunk prompt=Pick up the chocolate and place it in the frypan
2026-09-26 20:05:14,233 | INFO | [t=730] VLA chunk prompt=Pick up the chocolate and place it in the frypan
2026-09-26 20:05:14,572 | INFO | [t=740] VLA chunk prompt=Pick up the chocolate and place it in the frypan
2026-09-26 20:05:14,909 | INFO | [t=750] VLA chunk prompt=Pick up the chocolate and place it in the frypan
2026-09-26 20:05:15,250 | INFO | [t=760] VLA chunk prompt=Pick up the chocolate and place it in the frypan
2026-09-26 20:05:15,592 | INFO | [t=770] VLA chunk prompt=Pick up the chocolate and place it in the frypan
2026-09-26 20:05:15,931 | INFO | [t=780] VLA chunk prompt=Pick up the chocolate and place it in the frypan
2026-09-26 20:05:16,269 | INFO | [t=790] VLA chunk prompt=Pick up the chocolate and place it in the frypan
2026-09-26 20:05:16,606 | INFO | [t=800] VLA chunk prompt=Pick up the chocolate and place it in the frypan
2026-09-26 20:05:16,940 | INFO | [t=810] VLA chunk prompt=Pick up the chocolate and place it in the frypan
2026-09-26 20:05:17,276 | INFO | [t=820] VLA chunk prompt=Pick up the chocolate and place it in the frypan
2026-09-26 20:05:17,614 | INFO | [t=830] VLA chunk prompt=Pick up the chocolate and place it in the frypan
2026-09-26 20:05:17,953 | INFO | [t=840] VLA chunk prompt=Pick up the chocolate and place it in the frypan
2026-09-26 20:05:18,291 | INFO | [t=850] VLA chunk prompt=Pick up the chocolate and place it in the frypan
2026-09-26 20:05:18,631 | INFO | [t=860] VLA chunk prompt=Pick up the chocolate and place it in the frypan
2026-09-26 20:05:18,971 | INFO | [t=870] VLA chunk prompt=Pick up the chocolate and place it in the frypan
2026-09-26 20:05:19,316 | INFO | [t=880] VLA chunk prompt=Pick up the chocolate and place it in the frypan
2026-09-26 20:05:19,653 | INFO | [t=890] VLA chunk prompt=Pick up the chocolate and place it in the frypan
2026-09-26 20:05:19,856 | INFO | API VLM @t=575 task=8 subtask=pick up the tomato sauce bottle keyframes=[]
2026-09-26 20:05:19,945 | INFO | [t=900] VLM prompt update from step=575: pick up the tomato sauce bottle
2026-09-26 20:05:19,995 | INFO | [t=900] VLA chunk prompt=pick up the tomato sauce bottle
2026-09-26 20:05:20,338 | INFO | [t=910] VLA chunk prompt=pick up the tomato sauce bottle
2026-09-26 20:05:20,677 | INFO | [t=920] VLA chunk prompt=pick up the tomato sauce bottle
2026-09-26 20:05:21,020 | INFO | [t=930] VLA chunk prompt=pick up the tomato sauce bottle
2026-09-26 20:05:21,359 | INFO | [t=940] VLA chunk prompt=pick up the tomato sauce bottle
2026-09-26 20:05:21,699 | INFO | [t=950] VLA chunk prompt=pick up the tomato sauce bottle
2026-09-26 20:05:22,039 | INFO | [t=960] VLA chunk prompt=pick up the tomato sauce bottle
2026-09-26 20:05:22,378 | INFO | [t=970] VLA chunk prompt=pick up the tomato sauce bottle
2026-09-26 20:05:22,717 | INFO | [t=980] VLA chunk prompt=pick up the tomato sauce bottle
2026-09-26 20:05:23,065 | INFO | [t=990] VLA chunk prompt=pick up the tomato sauce bottle
2026-09-26 20:05:23,408 | INFO | [t=1000] VLA chunk prompt=pick up the tomato sauce bottle
2026-09-26 20:05:23,745 | INFO | [t=1010] VLA chunk prompt=pick up the tomato sauce bottle
2026-09-26 20:05:24,082 | INFO | [t=1020] VLA chunk prompt=pick up the tomato sauce bottle
2026-09-26 20:05:24,427 | INFO | [t=1030] VLA chunk prompt=pick up the tomato sauce bottle
2026-09-26 20:05:24,758 | INFO | [t=1040] VLA chunk prompt=pick up the tomato sauce bottle
2026-09-26 20:05:25,088 | INFO | [t=1050] VLA chunk prompt=pick up the tomato sauce bottle
2026-09-26 20:05:25,419 | INFO | [t=1060] VLA chunk prompt=pick up the tomato sauce bottle
2026-09-26 20:05:25,751 | INFO | [t=1070] VLA chunk prompt=pick up the tomato sauce bottle
2026-09-26 20:05:26,084 | INFO | [t=1080] VLA chunk prompt=pick up the tomato sauce bottle
2026-09-26 20:05:26,418 | INFO | [t=1090] VLA chunk prompt=pick up the tomato sauce bottle
2026-09-26 20:05:26,752 | INFO | [t=1100] VLA chunk prompt=pick up the tomato sauce bottle
2026-09-26 20:05:27,087 | INFO | [t=1110] VLA chunk prompt=pick up the tomato sauce bottle
2026-09-26 20:05:27,422 | INFO | [t=1120] VLA chunk prompt=pick up the tomato sauce bottle
2026-09-26 20:05:27,756 | INFO | [t=1130] VLA chunk prompt=pick up the tomato sauce bottle
2026-09-26 20:05:28,091 | INFO | [t=1140] VLA chunk prompt=pick up the tomato sauce bottle
2026-09-26 20:05:28,426 | INFO | [t=1150] VLA chunk prompt=pick up the tomato sauce bottle
2026-09-26 20:05:28,761 | INFO | [t=1160] VLA chunk prompt=pick up the tomato sauce bottle
2026-09-26 20:05:29,096 | INFO | [t=1170] VLA chunk prompt=pick up the tomato sauce bottle
2026-09-26 20:05:29,429 | INFO | [t=1180] VLA chunk prompt=pick up the tomato sauce bottle
2026-09-26 20:05:29,758 | INFO | [t=1190] VLA chunk prompt=pick up the tomato sauce bottle
2026-09-26 20:05:30,087 | INFO | [t=1200] VLA chunk prompt=pick up the tomato sauce bottle
2026-09-26 20:05:30,414 | INFO | [t=1210] VLA chunk prompt=pick up the tomato sauce bottle
2026-09-26 20:05:30,675 | INFO | API VLM @t=885 task=8 subtask=pick up the tomato sauce bottle keyframes=[]
2026-09-26 20:05:30,740 | INFO | [t=1220] VLA chunk prompt=pick up the tomato sauce bottle
2026-09-26 20:05:31,071 | INFO | [t=1230] VLA chunk prompt=pick up the tomato sauce bottle
2026-09-26 20:05:31,402 | INFO | [t=1240] VLA chunk prompt=pick up the tomato sauce bottle
2026-09-26 20:05:31,748 | INFO | [t=1250] VLA chunk prompt=pick up the tomato sauce bottle
2026-09-26 20:05:32,095 | INFO | [t=1260] VLA chunk prompt=pick up the tomato sauce bottle
2026-09-26 20:05:32,438 | INFO | [t=1270] VLA chunk prompt=pick up the tomato sauce bottle
2026-09-26 20:05:32,775 | INFO | [t=1280] VLA chunk prompt=pick up the tomato sauce bottle
2026-09-26 20:05:33,104 | INFO | [t=1290] VLA chunk prompt=pick up the tomato sauce bottle
2026-09-26 20:05:33,431 | INFO | [t=1300] VLA chunk prompt=pick up the tomato sauce bottle
2026-09-26 20:05:33,760 | INFO | [t=1310] VLA chunk prompt=pick up the tomato sauce bottle
2026-09-26 20:05:34,088 | INFO | [t=1320] VLA chunk prompt=pick up the tomato sauce bottle
2026-09-26 20:05:34,417 | INFO | [t=1330] VLA chunk prompt=pick up the tomato sauce bottle
2026-09-26 20:05:34,755 | INFO | [t=1340] VLA chunk prompt=pick up the tomato sauce bottle
2026-09-26 20:05:35,082 | INFO | [t=1350] VLA chunk prompt=pick up the tomato sauce bottle
2026-09-26 20:05:35,410 | INFO | [t=1360] VLA chunk prompt=pick up the tomato sauce bottle
2026-09-26 20:05:35,736 | INFO | [t=1370] VLA chunk prompt=pick up the tomato sauce bottle
2026-09-26 20:05:36,060 | INFO | [t=1380] VLA chunk prompt=pick up the tomato sauce bottle
2026-09-26 20:05:36,386 | INFO | [t=1390] VLA chunk prompt=pick up the tomato sauce bottle
2026-09-26 20:05:36,710 | INFO | [t=1400] VLA chunk prompt=pick up the tomato sauce bottle
2026-09-26 20:05:37,039 | INFO | [t=1410] VLA chunk prompt=pick up the tomato sauce bottle
2026-09-26 20:05:37,363 | INFO | [t=1420] VLA chunk prompt=pick up the tomato sauce bottle
2026-09-26 20:05:37,687 | INFO | [t=1430] VLA chunk prompt=pick up the tomato sauce bottle
2026-09-26 20:05:38,011 | INFO | [t=1440] VLA chunk prompt=pick up the tomato sauce bottle
2026-09-26 20:05:38,336 | INFO | [t=1450] VLA chunk prompt=pick up the tomato sauce bottle
2026-09-26 20:05:38,356 | INFO | API VLM @t=1205 task=8 subtask=place the tomato sauce bottle into the bowl drainer keyframes=[]
2026-09-26 20:05:38,611 | INFO | [t=1460] VLM prompt update from step=1205: place the tomato sauce bottle into the bowl drainer
2026-09-26 20:05:38,662 | INFO | [t=1460] VLA chunk prompt=place the tomato sauce bottle into the bowl drainer
2026-09-26 20:05:38,995 | INFO | [t=1470] VLA chunk prompt=place the tomato sauce bottle into the bowl drainer
2026-09-26 20:05:39,337 | INFO | [t=1480] VLA chunk prompt=place the tomato sauce bottle into the bowl drainer
2026-09-26 20:05:39,675 | INFO | [t=1490] VLA chunk prompt=place the tomato sauce bottle into the bowl drainer
2026-09-26 20:05:40,009 | INFO | [t=1500] VLA chunk prompt=place the tomato sauce bottle into the bowl drainer
2026-09-26 20:05:40,345 | INFO | [t=1510] VLA chunk prompt=place the tomato sauce bottle into the bowl drainer
2026-09-26 20:05:40,680 | INFO | [t=1520] VLA chunk prompt=place the tomato sauce bottle into the bowl drainer
2026-09-26 20:05:41,015 | INFO | [t=1530] VLA chunk prompt=place the tomato sauce bottle into the bowl drainer
2026-09-26 20:05:41,353 | INFO | [t=1540] VLA chunk prompt=place the tomato sauce bottle into the bowl drainer
2026-09-26 20:05:41,690 | INFO | [t=1550] VLA chunk prompt=place the tomato sauce bottle into the bowl drainer
2026-09-26 20:05:42,027 | INFO | [t=1560] VLA chunk prompt=place the tomato sauce bottle into the bowl drainer
2026-09-26 20:05:42,365 | INFO | [t=1570] VLA chunk prompt=place the tomato sauce bottle into the bowl drainer
2026-09-26 20:05:42,700 | INFO | [t=1580] VLA chunk prompt=place the tomato sauce bottle into the bowl drainer
2026-09-26 20:05:43,042 | INFO | [t=1590] VLA chunk prompt=place the tomato sauce bottle into the bowl drainer
2026-09-26 20:05:43,380 | INFO | [t=1600] VLA chunk prompt=place the tomato sauce bottle into the bowl drainer
2026-09-26 20:05:43,721 | INFO | [t=1610] VLA chunk prompt=place the tomato sauce bottle into the bowl drainer
2026-09-26 20:05:44,062 | INFO | [t=1620] VLA chunk prompt=place the tomato sauce bottle into the bowl drainer
2026-09-26 20:05:44,396 | INFO | [t=1630] VLA chunk prompt=place the tomato sauce bottle into the bowl drainer
2026-09-26 20:05:44,729 | INFO | [t=1640] VLA chunk prompt=place the tomato sauce bottle into the bowl drainer
2026-09-26 20:05:45,068 | INFO | [t=1650] VLA chunk prompt=place the tomato sauce bottle into the bowl drainer
2026-09-26 20:05:45,403 | INFO | [t=1660] VLA chunk prompt=place the tomato sauce bottle into the bowl drainer
2026-09-26 20:05:45,742 | INFO | [t=1670] VLA chunk prompt=place the tomato sauce bottle into the bowl drainer
2026-09-26 20:05:46,083 | INFO | [t=1680] VLA chunk prompt=place the tomato sauce bottle into the bowl drainer
2026-09-26 20:05:46,419 | INFO | [t=1690] VLA chunk prompt=place the tomato sauce bottle into the bowl drainer
2026-09-26 20:05:46,753 | INFO | [t=1700] VLA chunk prompt=place the tomato sauce bottle into the bowl drainer
2026-09-26 20:05:47,090 | INFO | [t=1710] VLA chunk prompt=place the tomato sauce bottle into the bowl drainer
2026-09-26 20:05:47,429 | INFO | [t=1720] VLA chunk prompt=place the tomato sauce bottle into the bowl drainer
2026-09-26 20:05:47,764 | INFO | [t=1730] VLA chunk prompt=place the tomato sauce bottle into the bowl drainer
2026-09-26 20:05:48,105 | INFO | [t=1740] VLA chunk prompt=place the tomato sauce bottle into the bowl drainer
2026-09-26 20:05:48,367 | INFO | API VLM @t=1440 task=8 subtask=Place the tomato sauce bottle into the bowl drainer keyframes=[]
2026-09-26 20:05:48,398 | INFO | [t=1750] VLM prompt update from step=1440: Place the tomato sauce bottle into the bowl drainer
2026-09-26 20:05:48,448 | INFO | [t=1750] VLA chunk prompt=Place the tomato sauce bottle into the bowl drainer
2026-09-26 20:05:48,786 | INFO | [t=1760] VLA chunk prompt=Place the tomato sauce bottle into the bowl drainer
2026-09-26 20:05:49,128 | INFO | [t=1770] VLA chunk prompt=Place the tomato sauce bottle into the bowl drainer
2026-09-26 20:05:49,470 | INFO | [t=1780] VLA chunk prompt=Place the tomato sauce bottle into the bowl drainer
2026-09-26 20:05:49,804 | INFO | [t=1790] VLA chunk prompt=Place the tomato sauce bottle into the bowl drainer
2026-09-26 20:05:50,140 | INFO | [t=1800] VLA chunk prompt=Place the tomato sauce bottle into the bowl drainer
2026-09-26 20:05:50,478 | INFO | [t=1810] VLA chunk prompt=Place the tomato sauce bottle into the bowl drainer
2026-09-26 20:05:50,815 | INFO | [t=1820] VLA chunk prompt=Place the tomato sauce bottle into the bowl drainer
2026-09-26 20:05:51,156 | INFO | [t=1830] VLA chunk prompt=Place the tomato sauce bottle into the bowl drainer
2026-09-26 20:05:51,494 | INFO | [t=1840] VLA chunk prompt=Place the tomato sauce bottle into the bowl drainer
2026-09-26 20:05:51,830 | INFO | [t=1850] VLA chunk prompt=Place the tomato sauce bottle into the bowl drainer
2026-09-26 20:05:52,173 | INFO | [t=1860] VLA chunk prompt=Place the tomato sauce bottle into the bowl drainer
2026-09-26 20:05:52,508 | INFO | [t=1870] VLA chunk prompt=Place the tomato sauce bottle into the bowl drainer
2026-09-26 20:05:52,841 | INFO | [t=1880] VLA chunk prompt=Place the tomato sauce bottle into the bowl drainer
2026-09-26 20:05:53,160 | INFO | [t=1890] VLA chunk prompt=Place the tomato sauce bottle into the bowl drainer
2026-09-26 20:05:53,473 | INFO | [t=1900] VLA chunk prompt=Place the tomato sauce bottle into the bowl drainer
2026-09-26 20:05:53,790 | INFO | [t=1910] VLA chunk prompt=Place the tomato sauce bottle into the bowl drainer
2026-09-26 20:05:54,109 | INFO | [t=1920] VLA chunk prompt=Place the tomato sauce bottle into the bowl drainer
2026-09-26 20:05:54,430 | INFO | [t=1930] VLA chunk prompt=Place the tomato sauce bottle into the bowl drainer
2026-09-26 20:05:54,751 | INFO | [t=1940] VLA chunk prompt=Place the tomato sauce bottle into the bowl drainer
2026-09-26 20:05:55,075 | INFO | [t=1950] VLA chunk prompt=Place the tomato sauce bottle into the bowl drainer
2026-09-26 20:05:55,398 | INFO | [t=1960] VLA chunk prompt=Place the tomato sauce bottle into the bowl drainer
2026-09-26 20:05:55,723 | INFO | [t=1970] VLA chunk prompt=Place the tomato sauce bottle into the bowl drainer
2026-09-26 20:05:56,046 | INFO | [t=1980] VLA chunk prompt=Place the tomato sauce bottle into the bowl drainer
2026-09-26 20:05:56,370 | INFO | [t=1990] VLA chunk prompt=Place the tomato sauce bottle into the bowl drainer
2026-09-26 20:05:56,591 | INFO | API VLM @t=1735 task=8 subtask=Pick up the tomato sauce bottle to begin pouring it over the chocolate in the frypan. keyframes=[]
2026-09-26 20:05:56,647 | INFO | [t=2000] VLM prompt update from step=1735: Pick up the tomato sauce bottle to begin pouring it over the chocolate in the frypan.
2026-09-26 20:05:56,698 | INFO | [t=2000] VLA chunk prompt=Pick up the tomato sauce bottle to begin pouring it over the chocolate in the frypan.
2026-09-26 20:05:57,022 | INFO | [t=2010] VLA chunk prompt=Pick up the tomato sauce bottle to begin pouring it over the chocolate in the frypan.
2026-09-26 20:05:57,343 | INFO | [t=2020] VLA chunk prompt=Pick up the tomato sauce bottle to begin pouring it over the chocolate in the frypan.
2026-09-26 20:05:57,665 | INFO | [t=2030] VLA chunk prompt=Pick up the tomato sauce bottle to begin pouring it over the chocolate in the frypan.
2026-09-26 20:05:57,988 | INFO | [t=2040] VLA chunk prompt=Pick up the tomato sauce bottle to begin pouring it over the chocolate in the frypan.
2026-09-26 20:05:58,311 | INFO | [t=2050] VLA chunk prompt=Pick up the tomato sauce bottle to begin pouring it over the chocolate in the frypan.
2026-09-26 20:05:58,634 | INFO | [t=2060] VLA chunk prompt=Pick up the tomato sauce bottle to begin pouring it over the chocolate in the frypan.
2026-09-26 20:05:58,957 | INFO | [t=2070] VLA chunk prompt=Pick up the tomato sauce bottle to begin pouring it over the chocolate in the frypan.
2026-09-26 20:05:59,280 | INFO | [t=2080] VLA chunk prompt=Pick up the tomato sauce bottle to begin pouring it over the chocolate in the frypan.
2026-09-26 20:05:59,603 | INFO | [t=2090] VLA chunk prompt=Pick up the tomato sauce bottle to begin pouring it over the chocolate in the frypan.
2026-09-26 20:05:59,924 | INFO | [t=2100] VLA chunk prompt=Pick up the tomato sauce bottle to begin pouring it over the chocolate in the frypan.
2026-09-26 20:06:00,249 | INFO | [t=2110] VLA chunk prompt=Pick up the tomato sauce bottle to begin pouring it over the chocolate in the frypan.
2026-09-26 20:06:00,572 | INFO | [t=2120] VLA chunk prompt=Pick up the tomato sauce bottle to begin pouring it over the chocolate in the frypan.
2026-09-26 20:06:00,895 | INFO | [t=2130] VLA chunk prompt=Pick up the tomato sauce bottle to begin pouring it over the chocolate in the frypan.
2026-09-26 20:06:01,217 | INFO | [t=2140] VLA chunk prompt=Pick up the tomato sauce bottle to begin pouring it over the chocolate in the frypan.
2026-09-26 20:06:01,539 | INFO | [t=2150] VLA chunk prompt=Pick up the tomato sauce bottle to begin pouring it over the chocolate in the frypan.
2026-09-26 20:06:01,591 | INFO | API VLM @t=1985 task=8 subtask=pick up the tomato sauce bottle keyframes=[]
2026-09-26 20:06:01,814 | INFO | [t=2160] VLM prompt update from step=1985: pick up the tomato sauce bottle
2026-09-26 20:06:01,865 | INFO | [t=2160] VLA chunk prompt=pick up the tomato sauce bottle
2026-09-26 20:06:02,189 | INFO | [t=2170] VLA chunk prompt=pick up the tomato sauce bottle
2026-09-26 20:06:02,512 | INFO | [t=2180] VLA chunk prompt=pick up the tomato sauce bottle
2026-09-26 20:06:02,836 | INFO | [t=2190] VLA chunk prompt=pick up the tomato sauce bottle
2026-09-26 20:06:03,160 | INFO | [t=2200] VLA chunk prompt=pick up the tomato sauce bottle
2026-09-26 20:06:03,483 | INFO | [t=2210] VLA chunk prompt=pick up the tomato sauce bottle
2026-09-26 20:06:03,807 | INFO | [t=2220] VLA chunk prompt=pick up the tomato sauce bottle
2026-09-26 20:06:04,130 | INFO | [t=2230] VLA chunk prompt=pick up the tomato sauce bottle
2026-09-26 20:06:04,452 | INFO | [t=2240] VLA chunk prompt=pick up the tomato sauce bottle
2026-09-26 20:06:04,774 | INFO | [t=2250] VLA chunk prompt=pick up the tomato sauce bottle
2026-09-26 20:06:05,098 | INFO | [t=2260] VLA chunk prompt=pick up the tomato sauce bottle
2026-09-26 20:06:05,422 | INFO | [t=2270] VLA chunk prompt=pick up the tomato sauce bottle
2026-09-26 20:06:05,744 | INFO | [t=2280] VLA chunk prompt=pick up the tomato sauce bottle
2026-09-26 20:06:06,068 | INFO | [t=2290] VLA chunk prompt=pick up the tomato sauce bottle
2026-09-26 20:06:06,391 | INFO | [t=2300] VLA chunk prompt=pick up the tomato sauce bottle
2026-09-26 20:06:06,715 | INFO | [t=2310] VLA chunk prompt=pick up the tomato sauce bottle
2026-09-26 20:06:07,038 | INFO | [t=2320] VLA chunk prompt=pick up the tomato sauce bottle
2026-09-26 20:06:07,368 | INFO | [t=2330] VLA chunk prompt=pick up the tomato sauce bottle
2026-09-26 20:06:07,691 | INFO | [t=2340] VLA chunk prompt=pick up the tomato sauce bottle
2026-09-26 20:06:07,886 | INFO | API VLM @t=2140 task=8 subtask=pick up the tomato sauce bottle keyframes=[]
2026-09-26 20:06:08,019 | INFO | [t=2350] VLA chunk prompt=pick up the tomato sauce bottle
2026-09-26 20:06:08,342 | INFO | [t=2360] VLA chunk prompt=pick up the tomato sauce bottle
2026-09-26 20:06:08,666 | INFO | [t=2370] VLA chunk prompt=pick up the tomato sauce bottle
2026-09-26 20:06:08,989 | INFO | [t=2380] VLA chunk prompt=pick up the tomato sauce bottle
2026-09-26 20:06:09,312 | INFO | [t=2390] VLA chunk prompt=pick up the tomato sauce bottle
2026-09-26 20:06:09,635 | INFO | [t=2400] VLA chunk prompt=pick up the tomato sauce bottle
2026-09-26 20:06:09,957 | INFO | [t=2410] VLA chunk prompt=pick up the tomato sauce bottle
2026-09-26 20:06:10,280 | INFO | [t=2420] VLA chunk prompt=pick up the tomato sauce bottle
2026-09-26 20:06:10,603 | INFO | [t=2430] VLA chunk prompt=pick up the tomato sauce bottle
2026-09-26 20:06:10,925 | INFO | [t=2440] VLA chunk prompt=pick up the tomato sauce bottle
2026-09-26 20:06:11,247 | INFO | [t=2450] VLA chunk prompt=pick up the tomato sauce bottle
2026-09-26 20:06:11,569 | INFO | [t=2460] VLA chunk prompt=pick up the tomato sauce bottle
2026-09-26 20:06:11,892 | INFO | [t=2470] VLA chunk prompt=pick up the tomato sauce bottle
2026-09-26 20:06:12,216 | INFO | [t=2480] VLA chunk prompt=pick up the tomato sauce bottle
2026-09-26 20:06:12,539 | INFO | [t=2490] VLA chunk prompt=pick up the tomato sauce bottle
2026-09-26 20:06:12,862 | INFO | [t=2500] VLA chunk prompt=pick up the tomato sauce bottle
2026-09-26 20:06:15,340 | INFO | API VLM @t=2335 task=8 subtask=pick up the tomato sauce bottle keyframes=[]
2026-09-26 20:06:15,359 | INFO | attempt=0 stage_score=0.0 stage_success=False failure_reason=incomplete_stage
2026-09-26 20:06:15,359 | INFO | Episode 4 seed=104 stage_score=0.0 stage_success=0 goal=0.000 failure_reason=incomplete_stage | 01_Lift_Tomato_Sauce=N | 02_Pour_One=N | 03_Pour_Two=N
