2026-09-18 14:30:37,287 | INFO | task_id=5 bddl=/project/peilab/why/RoboMemArena/bddl/5_butter_middle_drawer.bddl vlm_ckpt=/project/peilab/why/RoboMemArena/checkpoints/PrediMem/vlm_tasks1to26_ckpt74500
2026-09-18 14:30:39,246 | INFO | async VLM enabled: single-slot subtask buffer
2026-09-18 14:30:39,501 | INFO | [t=10] VLA chunk prompt=Open all drawers in order, remember the empty drawer, then put butter into that empty drawer.
2026-09-18 14:30:39,777 | INFO | [t=20] VLA chunk prompt=Open all drawers in order, remember the empty drawer, then put butter into that empty drawer.
2026-09-18 14:30:40,050 | INFO | [t=30] VLA chunk prompt=Open all drawers in order, remember the empty drawer, then put butter into that empty drawer.
2026-09-18 14:30:40,320 | INFO | [t=40] VLA chunk prompt=Open all drawers in order, remember the empty drawer, then put butter into that empty drawer.
2026-09-18 14:30:40,590 | INFO | [t=50] VLA chunk prompt=Open all drawers in order, remember the empty drawer, then put butter into that empty drawer.
2026-09-18 14:30:40,862 | INFO | [t=60] VLA chunk prompt=Open all drawers in order, remember the empty drawer, then put butter into that empty drawer.
2026-09-18 14:30:41,146 | INFO | [t=70] VLA chunk prompt=Open all drawers in order, remember the empty drawer, then put butter into that empty drawer.
2026-09-18 14:30:41,382 | INFO | [t=80] harness subtask override: open top drawer
2026-09-18 14:30:41,382 | INFO | [t=80] VLM prompt update from step=-1: open top drawer
2026-09-18 14:30:41,383 | INFO | [t=80] harness forced VLM replan after stall (pmh visual retrieve armed)
2026-09-18 14:30:41,433 | INFO | [t=80] VLA chunk prompt=open top drawer
2026-09-18 14:30:41,712 | INFO | [t=90] VLA chunk prompt=open top drawer
2026-09-18 14:30:42,000 | INFO | [t=100] VLA chunk prompt=open top drawer
2026-09-18 14:30:42,291 | INFO | [t=110] VLA chunk prompt=open top drawer
2026-09-18 14:30:42,578 | INFO | [t=120] VLA chunk prompt=open top drawer
2026-09-18 14:30:42,901 | INFO | [t=130] VLA chunk prompt=open top drawer
2026-09-18 14:30:43,231 | INFO | [t=140] VLA chunk prompt=open top drawer
2026-09-18 14:30:43,560 | INFO | [t=150] VLA chunk prompt=open top drawer
2026-09-18 14:30:43,887 | INFO | [t=160] VLA chunk prompt=open top drawer
2026-09-18 14:30:44,228 | INFO | [t=170] VLA chunk prompt=open top drawer
2026-09-18 14:30:44,257 | INFO | [t=171] stage done: 01_Open_Top_Drawer
2026-09-18 14:30:44,571 | INFO | [t=180] VLA chunk prompt=open top drawer
2026-09-18 14:30:44,908 | INFO | [t=190] VLA chunk prompt=open top drawer
2026-09-18 14:30:45,248 | INFO | [t=200] VLA chunk prompt=open top drawer
2026-09-18 14:30:45,460 | INFO | [t=207] stage done: 02_Close_Top_Drawer
2026-09-18 14:30:45,602 | INFO | [t=210] VLA chunk prompt=open top drawer
2026-09-18 14:30:45,965 | INFO | [t=220] VLA chunk prompt=open top drawer
2026-09-18 14:30:46,335 | INFO | [t=230] VLA chunk prompt=open top drawer
2026-09-18 14:30:46,713 | INFO | [t=240] VLA chunk prompt=open top drawer
2026-09-18 14:30:47,084 | INFO | [t=250] VLA chunk prompt=open top drawer
2026-09-18 14:30:47,452 | INFO | [t=260] VLA chunk prompt=open top drawer
2026-09-18 14:30:47,822 | INFO | [t=270] VLA chunk prompt=open top drawer
2026-09-18 14:30:48,194 | INFO | [t=280] VLA chunk prompt=open top drawer
2026-09-18 14:30:48,516 | INFO | [t=290] harness subtask override: open middle drawer
2026-09-18 14:30:48,516 | INFO | [t=290] VLM prompt update from step=70: open middle drawer
2026-09-18 14:30:48,516 | INFO | [t=290] harness forced VLM replan after stall (pmh visual retrieve armed)
2026-09-18 14:30:48,567 | INFO | [t=290] VLA chunk prompt=open middle drawer
2026-09-18 14:30:48,940 | INFO | [t=300] VLA chunk prompt=open middle drawer
2026-09-18 14:30:49,314 | INFO | [t=310] VLA chunk prompt=open middle drawer
2026-09-18 14:30:49,682 | INFO | [t=320] VLA chunk prompt=open middle drawer
2026-09-18 14:30:50,050 | INFO | [t=330] VLA chunk prompt=open middle drawer
2026-09-18 14:30:50,420 | INFO | [t=340] VLA chunk prompt=open middle drawer
2026-09-18 14:30:50,801 | INFO | [t=350] VLA chunk prompt=open middle drawer
2026-09-18 14:30:51,179 | INFO | [t=360] VLA chunk prompt=open middle drawer
2026-09-18 14:30:51,550 | INFO | [t=370] VLA chunk prompt=open middle drawer
2026-09-18 14:30:51,916 | INFO | [t=380] VLA chunk prompt=open middle drawer
2026-09-18 14:30:52,286 | INFO | [t=390] VLA chunk prompt=open middle drawer
2026-09-18 14:30:52,655 | INFO | [t=400] VLA chunk prompt=open middle drawer
2026-09-18 14:30:53,026 | INFO | [t=410] VLA chunk prompt=open middle drawer
2026-09-18 14:30:53,399 | INFO | [t=420] VLA chunk prompt=open middle drawer
2026-09-18 14:30:53,783 | INFO | [t=430] VLA chunk prompt=open middle drawer
2026-09-18 14:30:54,172 | INFO | [t=440] VLA chunk prompt=open middle drawer
2026-09-18 14:30:54,559 | INFO | [t=450] VLA chunk prompt=open middle drawer
2026-09-18 14:30:54,949 | INFO | [t=460] VLA chunk prompt=open middle drawer
2026-09-18 14:30:55,333 | INFO | [t=470] VLA chunk prompt=open middle drawer
2026-09-18 14:30:55,712 | INFO | [t=480] VLA chunk prompt=open middle drawer
2026-09-18 14:30:56,082 | INFO | [t=490] VLA chunk prompt=open middle drawer
2026-09-18 14:30:56,453 | INFO | [t=500] VLA chunk prompt=open middle drawer
2026-09-18 14:30:56,820 | INFO | [t=510] VLA chunk prompt=open middle drawer
2026-09-18 14:30:57,188 | INFO | [t=520] VLA chunk prompt=open middle drawer
2026-09-18 14:30:57,556 | INFO | [t=530] VLA chunk prompt=open middle drawer
2026-09-18 14:30:57,926 | INFO | [t=540] VLA chunk prompt=open middle drawer
2026-09-18 14:30:58,301 | INFO | [t=550] VLA chunk prompt=open middle drawer
2026-09-18 14:30:58,679 | INFO | [t=560] VLA chunk prompt=open middle drawer
2026-09-18 14:30:59,048 | INFO | [t=570] VLA chunk prompt=open middle drawer
2026-09-18 14:30:59,416 | INFO | [t=580] VLA chunk prompt=open middle drawer
2026-09-18 14:30:59,784 | INFO | [t=590] VLA chunk prompt=open middle drawer
2026-09-18 14:31:00,150 | INFO | [t=600] VLA chunk prompt=open middle drawer
2026-09-18 14:31:00,518 | INFO | [t=610] VLA chunk prompt=open middle drawer
2026-09-18 14:31:00,885 | INFO | [t=620] VLA chunk prompt=open middle drawer
2026-09-18 14:31:01,255 | INFO | [t=630] VLA chunk prompt=open middle drawer
2026-09-18 14:31:01,633 | INFO | [t=640] VLA chunk prompt=open middle drawer
2026-09-18 14:31:01,765 | INFO | API VLM @t=0 task=5 subtask=open the top drawer keyframes=[]
2026-09-18 14:31:01,963 | INFO | [t=650] VLM prompt update from step=0: open the top drawer
2026-09-18 14:31:02,013 | INFO | [t=650] VLA chunk prompt=open the top drawer
2026-09-18 14:31:02,387 | INFO | [t=660] VLA chunk prompt=open the top drawer
2026-09-18 14:31:02,761 | INFO | [t=670] VLA chunk prompt=open the top drawer
2026-09-18 14:31:03,138 | INFO | [t=680] VLA chunk prompt=open the top drawer
2026-09-18 14:31:03,519 | INFO | [t=690] VLA chunk prompt=open the top drawer
2026-09-18 14:31:03,894 | INFO | [t=700] VLA chunk prompt=open the top drawer
2026-09-18 14:31:04,271 | INFO | [t=710] VLA chunk prompt=open the top drawer
2026-09-18 14:31:04,644 | INFO | [t=720] VLA chunk prompt=open the top drawer
2026-09-18 14:31:05,012 | INFO | [t=730] VLA chunk prompt=open the top drawer
2026-09-18 14:31:05,376 | INFO | [t=740] VLA chunk prompt=open the top drawer
2026-09-18 14:31:05,742 | INFO | [t=750] VLA chunk prompt=open the top drawer
2026-09-18 14:31:06,106 | INFO | [t=760] VLA chunk prompt=open the top drawer
2026-09-18 14:31:06,470 | INFO | [t=770] VLA chunk prompt=open the top drawer
2026-09-18 14:31:06,832 | INFO | [t=780] VLA chunk prompt=open the top drawer
2026-09-18 14:31:07,194 | INFO | [t=790] VLA chunk prompt=open the top drawer
2026-09-18 14:31:07,556 | INFO | [t=800] VLA chunk prompt=open the top drawer
2026-09-18 14:31:07,923 | INFO | [t=810] VLA chunk prompt=open the top drawer
2026-09-18 14:31:08,296 | INFO | [t=820] VLA chunk prompt=open the top drawer
2026-09-18 14:31:08,673 | INFO | [t=830] VLA chunk prompt=open the top drawer
2026-09-18 14:31:09,046 | INFO | [t=840] VLA chunk prompt=open the top drawer
2026-09-18 14:31:09,415 | INFO | [t=850] VLA chunk prompt=open the top drawer
2026-09-18 14:31:09,781 | INFO | [t=860] VLA chunk prompt=open the top drawer
2026-09-18 14:31:10,146 | INFO | [t=870] VLA chunk prompt=open the top drawer
2026-09-18 14:31:10,512 | INFO | [t=880] VLA chunk prompt=open the top drawer
2026-09-18 14:31:10,876 | INFO | [t=890] VLA chunk prompt=open the top drawer
2026-09-18 14:31:11,238 | INFO | [t=900] VLA chunk prompt=open the top drawer
2026-09-18 14:31:11,597 | INFO | [t=910] VLA chunk prompt=open the top drawer
2026-09-18 14:31:11,961 | INFO | [t=920] VLA chunk prompt=open the top drawer
2026-09-18 14:31:12,320 | INFO | [t=930] VLA chunk prompt=open the top drawer
2026-09-18 14:31:12,679 | INFO | [t=940] VLA chunk prompt=open the top drawer
2026-09-18 14:31:13,038 | INFO | [t=950] VLA chunk prompt=open the top drawer
2026-09-18 14:31:13,396 | INFO | [t=960] VLA chunk prompt=open the top drawer
2026-09-18 14:31:13,756 | INFO | [t=970] VLA chunk prompt=open the top drawer
2026-09-18 14:31:14,117 | INFO | [t=980] VLA chunk prompt=open the top drawer
2026-09-18 14:31:14,477 | INFO | [t=990] VLA chunk prompt=open the top drawer
2026-09-18 14:31:14,834 | INFO | [t=1000] VLA chunk prompt=open the top drawer
2026-09-18 14:31:15,193 | INFO | [t=1010] VLA chunk prompt=open the top drawer
2026-09-18 14:31:15,558 | INFO | [t=1020] VLA chunk prompt=open the top drawer
2026-09-18 14:31:15,925 | INFO | [t=1030] VLA chunk prompt=open the top drawer
2026-09-18 14:31:16,301 | INFO | [t=1040] VLA chunk prompt=open the top drawer
2026-09-18 14:31:16,675 | INFO | [t=1050] VLA chunk prompt=open the top drawer
2026-09-18 14:31:17,043 | INFO | [t=1060] VLA chunk prompt=open the top drawer
2026-09-18 14:31:17,408 | INFO | [t=1070] VLA chunk prompt=open the top drawer
2026-09-18 14:31:17,770 | INFO | [t=1080] VLA chunk prompt=open the top drawer
2026-09-18 14:31:18,132 | INFO | [t=1090] VLA chunk prompt=open the top drawer
2026-09-18 14:31:18,494 | INFO | [t=1100] VLA chunk prompt=open the top drawer
2026-09-18 14:31:18,858 | INFO | [t=1110] VLA chunk prompt=open the top drawer
2026-09-18 14:31:19,220 | INFO | [t=1120] VLA chunk prompt=open the top drawer
2026-09-18 14:31:19,590 | INFO | [t=1130] VLA chunk prompt=open the top drawer
2026-09-18 14:31:19,962 | INFO | [t=1140] VLA chunk prompt=open the top drawer
2026-09-18 14:31:20,338 | INFO | [t=1150] VLA chunk prompt=open the top drawer
2026-09-18 14:31:20,717 | INFO | [t=1160] VLA chunk prompt=open the top drawer
2026-09-18 14:31:21,091 | INFO | [t=1170] VLA chunk prompt=open the top drawer
2026-09-18 14:31:21,463 | INFO | [t=1180] VLA chunk prompt=open the top drawer
2026-09-18 14:31:21,836 | INFO | [t=1190] VLA chunk prompt=open the top drawer
2026-09-18 14:31:22,209 | INFO | [t=1200] VLA chunk prompt=open the top drawer
2026-09-18 14:31:22,579 | INFO | [t=1210] VLA chunk prompt=open the top drawer
2026-09-18 14:31:22,948 | INFO | [t=1220] VLA chunk prompt=open the top drawer
2026-09-18 14:31:23,317 | INFO | [t=1230] VLA chunk prompt=open the top drawer
2026-09-18 14:31:23,524 | INFO | API VLM @t=630 task=5 subtask=open middle drawer keyframes=[]
2026-09-18 14:31:23,639 | INFO | [t=1240] VLM prompt update from step=630: open middle drawer
2026-09-18 14:31:23,690 | INFO | [t=1240] VLA chunk prompt=open middle drawer
2026-09-18 14:31:24,059 | INFO | [t=1250] VLA chunk prompt=open middle drawer
2026-09-18 14:31:24,434 | INFO | [t=1260] VLA chunk prompt=open middle drawer
2026-09-18 14:31:24,811 | INFO | [t=1270] VLA chunk prompt=open middle drawer
2026-09-18 14:31:25,179 | INFO | [t=1280] VLA chunk prompt=open middle drawer
2026-09-18 14:31:25,548 | INFO | [t=1290] VLA chunk prompt=open middle drawer
2026-09-18 14:31:25,915 | INFO | [t=1300] VLA chunk prompt=open middle drawer
2026-09-18 14:31:26,283 | INFO | [t=1310] VLA chunk prompt=open middle drawer
2026-09-18 14:31:26,653 | INFO | [t=1320] VLA chunk prompt=open middle drawer
2026-09-18 14:31:27,026 | INFO | [t=1330] VLA chunk prompt=open middle drawer
2026-09-18 14:31:27,401 | INFO | [t=1340] VLA chunk prompt=open middle drawer
2026-09-18 14:31:27,777 | INFO | [t=1350] VLA chunk prompt=open middle drawer
2026-09-18 14:31:28,157 | INFO | [t=1360] VLA chunk prompt=open middle drawer
2026-09-18 14:31:28,535 | INFO | [t=1370] VLA chunk prompt=open middle drawer
2026-09-18 14:31:28,909 | INFO | [t=1380] VLA chunk prompt=open middle drawer
2026-09-18 14:31:29,276 | INFO | [t=1390] VLA chunk prompt=open middle drawer
2026-09-18 14:31:29,640 | INFO | [t=1400] VLA chunk prompt=open middle drawer
2026-09-18 14:31:30,000 | INFO | [t=1410] VLA chunk prompt=open middle drawer
2026-09-18 14:31:30,359 | INFO | [t=1420] VLA chunk prompt=open middle drawer
2026-09-18 14:31:30,720 | INFO | [t=1430] VLA chunk prompt=open middle drawer
2026-09-18 14:31:31,081 | INFO | [t=1440] VLA chunk prompt=open middle drawer
2026-09-18 14:31:31,440 | INFO | [t=1450] VLA chunk prompt=open middle drawer
2026-09-18 14:31:31,797 | INFO | [t=1460] VLA chunk prompt=open middle drawer
2026-09-18 14:31:32,157 | INFO | [t=1470] VLA chunk prompt=open middle drawer
2026-09-18 14:31:32,514 | INFO | [t=1480] VLA chunk prompt=open middle drawer
2026-09-18 14:31:32,870 | INFO | [t=1490] VLA chunk prompt=open middle drawer
2026-09-18 14:31:33,227 | INFO | [t=1500] VLA chunk prompt=open middle drawer
2026-09-18 14:31:33,590 | INFO | [t=1510] VLA chunk prompt=open middle drawer
2026-09-18 14:31:33,957 | INFO | [t=1520] VLA chunk prompt=open middle drawer
2026-09-18 14:31:34,327 | INFO | [t=1530] VLA chunk prompt=open middle drawer
2026-09-18 14:31:34,702 | INFO | [t=1540] VLA chunk prompt=open middle drawer
2026-09-18 14:31:35,074 | INFO | [t=1550] VLA chunk prompt=open middle drawer
2026-09-18 14:31:35,441 | INFO | [t=1560] VLA chunk prompt=open middle drawer
2026-09-18 14:31:35,802 | INFO | [t=1570] VLA chunk prompt=open middle drawer
2026-09-18 14:31:36,162 | INFO | [t=1580] VLA chunk prompt=open middle drawer
2026-09-18 14:31:36,522 | INFO | [t=1590] VLA chunk prompt=open middle drawer
2026-09-18 14:31:36,882 | INFO | [t=1600] VLA chunk prompt=open middle drawer
2026-09-18 14:31:37,246 | INFO | [t=1610] VLA chunk prompt=open middle drawer
2026-09-18 14:31:37,612 | INFO | [t=1620] VLA chunk prompt=open middle drawer
2026-09-18 14:31:37,973 | INFO | [t=1630] VLA chunk prompt=open middle drawer
2026-09-18 14:31:38,330 | INFO | [t=1640] VLA chunk prompt=open middle drawer
2026-09-18 14:31:38,687 | INFO | [t=1650] VLA chunk prompt=open middle drawer
2026-09-18 14:31:39,044 | INFO | [t=1660] VLA chunk prompt=open middle drawer
2026-09-18 14:31:39,402 | INFO | [t=1670] VLA chunk prompt=open middle drawer
2026-09-18 14:31:39,764 | INFO | [t=1680] VLA chunk prompt=open middle drawer
2026-09-18 14:31:40,128 | INFO | [t=1690] VLA chunk prompt=open middle drawer
2026-09-18 14:31:40,493 | INFO | [t=1700] VLA chunk prompt=open middle drawer
2026-09-18 14:31:40,861 | INFO | [t=1710] VLA chunk prompt=open middle drawer
2026-09-18 14:31:41,233 | INFO | [t=1720] VLA chunk prompt=open middle drawer
2026-09-18 14:31:41,616 | INFO | [t=1730] VLA chunk prompt=open middle drawer
2026-09-18 14:31:41,990 | INFO | [t=1740] VLA chunk prompt=open middle drawer
2026-09-18 14:31:42,362 | INFO | [t=1750] VLA chunk prompt=open middle drawer
2026-09-18 14:31:42,734 | INFO | [t=1760] VLA chunk prompt=open middle drawer
2026-09-18 14:31:43,103 | INFO | [t=1770] VLA chunk prompt=open middle drawer
2026-09-18 14:31:43,466 | INFO | [t=1780] VLA chunk prompt=open middle drawer
2026-09-18 14:31:43,828 | INFO | [t=1790] VLA chunk prompt=open middle drawer
2026-09-18 14:31:44,184 | INFO | [t=1800] VLA chunk prompt=open middle drawer
2026-09-18 14:31:44,540 | INFO | [t=1810] VLA chunk prompt=open middle drawer
2026-09-18 14:31:44,896 | INFO | [t=1820] VLA chunk prompt=open middle drawer
2026-09-18 14:31:45,243 | INFO | [t=1830] VLA chunk prompt=open middle drawer
2026-09-18 14:31:45,585 | INFO | [t=1840] VLA chunk prompt=open middle drawer
2026-09-18 14:31:45,927 | INFO | [t=1850] VLA chunk prompt=open middle drawer
2026-09-18 14:31:46,270 | INFO | [t=1860] VLA chunk prompt=open middle drawer
2026-09-18 14:31:46,384 | INFO | API VLM @t=1225 task=5 subtask=open middle drawer keyframes=[]
2026-09-18 14:31:46,619 | INFO | [t=1870] VLA chunk prompt=open middle drawer
2026-09-18 14:31:46,976 | INFO | [t=1880] VLA chunk prompt=open middle drawer
2026-09-18 14:31:47,334 | INFO | [t=1890] VLA chunk prompt=open middle drawer
2026-09-18 14:31:47,694 | INFO | [t=1900] VLA chunk prompt=open middle drawer
2026-09-18 14:31:48,050 | INFO | [t=1910] VLA chunk prompt=open middle drawer
2026-09-18 14:31:48,407 | INFO | [t=1920] VLA chunk prompt=open middle drawer
2026-09-18 14:31:48,756 | INFO | [t=1930] VLA chunk prompt=open middle drawer
2026-09-18 14:31:49,104 | INFO | [t=1940] VLA chunk prompt=open middle drawer
2026-09-18 14:31:49,456 | INFO | [t=1950] VLA chunk prompt=open middle drawer
2026-09-18 14:31:49,810 | INFO | [t=1960] VLA chunk prompt=open middle drawer
2026-09-18 14:31:50,161 | INFO | [t=1970] VLA chunk prompt=open middle drawer
2026-09-18 14:31:50,511 | INFO | [t=1980] VLA chunk prompt=open middle drawer
2026-09-18 14:31:50,860 | INFO | [t=1990] VLA chunk prompt=open middle drawer
2026-09-18 14:31:51,209 | INFO | [t=2000] VLA chunk prompt=open middle drawer
2026-09-18 14:31:51,557 | INFO | [t=2010] VLA chunk prompt=open middle drawer
2026-09-18 14:31:51,910 | INFO | [t=2020] VLA chunk prompt=open middle drawer
2026-09-18 14:31:52,267 | INFO | [t=2030] VLA chunk prompt=open middle drawer
2026-09-18 14:31:52,618 | INFO | [t=2040] VLA chunk prompt=open middle drawer
2026-09-18 14:31:52,969 | INFO | [t=2050] VLA chunk prompt=open middle drawer
2026-09-18 14:31:53,317 | INFO | [t=2060] VLA chunk prompt=open middle drawer
2026-09-18 14:31:53,665 | INFO | [t=2070] VLA chunk prompt=open middle drawer
2026-09-18 14:31:54,013 | INFO | [t=2080] VLA chunk prompt=open middle drawer
2026-09-18 14:31:54,365 | INFO | [t=2090] VLA chunk prompt=open middle drawer
2026-09-18 14:31:54,723 | INFO | [t=2100] VLA chunk prompt=open middle drawer
2026-09-18 14:31:55,080 | INFO | [t=2110] VLA chunk prompt=open middle drawer
2026-09-18 14:31:55,440 | INFO | [t=2120] VLA chunk prompt=open middle drawer
2026-09-18 14:31:55,791 | INFO | [t=2130] VLA chunk prompt=open middle drawer
2026-09-18 14:31:56,141 | INFO | [t=2140] VLA chunk prompt=open middle drawer
2026-09-18 14:31:56,489 | INFO | [t=2150] VLA chunk prompt=open middle drawer
2026-09-18 14:31:56,836 | INFO | [t=2160] VLA chunk prompt=open middle drawer
2026-09-18 14:31:57,188 | INFO | [t=2170] VLA chunk prompt=open middle drawer
2026-09-18 14:31:57,541 | INFO | [t=2180] VLA chunk prompt=open middle drawer
2026-09-18 14:31:57,898 | INFO | [t=2190] VLA chunk prompt=open middle drawer
2026-09-18 14:31:58,262 | INFO | [t=2200] VLA chunk prompt=open middle drawer
2026-09-18 14:31:58,645 | INFO | [t=2210] VLA chunk prompt=open middle drawer
2026-09-18 14:31:59,023 | INFO | [t=2220] VLA chunk prompt=open middle drawer
2026-09-18 14:31:59,395 | INFO | [t=2230] VLA chunk prompt=open middle drawer
2026-09-18 14:31:59,764 | INFO | [t=2240] VLA chunk prompt=open middle drawer
2026-09-18 14:32:00,136 | INFO | [t=2250] VLA chunk prompt=open middle drawer
2026-09-18 14:32:00,496 | INFO | [t=2260] VLA chunk prompt=open middle drawer
2026-09-18 14:32:00,846 | INFO | [t=2270] VLA chunk prompt=open middle drawer
2026-09-18 14:32:01,210 | INFO | [t=2280] VLA chunk prompt=open middle drawer
2026-09-18 14:32:01,572 | INFO | [t=2290] VLA chunk prompt=open middle drawer
2026-09-18 14:32:01,936 | INFO | [t=2300] VLA chunk prompt=open middle drawer
2026-09-18 14:32:02,300 | INFO | [t=2310] VLA chunk prompt=open middle drawer
2026-09-18 14:32:02,663 | INFO | [t=2320] VLA chunk prompt=open middle drawer
2026-09-18 14:32:03,027 | INFO | [t=2330] VLA chunk prompt=open middle drawer
2026-09-18 14:32:03,396 | INFO | [t=2340] VLA chunk prompt=open middle drawer
2026-09-18 14:32:03,769 | INFO | [t=2350] VLA chunk prompt=open middle drawer
2026-09-18 14:32:04,146 | INFO | [t=2360] VLA chunk prompt=open middle drawer
2026-09-18 14:32:04,532 | INFO | [t=2370] VLA chunk prompt=open middle drawer
2026-09-18 14:32:04,921 | INFO | [t=2380] VLA chunk prompt=open middle drawer
2026-09-18 14:32:05,309 | INFO | [t=2390] VLA chunk prompt=open middle drawer
2026-09-18 14:32:05,693 | INFO | [t=2400] VLA chunk prompt=open middle drawer
2026-09-18 14:32:06,070 | INFO | [t=2410] VLA chunk prompt=open middle drawer
2026-09-18 14:32:06,451 | INFO | [t=2420] VLA chunk prompt=open middle drawer
2026-09-18 14:32:06,833 | INFO | [t=2430] VLA chunk prompt=open middle drawer
2026-09-18 14:32:07,220 | INFO | [t=2440] VLA chunk prompt=open middle drawer
2026-09-18 14:32:07,602 | INFO | [t=2450] VLA chunk prompt=open middle drawer
2026-09-18 14:32:07,974 | INFO | [t=2460] VLA chunk prompt=open middle drawer
2026-09-18 14:32:08,344 | INFO | [t=2470] VLA chunk prompt=open middle drawer
2026-09-18 14:32:08,710 | INFO | [t=2480] VLA chunk prompt=open middle drawer
2026-09-18 14:32:09,072 | INFO | [t=2490] VLA chunk prompt=open middle drawer
2026-09-18 14:32:09,426 | INFO | [t=2500] VLA chunk prompt=open middle drawer
2026-09-18 14:32:12,759 | INFO | attempt=0 stage_score=25.0 stage_success=False failure_reason=incomplete_stage
2026-09-18 14:32:14,771 | INFO | harness release_gripper after env.reset (attempt=1)
2026-09-18 14:32:14,772 | INFO | async VLM enabled: single-slot subtask buffer
2026-09-18 14:32:15,028 | INFO | [t=10] VLA chunk prompt=Open all drawers in order, remember the empty drawer, then put butter into that empty drawer.
2026-09-18 14:32:15,305 | INFO | [t=20] VLA chunk prompt=Open all drawers in order, remember the empty drawer, then put butter into that empty drawer.
2026-09-18 14:32:15,580 | INFO | [t=30] VLA chunk prompt=Open all drawers in order, remember the empty drawer, then put butter into that empty drawer.
2026-09-18 14:32:15,857 | INFO | [t=40] VLA chunk prompt=Open all drawers in order, remember the empty drawer, then put butter into that empty drawer.
2026-09-18 14:32:16,130 | INFO | [t=50] VLA chunk prompt=Open all drawers in order, remember the empty drawer, then put butter into that empty drawer.
2026-09-18 14:32:16,403 | INFO | [t=60] VLA chunk prompt=Open all drawers in order, remember the empty drawer, then put butter into that empty drawer.
2026-09-18 14:32:16,686 | INFO | [t=70] VLA chunk prompt=Open all drawers in order, remember the empty drawer, then put butter into that empty drawer.
2026-09-18 14:32:16,925 | INFO | [t=80] harness subtask override: open top drawer
2026-09-18 14:32:16,925 | INFO | [t=80] VLM prompt update from step=-1: open top drawer
2026-09-18 14:32:16,925 | INFO | [t=80] harness forced VLM replan after stall (pmh visual retrieve armed)
2026-09-18 14:32:16,976 | INFO | [t=80] VLA chunk prompt=open top drawer
2026-09-18 14:32:17,265 | INFO | [t=90] VLA chunk prompt=open top drawer
2026-09-18 14:32:17,554 | INFO | [t=100] VLA chunk prompt=open top drawer
2026-09-18 14:32:17,879 | INFO | [t=110] VLA chunk prompt=open top drawer
2026-09-18 14:32:18,209 | INFO | [t=120] VLA chunk prompt=open top drawer
2026-09-18 14:32:18,543 | INFO | [t=130] VLA chunk prompt=open top drawer
2026-09-18 14:32:18,882 | INFO | [t=140] VLA chunk prompt=open top drawer
2026-09-18 14:32:19,229 | INFO | [t=150] VLA chunk prompt=open top drawer
2026-09-18 14:32:19,579 | INFO | [t=160] VLA chunk prompt=open top drawer
2026-09-18 14:32:19,935 | INFO | [t=170] VLA chunk prompt=open top drawer
2026-09-18 14:32:20,287 | INFO | [t=180] VLA chunk prompt=open top drawer
2026-09-18 14:32:20,642 | INFO | [t=190] VLA chunk prompt=open top drawer
2026-09-18 14:32:20,999 | INFO | [t=200] VLA chunk prompt=open top drawer
2026-09-18 14:32:21,362 | INFO | [t=210] VLA chunk prompt=open top drawer
2026-09-18 14:32:21,731 | INFO | [t=220] VLA chunk prompt=open top drawer
2026-09-18 14:32:22,104 | INFO | [t=230] VLA chunk prompt=open top drawer
2026-09-18 14:32:22,480 | INFO | [t=240] VLA chunk prompt=open top drawer
2026-09-18 14:32:22,849 | WARNING | API planner returned empty response at step=0
2026-09-18 14:32:22,859 | INFO | [t=250] VLA chunk prompt=open top drawer
2026-09-18 14:32:23,206 | INFO | [t=260] VLM prompt update from step=0: Open all drawers in order, remember the empty drawer, then put butter into that empty drawer.
2026-09-18 14:32:23,256 | INFO | [t=260] VLA chunk prompt=Open all drawers in order, remember the empty drawer, then put butter into that empty drawer.
2026-09-18 14:32:23,651 | INFO | [t=270] VLA chunk prompt=Open all drawers in order, remember the empty drawer, then put butter into that empty drawer.
2026-09-18 14:32:24,051 | INFO | [t=280] VLA chunk prompt=Open all drawers in order, remember the empty drawer, then put butter into that empty drawer.
2026-09-18 14:32:24,447 | INFO | [t=290] VLA chunk prompt=Open all drawers in order, remember the empty drawer, then put butter into that empty drawer.
2026-09-18 14:32:24,837 | INFO | [t=300] VLA chunk prompt=Open all drawers in order, remember the empty drawer, then put butter into that empty drawer.
2026-09-18 14:32:25,223 | INFO | [t=310] VLA chunk prompt=Open all drawers in order, remember the empty drawer, then put butter into that empty drawer.
2026-09-18 14:32:25,606 | INFO | [t=320] VLA chunk prompt=Open all drawers in order, remember the empty drawer, then put butter into that empty drawer.
2026-09-18 14:32:25,980 | INFO | [t=330] VLA chunk prompt=Open all drawers in order, remember the empty drawer, then put butter into that empty drawer.
2026-09-18 14:32:26,354 | INFO | [t=340] VLA chunk prompt=Open all drawers in order, remember the empty drawer, then put butter into that empty drawer.
2026-09-18 14:32:26,727 | INFO | [t=350] VLA chunk prompt=Open all drawers in order, remember the empty drawer, then put butter into that empty drawer.
2026-09-18 14:32:27,102 | INFO | [t=360] VLA chunk prompt=Open all drawers in order, remember the empty drawer, then put butter into that empty drawer.
2026-09-18 14:32:27,473 | INFO | [t=370] VLA chunk prompt=Open all drawers in order, remember the empty drawer, then put butter into that empty drawer.
2026-09-18 14:32:27,841 | INFO | [t=380] VLA chunk prompt=Open all drawers in order, remember the empty drawer, then put butter into that empty drawer.
2026-09-18 14:32:28,206 | INFO | [t=390] VLA chunk prompt=Open all drawers in order, remember the empty drawer, then put butter into that empty drawer.
2026-09-18 14:32:28,575 | INFO | [t=400] VLA chunk prompt=Open all drawers in order, remember the empty drawer, then put butter into that empty drawer.
2026-09-18 14:32:28,937 | INFO | [t=410] VLA chunk prompt=Open all drawers in order, remember the empty drawer, then put butter into that empty drawer.
2026-09-18 14:32:29,290 | INFO | [t=420] VLA chunk prompt=Open all drawers in order, remember the empty drawer, then put butter into that empty drawer.
2026-09-18 14:32:29,645 | INFO | [t=430] VLA chunk prompt=Open all drawers in order, remember the empty drawer, then put butter into that empty drawer.
2026-09-18 14:32:29,944 | INFO | API VLM @t=1850 task=5 subtask=open middle drawer keyframes=[]
2026-09-18 14:32:30,007 | INFO | [t=440] VLA chunk prompt=Open all drawers in order, remember the empty drawer, then put butter into that empty drawer.
2026-09-18 14:32:30,364 | INFO | [t=450] VLA chunk prompt=Open all drawers in order, remember the empty drawer, then put butter into that empty drawer.
2026-09-18 14:32:30,722 | INFO | [t=460] VLA chunk prompt=Open all drawers in order, remember the empty drawer, then put butter into that empty drawer.
2026-09-18 14:32:31,080 | INFO | [t=470] VLA chunk prompt=Open all drawers in order, remember the empty drawer, then put butter into that empty drawer.
2026-09-18 14:32:31,438 | INFO | [t=480] VLA chunk prompt=Open all drawers in order, remember the empty drawer, then put butter into that empty drawer.
2026-09-18 14:32:31,797 | INFO | [t=490] VLA chunk prompt=Open all drawers in order, remember the empty drawer, then put butter into that empty drawer.
2026-09-18 14:32:32,159 | INFO | [t=500] VLA chunk prompt=Open all drawers in order, remember the empty drawer, then put butter into that empty drawer.
2026-09-18 14:32:32,515 | INFO | [t=510] VLA chunk prompt=Open all drawers in order, remember the empty drawer, then put butter into that empty drawer.
2026-09-18 14:32:32,873 | INFO | [t=520] VLA chunk prompt=Open all drawers in order, remember the empty drawer, then put butter into that empty drawer.
2026-09-18 14:32:33,229 | INFO | [t=530] VLA chunk prompt=Open all drawers in order, remember the empty drawer, then put butter into that empty drawer.
2026-09-18 14:32:33,582 | INFO | [t=540] VLA chunk prompt=Open all drawers in order, remember the empty drawer, then put butter into that empty drawer.
2026-09-18 14:32:33,933 | INFO | [t=550] VLA chunk prompt=Open all drawers in order, remember the empty drawer, then put butter into that empty drawer.
2026-09-18 14:32:34,283 | INFO | [t=560] VLA chunk prompt=Open all drawers in order, remember the empty drawer, then put butter into that empty drawer.
2026-09-18 14:32:34,635 | INFO | [t=570] VLA chunk prompt=Open all drawers in order, remember the empty drawer, then put butter into that empty drawer.
2026-09-18 14:32:34,989 | INFO | [t=580] VLA chunk prompt=Open all drawers in order, remember the empty drawer, then put butter into that empty drawer.
2026-09-18 14:32:35,346 | INFO | [t=590] VLA chunk prompt=Open all drawers in order, remember the empty drawer, then put butter into that empty drawer.
2026-09-18 14:32:35,707 | INFO | [t=600] VLA chunk prompt=Open all drawers in order, remember the empty drawer, then put butter into that empty drawer.
2026-09-18 14:32:36,065 | INFO | [t=610] VLA chunk prompt=Open all drawers in order, remember the empty drawer, then put butter into that empty drawer.
2026-09-18 14:32:36,423 | INFO | [t=620] VLA chunk prompt=Open all drawers in order, remember the empty drawer, then put butter into that empty drawer.
2026-09-18 14:32:36,784 | INFO | [t=630] VLA chunk prompt=Open all drawers in order, remember the empty drawer, then put butter into that empty drawer.
2026-09-18 14:32:37,144 | INFO | [t=640] VLA chunk prompt=Open all drawers in order, remember the empty drawer, then put butter into that empty drawer.
2026-09-18 14:32:37,503 | INFO | [t=650] VLA chunk prompt=Open all drawers in order, remember the empty drawer, then put butter into that empty drawer.
2026-09-18 14:32:37,860 | INFO | [t=660] VLA chunk prompt=Open all drawers in order, remember the empty drawer, then put butter into that empty drawer.
2026-09-18 14:32:38,216 | INFO | [t=670] VLA chunk prompt=Open all drawers in order, remember the empty drawer, then put butter into that empty drawer.
2026-09-18 14:32:38,575 | INFO | [t=680] VLA chunk prompt=Open all drawers in order, remember the empty drawer, then put butter into that empty drawer.
2026-09-18 14:32:38,908 | INFO | API VLM @t=240 task=5 subtask=open top drawer keyframes=[]
2026-09-18 14:32:38,939 | INFO | [t=690] VLA chunk prompt=Open all drawers in order, remember the empty drawer, then put butter into that empty drawer.
2026-09-18 14:32:39,245 | INFO | [t=700] VLM prompt update from step=240: open top drawer
2026-09-18 14:32:39,296 | INFO | [t=700] VLA chunk prompt=open top drawer
2026-09-18 14:32:39,650 | INFO | [t=710] VLA chunk prompt=open top drawer
2026-09-18 14:32:40,006 | INFO | [t=720] VLA chunk prompt=open top drawer
2026-09-18 14:32:40,371 | INFO | [t=730] VLA chunk prompt=open top drawer
2026-09-18 14:32:40,734 | INFO | [t=740] VLA chunk prompt=open top drawer
2026-09-18 14:32:41,098 | INFO | [t=750] VLA chunk prompt=open top drawer
2026-09-18 14:32:41,473 | INFO | [t=760] VLA chunk prompt=open top drawer
2026-09-18 14:32:41,853 | INFO | [t=770] VLA chunk prompt=open top drawer
2026-09-18 14:32:42,236 | INFO | [t=780] VLA chunk prompt=open top drawer
2026-09-18 14:32:42,622 | INFO | [t=790] VLA chunk prompt=open top drawer
2026-09-18 14:32:43,012 | INFO | [t=800] VLA chunk prompt=open top drawer
2026-09-18 14:32:43,402 | INFO | [t=810] VLA chunk prompt=open top drawer
2026-09-18 14:32:43,792 | INFO | [t=820] VLA chunk prompt=open top drawer
2026-09-18 14:32:44,185 | INFO | [t=830] VLA chunk prompt=open top drawer
2026-09-18 14:32:44,578 | INFO | [t=840] VLA chunk prompt=open top drawer
2026-09-18 14:32:44,969 | INFO | [t=850] VLA chunk prompt=open top drawer
2026-09-18 14:32:45,367 | INFO | [t=860] VLA chunk prompt=open top drawer
2026-09-18 14:32:45,769 | INFO | [t=870] VLA chunk prompt=open top drawer
2026-09-18 14:32:46,171 | INFO | [t=880] VLA chunk prompt=open top drawer
2026-09-18 14:32:46,575 | INFO | [t=890] VLA chunk prompt=open top drawer
2026-09-18 14:32:46,984 | INFO | [t=900] VLA chunk prompt=open top drawer
2026-09-18 14:32:47,398 | INFO | [t=910] VLA chunk prompt=open top drawer
2026-09-18 14:32:47,809 | INFO | [t=920] VLA chunk prompt=open top drawer
2026-09-18 14:32:48,207 | INFO | [t=930] VLA chunk prompt=open top drawer
2026-09-18 14:32:48,605 | INFO | [t=940] VLA chunk prompt=open top drawer
2026-09-18 14:32:49,015 | INFO | [t=950] VLA chunk prompt=open top drawer
2026-09-18 14:32:49,424 | INFO | [t=960] VLA chunk prompt=open top drawer
2026-09-18 14:32:49,833 | INFO | [t=970] VLA chunk prompt=open top drawer
2026-09-18 14:32:50,245 | INFO | [t=980] VLA chunk prompt=open top drawer
2026-09-18 14:32:50,645 | INFO | [t=990] VLA chunk prompt=open top drawer
2026-09-18 14:32:51,042 | INFO | [t=1000] VLA chunk prompt=open top drawer
2026-09-18 14:32:51,427 | INFO | [t=1010] VLA chunk prompt=open top drawer
2026-09-18 14:32:51,797 | INFO | [t=1020] VLA chunk prompt=open top drawer
2026-09-18 14:32:52,164 | INFO | [t=1030] VLA chunk prompt=open top drawer
2026-09-18 14:32:52,529 | INFO | [t=1040] VLA chunk prompt=open top drawer
2026-09-18 14:32:52,894 | INFO | [t=1050] VLA chunk prompt=open top drawer
2026-09-18 14:32:53,281 | INFO | [t=1060] VLA chunk prompt=open top drawer
2026-09-18 14:32:53,661 | INFO | [t=1070] VLA chunk prompt=open top drawer
2026-09-18 14:32:54,028 | INFO | [t=1080] VLA chunk prompt=open top drawer
2026-09-18 14:32:54,399 | INFO | [t=1090] VLA chunk prompt=open top drawer
2026-09-18 14:32:54,775 | INFO | [t=1100] VLA chunk prompt=open top drawer
2026-09-18 14:32:55,156 | INFO | [t=1110] VLA chunk prompt=open top drawer
2026-09-18 14:32:55,537 | INFO | [t=1120] VLA chunk prompt=open top drawer
2026-09-18 14:32:55,913 | INFO | [t=1130] VLA chunk prompt=open top drawer
2026-09-18 14:32:56,290 | INFO | [t=1140] VLA chunk prompt=open top drawer
2026-09-18 14:32:56,670 | INFO | [t=1150] VLA chunk prompt=open top drawer
2026-09-18 14:32:57,053 | INFO | [t=1160] VLA chunk prompt=open top drawer
2026-09-18 14:32:57,436 | INFO | [t=1170] VLA chunk prompt=open top drawer
2026-09-18 14:32:57,842 | INFO | [t=1180] VLA chunk prompt=open top drawer
2026-09-18 14:32:58,249 | INFO | [t=1190] VLA chunk prompt=open top drawer
2026-09-18 14:32:58,658 | INFO | [t=1200] VLA chunk prompt=open top drawer
2026-09-18 14:32:59,067 | INFO | [t=1210] VLA chunk prompt=open top drawer
2026-09-18 14:32:59,461 | INFO | [t=1220] VLA chunk prompt=open top drawer
2026-09-18 14:32:59,861 | INFO | [t=1230] VLA chunk prompt=open top drawer
2026-09-18 14:33:00,257 | INFO | [t=1240] VLA chunk prompt=open top drawer
2026-09-18 14:33:00,649 | INFO | [t=1250] VLA chunk prompt=open top drawer
2026-09-18 14:33:01,042 | INFO | [t=1260] VLA chunk prompt=open top drawer
2026-09-18 14:33:01,431 | INFO | [t=1270] VLA chunk prompt=open top drawer
2026-09-18 14:33:01,807 | INFO | [t=1280] VLA chunk prompt=open top drawer
2026-09-18 14:33:02,192 | INFO | [t=1290] VLA chunk prompt=open top drawer
2026-09-18 14:33:02,568 | INFO | [t=1300] VLA chunk prompt=open top drawer
2026-09-18 14:33:02,937 | INFO | [t=1310] VLA chunk prompt=open top drawer
2026-09-18 14:33:03,303 | INFO | [t=1320] VLA chunk prompt=open top drawer
2026-09-18 14:33:03,662 | INFO | [t=1330] VLA chunk prompt=open top drawer
2026-09-18 14:33:04,022 | INFO | [t=1340] VLA chunk prompt=open top drawer
2026-09-18 14:33:04,380 | INFO | [t=1350] VLA chunk prompt=open top drawer
2026-09-18 14:33:04,742 | INFO | [t=1360] VLA chunk prompt=open top drawer
2026-09-18 14:33:05,098 | INFO | [t=1370] VLA chunk prompt=open top drawer
2026-09-18 14:33:05,451 | INFO | [t=1380] VLA chunk prompt=open top drawer
2026-09-18 14:33:05,804 | INFO | [t=1390] VLA chunk prompt=open top drawer
2026-09-18 14:33:06,157 | INFO | [t=1400] VLA chunk prompt=open top drawer
2026-09-18 14:33:06,509 | INFO | [t=1410] VLA chunk prompt=open top drawer
2026-09-18 14:33:06,864 | INFO | [t=1420] VLA chunk prompt=open top drawer
2026-09-18 14:33:07,234 | INFO | [t=1430] VLA chunk prompt=open top drawer
2026-09-18 14:33:07,621 | INFO | [t=1440] VLA chunk prompt=open top drawer
2026-09-18 14:33:08,007 | INFO | [t=1450] VLA chunk prompt=open top drawer
2026-09-18 14:33:08,373 | INFO | [t=1460] VLA chunk prompt=open top drawer
2026-09-18 14:33:08,717 | INFO | [t=1470] VLA chunk prompt=open top drawer
2026-09-18 14:33:09,053 | INFO | [t=1480] VLA chunk prompt=open top drawer
2026-09-18 14:33:09,388 | INFO | [t=1490] VLA chunk prompt=open top drawer
2026-09-18 14:33:09,720 | INFO | [t=1500] VLA chunk prompt=open top drawer
2026-09-18 14:33:10,071 | INFO | [t=1510] VLA chunk prompt=open top drawer
2026-09-18 14:33:10,426 | INFO | [t=1520] VLA chunk prompt=open top drawer
2026-09-18 14:33:10,776 | INFO | [t=1530] VLA chunk prompt=open top drawer
2026-09-18 14:33:11,127 | INFO | [t=1540] VLA chunk prompt=open top drawer
2026-09-18 14:33:11,483 | INFO | [t=1550] VLA chunk prompt=open top drawer
2026-09-18 14:33:11,841 | INFO | [t=1560] VLA chunk prompt=open top drawer
2026-09-18 14:33:12,191 | INFO | [t=1570] VLA chunk prompt=open top drawer
2026-09-18 14:33:12,540 | INFO | [t=1580] VLA chunk prompt=open top drawer
2026-09-18 14:33:12,889 | INFO | [t=1590] VLA chunk prompt=open top drawer
2026-09-18 14:33:13,240 | INFO | [t=1600] VLA chunk prompt=open top drawer
2026-09-18 14:33:13,591 | INFO | [t=1610] VLA chunk prompt=open top drawer
2026-09-18 14:33:13,949 | INFO | [t=1620] VLA chunk prompt=open top drawer
2026-09-18 14:33:14,312 | INFO | [t=1630] VLA chunk prompt=open top drawer
2026-09-18 14:33:14,672 | INFO | [t=1640] VLA chunk prompt=open top drawer
2026-09-18 14:33:15,025 | INFO | [t=1650] VLA chunk prompt=open top drawer
2026-09-18 14:33:15,378 | INFO | [t=1660] VLA chunk prompt=open top drawer
2026-09-18 14:33:15,733 | INFO | [t=1670] VLA chunk prompt=open top drawer
2026-09-18 14:33:16,088 | INFO | [t=1680] VLA chunk prompt=open top drawer
2026-09-18 14:33:16,446 | INFO | [t=1690] VLA chunk prompt=open top drawer
2026-09-18 14:33:16,808 | INFO | [t=1700] VLA chunk prompt=open top drawer
2026-09-18 14:33:17,166 | INFO | [t=1710] VLA chunk prompt=open top drawer
2026-09-18 14:33:17,530 | INFO | [t=1720] VLA chunk prompt=open top drawer
2026-09-18 14:33:17,898 | INFO | [t=1730] VLA chunk prompt=open top drawer
2026-09-18 14:33:18,252 | INFO | [t=1740] VLA chunk prompt=open top drawer
2026-09-18 14:33:18,551 | INFO | [t=1750] VLA chunk prompt=open top drawer
2026-09-18 14:33:18,850 | INFO | [t=1760] VLA chunk prompt=open top drawer
2026-09-18 14:33:19,149 | INFO | [t=1770] VLA chunk prompt=open top drawer
2026-09-18 14:33:19,449 | INFO | [t=1780] VLA chunk prompt=open top drawer
2026-09-18 14:33:19,748 | INFO | [t=1790] VLA chunk prompt=open top drawer
2026-09-18 14:33:20,054 | INFO | [t=1800] VLA chunk prompt=open top drawer
2026-09-18 14:33:20,381 | INFO | [t=1810] VLA chunk prompt=open top drawer
2026-09-18 14:33:20,714 | INFO | [t=1820] VLA chunk prompt=open top drawer
2026-09-18 14:33:21,051 | INFO | [t=1830] VLA chunk prompt=open top drawer
2026-09-18 14:33:21,390 | INFO | [t=1840] VLA chunk prompt=open top drawer
2026-09-18 14:33:21,732 | INFO | [t=1850] VLA chunk prompt=open top drawer
2026-09-18 14:33:22,080 | INFO | [t=1860] VLA chunk prompt=open top drawer
2026-09-18 14:33:22,431 | INFO | [t=1870] VLA chunk prompt=open top drawer
2026-09-18 14:33:22,784 | INFO | [t=1880] VLA chunk prompt=open top drawer
2026-09-18 14:33:23,140 | INFO | [t=1890] VLA chunk prompt=open top drawer
2026-09-18 14:33:23,497 | INFO | [t=1900] VLA chunk prompt=open top drawer
2026-09-18 14:33:23,847 | INFO | [t=1910] VLA chunk prompt=open top drawer
2026-09-18 14:33:24,197 | INFO | [t=1920] VLA chunk prompt=open top drawer
2026-09-18 14:33:24,548 | INFO | [t=1930] VLA chunk prompt=open top drawer
2026-09-18 14:33:24,899 | INFO | [t=1940] VLA chunk prompt=open top drawer
2026-09-18 14:33:25,249 | INFO | [t=1950] VLA chunk prompt=open top drawer
2026-09-18 14:33:25,603 | INFO | [t=1960] VLA chunk prompt=open top drawer
2026-09-18 14:33:25,956 | INFO | [t=1970] VLA chunk prompt=open top drawer
2026-09-18 14:33:26,309 | INFO | [t=1980] VLA chunk prompt=open top drawer
2026-09-18 14:33:26,662 | INFO | [t=1990] VLA chunk prompt=open top drawer
2026-09-18 14:33:27,012 | INFO | [t=2000] VLA chunk prompt=open top drawer
2026-09-18 14:33:27,362 | INFO | [t=2010] VLA chunk prompt=open top drawer
2026-09-18 14:33:27,711 | INFO | [t=2020] VLA chunk prompt=open top drawer
2026-09-18 14:33:28,061 | INFO | [t=2030] VLA chunk prompt=open top drawer
2026-09-18 14:33:28,411 | INFO | [t=2040] VLA chunk prompt=open top drawer
2026-09-18 14:33:28,768 | INFO | [t=2050] VLA chunk prompt=open top drawer
2026-09-18 14:33:29,125 | INFO | [t=2060] VLA chunk prompt=open top drawer
2026-09-18 14:33:29,486 | INFO | [t=2070] VLA chunk prompt=open top drawer
2026-09-18 14:33:29,852 | INFO | [t=2080] VLA chunk prompt=open top drawer
2026-09-18 14:33:30,217 | INFO | [t=2090] VLA chunk prompt=open top drawer
2026-09-18 14:33:30,578 | INFO | [t=2100] VLA chunk prompt=open top drawer
2026-09-18 14:33:30,864 | INFO | API VLM @t=680 task=5 subtask=open top drawer keyframes=[]
2026-09-18 14:33:30,943 | INFO | [t=2110] VLA chunk prompt=open top drawer
2026-09-18 14:33:31,303 | INFO | [t=2120] VLA chunk prompt=open top drawer
2026-09-18 14:33:31,657 | INFO | [t=2130] VLA chunk prompt=open top drawer
2026-09-18 14:33:32,009 | INFO | [t=2140] VLA chunk prompt=open top drawer
2026-09-18 14:33:32,360 | INFO | [t=2150] VLA chunk prompt=open top drawer
2026-09-18 14:33:32,709 | INFO | [t=2160] VLA chunk prompt=open top drawer
2026-09-18 14:33:33,058 | INFO | [t=2170] VLA chunk prompt=open top drawer
2026-09-18 14:33:33,407 | INFO | [t=2180] VLA chunk prompt=open top drawer
2026-09-18 14:33:33,757 | INFO | [t=2190] VLA chunk prompt=open top drawer
2026-09-18 14:33:34,113 | INFO | [t=2200] VLA chunk prompt=open top drawer
2026-09-18 14:33:34,472 | INFO | [t=2210] VLA chunk prompt=open top drawer
2026-09-18 14:33:34,825 | INFO | [t=2220] VLA chunk prompt=open top drawer
2026-09-18 14:33:35,178 | INFO | [t=2230] VLA chunk prompt=open top drawer
2026-09-18 14:33:35,530 | INFO | [t=2240] VLA chunk prompt=open top drawer
2026-09-18 14:33:35,889 | INFO | [t=2250] VLA chunk prompt=open top drawer
2026-09-18 14:33:36,245 | INFO | [t=2260] VLA chunk prompt=open top drawer
2026-09-18 14:33:36,610 | INFO | [t=2270] VLA chunk prompt=open top drawer
2026-09-18 14:33:36,962 | INFO | [t=2280] VLA chunk prompt=open top drawer
2026-09-18 14:33:37,315 | INFO | [t=2290] VLA chunk prompt=open top drawer
2026-09-18 14:33:37,667 | INFO | [t=2300] VLA chunk prompt=open top drawer
2026-09-18 14:33:38,017 | INFO | [t=2310] VLA chunk prompt=open top drawer
2026-09-18 14:33:38,365 | INFO | [t=2320] VLA chunk prompt=open top drawer
2026-09-18 14:33:38,711 | INFO | [t=2330] VLA chunk prompt=open top drawer
2026-09-18 14:33:39,056 | INFO | [t=2340] VLA chunk prompt=open top drawer
2026-09-18 14:33:39,400 | INFO | [t=2350] VLA chunk prompt=open top drawer
2026-09-18 14:33:39,750 | INFO | [t=2360] VLA chunk prompt=open top drawer
2026-09-18 14:33:40,104 | INFO | [t=2370] VLA chunk prompt=open top drawer
2026-09-18 14:33:40,460 | INFO | [t=2380] VLA chunk prompt=open top drawer
2026-09-18 14:33:40,816 | INFO | [t=2390] VLA chunk prompt=open top drawer
2026-09-18 14:33:41,175 | INFO | [t=2400] VLA chunk prompt=open top drawer
2026-09-18 14:33:41,540 | INFO | [t=2410] VLA chunk prompt=open top drawer
2026-09-18 14:33:41,902 | INFO | [t=2420] VLA chunk prompt=open top drawer
2026-09-18 14:33:42,255 | INFO | [t=2430] VLA chunk prompt=open top drawer
2026-09-18 14:33:42,611 | INFO | [t=2440] VLA chunk prompt=open top drawer
2026-09-18 14:33:42,963 | INFO | [t=2450] VLA chunk prompt=open top drawer
2026-09-18 14:33:43,316 | INFO | [t=2460] VLA chunk prompt=open top drawer
2026-09-18 14:33:43,669 | INFO | [t=2470] VLA chunk prompt=open top drawer
2026-09-18 14:33:44,022 | INFO | [t=2480] VLA chunk prompt=open top drawer
2026-09-18 14:33:44,376 | INFO | [t=2490] VLA chunk prompt=open top drawer
2026-09-18 14:33:44,737 | INFO | [t=2500] VLA chunk prompt=open top drawer
2026-09-18 14:33:48,066 | INFO | attempt=1 stage_score=0.0 stage_success=False failure_reason=incomplete_stage
2026-09-18 14:33:48,070 | INFO | Episode 4 seed=104 stage_score=25.0 stage_success=0 goal=0.250 failure_reason=incomplete_stage | 01_Open_Top_Drawer=Y | 02_Close_Top_Drawer=Y | 03_Open_Middle_Drawer=N | 04_Close_Middle_Drawer=N | 05_Open_Bottom_Drawer=N | 06_Close_Bottom_Drawer=N | 07_Open_Middle_Drawer_Again=N | 08_Put_Butter_Middle_Drawer=N | 09_Close_Middle_Drawer_Final=N
