2026-09-26 20:10:38,165 | INFO | task_id=8 bddl=/project/peilab/why/RoboMemArena/bddl/8_pick_chocolate_in_frypan_pour_tomato_sauce_twice.bddl vlm_ckpt=/project/peilab/why/RoboMemArena/checkpoints/PrediMem/vlm_tasks1to26_ckpt74500
2026-09-26 20:10:39,824 | INFO | async VLM enabled: single-slot subtask buffer
2026-09-26 20:10:39,865 | INFO | API VLM @t=2455 task=8 subtask=Place the tomato sauce bottle into the bowl drainer. keyframes=[]
2026-09-26 20:10:40,061 | INFO | [t=10] VLA chunk prompt=Pick and place chocolate into the frypan, pour tomato sauce over it twice, then place the sauce bottle into the bowl drainer.
2026-09-26 20:10:40,304 | INFO | [t=20] VLA chunk prompt=Pick and place chocolate into the frypan, pour tomato sauce over it twice, then place the sauce bottle into the bowl drainer.
2026-09-26 20:10:40,545 | INFO | [t=30] VLA chunk prompt=Pick and place chocolate into the frypan, pour tomato sauce over it twice, then place the sauce bottle into the bowl drainer.
2026-09-26 20:10:40,787 | INFO | [t=40] VLA chunk prompt=Pick and place chocolate into the frypan, pour tomato sauce over it twice, then place the sauce bottle into the bowl drainer.
2026-09-26 20:10:41,028 | INFO | [t=50] VLA chunk prompt=Pick and place chocolate into the frypan, pour tomato sauce over it twice, then place the sauce bottle into the bowl drainer.
2026-09-26 20:10:41,270 | INFO | [t=60] VLA chunk prompt=Pick and place chocolate into the frypan, pour tomato sauce over it twice, then place the sauce bottle into the bowl drainer.
2026-09-26 20:10:41,511 | INFO | [t=70] VLA chunk prompt=Pick and place chocolate into the frypan, pour tomato sauce over it twice, then place the sauce bottle into the bowl drainer.
2026-09-26 20:10:41,752 | INFO | [t=80] VLA chunk prompt=Pick and place chocolate into the frypan, pour tomato sauce over it twice, then place the sauce bottle into the bowl drainer.
2026-09-26 20:10:41,992 | INFO | [t=90] VLA chunk prompt=Pick and place chocolate into the frypan, pour tomato sauce over it twice, then place the sauce bottle into the bowl drainer.
2026-09-26 20:10:42,233 | INFO | [t=100] VLA chunk prompt=Pick and place chocolate into the frypan, pour tomato sauce over it twice, then place the sauce bottle into the bowl drainer.
2026-09-26 20:10:42,483 | INFO | [t=110] VLA chunk prompt=Pick and place chocolate into the frypan, pour tomato sauce over it twice, then place the sauce bottle into the bowl drainer.
2026-09-26 20:10:42,734 | INFO | [t=120] VLA chunk prompt=Pick and place chocolate into the frypan, pour tomato sauce over it twice, then place the sauce bottle into the bowl drainer.
2026-09-26 20:10:42,985 | INFO | [t=130] VLA chunk prompt=Pick and place chocolate into the frypan, pour tomato sauce over it twice, then place the sauce bottle into the bowl drainer.
2026-09-26 20:10:43,248 | INFO | [t=140] VLA chunk prompt=Pick and place chocolate into the frypan, pour tomato sauce over it twice, then place the sauce bottle into the bowl drainer.
2026-09-26 20:10:43,523 | INFO | [t=150] VLA chunk prompt=Pick and place chocolate into the frypan, pour tomato sauce over it twice, then place the sauce bottle into the bowl drainer.
2026-09-26 20:10:43,803 | INFO | [t=160] VLA chunk prompt=Pick and place chocolate into the frypan, pour tomato sauce over it twice, then place the sauce bottle into the bowl drainer.
2026-09-26 20:10:44,087 | INFO | [t=170] VLA chunk prompt=Pick and place chocolate into the frypan, pour tomato sauce over it twice, then place the sauce bottle into the bowl drainer.
2026-09-26 20:10:44,373 | INFO | [t=180] VLA chunk prompt=Pick and place chocolate into the frypan, pour tomato sauce over it twice, then place the sauce bottle into the bowl drainer.
2026-09-26 20:10:44,665 | INFO | [t=190] VLA chunk prompt=Pick and place chocolate into the frypan, pour tomato sauce over it twice, then place the sauce bottle into the bowl drainer.
2026-09-26 20:10:44,959 | INFO | [t=200] VLA chunk prompt=Pick and place chocolate into the frypan, pour tomato sauce over it twice, then place the sauce bottle into the bowl drainer.
2026-09-26 20:10:45,256 | INFO | [t=210] VLA chunk prompt=Pick and place chocolate into the frypan, pour tomato sauce over it twice, then place the sauce bottle into the bowl drainer.
2026-09-26 20:10:45,557 | INFO | [t=220] VLA chunk prompt=Pick and place chocolate into the frypan, pour tomato sauce over it twice, then place the sauce bottle into the bowl drainer.
2026-09-26 20:10:45,861 | INFO | [t=230] VLA chunk prompt=Pick and place chocolate into the frypan, pour tomato sauce over it twice, then place the sauce bottle into the bowl drainer.
2026-09-26 20:10:46,048 | INFO | API VLM @t=0 task=8 subtask=Pick up the chocolate and place it into the frypan. keyframes=[]
2026-09-26 20:10:46,124 | INFO | [t=240] VLM prompt update from step=0: Pick up the chocolate and place it into the frypan.
2026-09-26 20:10:46,174 | INFO | [t=240] VLA chunk prompt=Pick up the chocolate and place it into the frypan.
2026-09-26 20:10:46,487 | INFO | [t=250] VLA chunk prompt=Pick up the chocolate and place it into the frypan.
2026-09-26 20:10:46,803 | INFO | [t=260] VLA chunk prompt=Pick up the chocolate and place it into the frypan.
2026-09-26 20:10:47,123 | INFO | [t=270] VLA chunk prompt=Pick up the chocolate and place it into the frypan.
2026-09-26 20:10:47,446 | INFO | [t=280] VLA chunk prompt=Pick up the chocolate and place it into the frypan.
2026-09-26 20:10:47,771 | INFO | [t=290] VLA chunk prompt=Pick up the chocolate and place it into the frypan.
2026-09-26 20:10:48,099 | INFO | [t=300] VLA chunk prompt=Pick up the chocolate and place it into the frypan.
2026-09-26 20:10:48,427 | INFO | [t=310] VLA chunk prompt=Pick up the chocolate and place it into the frypan.
2026-09-26 20:10:48,754 | INFO | [t=320] VLA chunk prompt=Pick up the chocolate and place it into the frypan.
2026-09-26 20:10:49,081 | INFO | [t=330] VLA chunk prompt=Pick up the chocolate and place it into the frypan.
2026-09-26 20:10:49,410 | INFO | [t=340] VLA chunk prompt=Pick up the chocolate and place it into the frypan.
2026-09-26 20:10:49,737 | INFO | [t=350] VLA chunk prompt=Pick up the chocolate and place it into the frypan.
2026-09-26 20:10:50,064 | INFO | [t=360] VLA chunk prompt=Pick up the chocolate and place it into the frypan.
2026-09-26 20:10:50,391 | INFO | [t=370] VLA chunk prompt=Pick up the chocolate and place it into the frypan.
2026-09-26 20:10:50,719 | INFO | [t=380] VLA chunk prompt=Pick up the chocolate and place it into the frypan.
2026-09-26 20:10:51,046 | INFO | [t=390] VLA chunk prompt=Pick up the chocolate and place it into the frypan.
2026-09-26 20:10:51,375 | INFO | [t=400] VLA chunk prompt=Pick up the chocolate and place it into the frypan.
2026-09-26 20:10:51,702 | INFO | [t=410] VLA chunk prompt=Pick up the chocolate and place it into the frypan.
2026-09-26 20:10:52,030 | INFO | [t=420] VLA chunk prompt=Pick up the chocolate and place it into the frypan.
2026-09-26 20:10:52,358 | INFO | [t=430] VLA chunk prompt=Pick up the chocolate and place it into the frypan.
2026-09-26 20:10:52,685 | INFO | [t=440] VLA chunk prompt=Pick up the chocolate and place it into the frypan.
2026-09-26 20:10:53,013 | INFO | [t=450] VLA chunk prompt=Pick up the chocolate and place it into the frypan.
2026-09-26 20:10:53,341 | INFO | [t=460] VLA chunk prompt=Pick up the chocolate and place it into the frypan.
2026-09-26 20:10:53,638 | INFO | API VLM @t=225 task=8 subtask=Pick up the chocolate to place it in the frypan. keyframes=[]
2026-09-26 20:10:53,670 | INFO | [t=470] VLA chunk prompt=Pick up the chocolate and place it into the frypan.
2026-09-26 20:10:53,948 | INFO | [t=480] VLM prompt update from step=225: Pick up the chocolate to place it in the frypan.
2026-09-26 20:10:53,999 | INFO | [t=480] VLA chunk prompt=Pick up the chocolate to place it in the frypan.
2026-09-26 20:10:54,328 | INFO | [t=490] VLA chunk prompt=Pick up the chocolate to place it in the frypan.
2026-09-26 20:10:54,656 | INFO | [t=500] VLA chunk prompt=Pick up the chocolate to place it in the frypan.
2026-09-26 20:10:54,985 | INFO | [t=510] VLA chunk prompt=Pick up the chocolate to place it in the frypan.
2026-09-26 20:10:55,312 | INFO | [t=520] VLA chunk prompt=Pick up the chocolate to place it in the frypan.
2026-09-26 20:10:55,639 | INFO | [t=530] VLA chunk prompt=Pick up the chocolate to place it in the frypan.
2026-09-26 20:10:55,965 | INFO | [t=540] VLA chunk prompt=Pick up the chocolate to place it in the frypan.
2026-09-26 20:10:56,291 | INFO | [t=550] VLA chunk prompt=Pick up the chocolate to place it in the frypan.
2026-09-26 20:10:56,616 | INFO | [t=560] VLA chunk prompt=Pick up the chocolate to place it in the frypan.
2026-09-26 20:10:56,943 | INFO | [t=570] VLA chunk prompt=Pick up the chocolate to place it in the frypan.
2026-09-26 20:10:57,270 | INFO | [t=580] VLA chunk prompt=Pick up the chocolate to place it in the frypan.
2026-09-26 20:10:57,596 | INFO | [t=590] VLA chunk prompt=Pick up the chocolate to place it in the frypan.
2026-09-26 20:10:57,921 | INFO | [t=600] VLA chunk prompt=Pick up the chocolate to place it in the frypan.
2026-09-26 20:10:58,246 | INFO | [t=610] VLA chunk prompt=Pick up the chocolate to place it in the frypan.
2026-09-26 20:10:58,572 | INFO | [t=620] VLA chunk prompt=Pick up the chocolate to place it in the frypan.
2026-09-26 20:10:58,897 | INFO | [t=630] VLA chunk prompt=Pick up the chocolate to place it in the frypan.
2026-09-26 20:10:59,225 | INFO | [t=640] VLA chunk prompt=Pick up the chocolate to place it in the frypan.
2026-09-26 20:10:59,552 | INFO | [t=650] VLA chunk prompt=Pick up the chocolate to place it in the frypan.
2026-09-26 20:10:59,878 | INFO | [t=660] VLA chunk prompt=Pick up the chocolate to place it in the frypan.
2026-09-26 20:11:00,175 | INFO | API VLM @t=460 task=8 subtask=Pick up the chocolate to place it in the frypan. keyframes=[]
2026-09-26 20:11:00,204 | INFO | [t=670] VLA chunk prompt=Pick up the chocolate to place it in the frypan.
2026-09-26 20:11:00,532 | INFO | [t=680] VLA chunk prompt=Pick up the chocolate to place it in the frypan.
2026-09-26 20:11:00,861 | INFO | [t=690] VLA chunk prompt=Pick up the chocolate to place it in the frypan.
2026-09-26 20:11:01,190 | INFO | [t=700] VLA chunk prompt=Pick up the chocolate to place it in the frypan.
2026-09-26 20:11:01,518 | INFO | [t=710] VLA chunk prompt=Pick up the chocolate to place it in the frypan.
2026-09-26 20:11:01,844 | INFO | [t=720] VLA chunk prompt=Pick up the chocolate to place it in the frypan.
2026-09-26 20:11:02,171 | INFO | [t=730] VLA chunk prompt=Pick up the chocolate to place it in the frypan.
2026-09-26 20:11:02,498 | INFO | [t=740] VLA chunk prompt=Pick up the chocolate to place it in the frypan.
2026-09-26 20:11:02,827 | INFO | [t=750] VLA chunk prompt=Pick up the chocolate to place it in the frypan.
2026-09-26 20:11:03,154 | INFO | [t=760] VLA chunk prompt=Pick up the chocolate to place it in the frypan.
2026-09-26 20:11:03,482 | INFO | [t=770] VLA chunk prompt=Pick up the chocolate to place it in the frypan.
2026-09-26 20:11:03,811 | INFO | [t=780] VLA chunk prompt=Pick up the chocolate to place it in the frypan.
2026-09-26 20:11:04,139 | INFO | [t=790] VLA chunk prompt=Pick up the chocolate to place it in the frypan.
2026-09-26 20:11:04,467 | INFO | [t=800] VLA chunk prompt=Pick up the chocolate to place it in the frypan.
2026-09-26 20:11:04,795 | INFO | [t=810] VLA chunk prompt=Pick up the chocolate to place it in the frypan.
2026-09-26 20:11:05,123 | INFO | [t=820] VLA chunk prompt=Pick up the chocolate to place it in the frypan.
2026-09-26 20:11:05,440 | INFO | API VLM @t=660 task=8 subtask=Pick up the chocolate from the table to place it in the frypan. keyframes=[]
2026-09-26 20:11:05,451 | INFO | [t=830] VLA chunk prompt=Pick up the chocolate to place it in the frypan.
2026-09-26 20:11:05,728 | INFO | [t=840] VLM prompt update from step=660: Pick up the chocolate from the table to place it in the frypan.
2026-09-26 20:11:05,779 | INFO | [t=840] VLA chunk prompt=Pick up the chocolate from the table to place it in the frypan.
2026-09-26 20:11:06,107 | INFO | [t=850] VLA chunk prompt=Pick up the chocolate from the table to place it in the frypan.
2026-09-26 20:11:06,437 | INFO | [t=860] VLA chunk prompt=Pick up the chocolate from the table to place it in the frypan.
2026-09-26 20:11:06,764 | INFO | [t=870] VLA chunk prompt=Pick up the chocolate from the table to place it in the frypan.
2026-09-26 20:11:07,093 | INFO | [t=880] VLA chunk prompt=Pick up the chocolate from the table to place it in the frypan.
2026-09-26 20:11:07,421 | INFO | [t=890] VLA chunk prompt=Pick up the chocolate from the table to place it in the frypan.
2026-09-26 20:11:07,749 | INFO | [t=900] VLA chunk prompt=Pick up the chocolate from the table to place it in the frypan.
2026-09-26 20:11:08,079 | INFO | [t=910] VLA chunk prompt=Pick up the chocolate from the table to place it in the frypan.
2026-09-26 20:11:08,411 | INFO | [t=920] VLA chunk prompt=Pick up the chocolate from the table to place it in the frypan.
2026-09-26 20:11:08,740 | INFO | [t=930] VLA chunk prompt=Pick up the chocolate from the table to place it in the frypan.
2026-09-26 20:11:09,068 | INFO | [t=940] VLA chunk prompt=Pick up the chocolate from the table to place it in the frypan.
2026-09-26 20:11:09,396 | INFO | [t=950] VLA chunk prompt=Pick up the chocolate from the table to place it in the frypan.
2026-09-26 20:11:09,723 | INFO | [t=960] VLA chunk prompt=Pick up the chocolate from the table to place it in the frypan.
2026-09-26 20:11:10,050 | INFO | [t=970] VLA chunk prompt=Pick up the chocolate from the table to place it in the frypan.
2026-09-26 20:11:10,379 | INFO | [t=980] VLA chunk prompt=Pick up the chocolate from the table to place it in the frypan.
2026-09-26 20:11:10,709 | INFO | [t=990] VLA chunk prompt=Pick up the chocolate from the table to place it in the frypan.
2026-09-26 20:11:11,037 | INFO | [t=1000] VLA chunk prompt=Pick up the chocolate from the table to place it in the frypan.
2026-09-26 20:11:11,365 | INFO | [t=1010] VLA chunk prompt=Pick up the chocolate from the table to place it in the frypan.
2026-09-26 20:11:11,692 | INFO | [t=1020] VLA chunk prompt=Pick up the chocolate from the table to place it in the frypan.
2026-09-26 20:11:12,021 | INFO | [t=1030] VLA chunk prompt=Pick up the chocolate from the table to place it in the frypan.
2026-09-26 20:11:12,351 | INFO | [t=1040] VLA chunk prompt=Pick up the chocolate from the table to place it in the frypan.
2026-09-26 20:11:12,680 | INFO | [t=1050] VLA chunk prompt=Pick up the chocolate from the table to place it in the frypan.
2026-09-26 20:11:13,009 | INFO | [t=1060] VLA chunk prompt=Pick up the chocolate from the table to place it in the frypan.
2026-09-26 20:11:13,337 | INFO | [t=1070] VLA chunk prompt=Pick up the chocolate from the table to place it in the frypan.
2026-09-26 20:11:13,626 | INFO | API VLM @t=820 task=8 subtask=Pick up the chocolate from the table to place it in the frypan. keyframes=[]
2026-09-26 20:11:13,663 | INFO | [t=1080] VLA chunk prompt=Pick up the chocolate from the table to place it in the frypan.
2026-09-26 20:11:13,990 | INFO | [t=1090] VLA chunk prompt=Pick up the chocolate from the table to place it in the frypan.
2026-09-26 20:11:14,316 | INFO | [t=1100] VLA chunk prompt=Pick up the chocolate from the table to place it in the frypan.
2026-09-26 20:11:14,643 | INFO | [t=1110] VLA chunk prompt=Pick up the chocolate from the table to place it in the frypan.
2026-09-26 20:11:14,969 | INFO | [t=1120] VLA chunk prompt=Pick up the chocolate from the table to place it in the frypan.
2026-09-26 20:11:15,294 | INFO | [t=1130] VLA chunk prompt=Pick up the chocolate from the table to place it in the frypan.
2026-09-26 20:11:15,619 | INFO | [t=1140] VLA chunk prompt=Pick up the chocolate from the table to place it in the frypan.
2026-09-26 20:11:15,944 | INFO | [t=1150] VLA chunk prompt=Pick up the chocolate from the table to place it in the frypan.
2026-09-26 20:11:16,271 | INFO | [t=1160] VLA chunk prompt=Pick up the chocolate from the table to place it in the frypan.
2026-09-26 20:11:16,599 | INFO | [t=1170] VLA chunk prompt=Pick up the chocolate from the table to place it in the frypan.
2026-09-26 20:11:16,925 | INFO | [t=1180] VLA chunk prompt=Pick up the chocolate from the table to place it in the frypan.
2026-09-26 20:11:17,252 | INFO | [t=1190] VLA chunk prompt=Pick up the chocolate from the table to place it in the frypan.
2026-09-26 20:11:17,579 | INFO | [t=1200] VLA chunk prompt=Pick up the chocolate from the table to place it in the frypan.
2026-09-26 20:11:17,906 | INFO | [t=1210] VLA chunk prompt=Pick up the chocolate from the table to place it in the frypan.
2026-09-26 20:11:18,233 | INFO | [t=1220] VLA chunk prompt=Pick up the chocolate from the table to place it in the frypan.
2026-09-26 20:11:18,563 | INFO | [t=1230] VLA chunk prompt=Pick up the chocolate from the table to place it in the frypan.
2026-09-26 20:11:18,892 | INFO | [t=1240] VLA chunk prompt=Pick up the chocolate from the table to place it in the frypan.
2026-09-26 20:11:19,219 | INFO | [t=1250] VLA chunk prompt=Pick up the chocolate from the table to place it in the frypan.
2026-09-26 20:11:19,503 | INFO | API VLM @t=1070 task=8 subtask=pick up the chocolate keyframes=[]
2026-09-26 20:11:19,546 | INFO | [t=1260] VLA chunk prompt=Pick up the chocolate from the table to place it in the frypan.
2026-09-26 20:11:19,823 | INFO | [t=1270] VLM prompt update from step=1070: pick up the chocolate
2026-09-26 20:11:19,873 | INFO | [t=1270] VLA chunk prompt=pick up the chocolate
2026-09-26 20:11:20,200 | INFO | [t=1280] VLA chunk prompt=pick up the chocolate
2026-09-26 20:11:20,527 | INFO | [t=1290] VLA chunk prompt=pick up the chocolate
2026-09-26 20:11:20,854 | INFO | [t=1300] VLA chunk prompt=pick up the chocolate
2026-09-26 20:11:21,181 | INFO | [t=1310] VLA chunk prompt=pick up the chocolate
2026-09-26 20:11:21,508 | INFO | [t=1320] VLA chunk prompt=pick up the chocolate
2026-09-26 20:11:21,836 | INFO | [t=1330] VLA chunk prompt=pick up the chocolate
2026-09-26 20:11:22,164 | INFO | [t=1340] VLA chunk prompt=pick up the chocolate
2026-09-26 20:11:22,491 | INFO | [t=1350] VLA chunk prompt=pick up the chocolate
2026-09-26 20:11:22,818 | INFO | [t=1360] VLA chunk prompt=pick up the chocolate
2026-09-26 20:11:23,147 | INFO | [t=1370] VLA chunk prompt=pick up the chocolate
2026-09-26 20:11:23,474 | INFO | [t=1380] VLA chunk prompt=pick up the chocolate
2026-09-26 20:11:23,800 | INFO | [t=1390] VLA chunk prompt=pick up the chocolate
2026-09-26 20:11:24,127 | INFO | [t=1400] VLA chunk prompt=pick up the chocolate
2026-09-26 20:11:24,457 | INFO | [t=1410] VLA chunk prompt=pick up the chocolate
2026-09-26 20:11:24,786 | INFO | [t=1420] VLA chunk prompt=pick up the chocolate
2026-09-26 20:11:25,112 | INFO | [t=1430] VLA chunk prompt=pick up the chocolate
2026-09-26 20:11:25,438 | INFO | [t=1440] VLA chunk prompt=pick up the chocolate
2026-09-26 20:11:25,765 | INFO | [t=1450] VLA chunk prompt=pick up the chocolate
2026-09-26 20:11:26,093 | INFO | [t=1460] VLA chunk prompt=pick up the chocolate
2026-09-26 20:11:26,422 | INFO | [t=1470] VLA chunk prompt=pick up the chocolate
2026-09-26 20:11:26,748 | INFO | [t=1480] VLA chunk prompt=pick up the chocolate
2026-09-26 20:11:27,074 | INFO | [t=1490] VLA chunk prompt=pick up the chocolate
2026-09-26 20:11:27,401 | INFO | [t=1500] VLA chunk prompt=pick up the chocolate
2026-09-26 20:11:27,728 | INFO | [t=1510] VLA chunk prompt=pick up the chocolate
2026-09-26 20:11:28,055 | INFO | [t=1520] VLA chunk prompt=pick up the chocolate
2026-09-26 20:11:28,383 | INFO | [t=1530] VLA chunk prompt=pick up the chocolate
2026-09-26 20:11:28,710 | INFO | [t=1540] VLA chunk prompt=pick up the chocolate
2026-09-26 20:11:29,038 | INFO | [t=1550] VLA chunk prompt=pick up the chocolate
2026-09-26 20:11:29,364 | INFO | [t=1560] VLA chunk prompt=pick up the chocolate
2026-09-26 20:11:29,691 | INFO | [t=1570] VLA chunk prompt=pick up the chocolate
2026-09-26 20:11:30,017 | INFO | [t=1580] VLA chunk prompt=pick up the chocolate
2026-09-26 20:11:30,231 | INFO | API VLM @t=1250 task=8 subtask=Pick up the chocolate from the table to place it in the frypan. keyframes=[]
2026-09-26 20:11:30,296 | INFO | [t=1590] VLM prompt update from step=1250: Pick up the chocolate from the table to place it in the frypan.
2026-09-26 20:11:30,347 | INFO | [t=1590] VLA chunk prompt=Pick up the chocolate from the table to place it in the frypan.
2026-09-26 20:11:30,674 | INFO | [t=1600] VLA chunk prompt=Pick up the chocolate from the table to place it in the frypan.
2026-09-26 20:11:31,002 | INFO | [t=1610] VLA chunk prompt=Pick up the chocolate from the table to place it in the frypan.
2026-09-26 20:11:31,329 | INFO | [t=1620] VLA chunk prompt=Pick up the chocolate from the table to place it in the frypan.
2026-09-26 20:11:31,656 | INFO | [t=1630] VLA chunk prompt=Pick up the chocolate from the table to place it in the frypan.
2026-09-26 20:11:31,982 | INFO | [t=1640] VLA chunk prompt=Pick up the chocolate from the table to place it in the frypan.
2026-09-26 20:11:32,310 | INFO | [t=1650] VLA chunk prompt=Pick up the chocolate from the table to place it in the frypan.
2026-09-26 20:11:32,636 | INFO | [t=1660] VLA chunk prompt=Pick up the chocolate from the table to place it in the frypan.
2026-09-26 20:11:32,962 | INFO | [t=1670] VLA chunk prompt=Pick up the chocolate from the table to place it in the frypan.
2026-09-26 20:11:33,288 | INFO | [t=1680] VLA chunk prompt=Pick up the chocolate from the table to place it in the frypan.
2026-09-26 20:11:33,614 | INFO | [t=1690] VLA chunk prompt=Pick up the chocolate from the table to place it in the frypan.
2026-09-26 20:11:33,940 | INFO | [t=1700] VLA chunk prompt=Pick up the chocolate from the table to place it in the frypan.
2026-09-26 20:11:34,266 | INFO | [t=1710] VLA chunk prompt=Pick up the chocolate from the table to place it in the frypan.
2026-09-26 20:11:34,594 | INFO | [t=1720] VLA chunk prompt=Pick up the chocolate from the table to place it in the frypan.
2026-09-26 20:11:34,919 | INFO | [t=1730] VLA chunk prompt=Pick up the chocolate from the table to place it in the frypan.
2026-09-26 20:11:35,244 | INFO | [t=1740] VLA chunk prompt=Pick up the chocolate from the table to place it in the frypan.
2026-09-26 20:11:35,568 | INFO | [t=1750] VLA chunk prompt=Pick up the chocolate from the table to place it in the frypan.
2026-09-26 20:11:35,894 | INFO | [t=1760] VLA chunk prompt=Pick up the chocolate from the table to place it in the frypan.
2026-09-26 20:11:35,930 | INFO | API VLM @t=1575 task=8 subtask=Pick up the chocolate and place it into the frypan. keyframes=[]
2026-09-26 20:11:36,172 | INFO | [t=1770] VLM prompt update from step=1575: Pick up the chocolate and place it into the frypan.
2026-09-26 20:11:36,222 | INFO | [t=1770] VLA chunk prompt=Pick up the chocolate and place it into the frypan.
2026-09-26 20:11:36,548 | INFO | [t=1780] VLA chunk prompt=Pick up the chocolate and place it into the frypan.
2026-09-26 20:11:36,874 | INFO | [t=1790] VLA chunk prompt=Pick up the chocolate and place it into the frypan.
2026-09-26 20:11:37,200 | INFO | [t=1800] VLA chunk prompt=Pick up the chocolate and place it into the frypan.
2026-09-26 20:11:37,524 | INFO | [t=1810] VLA chunk prompt=Pick up the chocolate and place it into the frypan.
2026-09-26 20:11:37,850 | INFO | [t=1820] VLA chunk prompt=Pick up the chocolate and place it into the frypan.
2026-09-26 20:11:38,175 | INFO | [t=1830] VLA chunk prompt=Pick up the chocolate and place it into the frypan.
2026-09-26 20:11:38,500 | INFO | [t=1840] VLA chunk prompt=Pick up the chocolate and place it into the frypan.
2026-09-26 20:11:38,825 | INFO | [t=1850] VLA chunk prompt=Pick up the chocolate and place it into the frypan.
2026-09-26 20:11:39,150 | INFO | [t=1860] VLA chunk prompt=Pick up the chocolate and place it into the frypan.
2026-09-26 20:11:39,475 | INFO | [t=1870] VLA chunk prompt=Pick up the chocolate and place it into the frypan.
2026-09-26 20:11:39,799 | INFO | [t=1880] VLA chunk prompt=Pick up the chocolate and place it into the frypan.
2026-09-26 20:11:40,125 | INFO | [t=1890] VLA chunk prompt=Pick up the chocolate and place it into the frypan.
2026-09-26 20:11:40,451 | INFO | [t=1900] VLA chunk prompt=Pick up the chocolate and place it into the frypan.
2026-09-26 20:11:40,775 | INFO | [t=1910] VLA chunk prompt=Pick up the chocolate and place it into the frypan.
2026-09-26 20:11:41,099 | INFO | [t=1920] VLA chunk prompt=Pick up the chocolate and place it into the frypan.
2026-09-26 20:11:41,422 | INFO | [t=1930] VLA chunk prompt=Pick up the chocolate and place it into the frypan.
2026-09-26 20:11:41,747 | INFO | [t=1940] VLA chunk prompt=Pick up the chocolate and place it into the frypan.
2026-09-26 20:11:42,071 | INFO | [t=1950] VLA chunk prompt=Pick up the chocolate and place it into the frypan.
2026-09-26 20:11:42,395 | INFO | [t=1960] VLA chunk prompt=Pick up the chocolate and place it into the frypan.
2026-09-26 20:11:42,720 | INFO | [t=1970] VLA chunk prompt=Pick up the chocolate and place it into the frypan.
2026-09-26 20:11:43,046 | INFO | [t=1980] VLA chunk prompt=Pick up the chocolate and place it into the frypan.
2026-09-26 20:11:43,372 | INFO | [t=1990] VLA chunk prompt=Pick up the chocolate and place it into the frypan.
2026-09-26 20:11:43,698 | INFO | [t=2000] VLA chunk prompt=Pick up the chocolate and place it into the frypan.
2026-09-26 20:11:44,024 | INFO | [t=2010] VLA chunk prompt=Pick up the chocolate and place it into the frypan.
2026-09-26 20:11:44,351 | INFO | [t=2020] VLA chunk prompt=Pick up the chocolate and place it into the frypan.
2026-09-26 20:11:44,677 | INFO | [t=2030] VLA chunk prompt=Pick up the chocolate and place it into the frypan.
2026-09-26 20:11:45,006 | INFO | [t=2040] VLA chunk prompt=Pick up the chocolate and place it into the frypan.
2026-09-26 20:11:45,333 | INFO | [t=2050] VLA chunk prompt=Pick up the chocolate and place it into the frypan.
2026-09-26 20:11:45,658 | INFO | [t=2060] VLA chunk prompt=Pick up the chocolate and place it into the frypan.
2026-09-26 20:11:45,983 | INFO | [t=2070] VLA chunk prompt=Pick up the chocolate and place it into the frypan.
2026-09-26 20:11:46,307 | INFO | [t=2080] VLA chunk prompt=Pick up the chocolate and place it into the frypan.
2026-09-26 20:11:46,632 | INFO | [t=2090] VLA chunk prompt=Pick up the chocolate and place it into the frypan.
2026-09-26 20:11:46,952 | INFO | [t=2100] VLA chunk prompt=Pick up the chocolate and place it into the frypan.
2026-09-26 20:11:47,271 | INFO | [t=2110] VLA chunk prompt=Pick up the chocolate and place it into the frypan.
2026-09-26 20:11:47,591 | INFO | [t=2120] VLA chunk prompt=Pick up the chocolate and place it into the frypan.
2026-09-26 20:11:47,912 | INFO | [t=2130] VLA chunk prompt=Pick up the chocolate and place it into the frypan.
2026-09-26 20:11:48,233 | INFO | [t=2140] VLA chunk prompt=Pick up the chocolate and place it into the frypan.
2026-09-26 20:11:48,557 | INFO | [t=2150] VLA chunk prompt=Pick up the chocolate and place it into the frypan.
2026-09-26 20:11:48,882 | INFO | [t=2160] VLA chunk prompt=Pick up the chocolate and place it into the frypan.
2026-09-26 20:11:49,207 | INFO | [t=2170] VLA chunk prompt=Pick up the chocolate and place it into the frypan.
2026-09-26 20:11:49,533 | INFO | [t=2180] VLA chunk prompt=Pick up the chocolate and place it into the frypan.
2026-09-26 20:11:49,860 | INFO | [t=2190] VLA chunk prompt=Pick up the chocolate and place it into the frypan.
2026-09-26 20:11:50,190 | INFO | [t=2200] VLA chunk prompt=Pick up the chocolate and place it into the frypan.
2026-09-26 20:11:50,261 | INFO | API VLM @t=1750 task=8 subtask=Pick up the chocolate and place it into the frypan. keyframes=[]
2026-09-26 20:11:50,530 | INFO | [t=2210] VLA chunk prompt=Pick up the chocolate and place it into the frypan.
2026-09-26 20:11:50,866 | INFO | [t=2220] VLA chunk prompt=Pick up the chocolate and place it into the frypan.
2026-09-26 20:11:51,200 | INFO | [t=2230] VLA chunk prompt=Pick up the chocolate and place it into the frypan.
2026-09-26 20:11:51,537 | INFO | [t=2240] VLA chunk prompt=Pick up the chocolate and place it into the frypan.
2026-09-26 20:11:51,873 | INFO | [t=2250] VLA chunk prompt=Pick up the chocolate and place it into the frypan.
2026-09-26 20:11:52,201 | INFO | [t=2260] VLA chunk prompt=Pick up the chocolate and place it into the frypan.
2026-09-26 20:11:52,531 | INFO | [t=2270] VLA chunk prompt=Pick up the chocolate and place it into the frypan.
2026-09-26 20:11:52,859 | INFO | [t=2280] VLA chunk prompt=Pick up the chocolate and place it into the frypan.
2026-09-26 20:11:53,193 | INFO | [t=2290] VLA chunk prompt=Pick up the chocolate and place it into the frypan.
2026-09-26 20:11:53,522 | INFO | [t=2300] VLA chunk prompt=Pick up the chocolate and place it into the frypan.
2026-09-26 20:11:53,856 | INFO | [t=2310] VLA chunk prompt=Pick up the chocolate and place it into the frypan.
2026-09-26 20:11:54,187 | INFO | [t=2320] VLA chunk prompt=Pick up the chocolate and place it into the frypan.
2026-09-26 20:11:54,515 | INFO | [t=2330] VLA chunk prompt=Pick up the chocolate and place it into the frypan.
2026-09-26 20:11:54,842 | INFO | [t=2340] VLA chunk prompt=Pick up the chocolate and place it into the frypan.
2026-09-26 20:11:55,169 | INFO | [t=2350] VLA chunk prompt=Pick up the chocolate and place it into the frypan.
2026-09-26 20:11:55,496 | INFO | [t=2360] VLA chunk prompt=Pick up the chocolate and place it into the frypan.
2026-09-26 20:11:55,823 | INFO | [t=2370] VLA chunk prompt=Pick up the chocolate and place it into the frypan.
2026-09-26 20:11:56,149 | INFO | [t=2380] VLA chunk prompt=Pick up the chocolate and place it into the frypan.
2026-09-26 20:11:56,475 | INFO | [t=2390] VLA chunk prompt=Pick up the chocolate and place it into the frypan.
2026-09-26 20:11:56,801 | INFO | [t=2400] VLA chunk prompt=Pick up the chocolate and place it into the frypan.
2026-09-26 20:11:57,130 | INFO | [t=2410] VLA chunk prompt=Pick up the chocolate and place it into the frypan.
2026-09-26 20:11:57,455 | INFO | [t=2420] VLA chunk prompt=Pick up the chocolate and place it into the frypan.
2026-09-26 20:11:57,526 | INFO | API VLM @t=2190 task=8 subtask=Pick up the chocolate from the table to place it in the frypan. keyframes=[]
2026-09-26 20:11:57,731 | INFO | [t=2430] VLM prompt update from step=2190: Pick up the chocolate from the table to place it in the frypan.
2026-09-26 20:11:57,782 | INFO | [t=2430] VLA chunk prompt=Pick up the chocolate from the table to place it in the frypan.
2026-09-26 20:11:58,107 | INFO | [t=2440] VLA chunk prompt=Pick up the chocolate from the table to place it in the frypan.
2026-09-26 20:11:58,434 | INFO | [t=2450] VLA chunk prompt=Pick up the chocolate from the table to place it in the frypan.
2026-09-26 20:11:58,758 | INFO | [t=2460] VLA chunk prompt=Pick up the chocolate from the table to place it in the frypan.
2026-09-26 20:11:59,094 | INFO | [t=2470] VLA chunk prompt=Pick up the chocolate from the table to place it in the frypan.
2026-09-26 20:11:59,419 | INFO | [t=2480] VLA chunk prompt=Pick up the chocolate from the table to place it in the frypan.
2026-09-26 20:11:59,746 | INFO | [t=2490] VLA chunk prompt=Pick up the chocolate from the table to place it in the frypan.
2026-09-26 20:12:00,072 | INFO | [t=2500] VLA chunk prompt=Pick up the chocolate from the table to place it in the frypan.
2026-09-26 20:12:02,539 | INFO | API VLM @t=2410 task=8 subtask=Pick up the chocolate and place it into the frypan. keyframes=[]
2026-09-26 20:12:02,560 | INFO | attempt=0 stage_score=0.0 stage_success=False failure_reason=incomplete_stage
2026-09-26 20:12:02,561 | INFO | Episode 8 seed=108 stage_score=0.0 stage_success=0 goal=0.000 failure_reason=incomplete_stage | 01_Lift_Tomato_Sauce=N | 02_Pour_One=N | 03_Pour_Two=N
