2026-09-26 14:50:06,287 | INFO | task_id=5 bddl=/project/peilab/why/RoboMemArena/bddl/5_butter_middle_drawer.bddl vlm_ckpt=/project/peilab/why/RoboMemArena/checkpoints/PrediMem/vlm_tasks1to26_ckpt74500
2026-09-26 14:50:08,181 | INFO | async VLM enabled: single-slot subtask buffer
2026-09-26 14:50:08,441 | INFO | [t=10] VLA chunk prompt=Open all drawers in order, remember the empty drawer, then put butter into that empty drawer.
2026-09-26 14:50:08,720 | INFO | [t=20] VLA chunk prompt=Open all drawers in order, remember the empty drawer, then put butter into that empty drawer.
2026-09-26 14:50:09,000 | INFO | [t=30] VLA chunk prompt=Open all drawers in order, remember the empty drawer, then put butter into that empty drawer.
2026-09-26 14:50:09,276 | INFO | [t=40] VLA chunk prompt=Open all drawers in order, remember the empty drawer, then put butter into that empty drawer.
2026-09-26 14:50:09,551 | INFO | [t=50] VLA chunk prompt=Open all drawers in order, remember the empty drawer, then put butter into that empty drawer.
2026-09-26 14:50:09,826 | INFO | [t=60] VLA chunk prompt=Open all drawers in order, remember the empty drawer, then put butter into that empty drawer.
2026-09-26 14:50:10,102 | INFO | [t=70] VLA chunk prompt=Open all drawers in order, remember the empty drawer, then put butter into that empty drawer.
2026-09-26 14:50:10,388 | INFO | [t=80] VLA chunk prompt=Open all drawers in order, remember the empty drawer, then put butter into that empty drawer.
2026-09-26 14:50:10,683 | INFO | [t=90] VLA chunk prompt=Open all drawers in order, remember the empty drawer, then put butter into that empty drawer.
2026-09-26 14:50:10,973 | INFO | [t=100] VLA chunk prompt=Open all drawers in order, remember the empty drawer, then put butter into that empty drawer.
2026-09-26 14:50:11,264 | INFO | [t=110] VLA chunk prompt=Open all drawers in order, remember the empty drawer, then put butter into that empty drawer.
2026-09-26 14:50:11,544 | INFO | [t=120] VLA chunk prompt=Open all drawers in order, remember the empty drawer, then put butter into that empty drawer.
2026-09-26 14:50:11,845 | INFO | [t=130] VLA chunk prompt=Open all drawers in order, remember the empty drawer, then put butter into that empty drawer.
2026-09-26 14:50:12,160 | INFO | [t=140] VLA chunk prompt=Open all drawers in order, remember the empty drawer, then put butter into that empty drawer.
2026-09-26 14:50:12,481 | INFO | [t=150] VLA chunk prompt=Open all drawers in order, remember the empty drawer, then put butter into that empty drawer.
2026-09-26 14:50:12,805 | INFO | [t=160] VLA chunk prompt=Open all drawers in order, remember the empty drawer, then put butter into that empty drawer.
2026-09-26 14:50:13,133 | INFO | [t=170] VLA chunk prompt=Open all drawers in order, remember the empty drawer, then put butter into that empty drawer.
2026-09-26 14:50:13,332 | INFO | API VLM @t=2465 task=5 subtask=pick up the butter keyframes=[]
2026-09-26 14:50:13,468 | INFO | [t=180] VLA chunk prompt=Open all drawers in order, remember the empty drawer, then put butter into that empty drawer.
2026-09-26 14:50:13,808 | INFO | [t=190] VLA chunk prompt=Open all drawers in order, remember the empty drawer, then put butter into that empty drawer.
2026-09-26 14:50:14,152 | INFO | [t=200] VLA chunk prompt=Open all drawers in order, remember the empty drawer, then put butter into that empty drawer.
2026-09-26 14:50:14,504 | INFO | [t=210] VLA chunk prompt=Open all drawers in order, remember the empty drawer, then put butter into that empty drawer.
2026-09-26 14:50:14,862 | INFO | [t=220] VLA chunk prompt=Open all drawers in order, remember the empty drawer, then put butter into that empty drawer.
2026-09-26 14:50:15,224 | INFO | [t=230] VLA chunk prompt=Open all drawers in order, remember the empty drawer, then put butter into that empty drawer.
2026-09-26 14:50:15,589 | INFO | [t=240] VLA chunk prompt=Open all drawers in order, remember the empty drawer, then put butter into that empty drawer.
2026-09-26 14:50:15,957 | INFO | [t=250] VLA chunk prompt=Open all drawers in order, remember the empty drawer, then put butter into that empty drawer.
2026-09-26 14:50:16,329 | INFO | [t=260] VLA chunk prompt=Open all drawers in order, remember the empty drawer, then put butter into that empty drawer.
2026-09-26 14:50:16,703 | INFO | [t=270] VLA chunk prompt=Open all drawers in order, remember the empty drawer, then put butter into that empty drawer.
2026-09-26 14:50:17,085 | INFO | [t=280] VLA chunk prompt=Open all drawers in order, remember the empty drawer, then put butter into that empty drawer.
2026-09-26 14:50:17,467 | INFO | [t=290] VLA chunk prompt=Open all drawers in order, remember the empty drawer, then put butter into that empty drawer.
2026-09-26 14:50:17,848 | INFO | [t=300] VLA chunk prompt=Open all drawers in order, remember the empty drawer, then put butter into that empty drawer.
2026-09-26 14:50:18,225 | INFO | [t=310] VLA chunk prompt=Open all drawers in order, remember the empty drawer, then put butter into that empty drawer.
2026-09-26 14:50:18,605 | INFO | [t=320] VLA chunk prompt=Open all drawers in order, remember the empty drawer, then put butter into that empty drawer.
2026-09-26 14:50:18,983 | INFO | [t=330] VLA chunk prompt=Open all drawers in order, remember the empty drawer, then put butter into that empty drawer.
2026-09-26 14:50:19,359 | INFO | [t=340] VLA chunk prompt=Open all drawers in order, remember the empty drawer, then put butter into that empty drawer.
2026-09-26 14:50:19,737 | INFO | [t=350] VLA chunk prompt=Open all drawers in order, remember the empty drawer, then put butter into that empty drawer.
2026-09-26 14:50:19,948 | INFO | API VLM @t=0 task=5 subtask=open the top drawer keyframes=[]
2026-09-26 14:50:20,070 | INFO | [t=360] VLM prompt update from step=0: open the top drawer
2026-09-26 14:50:20,119 | INFO | [t=360] VLA chunk prompt=open the top drawer
2026-09-26 14:50:20,505 | INFO | [t=370] VLA chunk prompt=open the top drawer
2026-09-26 14:50:20,892 | INFO | [t=380] VLA chunk prompt=open the top drawer
2026-09-26 14:50:21,282 | INFO | [t=390] VLA chunk prompt=open the top drawer
2026-09-26 14:50:21,668 | INFO | [t=400] VLA chunk prompt=open the top drawer
2026-09-26 14:50:22,047 | INFO | [t=410] VLA chunk prompt=open the top drawer
2026-09-26 14:50:22,423 | INFO | [t=420] VLA chunk prompt=open the top drawer
2026-09-26 14:50:22,798 | INFO | [t=430] VLA chunk prompt=open the top drawer
2026-09-26 14:50:23,173 | INFO | [t=440] VLA chunk prompt=open the top drawer
2026-09-26 14:50:23,545 | INFO | [t=450] VLA chunk prompt=open the top drawer
2026-09-26 14:50:23,916 | INFO | [t=460] VLA chunk prompt=open the top drawer
2026-09-26 14:50:24,287 | INFO | [t=470] VLA chunk prompt=open the top drawer
2026-09-26 14:50:24,659 | INFO | [t=480] VLA chunk prompt=open the top drawer
2026-09-26 14:50:25,029 | INFO | [t=490] VLA chunk prompt=open the top drawer
2026-09-26 14:50:25,399 | INFO | [t=500] VLA chunk prompt=open the top drawer
2026-09-26 14:50:25,773 | INFO | [t=510] VLA chunk prompt=open the top drawer
2026-09-26 14:50:26,145 | INFO | [t=520] VLA chunk prompt=open the top drawer
2026-09-26 14:50:26,518 | INFO | [t=530] VLA chunk prompt=open the top drawer
2026-09-26 14:50:26,893 | INFO | [t=540] VLA chunk prompt=open the top drawer
2026-09-26 14:50:26,938 | INFO | API VLM @t=345 task=5 subtask=place the butter into the open drawer keyframes=[]
2026-09-26 14:50:27,204 | INFO | [t=550] VLM prompt update from step=345: place the butter into the open drawer
2026-09-26 14:50:27,254 | INFO | [t=550] VLA chunk prompt=place the butter into the open drawer
2026-09-26 14:50:27,617 | INFO | [t=560] VLA chunk prompt=place the butter into the open drawer
2026-09-26 14:50:27,979 | INFO | [t=570] VLA chunk prompt=place the butter into the open drawer
2026-09-26 14:50:28,352 | INFO | [t=580] VLA chunk prompt=place the butter into the open drawer
2026-09-26 14:50:28,721 | INFO | [t=590] VLA chunk prompt=place the butter into the open drawer
2026-09-26 14:50:29,094 | INFO | [t=600] VLA chunk prompt=place the butter into the open drawer
2026-09-26 14:50:29,472 | INFO | [t=610] VLA chunk prompt=place the butter into the open drawer
2026-09-26 14:50:29,853 | INFO | [t=620] VLA chunk prompt=place the butter into the open drawer
2026-09-26 14:50:30,229 | INFO | [t=630] VLA chunk prompt=place the butter into the open drawer
2026-09-26 14:50:30,611 | INFO | [t=640] VLA chunk prompt=place the butter into the open drawer
2026-09-26 14:50:30,990 | INFO | [t=650] VLA chunk prompt=place the butter into the open drawer
2026-09-26 14:50:31,364 | INFO | [t=660] VLA chunk prompt=place the butter into the open drawer
2026-09-26 14:50:31,738 | INFO | [t=670] VLA chunk prompt=place the butter into the open drawer
2026-09-26 14:50:31,788 | INFO | API VLM @t=530 task=5 subtask=Place the butter into the open target drawer. keyframes=[]
2026-09-26 14:50:32,067 | INFO | [t=680] VLM prompt update from step=530: Place the butter into the open target drawer.
2026-09-26 14:50:32,117 | INFO | [t=680] VLA chunk prompt=Place the butter into the open target drawer.
2026-09-26 14:50:32,494 | INFO | [t=690] VLA chunk prompt=Place the butter into the open target drawer.
2026-09-26 14:50:32,881 | INFO | [t=700] VLA chunk prompt=Place the butter into the open target drawer.
2026-09-26 14:50:33,268 | INFO | [t=710] VLA chunk prompt=Place the butter into the open target drawer.
2026-09-26 14:50:33,648 | INFO | [t=720] VLA chunk prompt=Place the butter into the open target drawer.
2026-09-26 14:50:34,033 | INFO | [t=730] VLA chunk prompt=Place the butter into the open target drawer.
2026-09-26 14:50:34,407 | INFO | [t=740] VLA chunk prompt=Place the butter into the open target drawer.
2026-09-26 14:50:34,783 | INFO | [t=750] VLA chunk prompt=Place the butter into the open target drawer.
2026-09-26 14:50:35,161 | INFO | [t=760] VLA chunk prompt=Place the butter into the open target drawer.
2026-09-26 14:50:35,540 | INFO | [t=770] VLA chunk prompt=Place the butter into the open target drawer.
2026-09-26 14:50:35,917 | INFO | [t=780] VLA chunk prompt=Place the butter into the open target drawer.
2026-09-26 14:50:36,295 | INFO | [t=790] VLA chunk prompt=Place the butter into the open target drawer.
2026-09-26 14:50:36,681 | INFO | [t=800] VLA chunk prompt=Place the butter into the open target drawer.
2026-09-26 14:50:37,065 | INFO | [t=810] VLA chunk prompt=Place the butter into the open target drawer.
2026-09-26 14:50:37,445 | INFO | [t=820] VLA chunk prompt=Place the butter into the open target drawer.
2026-09-26 14:50:37,822 | INFO | [t=830] VLA chunk prompt=Place the butter into the open target drawer.
2026-09-26 14:50:38,205 | INFO | [t=840] VLA chunk prompt=Place the butter into the open target drawer.
2026-09-26 14:50:38,582 | INFO | [t=850] VLA chunk prompt=Place the butter into the open target drawer.
2026-09-26 14:50:38,963 | INFO | [t=860] VLA chunk prompt=Place the butter into the open target drawer.
2026-09-26 14:50:39,337 | INFO | [t=870] VLA chunk prompt=Place the butter into the open target drawer.
2026-09-26 14:50:39,709 | INFO | [t=880] VLA chunk prompt=Place the butter into the open target drawer.
2026-09-26 14:50:40,088 | INFO | [t=890] VLA chunk prompt=Place the butter into the open target drawer.
2026-09-26 14:50:40,468 | INFO | [t=900] VLA chunk prompt=Place the butter into the open target drawer.
2026-09-26 14:50:40,856 | INFO | [t=910] VLA chunk prompt=Place the butter into the open target drawer.
2026-09-26 14:50:41,239 | INFO | [t=920] VLA chunk prompt=Place the butter into the open target drawer.
2026-09-26 14:50:41,620 | INFO | [t=930] VLA chunk prompt=Place the butter into the open target drawer.
2026-09-26 14:50:41,666 | INFO | API VLM @t=660 task=5 subtask=Pull open the drawer to inspect it. keyframes=[]
2026-09-26 14:50:41,951 | INFO | [t=940] VLM prompt update from step=660: Pull open the drawer to inspect it.
2026-09-26 14:50:42,001 | INFO | [t=940] VLA chunk prompt=Pull open the drawer to inspect it.
2026-09-26 14:50:42,375 | INFO | [t=950] VLA chunk prompt=Pull open the drawer to inspect it.
2026-09-26 14:50:42,745 | INFO | [t=960] VLA chunk prompt=Pull open the drawer to inspect it.
2026-09-26 14:50:43,118 | INFO | [t=970] VLA chunk prompt=Pull open the drawer to inspect it.
2026-09-26 14:50:43,482 | INFO | [t=980] VLA chunk prompt=Pull open the drawer to inspect it.
2026-09-26 14:50:43,856 | INFO | [t=990] VLA chunk prompt=Pull open the drawer to inspect it.
2026-09-26 14:50:44,229 | INFO | [t=1000] VLA chunk prompt=Pull open the drawer to inspect it.
2026-09-26 14:50:44,601 | INFO | [t=1010] VLA chunk prompt=Pull open the drawer to inspect it.
2026-09-26 14:50:44,976 | INFO | [t=1020] VLA chunk prompt=Pull open the drawer to inspect it.
2026-09-26 14:50:45,353 | INFO | [t=1030] VLA chunk prompt=Pull open the drawer to inspect it.
2026-09-26 14:50:45,729 | INFO | [t=1040] VLA chunk prompt=Pull open the drawer to inspect it.
2026-09-26 14:50:46,100 | INFO | [t=1050] VLA chunk prompt=Pull open the drawer to inspect it.
2026-09-26 14:50:46,476 | INFO | [t=1060] VLA chunk prompt=Pull open the drawer to inspect it.
2026-09-26 14:50:46,847 | INFO | [t=1070] VLA chunk prompt=Pull open the drawer to inspect it.
2026-09-26 14:50:47,222 | INFO | [t=1080] VLA chunk prompt=Pull open the drawer to inspect it.
2026-09-26 14:50:47,600 | INFO | [t=1090] VLA chunk prompt=Pull open the drawer to inspect it.
2026-09-26 14:50:47,694 | INFO | API VLM @t=920 task=5 subtask=open the drawer keyframes=[]
2026-09-26 14:50:47,933 | INFO | [t=1100] VLM prompt update from step=920: open the drawer
2026-09-26 14:50:47,985 | INFO | [t=1100] VLA chunk prompt=open the drawer
2026-09-26 14:50:48,366 | INFO | [t=1110] VLA chunk prompt=open the drawer
2026-09-26 14:50:48,742 | INFO | [t=1120] VLA chunk prompt=open the drawer
2026-09-26 14:50:49,110 | INFO | [t=1130] VLA chunk prompt=open the drawer
2026-09-26 14:50:49,472 | INFO | [t=1140] VLA chunk prompt=open the drawer
2026-09-26 14:50:49,831 | INFO | [t=1150] VLA chunk prompt=open the drawer
2026-09-26 14:50:50,185 | INFO | [t=1160] VLA chunk prompt=open the drawer
2026-09-26 14:50:50,536 | INFO | [t=1170] VLA chunk prompt=open the drawer
2026-09-26 14:50:50,887 | INFO | [t=1180] VLA chunk prompt=open the drawer
2026-09-26 14:50:51,243 | INFO | [t=1190] VLA chunk prompt=open the drawer
2026-09-26 14:50:51,600 | INFO | [t=1200] VLA chunk prompt=open the drawer
2026-09-26 14:50:51,959 | INFO | [t=1210] VLA chunk prompt=open the drawer
2026-09-26 14:50:52,309 | INFO | [t=1220] VLA chunk prompt=open the drawer
2026-09-26 14:50:52,661 | INFO | [t=1230] VLA chunk prompt=open the drawer
2026-09-26 14:50:53,013 | INFO | [t=1240] VLA chunk prompt=open the drawer
2026-09-26 14:50:53,364 | INFO | [t=1250] VLA chunk prompt=open the drawer
2026-09-26 14:50:53,717 | INFO | [t=1260] VLA chunk prompt=open the drawer
2026-09-26 14:50:54,074 | INFO | [t=1270] VLA chunk prompt=open the drawer
2026-09-26 14:50:54,436 | INFO | [t=1280] VLA chunk prompt=open the drawer
2026-09-26 14:50:54,790 | INFO | [t=1290] VLA chunk prompt=open the drawer
2026-09-26 14:50:55,145 | INFO | [t=1300] VLA chunk prompt=open the drawer
2026-09-26 14:50:55,293 | INFO | API VLM @t=1080 task=5 subtask=Open the current drawer. keyframes=[]
2026-09-26 14:50:55,455 | INFO | [t=1310] VLM prompt update from step=1080: Open the current drawer.
2026-09-26 14:50:55,504 | INFO | [t=1310] VLA chunk prompt=Open the current drawer.
2026-09-26 14:50:55,860 | INFO | [t=1320] VLA chunk prompt=Open the current drawer.
2026-09-26 14:50:56,224 | INFO | [t=1330] VLA chunk prompt=Open the current drawer.
2026-09-26 14:50:56,594 | INFO | [t=1340] VLA chunk prompt=Open the current drawer.
2026-09-26 14:50:56,966 | INFO | [t=1350] VLA chunk prompt=Open the current drawer.
2026-09-26 14:50:57,338 | INFO | [t=1360] VLA chunk prompt=Open the current drawer.
2026-09-26 14:50:57,708 | INFO | [t=1370] VLA chunk prompt=Open the current drawer.
2026-09-26 14:50:58,077 | INFO | [t=1380] VLA chunk prompt=Open the current drawer.
2026-09-26 14:50:58,444 | INFO | [t=1390] VLA chunk prompt=Open the current drawer.
2026-09-26 14:50:58,809 | INFO | [t=1400] VLA chunk prompt=Open the current drawer.
2026-09-26 14:50:59,173 | INFO | [t=1410] VLA chunk prompt=Open the current drawer.
2026-09-26 14:50:59,531 | INFO | [t=1420] VLA chunk prompt=Open the current drawer.
2026-09-26 14:50:59,889 | INFO | [t=1430] VLA chunk prompt=Open the current drawer.
2026-09-26 14:51:00,247 | INFO | [t=1440] VLA chunk prompt=Open the current drawer.
2026-09-26 14:51:00,605 | INFO | [t=1450] VLA chunk prompt=Open the current drawer.
2026-09-26 14:51:00,962 | INFO | [t=1460] VLA chunk prompt=Open the current drawer.
2026-09-26 14:51:01,323 | INFO | [t=1470] VLA chunk prompt=Open the current drawer.
2026-09-26 14:51:01,689 | INFO | [t=1480] VLA chunk prompt=Open the current drawer.
2026-09-26 14:51:02,056 | INFO | [t=1490] VLA chunk prompt=Open the current drawer.
2026-09-26 14:51:02,429 | INFO | [t=1500] VLA chunk prompt=Open the current drawer.
2026-09-26 14:51:02,802 | INFO | [t=1510] VLA chunk prompt=Open the current drawer.
2026-09-26 14:51:03,170 | INFO | [t=1520] VLA chunk prompt=Open the current drawer.
2026-09-26 14:51:03,534 | INFO | [t=1530] VLA chunk prompt=Open the current drawer.
2026-09-26 14:51:03,669 | INFO | API VLM @t=1290 task=5 subtask=Place the butter into the target empty drawer keyframes=[]
2026-09-26 14:51:03,851 | INFO | [t=1540] VLM prompt update from step=1290: Place the butter into the target empty drawer
2026-09-26 14:51:03,901 | INFO | [t=1540] VLA chunk prompt=Place the butter into the target empty drawer
2026-09-26 14:51:04,265 | INFO | [t=1550] VLA chunk prompt=Place the butter into the target empty drawer
2026-09-26 14:51:04,631 | INFO | [t=1560] VLA chunk prompt=Place the butter into the target empty drawer
2026-09-26 14:51:04,996 | INFO | [t=1570] VLA chunk prompt=Place the butter into the target empty drawer
2026-09-26 14:51:05,360 | INFO | [t=1580] VLA chunk prompt=Place the butter into the target empty drawer
2026-09-26 14:51:05,731 | INFO | [t=1590] VLA chunk prompt=Place the butter into the target empty drawer
2026-09-26 14:51:06,099 | INFO | [t=1600] VLA chunk prompt=Place the butter into the target empty drawer
2026-09-26 14:51:06,470 | INFO | [t=1610] VLA chunk prompt=Place the butter into the target empty drawer
2026-09-26 14:51:06,845 | INFO | [t=1620] VLA chunk prompt=Place the butter into the target empty drawer
2026-09-26 14:51:07,219 | INFO | [t=1630] VLA chunk prompt=Place the butter into the target empty drawer
2026-09-26 14:51:07,591 | INFO | [t=1640] VLA chunk prompt=Place the butter into the target empty drawer
2026-09-26 14:51:07,967 | INFO | [t=1650] VLA chunk prompt=Place the butter into the target empty drawer
2026-09-26 14:51:08,349 | INFO | [t=1660] VLA chunk prompt=Place the butter into the target empty drawer
2026-09-26 14:51:08,735 | INFO | [t=1670] VLA chunk prompt=Place the butter into the target empty drawer
2026-09-26 14:51:09,121 | INFO | [t=1680] VLA chunk prompt=Place the butter into the target empty drawer
2026-09-26 14:51:09,515 | INFO | [t=1690] VLA chunk prompt=Place the butter into the target empty drawer
2026-09-26 14:51:09,916 | INFO | [t=1700] VLA chunk prompt=Place the butter into the target empty drawer
2026-09-26 14:51:10,319 | INFO | [t=1710] VLA chunk prompt=Place the butter into the target empty drawer
2026-09-26 14:51:10,731 | INFO | [t=1720] VLA chunk prompt=Place the butter into the target empty drawer
2026-09-26 14:51:11,127 | INFO | [t=1730] VLA chunk prompt=Place the butter into the target empty drawer
2026-09-26 14:51:11,515 | INFO | [t=1740] VLA chunk prompt=Place the butter into the target empty drawer
2026-09-26 14:51:11,902 | INFO | [t=1750] VLA chunk prompt=Place the butter into the target empty drawer
2026-09-26 14:51:12,286 | INFO | [t=1760] VLA chunk prompt=Place the butter into the target empty drawer
2026-09-26 14:51:12,669 | INFO | [t=1770] VLA chunk prompt=Place the butter into the target empty drawer
2026-09-26 14:51:13,052 | INFO | [t=1780] VLA chunk prompt=Place the butter into the target empty drawer
2026-09-26 14:51:13,205 | INFO | API VLM @t=1520 task=5 subtask=pick up the butter keyframes=[]
2026-09-26 14:51:13,391 | INFO | [t=1790] VLM prompt update from step=1520: pick up the butter
2026-09-26 14:51:13,441 | INFO | [t=1790] VLA chunk prompt=pick up the butter
2026-09-26 14:51:13,828 | INFO | [t=1800] VLA chunk prompt=pick up the butter
2026-09-26 14:51:14,215 | INFO | [t=1810] VLA chunk prompt=pick up the butter
2026-09-26 14:51:14,602 | INFO | [t=1820] VLA chunk prompt=pick up the butter
2026-09-26 14:51:14,990 | INFO | [t=1830] VLA chunk prompt=pick up the butter
2026-09-26 14:51:15,384 | INFO | [t=1840] VLA chunk prompt=pick up the butter
2026-09-26 14:51:15,786 | INFO | [t=1850] VLA chunk prompt=pick up the butter
2026-09-26 14:51:16,187 | INFO | [t=1860] VLA chunk prompt=pick up the butter
2026-09-26 14:51:16,589 | INFO | [t=1870] VLA chunk prompt=pick up the butter
2026-09-26 14:51:17,000 | INFO | [t=1880] VLA chunk prompt=pick up the butter
2026-09-26 14:51:17,405 | INFO | [t=1890] VLA chunk prompt=pick up the butter
2026-09-26 14:51:17,795 | INFO | [t=1900] VLA chunk prompt=pick up the butter
2026-09-26 14:51:18,187 | INFO | [t=1910] VLA chunk prompt=pick up the butter
2026-09-26 14:51:18,568 | INFO | [t=1920] VLA chunk prompt=pick up the butter
2026-09-26 14:51:18,950 | INFO | [t=1930] VLA chunk prompt=pick up the butter
2026-09-26 14:51:19,328 | INFO | [t=1940] VLA chunk prompt=pick up the butter
2026-09-26 14:51:19,701 | INFO | [t=1950] VLA chunk prompt=pick up the butter
2026-09-26 14:51:20,071 | INFO | [t=1960] VLA chunk prompt=pick up the butter
2026-09-26 14:51:20,431 | INFO | [t=1970] VLA chunk prompt=pick up the butter
2026-09-26 14:51:20,649 | INFO | API VLM @t=1770 task=5 subtask=Place the butter into the open drawer. keyframes=[]
2026-09-26 14:51:20,737 | INFO | [t=1980] VLM prompt update from step=1770: Place the butter into the open drawer.
2026-09-26 14:51:20,786 | INFO | [t=1980] VLA chunk prompt=Place the butter into the open drawer.
2026-09-26 14:51:21,136 | INFO | [t=1990] VLA chunk prompt=Place the butter into the open drawer.
2026-09-26 14:51:21,488 | INFO | [t=2000] VLA chunk prompt=Place the butter into the open drawer.
2026-09-26 14:51:21,839 | INFO | [t=2010] VLA chunk prompt=Place the butter into the open drawer.
2026-09-26 14:51:22,187 | INFO | [t=2020] VLA chunk prompt=Place the butter into the open drawer.
2026-09-26 14:51:22,541 | INFO | [t=2030] VLA chunk prompt=Place the butter into the open drawer.
2026-09-26 14:51:22,895 | INFO | [t=2040] VLA chunk prompt=Place the butter into the open drawer.
2026-09-26 14:51:23,250 | INFO | [t=2050] VLA chunk prompt=Place the butter into the open drawer.
2026-09-26 14:51:23,608 | INFO | [t=2060] VLA chunk prompt=Place the butter into the open drawer.
2026-09-26 14:51:23,969 | INFO | [t=2070] VLA chunk prompt=Place the butter into the open drawer.
2026-09-26 14:51:24,331 | INFO | [t=2080] VLA chunk prompt=Place the butter into the open drawer.
2026-09-26 14:51:24,695 | INFO | [t=2090] VLA chunk prompt=Place the butter into the open drawer.
2026-09-26 14:51:25,055 | INFO | [t=2100] VLA chunk prompt=Place the butter into the open drawer.
2026-09-26 14:51:25,419 | INFO | [t=2110] VLA chunk prompt=Place the butter into the open drawer.
2026-09-26 14:51:25,780 | INFO | [t=2120] VLA chunk prompt=Place the butter into the open drawer.
2026-09-26 14:51:26,159 | INFO | [t=2130] VLA chunk prompt=Place the butter into the open drawer.
2026-09-26 14:51:26,545 | INFO | [t=2140] VLA chunk prompt=Place the butter into the open drawer.
2026-09-26 14:51:26,931 | INFO | [t=2150] VLA chunk prompt=Place the butter into the open drawer.
2026-09-26 14:51:27,301 | INFO | [t=2160] VLA chunk prompt=Place the butter into the open drawer.
2026-09-26 14:51:27,664 | INFO | [t=2170] VLA chunk prompt=Place the butter into the open drawer.
2026-09-26 14:51:28,026 | INFO | [t=2180] VLA chunk prompt=Place the butter into the open drawer.
2026-09-26 14:51:28,390 | INFO | [t=2190] VLA chunk prompt=Place the butter into the open drawer.
2026-09-26 14:51:28,776 | INFO | [t=2200] VLA chunk prompt=Place the butter into the open drawer.
2026-09-26 14:51:29,168 | INFO | [t=2210] VLA chunk prompt=Place the butter into the open drawer.
2026-09-26 14:51:29,569 | INFO | [t=2220] VLA chunk prompt=Place the butter into the open drawer.
2026-09-26 14:51:29,972 | INFO | [t=2230] VLA chunk prompt=Place the butter into the open drawer.
2026-09-26 14:51:30,374 | INFO | [t=2240] VLA chunk prompt=Place the butter into the open drawer.
2026-09-26 14:51:30,780 | INFO | [t=2250] VLA chunk prompt=Place the butter into the open drawer.
2026-09-26 14:51:31,183 | INFO | [t=2260] VLA chunk prompt=Place the butter into the open drawer.
2026-09-26 14:51:31,587 | INFO | [t=2270] VLA chunk prompt=Place the butter into the open drawer.
2026-09-26 14:51:31,988 | INFO | [t=2280] VLA chunk prompt=Place the butter into the open drawer.
2026-09-26 14:51:32,399 | INFO | [t=2290] VLA chunk prompt=Place the butter into the open drawer.
2026-09-26 14:51:32,808 | INFO | [t=2300] VLA chunk prompt=Place the butter into the open drawer.
2026-09-26 14:51:32,916 | INFO | API VLM @t=1965 task=5 subtask=Reach for and pick up the butter from the tabletop. keyframes=[]
2026-09-26 14:51:33,161 | INFO | [t=2310] VLM prompt update from step=1965: Reach for and pick up the butter from the tabletop.
2026-09-26 14:51:33,211 | INFO | [t=2310] VLA chunk prompt=Reach for and pick up the butter from the tabletop.
2026-09-26 14:51:33,613 | INFO | [t=2320] VLA chunk prompt=Reach for and pick up the butter from the tabletop.
2026-09-26 14:51:34,004 | INFO | [t=2330] VLA chunk prompt=Reach for and pick up the butter from the tabletop.
2026-09-26 14:51:34,396 | INFO | [t=2340] VLA chunk prompt=Reach for and pick up the butter from the tabletop.
2026-09-26 14:51:34,777 | INFO | [t=2350] VLA chunk prompt=Reach for and pick up the butter from the tabletop.
2026-09-26 14:51:35,167 | INFO | [t=2360] VLA chunk prompt=Reach for and pick up the butter from the tabletop.
2026-09-26 14:51:35,550 | INFO | [t=2370] VLA chunk prompt=Reach for and pick up the butter from the tabletop.
2026-09-26 14:51:35,930 | INFO | [t=2380] VLA chunk prompt=Reach for and pick up the butter from the tabletop.
2026-09-26 14:51:36,313 | INFO | [t=2390] VLA chunk prompt=Reach for and pick up the butter from the tabletop.
2026-09-26 14:51:36,696 | INFO | [t=2400] VLA chunk prompt=Reach for and pick up the butter from the tabletop.
2026-09-26 14:51:37,079 | INFO | [t=2410] VLA chunk prompt=Reach for and pick up the butter from the tabletop.
2026-09-26 14:51:37,259 | INFO | API VLM @t=2290 task=5 subtask=open the drawer keyframes=[]
2026-09-26 14:51:37,413 | INFO | [t=2420] VLM prompt update from step=2290: open the drawer
2026-09-26 14:51:37,465 | INFO | [t=2420] VLA chunk prompt=open the drawer
2026-09-26 14:51:37,850 | INFO | [t=2430] VLA chunk prompt=open the drawer
2026-09-26 14:51:38,237 | INFO | [t=2440] VLA chunk prompt=open the drawer
2026-09-26 14:51:38,623 | INFO | [t=2450] VLA chunk prompt=open the drawer
2026-09-26 14:51:39,008 | INFO | [t=2460] VLA chunk prompt=open the drawer
2026-09-26 14:51:39,393 | INFO | [t=2470] VLA chunk prompt=open the drawer
2026-09-26 14:51:39,776 | INFO | [t=2480] VLA chunk prompt=open the drawer
2026-09-26 14:51:40,155 | INFO | [t=2490] VLA chunk prompt=open the drawer
2026-09-26 14:51:40,532 | INFO | [t=2500] VLA chunk prompt=open the drawer
2026-09-26 14:51:43,307 | INFO | API VLM @t=2405 task=5 subtask=Pull open the top drawer. keyframes=[]
2026-09-26 14:51:43,328 | INFO | attempt=0 stage_score=0.0 stage_success=False failure_reason=incomplete_stage
2026-09-26 14:51:43,328 | INFO | Episode 7 seed=107 stage_score=0.0 stage_success=0 goal=0.000 failure_reason=incomplete_stage | 01_Open_Top_Drawer=N | 02_Close_Top_Drawer=N | 03_Open_Middle_Drawer=N | 04_Close_Middle_Drawer=N | 05_Open_Bottom_Drawer=N | 06_Close_Bottom_Drawer=N | 07_Open_Middle_Drawer_Again=N | 08_Put_Butter_Middle_Drawer=N | 09_Close_Middle_Drawer_Final=N
