2026-09-26 20:00:19,997 | INFO | task_id=22 bddl=/project/peilab/why/RoboMemArena/bddl/22_pour_tomato_cookies_microwave.bddl vlm_ckpt=/project/peilab/why/RoboMemArena/checkpoints/PrediMem/vlm_tasks1to26_ckpt74500
2026-09-26 20:00:21,578 | INFO | async VLM enabled: single-slot subtask buffer
2026-09-26 20:00:21,809 | INFO | [t=10] VLA chunk prompt=Pour tomato sauce over cookies twice, then put the cookies into the microwave.
2026-09-26 20:00:22,053 | INFO | [t=20] VLA chunk prompt=Pour tomato sauce over cookies twice, then put the cookies into the microwave.
2026-09-26 20:00:22,294 | INFO | [t=30] VLA chunk prompt=Pour tomato sauce over cookies twice, then put the cookies into the microwave.
2026-09-26 20:00:22,533 | INFO | [t=40] VLA chunk prompt=Pour tomato sauce over cookies twice, then put the cookies into the microwave.
2026-09-26 20:00:22,765 | INFO | [t=50] VLA chunk prompt=Pour tomato sauce over cookies twice, then put the cookies into the microwave.
2026-09-26 20:00:22,996 | INFO | [t=60] VLA chunk prompt=Pour tomato sauce over cookies twice, then put the cookies into the microwave.
2026-09-26 20:00:23,229 | INFO | [t=70] VLA chunk prompt=Pour tomato sauce over cookies twice, then put the cookies into the microwave.
2026-09-26 20:00:23,469 | INFO | [t=80] VLA chunk prompt=Pour tomato sauce over cookies twice, then put the cookies into the microwave.
2026-09-26 20:00:23,716 | INFO | [t=90] VLA chunk prompt=Pour tomato sauce over cookies twice, then put the cookies into the microwave.
2026-09-26 20:00:23,959 | INFO | [t=100] VLA chunk prompt=Pour tomato sauce over cookies twice, then put the cookies into the microwave.
2026-09-26 20:00:24,196 | INFO | [t=110] VLA chunk prompt=Pour tomato sauce over cookies twice, then put the cookies into the microwave.
2026-09-26 20:00:24,432 | INFO | [t=120] VLA chunk prompt=Pour tomato sauce over cookies twice, then put the cookies into the microwave.
2026-09-26 20:00:24,676 | INFO | [t=130] VLA chunk prompt=Pour tomato sauce over cookies twice, then put the cookies into the microwave.
2026-09-26 20:00:24,950 | INFO | [t=140] VLA chunk prompt=Pour tomato sauce over cookies twice, then put the cookies into the microwave.
2026-09-26 20:00:25,227 | INFO | [t=150] VLA chunk prompt=Pour tomato sauce over cookies twice, then put the cookies into the microwave.
2026-09-26 20:00:25,512 | INFO | [t=160] VLA chunk prompt=Pour tomato sauce over cookies twice, then put the cookies into the microwave.
2026-09-26 20:00:25,801 | INFO | [t=170] VLA chunk prompt=Pour tomato sauce over cookies twice, then put the cookies into the microwave.
2026-09-26 20:00:26,099 | INFO | [t=180] VLA chunk prompt=Pour tomato sauce over cookies twice, then put the cookies into the microwave.
2026-09-26 20:00:26,376 | INFO | [t=190] VLA chunk prompt=Pour tomato sauce over cookies twice, then put the cookies into the microwave.
2026-09-26 20:00:26,645 | INFO | API VLM @t=0 task=22 subtask=Reach for and grasp the tomato sauce bottle keyframes=[]
2026-09-26 20:00:26,653 | INFO | [t=200] VLA chunk prompt=Pour tomato sauce over cookies twice, then put the cookies into the microwave.
2026-09-26 20:00:26,885 | INFO | [t=210] VLM prompt update from step=0: Reach for and grasp the tomato sauce bottle
2026-09-26 20:00:26,935 | INFO | [t=210] VLA chunk prompt=Reach for and grasp the tomato sauce bottle
2026-09-26 20:00:27,218 | INFO | [t=220] VLA chunk prompt=Reach for and grasp the tomato sauce bottle
2026-09-26 20:00:27,500 | INFO | [t=230] VLA chunk prompt=Reach for and grasp the tomato sauce bottle
2026-09-26 20:00:27,784 | INFO | [t=240] VLA chunk prompt=Reach for and grasp the tomato sauce bottle
2026-09-26 20:00:28,073 | INFO | [t=250] VLA chunk prompt=Reach for and grasp the tomato sauce bottle
2026-09-26 20:00:28,367 | INFO | [t=260] VLA chunk prompt=Reach for and grasp the tomato sauce bottle
2026-09-26 20:00:28,668 | INFO | [t=270] VLA chunk prompt=Reach for and grasp the tomato sauce bottle
2026-09-26 20:00:28,974 | INFO | [t=280] VLA chunk prompt=Reach for and grasp the tomato sauce bottle
2026-09-26 20:00:29,284 | INFO | [t=290] VLA chunk prompt=Reach for and grasp the tomato sauce bottle
2026-09-26 20:00:29,595 | INFO | [t=300] VLA chunk prompt=Reach for and grasp the tomato sauce bottle
2026-09-26 20:00:29,906 | INFO | [t=310] VLA chunk prompt=Reach for and grasp the tomato sauce bottle
2026-09-26 20:00:30,212 | INFO | [t=320] VLA chunk prompt=Reach for and grasp the tomato sauce bottle
2026-09-26 20:00:30,522 | INFO | [t=330] VLA chunk prompt=Reach for and grasp the tomato sauce bottle
2026-09-26 20:00:30,845 | INFO | [t=340] VLA chunk prompt=Reach for and grasp the tomato sauce bottle
2026-09-26 20:00:31,170 | INFO | [t=350] VLA chunk prompt=Reach for and grasp the tomato sauce bottle
2026-09-26 20:00:31,494 | INFO | [t=360] VLA chunk prompt=Reach for and grasp the tomato sauce bottle
2026-09-26 20:00:31,817 | INFO | [t=370] VLA chunk prompt=Reach for and grasp the tomato sauce bottle
2026-09-26 20:00:32,141 | INFO | [t=380] VLA chunk prompt=Reach for and grasp the tomato sauce bottle
2026-09-26 20:00:32,467 | INFO | [t=390] VLA chunk prompt=Reach for and grasp the tomato sauce bottle
2026-09-26 20:00:32,787 | INFO | [t=400] VLA chunk prompt=Reach for and grasp the tomato sauce bottle
2026-09-26 20:00:33,111 | INFO | [t=410] VLA chunk prompt=Reach for and grasp the tomato sauce bottle
2026-09-26 20:00:33,435 | INFO | [t=420] VLA chunk prompt=Reach for and grasp the tomato sauce bottle
2026-09-26 20:00:33,758 | INFO | [t=430] VLA chunk prompt=Reach for and grasp the tomato sauce bottle
2026-09-26 20:00:34,083 | INFO | [t=440] VLA chunk prompt=Reach for and grasp the tomato sauce bottle
2026-09-26 20:00:34,413 | INFO | [t=450] VLA chunk prompt=Reach for and grasp the tomato sauce bottle
2026-09-26 20:00:34,441 | INFO | API VLM @t=190 task=22 subtask=Pour tomato sauce over the cookies keyframes=[]
2026-09-26 20:00:34,692 | INFO | [t=460] VLM prompt update from step=190: Pour tomato sauce over the cookies
2026-09-26 20:00:34,742 | INFO | [t=460] VLA chunk prompt=Pour tomato sauce over the cookies
2026-09-26 20:00:35,067 | INFO | [t=470] VLA chunk prompt=Pour tomato sauce over the cookies
2026-09-26 20:00:35,391 | INFO | [t=480] VLA chunk prompt=Pour tomato sauce over the cookies
2026-09-26 20:00:35,712 | INFO | [t=490] VLA chunk prompt=Pour tomato sauce over the cookies
2026-09-26 20:00:36,039 | INFO | [t=500] VLA chunk prompt=Pour tomato sauce over the cookies
2026-09-26 20:00:36,363 | INFO | [t=510] VLA chunk prompt=Pour tomato sauce over the cookies
2026-09-26 20:00:36,688 | INFO | [t=520] VLA chunk prompt=Pour tomato sauce over the cookies
2026-09-26 20:00:37,011 | INFO | [t=530] VLA chunk prompt=Pour tomato sauce over the cookies
2026-09-26 20:00:37,334 | INFO | [t=540] VLA chunk prompt=Pour tomato sauce over the cookies
2026-09-26 20:00:37,658 | INFO | [t=550] VLA chunk prompt=Pour tomato sauce over the cookies
2026-09-26 20:00:37,982 | INFO | [t=560] VLA chunk prompt=Pour tomato sauce over the cookies
2026-09-26 20:00:38,304 | INFO | [t=570] VLA chunk prompt=Pour tomato sauce over the cookies
2026-09-26 20:00:38,629 | INFO | [t=580] VLA chunk prompt=Pour tomato sauce over the cookies
2026-09-26 20:00:38,955 | INFO | [t=590] VLA chunk prompt=Pour tomato sauce over the cookies
2026-09-26 20:00:39,279 | INFO | [t=600] VLA chunk prompt=Pour tomato sauce over the cookies
2026-09-26 20:00:39,602 | INFO | [t=610] VLA chunk prompt=Pour tomato sauce over the cookies
2026-09-26 20:00:39,924 | INFO | [t=620] VLA chunk prompt=Pour tomato sauce over the cookies
2026-09-26 20:00:39,959 | INFO | API VLM @t=440 task=22 subtask=open the microwave keyframes=[]
2026-09-26 20:00:40,197 | INFO | [t=630] VLM prompt update from step=440: open the microwave
2026-09-26 20:00:40,247 | INFO | [t=630] VLA chunk prompt=open the microwave
2026-09-26 20:00:40,566 | INFO | [t=640] VLA chunk prompt=open the microwave
2026-09-26 20:00:40,885 | INFO | [t=650] VLA chunk prompt=open the microwave
2026-09-26 20:00:41,205 | INFO | [t=660] VLA chunk prompt=open the microwave
2026-09-26 20:00:41,527 | INFO | [t=670] VLA chunk prompt=open the microwave
2026-09-26 20:00:41,844 | INFO | [t=680] VLA chunk prompt=open the microwave
2026-09-26 20:00:42,164 | INFO | [t=690] VLA chunk prompt=open the microwave
2026-09-26 20:00:42,478 | INFO | [t=700] VLA chunk prompt=open the microwave
2026-09-26 20:00:42,794 | INFO | [t=710] VLA chunk prompt=open the microwave
2026-09-26 20:00:43,112 | INFO | [t=720] VLA chunk prompt=open the microwave
2026-09-26 20:00:43,429 | INFO | [t=730] VLA chunk prompt=open the microwave
2026-09-26 20:00:43,752 | INFO | [t=740] VLA chunk prompt=open the microwave
2026-09-26 20:00:44,081 | INFO | [t=750] VLA chunk prompt=open the microwave
2026-09-26 20:00:44,424 | INFO | [t=760] VLA chunk prompt=open the microwave
2026-09-26 20:00:44,750 | INFO | [t=770] VLA chunk prompt=open the microwave
2026-09-26 20:00:45,071 | INFO | [t=780] VLA chunk prompt=open the microwave
2026-09-26 20:00:45,390 | INFO | [t=790] VLA chunk prompt=open the microwave
2026-09-26 20:00:45,527 | INFO | API VLM @t=610 task=22 subtask=Open the microwave door keyframes=[]
2026-09-26 20:00:45,664 | INFO | [t=800] VLM prompt update from step=610: Open the microwave door
2026-09-26 20:00:45,714 | INFO | [t=800] VLA chunk prompt=Open the microwave door
2026-09-26 20:00:46,034 | INFO | [t=810] VLA chunk prompt=Open the microwave door
2026-09-26 20:00:46,354 | INFO | [t=820] VLA chunk prompt=Open the microwave door
2026-09-26 20:00:46,671 | INFO | [t=830] VLA chunk prompt=Open the microwave door
2026-09-26 20:00:46,988 | INFO | [t=840] VLA chunk prompt=Open the microwave door
2026-09-26 20:00:47,304 | INFO | [t=850] VLA chunk prompt=Open the microwave door
2026-09-26 20:00:47,618 | INFO | [t=860] VLA chunk prompt=Open the microwave door
2026-09-26 20:00:47,933 | INFO | [t=870] VLA chunk prompt=Open the microwave door
2026-09-26 20:00:48,251 | INFO | [t=880] VLA chunk prompt=Open the microwave door
2026-09-26 20:00:48,570 | INFO | [t=890] VLA chunk prompt=Open the microwave door
2026-09-26 20:00:48,888 | INFO | [t=900] VLA chunk prompt=Open the microwave door
2026-09-26 20:00:49,206 | INFO | [t=910] VLA chunk prompt=Open the microwave door
2026-09-26 20:00:49,525 | INFO | [t=920] VLA chunk prompt=Open the microwave door
2026-09-26 20:00:49,846 | INFO | [t=930] VLA chunk prompt=Open the microwave door
2026-09-26 20:00:50,165 | INFO | [t=940] VLA chunk prompt=Open the microwave door
2026-09-26 20:00:50,485 | INFO | [t=950] VLA chunk prompt=Open the microwave door
2026-09-26 20:00:50,804 | INFO | [t=960] VLA chunk prompt=Open the microwave door
2026-09-26 20:00:50,916 | INFO | API VLM @t=785 task=22 subtask=open the microwave keyframes=[]
2026-09-26 20:00:51,078 | INFO | [t=970] VLM prompt update from step=785: open the microwave
2026-09-26 20:00:51,127 | INFO | [t=970] VLA chunk prompt=open the microwave
2026-09-26 20:00:51,447 | INFO | [t=980] VLA chunk prompt=open the microwave
2026-09-26 20:00:51,766 | INFO | [t=990] VLA chunk prompt=open the microwave
2026-09-26 20:00:52,084 | INFO | [t=1000] VLA chunk prompt=open the microwave
2026-09-26 20:00:52,402 | INFO | [t=1010] VLA chunk prompt=open the microwave
2026-09-26 20:00:52,719 | INFO | [t=1020] VLA chunk prompt=open the microwave
2026-09-26 20:00:53,037 | INFO | [t=1030] VLA chunk prompt=open the microwave
2026-09-26 20:00:53,354 | INFO | [t=1040] VLA chunk prompt=open the microwave
2026-09-26 20:00:53,671 | INFO | [t=1050] VLA chunk prompt=open the microwave
2026-09-26 20:00:53,990 | INFO | [t=1060] VLA chunk prompt=open the microwave
2026-09-26 20:00:54,306 | INFO | [t=1070] VLA chunk prompt=open the microwave
2026-09-26 20:00:54,624 | INFO | [t=1080] VLA chunk prompt=open the microwave
2026-09-26 20:00:54,943 | INFO | [t=1090] VLA chunk prompt=open the microwave
2026-09-26 20:00:55,261 | INFO | [t=1100] VLA chunk prompt=open the microwave
2026-09-26 20:00:55,580 | INFO | [t=1110] VLA chunk prompt=open the microwave
2026-09-26 20:00:55,898 | INFO | [t=1120] VLA chunk prompt=open the microwave
2026-09-26 20:00:56,215 | INFO | [t=1130] VLA chunk prompt=open the microwave
2026-09-26 20:00:56,533 | INFO | [t=1140] VLA chunk prompt=open the microwave
2026-09-26 20:00:56,851 | INFO | [t=1150] VLA chunk prompt=open the microwave
2026-09-26 20:00:57,088 | INFO | API VLM @t=950 task=22 subtask=open the microwave door keyframes=[]
2026-09-26 20:00:57,120 | INFO | [t=1160] VLM prompt update from step=950: open the microwave door
2026-09-26 20:00:57,170 | INFO | [t=1160] VLA chunk prompt=open the microwave door
2026-09-26 20:00:57,488 | INFO | [t=1170] VLA chunk prompt=open the microwave door
2026-09-26 20:00:57,806 | INFO | [t=1180] VLA chunk prompt=open the microwave door
2026-09-26 20:00:58,125 | INFO | [t=1190] VLA chunk prompt=open the microwave door
2026-09-26 20:00:58,443 | INFO | [t=1200] VLA chunk prompt=open the microwave door
2026-09-26 20:00:58,764 | INFO | [t=1210] VLA chunk prompt=open the microwave door
2026-09-26 20:00:59,084 | INFO | [t=1220] VLA chunk prompt=open the microwave door
2026-09-26 20:00:59,407 | INFO | [t=1230] VLA chunk prompt=open the microwave door
2026-09-26 20:00:59,728 | INFO | [t=1240] VLA chunk prompt=open the microwave door
2026-09-26 20:01:00,049 | INFO | [t=1250] VLA chunk prompt=open the microwave door
2026-09-26 20:01:00,371 | INFO | [t=1260] VLA chunk prompt=open the microwave door
2026-09-26 20:01:00,696 | INFO | [t=1270] VLA chunk prompt=open the microwave door
2026-09-26 20:01:01,019 | INFO | [t=1280] VLA chunk prompt=open the microwave door
2026-09-26 20:01:01,340 | INFO | [t=1290] VLA chunk prompt=open the microwave door
2026-09-26 20:01:01,659 | INFO | [t=1300] VLA chunk prompt=open the microwave door
2026-09-26 20:01:01,979 | INFO | [t=1310] VLA chunk prompt=open the microwave door
2026-09-26 20:01:02,296 | INFO | [t=1320] VLA chunk prompt=open the microwave door
2026-09-26 20:01:02,612 | INFO | [t=1330] VLA chunk prompt=open the microwave door
2026-09-26 20:01:02,930 | INFO | [t=1340] VLA chunk prompt=open the microwave door
2026-09-26 20:01:03,247 | INFO | [t=1350] VLA chunk prompt=open the microwave door
2026-09-26 20:01:03,566 | INFO | [t=1360] VLA chunk prompt=open the microwave door
2026-09-26 20:01:03,882 | INFO | [t=1370] VLA chunk prompt=open the microwave door
2026-09-26 20:01:04,199 | INFO | [t=1380] VLA chunk prompt=open the microwave door
2026-09-26 20:01:04,395 | INFO | API VLM @t=1145 task=22 subtask=open the microwave keyframes=[]
2026-09-26 20:01:04,471 | INFO | [t=1390] VLM prompt update from step=1145: open the microwave
2026-09-26 20:01:04,522 | INFO | [t=1390] VLA chunk prompt=open the microwave
2026-09-26 20:01:04,831 | INFO | [t=1400] VLA chunk prompt=open the microwave
2026-09-26 20:01:05,140 | INFO | [t=1410] VLA chunk prompt=open the microwave
2026-09-26 20:01:05,448 | INFO | [t=1420] VLA chunk prompt=open the microwave
2026-09-26 20:01:05,760 | INFO | [t=1430] VLA chunk prompt=open the microwave
2026-09-26 20:01:06,076 | INFO | [t=1440] VLA chunk prompt=open the microwave
2026-09-26 20:01:06,389 | INFO | [t=1450] VLA chunk prompt=open the microwave
2026-09-26 20:01:06,705 | INFO | [t=1460] VLA chunk prompt=open the microwave
2026-09-26 20:01:07,020 | INFO | [t=1470] VLA chunk prompt=open the microwave
2026-09-26 20:01:07,332 | INFO | [t=1480] VLA chunk prompt=open the microwave
2026-09-26 20:01:07,643 | INFO | [t=1490] VLA chunk prompt=open the microwave
2026-09-26 20:01:07,954 | INFO | [t=1500] VLA chunk prompt=open the microwave
2026-09-26 20:01:08,263 | INFO | [t=1510] VLA chunk prompt=open the microwave
2026-09-26 20:01:08,572 | INFO | [t=1520] VLA chunk prompt=open the microwave
2026-09-26 20:01:08,882 | INFO | [t=1530] VLA chunk prompt=open the microwave
2026-09-26 20:01:09,193 | INFO | [t=1540] VLA chunk prompt=open the microwave
2026-09-26 20:01:09,323 | INFO | API VLM @t=1375 task=22 subtask=open the microwave door keyframes=[]
2026-09-26 20:01:09,456 | INFO | [t=1550] VLM prompt update from step=1375: open the microwave door
2026-09-26 20:01:09,506 | INFO | [t=1550] VLA chunk prompt=open the microwave door
2026-09-26 20:01:09,818 | INFO | [t=1560] VLA chunk prompt=open the microwave door
2026-09-26 20:01:10,131 | INFO | [t=1570] VLA chunk prompt=open the microwave door
2026-09-26 20:01:10,441 | INFO | [t=1580] VLA chunk prompt=open the microwave door
2026-09-26 20:01:10,756 | INFO | [t=1590] VLA chunk prompt=open the microwave door
2026-09-26 20:01:11,077 | INFO | [t=1600] VLA chunk prompt=open the microwave door
2026-09-26 20:01:11,395 | INFO | [t=1610] VLA chunk prompt=open the microwave door
2026-09-26 20:01:11,711 | INFO | [t=1620] VLA chunk prompt=open the microwave door
2026-09-26 20:01:12,025 | INFO | [t=1630] VLA chunk prompt=open the microwave door
2026-09-26 20:01:12,337 | INFO | [t=1640] VLA chunk prompt=open the microwave door
2026-09-26 20:01:12,650 | INFO | [t=1650] VLA chunk prompt=open the microwave door
2026-09-26 20:01:12,965 | INFO | [t=1660] VLA chunk prompt=open the microwave door
2026-09-26 20:01:13,279 | INFO | [t=1670] VLA chunk prompt=open the microwave door
2026-09-26 20:01:13,592 | INFO | [t=1680] VLA chunk prompt=open the microwave door
2026-09-26 20:01:13,904 | INFO | [t=1690] VLA chunk prompt=open the microwave door
2026-09-26 20:01:14,216 | INFO | [t=1700] VLA chunk prompt=open the microwave door
2026-09-26 20:01:14,529 | INFO | [t=1710] VLA chunk prompt=open the microwave door
2026-09-26 20:01:14,861 | INFO | [t=1720] VLA chunk prompt=open the microwave door
2026-09-26 20:01:15,181 | INFO | [t=1730] VLA chunk prompt=open the microwave door
2026-09-26 20:01:15,491 | INFO | [t=1740] VLA chunk prompt=open the microwave door
2026-09-26 20:01:15,729 | INFO | API VLM @t=1530 task=22 subtask=open the microwave keyframes=[]
2026-09-26 20:01:15,754 | INFO | [t=1750] VLM prompt update from step=1530: open the microwave
2026-09-26 20:01:15,804 | INFO | [t=1750] VLA chunk prompt=open the microwave
2026-09-26 20:01:16,114 | INFO | [t=1760] VLA chunk prompt=open the microwave
2026-09-26 20:01:16,424 | INFO | [t=1770] VLA chunk prompt=open the microwave
2026-09-26 20:01:16,736 | INFO | [t=1780] VLA chunk prompt=open the microwave
2026-09-26 20:01:17,044 | INFO | [t=1790] VLA chunk prompt=open the microwave
2026-09-26 20:01:17,350 | INFO | [t=1800] VLA chunk prompt=open the microwave
2026-09-26 20:01:17,658 | INFO | [t=1810] VLA chunk prompt=open the microwave
2026-09-26 20:01:17,975 | INFO | [t=1820] VLA chunk prompt=open the microwave
2026-09-26 20:01:18,290 | INFO | [t=1830] VLA chunk prompt=open the microwave
2026-09-26 20:01:18,599 | INFO | [t=1840] VLA chunk prompt=open the microwave
2026-09-26 20:01:18,903 | INFO | [t=1850] VLA chunk prompt=open the microwave
2026-09-26 20:01:19,207 | INFO | [t=1860] VLA chunk prompt=open the microwave
2026-09-26 20:01:19,516 | INFO | [t=1870] VLA chunk prompt=open the microwave
2026-09-26 20:01:19,825 | INFO | [t=1880] VLA chunk prompt=open the microwave
2026-09-26 20:01:20,153 | INFO | [t=1890] VLA chunk prompt=open the microwave
2026-09-26 20:01:20,480 | INFO | [t=1900] VLA chunk prompt=open the microwave
2026-09-26 20:01:20,803 | INFO | [t=1910] VLA chunk prompt=open the microwave
2026-09-26 20:01:21,124 | INFO | [t=1920] VLA chunk prompt=open the microwave
2026-09-26 20:01:21,445 | INFO | [t=1930] VLA chunk prompt=open the microwave
2026-09-26 20:01:21,590 | INFO | API VLM @t=1735 task=22 subtask=open the microwave door keyframes=[]
2026-09-26 20:01:21,712 | INFO | [t=1940] VLM prompt update from step=1735: open the microwave door
2026-09-26 20:01:21,763 | INFO | [t=1940] VLA chunk prompt=open the microwave door
2026-09-26 20:01:22,086 | INFO | [t=1950] VLA chunk prompt=open the microwave door
2026-09-26 20:01:22,400 | INFO | [t=1960] VLA chunk prompt=open the microwave door
2026-09-26 20:01:22,710 | INFO | [t=1970] VLA chunk prompt=open the microwave door
2026-09-26 20:01:23,018 | INFO | [t=1980] VLA chunk prompt=open the microwave door
2026-09-26 20:01:23,325 | INFO | [t=1990] VLA chunk prompt=open the microwave door
2026-09-26 20:01:23,632 | INFO | [t=2000] VLA chunk prompt=open the microwave door
2026-09-26 20:01:23,940 | INFO | [t=2010] VLA chunk prompt=open the microwave door
2026-09-26 20:01:24,249 | INFO | [t=2020] VLA chunk prompt=open the microwave door
2026-09-26 20:01:24,559 | INFO | [t=2030] VLA chunk prompt=open the microwave door
2026-09-26 20:01:24,868 | INFO | [t=2040] VLA chunk prompt=open the microwave door
2026-09-26 20:01:25,175 | INFO | [t=2050] VLA chunk prompt=open the microwave door
2026-09-26 20:01:25,481 | INFO | [t=2060] VLA chunk prompt=open the microwave door
2026-09-26 20:01:25,786 | INFO | [t=2070] VLA chunk prompt=open the microwave door
2026-09-26 20:01:26,092 | INFO | [t=2080] VLA chunk prompt=open the microwave door
2026-09-26 20:01:26,400 | INFO | [t=2090] VLA chunk prompt=open the microwave door
2026-09-26 20:01:26,705 | INFO | [t=2100] VLA chunk prompt=open the microwave door
2026-09-26 20:01:27,000 | INFO | [t=2110] VLA chunk prompt=open the microwave door
2026-09-26 20:01:27,291 | INFO | [t=2120] VLA chunk prompt=open the microwave door
2026-09-26 20:01:27,580 | INFO | [t=2130] VLA chunk prompt=open the microwave door
2026-09-26 20:01:27,871 | INFO | [t=2140] VLA chunk prompt=open the microwave door
2026-09-26 20:01:28,162 | INFO | [t=2150] VLA chunk prompt=open the microwave door
2026-09-26 20:01:28,452 | INFO | [t=2160] VLA chunk prompt=open the microwave door
2026-09-26 20:01:28,742 | INFO | [t=2170] VLA chunk prompt=open the microwave door
2026-09-26 20:01:29,034 | INFO | [t=2180] VLA chunk prompt=open the microwave door
2026-09-26 20:01:29,327 | INFO | [t=2190] VLA chunk prompt=open the microwave door
2026-09-26 20:01:29,619 | INFO | [t=2200] VLA chunk prompt=open the microwave door
2026-09-26 20:01:29,915 | INFO | [t=2210] VLA chunk prompt=open the microwave door
2026-09-26 20:01:30,084 | INFO | API VLM @t=1925 task=22 subtask=Open the microwave keyframes=[]
2026-09-26 20:01:30,164 | INFO | [t=2220] VLM prompt update from step=1925: Open the microwave
2026-09-26 20:01:30,213 | INFO | [t=2220] VLA chunk prompt=Open the microwave
2026-09-26 20:01:30,512 | INFO | [t=2230] VLA chunk prompt=Open the microwave
2026-09-26 20:01:30,815 | INFO | [t=2240] VLA chunk prompt=Open the microwave
2026-09-26 20:01:31,117 | INFO | [t=2250] VLA chunk prompt=Open the microwave
2026-09-26 20:01:31,414 | INFO | [t=2260] VLA chunk prompt=Open the microwave
2026-09-26 20:01:31,712 | INFO | [t=2270] VLA chunk prompt=Open the microwave
2026-09-26 20:01:32,010 | INFO | [t=2280] VLA chunk prompt=Open the microwave
2026-09-26 20:01:32,308 | INFO | [t=2290] VLA chunk prompt=Open the microwave
2026-09-26 20:01:32,602 | INFO | [t=2300] VLA chunk prompt=Open the microwave
2026-09-26 20:01:32,895 | INFO | [t=2310] VLA chunk prompt=Open the microwave
2026-09-26 20:01:33,194 | INFO | [t=2320] VLA chunk prompt=Open the microwave
2026-09-26 20:01:33,489 | INFO | [t=2330] VLA chunk prompt=Open the microwave
2026-09-26 20:01:33,782 | INFO | [t=2340] VLA chunk prompt=Open the microwave
2026-09-26 20:01:34,078 | INFO | [t=2350] VLA chunk prompt=Open the microwave
2026-09-26 20:01:34,373 | INFO | [t=2360] VLA chunk prompt=Open the microwave
2026-09-26 20:01:34,676 | INFO | [t=2370] VLA chunk prompt=Open the microwave
2026-09-26 20:01:34,972 | INFO | [t=2380] VLA chunk prompt=Open the microwave
2026-09-26 20:01:35,266 | INFO | [t=2390] VLA chunk prompt=Open the microwave
2026-09-26 20:01:35,561 | INFO | [t=2400] VLA chunk prompt=Open the microwave
2026-09-26 20:01:35,858 | INFO | [t=2410] VLA chunk prompt=Open the microwave
2026-09-26 20:01:36,156 | INFO | [t=2420] VLA chunk prompt=Open the microwave
2026-09-26 20:01:36,455 | INFO | [t=2430] VLA chunk prompt=Open the microwave
2026-09-26 20:01:36,753 | INFO | [t=2440] VLA chunk prompt=Open the microwave
2026-09-26 20:01:37,059 | INFO | [t=2450] VLA chunk prompt=Open the microwave
2026-09-26 20:01:37,353 | INFO | API VLM @t=2205 task=22 subtask=Pour tomato sauce over the cookies for the second time. keyframes=[]
2026-09-26 20:01:37,366 | INFO | [t=2460] VLA chunk prompt=Open the microwave
2026-09-26 20:01:37,623 | INFO | [t=2470] VLM prompt update from step=2205: Pour tomato sauce over the cookies for the second time.
2026-09-26 20:01:37,672 | INFO | [t=2470] VLA chunk prompt=Pour tomato sauce over the cookies for the second time.
2026-09-26 20:01:37,979 | INFO | [t=2480] VLA chunk prompt=Pour tomato sauce over the cookies for the second time.
2026-09-26 20:01:38,290 | INFO | [t=2490] VLA chunk prompt=Pour tomato sauce over the cookies for the second time.
2026-09-26 20:01:38,603 | INFO | [t=2500] VLA chunk prompt=Pour tomato sauce over the cookies for the second time.
2026-09-26 20:01:41,890 | INFO | attempt=0 stage_score=0.0 stage_success=False failure_reason=incomplete_stage
2026-09-26 20:01:41,890 | INFO | Episode 2 seed=102 stage_score=0.0 stage_success=0 goal=0.000 failure_reason=incomplete_stage | 01_Lift_Tomato_Sauce=N | 02_Pour_One=N | 03_Pour_Two=N
