2026-09-26 20:06:17,053 | INFO | task_id=8 bddl=/project/peilab/why/RoboMemArena/bddl/8_pick_chocolate_in_frypan_pour_tomato_sauce_twice.bddl vlm_ckpt=/project/peilab/why/RoboMemArena/checkpoints/PrediMem/vlm_tasks1to26_ckpt74500
2026-09-26 20:06:18,712 | INFO | async VLM enabled: single-slot subtask buffer
2026-09-26 20:06:18,947 | INFO | [t=10] VLA chunk prompt=Pick and place chocolate into the frypan, pour tomato sauce over it twice, then place the sauce bottle into the bowl drainer.
2026-09-26 20:06:19,189 | INFO | [t=20] VLA chunk prompt=Pick and place chocolate into the frypan, pour tomato sauce over it twice, then place the sauce bottle into the bowl drainer.
2026-09-26 20:06:19,430 | INFO | [t=30] VLA chunk prompt=Pick and place chocolate into the frypan, pour tomato sauce over it twice, then place the sauce bottle into the bowl drainer.
2026-09-26 20:06:19,670 | INFO | [t=40] VLA chunk prompt=Pick and place chocolate into the frypan, pour tomato sauce over it twice, then place the sauce bottle into the bowl drainer.
2026-09-26 20:06:19,911 | INFO | [t=50] VLA chunk prompt=Pick and place chocolate into the frypan, pour tomato sauce over it twice, then place the sauce bottle into the bowl drainer.
2026-09-26 20:06:20,151 | INFO | [t=60] VLA chunk prompt=Pick and place chocolate into the frypan, pour tomato sauce over it twice, then place the sauce bottle into the bowl drainer.
2026-09-26 20:06:20,392 | INFO | [t=70] VLA chunk prompt=Pick and place chocolate into the frypan, pour tomato sauce over it twice, then place the sauce bottle into the bowl drainer.
2026-09-26 20:06:20,632 | INFO | [t=80] VLA chunk prompt=Pick and place chocolate into the frypan, pour tomato sauce over it twice, then place the sauce bottle into the bowl drainer.
2026-09-26 20:06:20,872 | INFO | [t=90] VLA chunk prompt=Pick and place chocolate into the frypan, pour tomato sauce over it twice, then place the sauce bottle into the bowl drainer.
2026-09-26 20:06:21,111 | INFO | [t=100] VLA chunk prompt=Pick and place chocolate into the frypan, pour tomato sauce over it twice, then place the sauce bottle into the bowl drainer.
2026-09-26 20:06:21,359 | INFO | [t=110] VLA chunk prompt=Pick and place chocolate into the frypan, pour tomato sauce over it twice, then place the sauce bottle into the bowl drainer.
2026-09-26 20:06:21,600 | INFO | [t=120] VLA chunk prompt=Pick and place chocolate into the frypan, pour tomato sauce over it twice, then place the sauce bottle into the bowl drainer.
2026-09-26 20:06:21,841 | INFO | [t=130] VLA chunk prompt=Pick and place chocolate into the frypan, pour tomato sauce over it twice, then place the sauce bottle into the bowl drainer.
2026-09-26 20:06:22,088 | INFO | [t=140] VLA chunk prompt=Pick and place chocolate into the frypan, pour tomato sauce over it twice, then place the sauce bottle into the bowl drainer.
2026-09-26 20:06:22,361 | INFO | [t=150] VLA chunk prompt=Pick and place chocolate into the frypan, pour tomato sauce over it twice, then place the sauce bottle into the bowl drainer.
2026-09-26 20:06:22,637 | INFO | [t=160] VLA chunk prompt=Pick and place chocolate into the frypan, pour tomato sauce over it twice, then place the sauce bottle into the bowl drainer.
2026-09-26 20:06:22,916 | INFO | [t=170] VLA chunk prompt=Pick and place chocolate into the frypan, pour tomato sauce over it twice, then place the sauce bottle into the bowl drainer.
2026-09-26 20:06:23,198 | INFO | [t=180] VLA chunk prompt=Pick and place chocolate into the frypan, pour tomato sauce over it twice, then place the sauce bottle into the bowl drainer.
2026-09-26 20:06:23,484 | INFO | [t=190] VLA chunk prompt=Pick and place chocolate into the frypan, pour tomato sauce over it twice, then place the sauce bottle into the bowl drainer.
2026-09-26 20:06:23,773 | INFO | [t=200] VLA chunk prompt=Pick and place chocolate into the frypan, pour tomato sauce over it twice, then place the sauce bottle into the bowl drainer.
2026-09-26 20:06:24,068 | INFO | [t=210] VLA chunk prompt=Pick and place chocolate into the frypan, pour tomato sauce over it twice, then place the sauce bottle into the bowl drainer.
2026-09-26 20:06:24,364 | INFO | [t=220] VLA chunk prompt=Pick and place chocolate into the frypan, pour tomato sauce over it twice, then place the sauce bottle into the bowl drainer.
2026-09-26 20:06:24,666 | INFO | [t=230] VLA chunk prompt=Pick and place chocolate into the frypan, pour tomato sauce over it twice, then place the sauce bottle into the bowl drainer.
2026-09-26 20:06:24,971 | INFO | [t=240] VLA chunk prompt=Pick and place chocolate into the frypan, pour tomato sauce over it twice, then place the sauce bottle into the bowl drainer.
2026-09-26 20:06:25,280 | INFO | [t=250] VLA chunk prompt=Pick and place chocolate into the frypan, pour tomato sauce over it twice, then place the sauce bottle into the bowl drainer.
2026-09-26 20:06:25,589 | INFO | [t=260] VLA chunk prompt=Pick and place chocolate into the frypan, pour tomato sauce over it twice, then place the sauce bottle into the bowl drainer.
2026-09-26 20:06:25,904 | INFO | [t=270] VLA chunk prompt=Pick and place chocolate into the frypan, pour tomato sauce over it twice, then place the sauce bottle into the bowl drainer.
2026-09-26 20:06:26,220 | INFO | [t=280] VLA chunk prompt=Pick and place chocolate into the frypan, pour tomato sauce over it twice, then place the sauce bottle into the bowl drainer.
2026-09-26 20:06:26,538 | INFO | [t=290] VLA chunk prompt=Pick and place chocolate into the frypan, pour tomato sauce over it twice, then place the sauce bottle into the bowl drainer.
2026-09-26 20:06:26,563 | INFO | API VLM @t=0 task=8 subtask=pick up the chocolate and place it in the frypan keyframes=[]
2026-09-26 20:06:26,814 | INFO | [t=300] VLM prompt update from step=0: pick up the chocolate and place it in the frypan
2026-09-26 20:06:26,864 | INFO | [t=300] VLA chunk prompt=pick up the chocolate and place it in the frypan
2026-09-26 20:06:27,188 | INFO | [t=310] VLA chunk prompt=pick up the chocolate and place it in the frypan
2026-09-26 20:06:27,514 | INFO | [t=320] VLA chunk prompt=pick up the chocolate and place it in the frypan
2026-09-26 20:06:27,840 | INFO | [t=330] VLA chunk prompt=pick up the chocolate and place it in the frypan
2026-09-26 20:06:28,166 | INFO | [t=340] VLA chunk prompt=pick up the chocolate and place it in the frypan
2026-09-26 20:06:28,492 | INFO | [t=350] VLA chunk prompt=pick up the chocolate and place it in the frypan
2026-09-26 20:06:28,818 | INFO | [t=360] VLA chunk prompt=pick up the chocolate and place it in the frypan
2026-09-26 20:06:29,144 | INFO | [t=370] VLA chunk prompt=pick up the chocolate and place it in the frypan
2026-09-26 20:06:29,472 | INFO | [t=380] VLA chunk prompt=pick up the chocolate and place it in the frypan
2026-09-26 20:06:29,799 | INFO | [t=390] VLA chunk prompt=pick up the chocolate and place it in the frypan
2026-09-26 20:06:30,126 | INFO | [t=400] VLA chunk prompt=pick up the chocolate and place it in the frypan
2026-09-26 20:06:30,454 | INFO | [t=410] VLA chunk prompt=pick up the chocolate and place it in the frypan
2026-09-26 20:06:30,782 | INFO | [t=420] VLA chunk prompt=pick up the chocolate and place it in the frypan
2026-09-26 20:06:31,112 | INFO | [t=430] VLA chunk prompt=pick up the chocolate and place it in the frypan
2026-09-26 20:06:31,443 | INFO | [t=440] VLA chunk prompt=pick up the chocolate and place it in the frypan
2026-09-26 20:06:31,771 | INFO | [t=450] VLA chunk prompt=pick up the chocolate and place it in the frypan
2026-09-26 20:06:32,099 | INFO | [t=460] VLA chunk prompt=pick up the chocolate and place it in the frypan
2026-09-26 20:06:32,427 | INFO | [t=470] VLA chunk prompt=pick up the chocolate and place it in the frypan
2026-09-26 20:06:32,754 | INFO | [t=480] VLA chunk prompt=pick up the chocolate and place it in the frypan
2026-09-26 20:06:33,081 | INFO | [t=490] VLA chunk prompt=pick up the chocolate and place it in the frypan
2026-09-26 20:06:33,408 | INFO | [t=500] VLA chunk prompt=pick up the chocolate and place it in the frypan
2026-09-26 20:06:33,734 | INFO | [t=510] VLA chunk prompt=pick up the chocolate and place it in the frypan
2026-09-26 20:06:33,811 | INFO | API VLM @t=280 task=8 subtask=Pick up the chocolate keyframes=[]
2026-09-26 20:06:34,012 | INFO | [t=520] VLM prompt update from step=280: Pick up the chocolate
2026-09-26 20:06:34,063 | INFO | [t=520] VLA chunk prompt=Pick up the chocolate
2026-09-26 20:06:34,390 | INFO | [t=530] VLA chunk prompt=Pick up the chocolate
2026-09-26 20:06:34,718 | INFO | [t=540] VLA chunk prompt=Pick up the chocolate
2026-09-26 20:06:35,047 | INFO | [t=550] VLA chunk prompt=Pick up the chocolate
2026-09-26 20:06:35,373 | INFO | [t=560] VLA chunk prompt=Pick up the chocolate
2026-09-26 20:06:35,701 | INFO | [t=570] VLA chunk prompt=Pick up the chocolate
2026-09-26 20:06:36,029 | INFO | [t=580] VLA chunk prompt=Pick up the chocolate
2026-09-26 20:06:36,358 | INFO | [t=590] VLA chunk prompt=Pick up the chocolate
2026-09-26 20:06:36,686 | INFO | [t=600] VLA chunk prompt=Pick up the chocolate
2026-09-26 20:06:37,013 | INFO | [t=610] VLA chunk prompt=Pick up the chocolate
2026-09-26 20:06:37,340 | INFO | [t=620] VLA chunk prompt=Pick up the chocolate
2026-09-26 20:06:37,667 | INFO | [t=630] VLA chunk prompt=Pick up the chocolate
2026-09-26 20:06:37,994 | INFO | [t=640] VLA chunk prompt=Pick up the chocolate
2026-09-26 20:06:38,322 | INFO | [t=650] VLA chunk prompt=Pick up the chocolate
2026-09-26 20:06:38,650 | INFO | [t=660] VLA chunk prompt=Pick up the chocolate
2026-09-26 20:06:38,977 | INFO | [t=670] VLA chunk prompt=Pick up the chocolate
2026-09-26 20:06:39,304 | INFO | [t=680] VLA chunk prompt=Pick up the chocolate
2026-09-26 20:06:39,631 | INFO | [t=690] VLA chunk prompt=Pick up the chocolate
2026-09-26 20:06:39,646 | INFO | API VLM @t=500 task=8 subtask=Pick up the chocolate and place it in the frypan. keyframes=[]
2026-09-26 20:06:39,908 | INFO | [t=700] VLM prompt update from step=500: Pick up the chocolate and place it in the frypan.
2026-09-26 20:06:39,958 | INFO | [t=700] VLA chunk prompt=Pick up the chocolate and place it in the frypan.
2026-09-26 20:06:40,286 | INFO | [t=710] VLA chunk prompt=Pick up the chocolate and place it in the frypan.
2026-09-26 20:06:40,612 | INFO | [t=720] VLA chunk prompt=Pick up the chocolate and place it in the frypan.
2026-09-26 20:06:40,939 | INFO | [t=730] VLA chunk prompt=Pick up the chocolate and place it in the frypan.
2026-09-26 20:06:41,266 | INFO | [t=740] VLA chunk prompt=Pick up the chocolate and place it in the frypan.
2026-09-26 20:06:41,593 | INFO | [t=750] VLA chunk prompt=Pick up the chocolate and place it in the frypan.
2026-09-26 20:06:41,921 | INFO | [t=760] VLA chunk prompt=Pick up the chocolate and place it in the frypan.
2026-09-26 20:06:42,250 | INFO | [t=770] VLA chunk prompt=Pick up the chocolate and place it in the frypan.
2026-09-26 20:06:42,576 | INFO | [t=780] VLA chunk prompt=Pick up the chocolate and place it in the frypan.
2026-09-26 20:06:42,903 | INFO | [t=790] VLA chunk prompt=Pick up the chocolate and place it in the frypan.
2026-09-26 20:06:43,230 | INFO | [t=800] VLA chunk prompt=Pick up the chocolate and place it in the frypan.
2026-09-26 20:06:43,557 | INFO | [t=810] VLA chunk prompt=Pick up the chocolate and place it in the frypan.
2026-09-26 20:06:43,884 | INFO | [t=820] VLA chunk prompt=Pick up the chocolate and place it in the frypan.
2026-09-26 20:06:44,214 | INFO | [t=830] VLA chunk prompt=Pick up the chocolate and place it in the frypan.
2026-09-26 20:06:44,544 | INFO | [t=840] VLA chunk prompt=Pick up the chocolate and place it in the frypan.
2026-09-26 20:06:44,873 | INFO | [t=850] VLA chunk prompt=Pick up the chocolate and place it in the frypan.
2026-09-26 20:06:45,200 | INFO | [t=860] VLA chunk prompt=Pick up the chocolate and place it in the frypan.
2026-09-26 20:06:45,526 | INFO | [t=870] VLA chunk prompt=Pick up the chocolate and place it in the frypan.
2026-09-26 20:06:45,852 | INFO | [t=880] VLA chunk prompt=Pick up the chocolate and place it in the frypan.
2026-09-26 20:06:46,179 | INFO | [t=890] VLA chunk prompt=Pick up the chocolate and place it in the frypan.
2026-09-26 20:06:46,505 | INFO | [t=900] VLA chunk prompt=Pick up the chocolate and place it in the frypan.
2026-09-26 20:06:46,832 | INFO | [t=910] VLA chunk prompt=Pick up the chocolate and place it in the frypan.
2026-09-26 20:06:47,160 | INFO | [t=920] VLA chunk prompt=Pick up the chocolate and place it in the frypan.
2026-09-26 20:06:47,486 | INFO | [t=930] VLA chunk prompt=Pick up the chocolate and place it in the frypan.
2026-09-26 20:06:47,812 | INFO | [t=940] VLA chunk prompt=Pick up the chocolate and place it in the frypan.
2026-09-26 20:06:48,140 | INFO | [t=950] VLA chunk prompt=Pick up the chocolate and place it in the frypan.
2026-09-26 20:06:48,468 | INFO | [t=960] VLA chunk prompt=Pick up the chocolate and place it in the frypan.
2026-09-26 20:06:48,544 | INFO | API VLM @t=680 task=8 subtask=Pick up the chocolate from the table keyframes=[]
2026-09-26 20:06:48,746 | INFO | [t=970] VLM prompt update from step=680: Pick up the chocolate from the table
2026-09-26 20:06:48,797 | INFO | [t=970] VLA chunk prompt=Pick up the chocolate from the table
2026-09-26 20:06:49,123 | INFO | [t=980] VLA chunk prompt=Pick up the chocolate from the table
2026-09-26 20:06:49,449 | INFO | [t=990] VLA chunk prompt=Pick up the chocolate from the table
2026-09-26 20:06:49,775 | INFO | [t=1000] VLA chunk prompt=Pick up the chocolate from the table
2026-09-26 20:06:50,101 | INFO | [t=1010] VLA chunk prompt=Pick up the chocolate from the table
2026-09-26 20:06:50,428 | INFO | [t=1020] VLA chunk prompt=Pick up the chocolate from the table
2026-09-26 20:06:50,755 | INFO | [t=1030] VLA chunk prompt=Pick up the chocolate from the table
2026-09-26 20:06:51,081 | INFO | [t=1040] VLA chunk prompt=Pick up the chocolate from the table
2026-09-26 20:06:51,407 | INFO | [t=1050] VLA chunk prompt=Pick up the chocolate from the table
2026-09-26 20:06:51,734 | INFO | [t=1060] VLA chunk prompt=Pick up the chocolate from the table
2026-09-26 20:06:52,060 | INFO | [t=1070] VLA chunk prompt=Pick up the chocolate from the table
2026-09-26 20:06:52,387 | INFO | [t=1080] VLA chunk prompt=Pick up the chocolate from the table
2026-09-26 20:06:52,715 | INFO | [t=1090] VLA chunk prompt=Pick up the chocolate from the table
2026-09-26 20:06:53,043 | INFO | [t=1100] VLA chunk prompt=Pick up the chocolate from the table
2026-09-26 20:06:53,371 | INFO | [t=1110] VLA chunk prompt=Pick up the chocolate from the table
2026-09-26 20:06:53,700 | INFO | [t=1120] VLA chunk prompt=Pick up the chocolate from the table
2026-09-26 20:06:54,029 | INFO | [t=1130] VLA chunk prompt=Pick up the chocolate from the table
2026-09-26 20:06:54,233 | INFO | API VLM @t=950 task=8 subtask=Pick up the chocolate from the table to place it in the frypan. keyframes=[]
2026-09-26 20:06:54,308 | INFO | [t=1140] VLM prompt update from step=950: Pick up the chocolate from the table to place it in the frypan.
2026-09-26 20:06:54,358 | INFO | [t=1140] VLA chunk prompt=Pick up the chocolate from the table to place it in the frypan.
2026-09-26 20:06:54,688 | INFO | [t=1150] VLA chunk prompt=Pick up the chocolate from the table to place it in the frypan.
2026-09-26 20:06:55,016 | INFO | [t=1160] VLA chunk prompt=Pick up the chocolate from the table to place it in the frypan.
2026-09-26 20:06:55,346 | INFO | [t=1170] VLA chunk prompt=Pick up the chocolate from the table to place it in the frypan.
2026-09-26 20:06:55,675 | INFO | [t=1180] VLA chunk prompt=Pick up the chocolate from the table to place it in the frypan.
2026-09-26 20:06:56,003 | INFO | [t=1190] VLA chunk prompt=Pick up the chocolate from the table to place it in the frypan.
2026-09-26 20:06:56,331 | INFO | [t=1200] VLA chunk prompt=Pick up the chocolate from the table to place it in the frypan.
2026-09-26 20:06:56,659 | INFO | [t=1210] VLA chunk prompt=Pick up the chocolate from the table to place it in the frypan.
2026-09-26 20:06:56,988 | INFO | [t=1220] VLA chunk prompt=Pick up the chocolate from the table to place it in the frypan.
2026-09-26 20:06:57,317 | INFO | [t=1230] VLA chunk prompt=Pick up the chocolate from the table to place it in the frypan.
2026-09-26 20:06:57,640 | INFO | [t=1240] VLA chunk prompt=Pick up the chocolate from the table to place it in the frypan.
2026-09-26 20:06:57,959 | INFO | [t=1250] VLA chunk prompt=Pick up the chocolate from the table to place it in the frypan.
2026-09-26 20:06:58,279 | INFO | [t=1260] VLA chunk prompt=Pick up the chocolate from the table to place it in the frypan.
2026-09-26 20:06:58,598 | INFO | [t=1270] VLA chunk prompt=Pick up the chocolate from the table to place it in the frypan.
2026-09-26 20:06:58,920 | INFO | [t=1280] VLA chunk prompt=Pick up the chocolate from the table to place it in the frypan.
2026-09-26 20:06:59,242 | INFO | [t=1290] VLA chunk prompt=Pick up the chocolate from the table to place it in the frypan.
2026-09-26 20:06:59,564 | INFO | [t=1300] VLA chunk prompt=Pick up the chocolate from the table to place it in the frypan.
2026-09-26 20:06:59,884 | INFO | [t=1310] VLA chunk prompt=Pick up the chocolate from the table to place it in the frypan.
2026-09-26 20:07:00,202 | INFO | [t=1320] VLA chunk prompt=Pick up the chocolate from the table to place it in the frypan.
2026-09-26 20:07:00,522 | INFO | [t=1330] VLA chunk prompt=Pick up the chocolate from the table to place it in the frypan.
2026-09-26 20:07:00,843 | INFO | [t=1340] VLA chunk prompt=Pick up the chocolate from the table to place it in the frypan.
2026-09-26 20:07:01,161 | INFO | [t=1350] VLA chunk prompt=Pick up the chocolate from the table to place it in the frypan.
2026-09-26 20:07:01,479 | INFO | [t=1360] VLA chunk prompt=Pick up the chocolate from the table to place it in the frypan.
2026-09-26 20:07:01,798 | INFO | [t=1370] VLA chunk prompt=Pick up the chocolate from the table to place it in the frypan.
2026-09-26 20:07:02,117 | INFO | [t=1380] VLA chunk prompt=Pick up the chocolate from the table to place it in the frypan.
2026-09-26 20:07:02,375 | INFO | API VLM @t=1125 task=8 subtask=pick up the chocolate keyframes=[]
2026-09-26 20:07:02,387 | INFO | [t=1390] VLM prompt update from step=1125: pick up the chocolate
2026-09-26 20:07:02,436 | INFO | [t=1390] VLA chunk prompt=pick up the chocolate
2026-09-26 20:07:02,753 | INFO | [t=1400] VLA chunk prompt=pick up the chocolate
2026-09-26 20:07:03,069 | INFO | [t=1410] VLA chunk prompt=pick up the chocolate
2026-09-26 20:07:03,394 | INFO | [t=1420] VLA chunk prompt=pick up the chocolate
2026-09-26 20:07:03,720 | INFO | [t=1430] VLA chunk prompt=pick up the chocolate
2026-09-26 20:07:04,043 | INFO | [t=1440] VLA chunk prompt=pick up the chocolate
2026-09-26 20:07:04,380 | INFO | [t=1450] VLA chunk prompt=pick up the chocolate
2026-09-26 20:07:04,715 | INFO | [t=1460] VLA chunk prompt=pick up the chocolate
2026-09-26 20:07:05,049 | INFO | [t=1470] VLA chunk prompt=pick up the chocolate
2026-09-26 20:07:05,369 | INFO | [t=1480] VLA chunk prompt=pick up the chocolate
2026-09-26 20:07:05,686 | INFO | [t=1490] VLA chunk prompt=pick up the chocolate
2026-09-26 20:07:06,003 | INFO | [t=1500] VLA chunk prompt=pick up the chocolate
2026-09-26 20:07:06,319 | INFO | [t=1510] VLA chunk prompt=pick up the chocolate
2026-09-26 20:07:06,634 | INFO | [t=1520] VLA chunk prompt=pick up the chocolate
2026-09-26 20:07:06,960 | INFO | [t=1530] VLA chunk prompt=pick up the chocolate
2026-09-26 20:07:07,273 | INFO | [t=1540] VLA chunk prompt=pick up the chocolate
2026-09-26 20:07:07,585 | INFO | [t=1550] VLA chunk prompt=pick up the chocolate
2026-09-26 20:07:07,896 | INFO | [t=1560] VLA chunk prompt=pick up the chocolate
2026-09-26 20:07:08,205 | INFO | [t=1570] VLA chunk prompt=pick up the chocolate
2026-09-26 20:07:08,516 | INFO | [t=1580] VLA chunk prompt=pick up the chocolate
2026-09-26 20:07:08,797 | INFO | API VLM @t=1375 task=8 subtask=Pick up the chocolate and place it into the frypan. keyframes=[]
2026-09-26 20:07:08,826 | INFO | [t=1590] VLA chunk prompt=pick up the chocolate
2026-09-26 20:07:09,085 | INFO | [t=1600] VLM prompt update from step=1375: Pick up the chocolate and place it into the frypan.
2026-09-26 20:07:09,135 | INFO | [t=1600] VLA chunk prompt=Pick up the chocolate and place it into the frypan.
2026-09-26 20:07:09,444 | INFO | [t=1610] VLA chunk prompt=Pick up the chocolate and place it into the frypan.
2026-09-26 20:07:09,756 | INFO | [t=1620] VLA chunk prompt=Pick up the chocolate and place it into the frypan.
2026-09-26 20:07:10,079 | INFO | [t=1630] VLA chunk prompt=Pick up the chocolate and place it into the frypan.
2026-09-26 20:07:10,406 | INFO | [t=1640] VLA chunk prompt=Pick up the chocolate and place it into the frypan.
2026-09-26 20:07:10,739 | INFO | [t=1650] VLA chunk prompt=Pick up the chocolate and place it into the frypan.
2026-09-26 20:07:11,066 | INFO | [t=1660] VLA chunk prompt=Pick up the chocolate and place it into the frypan.
2026-09-26 20:07:11,394 | INFO | [t=1670] VLA chunk prompt=Pick up the chocolate and place it into the frypan.
2026-09-26 20:07:11,723 | INFO | [t=1680] VLA chunk prompt=Pick up the chocolate and place it into the frypan.
2026-09-26 20:07:12,049 | INFO | [t=1690] VLA chunk prompt=Pick up the chocolate and place it into the frypan.
2026-09-26 20:07:12,377 | INFO | [t=1700] VLA chunk prompt=Pick up the chocolate and place it into the frypan.
2026-09-26 20:07:12,704 | INFO | [t=1710] VLA chunk prompt=Pick up the chocolate and place it into the frypan.
2026-09-26 20:07:13,030 | INFO | [t=1720] VLA chunk prompt=Pick up the chocolate and place it into the frypan.
2026-09-26 20:07:13,356 | INFO | [t=1730] VLA chunk prompt=Pick up the chocolate and place it into the frypan.
2026-09-26 20:07:13,682 | INFO | [t=1740] VLA chunk prompt=Pick up the chocolate and place it into the frypan.
2026-09-26 20:07:14,008 | INFO | [t=1750] VLA chunk prompt=Pick up the chocolate and place it into the frypan.
2026-09-26 20:07:14,041 | INFO | API VLM @t=1580 task=8 subtask=Pick up the chocolate to place it in the frypan. keyframes=[]
2026-09-26 20:07:14,289 | INFO | [t=1760] VLM prompt update from step=1580: Pick up the chocolate to place it in the frypan.
2026-09-26 20:07:14,339 | INFO | [t=1760] VLA chunk prompt=Pick up the chocolate to place it in the frypan.
2026-09-26 20:07:14,666 | INFO | [t=1770] VLA chunk prompt=Pick up the chocolate to place it in the frypan.
2026-09-26 20:07:14,992 | INFO | [t=1780] VLA chunk prompt=Pick up the chocolate to place it in the frypan.
2026-09-26 20:07:15,317 | INFO | [t=1790] VLA chunk prompt=Pick up the chocolate to place it in the frypan.
2026-09-26 20:07:15,642 | INFO | [t=1800] VLA chunk prompt=Pick up the chocolate to place it in the frypan.
2026-09-26 20:07:15,968 | INFO | [t=1810] VLA chunk prompt=Pick up the chocolate to place it in the frypan.
2026-09-26 20:07:16,293 | INFO | [t=1820] VLA chunk prompt=Pick up the chocolate to place it in the frypan.
2026-09-26 20:07:16,618 | INFO | [t=1830] VLA chunk prompt=Pick up the chocolate to place it in the frypan.
2026-09-26 20:07:16,943 | INFO | [t=1840] VLA chunk prompt=Pick up the chocolate to place it in the frypan.
2026-09-26 20:07:17,268 | INFO | [t=1850] VLA chunk prompt=Pick up the chocolate to place it in the frypan.
2026-09-26 20:07:17,596 | INFO | [t=1860] VLA chunk prompt=Pick up the chocolate to place it in the frypan.
2026-09-26 20:07:17,923 | INFO | [t=1870] VLA chunk prompt=Pick up the chocolate to place it in the frypan.
2026-09-26 20:07:18,251 | INFO | [t=1880] VLA chunk prompt=Pick up the chocolate to place it in the frypan.
2026-09-26 20:07:18,579 | INFO | [t=1890] VLA chunk prompt=Pick up the chocolate to place it in the frypan.
2026-09-26 20:07:18,907 | INFO | [t=1900] VLA chunk prompt=Pick up the chocolate to place it in the frypan.
2026-09-26 20:07:19,234 | INFO | [t=1910] VLA chunk prompt=Pick up the chocolate to place it in the frypan.
2026-09-26 20:07:19,559 | INFO | [t=1920] VLA chunk prompt=Pick up the chocolate to place it in the frypan.
2026-09-26 20:07:19,884 | INFO | [t=1930] VLA chunk prompt=Pick up the chocolate to place it in the frypan.
2026-09-26 20:07:20,208 | INFO | [t=1940] VLA chunk prompt=Pick up the chocolate to place it in the frypan.
2026-09-26 20:07:20,532 | INFO | [t=1950] VLA chunk prompt=Pick up the chocolate to place it in the frypan.
2026-09-26 20:07:20,856 | INFO | [t=1960] VLA chunk prompt=Pick up the chocolate to place it in the frypan.
2026-09-26 20:07:21,181 | INFO | [t=1970] VLA chunk prompt=Pick up the chocolate to place it in the frypan.
2026-09-26 20:07:21,506 | INFO | [t=1980] VLA chunk prompt=Pick up the chocolate to place it in the frypan.
2026-09-26 20:07:21,830 | INFO | [t=1990] VLA chunk prompt=Pick up the chocolate to place it in the frypan.
2026-09-26 20:07:21,851 | INFO | API VLM @t=1740 task=8 subtask=Pick up the tomato sauce bottle to pour it over the chocolate. keyframes=[]
2026-09-26 20:07:22,105 | INFO | [t=2000] VLM prompt update from step=1740: Pick up the tomato sauce bottle to pour it over the chocolate.
2026-09-26 20:07:22,155 | INFO | [t=2000] VLA chunk prompt=Pick up the tomato sauce bottle to pour it over the chocolate.
2026-09-26 20:07:22,479 | INFO | [t=2010] VLA chunk prompt=Pick up the tomato sauce bottle to pour it over the chocolate.
2026-09-26 20:07:22,803 | INFO | [t=2020] VLA chunk prompt=Pick up the tomato sauce bottle to pour it over the chocolate.
2026-09-26 20:07:23,127 | INFO | [t=2030] VLA chunk prompt=Pick up the tomato sauce bottle to pour it over the chocolate.
2026-09-26 20:07:23,451 | INFO | [t=2040] VLA chunk prompt=Pick up the tomato sauce bottle to pour it over the chocolate.
2026-09-26 20:07:23,775 | INFO | [t=2050] VLA chunk prompt=Pick up the tomato sauce bottle to pour it over the chocolate.
2026-09-26 20:07:24,099 | INFO | [t=2060] VLA chunk prompt=Pick up the tomato sauce bottle to pour it over the chocolate.
2026-09-26 20:07:24,422 | INFO | [t=2070] VLA chunk prompt=Pick up the tomato sauce bottle to pour it over the chocolate.
2026-09-26 20:07:24,746 | INFO | [t=2080] VLA chunk prompt=Pick up the tomato sauce bottle to pour it over the chocolate.
2026-09-26 20:07:25,070 | INFO | [t=2090] VLA chunk prompt=Pick up the tomato sauce bottle to pour it over the chocolate.
2026-09-26 20:07:25,395 | INFO | [t=2100] VLA chunk prompt=Pick up the tomato sauce bottle to pour it over the chocolate.
2026-09-26 20:07:25,719 | INFO | [t=2110] VLA chunk prompt=Pick up the tomato sauce bottle to pour it over the chocolate.
2026-09-26 20:07:26,043 | INFO | [t=2120] VLA chunk prompt=Pick up the tomato sauce bottle to pour it over the chocolate.
2026-09-26 20:07:26,367 | INFO | [t=2130] VLA chunk prompt=Pick up the tomato sauce bottle to pour it over the chocolate.
2026-09-26 20:07:26,692 | INFO | [t=2140] VLA chunk prompt=Pick up the tomato sauce bottle to pour it over the chocolate.
2026-09-26 20:07:27,017 | INFO | [t=2150] VLA chunk prompt=Pick up the tomato sauce bottle to pour it over the chocolate.
2026-09-26 20:07:27,341 | INFO | [t=2160] VLA chunk prompt=Pick up the tomato sauce bottle to pour it over the chocolate.
2026-09-26 20:07:27,666 | INFO | [t=2170] VLA chunk prompt=Pick up the tomato sauce bottle to pour it over the chocolate.
2026-09-26 20:07:27,989 | INFO | [t=2180] VLA chunk prompt=Pick up the tomato sauce bottle to pour it over the chocolate.
2026-09-26 20:07:28,314 | INFO | [t=2190] VLA chunk prompt=Pick up the tomato sauce bottle to pour it over the chocolate.
2026-09-26 20:07:28,320 | INFO | API VLM @t=1980 task=8 subtask=pick up the chocolate keyframes=[]
2026-09-26 20:07:28,593 | INFO | [t=2200] VLM prompt update from step=1980: pick up the chocolate
2026-09-26 20:07:28,643 | INFO | [t=2200] VLA chunk prompt=pick up the chocolate
2026-09-26 20:07:28,968 | INFO | [t=2210] VLA chunk prompt=pick up the chocolate
2026-09-26 20:07:29,292 | INFO | [t=2220] VLA chunk prompt=pick up the chocolate
2026-09-26 20:07:29,616 | INFO | [t=2230] VLA chunk prompt=pick up the chocolate
2026-09-26 20:07:29,940 | INFO | [t=2240] VLA chunk prompt=pick up the chocolate
2026-09-26 20:07:30,265 | INFO | [t=2250] VLA chunk prompt=pick up the chocolate
2026-09-26 20:07:30,590 | INFO | [t=2260] VLA chunk prompt=pick up the chocolate
2026-09-26 20:07:30,914 | INFO | [t=2270] VLA chunk prompt=pick up the chocolate
2026-09-26 20:07:31,238 | INFO | [t=2280] VLA chunk prompt=pick up the chocolate
2026-09-26 20:07:31,563 | INFO | [t=2290] VLA chunk prompt=pick up the chocolate
2026-09-26 20:07:31,888 | INFO | [t=2300] VLA chunk prompt=pick up the chocolate
2026-09-26 20:07:32,212 | INFO | [t=2310] VLA chunk prompt=pick up the chocolate
2026-09-26 20:07:32,539 | INFO | [t=2320] VLA chunk prompt=pick up the chocolate
2026-09-26 20:07:32,864 | INFO | [t=2330] VLA chunk prompt=pick up the chocolate
2026-09-26 20:07:33,190 | INFO | [t=2340] VLA chunk prompt=pick up the chocolate
2026-09-26 20:07:33,514 | INFO | [t=2350] VLA chunk prompt=pick up the chocolate
2026-09-26 20:07:33,845 | INFO | [t=2360] VLA chunk prompt=pick up the chocolate
2026-09-26 20:07:34,168 | INFO | [t=2370] VLA chunk prompt=pick up the chocolate
2026-09-26 20:07:34,488 | INFO | [t=2380] VLA chunk prompt=pick up the chocolate
2026-09-26 20:07:34,809 | INFO | [t=2390] VLA chunk prompt=pick up the chocolate
2026-09-26 20:07:35,132 | INFO | [t=2400] VLA chunk prompt=pick up the chocolate
2026-09-26 20:07:35,457 | INFO | [t=2410] VLA chunk prompt=pick up the chocolate
2026-09-26 20:07:35,780 | INFO | [t=2420] VLA chunk prompt=pick up the chocolate
2026-09-26 20:07:36,104 | INFO | [t=2430] VLA chunk prompt=pick up the chocolate
2026-09-26 20:07:36,429 | INFO | [t=2440] VLA chunk prompt=pick up the chocolate
2026-09-26 20:07:36,574 | INFO | API VLM @t=2180 task=8 subtask=Reach for and grasp the chocolate to place it in the frypan. keyframes=[]
2026-09-26 20:07:36,704 | INFO | [t=2450] VLM prompt update from step=2180: Reach for and grasp the chocolate to place it in the frypan.
2026-09-26 20:07:36,755 | INFO | [t=2450] VLA chunk prompt=Reach for and grasp the chocolate to place it in the frypan.
2026-09-26 20:07:37,079 | INFO | [t=2460] VLA chunk prompt=Reach for and grasp the chocolate to place it in the frypan.
2026-09-26 20:07:37,404 | INFO | [t=2470] VLA chunk prompt=Reach for and grasp the chocolate to place it in the frypan.
2026-09-26 20:07:37,729 | INFO | [t=2480] VLA chunk prompt=Reach for and grasp the chocolate to place it in the frypan.
2026-09-26 20:07:38,053 | INFO | [t=2490] VLA chunk prompt=Reach for and grasp the chocolate to place it in the frypan.
2026-09-26 20:07:38,376 | INFO | [t=2500] VLA chunk prompt=Reach for and grasp the chocolate to place it in the frypan.
2026-09-26 20:07:41,668 | INFO | attempt=0 stage_score=0.0 stage_success=False failure_reason=incomplete_stage
2026-09-26 20:07:41,668 | INFO | Episode 5 seed=105 stage_score=0.0 stage_success=0 goal=0.000 failure_reason=incomplete_stage | 01_Lift_Tomato_Sauce=N | 02_Pour_One=N | 03_Pour_Two=N
