2026-09-18 13:23:56,822 | INFO | task_id=5 bddl=/project/peilab/why/RoboMemArena/bddl/5_butter_middle_drawer.bddl vlm_ckpt=/project/peilab/why/RoboMemArena/checkpoints/PrediMem/vlm_tasks1to26_ckpt74500
2026-09-18 13:23:58,834 | INFO | async VLM enabled: single-slot subtask buffer
2026-09-18 13:23:59,099 | INFO | [t=10] VLA chunk prompt=Open all drawers in order, remember the empty drawer, then put butter into that empty drawer.
2026-09-18 13:23:59,384 | INFO | [t=20] VLA chunk prompt=Open all drawers in order, remember the empty drawer, then put butter into that empty drawer.
2026-09-18 13:23:59,667 | INFO | [t=30] VLA chunk prompt=Open all drawers in order, remember the empty drawer, then put butter into that empty drawer.
2026-09-18 13:23:59,946 | INFO | [t=40] VLA chunk prompt=Open all drawers in order, remember the empty drawer, then put butter into that empty drawer.
2026-09-18 13:24:00,240 | INFO | [t=50] VLA chunk prompt=Open all drawers in order, remember the empty drawer, then put butter into that empty drawer.
2026-09-18 13:24:00,519 | INFO | [t=60] VLA chunk prompt=Open all drawers in order, remember the empty drawer, then put butter into that empty drawer.
2026-09-18 13:24:00,809 | INFO | [t=70] VLA chunk prompt=Open all drawers in order, remember the empty drawer, then put butter into that empty drawer.
2026-09-18 13:24:01,059 | INFO | [t=80] harness subtask override: open top drawer
2026-09-18 13:24:01,059 | INFO | [t=80] VLM prompt update from step=-1: open top drawer
2026-09-18 13:24:01,059 | INFO | [t=80] harness forced VLM replan after stall (pmh visual retrieve armed)
2026-09-18 13:24:01,109 | INFO | [t=80] VLA chunk prompt=open top drawer
2026-09-18 13:24:01,401 | INFO | [t=90] VLA chunk prompt=open top drawer
2026-09-18 13:24:01,688 | INFO | [t=100] VLA chunk prompt=open top drawer
2026-09-18 13:24:01,974 | INFO | [t=110] VLA chunk prompt=open top drawer
2026-09-18 13:24:02,301 | INFO | [t=120] VLA chunk prompt=open top drawer
2026-09-18 13:24:02,636 | INFO | [t=130] VLA chunk prompt=open top drawer
2026-09-18 13:24:02,972 | INFO | [t=140] VLA chunk prompt=open top drawer
2026-09-18 13:24:03,313 | INFO | [t=150] VLA chunk prompt=open top drawer
2026-09-18 13:24:03,658 | INFO | [t=160] VLA chunk prompt=open top drawer
2026-09-18 13:24:04,010 | INFO | [t=170] VLA chunk prompt=open top drawer
2026-09-18 13:24:04,365 | INFO | [t=180] VLA chunk prompt=open top drawer
2026-09-18 13:24:04,725 | INFO | [t=190] VLA chunk prompt=open top drawer
2026-09-18 13:24:05,090 | INFO | [t=200] VLA chunk prompt=open top drawer
2026-09-18 13:24:05,458 | INFO | [t=210] VLA chunk prompt=open top drawer
2026-09-18 13:24:05,831 | INFO | [t=220] VLA chunk prompt=open top drawer
2026-09-18 13:24:06,207 | INFO | [t=230] VLA chunk prompt=open top drawer
2026-09-18 13:24:06,587 | INFO | [t=240] VLA chunk prompt=open top drawer
2026-09-18 13:24:06,976 | INFO | [t=250] VLA chunk prompt=open top drawer
2026-09-18 13:24:07,364 | INFO | [t=260] VLA chunk prompt=open top drawer
2026-09-18 13:24:07,752 | INFO | [t=270] VLA chunk prompt=open top drawer
2026-09-18 13:24:08,141 | INFO | [t=280] VLA chunk prompt=open top drawer
2026-09-18 13:24:08,527 | INFO | [t=290] VLA chunk prompt=open top drawer
2026-09-18 13:24:08,913 | INFO | [t=300] VLA chunk prompt=open top drawer
2026-09-18 13:24:09,302 | INFO | [t=310] VLA chunk prompt=open top drawer
2026-09-18 13:24:09,684 | INFO | [t=320] VLA chunk prompt=open top drawer
2026-09-18 13:24:10,081 | INFO | [t=330] VLA chunk prompt=open top drawer
2026-09-18 13:24:10,116 | INFO | [t=331] stage done: 01_Open_Top_Drawer
2026-09-18 13:24:10,470 | INFO | [t=340] VLA chunk prompt=open top drawer
2026-09-18 13:24:10,866 | INFO | [t=350] VLA chunk prompt=open top drawer
2026-09-18 13:24:11,271 | INFO | [t=360] VLA chunk prompt=open top drawer
2026-09-18 13:24:11,677 | INFO | [t=370] VLA chunk prompt=open top drawer
2026-09-18 13:24:12,082 | INFO | [t=380] VLA chunk prompt=open top drawer
2026-09-18 13:24:12,466 | INFO | [t=390] VLA chunk prompt=open top drawer
2026-09-18 13:24:12,865 | INFO | [t=400] VLA chunk prompt=open top drawer
2026-09-18 13:24:13,255 | INFO | [t=410] VLA chunk prompt=open top drawer
2026-09-18 13:24:13,602 | INFO | [t=420] harness subtask override: close top drawer
2026-09-18 13:24:13,602 | INFO | [t=420] VLM prompt update from step=70: close top drawer
2026-09-18 13:24:13,603 | INFO | [t=420] harness forced VLM replan after stall (pmh visual retrieve armed)
2026-09-18 13:24:13,653 | INFO | [t=420] VLA chunk prompt=close top drawer
2026-09-18 13:24:14,048 | INFO | [t=430] VLA chunk prompt=close top drawer
2026-09-18 13:24:14,440 | INFO | [t=440] VLA chunk prompt=close top drawer
2026-09-18 13:24:14,840 | INFO | [t=450] VLA chunk prompt=close top drawer
2026-09-18 13:24:15,238 | INFO | [t=460] VLA chunk prompt=close top drawer
2026-09-18 13:24:15,637 | INFO | [t=470] VLA chunk prompt=close top drawer
2026-09-18 13:24:16,038 | INFO | [t=480] VLA chunk prompt=close top drawer
2026-09-18 13:24:16,437 | INFO | [t=490] VLA chunk prompt=close top drawer
2026-09-18 13:24:16,836 | INFO | [t=500] VLA chunk prompt=close top drawer
2026-09-18 13:24:17,234 | INFO | [t=510] VLA chunk prompt=close top drawer
2026-09-18 13:24:17,629 | INFO | [t=520] VLA chunk prompt=close top drawer
2026-09-18 13:24:18,020 | INFO | [t=530] VLA chunk prompt=close top drawer
2026-09-18 13:24:18,413 | INFO | [t=540] VLA chunk prompt=close top drawer
2026-09-18 13:24:18,798 | INFO | [t=550] VLA chunk prompt=close top drawer
2026-09-18 13:24:19,173 | INFO | [t=560] VLA chunk prompt=close top drawer
2026-09-18 13:24:19,549 | INFO | [t=570] VLA chunk prompt=close top drawer
2026-09-18 13:24:19,925 | INFO | [t=580] VLA chunk prompt=close top drawer
2026-09-18 13:24:20,300 | INFO | [t=590] VLA chunk prompt=close top drawer
2026-09-18 13:24:20,678 | INFO | [t=600] VLA chunk prompt=close top drawer
2026-09-18 13:24:21,056 | INFO | [t=610] VLA chunk prompt=close top drawer
2026-09-18 13:24:21,426 | INFO | [t=620] VLA chunk prompt=close top drawer
2026-09-18 13:24:21,796 | INFO | [t=630] VLA chunk prompt=close top drawer
2026-09-18 13:24:22,169 | INFO | [t=640] VLA chunk prompt=close top drawer
2026-09-18 13:24:22,335 | INFO | [t=645] stage done: 02_Close_Top_Drawer
2026-09-18 13:24:22,558 | INFO | [t=650] VLA chunk prompt=close top drawer
2026-09-18 13:24:22,946 | INFO | [t=660] VLA chunk prompt=close top drawer
2026-09-18 13:24:23,324 | INFO | [t=670] VLA chunk prompt=close top drawer
2026-09-18 13:24:23,702 | INFO | [t=680] VLA chunk prompt=close top drawer
2026-09-18 13:24:24,078 | INFO | [t=690] VLA chunk prompt=close top drawer
2026-09-18 13:24:24,449 | INFO | [t=700] VLA chunk prompt=close top drawer
2026-09-18 13:24:24,816 | INFO | [t=710] VLA chunk prompt=close top drawer
2026-09-18 13:24:25,176 | INFO | [t=720] VLA chunk prompt=close top drawer
2026-09-18 13:24:25,487 | INFO | [t=730] harness subtask override: open middle drawer
2026-09-18 13:24:25,487 | INFO | [t=730] VLM prompt update from step=70: open middle drawer
2026-09-18 13:24:25,487 | INFO | [t=730] harness forced VLM replan after stall (pmh visual retrieve armed)
2026-09-18 13:24:25,537 | INFO | [t=730] VLA chunk prompt=open middle drawer
2026-09-18 13:24:25,899 | INFO | [t=740] VLA chunk prompt=open middle drawer
2026-09-18 13:24:26,260 | INFO | [t=750] VLA chunk prompt=open middle drawer
2026-09-18 13:24:26,624 | INFO | [t=760] VLA chunk prompt=open middle drawer
2026-09-18 13:24:26,999 | INFO | [t=770] VLA chunk prompt=open middle drawer
2026-09-18 13:24:27,373 | INFO | [t=780] VLA chunk prompt=open middle drawer
2026-09-18 13:24:27,749 | INFO | [t=790] VLA chunk prompt=open middle drawer
2026-09-18 13:24:28,131 | INFO | [t=800] VLA chunk prompt=open middle drawer
2026-09-18 13:24:28,512 | INFO | [t=810] VLA chunk prompt=open middle drawer
2026-09-18 13:24:28,896 | INFO | [t=820] VLA chunk prompt=open middle drawer
2026-09-18 13:24:29,275 | INFO | [t=830] VLA chunk prompt=open middle drawer
2026-09-18 13:24:29,651 | INFO | [t=840] VLA chunk prompt=open middle drawer
2026-09-18 13:24:30,027 | INFO | [t=850] VLA chunk prompt=open middle drawer
2026-09-18 13:24:30,400 | INFO | [t=860] VLA chunk prompt=open middle drawer
2026-09-18 13:24:30,775 | INFO | [t=870] VLA chunk prompt=open middle drawer
2026-09-18 13:24:31,146 | INFO | [t=880] VLA chunk prompt=open middle drawer
2026-09-18 13:24:31,515 | INFO | [t=890] VLA chunk prompt=open middle drawer
2026-09-18 13:24:31,879 | INFO | [t=900] VLA chunk prompt=open middle drawer
2026-09-18 13:24:32,242 | INFO | [t=910] VLA chunk prompt=open middle drawer
2026-09-18 13:24:32,604 | INFO | [t=920] VLA chunk prompt=open middle drawer
2026-09-18 13:24:32,779 | INFO | API VLM @t=0 task=5 subtask=open top drawer keyframes=[]
2026-09-18 13:24:32,916 | INFO | [t=930] VLM prompt update from step=0: open top drawer
2026-09-18 13:24:32,966 | INFO | [t=930] VLA chunk prompt=open top drawer
2026-09-18 13:24:33,327 | INFO | [t=940] VLA chunk prompt=open top drawer
2026-09-18 13:24:33,689 | INFO | [t=950] VLA chunk prompt=open top drawer
2026-09-18 13:24:34,058 | INFO | [t=960] VLA chunk prompt=open top drawer
2026-09-18 13:24:34,430 | INFO | [t=970] VLA chunk prompt=open top drawer
2026-09-18 13:24:34,808 | INFO | [t=980] VLA chunk prompt=open top drawer
2026-09-18 13:24:35,188 | INFO | [t=990] VLA chunk prompt=open top drawer
2026-09-18 13:24:35,572 | INFO | [t=1000] VLA chunk prompt=open top drawer
2026-09-18 13:24:35,965 | INFO | [t=1010] VLA chunk prompt=open top drawer
2026-09-18 13:24:36,361 | INFO | [t=1020] VLA chunk prompt=open top drawer
2026-09-18 13:24:36,758 | INFO | [t=1030] VLA chunk prompt=open top drawer
2026-09-18 13:24:37,150 | INFO | [t=1040] VLA chunk prompt=open top drawer
2026-09-18 13:24:37,543 | INFO | [t=1050] VLA chunk prompt=open top drawer
2026-09-18 13:24:37,934 | INFO | [t=1060] VLA chunk prompt=open top drawer
2026-09-18 13:24:38,327 | INFO | [t=1070] VLA chunk prompt=open top drawer
2026-09-18 13:24:38,715 | INFO | [t=1080] VLA chunk prompt=open top drawer
2026-09-18 13:24:39,114 | INFO | [t=1090] VLA chunk prompt=open top drawer
2026-09-18 13:24:39,495 | INFO | [t=1100] VLA chunk prompt=open top drawer
2026-09-18 13:24:39,880 | INFO | [t=1110] VLA chunk prompt=open top drawer
2026-09-18 13:24:40,253 | INFO | [t=1120] VLA chunk prompt=open top drawer
2026-09-18 13:24:40,624 | INFO | [t=1130] VLA chunk prompt=open top drawer
2026-09-18 13:24:40,990 | INFO | [t=1140] VLA chunk prompt=open top drawer
2026-09-18 13:24:41,354 | INFO | [t=1150] VLA chunk prompt=open top drawer
2026-09-18 13:24:41,716 | INFO | [t=1160] VLA chunk prompt=open top drawer
2026-09-18 13:24:42,079 | INFO | [t=1170] VLA chunk prompt=open top drawer
2026-09-18 13:24:42,451 | INFO | [t=1180] VLA chunk prompt=open top drawer
2026-09-18 13:24:42,814 | INFO | [t=1190] VLA chunk prompt=open top drawer
2026-09-18 13:24:43,173 | INFO | [t=1200] VLA chunk prompt=open top drawer
2026-09-18 13:24:43,530 | INFO | [t=1210] VLA chunk prompt=open top drawer
2026-09-18 13:24:43,884 | INFO | [t=1220] VLA chunk prompt=open top drawer
2026-09-18 13:24:44,233 | INFO | [t=1230] VLA chunk prompt=open top drawer
2026-09-18 13:24:44,587 | INFO | [t=1240] VLA chunk prompt=open top drawer
2026-09-18 13:24:44,954 | INFO | [t=1250] VLA chunk prompt=open top drawer
2026-09-18 13:24:45,325 | INFO | [t=1260] VLA chunk prompt=open top drawer
2026-09-18 13:24:45,699 | INFO | [t=1270] VLA chunk prompt=open top drawer
2026-09-18 13:24:46,076 | INFO | [t=1280] VLA chunk prompt=open top drawer
2026-09-18 13:24:46,468 | INFO | [t=1290] VLA chunk prompt=open top drawer
2026-09-18 13:24:46,859 | INFO | [t=1300] VLA chunk prompt=open top drawer
2026-09-18 13:24:47,253 | INFO | [t=1310] VLA chunk prompt=open top drawer
2026-09-18 13:24:47,645 | INFO | [t=1320] VLA chunk prompt=open top drawer
2026-09-18 13:24:48,027 | INFO | [t=1330] VLA chunk prompt=open top drawer
2026-09-18 13:24:48,413 | INFO | [t=1340] VLA chunk prompt=open top drawer
2026-09-18 13:24:48,808 | INFO | [t=1350] VLA chunk prompt=open top drawer
2026-09-18 13:24:49,199 | INFO | [t=1360] VLA chunk prompt=open top drawer
2026-09-18 13:24:49,589 | INFO | [t=1370] VLA chunk prompt=open top drawer
2026-09-18 13:24:49,977 | INFO | [t=1380] VLA chunk prompt=open top drawer
2026-09-18 13:24:50,374 | INFO | [t=1390] VLA chunk prompt=open top drawer
2026-09-18 13:24:50,778 | INFO | [t=1400] VLA chunk prompt=open top drawer
2026-09-18 13:24:51,191 | INFO | [t=1410] VLA chunk prompt=open top drawer
2026-09-18 13:24:51,607 | INFO | [t=1420] VLA chunk prompt=open top drawer
2026-09-18 13:24:52,012 | INFO | [t=1430] VLA chunk prompt=open top drawer
2026-09-18 13:24:52,407 | INFO | [t=1440] VLA chunk prompt=open top drawer
2026-09-18 13:24:52,806 | INFO | [t=1450] VLA chunk prompt=open top drawer
2026-09-18 13:24:53,210 | INFO | [t=1460] VLA chunk prompt=open top drawer
2026-09-18 13:24:53,616 | INFO | [t=1470] VLA chunk prompt=open top drawer
2026-09-18 13:24:54,019 | INFO | [t=1480] VLA chunk prompt=open top drawer
2026-09-18 13:24:54,424 | INFO | [t=1490] VLA chunk prompt=open top drawer
2026-09-18 13:24:54,837 | INFO | [t=1500] VLA chunk prompt=open top drawer
2026-09-18 13:24:55,252 | INFO | [t=1510] VLA chunk prompt=open top drawer
2026-09-18 13:24:55,655 | INFO | [t=1520] VLA chunk prompt=open top drawer
2026-09-18 13:24:56,062 | INFO | [t=1530] VLA chunk prompt=open top drawer
2026-09-18 13:24:56,465 | INFO | [t=1540] VLA chunk prompt=open top drawer
2026-09-18 13:24:56,869 | INFO | [t=1550] VLA chunk prompt=open top drawer
2026-09-18 13:24:57,276 | INFO | [t=1560] VLA chunk prompt=open top drawer
2026-09-18 13:24:57,695 | INFO | [t=1570] VLA chunk prompt=open top drawer
2026-09-18 13:24:58,114 | INFO | [t=1580] VLA chunk prompt=open top drawer
2026-09-18 13:24:58,532 | INFO | [t=1590] VLA chunk prompt=open top drawer
2026-09-18 13:24:58,952 | INFO | [t=1600] VLA chunk prompt=open top drawer
2026-09-18 13:24:59,381 | INFO | [t=1610] VLA chunk prompt=open top drawer
2026-09-18 13:24:59,812 | INFO | [t=1620] VLA chunk prompt=open top drawer
2026-09-18 13:25:00,244 | INFO | [t=1630] VLA chunk prompt=open top drawer
2026-09-18 13:25:00,675 | INFO | [t=1640] VLA chunk prompt=open top drawer
2026-09-18 13:25:01,113 | INFO | [t=1650] VLA chunk prompt=open top drawer
2026-09-18 13:25:01,557 | INFO | [t=1660] VLA chunk prompt=open top drawer
2026-09-18 13:25:02,000 | INFO | [t=1670] VLA chunk prompt=open top drawer
2026-09-18 13:25:02,439 | INFO | [t=1680] VLA chunk prompt=open top drawer
2026-09-18 13:25:02,880 | INFO | [t=1690] VLA chunk prompt=open top drawer
2026-09-18 13:25:03,322 | INFO | [t=1700] VLA chunk prompt=open top drawer
2026-09-18 13:25:03,761 | INFO | [t=1710] VLA chunk prompt=open top drawer
2026-09-18 13:25:04,195 | INFO | [t=1720] VLA chunk prompt=open top drawer
2026-09-18 13:25:04,646 | INFO | [t=1730] VLA chunk prompt=open top drawer
2026-09-18 13:25:05,091 | INFO | [t=1740] VLA chunk prompt=open top drawer
2026-09-18 13:25:05,529 | INFO | [t=1750] VLA chunk prompt=open top drawer
2026-09-18 13:25:05,952 | INFO | [t=1760] VLA chunk prompt=open top drawer
2026-09-18 13:25:06,378 | INFO | [t=1770] VLA chunk prompt=open top drawer
2026-09-18 13:25:06,800 | INFO | [t=1780] VLA chunk prompt=open top drawer
2026-09-18 13:25:07,220 | INFO | [t=1790] VLA chunk prompt=open top drawer
2026-09-18 13:25:07,626 | INFO | [t=1800] VLA chunk prompt=open top drawer
2026-09-18 13:25:08,043 | INFO | [t=1810] VLA chunk prompt=open top drawer
2026-09-18 13:25:08,463 | INFO | [t=1820] VLA chunk prompt=open top drawer
2026-09-18 13:25:08,888 | INFO | [t=1830] VLA chunk prompt=open top drawer
2026-09-18 13:25:09,313 | INFO | [t=1840] VLA chunk prompt=open top drawer
2026-09-18 13:25:09,727 | INFO | [t=1850] VLA chunk prompt=open top drawer
2026-09-18 13:25:10,139 | INFO | [t=1860] VLA chunk prompt=open top drawer
2026-09-18 13:25:10,547 | INFO | [t=1870] VLA chunk prompt=open top drawer
2026-09-18 13:25:10,929 | INFO | [t=1880] VLA chunk prompt=open top drawer
2026-09-18 13:25:11,306 | INFO | [t=1890] VLA chunk prompt=open top drawer
2026-09-18 13:25:11,679 | INFO | [t=1900] VLA chunk prompt=open top drawer
2026-09-18 13:25:12,047 | INFO | [t=1910] VLA chunk prompt=open top drawer
2026-09-18 13:25:12,412 | INFO | [t=1920] VLA chunk prompt=open top drawer
2026-09-18 13:25:12,777 | INFO | [t=1930] VLA chunk prompt=open top drawer
2026-09-18 13:25:13,134 | INFO | [t=1940] VLA chunk prompt=open top drawer
2026-09-18 13:25:13,486 | INFO | [t=1950] VLA chunk prompt=open top drawer
2026-09-18 13:25:13,841 | INFO | [t=1960] VLA chunk prompt=open top drawer
2026-09-18 13:25:14,202 | INFO | [t=1970] VLA chunk prompt=open top drawer
2026-09-18 13:25:14,565 | INFO | [t=1980] VLA chunk prompt=open top drawer
2026-09-18 13:25:14,934 | INFO | [t=1990] VLA chunk prompt=open top drawer
2026-09-18 13:25:15,303 | INFO | [t=2000] VLA chunk prompt=open top drawer
2026-09-18 13:25:15,677 | INFO | [t=2010] VLA chunk prompt=open top drawer
2026-09-18 13:25:16,054 | INFO | [t=2020] VLA chunk prompt=open top drawer
2026-09-18 13:25:16,429 | INFO | [t=2030] VLA chunk prompt=open top drawer
2026-09-18 13:25:16,802 | INFO | [t=2040] VLA chunk prompt=open top drawer
2026-09-18 13:25:17,177 | INFO | [t=2050] VLA chunk prompt=open top drawer
2026-09-18 13:25:17,550 | INFO | [t=2060] VLA chunk prompt=open top drawer
2026-09-18 13:25:17,924 | INFO | [t=2070] VLA chunk prompt=open top drawer
2026-09-18 13:25:18,300 | INFO | [t=2080] VLA chunk prompt=open top drawer
2026-09-18 13:25:18,676 | INFO | [t=2090] VLA chunk prompt=open top drawer
2026-09-18 13:25:19,055 | INFO | [t=2100] VLA chunk prompt=open top drawer
2026-09-18 13:25:19,438 | INFO | [t=2110] VLA chunk prompt=open top drawer
2026-09-18 13:25:19,821 | INFO | [t=2120] VLA chunk prompt=open top drawer
2026-09-18 13:25:20,205 | INFO | [t=2130] VLA chunk prompt=open top drawer
2026-09-18 13:25:20,595 | INFO | [t=2140] VLA chunk prompt=open top drawer
2026-09-18 13:25:20,987 | INFO | [t=2150] VLA chunk prompt=open top drawer
2026-09-18 13:25:21,380 | INFO | [t=2160] VLA chunk prompt=open top drawer
2026-09-18 13:25:21,772 | INFO | [t=2170] VLA chunk prompt=open top drawer
2026-09-18 13:25:22,178 | INFO | [t=2180] VLA chunk prompt=open top drawer
2026-09-18 13:25:22,583 | INFO | [t=2190] VLA chunk prompt=open top drawer
2026-09-18 13:25:22,988 | INFO | [t=2200] VLA chunk prompt=open top drawer
2026-09-18 13:25:23,395 | INFO | [t=2210] VLA chunk prompt=open top drawer
2026-09-18 13:25:23,815 | INFO | [t=2220] VLA chunk prompt=open top drawer
2026-09-18 13:25:24,214 | INFO | [t=2230] VLA chunk prompt=open top drawer
2026-09-18 13:25:24,618 | INFO | [t=2240] VLA chunk prompt=open top drawer
2026-09-18 13:25:25,037 | INFO | [t=2250] VLA chunk prompt=open top drawer
2026-09-18 13:25:25,462 | INFO | [t=2260] VLA chunk prompt=open top drawer
2026-09-18 13:25:25,882 | INFO | [t=2270] VLA chunk prompt=open top drawer
2026-09-18 13:25:26,326 | INFO | [t=2280] VLA chunk prompt=open top drawer
2026-09-18 13:25:26,757 | INFO | [t=2290] VLA chunk prompt=open top drawer
2026-09-18 13:25:27,196 | INFO | [t=2300] VLA chunk prompt=open top drawer
2026-09-18 13:25:27,621 | INFO | [t=2310] VLA chunk prompt=open top drawer
2026-09-18 13:25:28,028 | INFO | [t=2320] VLA chunk prompt=open top drawer
2026-09-18 13:25:28,421 | INFO | [t=2330] VLA chunk prompt=open top drawer
2026-09-18 13:25:28,805 | INFO | [t=2340] VLA chunk prompt=open top drawer
2026-09-18 13:25:29,183 | INFO | [t=2350] VLA chunk prompt=open top drawer
2026-09-18 13:25:29,555 | INFO | [t=2360] VLA chunk prompt=open top drawer
2026-09-18 13:25:29,926 | INFO | [t=2370] VLA chunk prompt=open top drawer
2026-09-18 13:25:30,293 | INFO | [t=2380] VLA chunk prompt=open top drawer
2026-09-18 13:25:30,663 | INFO | [t=2390] VLA chunk prompt=open top drawer
2026-09-18 13:25:31,039 | INFO | [t=2400] VLA chunk prompt=open top drawer
2026-09-18 13:25:31,414 | INFO | [t=2410] VLA chunk prompt=open top drawer
2026-09-18 13:25:31,785 | INFO | [t=2420] VLA chunk prompt=open top drawer
2026-09-18 13:25:32,153 | INFO | [t=2430] VLA chunk prompt=open top drawer
2026-09-18 13:25:32,520 | INFO | [t=2440] VLA chunk prompt=open top drawer
2026-09-18 13:25:32,885 | INFO | [t=2450] VLA chunk prompt=open top drawer
2026-09-18 13:25:33,249 | INFO | [t=2460] VLA chunk prompt=open top drawer
2026-09-18 13:25:33,610 | INFO | [t=2470] VLA chunk prompt=open top drawer
2026-09-18 13:25:33,967 | INFO | [t=2480] VLA chunk prompt=open top drawer
2026-09-18 13:25:34,322 | INFO | [t=2490] VLA chunk prompt=open top drawer
2026-09-18 13:25:34,675 | INFO | [t=2500] VLA chunk prompt=open top drawer
2026-09-18 13:25:34,865 | INFO | API VLM @t=915 task=5 subtask=open middle drawer keyframes=[]
2026-09-18 13:25:38,010 | INFO | attempt=0 stage_score=25.0 stage_success=False failure_reason=incomplete_stage
2026-09-18 13:25:40,001 | INFO | harness release_gripper after env.reset (attempt=1)
2026-09-18 13:25:40,001 | INFO | async VLM enabled: single-slot subtask buffer
2026-09-18 13:25:40,266 | INFO | [t=10] VLA chunk prompt=Open all drawers in order, remember the empty drawer, then put butter into that empty drawer.
2026-09-18 13:25:40,551 | INFO | [t=20] VLA chunk prompt=Open all drawers in order, remember the empty drawer, then put butter into that empty drawer.
2026-09-18 13:25:40,835 | INFO | [t=30] VLA chunk prompt=Open all drawers in order, remember the empty drawer, then put butter into that empty drawer.
2026-09-18 13:25:41,113 | INFO | [t=40] VLA chunk prompt=Open all drawers in order, remember the empty drawer, then put butter into that empty drawer.
2026-09-18 13:25:41,391 | INFO | [t=50] VLA chunk prompt=Open all drawers in order, remember the empty drawer, then put butter into that empty drawer.
2026-09-18 13:25:41,671 | INFO | [t=60] VLA chunk prompt=Open all drawers in order, remember the empty drawer, then put butter into that empty drawer.
2026-09-18 13:25:41,961 | INFO | [t=70] VLA chunk prompt=Open all drawers in order, remember the empty drawer, then put butter into that empty drawer.
2026-09-18 13:25:42,216 | INFO | [t=80] harness subtask override: open top drawer
2026-09-18 13:25:42,216 | INFO | [t=80] VLM prompt update from step=-1: open top drawer
2026-09-18 13:25:42,216 | INFO | [t=80] harness forced VLM replan after stall (pmh visual retrieve armed)
2026-09-18 13:25:42,266 | INFO | [t=80] VLA chunk prompt=open top drawer
2026-09-18 13:25:42,557 | INFO | [t=90] VLA chunk prompt=open top drawer
2026-09-18 13:25:42,839 | INFO | [t=100] VLA chunk prompt=open top drawer
2026-09-18 13:25:43,135 | INFO | [t=110] VLA chunk prompt=open top drawer
2026-09-18 13:25:43,452 | INFO | [t=120] VLA chunk prompt=open top drawer
2026-09-18 13:25:43,773 | INFO | [t=130] VLA chunk prompt=open top drawer
2026-09-18 13:25:44,106 | INFO | [t=140] VLA chunk prompt=open top drawer
2026-09-18 13:25:44,453 | INFO | [t=150] VLA chunk prompt=open top drawer
2026-09-18 13:25:44,798 | INFO | [t=160] VLA chunk prompt=open top drawer
2026-09-18 13:25:45,147 | INFO | [t=170] VLA chunk prompt=open top drawer
2026-09-18 13:25:45,503 | INFO | [t=180] VLA chunk prompt=open top drawer
2026-09-18 13:25:45,856 | INFO | [t=190] VLA chunk prompt=open top drawer
2026-09-18 13:25:46,213 | INFO | [t=200] VLA chunk prompt=open top drawer
2026-09-18 13:25:46,571 | INFO | [t=210] VLA chunk prompt=open top drawer
2026-09-18 13:25:46,935 | INFO | [t=220] VLA chunk prompt=open top drawer
2026-09-18 13:25:47,301 | INFO | [t=230] VLA chunk prompt=open top drawer
2026-09-18 13:25:47,668 | INFO | [t=240] VLA chunk prompt=open top drawer
2026-09-18 13:25:48,043 | INFO | [t=250] VLA chunk prompt=open top drawer
2026-09-18 13:25:48,390 | WARNING | API planner returned empty response at step=2495
2026-09-18 13:25:48,429 | INFO | [t=260] VLA chunk prompt=open top drawer
2026-09-18 13:25:48,822 | INFO | [t=270] VLA chunk prompt=open top drawer
2026-09-18 13:25:49,214 | INFO | [t=280] VLA chunk prompt=open top drawer
2026-09-18 13:25:49,605 | INFO | [t=290] VLA chunk prompt=open top drawer
2026-09-18 13:25:49,999 | INFO | [t=300] VLA chunk prompt=open top drawer
2026-09-18 13:25:50,387 | INFO | [t=310] VLA chunk prompt=open top drawer
2026-09-18 13:25:50,774 | INFO | [t=320] VLA chunk prompt=open top drawer
2026-09-18 13:25:51,170 | INFO | [t=330] VLA chunk prompt=open top drawer
2026-09-18 13:25:51,578 | INFO | [t=340] VLA chunk prompt=open top drawer
2026-09-18 13:25:51,974 | INFO | [t=350] VLA chunk prompt=open top drawer
2026-09-18 13:25:52,369 | INFO | [t=360] VLA chunk prompt=open top drawer
2026-09-18 13:25:52,771 | INFO | [t=370] VLA chunk prompt=open top drawer
2026-09-18 13:25:53,173 | INFO | [t=380] VLA chunk prompt=open top drawer
2026-09-18 13:25:53,573 | INFO | [t=390] VLA chunk prompt=open top drawer
2026-09-18 13:25:53,972 | INFO | [t=400] VLA chunk prompt=open top drawer
2026-09-18 13:25:54,375 | INFO | [t=410] VLA chunk prompt=open top drawer
2026-09-18 13:25:54,784 | INFO | [t=420] VLA chunk prompt=open top drawer
2026-09-18 13:25:55,197 | INFO | [t=430] VLA chunk prompt=open top drawer
2026-09-18 13:25:55,602 | INFO | [t=440] VLA chunk prompt=open top drawer
2026-09-18 13:25:55,993 | INFO | [t=450] VLA chunk prompt=open top drawer
2026-09-18 13:25:56,383 | INFO | [t=460] VLA chunk prompt=open top drawer
2026-09-18 13:25:56,772 | INFO | [t=470] VLA chunk prompt=open top drawer
2026-09-18 13:25:57,161 | INFO | [t=480] VLA chunk prompt=open top drawer
2026-09-18 13:25:57,546 | INFO | [t=490] VLA chunk prompt=open top drawer
2026-09-18 13:25:57,930 | INFO | [t=500] VLA chunk prompt=open top drawer
2026-09-18 13:25:58,313 | INFO | [t=510] VLA chunk prompt=open top drawer
2026-09-18 13:25:58,697 | INFO | [t=520] VLA chunk prompt=open top drawer
2026-09-18 13:25:59,083 | INFO | [t=530] VLA chunk prompt=open top drawer
2026-09-18 13:25:59,470 | INFO | [t=540] VLA chunk prompt=open top drawer
2026-09-18 13:25:59,855 | INFO | [t=550] VLA chunk prompt=open top drawer
2026-09-18 13:26:00,238 | INFO | [t=560] VLA chunk prompt=open top drawer
2026-09-18 13:26:00,625 | INFO | [t=570] VLA chunk prompt=open top drawer
2026-09-18 13:26:01,010 | INFO | [t=580] VLA chunk prompt=open top drawer
2026-09-18 13:26:01,397 | INFO | [t=590] VLA chunk prompt=open top drawer
2026-09-18 13:26:01,785 | INFO | [t=600] VLA chunk prompt=open top drawer
2026-09-18 13:26:02,171 | INFO | [t=610] VLA chunk prompt=open top drawer
2026-09-18 13:26:02,558 | INFO | [t=620] VLA chunk prompt=open top drawer
2026-09-18 13:26:02,945 | INFO | [t=630] VLA chunk prompt=open top drawer
2026-09-18 13:26:03,332 | INFO | [t=640] VLA chunk prompt=open top drawer
2026-09-18 13:26:03,719 | INFO | [t=650] VLA chunk prompt=open top drawer
2026-09-18 13:26:04,106 | INFO | [t=660] VLA chunk prompt=open top drawer
2026-09-18 13:26:04,493 | INFO | [t=670] VLA chunk prompt=open top drawer
2026-09-18 13:26:04,880 | INFO | [t=680] VLA chunk prompt=open top drawer
2026-09-18 13:26:05,264 | INFO | [t=690] VLA chunk prompt=open top drawer
2026-09-18 13:26:05,647 | INFO | [t=700] VLA chunk prompt=open top drawer
2026-09-18 13:26:06,031 | INFO | [t=710] VLA chunk prompt=open top drawer
2026-09-18 13:26:06,413 | INFO | [t=720] VLA chunk prompt=open top drawer
2026-09-18 13:26:06,799 | INFO | [t=730] VLA chunk prompt=open top drawer
2026-09-18 13:26:07,188 | INFO | [t=740] VLA chunk prompt=open top drawer
2026-09-18 13:26:07,578 | INFO | [t=750] VLA chunk prompt=open top drawer
2026-09-18 13:26:07,970 | INFO | [t=760] VLA chunk prompt=open top drawer
2026-09-18 13:26:08,373 | INFO | [t=770] VLA chunk prompt=open top drawer
2026-09-18 13:26:08,770 | INFO | [t=780] VLA chunk prompt=open top drawer
2026-09-18 13:26:09,171 | INFO | [t=790] VLA chunk prompt=open top drawer
2026-09-18 13:26:09,577 | INFO | [t=800] VLA chunk prompt=open top drawer
2026-09-18 13:26:09,978 | INFO | [t=810] VLA chunk prompt=open top drawer
2026-09-18 13:26:10,386 | INFO | [t=820] VLA chunk prompt=open top drawer
2026-09-18 13:26:10,793 | INFO | [t=830] VLA chunk prompt=open top drawer
2026-09-18 13:26:11,202 | INFO | [t=840] VLA chunk prompt=open top drawer
2026-09-18 13:26:11,600 | INFO | [t=850] VLA chunk prompt=open top drawer
2026-09-18 13:26:11,991 | INFO | [t=860] VLA chunk prompt=open top drawer
2026-09-18 13:26:12,380 | INFO | [t=870] VLA chunk prompt=open top drawer
2026-09-18 13:26:12,775 | INFO | [t=880] VLA chunk prompt=open top drawer
2026-09-18 13:26:13,166 | INFO | [t=890] VLA chunk prompt=open top drawer
2026-09-18 13:26:13,561 | INFO | [t=900] VLA chunk prompt=open top drawer
2026-09-18 13:26:13,954 | INFO | [t=910] VLA chunk prompt=open top drawer
2026-09-18 13:26:14,343 | INFO | [t=920] VLA chunk prompt=open top drawer
2026-09-18 13:26:14,731 | INFO | [t=930] VLA chunk prompt=open top drawer
2026-09-18 13:26:15,119 | INFO | [t=940] VLA chunk prompt=open top drawer
2026-09-18 13:26:15,508 | INFO | [t=950] VLA chunk prompt=open top drawer
2026-09-18 13:26:15,896 | INFO | [t=960] VLA chunk prompt=open top drawer
2026-09-18 13:26:16,197 | INFO | API VLM @t=0 task=5 subtask=open top drawer keyframes=[]
2026-09-18 13:26:16,289 | INFO | [t=970] VLA chunk prompt=open top drawer
2026-09-18 13:26:16,679 | INFO | [t=980] VLA chunk prompt=open top drawer
2026-09-18 13:26:17,065 | INFO | [t=990] VLA chunk prompt=open top drawer
2026-09-18 13:26:17,450 | INFO | [t=1000] VLA chunk prompt=open top drawer
2026-09-18 13:26:17,833 | INFO | [t=1010] VLA chunk prompt=open top drawer
2026-09-18 13:26:18,216 | INFO | [t=1020] VLA chunk prompt=open top drawer
2026-09-18 13:26:18,598 | INFO | [t=1030] VLA chunk prompt=open top drawer
2026-09-18 13:26:18,983 | INFO | [t=1040] VLA chunk prompt=open top drawer
2026-09-18 13:26:19,369 | INFO | [t=1050] VLA chunk prompt=open top drawer
2026-09-18 13:26:19,760 | INFO | [t=1060] VLA chunk prompt=open top drawer
2026-09-18 13:26:20,154 | INFO | [t=1070] VLA chunk prompt=open top drawer
2026-09-18 13:26:20,543 | INFO | [t=1080] VLA chunk prompt=open top drawer
2026-09-18 13:26:20,929 | INFO | [t=1090] VLA chunk prompt=open top drawer
2026-09-18 13:26:21,315 | INFO | [t=1100] VLA chunk prompt=open top drawer
2026-09-18 13:26:21,701 | INFO | [t=1110] VLA chunk prompt=open top drawer
2026-09-18 13:26:22,086 | INFO | [t=1120] VLA chunk prompt=open top drawer
2026-09-18 13:26:22,471 | INFO | [t=1130] VLA chunk prompt=open top drawer
2026-09-18 13:26:22,858 | INFO | [t=1140] VLA chunk prompt=open top drawer
2026-09-18 13:26:23,244 | INFO | [t=1150] VLA chunk prompt=open top drawer
2026-09-18 13:26:23,632 | INFO | [t=1160] VLA chunk prompt=open top drawer
2026-09-18 13:26:24,023 | INFO | [t=1170] VLA chunk prompt=open top drawer
2026-09-18 13:26:24,409 | INFO | [t=1180] VLA chunk prompt=open top drawer
2026-09-18 13:26:24,797 | INFO | [t=1190] VLA chunk prompt=open top drawer
2026-09-18 13:26:25,184 | INFO | [t=1200] VLA chunk prompt=open top drawer
2026-09-18 13:26:25,572 | INFO | [t=1210] VLA chunk prompt=open top drawer
2026-09-18 13:26:25,964 | INFO | [t=1220] VLA chunk prompt=open top drawer
2026-09-18 13:26:26,358 | INFO | [t=1230] VLA chunk prompt=open top drawer
2026-09-18 13:26:26,751 | INFO | [t=1240] VLA chunk prompt=open top drawer
2026-09-18 13:26:27,141 | INFO | [t=1250] VLA chunk prompt=open top drawer
2026-09-18 13:26:27,528 | INFO | [t=1260] VLA chunk prompt=open top drawer
2026-09-18 13:26:27,912 | INFO | [t=1270] VLA chunk prompt=open top drawer
2026-09-18 13:26:28,297 | INFO | [t=1280] VLA chunk prompt=open top drawer
2026-09-18 13:26:28,682 | INFO | [t=1290] VLA chunk prompt=open top drawer
2026-09-18 13:26:29,071 | INFO | [t=1300] VLA chunk prompt=open top drawer
2026-09-18 13:26:29,457 | INFO | [t=1310] VLA chunk prompt=open top drawer
2026-09-18 13:26:29,844 | INFO | [t=1320] VLA chunk prompt=open top drawer
2026-09-18 13:26:30,231 | INFO | [t=1330] VLA chunk prompt=open top drawer
2026-09-18 13:26:30,616 | INFO | [t=1340] VLA chunk prompt=open top drawer
2026-09-18 13:26:31,004 | INFO | [t=1350] VLA chunk prompt=open top drawer
2026-09-18 13:26:31,388 | INFO | [t=1360] VLA chunk prompt=open top drawer
2026-09-18 13:26:31,773 | INFO | [t=1370] VLA chunk prompt=open top drawer
2026-09-18 13:26:32,155 | INFO | API VLM @t=955 task=5 subtask=open the top drawer keyframes=[]
2026-09-18 13:26:32,159 | INFO | [t=1380] VLA chunk prompt=open top drawer
2026-09-18 13:26:32,497 | INFO | [t=1390] VLM prompt update from step=955: open the top drawer
2026-09-18 13:26:32,547 | INFO | [t=1390] VLA chunk prompt=open the top drawer
2026-09-18 13:26:32,943 | INFO | [t=1400] VLA chunk prompt=open the top drawer
2026-09-18 13:26:33,332 | INFO | [t=1410] VLA chunk prompt=open the top drawer
2026-09-18 13:26:33,716 | INFO | [t=1420] VLA chunk prompt=open the top drawer
2026-09-18 13:26:34,101 | INFO | [t=1430] VLA chunk prompt=open the top drawer
2026-09-18 13:26:34,485 | INFO | [t=1440] VLA chunk prompt=open the top drawer
2026-09-18 13:26:34,875 | INFO | [t=1450] VLA chunk prompt=open the top drawer
2026-09-18 13:26:35,264 | INFO | [t=1460] VLA chunk prompt=open the top drawer
2026-09-18 13:26:35,649 | INFO | [t=1470] VLA chunk prompt=open the top drawer
2026-09-18 13:26:36,026 | INFO | [t=1480] VLA chunk prompt=open the top drawer
2026-09-18 13:26:36,399 | INFO | [t=1490] VLA chunk prompt=open the top drawer
2026-09-18 13:26:36,771 | INFO | [t=1500] VLA chunk prompt=open the top drawer
2026-09-18 13:26:37,143 | INFO | [t=1510] VLA chunk prompt=open the top drawer
2026-09-18 13:26:37,513 | INFO | [t=1520] VLA chunk prompt=open the top drawer
2026-09-18 13:26:37,878 | INFO | [t=1530] VLA chunk prompt=open the top drawer
2026-09-18 13:26:38,240 | INFO | [t=1540] VLA chunk prompt=open the top drawer
2026-09-18 13:26:38,601 | INFO | [t=1550] VLA chunk prompt=open the top drawer
2026-09-18 13:26:38,964 | INFO | [t=1560] VLA chunk prompt=open the top drawer
2026-09-18 13:26:39,327 | INFO | [t=1570] VLA chunk prompt=open the top drawer
2026-09-18 13:26:39,692 | INFO | [t=1580] VLA chunk prompt=open the top drawer
2026-09-18 13:26:40,069 | INFO | [t=1590] VLA chunk prompt=open the top drawer
2026-09-18 13:26:40,443 | INFO | [t=1600] VLA chunk prompt=open the top drawer
2026-09-18 13:26:40,814 | INFO | [t=1610] VLA chunk prompt=open the top drawer
2026-09-18 13:26:41,179 | INFO | [t=1620] VLA chunk prompt=open the top drawer
2026-09-18 13:26:41,543 | INFO | [t=1630] VLA chunk prompt=open the top drawer
2026-09-18 13:26:41,905 | INFO | [t=1640] VLA chunk prompt=open the top drawer
2026-09-18 13:26:42,266 | INFO | [t=1650] VLA chunk prompt=open the top drawer
2026-09-18 13:26:42,625 | INFO | [t=1660] VLA chunk prompt=open the top drawer
2026-09-18 13:26:42,993 | INFO | [t=1670] VLA chunk prompt=open the top drawer
2026-09-18 13:26:43,361 | INFO | [t=1680] VLA chunk prompt=open the top drawer
2026-09-18 13:26:43,725 | INFO | [t=1690] VLA chunk prompt=open the top drawer
2026-09-18 13:26:44,096 | INFO | [t=1700] VLA chunk prompt=open the top drawer
2026-09-18 13:26:44,468 | INFO | [t=1710] VLA chunk prompt=open the top drawer
2026-09-18 13:26:44,842 | INFO | [t=1720] VLA chunk prompt=open the top drawer
2026-09-18 13:26:45,221 | INFO | [t=1730] VLA chunk prompt=open the top drawer
2026-09-18 13:26:45,592 | INFO | [t=1740] VLA chunk prompt=open the top drawer
2026-09-18 13:26:45,963 | INFO | [t=1750] VLA chunk prompt=open the top drawer
2026-09-18 13:26:46,338 | INFO | [t=1760] VLA chunk prompt=open the top drawer
2026-09-18 13:26:46,712 | INFO | [t=1770] VLA chunk prompt=open the top drawer
2026-09-18 13:26:47,084 | INFO | [t=1780] VLA chunk prompt=open the top drawer
2026-09-18 13:26:47,449 | INFO | [t=1790] VLA chunk prompt=open the top drawer
2026-09-18 13:26:47,813 | INFO | [t=1800] VLA chunk prompt=open the top drawer
2026-09-18 13:26:48,176 | INFO | [t=1810] VLA chunk prompt=open the top drawer
2026-09-18 13:26:48,536 | INFO | [t=1820] VLA chunk prompt=open the top drawer
2026-09-18 13:26:48,897 | INFO | [t=1830] VLA chunk prompt=open the top drawer
2026-09-18 13:26:49,258 | INFO | [t=1840] VLA chunk prompt=open the top drawer
2026-09-18 13:26:49,616 | INFO | [t=1850] VLA chunk prompt=open the top drawer
2026-09-18 13:26:49,976 | INFO | [t=1860] VLA chunk prompt=open the top drawer
2026-09-18 13:26:50,344 | INFO | [t=1870] VLA chunk prompt=open the top drawer
2026-09-18 13:26:50,715 | INFO | [t=1880] VLA chunk prompt=open the top drawer
2026-09-18 13:26:51,082 | INFO | [t=1890] VLA chunk prompt=open the top drawer
2026-09-18 13:26:51,450 | INFO | [t=1900] VLA chunk prompt=open the top drawer
2026-09-18 13:26:51,815 | INFO | [t=1910] VLA chunk prompt=open the top drawer
2026-09-18 13:26:52,174 | INFO | [t=1920] VLA chunk prompt=open the top drawer
2026-09-18 13:26:52,535 | INFO | [t=1930] VLA chunk prompt=open the top drawer
2026-09-18 13:26:52,895 | INFO | [t=1940] VLA chunk prompt=open the top drawer
2026-09-18 13:26:53,257 | INFO | [t=1950] VLA chunk prompt=open the top drawer
2026-09-18 13:26:53,618 | INFO | [t=1960] VLA chunk prompt=open the top drawer
2026-09-18 13:26:53,986 | INFO | [t=1970] VLA chunk prompt=open the top drawer
2026-09-18 13:26:54,357 | INFO | [t=1980] VLA chunk prompt=open the top drawer
2026-09-18 13:26:54,729 | INFO | [t=1990] VLA chunk prompt=open the top drawer
2026-09-18 13:26:55,106 | INFO | [t=2000] VLA chunk prompt=open the top drawer
2026-09-18 13:26:55,497 | INFO | [t=2010] VLA chunk prompt=open the top drawer
2026-09-18 13:26:55,895 | INFO | [t=2020] VLA chunk prompt=open the top drawer
2026-09-18 13:26:56,289 | INFO | [t=2030] VLA chunk prompt=open the top drawer
2026-09-18 13:26:56,685 | INFO | [t=2040] VLA chunk prompt=open the top drawer
2026-09-18 13:26:57,077 | INFO | [t=2050] VLA chunk prompt=open the top drawer
2026-09-18 13:26:57,464 | INFO | [t=2060] VLA chunk prompt=open the top drawer
2026-09-18 13:26:57,860 | INFO | [t=2070] VLA chunk prompt=open the top drawer
2026-09-18 13:26:58,257 | INFO | [t=2080] VLA chunk prompt=open the top drawer
2026-09-18 13:26:58,659 | INFO | [t=2090] VLA chunk prompt=open the top drawer
2026-09-18 13:26:59,064 | INFO | [t=2100] VLA chunk prompt=open the top drawer
2026-09-18 13:26:59,468 | INFO | [t=2110] VLA chunk prompt=open the top drawer
2026-09-18 13:26:59,865 | INFO | [t=2120] VLA chunk prompt=open the top drawer
2026-09-18 13:27:00,259 | INFO | [t=2130] VLA chunk prompt=open the top drawer
2026-09-18 13:27:00,656 | INFO | [t=2140] VLA chunk prompt=open the top drawer
2026-09-18 13:27:01,053 | INFO | [t=2150] VLA chunk prompt=open the top drawer
2026-09-18 13:27:01,451 | INFO | [t=2160] VLA chunk prompt=open the top drawer
2026-09-18 13:27:01,852 | INFO | [t=2170] VLA chunk prompt=open the top drawer
2026-09-18 13:27:02,253 | INFO | [t=2180] VLA chunk prompt=open the top drawer
2026-09-18 13:27:02,663 | INFO | [t=2190] VLA chunk prompt=open the top drawer
2026-09-18 13:27:03,077 | INFO | [t=2200] VLA chunk prompt=open the top drawer
2026-09-18 13:27:03,495 | INFO | [t=2210] VLA chunk prompt=open the top drawer
2026-09-18 13:27:03,916 | INFO | [t=2220] VLA chunk prompt=open the top drawer
2026-09-18 13:27:04,338 | INFO | [t=2230] VLA chunk prompt=open the top drawer
2026-09-18 13:27:04,761 | INFO | [t=2240] VLA chunk prompt=open the top drawer
2026-09-18 13:27:05,179 | INFO | [t=2250] VLA chunk prompt=open the top drawer
2026-09-18 13:27:05,596 | INFO | [t=2260] VLA chunk prompt=open the top drawer
2026-09-18 13:27:05,994 | INFO | [t=2270] VLA chunk prompt=open the top drawer
2026-09-18 13:27:06,392 | INFO | [t=2280] VLA chunk prompt=open the top drawer
2026-09-18 13:27:06,781 | INFO | [t=2290] VLA chunk prompt=open the top drawer
2026-09-18 13:27:07,173 | INFO | [t=2300] VLA chunk prompt=open the top drawer
2026-09-18 13:27:07,564 | INFO | [t=2310] VLA chunk prompt=open the top drawer
2026-09-18 13:27:07,951 | INFO | [t=2320] VLA chunk prompt=open the top drawer
2026-09-18 13:27:08,334 | INFO | [t=2330] VLA chunk prompt=open the top drawer
2026-09-18 13:27:08,701 | INFO | [t=2340] VLA chunk prompt=open the top drawer
2026-09-18 13:27:09,061 | INFO | [t=2350] VLA chunk prompt=open the top drawer
2026-09-18 13:27:09,416 | INFO | [t=2360] VLA chunk prompt=open the top drawer
2026-09-18 13:27:09,772 | INFO | [t=2370] VLA chunk prompt=open the top drawer
2026-09-18 13:27:10,134 | INFO | [t=2380] VLA chunk prompt=open the top drawer
2026-09-18 13:27:10,505 | INFO | [t=2390] VLA chunk prompt=open the top drawer
2026-09-18 13:27:10,879 | INFO | [t=2400] VLA chunk prompt=open the top drawer
2026-09-18 13:27:11,250 | INFO | [t=2410] VLA chunk prompt=open the top drawer
2026-09-18 13:27:11,627 | INFO | [t=2420] VLA chunk prompt=open the top drawer
2026-09-18 13:27:12,008 | INFO | [t=2430] VLA chunk prompt=open the top drawer
2026-09-18 13:27:12,389 | INFO | [t=2440] VLA chunk prompt=open the top drawer
2026-09-18 13:27:12,769 | INFO | [t=2450] VLA chunk prompt=open the top drawer
2026-09-18 13:27:13,146 | INFO | [t=2460] VLA chunk prompt=open the top drawer
2026-09-18 13:27:13,538 | INFO | [t=2470] VLA chunk prompt=open the top drawer
2026-09-18 13:27:13,925 | INFO | [t=2480] VLA chunk prompt=open the top drawer
2026-09-18 13:27:14,305 | INFO | [t=2490] VLA chunk prompt=open the top drawer
2026-09-18 13:27:14,689 | INFO | [t=2500] VLA chunk prompt=open the top drawer
2026-09-18 13:27:18,043 | INFO | attempt=1 stage_score=0.0 stage_success=False failure_reason=incomplete_stage
2026-09-18 13:27:18,048 | INFO | Episode 2 seed=102 stage_score=25.0 stage_success=0 goal=0.250 failure_reason=incomplete_stage | 01_Open_Top_Drawer=Y | 02_Close_Top_Drawer=Y | 03_Open_Middle_Drawer=N | 04_Close_Middle_Drawer=N | 05_Open_Bottom_Drawer=N | 06_Close_Bottom_Drawer=N | 07_Open_Middle_Drawer_Again=N | 08_Put_Butter_Middle_Drawer=N | 09_Close_Middle_Drawer_Final=N
