2026-09-27 12:45:56,250 | INFO | task_id=5 bddl=/project/peilab/why/RoboMemArena/bddl/5_butter_middle_drawer.bddl vlm_ckpt=/project/peilab/why/RoboMemArena/checkpoints/PrediMem/vlm_tasks1to26_ckpt74500
2026-09-27 12:45:56,261 | INFO | [redact] enabled task=5 registered_phrases=6 terms=['bottom drawer', 'bottom_drawer', 'middle drawer', 'middle_drawer', 'top drawer', 'top_drawer']
2026-09-27 12:45:58,186 | INFO | async VLM enabled: single-slot subtask buffer
2026-09-27 12:45:58,391 | INFO | [redact] enabled task=5 registered_phrases=0 terms=['bottom drawer', 'bottom_drawer', 'middle drawer', 'middle_drawer', 'top drawer', 'top_drawer']
2026-09-27 12:45:58,444 | INFO | [t=10] VLA chunk prompt=Open all drawers in order, remember the empty drawer, then put butter into that empty drawer.
2026-09-27 12:45:58,729 | INFO | [t=20] VLA chunk prompt=Open all drawers in order, remember the empty drawer, then put butter into that empty drawer.
2026-09-27 12:45:59,004 | INFO | [t=30] VLA chunk prompt=Open all drawers in order, remember the empty drawer, then put butter into that empty drawer.
2026-09-27 12:45:59,276 | INFO | [t=40] VLA chunk prompt=Open all drawers in order, remember the empty drawer, then put butter into that empty drawer.
2026-09-27 12:45:59,549 | INFO | [t=50] VLA chunk prompt=Open all drawers in order, remember the empty drawer, then put butter into that empty drawer.
2026-09-27 12:45:59,826 | INFO | [t=60] VLA chunk prompt=Open all drawers in order, remember the empty drawer, then put butter into that empty drawer.
2026-09-27 12:46:00,111 | INFO | [t=70] VLA chunk prompt=Open all drawers in order, remember the empty drawer, then put butter into that empty drawer.
2026-09-27 12:46:00,391 | INFO | [t=80] VLA chunk prompt=Open all drawers in order, remember the empty drawer, then put butter into that empty drawer.
2026-09-27 12:46:00,737 | INFO | [t=90] VLA chunk prompt=Open all drawers in order, remember the empty drawer, then put butter into that empty drawer.
2026-09-27 12:46:01,023 | INFO | [t=100] VLA chunk prompt=Open all drawers in order, remember the empty drawer, then put butter into that empty drawer.
2026-09-27 12:46:01,347 | INFO | [t=110] VLA chunk prompt=Open all drawers in order, remember the empty drawer, then put butter into that empty drawer.
2026-09-27 12:46:01,669 | INFO | [t=120] VLA chunk prompt=Open all drawers in order, remember the empty drawer, then put butter into that empty drawer.
2026-09-27 12:46:01,988 | INFO | [t=130] VLA chunk prompt=Open all drawers in order, remember the empty drawer, then put butter into that empty drawer.
2026-09-27 12:46:02,313 | INFO | [t=140] VLA chunk prompt=Open all drawers in order, remember the empty drawer, then put butter into that empty drawer.
2026-09-27 12:46:02,505 | INFO | [t=144] stage done: 01_Open_Top_Drawer
2026-09-27 12:46:02,997 | INFO | [t=150] VLA chunk prompt=Open all drawers in order, remember the empty drawer, then put butter into that empty drawer.
2026-09-27 12:46:03,360 | INFO | [t=160] VLA chunk prompt=Open all drawers in order, remember the empty drawer, then put butter into that empty drawer.
2026-09-27 12:46:03,396 | INFO | API VLM @t=0 task=5 subtask=Open the top drawer to inspect its contents. keyframes=[]
2026-09-27 12:46:03,399 | INFO | [redact] enabled task=5 registered_phrases=0 terms=['bottom drawer', 'bottom_drawer', 'middle drawer', 'middle_drawer', 'top drawer', 'top_drawer']
2026-09-27 12:46:03,670 | INFO | [t=170] VLM prompt update from step=0: Open the top drawer to inspect its contents.
2026-09-27 12:46:03,723 | INFO | [t=170] VLA chunk prompt=Open the top drawer to inspect its contents.
2026-09-27 12:46:04,281 | INFO | [t=180] VLA chunk prompt=Open the top drawer to inspect its contents.
2026-09-27 12:46:04,643 | INFO | [t=190] VLA chunk prompt=Open the top drawer to inspect its contents.
2026-09-27 12:46:05,103 | INFO | [t=200] VLA chunk prompt=Open the top drawer to inspect its contents.
2026-09-27 12:46:05,461 | INFO | [t=210] VLA chunk prompt=Open the top drawer to inspect its contents.
2026-09-27 12:46:05,818 | INFO | [t=220] VLA chunk prompt=Open the top drawer to inspect its contents.
2026-09-27 12:46:06,179 | INFO | [t=230] VLA chunk prompt=Open the top drawer to inspect its contents.
2026-09-27 12:46:06,537 | INFO | [t=240] VLA chunk prompt=Open the top drawer to inspect its contents.
2026-09-27 12:46:06,936 | INFO | [t=250] VLA chunk prompt=Open the top drawer to inspect its contents.
2026-09-27 12:46:07,295 | INFO | [t=260] VLA chunk prompt=Open the top drawer to inspect its contents.
2026-09-27 12:46:07,647 | INFO | [t=270] VLA chunk prompt=Open the top drawer to inspect its contents.
2026-09-27 12:46:08,006 | INFO | [t=280] VLA chunk prompt=Open the top drawer to inspect its contents.
2026-09-27 12:46:08,069 | INFO | API VLM @t=150 task=5 subtask=Close the currently open drawer. keyframes=[7]
2026-09-27 12:46:08,072 | INFO | [redact] enabled task=5 registered_phrases=0 terms=['bottom drawer', 'bottom_drawer', 'middle drawer', 'middle_drawer', 'top drawer', 'top_drawer']
2026-09-27 12:46:08,316 | INFO | [t=290] VLM prompt update from step=150: Close the currently open drawer.
2026-09-27 12:46:08,369 | INFO | [t=290] VLA chunk prompt=Close the currently open drawer.
2026-09-27 12:46:08,724 | INFO | [t=300] VLA chunk prompt=Close the currently open drawer.
2026-09-27 12:46:09,077 | INFO | [t=310] VLA chunk prompt=Close the currently open drawer.
2026-09-27 12:46:09,437 | INFO | [t=320] VLA chunk prompt=Close the currently open drawer.
2026-09-27 12:46:09,883 | INFO | [t=330] VLA chunk prompt=Close the currently open drawer.
2026-09-27 12:46:10,245 | INFO | [t=340] VLA chunk prompt=Close the currently open drawer.
2026-09-27 12:46:10,614 | INFO | [t=350] VLA chunk prompt=Close the currently open drawer.
2026-09-27 12:46:10,973 | INFO | [t=360] VLA chunk prompt=Close the currently open drawer.
2026-09-27 12:46:11,334 | INFO | [t=370] VLA chunk prompt=Close the currently open drawer.
2026-09-27 12:46:11,704 | INFO | [t=380] VLA chunk prompt=Close the currently open drawer.
2026-09-27 12:46:12,067 | INFO | [t=390] VLA chunk prompt=Close the currently open drawer.
2026-09-27 12:46:12,426 | INFO | [t=400] VLA chunk prompt=Close the currently open drawer.
2026-09-27 12:46:12,799 | INFO | [t=410] VLA chunk prompt=Close the currently open drawer.
2026-09-27 12:46:13,181 | INFO | [t=420] VLA chunk prompt=Close the currently open drawer.
2026-09-27 12:46:13,558 | INFO | [t=430] VLA chunk prompt=Close the currently open drawer.
2026-09-27 12:46:13,937 | INFO | [t=440] VLA chunk prompt=Close the currently open drawer.
2026-09-27 12:46:14,183 | INFO | API VLM @t=270 task=5 subtask=Close the currently open drawer. keyframes=[]
2026-09-27 12:46:14,186 | INFO | [redact] enabled task=5 registered_phrases=0 terms=['bottom drawer', 'bottom_drawer', 'middle drawer', 'middle_drawer', 'top drawer', 'top_drawer']
2026-09-27 12:46:14,329 | INFO | [t=450] VLA chunk prompt=Close the currently open drawer.
2026-09-27 12:46:14,717 | INFO | [t=460] VLA chunk prompt=Close the currently open drawer.
2026-09-27 12:46:15,112 | INFO | [t=470] VLA chunk prompt=Close the currently open drawer.
2026-09-27 12:46:15,519 | INFO | [t=480] VLA chunk prompt=Close the currently open drawer.
2026-09-27 12:46:15,919 | INFO | [t=490] VLA chunk prompt=Close the currently open drawer.
2026-09-27 12:46:16,318 | INFO | [t=500] VLA chunk prompt=Close the currently open drawer.
2026-09-27 12:46:16,712 | INFO | [t=510] VLA chunk prompt=Close the currently open drawer.
2026-09-27 12:46:17,106 | INFO | [t=520] VLA chunk prompt=Close the currently open drawer.
2026-09-27 12:46:17,499 | INFO | [t=530] VLA chunk prompt=Close the currently open drawer.
2026-09-27 12:46:17,900 | INFO | [t=540] VLA chunk prompt=Close the currently open drawer.
2026-09-27 12:46:18,292 | INFO | [t=550] VLA chunk prompt=Close the currently open drawer.
2026-09-27 12:46:18,683 | INFO | [t=560] VLA chunk prompt=Close the currently open drawer.
2026-09-27 12:46:19,070 | INFO | [t=570] VLA chunk prompt=Close the currently open drawer.
2026-09-27 12:46:19,455 | INFO | [t=580] VLA chunk prompt=Close the currently open drawer.
2026-09-27 12:46:19,839 | INFO | [t=590] VLA chunk prompt=Close the currently open drawer.
2026-09-27 12:46:20,228 | INFO | [t=600] VLA chunk prompt=Close the currently open drawer.
2026-09-27 12:46:20,349 | INFO | API VLM @t=435 task=5 subtask=Push the open drawer closed. keyframes=[]
2026-09-27 12:46:20,351 | INFO | [redact] enabled task=5 registered_phrases=0 terms=['bottom drawer', 'bottom_drawer', 'middle drawer', 'middle_drawer', 'top drawer', 'top_drawer']
2026-09-27 12:46:20,559 | INFO | [t=610] VLM prompt update from step=435: Push the open drawer closed.
2026-09-27 12:46:20,611 | INFO | [t=610] VLA chunk prompt=Push the open drawer closed.
2026-09-27 12:46:20,986 | INFO | [t=620] VLA chunk prompt=Push the open drawer closed.
2026-09-27 12:46:21,354 | INFO | [t=630] VLA chunk prompt=Push the open drawer closed.
2026-09-27 12:46:21,718 | INFO | [t=640] VLA chunk prompt=Push the open drawer closed.
2026-09-27 12:46:22,078 | INFO | [t=650] VLA chunk prompt=Push the open drawer closed.
2026-09-27 12:46:22,446 | INFO | [t=660] VLA chunk prompt=Push the open drawer closed.
2026-09-27 12:46:22,822 | INFO | [t=670] VLA chunk prompt=Push the open drawer closed.
2026-09-27 12:46:23,194 | INFO | [t=680] VLA chunk prompt=Push the open drawer closed.
2026-09-27 12:46:23,561 | INFO | [t=690] VLA chunk prompt=Push the open drawer closed.
2026-09-27 12:46:23,921 | INFO | [t=700] VLA chunk prompt=Push the open drawer closed.
2026-09-27 12:46:24,271 | INFO | API VLM @t=590 task=5 subtask=Close the currently open drawer. keyframes=[]
2026-09-27 12:46:24,273 | INFO | [redact] enabled task=5 registered_phrases=0 terms=['bottom drawer', 'bottom_drawer', 'middle drawer', 'middle_drawer', 'top drawer', 'top_drawer']
2026-09-27 12:46:24,290 | INFO | [t=710] VLA chunk prompt=Push the open drawer closed.
2026-09-27 12:46:24,621 | INFO | [t=720] VLM prompt update from step=590: Close the currently open drawer.
2026-09-27 12:46:24,673 | INFO | [t=720] VLA chunk prompt=Close the currently open drawer.
2026-09-27 12:46:25,056 | INFO | [t=730] VLA chunk prompt=Close the currently open drawer.
2026-09-27 12:46:25,447 | INFO | [t=740] VLA chunk prompt=Close the currently open drawer.
2026-09-27 12:46:25,845 | INFO | [t=750] VLA chunk prompt=Close the currently open drawer.
2026-09-27 12:46:26,250 | INFO | [t=760] VLA chunk prompt=Close the currently open drawer.
2026-09-27 12:46:26,658 | INFO | [t=770] VLA chunk prompt=Close the currently open drawer.
2026-09-27 12:46:27,044 | INFO | [t=780] VLA chunk prompt=Close the currently open drawer.
2026-09-27 12:46:27,413 | INFO | [t=790] VLA chunk prompt=Close the currently open drawer.
2026-09-27 12:46:27,782 | INFO | [t=800] VLA chunk prompt=Close the currently open drawer.
2026-09-27 12:46:28,110 | INFO | API VLM @t=700 task=5 subtask=Close the currently open drawer. keyframes=[]
2026-09-27 12:46:28,112 | INFO | [redact] enabled task=5 registered_phrases=0 terms=['bottom drawer', 'bottom_drawer', 'middle drawer', 'middle_drawer', 'top drawer', 'top_drawer']
2026-09-27 12:46:28,159 | INFO | [t=810] VLA chunk prompt=Close the currently open drawer.
2026-09-27 12:46:28,540 | INFO | [t=820] VLA chunk prompt=Close the currently open drawer.
2026-09-27 12:46:28,915 | INFO | [t=830] VLA chunk prompt=Close the currently open drawer.
2026-09-27 12:46:29,296 | INFO | [t=840] VLA chunk prompt=Close the currently open drawer.
2026-09-27 12:46:29,685 | INFO | [t=850] VLA chunk prompt=Close the currently open drawer.
2026-09-27 12:46:30,072 | INFO | [t=860] VLA chunk prompt=Close the currently open drawer.
2026-09-27 12:46:30,457 | INFO | [t=870] VLA chunk prompt=Close the currently open drawer.
2026-09-27 12:46:30,523 | INFO | [t=872] stage done: 02_Close_Top_Drawer
2026-09-27 12:46:30,846 | INFO | [t=880] VLA chunk prompt=Close the currently open drawer.
2026-09-27 12:46:31,225 | INFO | [t=890] VLA chunk prompt=Close the currently open drawer.
2026-09-27 12:46:31,624 | INFO | [t=900] VLA chunk prompt=Close the currently open drawer.
2026-09-27 12:46:32,014 | INFO | [t=910] VLA chunk prompt=Close the currently open drawer.
2026-09-27 12:46:32,392 | INFO | [t=920] VLA chunk prompt=Close the currently open drawer.
2026-09-27 12:46:32,626 | INFO | API VLM @t=800 task=5 subtask=Close the currently open drawer. keyframes=[]
2026-09-27 12:46:32,629 | INFO | [redact] enabled task=5 registered_phrases=0 terms=['bottom drawer', 'bottom_drawer', 'middle drawer', 'middle_drawer', 'top drawer', 'top_drawer']
2026-09-27 12:46:32,770 | INFO | [t=930] VLA chunk prompt=Close the currently open drawer.
2026-09-27 12:46:33,126 | INFO | [t=940] VLA chunk prompt=Close the currently open drawer.
2026-09-27 12:46:33,480 | INFO | [t=950] VLA chunk prompt=Close the currently open drawer.
2026-09-27 12:46:33,828 | INFO | [t=960] VLA chunk prompt=Close the currently open drawer.
2026-09-27 12:46:34,180 | INFO | [t=970] VLA chunk prompt=Close the currently open drawer.
2026-09-27 12:46:34,547 | INFO | [t=980] VLA chunk prompt=Close the currently open drawer.
2026-09-27 12:46:34,916 | INFO | [t=990] VLA chunk prompt=Close the currently open drawer.
2026-09-27 12:46:35,282 | INFO | [t=1000] VLA chunk prompt=Close the currently open drawer.
2026-09-27 12:46:35,659 | INFO | [t=1010] VLA chunk prompt=Close the currently open drawer.
2026-09-27 12:46:36,035 | INFO | [t=1020] VLA chunk prompt=Close the currently open drawer.
2026-09-27 12:46:36,405 | INFO | [t=1030] VLA chunk prompt=Close the currently open drawer.
2026-09-27 12:46:36,764 | INFO | [t=1040] VLA chunk prompt=Close the currently open drawer.
2026-09-27 12:46:36,837 | INFO | API VLM @t=915 task=5 subtask=Open the next drawer in order and inspect its contents. keyframes=[]
2026-09-27 12:46:36,840 | INFO | [redact] enabled task=5 registered_phrases=0 terms=['bottom drawer', 'bottom_drawer', 'middle drawer', 'middle_drawer', 'top drawer', 'top_drawer']
2026-09-27 12:46:37,070 | INFO | [t=1050] VLM prompt update from step=915: Open the next drawer in order and inspect its contents.
2026-09-27 12:46:37,121 | INFO | [t=1050] VLA chunk prompt=Open the next drawer in order and inspect its contents.
2026-09-27 12:46:37,470 | INFO | [t=1060] VLA chunk prompt=Open the next drawer in order and inspect its contents.
2026-09-27 12:46:37,825 | INFO | [t=1070] VLA chunk prompt=Open the next drawer in order and inspect its contents.
2026-09-27 12:46:38,201 | INFO | [t=1080] VLA chunk prompt=Open the next drawer in order and inspect its contents.
2026-09-27 12:46:38,573 | INFO | [t=1090] VLA chunk prompt=Open the next drawer in order and inspect its contents.
2026-09-27 12:46:38,947 | INFO | [t=1100] VLA chunk prompt=Open the next drawer in order and inspect its contents.
2026-09-27 12:46:39,317 | INFO | [t=1110] VLA chunk prompt=Open the next drawer in order and inspect its contents.
2026-09-27 12:46:39,684 | INFO | [t=1120] VLA chunk prompt=Open the next drawer in order and inspect its contents.
2026-09-27 12:46:40,053 | INFO | [t=1130] VLA chunk prompt=Open the next drawer in order and inspect its contents.
2026-09-27 12:46:40,424 | INFO | [t=1140] VLA chunk prompt=Open the next drawer in order and inspect its contents.
2026-09-27 12:46:40,802 | INFO | [t=1150] VLA chunk prompt=Open the next drawer in order and inspect its contents.
2026-09-27 12:46:41,186 | INFO | [t=1160] VLA chunk prompt=Open the next drawer in order and inspect its contents.
2026-09-27 12:46:41,572 | INFO | [t=1170] VLA chunk prompt=Open the next drawer in order and inspect its contents.
2026-09-27 12:46:41,963 | INFO | [t=1180] VLA chunk prompt=Open the next drawer in order and inspect its contents.
2026-09-27 12:46:42,358 | INFO | [t=1190] VLA chunk prompt=Open the next drawer in order and inspect its contents.
2026-09-27 12:46:42,608 | INFO | API VLM @t=1030 task=5 subtask=Pull the relevant drawer open and inspect its contents. keyframes=[]
2026-09-27 12:46:42,611 | INFO | [redact] enabled task=5 registered_phrases=0 terms=['bottom drawer', 'bottom_drawer', 'middle drawer', 'middle_drawer', 'top drawer', 'top_drawer']
2026-09-27 12:46:42,709 | INFO | [t=1200] VLM prompt update from step=1030: Pull the relevant drawer open and inspect its contents.
2026-09-27 12:46:42,762 | INFO | [t=1200] VLA chunk prompt=Pull the relevant drawer open and inspect its contents.
2026-09-27 12:46:43,170 | INFO | [t=1210] VLA chunk prompt=Pull the relevant drawer open and inspect its contents.
2026-09-27 12:46:43,580 | INFO | [t=1220] VLA chunk prompt=Pull the relevant drawer open and inspect its contents.
2026-09-27 12:46:44,000 | INFO | [t=1230] VLA chunk prompt=Pull the relevant drawer open and inspect its contents.
2026-09-27 12:46:44,405 | INFO | [t=1240] VLA chunk prompt=Pull the relevant drawer open and inspect its contents.
2026-09-27 12:46:44,796 | INFO | [t=1250] VLA chunk prompt=Pull the relevant drawer open and inspect its contents.
2026-09-27 12:46:45,191 | INFO | [t=1260] VLA chunk prompt=Pull the relevant drawer open and inspect its contents.
2026-09-27 12:46:45,576 | INFO | [t=1270] VLA chunk prompt=Pull the relevant drawer open and inspect its contents.
2026-09-27 12:46:45,965 | INFO | [t=1280] VLA chunk prompt=Pull the relevant drawer open and inspect its contents.
2026-09-27 12:46:46,378 | INFO | [t=1290] VLA chunk prompt=Pull the relevant drawer open and inspect its contents.
2026-09-27 12:46:46,791 | INFO | [t=1300] VLA chunk prompt=Pull the relevant drawer open and inspect its contents.
2026-09-27 12:46:47,205 | INFO | [t=1310] VLA chunk prompt=Pull the relevant drawer open and inspect its contents.
2026-09-27 12:46:47,458 | INFO | API VLM @t=1185 task=5 subtask=Pull the drawer open and inspect its contents. keyframes=[]
2026-09-27 12:46:47,461 | INFO | [redact] enabled task=5 registered_phrases=0 terms=['bottom drawer', 'bottom_drawer', 'middle drawer', 'middle_drawer', 'top drawer', 'top_drawer']
2026-09-27 12:46:47,553 | INFO | [t=1320] VLM prompt update from step=1185: Pull the drawer open and inspect its contents.
2026-09-27 12:46:47,605 | INFO | [t=1320] VLA chunk prompt=Pull the drawer open and inspect its contents.
2026-09-27 12:46:47,979 | INFO | [t=1330] VLA chunk prompt=Pull the drawer open and inspect its contents.
2026-09-27 12:46:48,349 | INFO | [t=1340] VLA chunk prompt=Pull the drawer open and inspect its contents.
2026-09-27 12:46:48,729 | INFO | [t=1350] VLA chunk prompt=Pull the drawer open and inspect its contents.
2026-09-27 12:46:49,105 | INFO | [t=1360] VLA chunk prompt=Pull the drawer open and inspect its contents.
2026-09-27 12:46:49,477 | INFO | [t=1370] VLA chunk prompt=Pull the drawer open and inspect its contents.
2026-09-27 12:46:49,852 | INFO | [t=1380] VLA chunk prompt=Pull the drawer open and inspect its contents.
2026-09-27 12:46:50,222 | INFO | [t=1390] VLA chunk prompt=Pull the drawer open and inspect its contents.
2026-09-27 12:46:50,585 | INFO | [t=1400] VLA chunk prompt=Pull the drawer open and inspect its contents.
2026-09-27 12:46:50,946 | INFO | [t=1410] VLA chunk prompt=Pull the drawer open and inspect its contents.
2026-09-27 12:46:51,317 | INFO | [t=1420] VLA chunk prompt=Pull the drawer open and inspect its contents.
2026-09-27 12:46:51,685 | INFO | [t=1430] VLA chunk prompt=Pull the drawer open and inspect its contents.
2026-09-27 12:46:52,061 | INFO | [t=1440] VLA chunk prompt=Pull the drawer open and inspect its contents.
2026-09-27 12:46:52,248 | INFO | API VLM @t=1305 task=5 subtask=Pull open the next drawer in order and inspect its contents. keyframes=[]
2026-09-27 12:46:52,251 | INFO | [redact] enabled task=5 registered_phrases=0 terms=['bottom drawer', 'bottom_drawer', 'middle drawer', 'middle_drawer', 'top drawer', 'top_drawer']
2026-09-27 12:46:52,384 | INFO | [t=1450] VLM prompt update from step=1305: Pull open the next drawer in order and inspect its contents.
2026-09-27 12:46:52,436 | INFO | [t=1450] VLA chunk prompt=Pull open the next drawer in order and inspect its contents.
2026-09-27 12:46:52,796 | INFO | [t=1460] VLA chunk prompt=Pull open the next drawer in order and inspect its contents.
2026-09-27 12:46:53,156 | INFO | [t=1470] VLA chunk prompt=Pull open the next drawer in order and inspect its contents.
2026-09-27 12:46:53,524 | INFO | [t=1480] VLA chunk prompt=Pull open the next drawer in order and inspect its contents.
2026-09-27 12:46:53,895 | INFO | [t=1490] VLA chunk prompt=Pull open the next drawer in order and inspect its contents.
2026-09-27 12:46:54,258 | INFO | [t=1500] VLA chunk prompt=Pull open the next drawer in order and inspect its contents.
2026-09-27 12:46:54,622 | INFO | [t=1510] VLA chunk prompt=Pull open the next drawer in order and inspect its contents.
2026-09-27 12:46:54,988 | INFO | [t=1520] VLA chunk prompt=Pull open the next drawer in order and inspect its contents.
2026-09-27 12:46:55,361 | INFO | [t=1530] VLA chunk prompt=Pull open the next drawer in order and inspect its contents.
2026-09-27 12:46:55,746 | INFO | [t=1540] VLA chunk prompt=Pull open the next drawer in order and inspect its contents.
2026-09-27 12:46:56,133 | INFO | [t=1550] VLA chunk prompt=Pull open the next drawer in order and inspect its contents.
2026-09-27 12:46:56,512 | INFO | [t=1560] VLA chunk prompt=Pull open the next drawer in order and inspect its contents.
2026-09-27 12:46:56,893 | INFO | [t=1570] VLA chunk prompt=Pull open the next drawer in order and inspect its contents.
2026-09-27 12:46:57,274 | INFO | [t=1580] VLA chunk prompt=Pull open the next drawer in order and inspect its contents.
2026-09-27 12:46:57,384 | INFO | API VLM @t=1435 task=5 subtask=Pull the next drawer open to inspect its contents. keyframes=[]
2026-09-27 12:46:57,387 | INFO | [redact] enabled task=5 registered_phrases=0 terms=['bottom drawer', 'bottom_drawer', 'middle drawer', 'middle_drawer', 'top drawer', 'top_drawer']
2026-09-27 12:46:57,605 | INFO | [t=1590] VLM prompt update from step=1435: Pull the next drawer open to inspect its contents.
2026-09-27 12:46:57,656 | INFO | [t=1590] VLA chunk prompt=Pull the next drawer open to inspect its contents.
2026-09-27 12:46:58,030 | INFO | [t=1600] VLA chunk prompt=Pull the next drawer open to inspect its contents.
2026-09-27 12:46:58,410 | INFO | [t=1610] VLA chunk prompt=Pull the next drawer open to inspect its contents.
2026-09-27 12:46:58,778 | INFO | [t=1620] VLA chunk prompt=Pull the next drawer open to inspect its contents.
2026-09-27 12:46:59,150 | INFO | [t=1630] VLA chunk prompt=Pull the next drawer open to inspect its contents.
2026-09-27 12:46:59,523 | INFO | [t=1640] VLA chunk prompt=Pull the next drawer open to inspect its contents.
2026-09-27 12:46:59,892 | INFO | [t=1650] VLA chunk prompt=Pull the next drawer open to inspect its contents.
2026-09-27 12:47:00,263 | INFO | [t=1660] VLA chunk prompt=Pull the next drawer open to inspect its contents.
2026-09-27 12:47:00,642 | INFO | [t=1670] VLA chunk prompt=Pull the next drawer open to inspect its contents.
2026-09-27 12:47:01,012 | INFO | [t=1680] VLA chunk prompt=Pull the next drawer open to inspect its contents.
2026-09-27 12:47:01,377 | INFO | [t=1690] VLA chunk prompt=Pull the next drawer open to inspect its contents.
2026-09-27 12:47:01,739 | INFO | [t=1700] VLA chunk prompt=Pull the next drawer open to inspect its contents.
2026-09-27 12:47:02,100 | INFO | [t=1710] VLA chunk prompt=Pull the next drawer open to inspect its contents.
2026-09-27 12:47:02,458 | INFO | [t=1720] VLA chunk prompt=Pull the next drawer open to inspect its contents.
2026-09-27 12:47:02,471 | INFO | API VLM @t=1570 task=5 subtask=Pull open the next drawer in order and inspect its contents. keyframes=[]
2026-09-27 12:47:02,473 | INFO | [redact] enabled task=5 registered_phrases=0 terms=['bottom drawer', 'bottom_drawer', 'middle drawer', 'middle_drawer', 'top drawer', 'top_drawer']
2026-09-27 12:47:02,769 | INFO | [t=1730] VLM prompt update from step=1570: Pull open the next drawer in order and inspect its contents.
2026-09-27 12:47:02,820 | INFO | [t=1730] VLA chunk prompt=Pull open the next drawer in order and inspect its contents.
2026-09-27 12:47:03,184 | INFO | [t=1740] VLA chunk prompt=Pull open the next drawer in order and inspect its contents.
2026-09-27 12:47:03,548 | INFO | [t=1750] VLA chunk prompt=Pull open the next drawer in order and inspect its contents.
2026-09-27 12:47:03,913 | INFO | [t=1760] VLA chunk prompt=Pull open the next drawer in order and inspect its contents.
2026-09-27 12:47:04,283 | INFO | [t=1770] VLA chunk prompt=Pull open the next drawer in order and inspect its contents.
2026-09-27 12:47:04,653 | INFO | [t=1780] VLA chunk prompt=Pull open the next drawer in order and inspect its contents.
2026-09-27 12:47:05,025 | INFO | [t=1790] VLA chunk prompt=Pull open the next drawer in order and inspect its contents.
2026-09-27 12:47:05,395 | INFO | [t=1800] VLA chunk prompt=Pull open the next drawer in order and inspect its contents.
2026-09-27 12:47:05,765 | INFO | [t=1810] VLA chunk prompt=Pull open the next drawer in order and inspect its contents.
2026-09-27 12:47:06,133 | INFO | [t=1820] VLA chunk prompt=Pull open the next drawer in order and inspect its contents.
2026-09-27 12:47:06,510 | INFO | [t=1830] VLA chunk prompt=Pull open the next drawer in order and inspect its contents.
2026-09-27 12:47:06,884 | INFO | [t=1840] VLA chunk prompt=Pull open the next drawer in order and inspect its contents.
2026-09-27 12:47:07,252 | INFO | [t=1850] VLA chunk prompt=Pull open the next drawer in order and inspect its contents.
2026-09-27 12:47:07,617 | INFO | [t=1860] VLA chunk prompt=Pull open the next drawer in order and inspect its contents.
2026-09-27 12:47:07,967 | INFO | API VLM @t=1710 task=5 subtask=Pull the next drawer open to inspect its contents. keyframes=[]
2026-09-27 12:47:07,969 | INFO | [redact] enabled task=5 registered_phrases=0 terms=['bottom drawer', 'bottom_drawer', 'middle drawer', 'middle_drawer', 'top drawer', 'top_drawer']
2026-09-27 12:47:07,982 | INFO | [t=1870] VLA chunk prompt=Pull open the next drawer in order and inspect its contents.
2026-09-27 12:47:08,298 | INFO | [t=1880] VLM prompt update from step=1710: Pull the next drawer open to inspect its contents.
2026-09-27 12:47:08,348 | INFO | [t=1880] VLA chunk prompt=Pull the next drawer open to inspect its contents.
2026-09-27 12:47:08,721 | INFO | [t=1890] VLA chunk prompt=Pull the next drawer open to inspect its contents.
2026-09-27 12:47:09,101 | INFO | [t=1900] VLA chunk prompt=Pull the next drawer open to inspect its contents.
2026-09-27 12:47:09,472 | INFO | [t=1910] VLA chunk prompt=Pull the next drawer open to inspect its contents.
2026-09-27 12:47:09,830 | INFO | [t=1920] VLA chunk prompt=Pull the next drawer open to inspect its contents.
2026-09-27 12:47:10,182 | INFO | [t=1930] VLA chunk prompt=Pull the next drawer open to inspect its contents.
2026-09-27 12:47:10,533 | INFO | [t=1940] VLA chunk prompt=Pull the next drawer open to inspect its contents.
2026-09-27 12:47:10,884 | INFO | [t=1950] VLA chunk prompt=Pull the next drawer open to inspect its contents.
2026-09-27 12:47:11,241 | INFO | [t=1960] VLA chunk prompt=Pull the next drawer open to inspect its contents.
2026-09-27 12:47:11,599 | INFO | [t=1970] VLA chunk prompt=Pull the next drawer open to inspect its contents.
2026-09-27 12:47:11,957 | INFO | [t=1980] VLA chunk prompt=Pull the next drawer open to inspect its contents.
2026-09-27 12:47:12,317 | INFO | [t=1990] VLA chunk prompt=Pull the next drawer open to inspect its contents.
2026-09-27 12:47:12,682 | INFO | [t=2000] VLA chunk prompt=Pull the next drawer open to inspect its contents.
2026-09-27 12:47:13,046 | INFO | [t=2010] VLA chunk prompt=Pull the next drawer open to inspect its contents.
2026-09-27 12:47:13,411 | INFO | [t=2020] VLA chunk prompt=Pull the next drawer open to inspect its contents.
2026-09-27 12:47:13,750 | INFO | API VLM @t=1860 task=5 subtask=Pull the next drawer open to inspect its contents. keyframes=[]
2026-09-27 12:47:13,752 | INFO | [redact] enabled task=5 registered_phrases=0 terms=['bottom drawer', 'bottom_drawer', 'middle drawer', 'middle_drawer', 'top drawer', 'top_drawer']
2026-09-27 12:47:13,787 | INFO | [t=2030] VLA chunk prompt=Pull the next drawer open to inspect its contents.
2026-09-27 12:47:14,164 | INFO | [t=2040] VLA chunk prompt=Pull the next drawer open to inspect its contents.
2026-09-27 12:47:14,540 | INFO | [t=2050] VLA chunk prompt=Pull the next drawer open to inspect its contents.
2026-09-27 12:47:14,916 | INFO | [t=2060] VLA chunk prompt=Pull the next drawer open to inspect its contents.
2026-09-27 12:47:15,289 | INFO | [t=2070] VLA chunk prompt=Pull the next drawer open to inspect its contents.
2026-09-27 12:47:15,662 | INFO | [t=2080] VLA chunk prompt=Pull the next drawer open to inspect its contents.
2026-09-27 12:47:16,036 | INFO | [t=2090] VLA chunk prompt=Pull the next drawer open to inspect its contents.
2026-09-27 12:47:16,415 | INFO | [t=2100] VLA chunk prompt=Pull the next drawer open to inspect its contents.
2026-09-27 12:47:16,790 | INFO | [t=2110] VLA chunk prompt=Pull the next drawer open to inspect its contents.
2026-09-27 12:47:17,161 | INFO | [t=2120] VLA chunk prompt=Pull the next drawer open to inspect its contents.
2026-09-27 12:47:17,528 | INFO | [t=2130] VLA chunk prompt=Pull the next drawer open to inspect its contents.
2026-09-27 12:47:17,895 | INFO | [t=2140] VLA chunk prompt=Pull the next drawer open to inspect its contents.
2026-09-27 12:47:18,252 | INFO | [t=2150] VLA chunk prompt=Pull the next drawer open to inspect its contents.
2026-09-27 12:47:18,622 | INFO | [t=2160] VLA chunk prompt=Pull the next drawer open to inspect its contents.
2026-09-27 12:47:18,739 | INFO | API VLM @t=2020 task=5 subtask=Pull the next drawer open to inspect its contents. keyframes=[]
2026-09-27 12:47:18,742 | INFO | [redact] enabled task=5 registered_phrases=0 terms=['bottom drawer', 'bottom_drawer', 'middle drawer', 'middle_drawer', 'top drawer', 'top_drawer']
2026-09-27 12:47:18,996 | INFO | [t=2170] VLA chunk prompt=Pull the next drawer open to inspect its contents.
2026-09-27 12:47:19,358 | INFO | [t=2180] VLA chunk prompt=Pull the next drawer open to inspect its contents.
2026-09-27 12:47:19,719 | INFO | [t=2190] VLA chunk prompt=Pull the next drawer open to inspect its contents.
2026-09-27 12:47:20,091 | INFO | [t=2200] VLA chunk prompt=Pull the next drawer open to inspect its contents.
2026-09-27 12:47:20,461 | INFO | [t=2210] VLA chunk prompt=Pull the next drawer open to inspect its contents.
2026-09-27 12:47:20,823 | INFO | [t=2220] VLA chunk prompt=Pull the next drawer open to inspect its contents.
2026-09-27 12:47:21,196 | INFO | [t=2230] VLA chunk prompt=Pull the next drawer open to inspect its contents.
2026-09-27 12:47:21,566 | INFO | [t=2240] VLA chunk prompt=Pull the next drawer open to inspect its contents.
2026-09-27 12:47:21,935 | INFO | [t=2250] VLA chunk prompt=Pull the next drawer open to inspect its contents.
2026-09-27 12:47:22,298 | INFO | [t=2260] VLA chunk prompt=Pull the next drawer open to inspect its contents.
2026-09-27 12:47:22,657 | INFO | [t=2270] VLA chunk prompt=Pull the next drawer open to inspect its contents.
2026-09-27 12:47:23,020 | INFO | [t=2280] VLA chunk prompt=Pull the next drawer open to inspect its contents.
2026-09-27 12:47:23,384 | INFO | [t=2290] VLA chunk prompt=Pull the next drawer open to inspect its contents.
2026-09-27 12:47:23,603 | INFO | API VLM @t=2150 task=5 subtask=Pull the next drawer open to inspect its contents. keyframes=[]
2026-09-27 12:47:23,606 | INFO | [redact] enabled task=5 registered_phrases=0 terms=['bottom drawer', 'bottom_drawer', 'middle drawer', 'middle_drawer', 'top drawer', 'top_drawer']
2026-09-27 12:47:23,757 | INFO | [t=2300] VLA chunk prompt=Pull the next drawer open to inspect its contents.
2026-09-27 12:47:24,131 | INFO | [t=2310] VLA chunk prompt=Pull the next drawer open to inspect its contents.
2026-09-27 12:47:24,514 | INFO | [t=2320] VLA chunk prompt=Pull the next drawer open to inspect its contents.
2026-09-27 12:47:24,894 | INFO | [t=2330] VLA chunk prompt=Pull the next drawer open to inspect its contents.
2026-09-27 12:47:25,265 | INFO | [t=2340] VLA chunk prompt=Pull the next drawer open to inspect its contents.
2026-09-27 12:47:25,627 | INFO | [t=2350] VLA chunk prompt=Pull the next drawer open to inspect its contents.
2026-09-27 12:47:25,987 | INFO | [t=2360] VLA chunk prompt=Pull the next drawer open to inspect its contents.
2026-09-27 12:47:26,348 | INFO | [t=2370] VLA chunk prompt=Pull the next drawer open to inspect its contents.
2026-09-27 12:47:26,707 | INFO | [t=2380] VLA chunk prompt=Pull the next drawer open to inspect its contents.
2026-09-27 12:47:27,079 | INFO | [t=2390] VLA chunk prompt=Pull the next drawer open to inspect its contents.
2026-09-27 12:47:27,450 | INFO | [t=2400] VLA chunk prompt=Pull the next drawer open to inspect its contents.
2026-09-27 12:47:27,823 | INFO | [t=2410] VLA chunk prompt=Pull the next drawer open to inspect its contents.
2026-09-27 12:47:28,194 | INFO | [t=2420] VLA chunk prompt=Pull the next drawer open to inspect its contents.
2026-09-27 12:47:28,565 | INFO | [t=2430] VLA chunk prompt=Pull the next drawer open to inspect its contents.
2026-09-27 12:47:28,806 | INFO | API VLM @t=2285 task=5 subtask=Pull the next drawer open to inspect its contents. keyframes=[]
2026-09-27 12:47:28,808 | INFO | [redact] enabled task=5 registered_phrases=0 terms=['bottom drawer', 'bottom_drawer', 'middle drawer', 'middle_drawer', 'top drawer', 'top_drawer']
2026-09-27 12:47:28,942 | INFO | [t=2440] VLA chunk prompt=Pull the next drawer open to inspect its contents.
2026-09-27 12:47:29,321 | INFO | [t=2450] VLA chunk prompt=Pull the next drawer open to inspect its contents.
2026-09-27 12:47:29,701 | INFO | [t=2460] VLA chunk prompt=Pull the next drawer open to inspect its contents.
2026-09-27 12:47:30,070 | INFO | [t=2470] VLA chunk prompt=Pull the next drawer open to inspect its contents.
2026-09-27 12:47:30,439 | INFO | [t=2480] VLA chunk prompt=Pull the next drawer open to inspect its contents.
2026-09-27 12:47:30,807 | INFO | [t=2490] VLA chunk prompt=Pull the next drawer open to inspect its contents.
2026-09-27 12:47:31,163 | INFO | [t=2500] VLA chunk prompt=Pull the next drawer open to inspect its contents.
2026-09-27 12:47:32,866 | INFO | API VLM @t=2425 task=5 subtask=Pull the next drawer open to inspect its contents. keyframes=[]
2026-09-27 12:47:32,888 | INFO | attempt=0 stage_score=25.0 stage_success=False failure_reason=incomplete_stage
2026-09-27 12:47:32,888 | INFO | Episode 3 seed=103 stage_score=25.0 stage_success=0 goal=0.250 failure_reason=incomplete_stage | 01_Open_Top_Drawer=Y | 02_Close_Top_Drawer=Y | 03_Open_Middle_Drawer=N | 04_Close_Middle_Drawer=N | 05_Open_Bottom_Drawer=N | 06_Close_Bottom_Drawer=N | 07_Open_Middle_Drawer_Again=N | 08_Put_Butter_Middle_Drawer=N | 09_Close_Middle_Drawer_Final=N
