2026-09-26 20:12:04,507 | INFO | task_id=8 bddl=/project/peilab/why/RoboMemArena/bddl/8_pick_chocolate_in_frypan_pour_tomato_sauce_twice.bddl vlm_ckpt=/project/peilab/why/RoboMemArena/checkpoints/PrediMem/vlm_tasks1to26_ckpt74500
2026-09-26 20:12:06,271 | INFO | async VLM enabled: single-slot subtask buffer
2026-09-26 20:12:06,515 | INFO | [t=10] VLA chunk prompt=Pick and place chocolate into the frypan, pour tomato sauce over it twice, then place the sauce bottle into the bowl drainer.
2026-09-26 20:12:06,767 | INFO | [t=20] VLA chunk prompt=Pick and place chocolate into the frypan, pour tomato sauce over it twice, then place the sauce bottle into the bowl drainer.
2026-09-26 20:12:07,008 | INFO | [t=30] VLA chunk prompt=Pick and place chocolate into the frypan, pour tomato sauce over it twice, then place the sauce bottle into the bowl drainer.
2026-09-26 20:12:07,255 | INFO | [t=40] VLA chunk prompt=Pick and place chocolate into the frypan, pour tomato sauce over it twice, then place the sauce bottle into the bowl drainer.
2026-09-26 20:12:07,504 | INFO | [t=50] VLA chunk prompt=Pick and place chocolate into the frypan, pour tomato sauce over it twice, then place the sauce bottle into the bowl drainer.
2026-09-26 20:12:07,749 | INFO | [t=60] VLA chunk prompt=Pick and place chocolate into the frypan, pour tomato sauce over it twice, then place the sauce bottle into the bowl drainer.
2026-09-26 20:12:07,991 | INFO | [t=70] VLA chunk prompt=Pick and place chocolate into the frypan, pour tomato sauce over it twice, then place the sauce bottle into the bowl drainer.
2026-09-26 20:12:08,241 | INFO | [t=80] VLA chunk prompt=Pick and place chocolate into the frypan, pour tomato sauce over it twice, then place the sauce bottle into the bowl drainer.
2026-09-26 20:12:08,483 | INFO | [t=90] VLA chunk prompt=Pick and place chocolate into the frypan, pour tomato sauce over it twice, then place the sauce bottle into the bowl drainer.
2026-09-26 20:12:08,723 | INFO | [t=100] VLA chunk prompt=Pick and place chocolate into the frypan, pour tomato sauce over it twice, then place the sauce bottle into the bowl drainer.
2026-09-26 20:12:08,965 | INFO | [t=110] VLA chunk prompt=Pick and place chocolate into the frypan, pour tomato sauce over it twice, then place the sauce bottle into the bowl drainer.
2026-09-26 20:12:09,221 | INFO | [t=120] VLA chunk prompt=Pick and place chocolate into the frypan, pour tomato sauce over it twice, then place the sauce bottle into the bowl drainer.
2026-09-26 20:12:09,490 | INFO | [t=130] VLA chunk prompt=Pick and place chocolate into the frypan, pour tomato sauce over it twice, then place the sauce bottle into the bowl drainer.
2026-09-26 20:12:09,760 | INFO | [t=140] VLA chunk prompt=Pick and place chocolate into the frypan, pour tomato sauce over it twice, then place the sauce bottle into the bowl drainer.
2026-09-26 20:12:10,039 | INFO | [t=150] VLA chunk prompt=Pick and place chocolate into the frypan, pour tomato sauce over it twice, then place the sauce bottle into the bowl drainer.
2026-09-26 20:12:10,322 | INFO | [t=160] VLA chunk prompt=Pick and place chocolate into the frypan, pour tomato sauce over it twice, then place the sauce bottle into the bowl drainer.
2026-09-26 20:12:10,613 | INFO | [t=170] VLA chunk prompt=Pick and place chocolate into the frypan, pour tomato sauce over it twice, then place the sauce bottle into the bowl drainer.
2026-09-26 20:12:10,906 | INFO | [t=180] VLA chunk prompt=Pick and place chocolate into the frypan, pour tomato sauce over it twice, then place the sauce bottle into the bowl drainer.
2026-09-26 20:12:11,205 | INFO | [t=190] VLA chunk prompt=Pick and place chocolate into the frypan, pour tomato sauce over it twice, then place the sauce bottle into the bowl drainer.
2026-09-26 20:12:11,505 | INFO | [t=200] VLA chunk prompt=Pick and place chocolate into the frypan, pour tomato sauce over it twice, then place the sauce bottle into the bowl drainer.
2026-09-26 20:12:11,811 | INFO | [t=210] VLA chunk prompt=Pick and place chocolate into the frypan, pour tomato sauce over it twice, then place the sauce bottle into the bowl drainer.
2026-09-26 20:12:12,122 | INFO | [t=220] VLA chunk prompt=Pick and place chocolate into the frypan, pour tomato sauce over it twice, then place the sauce bottle into the bowl drainer.
2026-09-26 20:12:12,437 | INFO | [t=230] VLA chunk prompt=Pick and place chocolate into the frypan, pour tomato sauce over it twice, then place the sauce bottle into the bowl drainer.
2026-09-26 20:12:12,757 | INFO | [t=240] VLA chunk prompt=Pick and place chocolate into the frypan, pour tomato sauce over it twice, then place the sauce bottle into the bowl drainer.
2026-09-26 20:12:13,079 | INFO | [t=250] VLA chunk prompt=Pick and place chocolate into the frypan, pour tomato sauce over it twice, then place the sauce bottle into the bowl drainer.
2026-09-26 20:12:13,407 | INFO | [t=260] VLA chunk prompt=Pick and place chocolate into the frypan, pour tomato sauce over it twice, then place the sauce bottle into the bowl drainer.
2026-09-26 20:12:13,744 | INFO | [t=270] VLA chunk prompt=Pick and place chocolate into the frypan, pour tomato sauce over it twice, then place the sauce bottle into the bowl drainer.
2026-09-26 20:12:13,825 | INFO | API VLM @t=0 task=8 subtask=Pick up the chocolate from the table to place it in the frypan. keyframes=[]
2026-09-26 20:12:14,026 | INFO | [t=280] VLM prompt update from step=0: Pick up the chocolate from the table to place it in the frypan.
2026-09-26 20:12:14,077 | INFO | [t=280] VLA chunk prompt=Pick up the chocolate from the table to place it in the frypan.
2026-09-26 20:12:14,407 | INFO | [t=290] VLA chunk prompt=Pick up the chocolate from the table to place it in the frypan.
2026-09-26 20:12:14,741 | INFO | [t=300] VLA chunk prompt=Pick up the chocolate from the table to place it in the frypan.
2026-09-26 20:12:15,072 | INFO | [t=310] VLA chunk prompt=Pick up the chocolate from the table to place it in the frypan.
2026-09-26 20:12:15,401 | INFO | [t=320] VLA chunk prompt=Pick up the chocolate from the table to place it in the frypan.
2026-09-26 20:12:15,728 | INFO | [t=330] VLA chunk prompt=Pick up the chocolate from the table to place it in the frypan.
2026-09-26 20:12:16,055 | INFO | [t=340] VLA chunk prompt=Pick up the chocolate from the table to place it in the frypan.
2026-09-26 20:12:16,378 | INFO | [t=350] VLA chunk prompt=Pick up the chocolate from the table to place it in the frypan.
2026-09-26 20:12:16,702 | INFO | [t=360] VLA chunk prompt=Pick up the chocolate from the table to place it in the frypan.
2026-09-26 20:12:17,027 | INFO | [t=370] VLA chunk prompt=Pick up the chocolate from the table to place it in the frypan.
2026-09-26 20:12:17,353 | INFO | [t=380] VLA chunk prompt=Pick up the chocolate from the table to place it in the frypan.
2026-09-26 20:12:17,679 | INFO | [t=390] VLA chunk prompt=Pick up the chocolate from the table to place it in the frypan.
2026-09-26 20:12:18,005 | INFO | [t=400] VLA chunk prompt=Pick up the chocolate from the table to place it in the frypan.
2026-09-26 20:12:18,331 | INFO | [t=410] VLA chunk prompt=Pick up the chocolate from the table to place it in the frypan.
2026-09-26 20:12:18,658 | INFO | [t=420] VLA chunk prompt=Pick up the chocolate from the table to place it in the frypan.
2026-09-26 20:12:18,982 | INFO | [t=430] VLA chunk prompt=Pick up the chocolate from the table to place it in the frypan.
2026-09-26 20:12:19,305 | INFO | [t=440] VLA chunk prompt=Pick up the chocolate from the table to place it in the frypan.
2026-09-26 20:12:19,629 | INFO | [t=450] VLA chunk prompt=Pick up the chocolate from the table to place it in the frypan.
2026-09-26 20:12:19,954 | INFO | [t=460] VLA chunk prompt=Pick up the chocolate from the table to place it in the frypan.
2026-09-26 20:12:20,279 | INFO | [t=470] VLA chunk prompt=Pick up the chocolate from the table to place it in the frypan.
2026-09-26 20:12:20,605 | INFO | [t=480] VLA chunk prompt=Pick up the chocolate from the table to place it in the frypan.
2026-09-26 20:12:20,929 | INFO | [t=490] VLA chunk prompt=Pick up the chocolate from the table to place it in the frypan.
2026-09-26 20:12:21,250 | INFO | [t=500] VLA chunk prompt=Pick up the chocolate from the table to place it in the frypan.
2026-09-26 20:12:21,572 | INFO | [t=510] VLA chunk prompt=Pick up the chocolate from the table to place it in the frypan.
2026-09-26 20:12:21,899 | INFO | [t=520] VLA chunk prompt=Pick up the chocolate from the table to place it in the frypan.
2026-09-26 20:12:22,259 | INFO | [t=530] VLA chunk prompt=Pick up the chocolate from the table to place it in the frypan.
2026-09-26 20:12:22,620 | INFO | [t=540] VLA chunk prompt=Pick up the chocolate from the table to place it in the frypan.
2026-09-26 20:12:22,753 | INFO | API VLM @t=260 task=8 subtask=pour tomato sauce over the chocolate in the frypan keyframes=[]
2026-09-26 20:12:22,933 | INFO | [t=550] VLM prompt update from step=260: pour tomato sauce over the chocolate in the frypan
2026-09-26 20:12:22,984 | INFO | [t=550] VLA chunk prompt=pour tomato sauce over the chocolate in the frypan
2026-09-26 20:12:23,338 | INFO | [t=560] VLA chunk prompt=pour tomato sauce over the chocolate in the frypan
2026-09-26 20:12:23,690 | INFO | [t=570] VLA chunk prompt=pour tomato sauce over the chocolate in the frypan
2026-09-26 20:12:24,043 | INFO | [t=580] VLA chunk prompt=pour tomato sauce over the chocolate in the frypan
2026-09-26 20:12:24,399 | INFO | [t=590] VLA chunk prompt=pour tomato sauce over the chocolate in the frypan
2026-09-26 20:12:24,750 | INFO | [t=600] VLA chunk prompt=pour tomato sauce over the chocolate in the frypan
2026-09-26 20:12:25,098 | INFO | [t=610] VLA chunk prompt=pour tomato sauce over the chocolate in the frypan
2026-09-26 20:12:25,445 | INFO | [t=620] VLA chunk prompt=pour tomato sauce over the chocolate in the frypan
2026-09-26 20:12:25,794 | INFO | [t=630] VLA chunk prompt=pour tomato sauce over the chocolate in the frypan
2026-09-26 20:12:26,146 | INFO | [t=640] VLA chunk prompt=pour tomato sauce over the chocolate in the frypan
2026-09-26 20:12:26,498 | INFO | [t=650] VLA chunk prompt=pour tomato sauce over the chocolate in the frypan
2026-09-26 20:12:26,850 | INFO | [t=660] VLA chunk prompt=pour tomato sauce over the chocolate in the frypan
2026-09-26 20:12:27,200 | INFO | [t=670] VLA chunk prompt=pour tomato sauce over the chocolate in the frypan
2026-09-26 20:12:27,546 | INFO | [t=680] VLA chunk prompt=pour tomato sauce over the chocolate in the frypan
2026-09-26 20:12:27,890 | INFO | [t=690] VLA chunk prompt=pour tomato sauce over the chocolate in the frypan
2026-09-26 20:12:28,232 | INFO | [t=700] VLA chunk prompt=pour tomato sauce over the chocolate in the frypan
2026-09-26 20:12:28,574 | INFO | [t=710] VLA chunk prompt=pour tomato sauce over the chocolate in the frypan
2026-09-26 20:12:28,924 | INFO | [t=720] VLA chunk prompt=pour tomato sauce over the chocolate in the frypan
2026-09-26 20:12:29,274 | INFO | [t=730] VLA chunk prompt=pour tomato sauce over the chocolate in the frypan
2026-09-26 20:12:29,366 | INFO | [t=733] stage done: 01_Lift_Tomato_Sauce
2026-09-26 20:12:29,626 | INFO | [t=740] VLA chunk prompt=pour tomato sauce over the chocolate in the frypan
2026-09-26 20:12:29,983 | INFO | [t=750] VLA chunk prompt=pour tomato sauce over the chocolate in the frypan
2026-09-26 20:12:30,120 | INFO | API VLM @t=530 task=8 subtask=pick up the tomato sauce bottle keyframes=[]
2026-09-26 20:12:30,284 | INFO | [t=760] VLM prompt update from step=530: pick up the tomato sauce bottle
2026-09-26 20:12:30,336 | INFO | [t=760] VLA chunk prompt=pick up the tomato sauce bottle
2026-09-26 20:12:30,687 | INFO | [t=770] VLA chunk prompt=pick up the tomato sauce bottle
2026-09-26 20:12:31,035 | INFO | [t=780] VLA chunk prompt=pick up the tomato sauce bottle
2026-09-26 20:12:31,384 | INFO | [t=790] VLA chunk prompt=pick up the tomato sauce bottle
2026-09-26 20:12:31,731 | INFO | [t=800] VLA chunk prompt=pick up the tomato sauce bottle
2026-09-26 20:12:32,075 | INFO | [t=810] VLA chunk prompt=pick up the tomato sauce bottle
2026-09-26 20:12:32,420 | INFO | [t=820] VLA chunk prompt=pick up the tomato sauce bottle
2026-09-26 20:12:32,762 | INFO | [t=830] VLA chunk prompt=pick up the tomato sauce bottle
2026-09-26 20:12:32,932 | INFO | [t=836] stage done: 02_Pour_One
2026-09-26 20:12:33,095 | INFO | [t=840] VLA chunk prompt=pick up the tomato sauce bottle
2026-09-26 20:12:33,446 | INFO | [t=850] VLA chunk prompt=pick up the tomato sauce bottle
2026-09-26 20:12:33,782 | INFO | [t=860] VLA chunk prompt=pick up the tomato sauce bottle
2026-09-26 20:12:34,116 | INFO | [t=870] VLA chunk prompt=pick up the tomato sauce bottle
2026-09-26 20:12:34,449 | INFO | [t=880] VLA chunk prompt=pick up the tomato sauce bottle
2026-09-26 20:12:34,786 | INFO | [t=890] VLA chunk prompt=pick up the tomato sauce bottle
2026-09-26 20:12:35,127 | INFO | [t=900] VLA chunk prompt=pick up the tomato sauce bottle
2026-09-26 20:12:35,463 | INFO | [t=910] VLA chunk prompt=pick up the tomato sauce bottle
2026-09-26 20:12:35,796 | INFO | [t=920] VLA chunk prompt=pick up the tomato sauce bottle
2026-09-26 20:12:36,129 | INFO | [t=930] VLA chunk prompt=pick up the tomato sauce bottle
2026-09-26 20:12:36,459 | INFO | [t=940] VLA chunk prompt=pick up the tomato sauce bottle
2026-09-26 20:12:36,789 | INFO | [t=950] VLA chunk prompt=pick up the tomato sauce bottle
2026-09-26 20:12:37,121 | INFO | [t=960] VLA chunk prompt=pick up the tomato sauce bottle
2026-09-26 20:12:37,472 | INFO | [t=970] VLA chunk prompt=pick up the tomato sauce bottle
2026-09-26 20:12:37,819 | INFO | [t=980] VLA chunk prompt=pick up the tomato sauce bottle
2026-09-26 20:12:38,159 | INFO | [t=990] VLA chunk prompt=pick up the tomato sauce bottle
2026-09-26 20:12:38,506 | INFO | [t=1000] VLA chunk prompt=pick up the tomato sauce bottle
2026-09-26 20:12:38,845 | INFO | [t=1010] VLA chunk prompt=pick up the tomato sauce bottle
2026-09-26 20:12:39,188 | INFO | [t=1020] VLA chunk prompt=pick up the tomato sauce bottle
2026-09-26 20:12:39,525 | INFO | [t=1030] VLA chunk prompt=pick up the tomato sauce bottle
2026-09-26 20:12:39,868 | INFO | [t=1040] VLA chunk prompt=pick up the tomato sauce bottle
2026-09-26 20:12:40,212 | INFO | [t=1050] VLA chunk prompt=pick up the tomato sauce bottle
2026-09-26 20:12:40,550 | INFO | [t=1060] VLA chunk prompt=pick up the tomato sauce bottle
2026-09-26 20:12:40,887 | INFO | [t=1070] VLA chunk prompt=pick up the tomato sauce bottle
2026-09-26 20:12:41,225 | INFO | [t=1080] VLA chunk prompt=pick up the tomato sauce bottle
2026-09-26 20:12:41,572 | INFO | [t=1090] VLA chunk prompt=pick up the tomato sauce bottle
2026-09-26 20:12:41,920 | INFO | [t=1100] VLA chunk prompt=pick up the tomato sauce bottle
2026-09-26 20:12:42,264 | INFO | [t=1110] VLA chunk prompt=pick up the tomato sauce bottle
2026-09-26 20:12:42,609 | INFO | [t=1120] VLA chunk prompt=pick up the tomato sauce bottle
2026-09-26 20:12:42,954 | INFO | [t=1130] VLA chunk prompt=pick up the tomato sauce bottle
2026-09-26 20:12:43,291 | INFO | [t=1140] VLA chunk prompt=pick up the tomato sauce bottle
2026-09-26 20:12:43,634 | INFO | [t=1150] VLA chunk prompt=pick up the tomato sauce bottle
2026-09-26 20:12:43,976 | INFO | [t=1160] VLA chunk prompt=pick up the tomato sauce bottle
2026-09-26 20:12:44,316 | INFO | [t=1170] VLA chunk prompt=pick up the tomato sauce bottle
2026-09-26 20:12:44,419 | INFO | API VLM @t=740 task=8 subtask=Pick up the tomato sauce bottle keyframes=[]
2026-09-26 20:12:44,608 | INFO | [t=1180] VLM prompt update from step=740: Pick up the tomato sauce bottle
2026-09-26 20:12:44,659 | INFO | [t=1180] VLA chunk prompt=Pick up the tomato sauce bottle
2026-09-26 20:12:45,006 | INFO | [t=1190] VLA chunk prompt=Pick up the tomato sauce bottle
2026-09-26 20:12:45,361 | INFO | [t=1200] VLA chunk prompt=Pick up the tomato sauce bottle
2026-09-26 20:12:45,719 | INFO | [t=1210] VLA chunk prompt=Pick up the tomato sauce bottle
2026-09-26 20:12:46,056 | INFO | [t=1220] VLA chunk prompt=Pick up the tomato sauce bottle
2026-09-26 20:12:46,387 | INFO | [t=1230] VLA chunk prompt=Pick up the tomato sauce bottle
2026-09-26 20:12:46,726 | INFO | [t=1240] VLA chunk prompt=Pick up the tomato sauce bottle
2026-09-26 20:12:47,064 | INFO | [t=1250] VLA chunk prompt=Pick up the tomato sauce bottle
2026-09-26 20:12:47,395 | INFO | [t=1260] VLA chunk prompt=Pick up the tomato sauce bottle
2026-09-26 20:12:47,723 | INFO | [t=1270] VLA chunk prompt=Pick up the tomato sauce bottle
2026-09-26 20:12:48,042 | INFO | [t=1280] VLA chunk prompt=Pick up the tomato sauce bottle
2026-09-26 20:12:48,364 | INFO | [t=1290] VLA chunk prompt=Pick up the tomato sauce bottle
2026-09-26 20:12:48,675 | INFO | [t=1300] VLA chunk prompt=Pick up the tomato sauce bottle
2026-09-26 20:12:48,985 | INFO | [t=1310] VLA chunk prompt=Pick up the tomato sauce bottle
2026-09-26 20:12:49,294 | INFO | [t=1320] VLA chunk prompt=Pick up the tomato sauce bottle
2026-09-26 20:12:49,605 | INFO | [t=1330] VLA chunk prompt=Pick up the tomato sauce bottle
2026-09-26 20:12:49,912 | INFO | [t=1340] VLA chunk prompt=Pick up the tomato sauce bottle
2026-09-26 20:12:50,058 | INFO | API VLM @t=1160 task=8 subtask=Pour tomato sauce over the chocolate in the frypan. keyframes=[]
2026-09-26 20:12:50,174 | INFO | [t=1350] VLM prompt update from step=1160: Pour tomato sauce over the chocolate in the frypan.
2026-09-26 20:12:50,224 | INFO | [t=1350] VLA chunk prompt=Pour tomato sauce over the chocolate in the frypan.
2026-09-26 20:12:50,534 | INFO | [t=1360] VLA chunk prompt=Pour tomato sauce over the chocolate in the frypan.
2026-09-26 20:12:50,844 | INFO | [t=1370] VLA chunk prompt=Pour tomato sauce over the chocolate in the frypan.
2026-09-26 20:12:51,153 | INFO | [t=1380] VLA chunk prompt=Pour tomato sauce over the chocolate in the frypan.
2026-09-26 20:12:51,459 | INFO | [t=1390] VLA chunk prompt=Pour tomato sauce over the chocolate in the frypan.
2026-09-26 20:12:51,767 | INFO | [t=1400] VLA chunk prompt=Pour tomato sauce over the chocolate in the frypan.
2026-09-26 20:12:52,075 | INFO | [t=1410] VLA chunk prompt=Pour tomato sauce over the chocolate in the frypan.
2026-09-26 20:12:52,384 | INFO | [t=1420] VLA chunk prompt=Pour tomato sauce over the chocolate in the frypan.
2026-09-26 20:12:52,692 | INFO | [t=1430] VLA chunk prompt=Pour tomato sauce over the chocolate in the frypan.
2026-09-26 20:12:53,001 | INFO | [t=1440] VLA chunk prompt=Pour tomato sauce over the chocolate in the frypan.
2026-09-26 20:12:53,311 | INFO | [t=1450] VLA chunk prompt=Pour tomato sauce over the chocolate in the frypan.
2026-09-26 20:12:53,621 | INFO | [t=1460] VLA chunk prompt=Pour tomato sauce over the chocolate in the frypan.
2026-09-26 20:12:53,932 | INFO | [t=1470] VLA chunk prompt=Pour tomato sauce over the chocolate in the frypan.
2026-09-26 20:12:54,242 | INFO | [t=1480] VLA chunk prompt=Pour tomato sauce over the chocolate in the frypan.
2026-09-26 20:12:54,553 | INFO | [t=1490] VLA chunk prompt=Pour tomato sauce over the chocolate in the frypan.
2026-09-26 20:12:54,864 | INFO | [t=1500] VLA chunk prompt=Pour tomato sauce over the chocolate in the frypan.
2026-09-26 20:12:55,175 | INFO | [t=1510] VLA chunk prompt=Pour tomato sauce over the chocolate in the frypan.
2026-09-26 20:12:55,487 | INFO | [t=1520] VLA chunk prompt=Pour tomato sauce over the chocolate in the frypan.
2026-09-26 20:12:55,798 | INFO | [t=1530] VLA chunk prompt=Pour tomato sauce over the chocolate in the frypan.
2026-09-26 20:12:56,110 | INFO | [t=1540] VLA chunk prompt=Pour tomato sauce over the chocolate in the frypan.
2026-09-26 20:12:56,422 | INFO | [t=1550] VLA chunk prompt=Pour tomato sauce over the chocolate in the frypan.
2026-09-26 20:12:56,735 | INFO | [t=1560] VLA chunk prompt=Pour tomato sauce over the chocolate in the frypan.
2026-09-26 20:12:57,047 | INFO | [t=1570] VLA chunk prompt=Pour tomato sauce over the chocolate in the frypan.
2026-09-26 20:12:57,288 | INFO | API VLM @t=1335 task=8 subtask=Place the tomato sauce bottle into the bowl drainer. keyframes=[]
2026-09-26 20:12:57,312 | INFO | [t=1580] VLM prompt update from step=1335: Place the tomato sauce bottle into the bowl drainer.
2026-09-26 20:12:57,362 | INFO | [t=1580] VLA chunk prompt=Place the tomato sauce bottle into the bowl drainer.
2026-09-26 20:12:57,675 | INFO | [t=1590] VLA chunk prompt=Place the tomato sauce bottle into the bowl drainer.
2026-09-26 20:12:57,988 | INFO | [t=1600] VLA chunk prompt=Place the tomato sauce bottle into the bowl drainer.
2026-09-26 20:12:58,299 | INFO | [t=1610] VLA chunk prompt=Place the tomato sauce bottle into the bowl drainer.
2026-09-26 20:12:58,612 | INFO | [t=1620] VLA chunk prompt=Place the tomato sauce bottle into the bowl drainer.
2026-09-26 20:12:58,922 | INFO | [t=1630] VLA chunk prompt=Place the tomato sauce bottle into the bowl drainer.
2026-09-26 20:12:59,233 | INFO | [t=1640] VLA chunk prompt=Place the tomato sauce bottle into the bowl drainer.
2026-09-26 20:12:59,544 | INFO | [t=1650] VLA chunk prompt=Place the tomato sauce bottle into the bowl drainer.
2026-09-26 20:12:59,855 | INFO | [t=1660] VLA chunk prompt=Place the tomato sauce bottle into the bowl drainer.
2026-09-26 20:13:00,166 | INFO | [t=1670] VLA chunk prompt=Place the tomato sauce bottle into the bowl drainer.
2026-09-26 20:13:00,476 | INFO | [t=1680] VLA chunk prompt=Place the tomato sauce bottle into the bowl drainer.
2026-09-26 20:13:00,788 | INFO | [t=1690] VLA chunk prompt=Place the tomato sauce bottle into the bowl drainer.
2026-09-26 20:13:01,100 | INFO | [t=1700] VLA chunk prompt=Place the tomato sauce bottle into the bowl drainer.
2026-09-26 20:13:01,412 | INFO | [t=1710] VLA chunk prompt=Place the tomato sauce bottle into the bowl drainer.
2026-09-26 20:13:01,724 | INFO | [t=1720] VLA chunk prompt=Place the tomato sauce bottle into the bowl drainer.
2026-09-26 20:13:02,040 | INFO | [t=1730] VLA chunk prompt=Place the tomato sauce bottle into the bowl drainer.
2026-09-26 20:13:02,355 | INFO | [t=1740] VLA chunk prompt=Place the tomato sauce bottle into the bowl drainer.
2026-09-26 20:13:02,667 | INFO | [t=1750] VLA chunk prompt=Place the tomato sauce bottle into the bowl drainer.
2026-09-26 20:13:02,980 | INFO | [t=1760] VLA chunk prompt=Place the tomato sauce bottle into the bowl drainer.
2026-09-26 20:13:03,293 | INFO | [t=1770] VLA chunk prompt=Place the tomato sauce bottle into the bowl drainer.
2026-09-26 20:13:03,607 | INFO | [t=1780] VLA chunk prompt=Place the tomato sauce bottle into the bowl drainer.
2026-09-26 20:13:03,921 | INFO | [t=1790] VLA chunk prompt=Place the tomato sauce bottle into the bowl drainer.
2026-09-26 20:13:04,235 | INFO | [t=1800] VLA chunk prompt=Place the tomato sauce bottle into the bowl drainer.
2026-09-26 20:13:04,547 | INFO | [t=1810] VLA chunk prompt=Place the tomato sauce bottle into the bowl drainer.
2026-09-26 20:13:04,861 | INFO | [t=1820] VLA chunk prompt=Place the tomato sauce bottle into the bowl drainer.
2026-09-26 20:13:05,177 | INFO | [t=1830] VLA chunk prompt=Place the tomato sauce bottle into the bowl drainer.
2026-09-26 20:13:05,215 | INFO | API VLM @t=1565 task=8 subtask=Place the tomato sauce bottle into the bowl drainer. keyframes=[]
2026-09-26 20:13:05,495 | INFO | [t=1840] VLA chunk prompt=Place the tomato sauce bottle into the bowl drainer.
2026-09-26 20:13:05,807 | INFO | [t=1850] VLA chunk prompt=Place the tomato sauce bottle into the bowl drainer.
2026-09-26 20:13:06,120 | INFO | [t=1860] VLA chunk prompt=Place the tomato sauce bottle into the bowl drainer.
2026-09-26 20:13:06,434 | INFO | [t=1870] VLA chunk prompt=Place the tomato sauce bottle into the bowl drainer.
2026-09-26 20:13:06,751 | INFO | [t=1880] VLA chunk prompt=Place the tomato sauce bottle into the bowl drainer.
2026-09-26 20:13:07,069 | INFO | [t=1890] VLA chunk prompt=Place the tomato sauce bottle into the bowl drainer.
2026-09-26 20:13:07,386 | INFO | [t=1900] VLA chunk prompt=Place the tomato sauce bottle into the bowl drainer.
2026-09-26 20:13:07,704 | INFO | [t=1910] VLA chunk prompt=Place the tomato sauce bottle into the bowl drainer.
2026-09-26 20:13:08,023 | INFO | [t=1920] VLA chunk prompt=Place the tomato sauce bottle into the bowl drainer.
2026-09-26 20:13:08,341 | INFO | [t=1930] VLA chunk prompt=Place the tomato sauce bottle into the bowl drainer.
2026-09-26 20:13:08,659 | INFO | [t=1940] VLA chunk prompt=Place the tomato sauce bottle into the bowl drainer.
2026-09-26 20:13:08,976 | INFO | [t=1950] VLA chunk prompt=Place the tomato sauce bottle into the bowl drainer.
2026-09-26 20:13:09,294 | INFO | [t=1960] VLA chunk prompt=Place the tomato sauce bottle into the bowl drainer.
2026-09-26 20:13:09,611 | INFO | [t=1970] VLA chunk prompt=Place the tomato sauce bottle into the bowl drainer.
2026-09-26 20:13:09,930 | INFO | [t=1980] VLA chunk prompt=Place the tomato sauce bottle into the bowl drainer.
2026-09-26 20:13:10,251 | INFO | [t=1990] VLA chunk prompt=Place the tomato sauce bottle into the bowl drainer.
2026-09-26 20:13:10,567 | INFO | [t=2000] VLA chunk prompt=Place the tomato sauce bottle into the bowl drainer.
2026-09-26 20:13:10,886 | INFO | [t=2010] VLA chunk prompt=Place the tomato sauce bottle into the bowl drainer.
2026-09-26 20:13:11,204 | INFO | [t=2020] VLA chunk prompt=Place the tomato sauce bottle into the bowl drainer.
2026-09-26 20:13:11,525 | INFO | [t=2030] VLA chunk prompt=Place the tomato sauce bottle into the bowl drainer.
2026-09-26 20:13:11,850 | INFO | [t=2040] VLA chunk prompt=Place the tomato sauce bottle into the bowl drainer.
2026-09-26 20:13:12,176 | INFO | [t=2050] VLA chunk prompt=Place the tomato sauce bottle into the bowl drainer.
2026-09-26 20:13:12,499 | INFO | [t=2060] VLA chunk prompt=Place the tomato sauce bottle into the bowl drainer.
2026-09-26 20:13:12,820 | INFO | [t=2070] VLA chunk prompt=Place the tomato sauce bottle into the bowl drainer.
2026-09-26 20:13:13,144 | INFO | [t=2080] VLA chunk prompt=Place the tomato sauce bottle into the bowl drainer.
2026-09-26 20:13:13,468 | INFO | [t=2090] VLA chunk prompt=Place the tomato sauce bottle into the bowl drainer.
2026-09-26 20:13:13,790 | INFO | [t=2100] VLA chunk prompt=Place the tomato sauce bottle into the bowl drainer.
2026-09-26 20:13:13,965 | INFO | API VLM @t=1820 task=8 subtask=Place the tomato sauce bottle into the bowl drainer. keyframes=[]
2026-09-26 20:13:14,113 | INFO | [t=2110] VLA chunk prompt=Place the tomato sauce bottle into the bowl drainer.
2026-09-26 20:13:14,433 | INFO | [t=2120] VLA chunk prompt=Place the tomato sauce bottle into the bowl drainer.
2026-09-26 20:13:14,754 | INFO | [t=2130] VLA chunk prompt=Place the tomato sauce bottle into the bowl drainer.
2026-09-26 20:13:15,076 | INFO | [t=2140] VLA chunk prompt=Place the tomato sauce bottle into the bowl drainer.
2026-09-26 20:13:15,398 | INFO | [t=2150] VLA chunk prompt=Place the tomato sauce bottle into the bowl drainer.
2026-09-26 20:13:15,721 | INFO | [t=2160] VLA chunk prompt=Place the tomato sauce bottle into the bowl drainer.
2026-09-26 20:13:16,044 | INFO | [t=2170] VLA chunk prompt=Place the tomato sauce bottle into the bowl drainer.
2026-09-26 20:13:16,364 | INFO | [t=2180] VLA chunk prompt=Place the tomato sauce bottle into the bowl drainer.
2026-09-26 20:13:16,685 | INFO | [t=2190] VLA chunk prompt=Place the tomato sauce bottle into the bowl drainer.
2026-09-26 20:13:17,007 | INFO | [t=2200] VLA chunk prompt=Place the tomato sauce bottle into the bowl drainer.
2026-09-26 20:13:17,330 | INFO | [t=2210] VLA chunk prompt=Place the tomato sauce bottle into the bowl drainer.
2026-09-26 20:13:17,652 | INFO | [t=2220] VLA chunk prompt=Place the tomato sauce bottle into the bowl drainer.
2026-09-26 20:13:17,975 | INFO | [t=2230] VLA chunk prompt=Place the tomato sauce bottle into the bowl drainer.
2026-09-26 20:13:18,298 | INFO | [t=2240] VLA chunk prompt=Place the tomato sauce bottle into the bowl drainer.
2026-09-26 20:13:18,621 | INFO | [t=2250] VLA chunk prompt=Place the tomato sauce bottle into the bowl drainer.
2026-09-26 20:13:18,944 | INFO | [t=2260] VLA chunk prompt=Place the tomato sauce bottle into the bowl drainer.
2026-09-26 20:13:19,267 | INFO | [t=2270] VLA chunk prompt=Place the tomato sauce bottle into the bowl drainer.
2026-09-26 20:13:19,589 | INFO | [t=2280] VLA chunk prompt=Place the tomato sauce bottle into the bowl drainer.
2026-09-26 20:13:19,911 | INFO | [t=2290] VLA chunk prompt=Place the tomato sauce bottle into the bowl drainer.
2026-09-26 20:13:20,233 | INFO | [t=2300] VLA chunk prompt=Place the tomato sauce bottle into the bowl drainer.
2026-09-26 20:13:20,554 | INFO | [t=2310] VLA chunk prompt=Place the tomato sauce bottle into the bowl drainer.
2026-09-26 20:13:20,874 | INFO | [t=2320] VLA chunk prompt=Place the tomato sauce bottle into the bowl drainer.
2026-09-26 20:13:21,194 | INFO | [t=2330] VLA chunk prompt=Place the tomato sauce bottle into the bowl drainer.
2026-09-26 20:13:21,512 | INFO | [t=2340] VLA chunk prompt=Place the tomato sauce bottle into the bowl drainer.
2026-09-26 20:13:21,826 | INFO | [t=2350] VLA chunk prompt=Place the tomato sauce bottle into the bowl drainer.
2026-09-26 20:13:22,140 | INFO | [t=2360] VLA chunk prompt=Place the tomato sauce bottle into the bowl drainer.
2026-09-26 20:13:22,454 | INFO | [t=2370] VLA chunk prompt=Place the tomato sauce bottle into the bowl drainer.
2026-09-26 20:13:22,767 | INFO | [t=2380] VLA chunk prompt=Place the tomato sauce bottle into the bowl drainer.
2026-09-26 20:13:23,076 | INFO | [t=2390] VLA chunk prompt=Place the tomato sauce bottle into the bowl drainer.
2026-09-26 20:13:23,385 | INFO | [t=2400] VLA chunk prompt=Place the tomato sauce bottle into the bowl drainer.
2026-09-26 20:13:23,695 | INFO | [t=2410] VLA chunk prompt=Place the tomato sauce bottle into the bowl drainer.
2026-09-26 20:13:24,010 | INFO | [t=2420] VLA chunk prompt=Place the tomato sauce bottle into the bowl drainer.
2026-09-26 20:13:24,336 | INFO | [t=2430] VLA chunk prompt=Place the tomato sauce bottle into the bowl drainer.
2026-09-26 20:13:24,530 | INFO | API VLM @t=2095 task=8 subtask=The task appears complete; no further action is needed. keyframes=[]
2026-09-26 20:13:24,612 | INFO | [t=2440] VLM prompt update from step=2095: The task appears complete; no further action is needed.
2026-09-26 20:13:24,665 | INFO | [t=2440] VLA chunk prompt=The task appears complete; no further action is needed.
2026-09-26 20:13:24,988 | INFO | [t=2450] VLA chunk prompt=The task appears complete; no further action is needed.
2026-09-26 20:13:25,308 | INFO | [t=2460] VLA chunk prompt=The task appears complete; no further action is needed.
2026-09-26 20:13:25,628 | INFO | [t=2470] VLA chunk prompt=The task appears complete; no further action is needed.
2026-09-26 20:13:25,953 | INFO | [t=2480] VLA chunk prompt=The task appears complete; no further action is needed.
2026-09-26 20:13:26,268 | INFO | [t=2490] VLA chunk prompt=The task appears complete; no further action is needed.
2026-09-26 20:13:26,582 | INFO | [t=2500] VLA chunk prompt=The task appears complete; no further action is needed.
2026-09-26 20:13:29,866 | INFO | attempt=0 stage_score=66.7 stage_success=False failure_reason=incomplete_stage
2026-09-26 20:13:29,866 | INFO | Episode 9 seed=109 stage_score=66.7 stage_success=0 goal=0.667 failure_reason=incomplete_stage | 01_Lift_Tomato_Sauce=Y | 02_Pour_One=Y | 03_Pour_Two=N
