2026-09-18 14:40:18,210 | INFO | task_id=5 bddl=/project/peilab/why/RoboMemArena/bddl/5_butter_middle_drawer.bddl vlm_ckpt=/project/peilab/why/RoboMemArena/checkpoints/PrediMem/vlm_tasks1to26_ckpt74500
2026-09-18 14:40:20,175 | INFO | async VLM enabled: single-slot subtask buffer
2026-09-18 14:40:20,428 | INFO | [t=10] VLA chunk prompt=Open all drawers in order, remember the empty drawer, then put butter into that empty drawer.
2026-09-18 14:40:20,703 | INFO | [t=20] VLA chunk prompt=Open all drawers in order, remember the empty drawer, then put butter into that empty drawer.
2026-09-18 14:40:20,974 | INFO | [t=30] VLA chunk prompt=Open all drawers in order, remember the empty drawer, then put butter into that empty drawer.
2026-09-18 14:40:21,244 | INFO | [t=40] VLA chunk prompt=Open all drawers in order, remember the empty drawer, then put butter into that empty drawer.
2026-09-18 14:40:21,514 | INFO | [t=50] VLA chunk prompt=Open all drawers in order, remember the empty drawer, then put butter into that empty drawer.
2026-09-18 14:40:21,784 | INFO | [t=60] VLA chunk prompt=Open all drawers in order, remember the empty drawer, then put butter into that empty drawer.
2026-09-18 14:40:22,056 | INFO | [t=70] VLA chunk prompt=Open all drawers in order, remember the empty drawer, then put butter into that empty drawer.
2026-09-18 14:40:22,280 | INFO | [t=80] harness subtask override: open top drawer
2026-09-18 14:40:22,280 | INFO | [t=80] VLM prompt update from step=-1: open top drawer
2026-09-18 14:40:22,280 | INFO | [t=80] harness forced VLM replan after stall (pmh visual retrieve armed)
2026-09-18 14:40:22,331 | INFO | [t=80] VLA chunk prompt=open top drawer
2026-09-18 14:40:22,603 | INFO | [t=90] VLA chunk prompt=open top drawer
2026-09-18 14:40:22,880 | INFO | [t=100] VLA chunk prompt=open top drawer
2026-09-18 14:40:23,158 | INFO | [t=110] VLA chunk prompt=open top drawer
2026-09-18 14:40:23,436 | INFO | [t=120] VLA chunk prompt=open top drawer
2026-09-18 14:40:23,459 | INFO | API VLM @t=1640 task=5 subtask=open top drawer keyframes=[1]
2026-09-18 14:40:23,732 | INFO | [t=130] VLA chunk prompt=open top drawer
2026-09-18 14:40:23,981 | INFO | [t=139] stage done: 01_Open_Top_Drawer
2026-09-18 14:40:24,059 | INFO | [t=140] VLA chunk prompt=open top drawer
2026-09-18 14:40:24,381 | INFO | [t=150] VLA chunk prompt=open top drawer
2026-09-18 14:40:24,710 | INFO | [t=160] VLA chunk prompt=open top drawer
2026-09-18 14:40:25,041 | INFO | [t=170] VLA chunk prompt=open top drawer
2026-09-18 14:40:25,369 | INFO | [t=180] VLA chunk prompt=open top drawer
2026-09-18 14:40:25,716 | INFO | [t=190] VLA chunk prompt=open top drawer
2026-09-18 14:40:26,055 | INFO | [t=200] VLA chunk prompt=open top drawer
2026-09-18 14:40:26,402 | INFO | [t=210] VLA chunk prompt=open top drawer
2026-09-18 14:40:26,710 | INFO | [t=220] harness subtask override: close top drawer
2026-09-18 14:40:26,710 | INFO | [t=220] VLM prompt update from step=70: close top drawer
2026-09-18 14:40:26,710 | INFO | [t=220] harness forced VLM replan after stall (pmh visual retrieve armed)
2026-09-18 14:40:26,760 | INFO | [t=220] VLA chunk prompt=close top drawer
2026-09-18 14:40:27,117 | INFO | [t=230] VLA chunk prompt=close top drawer
2026-09-18 14:40:27,482 | INFO | [t=240] VLA chunk prompt=close top drawer
2026-09-18 14:40:27,849 | INFO | [t=250] VLA chunk prompt=close top drawer
2026-09-18 14:40:28,219 | INFO | [t=260] VLA chunk prompt=close top drawer
2026-09-18 14:40:28,600 | INFO | [t=270] VLA chunk prompt=close top drawer
2026-09-18 14:40:28,982 | INFO | [t=280] VLA chunk prompt=close top drawer
2026-09-18 14:40:29,366 | INFO | [t=290] VLA chunk prompt=close top drawer
2026-09-18 14:40:29,756 | INFO | [t=300] VLA chunk prompt=close top drawer
2026-09-18 14:40:30,150 | INFO | [t=310] VLA chunk prompt=close top drawer
2026-09-18 14:40:30,540 | INFO | [t=320] VLA chunk prompt=close top drawer
2026-09-18 14:40:30,905 | INFO | [t=330] VLA chunk prompt=close top drawer
2026-09-18 14:40:31,261 | INFO | [t=340] VLA chunk prompt=close top drawer
2026-09-18 14:40:31,617 | INFO | [t=350] VLA chunk prompt=close top drawer
2026-09-18 14:40:31,973 | INFO | [t=360] VLA chunk prompt=close top drawer
2026-09-18 14:40:32,329 | INFO | [t=370] VLA chunk prompt=close top drawer
2026-09-18 14:40:32,693 | INFO | [t=380] VLA chunk prompt=close top drawer
2026-09-18 14:40:32,725 | INFO | [t=381] stage done: 02_Close_Top_Drawer
2026-09-18 14:40:33,071 | INFO | [t=390] VLA chunk prompt=close top drawer
2026-09-18 14:40:33,458 | INFO | [t=400] VLA chunk prompt=close top drawer
2026-09-18 14:40:33,839 | INFO | [t=410] VLA chunk prompt=close top drawer
2026-09-18 14:40:34,226 | INFO | [t=420] VLA chunk prompt=close top drawer
2026-09-18 14:40:34,609 | INFO | [t=430] VLA chunk prompt=close top drawer
2026-09-18 14:40:34,988 | INFO | [t=440] VLA chunk prompt=close top drawer
2026-09-18 14:40:35,374 | INFO | [t=450] VLA chunk prompt=close top drawer
2026-09-18 14:40:35,758 | INFO | [t=460] VLA chunk prompt=close top drawer
2026-09-18 14:40:36,087 | INFO | [t=470] harness subtask override: open middle drawer
2026-09-18 14:40:36,087 | INFO | [t=470] VLM prompt update from step=70: open middle drawer
2026-09-18 14:40:36,088 | INFO | [t=470] harness forced VLM replan after stall (pmh visual retrieve armed)
2026-09-18 14:40:36,138 | INFO | [t=470] VLA chunk prompt=open middle drawer
2026-09-18 14:40:36,506 | INFO | [t=480] VLA chunk prompt=open middle drawer
2026-09-18 14:40:36,866 | INFO | [t=490] VLA chunk prompt=open middle drawer
2026-09-18 14:40:37,223 | INFO | [t=500] VLA chunk prompt=open middle drawer
2026-09-18 14:40:37,581 | INFO | [t=510] VLA chunk prompt=open middle drawer
2026-09-18 14:40:37,937 | INFO | [t=520] VLA chunk prompt=open middle drawer
2026-09-18 14:40:38,290 | INFO | [t=530] VLA chunk prompt=open middle drawer
2026-09-18 14:40:38,643 | INFO | [t=540] VLA chunk prompt=open middle drawer
2026-09-18 14:40:38,998 | INFO | [t=550] VLA chunk prompt=open middle drawer
2026-09-18 14:40:39,355 | INFO | [t=560] VLA chunk prompt=open middle drawer
2026-09-18 14:40:39,718 | INFO | [t=570] VLA chunk prompt=open middle drawer
2026-09-18 14:40:40,085 | INFO | [t=580] VLA chunk prompt=open middle drawer
2026-09-18 14:40:40,457 | INFO | [t=590] VLA chunk prompt=open middle drawer
2026-09-18 14:40:40,828 | INFO | [t=600] VLA chunk prompt=open middle drawer
2026-09-18 14:40:41,199 | INFO | [t=610] VLA chunk prompt=open middle drawer
2026-09-18 14:40:41,572 | INFO | [t=620] VLA chunk prompt=open middle drawer
2026-09-18 14:40:41,954 | INFO | [t=630] VLA chunk prompt=open middle drawer
2026-09-18 14:40:42,341 | INFO | [t=640] VLA chunk prompt=open middle drawer
2026-09-18 14:40:42,724 | INFO | [t=650] VLA chunk prompt=open middle drawer
2026-09-18 14:40:43,106 | INFO | [t=660] VLA chunk prompt=open middle drawer
2026-09-18 14:40:43,484 | INFO | [t=670] VLA chunk prompt=open middle drawer
2026-09-18 14:40:43,850 | INFO | [t=680] VLA chunk prompt=open middle drawer
2026-09-18 14:40:44,211 | INFO | [t=690] VLA chunk prompt=open middle drawer
2026-09-18 14:40:44,560 | INFO | [t=700] VLA chunk prompt=open middle drawer
2026-09-18 14:40:44,908 | INFO | [t=710] VLA chunk prompt=open middle drawer
2026-09-18 14:40:45,256 | INFO | [t=720] VLA chunk prompt=open middle drawer
2026-09-18 14:40:45,604 | INFO | [t=730] VLA chunk prompt=open middle drawer
2026-09-18 14:40:45,866 | INFO | API VLM @t=0 task=5 subtask=open the top drawer keyframes=[]
2026-09-18 14:40:45,904 | INFO | [t=740] VLM prompt update from step=0: open the top drawer
2026-09-18 14:40:45,955 | INFO | [t=740] VLA chunk prompt=open the top drawer
2026-09-18 14:40:46,310 | INFO | [t=750] VLA chunk prompt=open the top drawer
2026-09-18 14:40:46,668 | INFO | [t=760] VLA chunk prompt=open the top drawer
2026-09-18 14:40:47,020 | INFO | [t=770] VLA chunk prompt=open the top drawer
2026-09-18 14:40:47,373 | INFO | [t=780] VLA chunk prompt=open the top drawer
2026-09-18 14:40:47,726 | INFO | [t=790] VLA chunk prompt=open the top drawer
2026-09-18 14:40:48,078 | INFO | [t=800] VLA chunk prompt=open the top drawer
2026-09-18 14:40:48,429 | INFO | [t=810] VLA chunk prompt=open the top drawer
2026-09-18 14:40:48,785 | INFO | [t=820] VLA chunk prompt=open the top drawer
2026-09-18 14:40:49,141 | INFO | [t=830] VLA chunk prompt=open the top drawer
2026-09-18 14:40:49,496 | INFO | [t=840] VLA chunk prompt=open the top drawer
2026-09-18 14:40:49,849 | INFO | [t=850] VLA chunk prompt=open the top drawer
2026-09-18 14:40:50,200 | INFO | [t=860] VLA chunk prompt=open the top drawer
2026-09-18 14:40:50,551 | INFO | [t=870] VLA chunk prompt=open the top drawer
2026-09-18 14:40:50,905 | INFO | [t=880] VLA chunk prompt=open the top drawer
2026-09-18 14:40:51,257 | INFO | [t=890] VLA chunk prompt=open the top drawer
2026-09-18 14:40:51,613 | INFO | [t=900] VLA chunk prompt=open the top drawer
2026-09-18 14:40:51,964 | INFO | [t=910] VLA chunk prompt=open the top drawer
2026-09-18 14:40:52,314 | INFO | [t=920] VLA chunk prompt=open the top drawer
2026-09-18 14:40:52,665 | INFO | [t=930] VLA chunk prompt=open the top drawer
2026-09-18 14:40:53,014 | INFO | [t=940] VLA chunk prompt=open the top drawer
2026-09-18 14:40:53,365 | INFO | [t=950] VLA chunk prompt=open the top drawer
2026-09-18 14:40:53,721 | INFO | [t=960] VLA chunk prompt=open the top drawer
2026-09-18 14:40:54,081 | INFO | [t=970] VLA chunk prompt=open the top drawer
2026-09-18 14:40:54,443 | INFO | [t=980] VLA chunk prompt=open the top drawer
2026-09-18 14:40:54,801 | INFO | [t=990] VLA chunk prompt=open the top drawer
2026-09-18 14:40:55,158 | INFO | [t=1000] VLA chunk prompt=open the top drawer
2026-09-18 14:40:55,516 | INFO | [t=1010] VLA chunk prompt=open the top drawer
2026-09-18 14:40:55,875 | INFO | [t=1020] VLA chunk prompt=open the top drawer
2026-09-18 14:40:56,240 | INFO | [t=1030] VLA chunk prompt=open the top drawer
2026-09-18 14:40:56,602 | INFO | [t=1040] VLA chunk prompt=open the top drawer
2026-09-18 14:40:56,972 | INFO | [t=1050] VLA chunk prompt=open the top drawer
2026-09-18 14:40:57,329 | INFO | [t=1060] VLA chunk prompt=open the top drawer
2026-09-18 14:40:57,684 | INFO | [t=1070] VLA chunk prompt=open the top drawer
2026-09-18 14:40:58,037 | INFO | [t=1080] VLA chunk prompt=open the top drawer
2026-09-18 14:40:58,383 | INFO | [t=1090] VLA chunk prompt=open the top drawer
2026-09-18 14:40:58,729 | INFO | [t=1100] VLA chunk prompt=open the top drawer
2026-09-18 14:40:59,073 | INFO | [t=1110] VLA chunk prompt=open the top drawer
2026-09-18 14:40:59,412 | INFO | [t=1120] VLA chunk prompt=open the top drawer
2026-09-18 14:40:59,750 | INFO | [t=1130] VLA chunk prompt=open the top drawer
2026-09-18 14:41:00,103 | INFO | [t=1140] VLA chunk prompt=open the top drawer
2026-09-18 14:41:00,464 | INFO | [t=1150] VLA chunk prompt=open the top drawer
2026-09-18 14:41:00,824 | INFO | [t=1160] VLA chunk prompt=open the top drawer
2026-09-18 14:41:01,178 | INFO | [t=1170] VLA chunk prompt=open the top drawer
2026-09-18 14:41:01,530 | INFO | [t=1180] VLA chunk prompt=open the top drawer
2026-09-18 14:41:01,881 | INFO | [t=1190] VLA chunk prompt=open the top drawer
2026-09-18 14:41:02,233 | INFO | [t=1200] VLA chunk prompt=open the top drawer
2026-09-18 14:41:02,579 | INFO | [t=1210] VLA chunk prompt=open the top drawer
2026-09-18 14:41:02,927 | INFO | [t=1220] VLA chunk prompt=open the top drawer
2026-09-18 14:41:03,282 | INFO | [t=1230] VLA chunk prompt=open the top drawer
2026-09-18 14:41:03,640 | INFO | [t=1240] VLA chunk prompt=open the top drawer
2026-09-18 14:41:03,992 | INFO | [t=1250] VLA chunk prompt=open the top drawer
2026-09-18 14:41:04,340 | INFO | [t=1260] VLA chunk prompt=open the top drawer
2026-09-18 14:41:04,677 | INFO | [t=1270] VLA chunk prompt=open the top drawer
2026-09-18 14:41:05,024 | INFO | [t=1280] VLA chunk prompt=open the top drawer
2026-09-18 14:41:05,362 | INFO | [t=1290] VLA chunk prompt=open the top drawer
2026-09-18 14:41:05,708 | INFO | [t=1300] VLA chunk prompt=open the top drawer
2026-09-18 14:41:06,057 | INFO | [t=1310] VLA chunk prompt=open the top drawer
2026-09-18 14:41:06,410 | INFO | [t=1320] VLA chunk prompt=open the top drawer
2026-09-18 14:41:06,762 | INFO | [t=1330] VLA chunk prompt=open the top drawer
2026-09-18 14:41:07,112 | INFO | [t=1340] VLA chunk prompt=open the top drawer
2026-09-18 14:41:07,461 | INFO | [t=1350] VLA chunk prompt=open the top drawer
2026-09-18 14:41:07,811 | INFO | [t=1360] VLA chunk prompt=open the top drawer
2026-09-18 14:41:08,162 | INFO | [t=1370] VLA chunk prompt=open the top drawer
2026-09-18 14:41:08,515 | INFO | [t=1380] VLA chunk prompt=open the top drawer
2026-09-18 14:41:08,866 | INFO | [t=1390] VLA chunk prompt=open the top drawer
2026-09-18 14:41:09,213 | INFO | [t=1400] VLA chunk prompt=open the top drawer
2026-09-18 14:41:09,561 | INFO | [t=1410] VLA chunk prompt=open the top drawer
2026-09-18 14:41:09,909 | INFO | [t=1420] VLA chunk prompt=open the top drawer
2026-09-18 14:41:10,259 | INFO | [t=1430] VLA chunk prompt=open the top drawer
2026-09-18 14:41:10,608 | INFO | [t=1440] VLA chunk prompt=open the top drawer
2026-09-18 14:41:10,958 | INFO | [t=1450] VLA chunk prompt=open the top drawer
2026-09-18 14:41:11,316 | INFO | [t=1460] VLA chunk prompt=open the top drawer
2026-09-18 14:41:11,677 | INFO | [t=1470] VLA chunk prompt=open the top drawer
2026-09-18 14:41:12,039 | INFO | [t=1480] VLA chunk prompt=open the top drawer
2026-09-18 14:41:12,392 | INFO | [t=1490] VLA chunk prompt=open the top drawer
2026-09-18 14:41:12,742 | INFO | [t=1500] VLA chunk prompt=open the top drawer
2026-09-18 14:41:13,089 | INFO | [t=1510] VLA chunk prompt=open the top drawer
2026-09-18 14:41:13,434 | INFO | [t=1520] VLA chunk prompt=open the top drawer
2026-09-18 14:41:13,780 | INFO | [t=1530] VLA chunk prompt=open the top drawer
2026-09-18 14:41:14,133 | INFO | [t=1540] VLA chunk prompt=open the top drawer
2026-09-18 14:41:14,493 | INFO | [t=1550] VLA chunk prompt=open the top drawer
2026-09-18 14:41:14,853 | INFO | [t=1560] VLA chunk prompt=open the top drawer
2026-09-18 14:41:15,214 | INFO | [t=1570] VLA chunk prompt=open the top drawer
2026-09-18 14:41:15,568 | INFO | [t=1580] VLA chunk prompt=open the top drawer
2026-09-18 14:41:15,923 | INFO | [t=1590] VLA chunk prompt=open the top drawer
2026-09-18 14:41:16,276 | INFO | [t=1600] VLA chunk prompt=open the top drawer
2026-09-18 14:41:16,630 | INFO | [t=1610] VLA chunk prompt=open the top drawer
2026-09-18 14:41:16,982 | INFO | [t=1620] VLA chunk prompt=open the top drawer
2026-09-18 14:41:17,340 | INFO | [t=1630] VLA chunk prompt=open the top drawer
2026-09-18 14:41:17,698 | INFO | [t=1640] VLA chunk prompt=open the top drawer
2026-09-18 14:41:18,050 | INFO | [t=1650] VLA chunk prompt=open the top drawer
2026-09-18 14:41:18,401 | INFO | [t=1660] VLA chunk prompt=open the top drawer
2026-09-18 14:41:18,749 | INFO | [t=1670] VLA chunk prompt=open the top drawer
2026-09-18 14:41:19,098 | INFO | [t=1680] VLA chunk prompt=open the top drawer
2026-09-18 14:41:19,451 | INFO | [t=1690] VLA chunk prompt=open the top drawer
2026-09-18 14:41:19,807 | INFO | [t=1700] VLA chunk prompt=open the top drawer
2026-09-18 14:41:20,165 | INFO | [t=1710] VLA chunk prompt=open the top drawer
2026-09-18 14:41:20,534 | INFO | [t=1720] VLA chunk prompt=open the top drawer
2026-09-18 14:41:20,920 | INFO | [t=1730] VLA chunk prompt=open the top drawer
2026-09-18 14:41:21,306 | INFO | [t=1740] VLA chunk prompt=open the top drawer
2026-09-18 14:41:21,690 | INFO | [t=1750] VLA chunk prompt=open the top drawer
2026-09-18 14:41:22,070 | INFO | [t=1760] VLA chunk prompt=open the top drawer
2026-09-18 14:41:22,452 | INFO | [t=1770] VLA chunk prompt=open the top drawer
2026-09-18 14:41:22,836 | INFO | [t=1780] VLA chunk prompt=open the top drawer
2026-09-18 14:41:23,211 | INFO | [t=1790] VLA chunk prompt=open the top drawer
2026-09-18 14:41:23,585 | INFO | [t=1800] VLA chunk prompt=open the top drawer
2026-09-18 14:41:23,980 | INFO | [t=1810] VLA chunk prompt=open the top drawer
2026-09-18 14:41:24,376 | INFO | [t=1820] VLA chunk prompt=open the top drawer
2026-09-18 14:41:24,767 | INFO | [t=1830] VLA chunk prompt=open the top drawer
2026-09-18 14:41:25,149 | INFO | [t=1840] VLA chunk prompt=open the top drawer
2026-09-18 14:41:25,525 | INFO | [t=1850] VLA chunk prompt=open the top drawer
2026-09-18 14:41:25,896 | INFO | [t=1860] VLA chunk prompt=open the top drawer
2026-09-18 14:41:26,266 | INFO | [t=1870] VLA chunk prompt=open the top drawer
2026-09-18 14:41:26,631 | INFO | [t=1880] VLA chunk prompt=open the top drawer
2026-09-18 14:41:26,998 | INFO | [t=1890] VLA chunk prompt=open the top drawer
2026-09-18 14:41:27,362 | INFO | [t=1900] VLA chunk prompt=open the top drawer
2026-09-18 14:41:27,713 | INFO | [t=1910] VLA chunk prompt=open the top drawer
2026-09-18 14:41:28,056 | INFO | [t=1920] VLA chunk prompt=open the top drawer
2026-09-18 14:41:28,402 | INFO | [t=1930] VLA chunk prompt=open the top drawer
2026-09-18 14:41:28,744 | INFO | [t=1940] VLA chunk prompt=open the top drawer
2026-09-18 14:41:29,094 | INFO | [t=1950] VLA chunk prompt=open the top drawer
2026-09-18 14:41:29,446 | INFO | [t=1960] VLA chunk prompt=open the top drawer
2026-09-18 14:41:29,811 | INFO | [t=1970] VLA chunk prompt=open the top drawer
2026-09-18 14:41:30,170 | INFO | [t=1980] VLA chunk prompt=open the top drawer
2026-09-18 14:41:30,533 | INFO | [t=1990] VLA chunk prompt=open the top drawer
2026-09-18 14:41:30,898 | INFO | [t=2000] VLA chunk prompt=open the top drawer
2026-09-18 14:41:31,255 | INFO | [t=2010] VLA chunk prompt=open the top drawer
2026-09-18 14:41:31,615 | INFO | [t=2020] VLA chunk prompt=open the top drawer
2026-09-18 14:41:31,972 | INFO | [t=2030] VLA chunk prompt=open the top drawer
2026-09-18 14:41:32,329 | INFO | [t=2040] VLA chunk prompt=open the top drawer
2026-09-18 14:41:32,683 | INFO | [t=2050] VLA chunk prompt=open the top drawer
2026-09-18 14:41:33,039 | INFO | [t=2060] VLA chunk prompt=open the top drawer
2026-09-18 14:41:33,397 | INFO | [t=2070] VLA chunk prompt=open the top drawer
2026-09-18 14:41:33,758 | INFO | [t=2080] VLA chunk prompt=open the top drawer
2026-09-18 14:41:34,110 | INFO | [t=2090] VLA chunk prompt=open the top drawer
2026-09-18 14:41:34,460 | INFO | [t=2100] VLA chunk prompt=open the top drawer
2026-09-18 14:41:34,810 | INFO | [t=2110] VLA chunk prompt=open the top drawer
2026-09-18 14:41:35,161 | INFO | [t=2120] VLA chunk prompt=open the top drawer
2026-09-18 14:41:35,515 | INFO | [t=2130] VLA chunk prompt=open the top drawer
2026-09-18 14:41:35,870 | INFO | [t=2140] VLA chunk prompt=open the top drawer
2026-09-18 14:41:36,221 | INFO | [t=2150] VLA chunk prompt=open the top drawer
2026-09-18 14:41:36,570 | INFO | [t=2160] VLA chunk prompt=open the top drawer
2026-09-18 14:41:36,922 | INFO | [t=2170] VLA chunk prompt=open the top drawer
2026-09-18 14:41:37,271 | INFO | [t=2180] VLA chunk prompt=open the top drawer
2026-09-18 14:41:37,623 | INFO | [t=2190] VLA chunk prompt=open the top drawer
2026-09-18 14:41:37,981 | INFO | [t=2200] VLA chunk prompt=open the top drawer
2026-09-18 14:41:38,335 | INFO | API VLM @t=725 task=5 subtask=open top drawer keyframes=[]
2026-09-18 14:41:38,337 | INFO | [t=2210] VLA chunk prompt=open the top drawer
2026-09-18 14:41:38,648 | INFO | [t=2220] VLM prompt update from step=725: open top drawer
2026-09-18 14:41:38,698 | INFO | [t=2220] VLA chunk prompt=open top drawer
2026-09-18 14:41:39,047 | INFO | [t=2230] VLA chunk prompt=open top drawer
2026-09-18 14:41:39,394 | INFO | [t=2240] VLA chunk prompt=open top drawer
2026-09-18 14:41:39,744 | INFO | [t=2250] VLA chunk prompt=open top drawer
2026-09-18 14:41:40,102 | INFO | [t=2260] VLA chunk prompt=open top drawer
2026-09-18 14:41:40,460 | INFO | [t=2270] VLA chunk prompt=open top drawer
2026-09-18 14:41:40,815 | INFO | [t=2280] VLA chunk prompt=open top drawer
2026-09-18 14:41:41,166 | INFO | [t=2290] VLA chunk prompt=open top drawer
2026-09-18 14:41:41,519 | INFO | [t=2300] VLA chunk prompt=open top drawer
2026-09-18 14:41:41,877 | INFO | [t=2310] VLA chunk prompt=open top drawer
2026-09-18 14:41:42,234 | INFO | [t=2320] VLA chunk prompt=open top drawer
2026-09-18 14:41:42,585 | INFO | [t=2330] VLA chunk prompt=open top drawer
2026-09-18 14:41:42,934 | INFO | [t=2340] VLA chunk prompt=open top drawer
2026-09-18 14:41:43,292 | INFO | [t=2350] VLA chunk prompt=open top drawer
2026-09-18 14:41:43,650 | INFO | [t=2360] VLA chunk prompt=open top drawer
2026-09-18 14:41:44,001 | INFO | [t=2370] VLA chunk prompt=open top drawer
2026-09-18 14:41:44,343 | INFO | [t=2380] VLA chunk prompt=open top drawer
2026-09-18 14:41:44,679 | INFO | [t=2390] VLA chunk prompt=open top drawer
2026-09-18 14:41:45,007 | INFO | [t=2400] VLA chunk prompt=open top drawer
2026-09-18 14:41:45,331 | INFO | [t=2410] VLA chunk prompt=open top drawer
2026-09-18 14:41:45,649 | INFO | [t=2420] VLA chunk prompt=open top drawer
2026-09-18 14:41:45,988 | INFO | [t=2430] VLA chunk prompt=open top drawer
2026-09-18 14:41:46,346 | INFO | [t=2440] VLA chunk prompt=open top drawer
2026-09-18 14:41:46,726 | INFO | [t=2450] VLA chunk prompt=open top drawer
2026-09-18 14:41:47,108 | INFO | [t=2460] VLA chunk prompt=open top drawer
2026-09-18 14:41:47,474 | INFO | [t=2470] VLA chunk prompt=open top drawer
2026-09-18 14:41:47,832 | INFO | [t=2480] VLA chunk prompt=open top drawer
2026-09-18 14:41:48,189 | INFO | [t=2490] VLA chunk prompt=open top drawer
2026-09-18 14:41:48,546 | INFO | [t=2500] VLA chunk prompt=open top drawer
2026-09-18 14:41:51,875 | INFO | attempt=0 stage_score=25.0 stage_success=False failure_reason=incomplete_stage
2026-09-18 14:41:53,773 | INFO | harness release_gripper after env.reset (attempt=1)
2026-09-18 14:41:53,774 | INFO | async VLM enabled: single-slot subtask buffer
2026-09-18 14:41:54,030 | INFO | [t=10] VLA chunk prompt=Open all drawers in order, remember the empty drawer, then put butter into that empty drawer.
2026-09-18 14:41:54,307 | INFO | [t=20] VLA chunk prompt=Open all drawers in order, remember the empty drawer, then put butter into that empty drawer.
2026-09-18 14:41:54,584 | INFO | [t=30] VLA chunk prompt=Open all drawers in order, remember the empty drawer, then put butter into that empty drawer.
2026-09-18 14:41:54,856 | INFO | [t=40] VLA chunk prompt=Open all drawers in order, remember the empty drawer, then put butter into that empty drawer.
2026-09-18 14:41:55,140 | INFO | [t=50] VLA chunk prompt=Open all drawers in order, remember the empty drawer, then put butter into that empty drawer.
2026-09-18 14:41:55,410 | INFO | [t=60] VLA chunk prompt=Open all drawers in order, remember the empty drawer, then put butter into that empty drawer.
2026-09-18 14:41:55,688 | INFO | [t=70] VLA chunk prompt=Open all drawers in order, remember the empty drawer, then put butter into that empty drawer.
2026-09-18 14:41:55,928 | INFO | [t=80] harness subtask override: open top drawer
2026-09-18 14:41:55,928 | INFO | [t=80] VLM prompt update from step=-1: open top drawer
2026-09-18 14:41:55,929 | INFO | [t=80] harness forced VLM replan after stall (pmh visual retrieve armed)
2026-09-18 14:41:55,980 | INFO | [t=80] VLA chunk prompt=open top drawer
2026-09-18 14:41:56,266 | INFO | [t=90] VLA chunk prompt=open top drawer
2026-09-18 14:41:56,552 | INFO | [t=100] VLA chunk prompt=open top drawer
2026-09-18 14:41:56,867 | INFO | [t=110] VLA chunk prompt=open top drawer
2026-09-18 14:41:57,186 | INFO | [t=120] VLA chunk prompt=open top drawer
2026-09-18 14:41:57,510 | INFO | [t=130] VLA chunk prompt=open top drawer
2026-09-18 14:41:57,841 | INFO | [t=140] VLA chunk prompt=open top drawer
2026-09-18 14:41:58,173 | INFO | [t=150] VLA chunk prompt=open top drawer
2026-09-18 14:41:58,510 | INFO | [t=160] VLA chunk prompt=open top drawer
2026-09-18 14:41:58,853 | INFO | [t=170] VLA chunk prompt=open top drawer
2026-09-18 14:41:59,203 | INFO | [t=180] VLA chunk prompt=open top drawer
2026-09-18 14:41:59,554 | INFO | [t=190] VLA chunk prompt=open top drawer
2026-09-18 14:41:59,914 | INFO | [t=200] VLA chunk prompt=open top drawer
2026-09-18 14:42:00,138 | INFO | [t=207] stage done: 01_Open_Top_Drawer
2026-09-18 14:42:00,284 | INFO | [t=210] VLA chunk prompt=open top drawer
2026-09-18 14:42:00,644 | INFO | [t=220] VLA chunk prompt=open top drawer
2026-09-18 14:42:01,017 | INFO | [t=230] VLA chunk prompt=open top drawer
2026-09-18 14:42:01,392 | INFO | [t=240] VLA chunk prompt=open top drawer
2026-09-18 14:42:01,774 | INFO | [t=250] VLA chunk prompt=open top drawer
2026-09-18 14:42:02,161 | INFO | [t=260] VLA chunk prompt=open top drawer
2026-09-18 14:42:02,547 | INFO | [t=270] VLA chunk prompt=open top drawer
2026-09-18 14:42:02,934 | INFO | [t=280] VLA chunk prompt=open top drawer
2026-09-18 14:42:03,273 | INFO | [t=290] harness subtask override: close top drawer
2026-09-18 14:42:03,273 | INFO | [t=290] VLM prompt update from step=70: close top drawer
2026-09-18 14:42:03,274 | INFO | [t=290] harness forced VLM replan after stall (pmh visual retrieve armed)
2026-09-18 14:42:03,325 | INFO | [t=290] VLA chunk prompt=close top drawer
2026-09-18 14:42:03,708 | INFO | [t=300] VLA chunk prompt=close top drawer
2026-09-18 14:42:04,079 | INFO | [t=310] VLA chunk prompt=close top drawer
2026-09-18 14:42:04,439 | INFO | [t=320] VLA chunk prompt=close top drawer
2026-09-18 14:42:04,792 | INFO | [t=330] VLA chunk prompt=close top drawer
2026-09-18 14:42:05,146 | INFO | [t=340] VLA chunk prompt=close top drawer
2026-09-18 14:42:05,500 | INFO | [t=350] VLA chunk prompt=close top drawer
2026-09-18 14:42:05,854 | INFO | [t=360] VLA chunk prompt=close top drawer
2026-09-18 14:42:06,208 | INFO | [t=370] VLA chunk prompt=close top drawer
2026-09-18 14:42:06,563 | INFO | [t=380] VLA chunk prompt=close top drawer
2026-09-18 14:42:06,921 | INFO | [t=390] VLA chunk prompt=close top drawer
2026-09-18 14:42:07,284 | INFO | [t=400] VLA chunk prompt=close top drawer
2026-09-18 14:42:07,648 | INFO | [t=410] VLA chunk prompt=close top drawer
2026-09-18 14:42:08,015 | INFO | [t=420] VLA chunk prompt=close top drawer
2026-09-18 14:42:08,373 | INFO | [t=430] VLA chunk prompt=close top drawer
2026-09-18 14:42:08,731 | INFO | [t=440] VLA chunk prompt=close top drawer
2026-09-18 14:42:09,088 | INFO | [t=450] VLA chunk prompt=close top drawer
2026-09-18 14:42:09,445 | INFO | [t=460] VLA chunk prompt=close top drawer
2026-09-18 14:42:09,804 | INFO | [t=470] VLA chunk prompt=close top drawer
2026-09-18 14:42:10,163 | INFO | [t=480] VLA chunk prompt=close top drawer
2026-09-18 14:42:10,526 | INFO | [t=490] VLA chunk prompt=close top drawer
2026-09-18 14:42:10,890 | INFO | [t=500] VLA chunk prompt=close top drawer
2026-09-18 14:42:11,258 | INFO | [t=510] VLA chunk prompt=close top drawer
2026-09-18 14:42:11,627 | INFO | [t=520] VLA chunk prompt=close top drawer
2026-09-18 14:42:11,998 | INFO | [t=530] VLA chunk prompt=close top drawer
2026-09-18 14:42:12,374 | INFO | [t=540] VLA chunk prompt=close top drawer
2026-09-18 14:42:12,541 | INFO | [t=545] stage done: 02_Close_Top_Drawer
2026-09-18 14:42:12,762 | INFO | [t=550] VLA chunk prompt=close top drawer
2026-09-18 14:42:13,148 | INFO | [t=560] VLA chunk prompt=close top drawer
2026-09-18 14:42:13,537 | INFO | [t=570] VLA chunk prompt=close top drawer
2026-09-18 14:42:13,926 | INFO | [t=580] VLA chunk prompt=close top drawer
2026-09-18 14:42:14,305 | INFO | [t=590] VLA chunk prompt=close top drawer
2026-09-18 14:42:14,694 | INFO | [t=600] VLA chunk prompt=close top drawer
2026-09-18 14:42:15,077 | INFO | [t=610] VLA chunk prompt=close top drawer
2026-09-18 14:42:15,462 | INFO | [t=620] VLA chunk prompt=close top drawer
2026-09-18 14:42:15,796 | INFO | [t=630] harness subtask override: open middle drawer
2026-09-18 14:42:15,796 | INFO | [t=630] VLM prompt update from step=70: open middle drawer
2026-09-18 14:42:15,796 | INFO | [t=630] harness forced VLM replan after stall (pmh visual retrieve armed)
2026-09-18 14:42:15,848 | INFO | [t=630] VLA chunk prompt=open middle drawer
2026-09-18 14:42:16,237 | INFO | [t=640] VLA chunk prompt=open middle drawer
2026-09-18 14:42:16,624 | INFO | [t=650] VLA chunk prompt=open middle drawer
2026-09-18 14:42:17,008 | INFO | [t=660] VLA chunk prompt=open middle drawer
2026-09-18 14:42:17,379 | INFO | [t=670] VLA chunk prompt=open middle drawer
2026-09-18 14:42:17,748 | INFO | [t=680] VLA chunk prompt=open middle drawer
2026-09-18 14:42:18,117 | INFO | [t=690] VLA chunk prompt=open middle drawer
2026-09-18 14:42:18,489 | INFO | [t=700] VLA chunk prompt=open middle drawer
2026-09-18 14:42:18,861 | INFO | [t=710] VLA chunk prompt=open middle drawer
2026-09-18 14:42:19,233 | INFO | [t=720] VLA chunk prompt=open middle drawer
2026-09-18 14:42:19,604 | INFO | [t=730] VLA chunk prompt=open middle drawer
2026-09-18 14:42:19,972 | INFO | [t=740] VLA chunk prompt=open middle drawer
2026-09-18 14:42:20,339 | INFO | [t=750] VLA chunk prompt=open middle drawer
2026-09-18 14:42:20,703 | INFO | [t=760] VLA chunk prompt=open middle drawer
2026-09-18 14:42:21,062 | INFO | [t=770] VLA chunk prompt=open middle drawer
2026-09-18 14:42:21,424 | INFO | [t=780] VLA chunk prompt=open middle drawer
2026-09-18 14:42:21,785 | INFO | [t=790] VLA chunk prompt=open middle drawer
2026-09-18 14:42:22,143 | INFO | [t=800] VLA chunk prompt=open middle drawer
2026-09-18 14:42:22,502 | INFO | [t=810] VLA chunk prompt=open middle drawer
2026-09-18 14:42:22,854 | INFO | [t=820] VLA chunk prompt=open middle drawer
2026-09-18 14:42:23,207 | INFO | [t=830] VLA chunk prompt=open middle drawer
2026-09-18 14:42:23,560 | INFO | [t=840] VLA chunk prompt=open middle drawer
2026-09-18 14:42:23,914 | INFO | [t=850] VLA chunk prompt=open middle drawer
2026-09-18 14:42:24,273 | INFO | [t=860] VLA chunk prompt=open middle drawer
2026-09-18 14:42:24,630 | INFO | [t=870] VLA chunk prompt=open middle drawer
2026-09-18 14:42:24,796 | INFO | API VLM @t=2200 task=5 subtask=open middle drawer keyframes=[]
2026-09-18 14:42:24,983 | INFO | [t=880] VLA chunk prompt=open middle drawer
2026-09-18 14:42:25,336 | INFO | [t=890] VLA chunk prompt=open middle drawer
2026-09-18 14:42:25,687 | INFO | [t=900] VLA chunk prompt=open middle drawer
2026-09-18 14:42:26,040 | INFO | [t=910] VLA chunk prompt=open middle drawer
2026-09-18 14:42:26,398 | INFO | [t=920] VLA chunk prompt=open middle drawer
2026-09-18 14:42:26,757 | INFO | [t=930] VLA chunk prompt=open middle drawer
2026-09-18 14:42:27,125 | INFO | [t=940] VLA chunk prompt=open middle drawer
2026-09-18 14:42:27,491 | INFO | [t=950] VLA chunk prompt=open middle drawer
2026-09-18 14:42:27,859 | INFO | [t=960] VLA chunk prompt=open middle drawer
2026-09-18 14:42:28,234 | INFO | [t=970] VLA chunk prompt=open middle drawer
2026-09-18 14:42:28,607 | INFO | [t=980] VLA chunk prompt=open middle drawer
2026-09-18 14:42:28,992 | INFO | [t=990] VLA chunk prompt=open middle drawer
2026-09-18 14:42:29,377 | INFO | [t=1000] VLA chunk prompt=open middle drawer
2026-09-18 14:42:29,754 | INFO | [t=1010] VLA chunk prompt=open middle drawer
2026-09-18 14:42:30,124 | INFO | [t=1020] VLA chunk prompt=open middle drawer
2026-09-18 14:42:30,487 | INFO | [t=1030] VLA chunk prompt=open middle drawer
2026-09-18 14:42:30,839 | INFO | [t=1040] VLA chunk prompt=open middle drawer
2026-09-18 14:42:31,184 | INFO | [t=1050] VLA chunk prompt=open middle drawer
2026-09-18 14:42:31,522 | INFO | [t=1060] VLA chunk prompt=open middle drawer
2026-09-18 14:42:31,858 | INFO | [t=1070] VLA chunk prompt=open middle drawer
2026-09-18 14:42:32,205 | INFO | [t=1080] VLA chunk prompt=open middle drawer
2026-09-18 14:42:32,556 | INFO | [t=1090] VLA chunk prompt=open middle drawer
2026-09-18 14:42:32,917 | INFO | [t=1100] VLA chunk prompt=open middle drawer
2026-09-18 14:42:33,284 | INFO | [t=1110] VLA chunk prompt=open middle drawer
2026-09-18 14:42:33,648 | INFO | [t=1120] VLA chunk prompt=open middle drawer
2026-09-18 14:42:34,022 | INFO | [t=1130] VLA chunk prompt=open middle drawer
2026-09-18 14:42:34,394 | INFO | [t=1140] VLA chunk prompt=open middle drawer
2026-09-18 14:42:34,767 | INFO | [t=1150] VLA chunk prompt=open middle drawer
2026-09-18 14:42:35,139 | INFO | [t=1160] VLA chunk prompt=open middle drawer
2026-09-18 14:42:35,516 | INFO | [t=1170] VLA chunk prompt=open middle drawer
2026-09-18 14:42:35,886 | INFO | [t=1180] VLA chunk prompt=open middle drawer
2026-09-18 14:42:36,257 | INFO | [t=1190] VLA chunk prompt=open middle drawer
2026-09-18 14:42:36,627 | INFO | [t=1200] VLA chunk prompt=open middle drawer
2026-09-18 14:42:36,996 | INFO | [t=1210] VLA chunk prompt=open middle drawer
2026-09-18 14:42:37,363 | INFO | [t=1220] VLA chunk prompt=open middle drawer
2026-09-18 14:42:37,734 | INFO | [t=1230] VLA chunk prompt=open middle drawer
2026-09-18 14:42:38,101 | INFO | [t=1240] VLA chunk prompt=open middle drawer
2026-09-18 14:42:38,459 | INFO | [t=1250] VLA chunk prompt=open middle drawer
2026-09-18 14:42:38,816 | INFO | [t=1260] VLA chunk prompt=open middle drawer
2026-09-18 14:42:39,172 | INFO | [t=1270] VLA chunk prompt=open middle drawer
2026-09-18 14:42:39,529 | INFO | [t=1280] VLA chunk prompt=open middle drawer
2026-09-18 14:42:39,890 | INFO | [t=1290] VLA chunk prompt=open middle drawer
2026-09-18 14:42:40,258 | INFO | [t=1300] VLA chunk prompt=open middle drawer
2026-09-18 14:42:40,628 | INFO | [t=1310] VLA chunk prompt=open middle drawer
2026-09-18 14:42:41,001 | INFO | [t=1320] VLA chunk prompt=open middle drawer
2026-09-18 14:42:41,371 | INFO | [t=1330] VLA chunk prompt=open middle drawer
2026-09-18 14:42:41,742 | INFO | [t=1340] VLA chunk prompt=open middle drawer
2026-09-18 14:42:42,114 | INFO | [t=1350] VLA chunk prompt=open middle drawer
2026-09-18 14:42:42,484 | INFO | [t=1360] VLA chunk prompt=open middle drawer
2026-09-18 14:42:42,855 | INFO | [t=1370] VLA chunk prompt=open middle drawer
2026-09-18 14:42:43,232 | INFO | [t=1380] VLA chunk prompt=open middle drawer
2026-09-18 14:42:43,616 | INFO | [t=1390] VLA chunk prompt=open middle drawer
2026-09-18 14:42:43,990 | INFO | [t=1400] VLA chunk prompt=open middle drawer
2026-09-18 14:42:44,358 | INFO | [t=1410] VLA chunk prompt=open middle drawer
2026-09-18 14:42:44,726 | INFO | [t=1420] VLA chunk prompt=open middle drawer
2026-09-18 14:42:45,096 | INFO | [t=1430] VLA chunk prompt=open middle drawer
2026-09-18 14:42:45,467 | INFO | [t=1440] VLA chunk prompt=open middle drawer
2026-09-18 14:42:45,843 | INFO | [t=1450] VLA chunk prompt=open middle drawer
2026-09-18 14:42:46,211 | INFO | [t=1460] VLA chunk prompt=open middle drawer
2026-09-18 14:42:46,569 | INFO | [t=1470] VLA chunk prompt=open middle drawer
2026-09-18 14:42:46,928 | INFO | [t=1480] VLA chunk prompt=open middle drawer
2026-09-18 14:42:47,286 | INFO | [t=1490] VLA chunk prompt=open middle drawer
2026-09-18 14:42:47,644 | INFO | [t=1500] VLA chunk prompt=open middle drawer
2026-09-18 14:42:48,002 | INFO | [t=1510] VLA chunk prompt=open middle drawer
2026-09-18 14:42:48,367 | INFO | [t=1520] VLA chunk prompt=open middle drawer
2026-09-18 14:42:48,734 | INFO | [t=1530] VLA chunk prompt=open middle drawer
2026-09-18 14:42:49,103 | INFO | [t=1540] VLA chunk prompt=open middle drawer
2026-09-18 14:42:49,471 | INFO | [t=1550] VLA chunk prompt=open middle drawer
2026-09-18 14:42:49,835 | INFO | [t=1560] VLA chunk prompt=open middle drawer
2026-09-18 14:42:50,198 | INFO | [t=1570] VLA chunk prompt=open middle drawer
2026-09-18 14:42:50,560 | INFO | [t=1580] VLA chunk prompt=open middle drawer
2026-09-18 14:42:50,923 | INFO | [t=1590] VLA chunk prompt=open middle drawer
2026-09-18 14:42:51,290 | INFO | [t=1600] VLA chunk prompt=open middle drawer
2026-09-18 14:42:51,426 | INFO | API VLM @t=0 task=5 subtask=open top drawer keyframes=[]
2026-09-18 14:42:51,621 | INFO | [t=1610] VLM prompt update from step=0: open top drawer
2026-09-18 14:42:51,671 | INFO | [t=1610] VLA chunk prompt=open top drawer
2026-09-18 14:42:52,046 | INFO | [t=1620] VLA chunk prompt=open top drawer
2026-09-18 14:42:52,413 | INFO | [t=1630] VLA chunk prompt=open top drawer
2026-09-18 14:42:52,770 | INFO | [t=1640] VLA chunk prompt=open top drawer
2026-09-18 14:42:53,128 | INFO | [t=1650] VLA chunk prompt=open top drawer
2026-09-18 14:42:53,486 | INFO | [t=1660] VLA chunk prompt=open top drawer
2026-09-18 14:42:53,846 | INFO | [t=1670] VLA chunk prompt=open top drawer
2026-09-18 14:42:54,215 | INFO | [t=1680] VLA chunk prompt=open top drawer
2026-09-18 14:42:54,585 | INFO | [t=1690] VLA chunk prompt=open top drawer
2026-09-18 14:42:54,956 | INFO | [t=1700] VLA chunk prompt=open top drawer
2026-09-18 14:42:55,329 | INFO | [t=1710] VLA chunk prompt=open top drawer
2026-09-18 14:42:55,703 | INFO | [t=1720] VLA chunk prompt=open top drawer
2026-09-18 14:42:56,081 | INFO | [t=1730] VLA chunk prompt=open top drawer
2026-09-18 14:42:56,457 | INFO | [t=1740] VLA chunk prompt=open top drawer
2026-09-18 14:42:56,830 | INFO | [t=1750] VLA chunk prompt=open top drawer
2026-09-18 14:42:57,204 | INFO | [t=1760] VLA chunk prompt=open top drawer
2026-09-18 14:42:57,585 | INFO | [t=1770] VLA chunk prompt=open top drawer
2026-09-18 14:42:57,975 | INFO | [t=1780] VLA chunk prompt=open top drawer
2026-09-18 14:42:58,363 | INFO | [t=1790] VLA chunk prompt=open top drawer
2026-09-18 14:42:58,758 | INFO | [t=1800] VLA chunk prompt=open top drawer
2026-09-18 14:42:59,146 | INFO | [t=1810] VLA chunk prompt=open top drawer
2026-09-18 14:42:59,527 | INFO | [t=1820] VLA chunk prompt=open top drawer
2026-09-18 14:42:59,903 | INFO | [t=1830] VLA chunk prompt=open top drawer
2026-09-18 14:43:00,276 | INFO | [t=1840] VLA chunk prompt=open top drawer
2026-09-18 14:43:00,640 | INFO | [t=1850] VLA chunk prompt=open top drawer
2026-09-18 14:43:00,998 | INFO | [t=1860] VLA chunk prompt=open top drawer
2026-09-18 14:43:01,356 | INFO | [t=1870] VLA chunk prompt=open top drawer
2026-09-18 14:43:01,716 | INFO | [t=1880] VLA chunk prompt=open top drawer
2026-09-18 14:43:02,076 | INFO | [t=1890] VLA chunk prompt=open top drawer
2026-09-18 14:43:02,435 | INFO | [t=1900] VLA chunk prompt=open top drawer
2026-09-18 14:43:02,785 | INFO | [t=1910] VLA chunk prompt=open top drawer
2026-09-18 14:43:03,130 | INFO | [t=1920] VLA chunk prompt=open top drawer
2026-09-18 14:43:03,473 | INFO | [t=1930] VLA chunk prompt=open top drawer
2026-09-18 14:43:03,813 | INFO | [t=1940] VLA chunk prompt=open top drawer
2026-09-18 14:43:04,152 | INFO | [t=1950] VLA chunk prompt=open top drawer
2026-09-18 14:43:04,510 | INFO | [t=1960] VLA chunk prompt=open top drawer
2026-09-18 14:43:04,870 | INFO | [t=1970] VLA chunk prompt=open top drawer
2026-09-18 14:43:05,227 | INFO | [t=1980] VLA chunk prompt=open top drawer
2026-09-18 14:43:05,584 | INFO | [t=1990] VLA chunk prompt=open top drawer
2026-09-18 14:43:05,942 | INFO | [t=2000] VLA chunk prompt=open top drawer
2026-09-18 14:43:06,300 | INFO | [t=2010] VLA chunk prompt=open top drawer
2026-09-18 14:43:06,656 | INFO | [t=2020] VLA chunk prompt=open top drawer
2026-09-18 14:43:07,008 | INFO | [t=2030] VLA chunk prompt=open top drawer
2026-09-18 14:43:07,358 | INFO | [t=2040] VLA chunk prompt=open top drawer
2026-09-18 14:43:07,705 | INFO | [t=2050] VLA chunk prompt=open top drawer
2026-09-18 14:43:08,054 | INFO | [t=2060] VLA chunk prompt=open top drawer
2026-09-18 14:43:08,403 | INFO | [t=2070] VLA chunk prompt=open top drawer
2026-09-18 14:43:08,752 | INFO | [t=2080] VLA chunk prompt=open top drawer
2026-09-18 14:43:09,109 | INFO | [t=2090] VLA chunk prompt=open top drawer
2026-09-18 14:43:09,463 | INFO | [t=2100] VLA chunk prompt=open top drawer
2026-09-18 14:43:09,814 | INFO | [t=2110] VLA chunk prompt=open top drawer
2026-09-18 14:43:10,166 | INFO | [t=2120] VLA chunk prompt=open top drawer
2026-09-18 14:43:10,518 | INFO | [t=2130] VLA chunk prompt=open top drawer
2026-09-18 14:43:10,874 | INFO | [t=2140] VLA chunk prompt=open top drawer
2026-09-18 14:43:11,227 | INFO | [t=2150] VLA chunk prompt=open top drawer
2026-09-18 14:43:11,581 | INFO | [t=2160] VLA chunk prompt=open top drawer
2026-09-18 14:43:11,942 | INFO | [t=2170] VLA chunk prompt=open top drawer
2026-09-18 14:43:12,286 | INFO | [t=2180] VLA chunk prompt=open top drawer
2026-09-18 14:43:12,627 | INFO | [t=2190] VLA chunk prompt=open top drawer
2026-09-18 14:43:12,976 | INFO | [t=2200] VLA chunk prompt=open top drawer
2026-09-18 14:43:13,331 | INFO | [t=2210] VLA chunk prompt=open top drawer
2026-09-18 14:43:13,690 | INFO | [t=2220] VLA chunk prompt=open top drawer
2026-09-18 14:43:14,050 | INFO | [t=2230] VLA chunk prompt=open top drawer
2026-09-18 14:43:14,415 | INFO | [t=2240] VLA chunk prompt=open top drawer
2026-09-18 14:43:14,777 | INFO | [t=2250] VLA chunk prompt=open top drawer
2026-09-18 14:43:15,134 | INFO | [t=2260] VLA chunk prompt=open top drawer
2026-09-18 14:43:15,492 | INFO | [t=2270] VLA chunk prompt=open top drawer
2026-09-18 14:43:15,856 | INFO | [t=2280] VLA chunk prompt=open top drawer
2026-09-18 14:43:16,222 | INFO | [t=2290] VLA chunk prompt=open top drawer
2026-09-18 14:43:16,590 | INFO | [t=2300] VLA chunk prompt=open top drawer
2026-09-18 14:43:16,958 | INFO | [t=2310] VLA chunk prompt=open top drawer
2026-09-18 14:43:17,326 | INFO | [t=2320] VLA chunk prompt=open top drawer
2026-09-18 14:43:17,691 | INFO | [t=2330] VLA chunk prompt=open top drawer
2026-09-18 14:43:18,057 | INFO | [t=2340] VLA chunk prompt=open top drawer
2026-09-18 14:43:18,422 | INFO | [t=2350] VLA chunk prompt=open top drawer
2026-09-18 14:43:18,788 | INFO | [t=2360] VLA chunk prompt=open top drawer
2026-09-18 14:43:19,154 | INFO | [t=2370] VLA chunk prompt=open top drawer
2026-09-18 14:43:19,520 | INFO | [t=2380] VLA chunk prompt=open top drawer
2026-09-18 14:43:19,887 | INFO | [t=2390] VLA chunk prompt=open top drawer
2026-09-18 14:43:20,256 | INFO | [t=2400] VLA chunk prompt=open top drawer
2026-09-18 14:43:20,619 | INFO | [t=2410] VLA chunk prompt=open top drawer
2026-09-18 14:43:20,981 | INFO | [t=2420] VLA chunk prompt=open top drawer
2026-09-18 14:43:21,342 | INFO | [t=2430] VLA chunk prompt=open top drawer
2026-09-18 14:43:21,700 | INFO | [t=2440] VLA chunk prompt=open top drawer
2026-09-18 14:43:22,049 | INFO | [t=2450] VLA chunk prompt=open top drawer
2026-09-18 14:43:22,399 | INFO | [t=2460] VLA chunk prompt=open top drawer
2026-09-18 14:43:22,749 | INFO | [t=2470] VLA chunk prompt=open top drawer
2026-09-18 14:43:23,098 | INFO | [t=2480] VLA chunk prompt=open top drawer
2026-09-18 14:43:23,449 | INFO | [t=2490] VLA chunk prompt=open top drawer
2026-09-18 14:43:23,813 | INFO | [t=2500] VLA chunk prompt=open top drawer
2026-09-18 14:43:27,146 | INFO | attempt=1 stage_score=25.0 stage_success=False failure_reason=incomplete_stage
2026-09-18 14:43:27,150 | INFO | Episode 7 seed=107 stage_score=25.0 stage_success=0 goal=0.250 failure_reason=incomplete_stage | 01_Open_Top_Drawer=Y | 02_Close_Top_Drawer=Y | 03_Open_Middle_Drawer=N | 04_Close_Middle_Drawer=N | 05_Open_Bottom_Drawer=N | 06_Close_Bottom_Drawer=N | 07_Open_Middle_Drawer_Again=N | 08_Put_Butter_Middle_Drawer=N | 09_Close_Middle_Drawer_Final=N
