2026-09-18 12:14:55,605 | INFO | task_id=5 bddl=/project/peilab/why/RoboMemArena/bddl/5_butter_middle_drawer.bddl vlm_ckpt=/project/peilab/why/RoboMemArena/checkpoints/PrediMem/vlm_tasks1to26_ckpt74500
2026-09-18 12:14:57,737 | INFO | async VLM enabled: single-slot subtask buffer
2026-09-18 12:14:57,974 | INFO | API VLM @t=1900 task=5 subtask=open top drawer keyframes=[5]
2026-09-18 12:14:58,002 | INFO | [t=10] VLA chunk prompt=Open all drawers in order, remember the empty drawer, then put butter into that empty drawer.
2026-09-18 12:14:58,287 | INFO | [t=20] VLA chunk prompt=Open all drawers in order, remember the empty drawer, then put butter into that empty drawer.
2026-09-18 12:14:58,569 | INFO | [t=30] VLA chunk prompt=Open all drawers in order, remember the empty drawer, then put butter into that empty drawer.
2026-09-18 12:14:58,848 | INFO | [t=40] VLA chunk prompt=Open all drawers in order, remember the empty drawer, then put butter into that empty drawer.
2026-09-18 12:14:59,126 | INFO | [t=50] VLA chunk prompt=Open all drawers in order, remember the empty drawer, then put butter into that empty drawer.
2026-09-18 12:14:59,406 | INFO | [t=60] VLA chunk prompt=Open all drawers in order, remember the empty drawer, then put butter into that empty drawer.
2026-09-18 12:14:59,694 | INFO | [t=70] VLA chunk prompt=Open all drawers in order, remember the empty drawer, then put butter into that empty drawer.
2026-09-18 12:14:59,946 | INFO | [t=80] harness subtask override: open top drawer
2026-09-18 12:14:59,946 | INFO | [t=80] VLM prompt update from step=-1: open top drawer
2026-09-18 12:14:59,946 | INFO | [t=80] harness forced VLM replan after stall (pmh visual retrieve armed)
2026-09-18 12:14:59,997 | INFO | [t=80] VLA chunk prompt=open top drawer
2026-09-18 12:15:00,293 | INFO | [t=90] VLA chunk prompt=open top drawer
2026-09-18 12:15:00,593 | INFO | [t=100] VLA chunk prompt=open top drawer
2026-09-18 12:15:00,889 | INFO | [t=110] VLA chunk prompt=open top drawer
2026-09-18 12:15:01,189 | INFO | [t=120] VLA chunk prompt=open top drawer
2026-09-18 12:15:01,526 | INFO | [t=130] VLA chunk prompt=open top drawer
2026-09-18 12:15:01,873 | INFO | [t=140] VLA chunk prompt=open top drawer
2026-09-18 12:15:02,210 | INFO | [t=150] VLA chunk prompt=open top drawer
2026-09-18 12:15:02,554 | INFO | [t=160] VLA chunk prompt=open top drawer
2026-09-18 12:15:02,913 | INFO | [t=170] VLA chunk prompt=open top drawer
2026-09-18 12:15:03,269 | INFO | [t=180] VLA chunk prompt=open top drawer
2026-09-18 12:15:03,626 | INFO | [t=190] VLA chunk prompt=open top drawer
2026-09-18 12:15:03,984 | INFO | [t=200] VLA chunk prompt=open top drawer
2026-09-18 12:15:04,348 | INFO | [t=210] VLA chunk prompt=open top drawer
2026-09-18 12:15:04,715 | INFO | [t=220] VLA chunk prompt=open top drawer
2026-09-18 12:15:05,084 | INFO | [t=230] VLA chunk prompt=open top drawer
2026-09-18 12:15:05,457 | INFO | [t=240] VLA chunk prompt=open top drawer
2026-09-18 12:15:05,833 | INFO | [t=250] VLA chunk prompt=open top drawer
2026-09-18 12:15:06,213 | INFO | [t=260] VLA chunk prompt=open top drawer
2026-09-18 12:15:06,608 | INFO | [t=270] VLA chunk prompt=open top drawer
2026-09-18 12:15:07,002 | INFO | [t=280] VLA chunk prompt=open top drawer
2026-09-18 12:15:07,396 | INFO | [t=290] VLA chunk prompt=open top drawer
2026-09-18 12:15:07,789 | INFO | [t=300] VLA chunk prompt=open top drawer
2026-09-18 12:15:08,177 | INFO | [t=310] VLA chunk prompt=open top drawer
2026-09-18 12:15:08,554 | INFO | [t=320] VLA chunk prompt=open top drawer
2026-09-18 12:15:08,931 | INFO | [t=330] VLA chunk prompt=open top drawer
2026-09-18 12:15:09,308 | INFO | [t=340] VLA chunk prompt=open top drawer
2026-09-18 12:15:09,689 | INFO | [t=350] VLA chunk prompt=open top drawer
2026-09-18 12:15:10,071 | INFO | [t=360] VLA chunk prompt=open top drawer
2026-09-18 12:15:10,462 | INFO | [t=370] VLA chunk prompt=open top drawer
2026-09-18 12:15:10,849 | INFO | [t=380] VLA chunk prompt=open top drawer
2026-09-18 12:15:11,239 | INFO | [t=390] VLA chunk prompt=open top drawer
2026-09-18 12:15:11,628 | INFO | [t=400] VLA chunk prompt=open top drawer
2026-09-18 12:15:12,017 | INFO | [t=410] VLA chunk prompt=open top drawer
2026-09-18 12:15:12,260 | INFO | [t=417] stage done: 01_Open_Top_Drawer
2026-09-18 12:15:12,415 | INFO | [t=420] VLA chunk prompt=open top drawer
2026-09-18 12:15:12,799 | INFO | [t=430] VLA chunk prompt=open top drawer
2026-09-18 12:15:13,181 | INFO | [t=440] VLA chunk prompt=open top drawer
2026-09-18 12:15:13,576 | INFO | [t=450] VLA chunk prompt=open top drawer
2026-09-18 12:15:13,961 | INFO | [t=460] VLA chunk prompt=open top drawer
2026-09-18 12:15:14,342 | INFO | [t=470] VLA chunk prompt=open top drawer
2026-09-18 12:15:14,723 | INFO | [t=480] VLA chunk prompt=open top drawer
2026-09-18 12:15:15,102 | INFO | [t=490] VLA chunk prompt=open top drawer
2026-09-18 12:15:15,290 | INFO | API VLM @t=0 task=5 subtask=open top drawer keyframes=[]
2026-09-18 12:15:15,432 | INFO | [t=500] harness subtask override: close top drawer
2026-09-18 12:15:15,433 | INFO | [t=500] VLM prompt update from step=0: close top drawer
2026-09-18 12:15:15,433 | INFO | [t=500] harness forced VLM replan after stall (pmh visual retrieve armed)
2026-09-18 12:15:15,484 | INFO | [t=500] VLA chunk prompt=close top drawer
2026-09-18 12:15:15,861 | INFO | [t=510] VLA chunk prompt=close top drawer
2026-09-18 12:15:16,238 | INFO | [t=520] VLA chunk prompt=close top drawer
2026-09-18 12:15:16,614 | INFO | [t=530] VLA chunk prompt=close top drawer
2026-09-18 12:15:16,987 | INFO | [t=540] VLA chunk prompt=close top drawer
2026-09-18 12:15:17,360 | INFO | [t=550] VLA chunk prompt=close top drawer
2026-09-18 12:15:17,739 | INFO | [t=560] VLA chunk prompt=close top drawer
2026-09-18 12:15:18,118 | INFO | [t=570] VLA chunk prompt=close top drawer
2026-09-18 12:15:18,493 | INFO | [t=580] VLA chunk prompt=close top drawer
2026-09-18 12:15:18,866 | INFO | [t=590] VLA chunk prompt=close top drawer
2026-09-18 12:15:19,238 | INFO | [t=600] VLA chunk prompt=close top drawer
2026-09-18 12:15:19,611 | INFO | [t=610] VLA chunk prompt=close top drawer
2026-09-18 12:15:19,987 | INFO | [t=620] VLA chunk prompt=close top drawer
2026-09-18 12:15:20,379 | INFO | [t=630] VLA chunk prompt=close top drawer
2026-09-18 12:15:20,772 | INFO | [t=640] VLA chunk prompt=close top drawer
2026-09-18 12:15:21,165 | INFO | [t=650] VLA chunk prompt=close top drawer
2026-09-18 12:15:21,544 | INFO | [t=660] VLA chunk prompt=close top drawer
2026-09-18 12:15:21,922 | INFO | [t=670] VLA chunk prompt=close top drawer
2026-09-18 12:15:22,191 | INFO | [t=678] stage done: 02_Close_Top_Drawer
2026-09-18 12:15:22,309 | INFO | [t=680] VLA chunk prompt=close top drawer
2026-09-18 12:15:22,699 | INFO | [t=690] VLA chunk prompt=close top drawer
2026-09-18 12:15:23,091 | INFO | [t=700] VLA chunk prompt=close top drawer
2026-09-18 12:15:23,480 | INFO | [t=710] VLA chunk prompt=close top drawer
2026-09-18 12:15:23,877 | INFO | [t=720] VLA chunk prompt=close top drawer
2026-09-18 12:15:24,267 | INFO | [t=730] VLA chunk prompt=close top drawer
2026-09-18 12:15:24,655 | INFO | [t=740] VLA chunk prompt=close top drawer
2026-09-18 12:15:25,043 | INFO | [t=750] VLA chunk prompt=close top drawer
2026-09-18 12:15:25,384 | INFO | [t=760] harness subtask override: open middle drawer
2026-09-18 12:15:25,384 | INFO | [t=760] VLM prompt update from step=0: open middle drawer
2026-09-18 12:15:25,385 | INFO | [t=760] harness forced VLM replan after stall (pmh visual retrieve armed)
2026-09-18 12:15:25,436 | INFO | [t=760] VLA chunk prompt=open middle drawer
2026-09-18 12:15:25,829 | INFO | [t=770] VLA chunk prompt=open middle drawer
2026-09-18 12:15:26,222 | INFO | [t=780] VLA chunk prompt=open middle drawer
2026-09-18 12:15:26,610 | INFO | [t=790] VLA chunk prompt=open middle drawer
2026-09-18 12:15:27,003 | INFO | [t=800] VLA chunk prompt=open middle drawer
2026-09-18 12:15:27,406 | INFO | [t=810] VLA chunk prompt=open middle drawer
2026-09-18 12:15:27,809 | INFO | [t=820] VLA chunk prompt=open middle drawer
2026-09-18 12:15:28,211 | INFO | [t=830] VLA chunk prompt=open middle drawer
2026-09-18 12:15:28,618 | INFO | [t=840] VLA chunk prompt=open middle drawer
2026-09-18 12:15:29,029 | INFO | [t=850] VLA chunk prompt=open middle drawer
2026-09-18 12:15:29,440 | INFO | [t=860] VLA chunk prompt=open middle drawer
2026-09-18 12:15:29,840 | INFO | [t=870] VLA chunk prompt=open middle drawer
2026-09-18 12:15:30,233 | INFO | [t=880] VLA chunk prompt=open middle drawer
2026-09-18 12:15:30,623 | INFO | [t=890] VLA chunk prompt=open middle drawer
2026-09-18 12:15:31,012 | INFO | [t=900] VLA chunk prompt=open middle drawer
2026-09-18 12:15:31,403 | INFO | [t=910] VLA chunk prompt=open middle drawer
2026-09-18 12:15:31,797 | INFO | [t=920] VLA chunk prompt=open middle drawer
2026-09-18 12:15:32,197 | INFO | [t=930] VLA chunk prompt=open middle drawer
2026-09-18 12:15:32,602 | INFO | [t=940] VLA chunk prompt=open middle drawer
2026-09-18 12:15:33,008 | INFO | [t=950] VLA chunk prompt=open middle drawer
2026-09-18 12:15:33,414 | INFO | [t=960] VLA chunk prompt=open middle drawer
2026-09-18 12:15:33,821 | INFO | [t=970] VLA chunk prompt=open middle drawer
2026-09-18 12:15:34,231 | INFO | [t=980] VLA chunk prompt=open middle drawer
2026-09-18 12:15:34,641 | INFO | [t=990] VLA chunk prompt=open middle drawer
2026-09-18 12:15:34,976 | INFO | API VLM @t=485 task=5 subtask=close top drawer keyframes=[]
2026-09-18 12:15:34,988 | INFO | [t=1000] VLM prompt update from step=485: close top drawer
2026-09-18 12:15:35,039 | INFO | [t=1000] VLA chunk prompt=close top drawer
2026-09-18 12:15:35,430 | INFO | [t=1010] VLA chunk prompt=close top drawer
2026-09-18 12:15:35,819 | INFO | [t=1020] VLA chunk prompt=close top drawer
2026-09-18 12:15:36,212 | INFO | [t=1030] VLA chunk prompt=close top drawer
2026-09-18 12:15:36,605 | INFO | [t=1040] VLA chunk prompt=close top drawer
2026-09-18 12:15:37,003 | INFO | [t=1050] VLA chunk prompt=close top drawer
2026-09-18 12:15:37,409 | INFO | [t=1060] VLA chunk prompt=close top drawer
2026-09-18 12:15:37,816 | INFO | [t=1070] VLA chunk prompt=close top drawer
2026-09-18 12:15:38,232 | INFO | [t=1080] VLA chunk prompt=close top drawer
2026-09-18 12:15:38,644 | INFO | [t=1090] VLA chunk prompt=close top drawer
2026-09-18 12:15:39,039 | INFO | [t=1100] VLA chunk prompt=close top drawer
2026-09-18 12:15:39,433 | INFO | [t=1110] VLA chunk prompt=close top drawer
2026-09-18 12:15:39,819 | INFO | [t=1120] VLA chunk prompt=close top drawer
2026-09-18 12:15:40,200 | INFO | [t=1130] VLA chunk prompt=close top drawer
2026-09-18 12:15:40,581 | INFO | [t=1140] VLA chunk prompt=close top drawer
2026-09-18 12:15:40,961 | INFO | [t=1150] VLA chunk prompt=close top drawer
2026-09-18 12:15:41,338 | INFO | [t=1160] VLA chunk prompt=close top drawer
2026-09-18 12:15:41,713 | INFO | [t=1170] VLA chunk prompt=close top drawer
2026-09-18 12:15:42,083 | INFO | [t=1180] VLA chunk prompt=close top drawer
2026-09-18 12:15:42,456 | INFO | [t=1190] VLA chunk prompt=close top drawer
2026-09-18 12:15:42,823 | INFO | [t=1200] VLA chunk prompt=close top drawer
2026-09-18 12:15:43,197 | INFO | [t=1210] VLA chunk prompt=close top drawer
2026-09-18 12:15:43,582 | INFO | [t=1220] VLA chunk prompt=close top drawer
2026-09-18 12:15:43,968 | INFO | [t=1230] VLA chunk prompt=close top drawer
2026-09-18 12:15:44,355 | INFO | [t=1240] VLA chunk prompt=close top drawer
2026-09-18 12:15:44,749 | INFO | [t=1250] VLA chunk prompt=close top drawer
2026-09-18 12:15:45,145 | INFO | [t=1260] VLA chunk prompt=close top drawer
2026-09-18 12:15:45,538 | INFO | [t=1270] VLA chunk prompt=close top drawer
2026-09-18 12:15:45,931 | INFO | [t=1280] VLA chunk prompt=close top drawer
2026-09-18 12:15:46,327 | INFO | [t=1290] VLA chunk prompt=close top drawer
2026-09-18 12:15:46,713 | INFO | [t=1300] VLA chunk prompt=close top drawer
2026-09-18 12:15:47,101 | INFO | [t=1310] VLA chunk prompt=close top drawer
2026-09-18 12:15:47,491 | INFO | [t=1320] VLA chunk prompt=close top drawer
2026-09-18 12:15:47,877 | INFO | [t=1330] VLA chunk prompt=close top drawer
2026-09-18 12:15:48,263 | INFO | [t=1340] VLA chunk prompt=close top drawer
2026-09-18 12:15:48,648 | INFO | [t=1350] VLA chunk prompt=close top drawer
2026-09-18 12:15:49,035 | INFO | [t=1360] VLA chunk prompt=close top drawer
2026-09-18 12:15:49,421 | INFO | [t=1370] VLA chunk prompt=close top drawer
2026-09-18 12:15:49,806 | INFO | [t=1380] VLA chunk prompt=close top drawer
2026-09-18 12:15:50,193 | INFO | [t=1390] VLA chunk prompt=close top drawer
2026-09-18 12:15:50,579 | INFO | [t=1400] VLA chunk prompt=close top drawer
2026-09-18 12:15:50,964 | INFO | [t=1410] VLA chunk prompt=close top drawer
2026-09-18 12:15:51,354 | INFO | [t=1420] VLA chunk prompt=close top drawer
2026-09-18 12:15:51,743 | INFO | [t=1430] VLA chunk prompt=close top drawer
2026-09-18 12:15:52,128 | INFO | [t=1440] VLA chunk prompt=close top drawer
2026-09-18 12:15:52,514 | INFO | [t=1450] VLA chunk prompt=close top drawer
2026-09-18 12:15:52,899 | INFO | [t=1460] VLA chunk prompt=close top drawer
2026-09-18 12:15:53,285 | INFO | [t=1470] VLA chunk prompt=close top drawer
2026-09-18 12:15:53,674 | INFO | [t=1480] VLA chunk prompt=close top drawer
2026-09-18 12:15:54,061 | INFO | [t=1490] VLA chunk prompt=close top drawer
2026-09-18 12:15:54,446 | INFO | [t=1500] VLA chunk prompt=close top drawer
2026-09-18 12:15:54,835 | INFO | [t=1510] VLA chunk prompt=close top drawer
2026-09-18 12:15:55,220 | INFO | [t=1520] VLA chunk prompt=close top drawer
2026-09-18 12:15:55,609 | INFO | [t=1530] VLA chunk prompt=close top drawer
2026-09-18 12:15:56,004 | INFO | [t=1540] VLA chunk prompt=close top drawer
2026-09-18 12:15:56,397 | INFO | [t=1550] VLA chunk prompt=close top drawer
2026-09-18 12:15:56,537 | INFO | API VLM @t=985 task=5 subtask=open top drawer keyframes=[5]
2026-09-18 12:15:56,749 | INFO | [t=1560] VLM prompt update from step=985: open top drawer
2026-09-18 12:15:56,800 | INFO | [t=1560] VLA chunk prompt=open top drawer
2026-09-18 12:15:57,199 | INFO | [t=1570] VLA chunk prompt=open top drawer
2026-09-18 12:15:57,598 | INFO | [t=1580] VLA chunk prompt=open top drawer
2026-09-18 12:15:58,002 | INFO | [t=1590] VLA chunk prompt=open top drawer
2026-09-18 12:15:58,406 | INFO | [t=1600] VLA chunk prompt=open top drawer
2026-09-18 12:15:58,810 | INFO | [t=1610] VLA chunk prompt=open top drawer
2026-09-18 12:15:59,214 | INFO | [t=1620] VLA chunk prompt=open top drawer
2026-09-18 12:15:59,619 | INFO | [t=1630] VLA chunk prompt=open top drawer
2026-09-18 12:16:00,026 | INFO | [t=1640] VLA chunk prompt=open top drawer
2026-09-18 12:16:00,449 | INFO | [t=1650] VLA chunk prompt=open top drawer
2026-09-18 12:16:00,833 | INFO | [t=1660] VLA chunk prompt=open top drawer
2026-09-18 12:16:01,220 | INFO | [t=1670] VLA chunk prompt=open top drawer
2026-09-18 12:16:01,606 | INFO | [t=1680] VLA chunk prompt=open top drawer
2026-09-18 12:16:01,992 | INFO | [t=1690] VLA chunk prompt=open top drawer
2026-09-18 12:16:02,379 | INFO | [t=1700] VLA chunk prompt=open top drawer
2026-09-18 12:16:02,767 | INFO | [t=1710] VLA chunk prompt=open top drawer
2026-09-18 12:16:03,152 | INFO | [t=1720] VLA chunk prompt=open top drawer
2026-09-18 12:16:03,537 | INFO | [t=1730] VLA chunk prompt=open top drawer
2026-09-18 12:16:03,923 | INFO | [t=1740] VLA chunk prompt=open top drawer
2026-09-18 12:16:04,308 | INFO | [t=1750] VLA chunk prompt=open top drawer
2026-09-18 12:16:04,697 | INFO | [t=1760] VLA chunk prompt=open top drawer
2026-09-18 12:16:05,087 | INFO | [t=1770] VLA chunk prompt=open top drawer
2026-09-18 12:16:05,477 | INFO | [t=1780] VLA chunk prompt=open top drawer
2026-09-18 12:16:05,862 | INFO | [t=1790] VLA chunk prompt=open top drawer
2026-09-18 12:16:06,247 | INFO | [t=1800] VLA chunk prompt=open top drawer
2026-09-18 12:16:06,631 | INFO | [t=1810] VLA chunk prompt=open top drawer
2026-09-18 12:16:07,016 | INFO | [t=1820] VLA chunk prompt=open top drawer
2026-09-18 12:16:07,405 | INFO | [t=1830] VLA chunk prompt=open top drawer
2026-09-18 12:16:07,800 | INFO | [t=1840] VLA chunk prompt=open top drawer
2026-09-18 12:16:08,195 | INFO | [t=1850] VLA chunk prompt=open top drawer
2026-09-18 12:16:08,592 | INFO | [t=1860] VLA chunk prompt=open top drawer
2026-09-18 12:16:08,985 | INFO | [t=1870] VLA chunk prompt=open top drawer
2026-09-18 12:16:09,370 | INFO | [t=1880] VLA chunk prompt=open top drawer
2026-09-18 12:16:09,755 | INFO | [t=1890] VLA chunk prompt=open top drawer
2026-09-18 12:16:10,140 | INFO | [t=1900] VLA chunk prompt=open top drawer
2026-09-18 12:16:10,523 | INFO | [t=1910] VLA chunk prompt=open top drawer
2026-09-18 12:16:10,910 | INFO | [t=1920] VLA chunk prompt=open top drawer
2026-09-18 12:16:11,298 | INFO | [t=1930] VLA chunk prompt=open top drawer
2026-09-18 12:16:11,687 | INFO | [t=1940] VLA chunk prompt=open top drawer
2026-09-18 12:16:12,079 | INFO | [t=1950] VLA chunk prompt=open top drawer
2026-09-18 12:16:12,464 | INFO | [t=1960] VLA chunk prompt=open top drawer
2026-09-18 12:16:12,849 | INFO | [t=1970] VLA chunk prompt=open top drawer
2026-09-18 12:16:13,233 | INFO | [t=1980] VLA chunk prompt=open top drawer
2026-09-18 12:16:13,618 | INFO | [t=1990] VLA chunk prompt=open top drawer
2026-09-18 12:16:14,006 | INFO | [t=2000] VLA chunk prompt=open top drawer
2026-09-18 12:16:14,401 | INFO | [t=2010] VLA chunk prompt=open top drawer
2026-09-18 12:16:14,795 | INFO | [t=2020] VLA chunk prompt=open top drawer
2026-09-18 12:16:15,193 | INFO | [t=2030] VLA chunk prompt=open top drawer
2026-09-18 12:16:15,589 | INFO | [t=2040] VLA chunk prompt=open top drawer
2026-09-18 12:16:15,977 | INFO | [t=2050] VLA chunk prompt=open top drawer
2026-09-18 12:16:16,364 | INFO | [t=2060] VLA chunk prompt=open top drawer
2026-09-18 12:16:16,752 | INFO | [t=2070] VLA chunk prompt=open top drawer
2026-09-18 12:16:17,136 | INFO | [t=2080] VLA chunk prompt=open top drawer
2026-09-18 12:16:17,524 | INFO | [t=2090] VLA chunk prompt=open top drawer
2026-09-18 12:16:17,913 | INFO | [t=2100] VLA chunk prompt=open top drawer
2026-09-18 12:16:18,300 | INFO | [t=2110] VLA chunk prompt=open top drawer
2026-09-18 12:16:18,684 | INFO | [t=2120] VLA chunk prompt=open top drawer
2026-09-18 12:16:19,070 | INFO | [t=2130] VLA chunk prompt=open top drawer
2026-09-18 12:16:19,456 | INFO | [t=2140] VLA chunk prompt=open top drawer
2026-09-18 12:16:19,842 | INFO | [t=2150] VLA chunk prompt=open top drawer
2026-09-18 12:16:20,227 | INFO | [t=2160] VLA chunk prompt=open top drawer
2026-09-18 12:16:20,613 | INFO | [t=2170] VLA chunk prompt=open top drawer
2026-09-18 12:16:21,002 | INFO | [t=2180] VLA chunk prompt=open top drawer
2026-09-18 12:16:21,388 | INFO | [t=2190] VLA chunk prompt=open top drawer
2026-09-18 12:16:21,773 | INFO | [t=2200] VLA chunk prompt=open top drawer
2026-09-18 12:16:22,162 | INFO | [t=2210] VLA chunk prompt=open top drawer
2026-09-18 12:16:22,551 | INFO | [t=2220] VLA chunk prompt=open top drawer
2026-09-18 12:16:22,938 | INFO | [t=2230] VLA chunk prompt=open top drawer
2026-09-18 12:16:23,322 | INFO | [t=2240] VLA chunk prompt=open top drawer
2026-09-18 12:16:23,706 | INFO | [t=2250] VLA chunk prompt=open top drawer
2026-09-18 12:16:24,090 | INFO | [t=2260] VLA chunk prompt=open top drawer
2026-09-18 12:16:24,477 | INFO | [t=2270] VLA chunk prompt=open top drawer
2026-09-18 12:16:24,863 | INFO | [t=2280] VLA chunk prompt=open top drawer
2026-09-18 12:16:25,248 | INFO | [t=2290] VLA chunk prompt=open top drawer
2026-09-18 12:16:25,633 | INFO | [t=2300] VLA chunk prompt=open top drawer
2026-09-18 12:16:26,017 | INFO | [t=2310] VLA chunk prompt=open top drawer
2026-09-18 12:16:26,406 | INFO | [t=2320] VLA chunk prompt=open top drawer
2026-09-18 12:16:26,799 | INFO | [t=2330] VLA chunk prompt=open top drawer
2026-09-18 12:16:27,192 | INFO | [t=2340] VLA chunk prompt=open top drawer
2026-09-18 12:16:27,587 | INFO | [t=2350] VLA chunk prompt=open top drawer
2026-09-18 12:16:27,975 | INFO | [t=2360] VLA chunk prompt=open top drawer
2026-09-18 12:16:28,349 | INFO | API VLM @t=1540 task=5 subtask=open top drawer keyframes=[]
2026-09-18 12:16:28,360 | INFO | [t=2370] VLA chunk prompt=open top drawer
2026-09-18 12:16:28,748 | INFO | [t=2380] VLA chunk prompt=open top drawer
2026-09-18 12:16:29,134 | INFO | [t=2390] VLA chunk prompt=open top drawer
2026-09-18 12:16:29,519 | INFO | [t=2400] VLA chunk prompt=open top drawer
2026-09-18 12:16:29,907 | INFO | [t=2410] VLA chunk prompt=open top drawer
2026-09-18 12:16:30,292 | INFO | [t=2420] VLA chunk prompt=open top drawer
2026-09-18 12:16:30,678 | INFO | [t=2430] VLA chunk prompt=open top drawer
2026-09-18 12:16:31,062 | INFO | [t=2440] VLA chunk prompt=open top drawer
2026-09-18 12:16:31,448 | INFO | [t=2450] VLA chunk prompt=open top drawer
2026-09-18 12:16:31,834 | INFO | [t=2460] VLA chunk prompt=open top drawer
2026-09-18 12:16:32,219 | INFO | [t=2470] VLA chunk prompt=open top drawer
2026-09-18 12:16:32,603 | INFO | [t=2480] VLA chunk prompt=open top drawer
2026-09-18 12:16:32,988 | INFO | [t=2490] VLA chunk prompt=open top drawer
2026-09-18 12:16:33,373 | INFO | [t=2500] VLA chunk prompt=open top drawer
2026-09-18 12:16:36,733 | INFO | attempt=0 stage_score=25.0 stage_success=False failure_reason=incomplete_stage
2026-09-18 12:16:38,780 | INFO | harness release_gripper after env.reset (attempt=1)
2026-09-18 12:16:38,780 | INFO | async VLM enabled: single-slot subtask buffer
2026-09-18 12:16:39,047 | INFO | [t=10] VLA chunk prompt=Open all drawers in order, remember the empty drawer, then put butter into that empty drawer.
2026-09-18 12:16:39,332 | INFO | [t=20] VLA chunk prompt=Open all drawers in order, remember the empty drawer, then put butter into that empty drawer.
2026-09-18 12:16:39,613 | INFO | [t=30] VLA chunk prompt=Open all drawers in order, remember the empty drawer, then put butter into that empty drawer.
2026-09-18 12:16:39,892 | INFO | [t=40] VLA chunk prompt=Open all drawers in order, remember the empty drawer, then put butter into that empty drawer.
2026-09-18 12:16:40,172 | INFO | [t=50] VLA chunk prompt=Open all drawers in order, remember the empty drawer, then put butter into that empty drawer.
2026-09-18 12:16:40,452 | INFO | [t=60] VLA chunk prompt=Open all drawers in order, remember the empty drawer, then put butter into that empty drawer.
2026-09-18 12:16:40,741 | INFO | [t=70] VLA chunk prompt=Open all drawers in order, remember the empty drawer, then put butter into that empty drawer.
2026-09-18 12:16:41,002 | INFO | [t=80] harness subtask override: open top drawer
2026-09-18 12:16:41,002 | INFO | [t=80] VLM prompt update from step=-1: open top drawer
2026-09-18 12:16:41,002 | INFO | [t=80] harness forced VLM replan after stall (pmh visual retrieve armed)
2026-09-18 12:16:41,053 | INFO | [t=80] VLA chunk prompt=open top drawer
2026-09-18 12:16:41,352 | INFO | [t=90] VLA chunk prompt=open top drawer
2026-09-18 12:16:41,637 | INFO | [t=100] VLA chunk prompt=open top drawer
2026-09-18 12:16:41,916 | INFO | [t=110] VLA chunk prompt=open top drawer
2026-09-18 12:16:42,195 | INFO | [t=120] VLA chunk prompt=open top drawer
2026-09-18 12:16:42,503 | INFO | [t=130] VLA chunk prompt=open top drawer
2026-09-18 12:16:42,827 | INFO | [t=140] VLA chunk prompt=open top drawer
2026-09-18 12:16:43,164 | INFO | [t=150] VLA chunk prompt=open top drawer
2026-09-18 12:16:43,502 | INFO | [t=160] VLA chunk prompt=open top drawer
2026-09-18 12:16:43,839 | INFO | [t=170] VLA chunk prompt=open top drawer
2026-09-18 12:16:44,176 | INFO | [t=180] VLA chunk prompt=open top drawer
2026-09-18 12:16:44,520 | INFO | [t=190] VLA chunk prompt=open top drawer
2026-09-18 12:16:44,868 | INFO | [t=200] VLA chunk prompt=open top drawer
2026-09-18 12:16:45,219 | INFO | [t=210] VLA chunk prompt=open top drawer
2026-09-18 12:16:45,577 | INFO | [t=220] VLA chunk prompt=open top drawer
2026-09-18 12:16:45,939 | INFO | [t=230] VLA chunk prompt=open top drawer
2026-09-18 12:16:46,305 | INFO | [t=240] VLA chunk prompt=open top drawer
2026-09-18 12:16:46,391 | INFO | API VLM @t=0 task=5 subtask=open the top drawer keyframes=[]
2026-09-18 12:16:46,641 | INFO | [t=250] VLM prompt update from step=0: open the top drawer
2026-09-18 12:16:46,692 | INFO | [t=250] VLA chunk prompt=open the top drawer
2026-09-18 12:16:47,062 | INFO | [t=260] VLA chunk prompt=open the top drawer
2026-09-18 12:16:47,437 | INFO | [t=270] VLA chunk prompt=open the top drawer
2026-09-18 12:16:47,820 | INFO | [t=280] VLA chunk prompt=open the top drawer
2026-09-18 12:16:48,204 | INFO | [t=290] VLA chunk prompt=open the top drawer
2026-09-18 12:16:48,594 | INFO | [t=300] VLA chunk prompt=open the top drawer
2026-09-18 12:16:48,980 | INFO | [t=310] VLA chunk prompt=open the top drawer
2026-09-18 12:16:49,359 | INFO | [t=320] VLA chunk prompt=open the top drawer
2026-09-18 12:16:49,742 | INFO | [t=330] VLA chunk prompt=open the top drawer
2026-09-18 12:16:50,127 | INFO | [t=340] VLA chunk prompt=open the top drawer
2026-09-18 12:16:50,505 | INFO | [t=350] VLA chunk prompt=open the top drawer
2026-09-18 12:16:50,886 | INFO | [t=360] VLA chunk prompt=open the top drawer
2026-09-18 12:16:51,270 | INFO | [t=370] VLA chunk prompt=open the top drawer
2026-09-18 12:16:51,665 | INFO | [t=380] VLA chunk prompt=open the top drawer
2026-09-18 12:16:52,052 | INFO | [t=390] VLA chunk prompt=open the top drawer
2026-09-18 12:16:52,445 | INFO | [t=400] VLA chunk prompt=open the top drawer
2026-09-18 12:16:52,837 | INFO | [t=410] VLA chunk prompt=open the top drawer
2026-09-18 12:16:53,225 | INFO | [t=420] VLA chunk prompt=open the top drawer
2026-09-18 12:16:53,614 | INFO | [t=430] VLA chunk prompt=open the top drawer
2026-09-18 12:16:54,005 | INFO | [t=440] VLA chunk prompt=open the top drawer
2026-09-18 12:16:54,393 | INFO | [t=450] VLA chunk prompt=open the top drawer
2026-09-18 12:16:54,781 | INFO | [t=460] VLA chunk prompt=open the top drawer
2026-09-18 12:16:55,172 | INFO | [t=470] VLA chunk prompt=open the top drawer
2026-09-18 12:16:55,560 | INFO | [t=480] VLA chunk prompt=open the top drawer
2026-09-18 12:16:55,948 | INFO | [t=490] VLA chunk prompt=open the top drawer
2026-09-18 12:16:56,339 | INFO | [t=500] VLA chunk prompt=open the top drawer
2026-09-18 12:16:56,728 | INFO | [t=510] VLA chunk prompt=open the top drawer
2026-09-18 12:16:57,120 | INFO | [t=520] VLA chunk prompt=open the top drawer
2026-09-18 12:16:57,516 | INFO | [t=530] VLA chunk prompt=open the top drawer
2026-09-18 12:16:57,908 | INFO | [t=540] VLA chunk prompt=open the top drawer
2026-09-18 12:16:58,297 | INFO | [t=550] VLA chunk prompt=open the top drawer
2026-09-18 12:16:58,685 | INFO | [t=560] VLA chunk prompt=open the top drawer
2026-09-18 12:16:59,076 | INFO | [t=570] VLA chunk prompt=open the top drawer
2026-09-18 12:16:59,465 | INFO | [t=580] VLA chunk prompt=open the top drawer
2026-09-18 12:16:59,853 | INFO | [t=590] VLA chunk prompt=open the top drawer
2026-09-18 12:17:00,247 | INFO | [t=600] VLA chunk prompt=open the top drawer
2026-09-18 12:17:00,621 | INFO | API VLM @t=2360 task=5 subtask=open the top drawer keyframes=[5]
2026-09-18 12:17:00,634 | INFO | [t=610] VLA chunk prompt=open the top drawer
2026-09-18 12:17:01,019 | INFO | [t=620] VLA chunk prompt=open the top drawer
2026-09-18 12:17:01,409 | INFO | [t=630] VLA chunk prompt=open the top drawer
2026-09-18 12:17:01,796 | INFO | [t=640] VLA chunk prompt=open the top drawer
2026-09-18 12:17:02,182 | INFO | [t=650] VLA chunk prompt=open the top drawer
2026-09-18 12:17:02,579 | INFO | [t=660] VLA chunk prompt=open the top drawer
2026-09-18 12:17:02,967 | INFO | [t=670] VLA chunk prompt=open the top drawer
2026-09-18 12:17:03,355 | INFO | [t=680] VLA chunk prompt=open the top drawer
2026-09-18 12:17:03,742 | INFO | [t=690] VLA chunk prompt=open the top drawer
2026-09-18 12:17:04,129 | INFO | [t=700] VLA chunk prompt=open the top drawer
2026-09-18 12:17:04,516 | INFO | [t=710] VLA chunk prompt=open the top drawer
2026-09-18 12:17:04,905 | INFO | [t=720] VLA chunk prompt=open the top drawer
2026-09-18 12:17:05,294 | INFO | [t=730] VLA chunk prompt=open the top drawer
2026-09-18 12:17:05,684 | INFO | [t=740] VLA chunk prompt=open the top drawer
2026-09-18 12:17:06,071 | INFO | [t=750] VLA chunk prompt=open the top drawer
2026-09-18 12:17:06,460 | INFO | [t=760] VLA chunk prompt=open the top drawer
2026-09-18 12:17:06,849 | INFO | [t=770] VLA chunk prompt=open the top drawer
2026-09-18 12:17:07,240 | INFO | [t=780] VLA chunk prompt=open the top drawer
2026-09-18 12:17:07,626 | INFO | [t=790] VLA chunk prompt=open the top drawer
2026-09-18 12:17:08,016 | INFO | [t=800] VLA chunk prompt=open the top drawer
2026-09-18 12:17:08,403 | INFO | [t=810] VLA chunk prompt=open the top drawer
2026-09-18 12:17:08,790 | INFO | [t=820] VLA chunk prompt=open the top drawer
2026-09-18 12:17:09,181 | INFO | [t=830] VLA chunk prompt=open the top drawer
2026-09-18 12:17:09,574 | INFO | [t=840] VLA chunk prompt=open the top drawer
2026-09-18 12:17:09,966 | INFO | [t=850] VLA chunk prompt=open the top drawer
2026-09-18 12:17:10,366 | INFO | [t=860] VLA chunk prompt=open the top drawer
2026-09-18 12:17:10,764 | INFO | [t=870] VLA chunk prompt=open the top drawer
2026-09-18 12:17:11,164 | INFO | [t=880] VLA chunk prompt=open the top drawer
2026-09-18 12:17:11,565 | INFO | [t=890] VLA chunk prompt=open the top drawer
2026-09-18 12:17:11,966 | INFO | [t=900] VLA chunk prompt=open the top drawer
2026-09-18 12:17:12,371 | INFO | [t=910] VLA chunk prompt=open the top drawer
2026-09-18 12:17:12,776 | INFO | [t=920] VLA chunk prompt=open the top drawer
2026-09-18 12:17:13,172 | INFO | [t=930] VLA chunk prompt=open the top drawer
2026-09-18 12:17:13,564 | INFO | [t=940] VLA chunk prompt=open the top drawer
2026-09-18 12:17:13,958 | INFO | [t=950] VLA chunk prompt=open the top drawer
2026-09-18 12:17:14,347 | INFO | [t=960] VLA chunk prompt=open the top drawer
2026-09-18 12:17:14,737 | INFO | [t=970] VLA chunk prompt=open the top drawer
2026-09-18 12:17:15,124 | INFO | [t=980] VLA chunk prompt=open the top drawer
2026-09-18 12:17:15,513 | INFO | [t=990] VLA chunk prompt=open the top drawer
2026-09-18 12:17:15,900 | INFO | [t=1000] VLA chunk prompt=open the top drawer
2026-09-18 12:17:16,291 | INFO | [t=1010] VLA chunk prompt=open the top drawer
2026-09-18 12:17:16,682 | INFO | [t=1020] VLA chunk prompt=open the top drawer
2026-09-18 12:17:17,070 | INFO | [t=1030] VLA chunk prompt=open the top drawer
2026-09-18 12:17:17,458 | INFO | [t=1040] VLA chunk prompt=open the top drawer
2026-09-18 12:17:17,845 | INFO | [t=1050] VLA chunk prompt=open the top drawer
2026-09-18 12:17:18,231 | INFO | [t=1060] VLA chunk prompt=open the top drawer
2026-09-18 12:17:18,622 | INFO | [t=1070] VLA chunk prompt=open the top drawer
2026-09-18 12:17:19,013 | INFO | [t=1080] VLA chunk prompt=open the top drawer
2026-09-18 12:17:19,178 | INFO | API VLM @t=230 task=5 subtask=open top drawer keyframes=[]
2026-09-18 12:17:19,360 | INFO | [t=1090] VLM prompt update from step=230: open top drawer
2026-09-18 12:17:19,411 | INFO | [t=1090] VLA chunk prompt=open top drawer
2026-09-18 12:17:19,811 | INFO | [t=1100] VLA chunk prompt=open top drawer
2026-09-18 12:17:20,212 | INFO | [t=1110] VLA chunk prompt=open top drawer
2026-09-18 12:17:20,614 | INFO | [t=1120] VLA chunk prompt=open top drawer
2026-09-18 12:17:21,018 | INFO | [t=1130] VLA chunk prompt=open top drawer
2026-09-18 12:17:21,425 | INFO | [t=1140] VLA chunk prompt=open top drawer
2026-09-18 12:17:21,833 | INFO | [t=1150] VLA chunk prompt=open top drawer
2026-09-18 12:17:22,247 | INFO | [t=1160] VLA chunk prompt=open top drawer
2026-09-18 12:17:22,634 | INFO | [t=1170] VLA chunk prompt=open top drawer
2026-09-18 12:17:23,023 | INFO | [t=1180] VLA chunk prompt=open top drawer
2026-09-18 12:17:23,414 | INFO | [t=1190] VLA chunk prompt=open top drawer
2026-09-18 12:17:23,804 | INFO | [t=1200] VLA chunk prompt=open top drawer
2026-09-18 12:17:24,197 | INFO | [t=1210] VLA chunk prompt=open top drawer
2026-09-18 12:17:24,598 | INFO | [t=1220] VLA chunk prompt=open top drawer
2026-09-18 12:17:25,007 | INFO | [t=1230] VLA chunk prompt=open top drawer
2026-09-18 12:17:25,415 | INFO | [t=1240] VLA chunk prompt=open top drawer
2026-09-18 12:17:25,823 | INFO | [t=1250] VLA chunk prompt=open top drawer
2026-09-18 12:17:26,227 | INFO | [t=1260] VLA chunk prompt=open top drawer
2026-09-18 12:17:26,642 | INFO | [t=1270] VLA chunk prompt=open top drawer
2026-09-18 12:17:27,043 | INFO | [t=1280] VLA chunk prompt=open top drawer
2026-09-18 12:17:27,434 | INFO | [t=1290] VLA chunk prompt=open top drawer
2026-09-18 12:17:27,825 | INFO | [t=1300] VLA chunk prompt=open top drawer
2026-09-18 12:17:28,218 | INFO | [t=1310] VLA chunk prompt=open top drawer
2026-09-18 12:17:28,612 | INFO | [t=1320] VLA chunk prompt=open top drawer
2026-09-18 12:17:29,008 | INFO | [t=1330] VLA chunk prompt=open top drawer
2026-09-18 12:17:29,413 | INFO | [t=1340] VLA chunk prompt=open top drawer
2026-09-18 12:17:29,824 | INFO | [t=1350] VLA chunk prompt=open top drawer
2026-09-18 12:17:30,237 | INFO | [t=1360] VLA chunk prompt=open top drawer
2026-09-18 12:17:30,644 | INFO | [t=1370] VLA chunk prompt=open top drawer
2026-09-18 12:17:31,035 | INFO | [t=1380] VLA chunk prompt=open top drawer
2026-09-18 12:17:31,427 | INFO | [t=1390] VLA chunk prompt=open top drawer
2026-09-18 12:17:31,815 | INFO | [t=1400] VLA chunk prompt=open top drawer
2026-09-18 12:17:32,211 | INFO | [t=1410] VLA chunk prompt=open top drawer
2026-09-18 12:17:32,616 | INFO | [t=1420] VLA chunk prompt=open top drawer
2026-09-18 12:17:33,027 | INFO | [t=1430] VLA chunk prompt=open top drawer
2026-09-18 12:17:33,444 | INFO | [t=1440] VLA chunk prompt=open top drawer
2026-09-18 12:17:33,846 | INFO | [t=1450] VLA chunk prompt=open top drawer
2026-09-18 12:17:34,242 | INFO | [t=1460] VLA chunk prompt=open top drawer
2026-09-18 12:17:34,634 | INFO | [t=1470] VLA chunk prompt=open top drawer
2026-09-18 12:17:35,024 | INFO | [t=1480] VLA chunk prompt=open top drawer
2026-09-18 12:17:35,422 | INFO | [t=1490] VLA chunk prompt=open top drawer
2026-09-18 12:17:35,825 | INFO | [t=1500] VLA chunk prompt=open top drawer
2026-09-18 12:17:36,233 | INFO | [t=1510] VLA chunk prompt=open top drawer
2026-09-18 12:17:36,638 | INFO | [t=1520] VLA chunk prompt=open top drawer
2026-09-18 12:17:37,030 | INFO | [t=1530] VLA chunk prompt=open top drawer
2026-09-18 12:17:37,427 | INFO | [t=1540] VLA chunk prompt=open top drawer
2026-09-18 12:17:37,821 | INFO | [t=1550] VLA chunk prompt=open top drawer
2026-09-18 12:17:38,213 | INFO | [t=1560] VLA chunk prompt=open top drawer
2026-09-18 12:17:38,613 | INFO | [t=1570] VLA chunk prompt=open top drawer
2026-09-18 12:17:39,017 | INFO | [t=1580] VLA chunk prompt=open top drawer
2026-09-18 12:17:39,428 | INFO | [t=1590] VLA chunk prompt=open top drawer
2026-09-18 12:17:39,851 | INFO | [t=1600] VLA chunk prompt=open top drawer
2026-09-18 12:17:40,245 | INFO | [t=1610] VLA chunk prompt=open top drawer
2026-09-18 12:17:40,642 | INFO | [t=1620] VLA chunk prompt=open top drawer
2026-09-18 12:17:41,027 | INFO | [t=1630] VLA chunk prompt=open top drawer
2026-09-18 12:17:41,422 | INFO | [t=1640] VLA chunk prompt=open top drawer
2026-09-18 12:17:41,811 | INFO | [t=1650] VLA chunk prompt=open top drawer
2026-09-18 12:17:42,193 | INFO | [t=1660] VLA chunk prompt=open top drawer
2026-09-18 12:17:42,606 | INFO | [t=1670] VLA chunk prompt=open top drawer
2026-09-18 12:17:43,001 | INFO | [t=1680] VLA chunk prompt=open top drawer
2026-09-18 12:17:43,396 | INFO | [t=1690] VLA chunk prompt=open top drawer
2026-09-18 12:17:43,792 | INFO | [t=1700] VLA chunk prompt=open top drawer
2026-09-18 12:17:44,193 | INFO | [t=1710] VLA chunk prompt=open top drawer
2026-09-18 12:17:44,590 | INFO | [t=1720] VLA chunk prompt=open top drawer
2026-09-18 12:17:44,986 | INFO | [t=1730] VLA chunk prompt=open top drawer
2026-09-18 12:17:45,381 | INFO | [t=1740] VLA chunk prompt=open top drawer
2026-09-18 12:17:45,768 | INFO | [t=1750] VLA chunk prompt=open top drawer
2026-09-18 12:17:46,153 | INFO | [t=1760] VLA chunk prompt=open top drawer
2026-09-18 12:17:46,537 | INFO | [t=1770] VLA chunk prompt=open top drawer
2026-09-18 12:17:46,930 | INFO | [t=1780] VLA chunk prompt=open top drawer
2026-09-18 12:17:47,324 | INFO | [t=1790] VLA chunk prompt=open top drawer
2026-09-18 12:17:47,727 | INFO | [t=1800] VLA chunk prompt=open top drawer
2026-09-18 12:17:48,119 | INFO | [t=1810] VLA chunk prompt=open top drawer
2026-09-18 12:17:48,513 | INFO | [t=1820] VLA chunk prompt=open top drawer
2026-09-18 12:17:48,903 | INFO | [t=1830] VLA chunk prompt=open top drawer
2026-09-18 12:17:49,301 | INFO | [t=1840] VLA chunk prompt=open top drawer
2026-09-18 12:17:49,682 | INFO | [t=1850] VLA chunk prompt=open top drawer
2026-09-18 12:17:50,059 | INFO | [t=1860] VLA chunk prompt=open top drawer
2026-09-18 12:17:50,437 | INFO | [t=1870] VLA chunk prompt=open top drawer
2026-09-18 12:17:50,812 | INFO | [t=1880] VLA chunk prompt=open top drawer
2026-09-18 12:17:51,189 | INFO | [t=1890] VLA chunk prompt=open top drawer
2026-09-18 12:17:51,567 | INFO | [t=1900] VLA chunk prompt=open top drawer
2026-09-18 12:17:51,951 | INFO | [t=1910] VLA chunk prompt=open top drawer
2026-09-18 12:17:52,332 | INFO | [t=1920] VLA chunk prompt=open top drawer
2026-09-18 12:17:52,724 | INFO | [t=1930] VLA chunk prompt=open top drawer
2026-09-18 12:17:53,112 | INFO | [t=1940] VLA chunk prompt=open top drawer
2026-09-18 12:17:53,493 | INFO | [t=1950] VLA chunk prompt=open top drawer
2026-09-18 12:17:53,870 | INFO | [t=1960] VLA chunk prompt=open top drawer
2026-09-18 12:17:54,253 | INFO | [t=1970] VLA chunk prompt=open top drawer
2026-09-18 12:17:54,331 | INFO | API VLM @t=1070 task=5 subtask=open top drawer keyframes=[5]
2026-09-18 12:17:54,636 | INFO | [t=1980] VLA chunk prompt=open top drawer
2026-09-18 12:17:55,011 | INFO | [t=1990] VLA chunk prompt=open top drawer
2026-09-18 12:17:55,388 | INFO | [t=2000] VLA chunk prompt=open top drawer
2026-09-18 12:17:55,769 | INFO | [t=2010] VLA chunk prompt=open top drawer
2026-09-18 12:17:56,147 | INFO | [t=2020] VLA chunk prompt=open top drawer
2026-09-18 12:17:56,524 | INFO | [t=2030] VLA chunk prompt=open top drawer
2026-09-18 12:17:56,902 | INFO | [t=2040] VLA chunk prompt=open top drawer
2026-09-18 12:17:57,283 | INFO | [t=2050] VLA chunk prompt=open top drawer
2026-09-18 12:17:57,670 | INFO | [t=2060] VLA chunk prompt=open top drawer
2026-09-18 12:17:58,050 | INFO | [t=2070] VLA chunk prompt=open top drawer
2026-09-18 12:17:58,426 | INFO | [t=2080] VLA chunk prompt=open top drawer
2026-09-18 12:17:58,801 | INFO | [t=2090] VLA chunk prompt=open top drawer
2026-09-18 12:17:59,175 | INFO | [t=2100] VLA chunk prompt=open top drawer
2026-09-18 12:17:59,548 | INFO | [t=2110] VLA chunk prompt=open top drawer
2026-09-18 12:17:59,919 | INFO | [t=2120] VLA chunk prompt=open top drawer
2026-09-18 12:18:00,305 | INFO | [t=2130] VLA chunk prompt=open top drawer
2026-09-18 12:18:00,677 | INFO | [t=2140] VLA chunk prompt=open top drawer
2026-09-18 12:18:01,050 | INFO | [t=2150] VLA chunk prompt=open top drawer
2026-09-18 12:18:01,428 | INFO | [t=2160] VLA chunk prompt=open top drawer
2026-09-18 12:18:01,809 | INFO | [t=2170] VLA chunk prompt=open top drawer
2026-09-18 12:18:02,195 | INFO | [t=2180] VLA chunk prompt=open top drawer
2026-09-18 12:18:02,585 | INFO | [t=2190] VLA chunk prompt=open top drawer
2026-09-18 12:18:02,971 | INFO | [t=2200] VLA chunk prompt=open top drawer
2026-09-18 12:18:03,356 | INFO | [t=2210] VLA chunk prompt=open top drawer
2026-09-18 12:18:03,745 | INFO | [t=2220] VLA chunk prompt=open top drawer
2026-09-18 12:18:04,131 | INFO | [t=2230] VLA chunk prompt=open top drawer
2026-09-18 12:18:04,517 | INFO | [t=2240] VLA chunk prompt=open top drawer
2026-09-18 12:18:04,905 | INFO | [t=2250] VLA chunk prompt=open top drawer
2026-09-18 12:18:05,292 | INFO | [t=2260] VLA chunk prompt=open top drawer
2026-09-18 12:18:05,678 | INFO | [t=2270] VLA chunk prompt=open top drawer
2026-09-18 12:18:06,063 | INFO | [t=2280] VLA chunk prompt=open top drawer
2026-09-18 12:18:06,452 | INFO | [t=2290] VLA chunk prompt=open top drawer
2026-09-18 12:18:06,851 | INFO | [t=2300] VLA chunk prompt=open top drawer
2026-09-18 12:18:07,246 | INFO | [t=2310] VLA chunk prompt=open top drawer
2026-09-18 12:18:07,635 | INFO | [t=2320] VLA chunk prompt=open top drawer
2026-09-18 12:18:08,023 | INFO | [t=2330] VLA chunk prompt=open top drawer
2026-09-18 12:18:08,405 | INFO | [t=2340] VLA chunk prompt=open top drawer
2026-09-18 12:18:08,789 | INFO | [t=2350] VLA chunk prompt=open top drawer
2026-09-18 12:18:09,166 | INFO | API VLM @t=1960 task=5 subtask=open top drawer keyframes=[]
2026-09-18 12:18:09,173 | INFO | [t=2360] VLA chunk prompt=open top drawer
2026-09-18 12:18:09,565 | INFO | [t=2370] VLA chunk prompt=open top drawer
2026-09-18 12:18:09,957 | INFO | [t=2380] VLA chunk prompt=open top drawer
2026-09-18 12:18:10,358 | INFO | [t=2390] VLA chunk prompt=open top drawer
2026-09-18 12:18:10,755 | INFO | [t=2400] VLA chunk prompt=open top drawer
2026-09-18 12:18:11,150 | INFO | [t=2410] VLA chunk prompt=open top drawer
2026-09-18 12:18:11,534 | INFO | [t=2420] VLA chunk prompt=open top drawer
2026-09-18 12:18:11,921 | INFO | [t=2430] VLA chunk prompt=open top drawer
2026-09-18 12:18:12,305 | INFO | [t=2440] VLA chunk prompt=open top drawer
2026-09-18 12:18:12,689 | INFO | [t=2450] VLA chunk prompt=open top drawer
2026-09-18 12:18:13,079 | INFO | [t=2460] VLA chunk prompt=open top drawer
2026-09-18 12:18:13,465 | INFO | [t=2470] VLA chunk prompt=open top drawer
2026-09-18 12:18:13,853 | INFO | [t=2480] VLA chunk prompt=open top drawer
2026-09-18 12:18:14,239 | INFO | [t=2490] VLA chunk prompt=open top drawer
2026-09-18 12:18:14,625 | INFO | [t=2500] VLA chunk prompt=open top drawer
2026-09-18 12:18:17,986 | INFO | attempt=1 stage_score=0.0 stage_success=False failure_reason=incomplete_stage
2026-09-18 12:18:17,990 | INFO | Episode 2 seed=102 stage_score=25.0 stage_success=0 goal=0.250 failure_reason=incomplete_stage | 01_Open_Top_Drawer=Y | 02_Close_Top_Drawer=Y | 03_Open_Middle_Drawer=N | 04_Close_Middle_Drawer=N | 05_Open_Bottom_Drawer=N | 06_Close_Bottom_Drawer=N | 07_Open_Middle_Drawer_Again=N | 08_Put_Butter_Middle_Drawer=N | 09_Close_Middle_Drawer_Final=N
