2026-09-27 12:30:41,410 | INFO | task_id=8 bddl=/project/peilab/why/RoboMemArena/bddl/8_pick_chocolate_in_frypan_pour_tomato_sauce_twice.bddl vlm_ckpt=/project/peilab/why/RoboMemArena/checkpoints/PrediMem/vlm_tasks1to26_ckpt74500
2026-09-27 12:30:41,419 | INFO | [redact] enabled task=8 registered_phrases=0 terms=[]
2026-09-27 12:30:43,210 | INFO | async VLM enabled: single-slot subtask buffer
2026-09-27 12:30:43,393 | INFO | [redact] enabled task=8 registered_phrases=0 terms=[]
2026-09-27 12:30:43,449 | INFO | [t=10] VLA chunk prompt=Pick and place chocolate into the frypan, pour tomato sauce over it twice, then place the sauce bottle into the bowl drainer.
2026-09-27 12:30:43,697 | INFO | [t=20] VLA chunk prompt=Pick and place chocolate into the frypan, pour tomato sauce over it twice, then place the sauce bottle into the bowl drainer.
2026-09-27 12:30:43,940 | INFO | [t=30] VLA chunk prompt=Pick and place chocolate into the frypan, pour tomato sauce over it twice, then place the sauce bottle into the bowl drainer.
2026-09-27 12:30:44,182 | INFO | [t=40] VLA chunk prompt=Pick and place chocolate into the frypan, pour tomato sauce over it twice, then place the sauce bottle into the bowl drainer.
2026-09-27 12:30:44,424 | INFO | [t=50] VLA chunk prompt=Pick and place chocolate into the frypan, pour tomato sauce over it twice, then place the sauce bottle into the bowl drainer.
2026-09-27 12:30:44,665 | INFO | [t=60] VLA chunk prompt=Pick and place chocolate into the frypan, pour tomato sauce over it twice, then place the sauce bottle into the bowl drainer.
2026-09-27 12:30:44,906 | INFO | [t=70] VLA chunk prompt=Pick and place chocolate into the frypan, pour tomato sauce over it twice, then place the sauce bottle into the bowl drainer.
2026-09-27 12:30:45,148 | INFO | [t=80] VLA chunk prompt=Pick and place chocolate into the frypan, pour tomato sauce over it twice, then place the sauce bottle into the bowl drainer.
2026-09-27 12:30:45,396 | INFO | [t=90] VLA chunk prompt=Pick and place chocolate into the frypan, pour tomato sauce over it twice, then place the sauce bottle into the bowl drainer.
2026-09-27 12:30:45,650 | INFO | [t=100] VLA chunk prompt=Pick and place chocolate into the frypan, pour tomato sauce over it twice, then place the sauce bottle into the bowl drainer.
2026-09-27 12:30:45,896 | INFO | [t=110] VLA chunk prompt=Pick and place chocolate into the frypan, pour tomato sauce over it twice, then place the sauce bottle into the bowl drainer.
2026-09-27 12:30:46,154 | INFO | [t=120] VLA chunk prompt=Pick and place chocolate into the frypan, pour tomato sauce over it twice, then place the sauce bottle into the bowl drainer.
2026-09-27 12:30:46,438 | INFO | [t=130] VLA chunk prompt=Pick and place chocolate into the frypan, pour tomato sauce over it twice, then place the sauce bottle into the bowl drainer.
2026-09-27 12:30:46,726 | INFO | [t=140] VLA chunk prompt=Pick and place chocolate into the frypan, pour tomato sauce over it twice, then place the sauce bottle into the bowl drainer.
2026-09-27 12:30:47,018 | INFO | [t=150] VLA chunk prompt=Pick and place chocolate into the frypan, pour tomato sauce over it twice, then place the sauce bottle into the bowl drainer.
2026-09-27 12:30:47,123 | INFO | API VLM @t=0 task=8 subtask=Grasp and lift the tomato sauce bottle. keyframes=[]
2026-09-27 12:30:47,125 | INFO | [redact] enabled task=8 registered_phrases=0 terms=[]
2026-09-27 12:30:47,268 | INFO | [t=160] VLM prompt update from step=0: Grasp and lift the tomato sauce bottle.
2026-09-27 12:30:47,318 | INFO | [t=160] VLA chunk prompt=Grasp and lift the tomato sauce bottle.
2026-09-27 12:30:47,618 | INFO | [t=170] VLA chunk prompt=Grasp and lift the tomato sauce bottle.
2026-09-27 12:30:47,929 | INFO | [t=180] VLA chunk prompt=Grasp and lift the tomato sauce bottle.
2026-09-27 12:30:48,250 | INFO | [t=190] VLA chunk prompt=Grasp and lift the tomato sauce bottle.
2026-09-27 12:30:48,569 | INFO | [t=200] VLA chunk prompt=Grasp and lift the tomato sauce bottle.
2026-09-27 12:30:48,892 | INFO | [t=210] VLA chunk prompt=Grasp and lift the tomato sauce bottle.
2026-09-27 12:30:49,215 | INFO | [t=220] VLA chunk prompt=Grasp and lift the tomato sauce bottle.
2026-09-27 12:30:49,540 | INFO | [t=230] VLA chunk prompt=Grasp and lift the tomato sauce bottle.
2026-09-27 12:30:49,871 | INFO | [t=240] VLA chunk prompt=Grasp and lift the tomato sauce bottle.
2026-09-27 12:30:50,201 | INFO | [t=250] VLA chunk prompt=Grasp and lift the tomato sauce bottle.
2026-09-27 12:30:50,547 | INFO | [t=260] VLA chunk prompt=Grasp and lift the tomato sauce bottle.
2026-09-27 12:30:50,889 | INFO | [t=270] VLA chunk prompt=Grasp and lift the tomato sauce bottle.
2026-09-27 12:30:51,231 | INFO | [t=280] VLA chunk prompt=Grasp and lift the tomato sauce bottle.
2026-09-27 12:30:51,572 | INFO | [t=290] VLA chunk prompt=Grasp and lift the tomato sauce bottle.
2026-09-27 12:30:51,908 | INFO | [t=300] VLA chunk prompt=Grasp and lift the tomato sauce bottle.
2026-09-27 12:30:52,152 | INFO | API VLM @t=140 task=8 subtask=Grasp and lift the tomato sauce bottle. keyframes=[]
2026-09-27 12:30:52,153 | INFO | [redact] enabled task=8 registered_phrases=0 terms=[]
2026-09-27 12:30:52,247 | INFO | [t=310] VLA chunk prompt=Grasp and lift the tomato sauce bottle.
2026-09-27 12:30:52,589 | INFO | [t=320] VLA chunk prompt=Grasp and lift the tomato sauce bottle.
2026-09-27 12:30:52,938 | INFO | [t=330] VLA chunk prompt=Grasp and lift the tomato sauce bottle.
2026-09-27 12:30:53,277 | INFO | [t=340] VLA chunk prompt=Grasp and lift the tomato sauce bottle.
2026-09-27 12:30:53,611 | INFO | [t=350] VLA chunk prompt=Grasp and lift the tomato sauce bottle.
2026-09-27 12:30:53,940 | INFO | [t=360] VLA chunk prompt=Grasp and lift the tomato sauce bottle.
2026-09-27 12:30:54,268 | INFO | [t=370] VLA chunk prompt=Grasp and lift the tomato sauce bottle.
2026-09-27 12:30:54,596 | INFO | [t=380] VLA chunk prompt=Grasp and lift the tomato sauce bottle.
2026-09-27 12:30:54,924 | INFO | [t=390] VLA chunk prompt=Grasp and lift the tomato sauce bottle.
2026-09-27 12:30:55,261 | INFO | [t=400] VLA chunk prompt=Grasp and lift the tomato sauce bottle.
2026-09-27 12:30:55,599 | INFO | [t=410] VLA chunk prompt=Grasp and lift the tomato sauce bottle.
2026-09-27 12:30:55,932 | INFO | [t=420] VLA chunk prompt=Grasp and lift the tomato sauce bottle.
2026-09-27 12:30:56,262 | INFO | [t=430] VLA chunk prompt=Grasp and lift the tomato sauce bottle.
2026-09-27 12:30:56,590 | INFO | [t=440] VLA chunk prompt=Grasp and lift the tomato sauce bottle.
2026-09-27 12:30:56,900 | INFO | API VLM @t=295 task=8 subtask=Grasp the tomato sauce bottle and lift it until it is raised. keyframes=[]
2026-09-27 12:30:56,902 | INFO | [redact] enabled task=8 registered_phrases=0 terms=[]
2026-09-27 12:30:56,917 | INFO | [t=450] VLA chunk prompt=Grasp and lift the tomato sauce bottle.
2026-09-27 12:30:57,191 | INFO | [t=460] VLM prompt update from step=295: Grasp the tomato sauce bottle and lift it until it is raised.
2026-09-27 12:30:57,242 | INFO | [t=460] VLA chunk prompt=Grasp the tomato sauce bottle and lift it until it is raised.
2026-09-27 12:30:57,569 | INFO | [t=470] VLA chunk prompt=Grasp the tomato sauce bottle and lift it until it is raised.
2026-09-27 12:30:57,903 | INFO | [t=480] VLA chunk prompt=Grasp the tomato sauce bottle and lift it until it is raised.
2026-09-27 12:30:58,237 | INFO | [t=490] VLA chunk prompt=Grasp the tomato sauce bottle and lift it until it is raised.
2026-09-27 12:30:58,573 | INFO | [t=500] VLA chunk prompt=Grasp the tomato sauce bottle and lift it until it is raised.
2026-09-27 12:30:58,910 | INFO | [t=510] VLA chunk prompt=Grasp the tomato sauce bottle and lift it until it is raised.
2026-09-27 12:30:59,240 | INFO | [t=520] VLA chunk prompt=Grasp the tomato sauce bottle and lift it until it is raised.
2026-09-27 12:30:59,574 | INFO | [t=530] VLA chunk prompt=Grasp the tomato sauce bottle and lift it until it is raised.
2026-09-27 12:30:59,940 | INFO | [t=540] VLA chunk prompt=Grasp the tomato sauce bottle and lift it until it is raised.
2026-09-27 12:31:00,306 | INFO | [t=550] VLA chunk prompt=Grasp the tomato sauce bottle and lift it until it is raised.
2026-09-27 12:31:00,669 | INFO | [t=560] VLA chunk prompt=Grasp the tomato sauce bottle and lift it until it is raised.
2026-09-27 12:31:01,041 | INFO | [t=570] VLA chunk prompt=Grasp the tomato sauce bottle and lift it until it is raised.
2026-09-27 12:31:01,238 | INFO | API VLM @t=440 task=8 subtask=Reach for and grasp the tomato sauce bottle, then lift it. keyframes=[]
2026-09-27 12:31:01,241 | INFO | [redact] enabled task=8 registered_phrases=0 terms=[]
2026-09-27 12:31:01,371 | INFO | [t=580] VLM prompt update from step=440: Reach for and grasp the tomato sauce bottle, then lift it.
2026-09-27 12:31:01,424 | INFO | [t=580] VLA chunk prompt=Reach for and grasp the tomato sauce bottle, then lift it.
2026-09-27 12:31:01,789 | INFO | [t=590] VLA chunk prompt=Reach for and grasp the tomato sauce bottle, then lift it.
2026-09-27 12:31:02,154 | INFO | [t=600] VLA chunk prompt=Reach for and grasp the tomato sauce bottle, then lift it.
2026-09-27 12:31:02,516 | INFO | [t=610] VLA chunk prompt=Reach for and grasp the tomato sauce bottle, then lift it.
2026-09-27 12:31:02,878 | INFO | [t=620] VLA chunk prompt=Reach for and grasp the tomato sauce bottle, then lift it.
2026-09-27 12:31:03,248 | INFO | [t=630] VLA chunk prompt=Reach for and grasp the tomato sauce bottle, then lift it.
2026-09-27 12:31:03,623 | INFO | [t=640] VLA chunk prompt=Reach for and grasp the tomato sauce bottle, then lift it.
2026-09-27 12:31:03,994 | INFO | [t=650] VLA chunk prompt=Reach for and grasp the tomato sauce bottle, then lift it.
2026-09-27 12:31:04,362 | INFO | [t=660] VLA chunk prompt=Reach for and grasp the tomato sauce bottle, then lift it.
2026-09-27 12:31:04,727 | INFO | [t=670] VLA chunk prompt=Reach for and grasp the tomato sauce bottle, then lift it.
2026-09-27 12:31:05,089 | INFO | [t=680] VLA chunk prompt=Reach for and grasp the tomato sauce bottle, then lift it.
2026-09-27 12:31:05,453 | INFO | [t=690] VLA chunk prompt=Reach for and grasp the tomato sauce bottle, then lift it.
2026-09-27 12:31:05,832 | INFO | [t=700] VLA chunk prompt=Reach for and grasp the tomato sauce bottle, then lift it.
2026-09-27 12:31:06,206 | INFO | [t=710] VLA chunk prompt=Reach for and grasp the tomato sauce bottle, then lift it.
2026-09-27 12:31:06,369 | INFO | API VLM @t=565 task=8 subtask=Reach for and grasp the tomato sauce bottle, then lift it. keyframes=[]
2026-09-27 12:31:06,371 | INFO | [redact] enabled task=8 registered_phrases=0 terms=[]
2026-09-27 12:31:06,584 | INFO | [t=720] VLA chunk prompt=Reach for and grasp the tomato sauce bottle, then lift it.
2026-09-27 12:31:06,955 | INFO | [t=730] VLA chunk prompt=Reach for and grasp the tomato sauce bottle, then lift it.
2026-09-27 12:31:07,320 | INFO | [t=740] VLA chunk prompt=Reach for and grasp the tomato sauce bottle, then lift it.
2026-09-27 12:31:07,685 | INFO | [t=750] VLA chunk prompt=Reach for and grasp the tomato sauce bottle, then lift it.
2026-09-27 12:31:08,049 | INFO | [t=760] VLA chunk prompt=Reach for and grasp the tomato sauce bottle, then lift it.
2026-09-27 12:31:08,425 | INFO | [t=770] VLA chunk prompt=Reach for and grasp the tomato sauce bottle, then lift it.
2026-09-27 12:31:08,798 | INFO | [t=780] VLA chunk prompt=Reach for and grasp the tomato sauce bottle, then lift it.
2026-09-27 12:31:09,168 | INFO | [t=790] VLA chunk prompt=Reach for and grasp the tomato sauce bottle, then lift it.
2026-09-27 12:31:09,536 | INFO | [t=800] VLA chunk prompt=Reach for and grasp the tomato sauce bottle, then lift it.
2026-09-27 12:31:09,907 | INFO | [t=810] VLA chunk prompt=Reach for and grasp the tomato sauce bottle, then lift it.
2026-09-27 12:31:10,270 | INFO | [t=820] VLA chunk prompt=Reach for and grasp the tomato sauce bottle, then lift it.
2026-09-27 12:31:10,638 | INFO | [t=830] VLA chunk prompt=Reach for and grasp the tomato sauce bottle, then lift it.
2026-09-27 12:31:10,788 | INFO | API VLM @t=705 task=8 subtask=Reach for and grasp the tomato sauce bottle, then lift it. keyframes=[]
2026-09-27 12:31:10,790 | INFO | [redact] enabled task=8 registered_phrases=0 terms=[]
2026-09-27 12:31:11,025 | INFO | [t=840] VLA chunk prompt=Reach for and grasp the tomato sauce bottle, then lift it.
2026-09-27 12:31:11,398 | INFO | [t=850] VLA chunk prompt=Reach for and grasp the tomato sauce bottle, then lift it.
2026-09-27 12:31:11,768 | INFO | [t=860] VLA chunk prompt=Reach for and grasp the tomato sauce bottle, then lift it.
2026-09-27 12:31:12,132 | INFO | [t=870] VLA chunk prompt=Reach for and grasp the tomato sauce bottle, then lift it.
2026-09-27 12:31:12,494 | INFO | [t=880] VLA chunk prompt=Reach for and grasp the tomato sauce bottle, then lift it.
2026-09-27 12:31:12,857 | INFO | [t=890] VLA chunk prompt=Reach for and grasp the tomato sauce bottle, then lift it.
2026-09-27 12:31:13,226 | INFO | [t=900] VLA chunk prompt=Reach for and grasp the tomato sauce bottle, then lift it.
2026-09-27 12:31:13,602 | INFO | [t=910] VLA chunk prompt=Reach for and grasp the tomato sauce bottle, then lift it.
2026-09-27 12:31:13,968 | INFO | [t=920] VLA chunk prompt=Reach for and grasp the tomato sauce bottle, then lift it.
2026-09-27 12:31:14,331 | INFO | [t=930] VLA chunk prompt=Reach for and grasp the tomato sauce bottle, then lift it.
2026-09-27 12:31:14,694 | INFO | [t=940] VLA chunk prompt=Reach for and grasp the tomato sauce bottle, then lift it.
2026-09-27 12:31:14,720 | INFO | API VLM @t=820 task=8 subtask=Reach for and grasp the tomato sauce bottle, then lift it from the table. keyframes=[]
2026-09-27 12:31:14,722 | INFO | [redact] enabled task=8 registered_phrases=0 terms=[]
2026-09-27 12:31:14,821 | INFO | [t=944] stage done: 01_Lift_Tomato_Sauce
2026-09-27 12:31:15,005 | INFO | [t=950] VLM prompt update from step=820: Reach for and grasp the tomato sauce bottle, then lift it from the table.
2026-09-27 12:31:15,055 | INFO | [t=950] VLA chunk prompt=Reach for and grasp the tomato sauce bottle, then lift it from the table.
2026-09-27 12:31:15,413 | INFO | [t=960] VLA chunk prompt=Reach for and grasp the tomato sauce bottle, then lift it from the table.
2026-09-27 12:31:15,782 | INFO | [t=970] VLA chunk prompt=Reach for and grasp the tomato sauce bottle, then lift it from the table.
2026-09-27 12:31:16,152 | INFO | [t=980] VLA chunk prompt=Reach for and grasp the tomato sauce bottle, then lift it from the table.
2026-09-27 12:31:16,521 | INFO | [t=990] VLA chunk prompt=Reach for and grasp the tomato sauce bottle, then lift it from the table.
2026-09-27 12:31:16,884 | INFO | [t=1000] VLA chunk prompt=Reach for and grasp the tomato sauce bottle, then lift it from the table.
2026-09-27 12:31:17,248 | INFO | [t=1010] VLA chunk prompt=Reach for and grasp the tomato sauce bottle, then lift it from the table.
2026-09-27 12:31:17,611 | INFO | [t=1020] VLA chunk prompt=Reach for and grasp the tomato sauce bottle, then lift it from the table.
2026-09-27 12:31:17,975 | INFO | [t=1030] VLA chunk prompt=Reach for and grasp the tomato sauce bottle, then lift it from the table.
2026-09-27 12:31:18,341 | INFO | [t=1040] VLA chunk prompt=Reach for and grasp the tomato sauce bottle, then lift it from the table.
2026-09-27 12:31:18,583 | INFO | [t=1048] stage done: 02_Pour_One
2026-09-27 12:31:18,697 | INFO | [t=1050] VLA chunk prompt=Reach for and grasp the tomato sauce bottle, then lift it from the table.
2026-09-27 12:31:19,055 | INFO | [t=1060] VLA chunk prompt=Reach for and grasp the tomato sauce bottle, then lift it from the table.
2026-09-27 12:31:19,239 | INFO | API VLM @t=930 task=8 subtask=Reach for and grasp the tomato sauce bottle, then lift it from the table. keyframes=[]
2026-09-27 12:31:19,242 | INFO | [redact] enabled task=8 registered_phrases=0 terms=[]
2026-09-27 12:31:19,411 | INFO | [t=1070] VLA chunk prompt=Reach for and grasp the tomato sauce bottle, then lift it from the table.
2026-09-27 12:31:19,762 | INFO | [t=1080] VLA chunk prompt=Reach for and grasp the tomato sauce bottle, then lift it from the table.
2026-09-27 12:31:20,107 | INFO | [t=1090] VLA chunk prompt=Reach for and grasp the tomato sauce bottle, then lift it from the table.
2026-09-27 12:31:20,451 | INFO | [t=1100] VLA chunk prompt=Reach for and grasp the tomato sauce bottle, then lift it from the table.
2026-09-27 12:31:20,797 | INFO | [t=1110] VLA chunk prompt=Reach for and grasp the tomato sauce bottle, then lift it from the table.
2026-09-27 12:31:21,142 | INFO | [t=1120] VLA chunk prompt=Reach for and grasp the tomato sauce bottle, then lift it from the table.
2026-09-27 12:31:21,494 | INFO | [t=1130] VLA chunk prompt=Reach for and grasp the tomato sauce bottle, then lift it from the table.
2026-09-27 12:31:21,850 | INFO | [t=1140] VLA chunk prompt=Reach for and grasp the tomato sauce bottle, then lift it from the table.
2026-09-27 12:31:22,199 | INFO | [t=1150] VLA chunk prompt=Reach for and grasp the tomato sauce bottle, then lift it from the table.
2026-09-27 12:31:22,546 | INFO | [t=1160] VLA chunk prompt=Reach for and grasp the tomato sauce bottle, then lift it from the table.
2026-09-27 12:31:22,890 | INFO | [t=1170] VLA chunk prompt=Reach for and grasp the tomato sauce bottle, then lift it from the table.
2026-09-27 12:31:23,231 | INFO | [t=1180] VLA chunk prompt=Reach for and grasp the tomato sauce bottle, then lift it from the table.
2026-09-27 12:31:23,572 | INFO | [t=1190] VLA chunk prompt=Reach for and grasp the tomato sauce bottle, then lift it from the table.
2026-09-27 12:31:23,920 | INFO | [t=1200] VLA chunk prompt=Reach for and grasp the tomato sauce bottle, then lift it from the table.
2026-09-27 12:31:24,274 | INFO | [t=1210] VLA chunk prompt=Reach for and grasp the tomato sauce bottle, then lift it from the table.
2026-09-27 12:31:24,621 | INFO | [t=1220] VLA chunk prompt=Reach for and grasp the tomato sauce bottle, then lift it from the table.
2026-09-27 12:31:24,968 | INFO | [t=1230] VLA chunk prompt=Reach for and grasp the tomato sauce bottle, then lift it from the table.
2026-09-27 12:31:25,008 | INFO | API VLM @t=1055 task=8 subtask=Pour tomato sauce over the chocolate in the frypan a second time. keyframes=[]
2026-09-27 12:31:25,010 | INFO | [redact] enabled task=8 registered_phrases=0 terms=[]
2026-09-27 12:31:25,263 | INFO | [t=1240] VLM prompt update from step=1055: Pour tomato sauce over the chocolate in the frypan a second time.
2026-09-27 12:31:25,315 | INFO | [t=1240] VLA chunk prompt=Pour tomato sauce over the chocolate in the frypan a second time.
2026-09-27 12:31:25,656 | INFO | [t=1250] VLA chunk prompt=Pour tomato sauce over the chocolate in the frypan a second time.
2026-09-27 12:31:25,997 | INFO | [t=1260] VLA chunk prompt=Pour tomato sauce over the chocolate in the frypan a second time.
2026-09-27 12:31:26,342 | INFO | [t=1270] VLA chunk prompt=Pour tomato sauce over the chocolate in the frypan a second time.
2026-09-27 12:31:26,697 | INFO | [t=1280] VLA chunk prompt=Pour tomato sauce over the chocolate in the frypan a second time.
2026-09-27 12:31:27,047 | INFO | [t=1290] VLA chunk prompt=Pour tomato sauce over the chocolate in the frypan a second time.
2026-09-27 12:31:27,393 | INFO | [t=1300] VLA chunk prompt=Pour tomato sauce over the chocolate in the frypan a second time.
2026-09-27 12:31:27,735 | INFO | [t=1310] VLA chunk prompt=Pour tomato sauce over the chocolate in the frypan a second time.
2026-09-27 12:31:28,076 | INFO | [t=1320] VLA chunk prompt=Pour tomato sauce over the chocolate in the frypan a second time.
2026-09-27 12:31:28,417 | INFO | [t=1330] VLA chunk prompt=Pour tomato sauce over the chocolate in the frypan a second time.
2026-09-27 12:31:28,760 | INFO | [t=1340] VLA chunk prompt=Pour tomato sauce over the chocolate in the frypan a second time.
2026-09-27 12:31:29,111 | INFO | [t=1350] VLA chunk prompt=Pour tomato sauce over the chocolate in the frypan a second time.
2026-09-27 12:31:29,459 | INFO | [t=1360] VLA chunk prompt=Pour tomato sauce over the chocolate in the frypan a second time.
2026-09-27 12:31:29,804 | INFO | [t=1370] VLA chunk prompt=Pour tomato sauce over the chocolate in the frypan a second time.
2026-09-27 12:31:30,143 | INFO | [t=1380] VLA chunk prompt=Pour tomato sauce over the chocolate in the frypan a second time.
2026-09-27 12:31:30,480 | INFO | [t=1390] VLA chunk prompt=Pour tomato sauce over the chocolate in the frypan a second time.
2026-09-27 12:31:30,819 | INFO | [t=1400] VLA chunk prompt=Pour tomato sauce over the chocolate in the frypan a second time.
2026-09-27 12:31:31,161 | INFO | [t=1410] VLA chunk prompt=Pour tomato sauce over the chocolate in the frypan a second time.
2026-09-27 12:31:31,510 | INFO | [t=1420] VLA chunk prompt=Pour tomato sauce over the chocolate in the frypan a second time.
2026-09-27 12:31:31,731 | INFO | API VLM @t=1220 task=8 subtask=Pour the tomato sauce over the chocolate in the frypan a second time. keyframes=[]
2026-09-27 12:31:31,734 | INFO | [redact] enabled task=8 registered_phrases=0 terms=[]
2026-09-27 12:31:31,817 | INFO | [t=1430] VLM prompt update from step=1220: Pour the tomato sauce over the chocolate in the frypan a second time.
2026-09-27 12:31:31,870 | INFO | [t=1430] VLA chunk prompt=Pour the tomato sauce over the chocolate in the frypan a second time.
2026-09-27 12:31:32,216 | INFO | [t=1440] VLA chunk prompt=Pour the tomato sauce over the chocolate in the frypan a second time.
2026-09-27 12:31:32,559 | INFO | [t=1450] VLA chunk prompt=Pour the tomato sauce over the chocolate in the frypan a second time.
2026-09-27 12:31:32,899 | INFO | [t=1460] VLA chunk prompt=Pour the tomato sauce over the chocolate in the frypan a second time.
2026-09-27 12:31:33,240 | INFO | [t=1470] VLA chunk prompt=Pour the tomato sauce over the chocolate in the frypan a second time.
2026-09-27 12:31:33,577 | INFO | [t=1480] VLA chunk prompt=Pour the tomato sauce over the chocolate in the frypan a second time.
2026-09-27 12:31:33,917 | INFO | [t=1490] VLA chunk prompt=Pour the tomato sauce over the chocolate in the frypan a second time.
2026-09-27 12:31:34,265 | INFO | [t=1500] VLA chunk prompt=Pour the tomato sauce over the chocolate in the frypan a second time.
2026-09-27 12:31:34,607 | INFO | [t=1510] VLA chunk prompt=Pour the tomato sauce over the chocolate in the frypan a second time.
2026-09-27 12:31:34,944 | INFO | [t=1520] VLA chunk prompt=Pour the tomato sauce over the chocolate in the frypan a second time.
2026-09-27 12:31:35,281 | INFO | [t=1530] VLA chunk prompt=Pour the tomato sauce over the chocolate in the frypan a second time.
2026-09-27 12:31:35,617 | INFO | [t=1540] VLA chunk prompt=Pour the tomato sauce over the chocolate in the frypan a second time.
2026-09-27 12:31:35,950 | INFO | [t=1550] VLA chunk prompt=Pour the tomato sauce over the chocolate in the frypan a second time.
2026-09-27 12:31:36,287 | INFO | [t=1560] VLA chunk prompt=Pour the tomato sauce over the chocolate in the frypan a second time.
2026-09-27 12:31:36,636 | INFO | [t=1570] VLA chunk prompt=Pour the tomato sauce over the chocolate in the frypan a second time.
2026-09-27 12:31:36,975 | INFO | [t=1580] VLA chunk prompt=Pour the tomato sauce over the chocolate in the frypan a second time.
2026-09-27 12:31:37,314 | INFO | [t=1590] VLA chunk prompt=Pour the tomato sauce over the chocolate in the frypan a second time.
2026-09-27 12:31:37,648 | INFO | [t=1600] VLA chunk prompt=Pour the tomato sauce over the chocolate in the frypan a second time.
2026-09-27 12:31:37,825 | INFO | API VLM @t=1415 task=8 subtask=Pour the tomato sauce over the chocolate in the frypan for the second time. keyframes=[]
2026-09-27 12:31:37,828 | INFO | [redact] enabled task=8 registered_phrases=0 terms=[]
2026-09-27 12:31:37,935 | INFO | [t=1610] VLM prompt update from step=1415: Pour the tomato sauce over the chocolate in the frypan for the second time.
2026-09-27 12:31:37,986 | INFO | [t=1610] VLA chunk prompt=Pour the tomato sauce over the chocolate in the frypan for the second time.
2026-09-27 12:31:38,318 | INFO | [t=1620] VLA chunk prompt=Pour the tomato sauce over the chocolate in the frypan for the second time.
2026-09-27 12:31:38,651 | INFO | [t=1630] VLA chunk prompt=Pour the tomato sauce over the chocolate in the frypan for the second time.
2026-09-27 12:31:38,990 | INFO | [t=1640] VLA chunk prompt=Pour the tomato sauce over the chocolate in the frypan for the second time.
2026-09-27 12:31:39,331 | INFO | [t=1650] VLA chunk prompt=Pour the tomato sauce over the chocolate in the frypan for the second time.
2026-09-27 12:31:39,674 | INFO | [t=1660] VLA chunk prompt=Pour the tomato sauce over the chocolate in the frypan for the second time.
2026-09-27 12:31:40,021 | INFO | [t=1670] VLA chunk prompt=Pour the tomato sauce over the chocolate in the frypan for the second time.
2026-09-27 12:31:40,362 | INFO | [t=1680] VLA chunk prompt=Pour the tomato sauce over the chocolate in the frypan for the second time.
2026-09-27 12:31:40,702 | INFO | [t=1690] VLA chunk prompt=Pour the tomato sauce over the chocolate in the frypan for the second time.
2026-09-27 12:31:41,042 | INFO | [t=1700] VLA chunk prompt=Pour the tomato sauce over the chocolate in the frypan for the second time.
2026-09-27 12:31:41,376 | INFO | [t=1710] VLA chunk prompt=Pour the tomato sauce over the chocolate in the frypan for the second time.
2026-09-27 12:31:41,710 | INFO | [t=1720] VLA chunk prompt=Pour the tomato sauce over the chocolate in the frypan for the second time.
2026-09-27 12:31:42,043 | INFO | [t=1730] VLA chunk prompt=Pour the tomato sauce over the chocolate in the frypan for the second time.
2026-09-27 12:31:42,390 | INFO | [t=1740] VLA chunk prompt=Pour the tomato sauce over the chocolate in the frypan for the second time.
2026-09-27 12:31:42,675 | INFO | API VLM @t=1595 task=8 subtask=Tilt the tomato sauce bottle over the chocolate in the frypan to pour sauce onto it again. keyframes=[]
2026-09-27 12:31:42,677 | INFO | [redact] enabled task=8 registered_phrases=0 terms=[]
2026-09-27 12:31:42,680 | INFO | [t=1750] VLM prompt update from step=1595: Tilt the tomato sauce bottle over the chocolate in the frypan to pour sauce onto it again.
2026-09-27 12:31:42,733 | INFO | [t=1750] VLA chunk prompt=Tilt the tomato sauce bottle over the chocolate in the frypan to pour sauce onto it again.
2026-09-27 12:31:43,076 | INFO | [t=1760] VLA chunk prompt=Tilt the tomato sauce bottle over the chocolate in the frypan to pour sauce onto it again.
2026-09-27 12:31:43,412 | INFO | [t=1770] VLA chunk prompt=Tilt the tomato sauce bottle over the chocolate in the frypan to pour sauce onto it again.
2026-09-27 12:31:43,751 | INFO | [t=1780] VLA chunk prompt=Tilt the tomato sauce bottle over the chocolate in the frypan to pour sauce onto it again.
2026-09-27 12:31:44,091 | INFO | [t=1790] VLA chunk prompt=Tilt the tomato sauce bottle over the chocolate in the frypan to pour sauce onto it again.
2026-09-27 12:31:44,426 | INFO | [t=1800] VLA chunk prompt=Tilt the tomato sauce bottle over the chocolate in the frypan to pour sauce onto it again.
2026-09-27 12:31:44,767 | INFO | [t=1810] VLA chunk prompt=Tilt the tomato sauce bottle over the chocolate in the frypan to pour sauce onto it again.
2026-09-27 12:31:45,112 | INFO | [t=1820] VLA chunk prompt=Tilt the tomato sauce bottle over the chocolate in the frypan to pour sauce onto it again.
2026-09-27 12:31:45,451 | INFO | [t=1830] VLA chunk prompt=Tilt the tomato sauce bottle over the chocolate in the frypan to pour sauce onto it again.
2026-09-27 12:31:45,789 | INFO | [t=1840] VLA chunk prompt=Tilt the tomato sauce bottle over the chocolate in the frypan to pour sauce onto it again.
2026-09-27 12:31:46,128 | INFO | [t=1850] VLA chunk prompt=Tilt the tomato sauce bottle over the chocolate in the frypan to pour sauce onto it again.
2026-09-27 12:31:46,464 | INFO | [t=1860] VLA chunk prompt=Tilt the tomato sauce bottle over the chocolate in the frypan to pour sauce onto it again.
2026-09-27 12:31:46,804 | INFO | [t=1870] VLA chunk prompt=Tilt the tomato sauce bottle over the chocolate in the frypan to pour sauce onto it again.
2026-09-27 12:31:47,148 | INFO | [t=1880] VLA chunk prompt=Tilt the tomato sauce bottle over the chocolate in the frypan to pour sauce onto it again.
2026-09-27 12:31:47,501 | INFO | [t=1890] VLA chunk prompt=Tilt the tomato sauce bottle over the chocolate in the frypan to pour sauce onto it again.
2026-09-27 12:31:47,846 | INFO | [t=1900] VLA chunk prompt=Tilt the tomato sauce bottle over the chocolate in the frypan to pour sauce onto it again.
2026-09-27 12:31:48,156 | INFO | API VLM @t=1735 task=8 subtask=Tilt the sauce bottle to pour onto the chocolate in the frypan a second time. keyframes=[]
2026-09-27 12:31:48,158 | INFO | [redact] enabled task=8 registered_phrases=0 terms=[]
2026-09-27 12:31:48,188 | INFO | [t=1910] VLA chunk prompt=Tilt the tomato sauce bottle over the chocolate in the frypan to pour sauce onto it again.
2026-09-27 12:31:48,473 | INFO | [t=1920] VLM prompt update from step=1735: Tilt the sauce bottle to pour onto the chocolate in the frypan a second time.
2026-09-27 12:31:48,525 | INFO | [t=1920] VLA chunk prompt=Tilt the sauce bottle to pour onto the chocolate in the frypan a second time.
2026-09-27 12:31:48,862 | INFO | [t=1930] VLA chunk prompt=Tilt the sauce bottle to pour onto the chocolate in the frypan a second time.
2026-09-27 12:31:49,192 | INFO | [t=1940] VLA chunk prompt=Tilt the sauce bottle to pour onto the chocolate in the frypan a second time.
2026-09-27 12:31:49,502 | INFO | [t=1950] VLA chunk prompt=Tilt the sauce bottle to pour onto the chocolate in the frypan a second time.
2026-09-27 12:31:49,813 | INFO | [t=1960] VLA chunk prompt=Tilt the sauce bottle to pour onto the chocolate in the frypan a second time.
2026-09-27 12:31:50,133 | INFO | [t=1970] VLA chunk prompt=Tilt the sauce bottle to pour onto the chocolate in the frypan a second time.
2026-09-27 12:31:50,444 | INFO | [t=1980] VLA chunk prompt=Tilt the sauce bottle to pour onto the chocolate in the frypan a second time.
2026-09-27 12:31:50,753 | INFO | [t=1990] VLA chunk prompt=Tilt the sauce bottle to pour onto the chocolate in the frypan a second time.
2026-09-27 12:31:51,058 | INFO | [t=2000] VLA chunk prompt=Tilt the sauce bottle to pour onto the chocolate in the frypan a second time.
2026-09-27 12:31:51,365 | INFO | [t=2010] VLA chunk prompt=Tilt the sauce bottle to pour onto the chocolate in the frypan a second time.
2026-09-27 12:31:51,669 | INFO | [t=2020] VLA chunk prompt=Tilt the sauce bottle to pour onto the chocolate in the frypan a second time.
2026-09-27 12:31:51,974 | INFO | [t=2030] VLA chunk prompt=Tilt the sauce bottle to pour onto the chocolate in the frypan a second time.
2026-09-27 12:31:52,287 | INFO | [t=2040] VLA chunk prompt=Tilt the sauce bottle to pour onto the chocolate in the frypan a second time.
2026-09-27 12:31:52,603 | INFO | [t=2050] VLA chunk prompt=Tilt the sauce bottle to pour onto the chocolate in the frypan a second time.
2026-09-27 12:31:52,912 | INFO | [t=2060] VLA chunk prompt=Tilt the sauce bottle to pour onto the chocolate in the frypan a second time.
2026-09-27 12:31:53,218 | INFO | [t=2070] VLA chunk prompt=Tilt the sauce bottle to pour onto the chocolate in the frypan a second time.
2026-09-27 12:31:53,522 | INFO | [t=2080] VLA chunk prompt=Tilt the sauce bottle to pour onto the chocolate in the frypan a second time.
2026-09-27 12:31:53,637 | INFO | API VLM @t=1900 task=8 subtask=Tilt the sauce bottle over the chocolate in the frypan to pour sauce onto it a second time. keyframes=[]
2026-09-27 12:31:53,639 | INFO | [redact] enabled task=8 registered_phrases=0 terms=[]
2026-09-27 12:31:53,778 | INFO | [t=2090] VLM prompt update from step=1900: Tilt the sauce bottle over the chocolate in the frypan to pour sauce onto it a second time.
2026-09-27 12:31:53,830 | INFO | [t=2090] VLA chunk prompt=Tilt the sauce bottle over the chocolate in the frypan to pour sauce onto it a second time.
2026-09-27 12:31:54,133 | INFO | [t=2100] VLA chunk prompt=Tilt the sauce bottle over the chocolate in the frypan to pour sauce onto it a second time.
2026-09-27 12:31:54,435 | INFO | [t=2110] VLA chunk prompt=Tilt the sauce bottle over the chocolate in the frypan to pour sauce onto it a second time.
2026-09-27 12:31:54,743 | INFO | [t=2120] VLA chunk prompt=Tilt the sauce bottle over the chocolate in the frypan to pour sauce onto it a second time.
2026-09-27 12:31:55,057 | INFO | [t=2130] VLA chunk prompt=Tilt the sauce bottle over the chocolate in the frypan to pour sauce onto it a second time.
2026-09-27 12:31:55,364 | INFO | [t=2140] VLA chunk prompt=Tilt the sauce bottle over the chocolate in the frypan to pour sauce onto it a second time.
2026-09-27 12:31:55,670 | INFO | [t=2150] VLA chunk prompt=Tilt the sauce bottle over the chocolate in the frypan to pour sauce onto it a second time.
2026-09-27 12:31:55,972 | INFO | [t=2160] VLA chunk prompt=Tilt the sauce bottle over the chocolate in the frypan to pour sauce onto it a second time.
2026-09-27 12:31:56,272 | INFO | [t=2170] VLA chunk prompt=Tilt the sauce bottle over the chocolate in the frypan to pour sauce onto it a second time.
2026-09-27 12:31:56,573 | INFO | [t=2180] VLA chunk prompt=Tilt the sauce bottle over the chocolate in the frypan to pour sauce onto it a second time.
2026-09-27 12:31:56,875 | INFO | [t=2190] VLA chunk prompt=Tilt the sauce bottle over the chocolate in the frypan to pour sauce onto it a second time.
2026-09-27 12:31:57,180 | INFO | [t=2200] VLA chunk prompt=Tilt the sauce bottle over the chocolate in the frypan to pour sauce onto it a second time.
2026-09-27 12:31:57,494 | INFO | [t=2210] VLA chunk prompt=Tilt the sauce bottle over the chocolate in the frypan to pour sauce onto it a second time.
2026-09-27 12:31:57,808 | INFO | [t=2220] VLA chunk prompt=Tilt the sauce bottle over the chocolate in the frypan to pour sauce onto it a second time.
2026-09-27 12:31:58,100 | INFO | API VLM @t=2070 task=8 subtask=Tilt the sauce bottle to pour onto the chocolate in the frypan again. keyframes=[]
2026-09-27 12:31:58,102 | INFO | [redact] enabled task=8 registered_phrases=0 terms=[]
2026-09-27 12:31:58,120 | INFO | [t=2230] VLA chunk prompt=Tilt the sauce bottle over the chocolate in the frypan to pour sauce onto it a second time.
2026-09-27 12:31:58,380 | INFO | [t=2240] VLM prompt update from step=2070: Tilt the sauce bottle to pour onto the chocolate in the frypan again.
2026-09-27 12:31:58,432 | INFO | [t=2240] VLA chunk prompt=Tilt the sauce bottle to pour onto the chocolate in the frypan again.
2026-09-27 12:31:58,740 | INFO | [t=2250] VLA chunk prompt=Tilt the sauce bottle to pour onto the chocolate in the frypan again.
2026-09-27 12:31:59,048 | INFO | [t=2260] VLA chunk prompt=Tilt the sauce bottle to pour onto the chocolate in the frypan again.
2026-09-27 12:31:59,355 | INFO | [t=2270] VLA chunk prompt=Tilt the sauce bottle to pour onto the chocolate in the frypan again.
2026-09-27 12:31:59,661 | INFO | [t=2280] VLA chunk prompt=Tilt the sauce bottle to pour onto the chocolate in the frypan again.
2026-09-27 12:31:59,972 | INFO | [t=2290] VLA chunk prompt=Tilt the sauce bottle to pour onto the chocolate in the frypan again.
2026-09-27 12:32:00,289 | INFO | [t=2300] VLA chunk prompt=Tilt the sauce bottle to pour onto the chocolate in the frypan again.
2026-09-27 12:32:00,605 | INFO | [t=2310] VLA chunk prompt=Tilt the sauce bottle to pour onto the chocolate in the frypan again.
2026-09-27 12:32:00,923 | INFO | [t=2320] VLA chunk prompt=Tilt the sauce bottle to pour onto the chocolate in the frypan again.
2026-09-27 12:32:01,240 | INFO | [t=2330] VLA chunk prompt=Tilt the sauce bottle to pour onto the chocolate in the frypan again.
2026-09-27 12:32:01,553 | INFO | [t=2340] VLA chunk prompt=Tilt the sauce bottle to pour onto the chocolate in the frypan again.
2026-09-27 12:32:01,864 | INFO | [t=2350] VLA chunk prompt=Tilt the sauce bottle to pour onto the chocolate in the frypan again.
2026-09-27 12:32:02,170 | INFO | [t=2360] VLA chunk prompt=Tilt the sauce bottle to pour onto the chocolate in the frypan again.
2026-09-27 12:32:02,477 | INFO | [t=2370] VLA chunk prompt=Tilt the sauce bottle to pour onto the chocolate in the frypan again.
2026-09-27 12:32:02,650 | INFO | API VLM @t=2220 task=8 subtask=Tilt the tomato sauce bottle over the chocolate in the frypan to pour sauce onto it again. keyframes=[]
2026-09-27 12:32:02,652 | INFO | [redact] enabled task=8 registered_phrases=0 terms=[]
2026-09-27 12:32:02,742 | INFO | [t=2380] VLM prompt update from step=2220: Tilt the tomato sauce bottle over the chocolate in the frypan to pour sauce onto it again.
2026-09-27 12:32:02,794 | INFO | [t=2380] VLA chunk prompt=Tilt the tomato sauce bottle over the chocolate in the frypan to pour sauce onto it again.
2026-09-27 12:32:03,103 | INFO | [t=2390] VLA chunk prompt=Tilt the tomato sauce bottle over the chocolate in the frypan to pour sauce onto it again.
2026-09-27 12:32:03,418 | INFO | [t=2400] VLA chunk prompt=Tilt the tomato sauce bottle over the chocolate in the frypan to pour sauce onto it again.
2026-09-27 12:32:03,744 | INFO | [t=2410] VLA chunk prompt=Tilt the tomato sauce bottle over the chocolate in the frypan to pour sauce onto it again.
2026-09-27 12:32:04,064 | INFO | [t=2420] VLA chunk prompt=Tilt the tomato sauce bottle over the chocolate in the frypan to pour sauce onto it again.
2026-09-27 12:32:04,384 | INFO | [t=2430] VLA chunk prompt=Tilt the tomato sauce bottle over the chocolate in the frypan to pour sauce onto it again.
2026-09-27 12:32:04,704 | INFO | [t=2440] VLA chunk prompt=Tilt the tomato sauce bottle over the chocolate in the frypan to pour sauce onto it again.
2026-09-27 12:32:05,021 | INFO | [t=2450] VLA chunk prompt=Tilt the tomato sauce bottle over the chocolate in the frypan to pour sauce onto it again.
2026-09-27 12:32:05,340 | INFO | [t=2460] VLA chunk prompt=Tilt the tomato sauce bottle over the chocolate in the frypan to pour sauce onto it again.
2026-09-27 12:32:05,662 | INFO | [t=2470] VLA chunk prompt=Tilt the tomato sauce bottle over the chocolate in the frypan to pour sauce onto it again.
2026-09-27 12:32:05,995 | INFO | [t=2480] VLA chunk prompt=Tilt the tomato sauce bottle over the chocolate in the frypan to pour sauce onto it again.
2026-09-27 12:32:06,333 | INFO | [t=2490] VLA chunk prompt=Tilt the tomato sauce bottle over the chocolate in the frypan to pour sauce onto it again.
2026-09-27 12:32:06,665 | INFO | [t=2500] VLA chunk prompt=Tilt the tomato sauce bottle over the chocolate in the frypan to pour sauce onto it again.
2026-09-27 12:32:07,687 | INFO | API VLM @t=2365 task=8 subtask=Tilt the sauce bottle to pour onto the chocolate in the frypan again. keyframes=[]
2026-09-27 12:32:07,705 | INFO | attempt=0 stage_score=66.7 stage_success=False failure_reason=incomplete_stage
2026-09-27 12:32:07,705 | INFO | Episode 8 seed=108 stage_score=66.7 stage_success=0 goal=0.667 failure_reason=incomplete_stage | 01_Lift_Tomato_Sauce=Y | 02_Pour_One=Y | 03_Pour_Two=N
