2026-09-27 12:46:15,596 | INFO | task_id=22 bddl=/project/peilab/why/RoboMemArena/bddl/22_pour_tomato_cookies_microwave.bddl vlm_ckpt=/project/peilab/why/RoboMemArena/checkpoints/PrediMem/vlm_tasks1to26_ckpt74500
2026-09-27 12:46:15,602 | INFO | [redact] enabled task=22 registered_phrases=0 terms=[]
2026-09-27 12:46:17,368 | INFO | async VLM enabled: single-slot subtask buffer
2026-09-27 12:46:17,548 | INFO | [redact] enabled task=22 registered_phrases=0 terms=[]
2026-09-27 12:46:17,605 | INFO | [t=10] VLA chunk prompt=Pour tomato sauce over cookies twice, then put the cookies into the microwave.
2026-09-27 12:46:17,858 | INFO | [t=20] VLA chunk prompt=Pour tomato sauce over cookies twice, then put the cookies into the microwave.
2026-09-27 12:46:18,100 | INFO | [t=30] VLA chunk prompt=Pour tomato sauce over cookies twice, then put the cookies into the microwave.
2026-09-27 12:46:18,342 | INFO | [t=40] VLA chunk prompt=Pour tomato sauce over cookies twice, then put the cookies into the microwave.
2026-09-27 12:46:18,577 | INFO | [t=50] VLA chunk prompt=Pour tomato sauce over cookies twice, then put the cookies into the microwave.
2026-09-27 12:46:18,814 | INFO | [t=60] VLA chunk prompt=Pour tomato sauce over cookies twice, then put the cookies into the microwave.
2026-09-27 12:46:19,053 | INFO | [t=70] VLA chunk prompt=Pour tomato sauce over cookies twice, then put the cookies into the microwave.
2026-09-27 12:46:19,301 | INFO | [t=80] VLA chunk prompt=Pour tomato sauce over cookies twice, then put the cookies into the microwave.
2026-09-27 12:46:19,555 | INFO | [t=90] VLA chunk prompt=Pour tomato sauce over cookies twice, then put the cookies into the microwave.
2026-09-27 12:46:19,803 | INFO | [t=100] VLA chunk prompt=Pour tomato sauce over cookies twice, then put the cookies into the microwave.
2026-09-27 12:46:20,050 | INFO | [t=110] VLA chunk prompt=Pour tomato sauce over cookies twice, then put the cookies into the microwave.
2026-09-27 12:46:20,297 | INFO | [t=120] VLA chunk prompt=Pour tomato sauce over cookies twice, then put the cookies into the microwave.
2026-09-27 12:46:20,534 | INFO | [t=130] VLA chunk prompt=Pour tomato sauce over cookies twice, then put the cookies into the microwave.
2026-09-27 12:46:20,775 | INFO | [t=140] VLA chunk prompt=Pour tomato sauce over cookies twice, then put the cookies into the microwave.
2026-09-27 12:46:21,047 | INFO | [t=150] VLA chunk prompt=Pour tomato sauce over cookies twice, then put the cookies into the microwave.
2026-09-27 12:46:21,139 | INFO | [t=154] stage done: 01_Lift_Tomato_Sauce
2026-09-27 12:46:21,330 | INFO | [t=160] VLA chunk prompt=Pour tomato sauce over cookies twice, then put the cookies into the microwave.
2026-09-27 12:46:21,614 | INFO | [t=170] VLA chunk prompt=Pour tomato sauce over cookies twice, then put the cookies into the microwave.
2026-09-27 12:46:21,905 | INFO | [t=180] VLA chunk prompt=Pour tomato sauce over cookies twice, then put the cookies into the microwave.
2026-09-27 12:46:22,198 | INFO | [t=190] VLA chunk prompt=Pour tomato sauce over cookies twice, then put the cookies into the microwave.
2026-09-27 12:46:22,491 | INFO | [t=200] VLA chunk prompt=Pour tomato sauce over cookies twice, then put the cookies into the microwave.
2026-09-27 12:46:22,679 | INFO | API VLM @t=0 task=22 subtask=Reach for and lift the tomato sauce bottle. keyframes=[]
2026-09-27 12:46:22,681 | INFO | [redact] enabled task=22 registered_phrases=0 terms=[]
2026-09-27 12:46:22,739 | INFO | [t=210] VLM prompt update from step=0: Reach for and lift the tomato sauce bottle.
2026-09-27 12:46:22,790 | INFO | [t=210] VLA chunk prompt=Reach for and lift the tomato sauce bottle.
2026-09-27 12:46:23,092 | INFO | [t=220] VLA chunk prompt=Reach for and lift the tomato sauce bottle.
2026-09-27 12:46:23,401 | INFO | [t=230] VLA chunk prompt=Reach for and lift the tomato sauce bottle.
2026-09-27 12:46:23,710 | INFO | [t=240] VLA chunk prompt=Reach for and lift the tomato sauce bottle.
2026-09-27 12:46:24,022 | INFO | [t=250] VLA chunk prompt=Reach for and lift the tomato sauce bottle.
2026-09-27 12:46:24,343 | INFO | [t=260] VLA chunk prompt=Reach for and lift the tomato sauce bottle.
2026-09-27 12:46:24,663 | INFO | [t=270] VLA chunk prompt=Reach for and lift the tomato sauce bottle.
2026-09-27 12:46:24,985 | INFO | [t=280] VLA chunk prompt=Reach for and lift the tomato sauce bottle.
2026-09-27 12:46:25,313 | INFO | [t=290] VLA chunk prompt=Reach for and lift the tomato sauce bottle.
2026-09-27 12:46:25,638 | INFO | [t=300] VLA chunk prompt=Reach for and lift the tomato sauce bottle.
2026-09-27 12:46:25,964 | INFO | [t=310] VLA chunk prompt=Reach for and lift the tomato sauce bottle.
2026-09-27 12:46:26,288 | INFO | [t=320] VLA chunk prompt=Reach for and lift the tomato sauce bottle.
2026-09-27 12:46:26,611 | INFO | [t=330] VLA chunk prompt=Reach for and lift the tomato sauce bottle.
2026-09-27 12:46:26,931 | INFO | [t=340] VLA chunk prompt=Reach for and lift the tomato sauce bottle.
2026-09-27 12:46:27,012 | INFO | [t=343] stage done: 02_Pour_One
2026-09-27 12:46:27,252 | INFO | [t=350] VLA chunk prompt=Reach for and lift the tomato sauce bottle.
2026-09-27 12:46:27,575 | INFO | [t=360] VLA chunk prompt=Reach for and lift the tomato sauce bottle.
2026-09-27 12:46:27,901 | INFO | [t=370] VLA chunk prompt=Reach for and lift the tomato sauce bottle.
2026-09-27 12:46:28,228 | INFO | [t=380] VLA chunk prompt=Reach for and lift the tomato sauce bottle.
2026-09-27 12:46:28,549 | INFO | [t=390] VLA chunk prompt=Reach for and lift the tomato sauce bottle.
2026-09-27 12:46:28,871 | INFO | [t=400] VLA chunk prompt=Reach for and lift the tomato sauce bottle.
2026-09-27 12:46:28,971 | INFO | API VLM @t=195 task=22 subtask=Tilt the tomato sauce bottle to pour onto the cookie. keyframes=[]
2026-09-27 12:46:28,974 | INFO | [redact] enabled task=22 registered_phrases=0 terms=[]
2026-09-27 12:46:29,155 | INFO | [t=410] VLM prompt update from step=195: Tilt the tomato sauce bottle to pour onto the cookie.
2026-09-27 12:46:29,207 | INFO | [t=410] VLA chunk prompt=Tilt the tomato sauce bottle to pour onto the cookie.
2026-09-27 12:46:29,532 | INFO | [t=420] VLA chunk prompt=Tilt the tomato sauce bottle to pour onto the cookie.
2026-09-27 12:46:29,856 | INFO | [t=430] VLA chunk prompt=Tilt the tomato sauce bottle to pour onto the cookie.
2026-09-27 12:46:30,183 | INFO | [t=440] VLA chunk prompt=Tilt the tomato sauce bottle to pour onto the cookie.
2026-09-27 12:46:30,506 | INFO | [t=450] VLA chunk prompt=Tilt the tomato sauce bottle to pour onto the cookie.
2026-09-27 12:46:30,836 | INFO | [t=460] VLA chunk prompt=Tilt the tomato sauce bottle to pour onto the cookie.
2026-09-27 12:46:31,159 | INFO | [t=470] VLA chunk prompt=Tilt the tomato sauce bottle to pour onto the cookie.
2026-09-27 12:46:31,491 | INFO | [t=480] VLA chunk prompt=Tilt the tomato sauce bottle to pour onto the cookie.
2026-09-27 12:46:31,816 | INFO | [t=490] VLA chunk prompt=Tilt the tomato sauce bottle to pour onto the cookie.
2026-09-27 12:46:32,143 | INFO | [t=500] VLA chunk prompt=Tilt the tomato sauce bottle to pour onto the cookie.
2026-09-27 12:46:32,468 | INFO | [t=510] VLA chunk prompt=Tilt the tomato sauce bottle to pour onto the cookie.
2026-09-27 12:46:32,791 | INFO | [t=520] VLA chunk prompt=Tilt the tomato sauce bottle to pour onto the cookie.
2026-09-27 12:46:33,115 | INFO | [t=530] VLA chunk prompt=Tilt the tomato sauce bottle to pour onto the cookie.
2026-09-27 12:46:33,438 | INFO | [t=540] VLA chunk prompt=Tilt the tomato sauce bottle to pour onto the cookie.
2026-09-27 12:46:33,477 | INFO | API VLM @t=390 task=22 subtask=Pour the sauce over the cookies a second time. keyframes=[]
2026-09-27 12:46:33,479 | INFO | [redact] enabled task=22 registered_phrases=0 terms=[]
2026-09-27 12:46:33,688 | INFO | [t=549] stage done: 03_Pour_Two
2026-09-27 12:46:33,688 | INFO | [t=549] extra-pour monitor started; deadline=579
2026-09-27 12:46:33,688 | INFO | [t=549] all stages done
2026-09-27 12:46:33,717 | INFO | [t=550] VLM prompt update from step=390: Pour the sauce over the cookies a second time.
2026-09-27 12:46:33,769 | INFO | [t=550] VLA chunk prompt=Pour the sauce over the cookies a second time.
2026-09-27 12:46:34,093 | INFO | [t=560] VLA chunk prompt=Pour the sauce over the cookies a second time.
2026-09-27 12:46:34,421 | INFO | [t=570] VLA chunk prompt=Pour the sauce over the cookies a second time.
2026-09-27 12:46:37,684 | INFO | attempt=0 stage_score=100.0 stage_success=True failure_reason=None
2026-09-27 12:46:37,684 | INFO | Episode 6 seed=106 stage_score=100.0 stage_success=1 goal=1.000 failure_reason=None | 01_Lift_Tomato_Sauce=Y | 02_Pour_One=Y | 03_Pour_Two=Y
2026-09-27 12:46:37,930 | INFO | API VLM @t=530 task=22 subtask=Tilt the sauce bottle over the cookies to pour sauce onto them a second time. keyframes=[]
