2026-09-19 15:52:53,983 | INFO | task_id=23 bddl=/project/peilab/why/RoboMemArena/bddl/23_cream_popcorn_microwave.bddl vlm_ckpt=/project/peilab/why/RoboMemArena/checkpoints/PrediMem/vlm_tasks1to26_ckpt74500
2026-09-19 15:52:55,550 | INFO | async VLM enabled: single-slot subtask buffer
2026-09-19 15:52:55,760 | INFO | [t=10] VLA chunk prompt=Put cream into the microwave and then put popcorn into the location where the cream was placed.
2026-09-19 15:52:55,988 | INFO | [t=20] VLA chunk prompt=Put cream into the microwave and then put popcorn into the location where the cream was placed.
2026-09-19 15:52:56,213 | INFO | [t=30] VLA chunk prompt=Put cream into the microwave and then put popcorn into the location where the cream was placed.
2026-09-19 15:52:56,438 | INFO | [t=40] VLA chunk prompt=Put cream into the microwave and then put popcorn into the location where the cream was placed.
2026-09-19 15:52:56,665 | INFO | [t=50] VLA chunk prompt=Put cream into the microwave and then put popcorn into the location where the cream was placed.
2026-09-19 15:52:56,894 | INFO | [t=60] VLA chunk prompt=Put cream into the microwave and then put popcorn into the location where the cream was placed.
2026-09-19 15:52:57,121 | INFO | [t=70] VLA chunk prompt=Put cream into the microwave and then put popcorn into the location where the cream was placed.
2026-09-19 15:52:57,299 | INFO | [t=80] harness subtask override: open microwave
2026-09-19 15:52:57,299 | INFO | [t=80] VLM prompt update from step=-1: open microwave
2026-09-19 15:52:57,299 | INFO | [t=80] harness forced VLM replan after stall (pmh visual retrieve armed)
2026-09-19 15:52:57,349 | INFO | [t=80] VLA chunk prompt=open microwave
2026-09-19 15:52:57,576 | INFO | [t=90] VLA chunk prompt=open microwave
2026-09-19 15:52:57,804 | INFO | [t=100] VLA chunk prompt=open microwave
2026-09-19 15:52:58,030 | INFO | [t=110] VLA chunk prompt=open microwave
2026-09-19 15:52:58,259 | INFO | [t=120] VLA chunk prompt=open microwave
2026-09-19 15:52:58,352 | INFO | API VLM @t=0 task=23 subtask=open_microwave keyframes=[]
2026-09-19 15:52:58,441 | INFO | [t=130] VLM prompt update from step=0: open_microwave
2026-09-19 15:52:58,491 | INFO | [t=130] VLA chunk prompt=open_microwave
2026-09-19 15:52:58,719 | INFO | [t=140] VLA chunk prompt=open_microwave
2026-09-19 15:52:58,951 | INFO | [t=150] VLA chunk prompt=open_microwave
2026-09-19 15:52:59,182 | INFO | [t=160] VLA chunk prompt=open_microwave
2026-09-19 15:52:59,439 | INFO | [t=170] VLA chunk prompt=open_microwave
2026-09-19 15:52:59,700 | INFO | [t=180] VLA chunk prompt=open_microwave
2026-09-19 15:52:59,979 | INFO | [t=190] VLA chunk prompt=open_microwave
2026-09-19 15:53:00,267 | INFO | [t=200] VLA chunk prompt=open_microwave
2026-09-19 15:53:00,569 | INFO | [t=210] VLA chunk prompt=open_microwave
2026-09-19 15:53:00,845 | INFO | [t=220] VLA chunk prompt=open_microwave
2026-09-19 15:53:01,143 | INFO | [t=230] VLA chunk prompt=open_microwave
2026-09-19 15:53:01,482 | INFO | [t=240] VLA chunk prompt=open_microwave
2026-09-19 15:53:01,561 | INFO | API VLM @t=115 task=23 subtask=open_microwave keyframes=[]
2026-09-19 15:53:01,776 | INFO | [t=250] VLA chunk prompt=open_microwave
2026-09-19 15:53:02,069 | INFO | [t=260] VLA chunk prompt=open_microwave
2026-09-19 15:53:02,366 | INFO | [t=270] VLA chunk prompt=open_microwave
2026-09-19 15:53:02,665 | INFO | [t=280] VLA chunk prompt=open_microwave
2026-09-19 15:53:02,970 | INFO | [t=290] VLA chunk prompt=open_microwave
2026-09-19 15:53:03,278 | INFO | [t=300] VLA chunk prompt=open_microwave
2026-09-19 15:53:03,587 | INFO | [t=310] VLA chunk prompt=open_microwave
2026-09-19 15:53:03,900 | INFO | [t=320] VLA chunk prompt=open_microwave
2026-09-19 15:53:04,115 | INFO | API VLM @t=230 task=23 subtask=open_microwave keyframes=[]
2026-09-19 15:53:04,218 | INFO | [t=330] VLA chunk prompt=open_microwave
2026-09-19 15:53:04,531 | INFO | [t=340] VLA chunk prompt=open_microwave
2026-09-19 15:53:04,845 | INFO | [t=350] VLA chunk prompt=open_microwave
2026-09-19 15:53:05,158 | INFO | [t=360] VLA chunk prompt=open_microwave
2026-09-19 15:53:05,471 | INFO | [t=370] VLA chunk prompt=open_microwave
2026-09-19 15:53:05,784 | INFO | [t=380] VLA chunk prompt=open_microwave
2026-09-19 15:53:06,094 | INFO | [t=390] VLA chunk prompt=open_microwave
2026-09-19 15:53:06,404 | INFO | [t=400] VLA chunk prompt=open_microwave
2026-09-19 15:53:06,717 | INFO | [t=410] VLA chunk prompt=open_microwave
2026-09-19 15:53:07,033 | INFO | [t=420] VLA chunk prompt=open_microwave
2026-09-19 15:53:07,069 | INFO | API VLM @t=315 task=23 subtask=open_microwave keyframes=[]
2026-09-19 15:53:07,349 | INFO | [t=430] VLA chunk prompt=open_microwave
2026-09-19 15:53:07,666 | INFO | [t=440] VLA chunk prompt=open_microwave
2026-09-19 15:53:07,980 | INFO | [t=450] VLA chunk prompt=open_microwave
2026-09-19 15:53:08,307 | INFO | [t=460] VLA chunk prompt=open_microwave
2026-09-19 15:53:08,643 | INFO | [t=470] VLA chunk prompt=open_microwave
2026-09-19 15:53:08,990 | INFO | [t=480] VLA chunk prompt=open_microwave
2026-09-19 15:53:09,306 | INFO | [t=490] VLA chunk prompt=open_microwave
2026-09-19 15:53:09,619 | INFO | [t=500] VLA chunk prompt=open_microwave
2026-09-19 15:53:09,717 | INFO | API VLM @t=410 task=23 subtask=open_microwave keyframes=[]
2026-09-19 15:53:09,937 | INFO | [t=510] VLA chunk prompt=open_microwave
2026-09-19 15:53:10,255 | INFO | [t=520] VLA chunk prompt=open_microwave
2026-09-19 15:53:10,569 | INFO | [t=530] VLA chunk prompt=open_microwave
2026-09-19 15:53:10,884 | INFO | [t=540] VLA chunk prompt=open_microwave
2026-09-19 15:53:11,200 | INFO | [t=550] VLA chunk prompt=open_microwave
2026-09-19 15:53:11,519 | INFO | [t=560] VLA chunk prompt=open_microwave
2026-09-19 15:53:11,835 | INFO | [t=570] VLA chunk prompt=open_microwave
2026-09-19 15:53:12,147 | INFO | [t=580] VLA chunk prompt=open_microwave
2026-09-19 15:53:12,233 | INFO | API VLM @t=490 task=23 subtask=open_microwave keyframes=[]
2026-09-19 15:53:12,463 | INFO | [t=590] VLA chunk prompt=open_microwave
2026-09-19 15:53:12,777 | INFO | [t=600] VLA chunk prompt=open_microwave
2026-09-19 15:53:13,090 | INFO | [t=610] VLA chunk prompt=open_microwave
2026-09-19 15:53:13,404 | INFO | [t=620] VLA chunk prompt=open_microwave
2026-09-19 15:53:13,718 | INFO | [t=630] VLA chunk prompt=open_microwave
2026-09-19 15:53:14,031 | INFO | [t=640] VLA chunk prompt=open_microwave
2026-09-19 15:53:14,345 | INFO | [t=650] VLA chunk prompt=open_microwave
2026-09-19 15:53:14,658 | INFO | [t=660] VLA chunk prompt=open_microwave
2026-09-19 15:53:14,972 | INFO | [t=670] VLA chunk prompt=open_microwave
2026-09-19 15:53:15,286 | INFO | [t=680] VLA chunk prompt=open_microwave
2026-09-19 15:53:15,599 | INFO | [t=690] VLA chunk prompt=open_microwave
2026-09-19 15:53:15,914 | INFO | [t=700] VLA chunk prompt=open_microwave
2026-09-19 15:53:16,224 | INFO | [t=710] VLA chunk prompt=open_microwave
2026-09-19 15:53:16,537 | INFO | [t=720] VLA chunk prompt=open_microwave
2026-09-19 15:53:16,851 | INFO | [t=730] VLA chunk prompt=open_microwave
2026-09-19 15:53:17,165 | INFO | [t=740] VLA chunk prompt=open_microwave
2026-09-19 15:53:17,480 | INFO | [t=750] VLA chunk prompt=open_microwave
2026-09-19 15:53:17,796 | INFO | [t=760] VLA chunk prompt=open_microwave
2026-09-19 15:53:18,111 | INFO | [t=770] VLA chunk prompt=open_microwave
2026-09-19 15:53:18,427 | INFO | [t=780] VLA chunk prompt=open_microwave
2026-09-19 15:53:18,743 | INFO | [t=790] VLA chunk prompt=open_microwave
2026-09-19 15:53:19,062 | INFO | [t=800] VLA chunk prompt=open_microwave
2026-09-19 15:53:19,378 | INFO | [t=810] VLA chunk prompt=open_microwave
2026-09-19 15:53:19,694 | INFO | [t=820] VLA chunk prompt=open_microwave
2026-09-19 15:53:20,009 | INFO | [t=830] VLA chunk prompt=open_microwave
2026-09-19 15:53:20,325 | INFO | [t=840] VLA chunk prompt=open_microwave
2026-09-19 15:53:20,642 | INFO | [t=850] VLA chunk prompt=open_microwave
2026-09-19 15:53:20,957 | INFO | [t=860] VLA chunk prompt=open_microwave
2026-09-19 15:53:21,272 | INFO | [t=870] VLA chunk prompt=open_microwave
2026-09-19 15:53:21,587 | INFO | [t=880] VLA chunk prompt=open_microwave
2026-09-19 15:53:21,904 | INFO | [t=890] VLA chunk prompt=open_microwave
2026-09-19 15:53:22,220 | INFO | [t=900] VLA chunk prompt=open_microwave
2026-09-19 15:53:22,533 | INFO | [t=910] VLA chunk prompt=open_microwave
2026-09-19 15:53:22,846 | INFO | [t=920] VLA chunk prompt=open_microwave
2026-09-19 15:53:23,157 | INFO | [t=930] VLA chunk prompt=open_microwave
2026-09-19 15:53:23,469 | INFO | [t=940] VLA chunk prompt=open_microwave
2026-09-19 15:53:23,781 | INFO | [t=950] VLA chunk prompt=open_microwave
2026-09-19 15:53:24,093 | INFO | [t=960] VLA chunk prompt=open_microwave
2026-09-19 15:53:24,404 | INFO | [t=970] VLA chunk prompt=open_microwave
2026-09-19 15:53:24,715 | INFO | [t=980] VLA chunk prompt=open_microwave
2026-09-19 15:53:25,028 | INFO | [t=990] VLA chunk prompt=open_microwave
2026-09-19 15:53:25,343 | INFO | [t=1000] VLA chunk prompt=open_microwave
2026-09-19 15:53:25,656 | INFO | [t=1010] VLA chunk prompt=open_microwave
2026-09-19 15:53:25,965 | INFO | [t=1020] VLA chunk prompt=open_microwave
2026-09-19 15:53:26,276 | INFO | [t=1030] VLA chunk prompt=open_microwave
2026-09-19 15:53:26,586 | INFO | [t=1040] VLA chunk prompt=open_microwave
2026-09-19 15:53:26,896 | INFO | [t=1050] VLA chunk prompt=open_microwave
2026-09-19 15:53:27,206 | INFO | [t=1060] VLA chunk prompt=open_microwave
2026-09-19 15:53:27,513 | INFO | [t=1070] VLA chunk prompt=open_microwave
2026-09-19 15:53:27,821 | INFO | [t=1080] VLA chunk prompt=open_microwave
2026-09-19 15:53:28,132 | INFO | [t=1090] VLA chunk prompt=open_microwave
2026-09-19 15:53:28,443 | INFO | [t=1100] VLA chunk prompt=open_microwave
2026-09-19 15:53:28,480 | INFO | API VLM @t=570 task=23 subtask=open_microwave keyframes=[]
2026-09-19 15:53:28,754 | INFO | [t=1110] VLA chunk prompt=open_microwave
2026-09-19 15:53:29,061 | INFO | [t=1120] VLA chunk prompt=open_microwave
2026-09-19 15:53:29,372 | INFO | [t=1130] VLA chunk prompt=open_microwave
2026-09-19 15:53:29,680 | INFO | [t=1140] VLA chunk prompt=open_microwave
2026-09-19 15:53:30,006 | INFO | [t=1150] VLA chunk prompt=open_microwave
2026-09-19 15:53:30,314 | INFO | [t=1160] VLA chunk prompt=open_microwave
2026-09-19 15:53:30,623 | INFO | [t=1170] VLA chunk prompt=open_microwave
2026-09-19 15:53:30,935 | INFO | [t=1180] VLA chunk prompt=open_microwave
2026-09-19 15:53:31,244 | INFO | [t=1190] VLA chunk prompt=open_microwave
2026-09-19 15:53:31,553 | INFO | [t=1200] VLA chunk prompt=open_microwave
2026-09-19 15:53:31,860 | INFO | [t=1210] VLA chunk prompt=open_microwave
2026-09-19 15:53:32,165 | INFO | [t=1220] VLA chunk prompt=open_microwave
2026-09-19 15:53:32,474 | INFO | [t=1230] VLA chunk prompt=open_microwave
2026-09-19 15:53:32,785 | INFO | [t=1240] VLA chunk prompt=open_microwave
2026-09-19 15:53:33,092 | INFO | [t=1250] VLA chunk prompt=open_microwave
2026-09-19 15:53:33,398 | INFO | [t=1260] VLA chunk prompt=open_microwave
2026-09-19 15:53:33,702 | INFO | [t=1270] VLA chunk prompt=open_microwave
2026-09-19 15:53:34,005 | INFO | [t=1280] VLA chunk prompt=open_microwave
2026-09-19 15:53:34,311 | INFO | [t=1290] VLA chunk prompt=open_microwave
2026-09-19 15:53:34,617 | INFO | [t=1300] VLA chunk prompt=open_microwave
2026-09-19 15:53:34,922 | INFO | [t=1310] VLA chunk prompt=open_microwave
2026-09-19 15:53:35,226 | INFO | [t=1320] VLA chunk prompt=open_microwave
2026-09-19 15:53:35,534 | INFO | [t=1330] VLA chunk prompt=open_microwave
2026-09-19 15:53:35,841 | INFO | [t=1340] VLA chunk prompt=open_microwave
2026-09-19 15:53:36,159 | INFO | [t=1350] VLA chunk prompt=open_microwave
2026-09-19 15:53:36,474 | INFO | [t=1360] VLA chunk prompt=open_microwave
2026-09-19 15:53:36,781 | INFO | [t=1370] VLA chunk prompt=open_microwave
2026-09-19 15:53:37,090 | INFO | [t=1380] VLA chunk prompt=open_microwave
2026-09-19 15:53:37,401 | INFO | [t=1390] VLA chunk prompt=open_microwave
2026-09-19 15:53:37,708 | INFO | [t=1400] VLA chunk prompt=open_microwave
2026-09-19 15:53:38,013 | INFO | [t=1410] VLA chunk prompt=open_microwave
2026-09-19 15:53:38,313 | INFO | [t=1420] VLA chunk prompt=open_microwave
2026-09-19 15:53:38,612 | INFO | [t=1430] VLA chunk prompt=open_microwave
2026-09-19 15:53:38,912 | INFO | [t=1440] VLA chunk prompt=open_microwave
2026-09-19 15:53:39,227 | INFO | [t=1450] VLA chunk prompt=open_microwave
2026-09-19 15:53:39,549 | INFO | [t=1460] VLA chunk prompt=open_microwave
2026-09-19 15:53:39,852 | INFO | [t=1470] VLA chunk prompt=open_microwave
2026-09-19 15:53:40,155 | INFO | [t=1480] VLA chunk prompt=open_microwave
2026-09-19 15:53:40,458 | INFO | [t=1490] VLA chunk prompt=open_microwave
2026-09-19 15:53:40,765 | INFO | [t=1500] VLA chunk prompt=open_microwave
2026-09-19 15:53:41,075 | INFO | [t=1510] VLA chunk prompt=open_microwave
2026-09-19 15:53:41,387 | INFO | [t=1520] VLA chunk prompt=open_microwave
2026-09-19 15:53:41,693 | INFO | [t=1530] VLA chunk prompt=open_microwave
2026-09-19 15:53:41,997 | INFO | [t=1540] VLA chunk prompt=open_microwave
2026-09-19 15:53:42,303 | INFO | [t=1550] VLA chunk prompt=open_microwave
2026-09-19 15:53:42,614 | INFO | [t=1560] VLA chunk prompt=open_microwave
2026-09-19 15:53:42,922 | INFO | [t=1570] VLA chunk prompt=open_microwave
2026-09-19 15:53:43,193 | INFO | API VLM @t=1090 task=23 subtask=open the microwave keyframes=[]
2026-09-19 15:53:43,227 | INFO | [t=1580] VLA chunk prompt=open_microwave
2026-09-19 15:53:43,480 | INFO | [t=1590] VLM prompt update from step=1090: open the microwave
2026-09-19 15:53:43,530 | INFO | [t=1590] VLA chunk prompt=open the microwave
2026-09-19 15:53:43,838 | INFO | [t=1600] VLA chunk prompt=open the microwave
2026-09-19 15:53:44,145 | INFO | [t=1610] VLA chunk prompt=open the microwave
2026-09-19 15:53:44,447 | INFO | [t=1620] VLA chunk prompt=open the microwave
2026-09-19 15:53:44,752 | INFO | [t=1630] VLA chunk prompt=open the microwave
2026-09-19 15:53:45,057 | INFO | [t=1640] VLA chunk prompt=open the microwave
2026-09-19 15:53:45,367 | INFO | [t=1650] VLA chunk prompt=open the microwave
2026-09-19 15:53:45,672 | INFO | [t=1660] VLA chunk prompt=open the microwave
2026-09-19 15:53:45,786 | INFO | API VLM @t=1570 task=23 subtask=open_microwave keyframes=[]
2026-09-19 15:53:45,927 | INFO | [t=1670] VLM prompt update from step=1570: open_microwave
2026-09-19 15:53:45,978 | INFO | [t=1670] VLA chunk prompt=open_microwave
2026-09-19 15:53:46,285 | INFO | [t=1680] VLA chunk prompt=open_microwave
2026-09-19 15:53:46,591 | INFO | [t=1690] VLA chunk prompt=open_microwave
2026-09-19 15:53:46,897 | INFO | [t=1700] VLA chunk prompt=open_microwave
2026-09-19 15:53:47,203 | INFO | [t=1710] VLA chunk prompt=open_microwave
2026-09-19 15:53:47,509 | INFO | [t=1720] VLA chunk prompt=open_microwave
2026-09-19 15:53:47,815 | INFO | [t=1730] VLA chunk prompt=open_microwave
2026-09-19 15:53:48,119 | INFO | [t=1740] VLA chunk prompt=open_microwave
2026-09-19 15:53:48,208 | INFO | API VLM @t=1650 task=23 subtask=open_microwave keyframes=[]
2026-09-19 15:53:48,423 | INFO | [t=1750] VLA chunk prompt=open_microwave
2026-09-19 15:53:48,727 | INFO | [t=1760] VLA chunk prompt=open_microwave
2026-09-19 15:53:49,031 | INFO | [t=1770] VLA chunk prompt=open_microwave
2026-09-19 15:53:49,336 | INFO | [t=1780] VLA chunk prompt=open_microwave
2026-09-19 15:53:49,642 | INFO | [t=1790] VLA chunk prompt=open_microwave
2026-09-19 15:53:49,949 | INFO | [t=1800] VLA chunk prompt=open_microwave
2026-09-19 15:53:50,257 | INFO | [t=1810] VLA chunk prompt=open_microwave
2026-09-19 15:53:50,566 | INFO | [t=1820] VLA chunk prompt=open_microwave
2026-09-19 15:53:50,714 | INFO | API VLM @t=1730 task=23 subtask=open_microwave keyframes=[]
2026-09-19 15:53:50,874 | INFO | [t=1830] VLA chunk prompt=open_microwave
2026-09-19 15:53:51,183 | INFO | [t=1840] VLA chunk prompt=open_microwave
2026-09-19 15:53:51,489 | INFO | [t=1850] VLA chunk prompt=open_microwave
2026-09-19 15:53:51,795 | INFO | [t=1860] VLA chunk prompt=open_microwave
2026-09-19 15:53:52,101 | INFO | [t=1870] VLA chunk prompt=open_microwave
2026-09-19 15:53:52,409 | INFO | [t=1880] VLA chunk prompt=open_microwave
2026-09-19 15:53:52,715 | INFO | [t=1890] VLA chunk prompt=open_microwave
2026-09-19 15:53:53,018 | INFO | [t=1900] VLA chunk prompt=open_microwave
2026-09-19 15:53:53,323 | INFO | [t=1910] VLA chunk prompt=open_microwave
2026-09-19 15:53:53,628 | INFO | [t=1920] VLA chunk prompt=open_microwave
2026-09-19 15:53:53,820 | INFO | API VLM @t=1815 task=23 subtask=open_microwave keyframes=[]
2026-09-19 15:53:53,932 | INFO | [t=1930] VLA chunk prompt=open_microwave
2026-09-19 15:53:54,237 | INFO | [t=1940] VLA chunk prompt=open_microwave
2026-09-19 15:53:54,543 | INFO | [t=1950] VLA chunk prompt=open_microwave
2026-09-19 15:53:54,847 | INFO | [t=1960] VLA chunk prompt=open_microwave
2026-09-19 15:53:55,152 | INFO | [t=1970] VLA chunk prompt=open_microwave
2026-09-19 15:53:55,459 | INFO | [t=1980] VLA chunk prompt=open_microwave
2026-09-19 15:53:55,764 | INFO | [t=1990] VLA chunk prompt=open_microwave
2026-09-19 15:53:56,068 | INFO | [t=2000] VLA chunk prompt=open_microwave
2026-09-19 15:53:56,373 | INFO | [t=2010] VLA chunk prompt=open_microwave
2026-09-19 15:53:56,409 | INFO | API VLM @t=1915 task=23 subtask=open the microwave keyframes=[]
2026-09-19 15:53:56,629 | INFO | [t=2020] VLM prompt update from step=1915: open the microwave
2026-09-19 15:53:56,679 | INFO | [t=2020] VLA chunk prompt=open the microwave
2026-09-19 15:53:56,984 | INFO | [t=2030] VLA chunk prompt=open the microwave
2026-09-19 15:53:57,290 | INFO | [t=2040] VLA chunk prompt=open the microwave
2026-09-19 15:53:57,595 | INFO | [t=2050] VLA chunk prompt=open the microwave
2026-09-19 15:53:57,901 | INFO | [t=2060] VLA chunk prompt=open the microwave
2026-09-19 15:53:58,206 | INFO | [t=2070] VLA chunk prompt=open the microwave
2026-09-19 15:53:58,511 | INFO | [t=2080] VLA chunk prompt=open the microwave
2026-09-19 15:53:58,661 | INFO | API VLM @t=2000 task=23 subtask=open_microwave keyframes=[]
2026-09-19 15:53:58,767 | INFO | [t=2090] VLM prompt update from step=2000: open_microwave
2026-09-19 15:53:58,817 | INFO | [t=2090] VLA chunk prompt=open_microwave
2026-09-19 15:53:59,121 | INFO | [t=2100] VLA chunk prompt=open_microwave
2026-09-19 15:53:59,425 | INFO | [t=2110] VLA chunk prompt=open_microwave
2026-09-19 15:53:59,729 | INFO | [t=2120] VLA chunk prompt=open_microwave
2026-09-19 15:54:00,036 | INFO | [t=2130] VLA chunk prompt=open_microwave
2026-09-19 15:54:00,363 | INFO | [t=2140] VLA chunk prompt=open_microwave
2026-09-19 15:54:00,667 | INFO | [t=2150] VLA chunk prompt=open_microwave
2026-09-19 15:54:00,971 | INFO | [t=2160] VLA chunk prompt=open_microwave
2026-09-19 15:54:01,025 | INFO | API VLM @t=2075 task=23 subtask=open_microwave keyframes=[]
2026-09-19 15:54:01,280 | INFO | [t=2170] VLA chunk prompt=open_microwave
2026-09-19 15:54:01,586 | INFO | [t=2180] VLA chunk prompt=open_microwave
2026-09-19 15:54:01,890 | INFO | [t=2190] VLA chunk prompt=open_microwave
2026-09-19 15:54:02,195 | INFO | [t=2200] VLA chunk prompt=open_microwave
2026-09-19 15:54:02,500 | INFO | [t=2210] VLA chunk prompt=open_microwave
2026-09-19 15:54:02,805 | INFO | [t=2220] VLA chunk prompt=open_microwave
2026-09-19 15:54:03,109 | INFO | [t=2230] VLA chunk prompt=open_microwave
2026-09-19 15:54:03,413 | INFO | [t=2240] VLA chunk prompt=open_microwave
2026-09-19 15:54:03,612 | INFO | API VLM @t=2150 task=23 subtask=open_microwave keyframes=[]
2026-09-19 15:54:03,719 | INFO | [t=2250] VLA chunk prompt=open_microwave
2026-09-19 15:54:04,022 | INFO | [t=2260] VLA chunk prompt=open_microwave
2026-09-19 15:54:04,327 | INFO | [t=2270] VLA chunk prompt=open_microwave
2026-09-19 15:54:04,631 | INFO | [t=2280] VLA chunk prompt=open_microwave
2026-09-19 15:54:04,935 | INFO | [t=2290] VLA chunk prompt=open_microwave
2026-09-19 15:54:05,239 | INFO | [t=2300] VLA chunk prompt=open_microwave
2026-09-19 15:54:05,543 | INFO | [t=2310] VLA chunk prompt=open_microwave
2026-09-19 15:54:05,848 | INFO | [t=2320] VLA chunk prompt=open_microwave
2026-09-19 15:54:06,154 | INFO | [t=2330] VLA chunk prompt=open_microwave
2026-09-19 15:54:06,171 | INFO | API VLM @t=2235 task=23 subtask=open_microwave keyframes=[]
2026-09-19 15:54:06,459 | INFO | [t=2340] VLA chunk prompt=open_microwave
2026-09-19 15:54:06,765 | INFO | [t=2350] VLA chunk prompt=open_microwave
2026-09-19 15:54:07,070 | INFO | [t=2360] VLA chunk prompt=open_microwave
2026-09-19 15:54:07,376 | INFO | [t=2370] VLA chunk prompt=open_microwave
2026-09-19 15:54:07,683 | INFO | [t=2380] VLA chunk prompt=open_microwave
2026-09-19 15:54:07,987 | INFO | [t=2390] VLA chunk prompt=open_microwave
2026-09-19 15:54:08,292 | INFO | [t=2400] VLA chunk prompt=open_microwave
2026-09-19 15:54:08,597 | INFO | [t=2410] VLA chunk prompt=open_microwave
2026-09-19 15:54:08,901 | INFO | [t=2420] VLA chunk prompt=open_microwave
2026-09-19 15:54:09,205 | INFO | [t=2430] VLA chunk prompt=open_microwave
2026-09-19 15:54:09,293 | INFO | API VLM @t=2320 task=23 subtask=open_microwave keyframes=[]
2026-09-19 15:54:09,517 | INFO | [t=2440] VLA chunk prompt=open_microwave
2026-09-19 15:54:09,843 | INFO | [t=2450] VLA chunk prompt=open_microwave
2026-09-19 15:54:10,153 | INFO | [t=2460] VLA chunk prompt=open_microwave
2026-09-19 15:54:10,457 | INFO | [t=2470] VLA chunk prompt=open_microwave
2026-09-19 15:54:10,762 | INFO | [t=2480] VLA chunk prompt=open_microwave
2026-09-19 15:54:11,066 | INFO | [t=2490] VLA chunk prompt=open_microwave
2026-09-19 15:54:11,370 | INFO | [t=2500] VLA chunk prompt=open_microwave
2026-09-19 15:54:11,982 | INFO | API VLM @t=2420 task=23 subtask=open_microwave keyframes=[]
2026-09-19 15:54:12,006 | INFO | attempt=0 stage_score=0.0 stage_success=False failure_reason=incomplete_stage
2026-09-19 15:54:12,006 | INFO | Episode 9 seed=109 stage_score=0.0 stage_success=0 goal=0.000 failure_reason=incomplete_stage | 01_Open_Microwave=N | 02_Place_Cream_Microwave=N | 03_Place_Popcorn_Microwave=N
